Java HotSpot(TM) 64-Bit Server VM (25.152-b16) for windows-amd64 JRE (1.8.0_152-b16), built on Sep 14 2017 02:29:36 by "java_re" with MS VC++ 10.0 (VS2010)
Memory: 4k page, physical 8282740k(3275896k free), swap 12810432k(5704936k free)
CommandLine flags: -XX:InitialHeapSize=536870912 -XX:+ManagementServer -XX:MaxHeapSize=536870912 -XX:+PrintGC -XX:+PrintGCDateStamps -XX:+PrintGCDetails -XX:+PrintGCTimeStamps -XX:+UseCompressedClassPointers -XX:+UseCompressedOops -XX:-UseLargePagesIndividualAllocation -XX:+UseParallelGC 
2017-11-10T19:41:06.006+0500: 25.286: [GC (Allocation Failure) [PSYoungGen: 131584K->21483K(153088K)] 131584K->64874K(502784K), 0.0367136 secs] [Times: user=0.08 sys=0.05, real=0.04 secs] 
2017-11-10T19:41:38.093+0500: 57.373: [GC (Allocation Failure) [PSYoungGen: 153067K->21477K(153088K)] 196458K->188700K(502784K), 0.0932663 secs] [Times: user=0.14 sys=0.16, real=0.09 secs] 
2017-11-10T19:42:10.731+0500: 90.010: [GC (Allocation Failure) [PSYoungGen: 153061K->21472K(153088K)] 320284K->358855K(502784K), 0.1029297 secs] [Times: user=0.22 sys=0.20, real=0.10 secs] 
2017-11-10T19:42:10.834+0500: 90.113: [Full GC (Ergonomics) [PSYoungGen: 21472K->0K(153088K)] [ParOldGen: 337382K->180242K(349696K)] 358855K->180242K(502784K), [Metaspace: 12851K->12851K(1060864K)], 0.1256987 secs] [Times: user=0.34 sys=0.00, real=0.13 secs] 
2017-11-10T19:42:44.516+0500: 123.796: [GC (Allocation Failure) [PSYoungGen: 131584K->21489K(153088K)] 311826K->345404K(502784K), 0.0807288 secs] [Times: user=0.14 sys=0.00, real=0.08 secs] 
2017-11-10T19:42:44.597+0500: 123.877: [Full GC (Ergonomics) [PSYoungGen: 21489K->0K(153088K)] [ParOldGen: 323914K->244246K(349696K)] 345404K->244246K(502784K), [Metaspace: 12851K->12851K(1060864K)], 0.1570610 secs] [Times: user=0.26 sys=0.00, real=0.16 secs] 
2017-11-10T19:43:19.166+0500: 158.446: [Full GC (Ergonomics) [PSYoungGen: 131584K->0K(153088K)] [ParOldGen: 244246K->309113K(349696K)] 375830K->309113K(502784K), [Metaspace: 12851K->12851K(1060864K)], 0.1820818 secs] [Times: user=0.27 sys=0.01, real=0.18 secs] 
2017-11-10T19:43:53.379+0500: 192.658: [Full GC (Ergonomics) [PSYoungGen: 131584K->25082K(153088K)] [ParOldGen: 309113K->349186K(349696K)] 440697K->374268K(502784K), [Metaspace: 12851K->12851K(1060864K)], 0.2157188 secs] [Times: user=0.67 sys=0.00, real=0.22 secs] 
2017-11-10T19:44:22.192+0500: 221.472: [Full GC (Ergonomics) [PSYoungGen: 131584K->77291K(153088K)] [ParOldGen: 349186K->349557K(349696K)] 480770K->426849K(502784K), [Metaspace: 12851K->12815K(1060864K)], 0.2302799 secs] [Times: user=0.63 sys=0.00, real=0.23 secs] 
2017-11-10T19:44:37.022+0500: 236.302: [Full GC (Ergonomics) [PSYoungGen: 131584K->104288K(153088K)] [ParOldGen: 349557K->349483K(349696K)] 481141K->453771K(502784K), [Metaspace: 12815K->12815K(1060864K)], 0.2422205 secs] [Times: user=0.67 sys=0.00, real=0.24 secs] 
2017-11-10T19:44:44.322+0500: 243.602: [Full GC (Ergonomics) [PSYoungGen: 131584K->117574K(153088K)] [ParOldGen: 349483K->349694K(349696K)] 481067K->467269K(502784K), [Metaspace: 12820K->12820K(1060864K)], 0.3111255 secs] [Times: user=0.47 sys=0.00, real=0.31 secs] 
2017-11-10T19:44:48.402+0500: 247.682: [Full GC (Ergonomics) [PSYoungGen: 131584K->124844K(153088K)] [ParOldGen: 349694K->349297K(349696K)] 481278K->474142K(502784K), [Metaspace: 12822K->12822K(1060864K)], 0.2681018 secs] [Times: user=0.69 sys=0.00, real=0.27 secs] 
2017-11-10T19:44:50.287+0500: 249.567: [Full GC (Ergonomics) [PSYoungGen: 131584K->128463K(153088K)] [ParOldGen: 349297K->349348K(349696K)] 480881K->477811K(502784K), [Metaspace: 12823K->12823K(1060864K)], 0.2689852 secs] [Times: user=0.56 sys=0.00, real=0.27 secs] 
2017-11-10T19:44:51.633+0500: 250.913: [Full GC (Ergonomics) [PSYoungGen: 131584K->129505K(153088K)] [ParOldGen: 349348K->349382K(349696K)] 480932K->478887K(502784K), [Metaspace: 12823K->12823K(1060864K)], 0.2323821 secs] [Times: user=0.69 sys=0.00, real=0.23 secs] 
2017-11-10T19:44:52.404+0500: 251.684: [Full GC (Ergonomics) [PSYoungGen: 131584K->130514K(153088K)] [ParOldGen: 349382K->349400K(349696K)] 480966K->479915K(502784K), [Metaspace: 12824K->12824K(1060864K)], 0.2680603 secs] [Times: user=0.55 sys=0.00, real=0.27 secs] 
2017-11-10T19:44:52.672+0500: 251.952: [Full GC (Ergonomics) [PSYoungGen: 131584K->131572K(153088K)] [ParOldGen: 349400K->349400K(349696K)] 480984K->480972K(502784K), [Metaspace: 12824K->12824K(1060864K)], 0.0850916 secs] [Times: user=0.23 sys=0.00, real=0.09 secs] 
2017-11-10T19:44:52.758+0500: 252.037: [Full GC (Ergonomics) [PSYoungGen: 131584K->131582K(153088K)] [ParOldGen: 349400K->349400K(349696K)] 480984K->480982K(502784K), [Metaspace: 12824K->12824K(1060864K)], 0.0877482 secs] [Times: user=0.11 sys=0.00, real=0.09 secs] 
2017-11-10T19:44:52.846+0500: 252.126: [Full GC (Ergonomics) [PSYoungGen: 131584K->131583K(153088K)] [ParOldGen: 349529K->349529K(349696K)] 481113K->481112K(502784K), [Metaspace: 12824K->12824K(1060864K)], 0.0791971 secs] [Times: user=0.23 sys=0.00, real=0.08 secs] 
2017-11-10T19:44:52.925+0500: 252.205: [Full GC (Ergonomics) [PSYoungGen: 131584K->131583K(153088K)] [ParOldGen: 349658K->349658K(349696K)] 481242K->481242K(502784K), [Metaspace: 12824K->12824K(1060864K)], 0.0785390 secs] [Times: user=0.16 sys=0.00, real=0.08 secs] 
2017-11-10T19:44:53.004+0500: 252.284: [Full GC (Ergonomics) [PSYoungGen: 131584K->131583K(153088K)] [ParOldGen: 349694K->349694K(349696K)] 481278K->481278K(502784K), [Metaspace: 12824K->12824K(1060864K)], 0.0838464 secs] [Times: user=0.17 sys=0.00, real=0.08 secs] 
2017-11-10T19:44:53.088+0500: 252.368: [Full GC (Allocation Failure) [PSYoungGen: 131583K->131583K(153088K)] [ParOldGen: 349694K->349690K(349696K)] 481278K->481274K(502784K), [Metaspace: 12824K->12824K(1060864K)], 0.2335946 secs] [Times: user=0.38 sys=0.00, real=0.23 secs] 
2017-11-10T19:44:53.322+0500: 252.602: [Full GC (Ergonomics) [PSYoungGen: 131584K->131583K(153088K)] [ParOldGen: 349694K->349694K(349696K)] 481278K->481278K(502784K), [Metaspace: 12824K->12824K(1060864K)], 0.0836010 secs] [Times: user=0.24 sys=0.00, real=0.08 secs] 
2017-11-10T19:44:53.406+0500: 252.685: [Full GC (Allocation Failure) [PSYoungGen: 131583K->131583K(153088K)] [ParOldGen: 349694K->349694K(349696K)] 481278K->481278K(502784K), [Metaspace: 12824K->12824K(1060864K)], 0.0806999 secs] [Times: user=0.19 sys=0.00, real=0.08 secs] 
2017-11-10T19:44:53.487+0500: 252.767: [Full GC (Ergonomics) [PSYoungGen: 131584K->131583K(153088K)] [ParOldGen: 349695K->349695K(349696K)] 481279K->481279K(502784K), [Metaspace: 12824K->12824K(1060864K)], 0.0862263 secs] [Times: user=0.13 sys=0.00, real=0.09 secs] 
2017-11-10T19:44:53.573+0500: 252.853: [Full GC (Ergonomics) [PSYoungGen: 131583K->131583K(153088K)] [ParOldGen: 349695K->349695K(349696K)] 481279K->481279K(502784K), [Metaspace: 12824K->12824K(1060864K)], 0.0824061 secs] [Times: user=0.19 sys=0.00, real=0.08 secs] 
2017-11-10T19:44:53.656+0500: 252.936: [Full GC (Ergonomics) [PSYoungGen: 131584K->131583K(153088K)] [ParOldGen: 349695K->349695K(349696K)] 481279K->481279K(502784K), [Metaspace: 12824K->12824K(1060864K)], 0.0848173 secs] [Times: user=0.31 sys=0.00, real=0.09 secs] 
2017-11-10T19:44:53.741+0500: 253.021: [Full GC (Ergonomics) [PSYoungGen: 131583K->131583K(153088K)] [ParOldGen: 349695K->349695K(349696K)] 481279K->481279K(502784K), [Metaspace: 12824K->12824K(1060864K)], 0.0778961 secs] [Times: user=0.22 sys=0.00, real=0.08 secs] 
2017-11-10T19:44:53.820+0500: 253.099: [Full GC (Ergonomics) [PSYoungGen: 131583K->131583K(153088K)] [ParOldGen: 349695K->349695K(349696K)] 481279K->481279K(502784K), [Metaspace: 12824K->12824K(1060864K)], 0.0763821 secs] [Times: user=0.22 sys=0.00, real=0.08 secs] 
2017-11-10T19:44:53.897+0500: 253.176: [Full GC (Ergonomics) [PSYoungGen: 131583K->131583K(153088K)] [ParOldGen: 349695K->349695K(349696K)] 481279K->481279K(502784K), [Metaspace: 12824K->12824K(1060864K)], 0.0794606 secs] [Times: user=0.19 sys=0.00, real=0.08 secs] 
2017-11-10T19:44:53.976+0500: 253.256: [Full GC (Ergonomics) [PSYoungGen: 131583K->131583K(153088K)] [ParOldGen: 349696K->349695K(349696K)] 481279K->481279K(502784K), [Metaspace: 12824K->12824K(1060864K)], 0.1090232 secs] [Times: user=0.16 sys=0.00, real=0.11 secs] 
2017-11-10T19:44:54.086+0500: 253.365: [Full GC (Ergonomics) [PSYoungGen: 131583K->131583K(153088K)] [ParOldGen: 349695K->349695K(349696K)] 481279K->481279K(502784K), [Metaspace: 12824K->12824K(1060864K)], 0.0807762 secs] [Times: user=0.25 sys=0.00, real=0.08 secs] 
2017-11-10T19:44:54.167+0500: 253.446: [Full GC (Allocation Failure) [PSYoungGen: 131583K->131583K(153088K)] [ParOldGen: 349695K->349695K(349696K)] 481279K->481279K(502784K), [Metaspace: 12824K->12824K(1060864K)], 0.0964617 secs] [Times: user=0.22 sys=0.00, real=0.10 secs] 
2017-11-10T19:44:54.264+0500: 253.543: [Full GC (Ergonomics) [PSYoungGen: 131583K->131581K(153088K)] [ParOldGen: 349695K->349694K(349696K)] 481279K->481275K(502784K), [Metaspace: 12827K->12827K(1060864K)], 0.0926860 secs] [Times: user=0.11 sys=0.00, real=0.09 secs] 
2017-11-10T19:44:54.357+0500: 253.636: [Full GC (Ergonomics) [PSYoungGen: 131584K->131581K(153088K)] [ParOldGen: 349694K->349694K(349696K)] 481278K->481276K(502784K), [Metaspace: 12829K->12829K(1060864K)], 0.0996390 secs] [Times: user=0.22 sys=0.00, real=0.10 secs] 
2017-11-10T19:44:54.457+0500: 253.737: [Full GC (Ergonomics) [PSYoungGen: 131584K->131581K(153088K)] [ParOldGen: 349694K->349694K(349696K)] 481278K->481275K(502784K), [Metaspace: 12829K->12829K(1060864K)], 0.2217366 secs] [Times: user=0.47 sys=0.02, real=0.22 secs] 
2017-11-10T19:44:54.679+0500: 253.959: [Full GC (Ergonomics) [PSYoungGen: 131584K->131582K(153088K)] [ParOldGen: 349694K->349694K(349696K)] 481278K->481276K(502784K), [Metaspace: 12834K->12834K(1060864K)], 0.2466670 secs] [Times: user=0.27 sys=0.00, real=0.25 secs] 
2017-11-10T19:44:54.926+0500: 254.206: [Full GC (Ergonomics) [PSYoungGen: 131584K->131583K(153088K)] [ParOldGen: 349694K->349694K(349696K)] 481278K->481278K(502784K), [Metaspace: 12834K->12834K(1060864K)], 0.0976908 secs] [Times: user=0.14 sys=0.00, real=0.10 secs] 
2017-11-10T19:44:55.025+0500: 254.304: [Full GC (Ergonomics) [PSYoungGen: 131583K->131583K(153088K)] [ParOldGen: 349694K->349694K(349696K)] 481278K->481278K(502784K), [Metaspace: 12834K->12834K(1060864K)], 0.0826741 secs] [Times: user=0.14 sys=0.00, real=0.08 secs] 
2017-11-10T19:44:55.108+0500: 254.388: [Full GC (Ergonomics) [PSYoungGen: 131584K->131583K(153088K)] [ParOldGen: 349695K->349695K(349696K)] 481279K->481279K(502784K), [Metaspace: 12834K->12834K(1060864K)], 0.0988739 secs] [Times: user=0.25 sys=0.00, real=0.10 secs] 
2017-11-10T19:44:55.207+0500: 254.487: [Full GC (Ergonomics) [PSYoungGen: 131584K->131583K(153088K)] [ParOldGen: 349695K->349695K(349696K)] 481279K->481279K(502784K), [Metaspace: 12834K->12834K(1060864K)], 0.1016434 secs] [Times: user=0.19 sys=0.00, real=0.10 secs] 
2017-11-10T19:44:55.309+0500: 254.589: [Full GC (Ergonomics) [PSYoungGen: 131584K->131584K(153088K)] [ParOldGen: 349695K->349695K(349696K)] 481279K->481279K(502784K), [Metaspace: 12834K->12834K(1060864K)], 0.0893948 secs] [Times: user=0.25 sys=0.00, real=0.09 secs] 
2017-11-10T19:44:55.399+0500: 254.678: [Full GC (Ergonomics) [PSYoungGen: 131584K->131584K(153088K)] [ParOldGen: 349695K->349695K(349696K)] 481279K->481279K(502784K), [Metaspace: 12834K->12834K(1060864K)], 0.2267677 secs] [Times: user=0.45 sys=0.03, real=0.23 secs] 
2017-11-10T19:44:55.626+0500: 254.905: [Full GC (Ergonomics) [PSYoungGen: 131584K->131584K(153088K)] [ParOldGen: 349695K->349695K(349696K)] 481279K->481279K(502784K), [Metaspace: 12834K->12834K(1060864K)], 0.0869885 secs] [Times: user=0.34 sys=0.00, real=0.09 secs] 
2017-11-10T19:44:55.713+0500: 254.993: [Full GC (Ergonomics) [PSYoungGen: 131584K->131584K(153088K)] [ParOldGen: 349696K->349696K(349696K)] 481280K->481280K(502784K), [Metaspace: 12834K->12834K(1060864K)], 0.0985189 secs] [Times: user=0.17 sys=0.00, real=0.10 secs] 
2017-11-10T19:44:55.812+0500: 255.091: [Full GC (Allocation Failure) [PSYoungGen: 131584K->131582K(153088K)] [ParOldGen: 349696K->349696K(349696K)] 481280K->481278K(502784K), [Metaspace: 12834K->12834K(1060864K)], 0.0911489 secs] [Times: user=0.33 sys=0.00, real=0.09 secs] 
2017-11-10T19:44:55.904+0500: 255.184: [Full GC (Ergonomics) [PSYoungGen: 131584K->131583K(153088K)] [ParOldGen: 349696K->349695K(349696K)] 481280K->481279K(502784K), [Metaspace: 12834K->12834K(1060864K)], 0.0877722 secs] [Times: user=0.38 sys=0.00, real=0.09 secs] 
2017-11-10T19:44:55.992+0500: 255.272: [Full GC (Ergonomics) [PSYoungGen: 131584K->131583K(153088K)] [ParOldGen: 349695K->349695K(349696K)] 481279K->481279K(502784K), [Metaspace: 12835K->12835K(1060864K)], 0.0839178 secs] [Times: user=0.16 sys=0.00, real=0.08 secs] 
2017-11-10T19:44:56.077+0500: 255.356: [Full GC (Ergonomics) [PSYoungGen: 131584K->131583K(153088K)] [ParOldGen: 349695K->349695K(349696K)] 481279K->481279K(502784K), [Metaspace: 12835K->12835K(1060864K)], 0.0848882 secs] [Times: user=0.36 sys=0.00, real=0.09 secs] 
2017-11-10T19:44:56.162+0500: 255.441: [Full GC (Ergonomics) [PSYoungGen: 131584K->131583K(153088K)] [ParOldGen: 349695K->349695K(349696K)] 481279K->481279K(502784K), [Metaspace: 12835K->12835K(1060864K)], 0.0880460 secs] [Times: user=0.26 sys=0.00, real=0.09 secs] 
2017-11-10T19:44:56.250+0500: 255.530: [Full GC (Allocation Failure) [PSYoungGen: 131583K->131583K(153088K)] [ParOldGen: 349695K->349695K(349696K)] 481279K->481279K(502784K), [Metaspace: 12835K->12835K(1060864K)], 0.0886634 secs] [Times: user=0.30 sys=0.00, real=0.09 secs] 
2017-11-10T19:44:56.339+0500: 255.619: [Full GC (Ergonomics) [PSYoungGen: 131583K->131583K(153088K)] [ParOldGen: 349695K->349695K(349696K)] 481279K->481279K(502784K), [Metaspace: 12835K->12835K(1060864K)], 0.0883070 secs] [Times: user=0.36 sys=0.00, real=0.09 secs] 
2017-11-10T19:44:56.428+0500: 255.707: [Full GC (Ergonomics) [PSYoungGen: 131584K->131583K(153088K)] [ParOldGen: 349695K->349695K(349696K)] 481279K->481278K(502784K), [Metaspace: 12835K->12835K(1060864K)], 0.2012018 secs] [Times: user=0.58 sys=0.00, real=0.20 secs] 
2017-11-10T19:44:56.629+0500: 255.909: [Full GC (Ergonomics) [PSYoungGen: 131584K->131583K(153088K)] [ParOldGen: 349695K->349664K(349696K)] 481279K->481248K(502784K), [Metaspace: 12836K->12836K(1060864K)], 0.2051842 secs] [Times: user=0.59 sys=0.00, real=0.21 secs] 
2017-11-10T19:44:56.835+0500: 256.115: [Full GC (Ergonomics) [PSYoungGen: 131584K->131583K(153088K)] [ParOldGen: 349664K->349664K(349696K)] 481248K->481248K(502784K), [Metaspace: 12836K->12836K(1060864K)], 0.0878343 secs] [Times: user=0.22 sys=0.00, real=0.09 secs] 
2017-11-10T19:44:56.923+0500: 256.203: [Full GC (Ergonomics) [PSYoungGen: 131584K->131584K(153088K)] [ParOldGen: 349664K->349664K(349696K)] 481248K->481248K(502784K), [Metaspace: 12836K->12836K(1060864K)], 0.2004606 secs] [Times: user=0.64 sys=0.00, real=0.20 secs] 
2017-11-10T19:44:57.124+0500: 256.404: [Full GC (Ergonomics) 