Java HotSpot(TM) 64-Bit Server VM (25.152-b16) for windows-amd64 JRE (1.8.0_152-b16), built on Sep 14 2017 02:29:36 by "java_re" with MS VC++ 10.0 (VS2010)
Memory: 4k page, physical 8282740k(3061628k free), swap 12810432k(5451196k free)
CommandLine flags: -XX:InitialHeapSize=536870912 -XX:+ManagementServer -XX:MaxHeapSize=536870912 -XX:+PrintGC -XX:+PrintGCDateStamps -XX:+PrintGCDetails -XX:+PrintGCTimeStamps -XX:+UseCompressedClassPointers -XX:+UseCompressedOops -XX:-UseLargePagesIndividualAllocation -XX:+UseParallelOldGC 
2017-11-10T19:45:22.756+0500: 25.385: [GC (Allocation Failure) [PSYoungGen: 131584K->21483K(153088K)] 131584K->64881K(502784K), 0.0588319 secs] [Times: user=0.11 sys=0.05, real=0.06 secs] 
2017-11-10T19:45:54.901+0500: 57.530: [GC (Allocation Failure) [PSYoungGen: 153067K->21493K(153088K)] 196465K->188683K(502784K), 0.0863906 secs] [Times: user=0.17 sys=0.16, real=0.09 secs] 
2017-11-10T19:46:27.758+0500: 90.387: [GC (Allocation Failure) [PSYoungGen: 153077K->21488K(153088K)] 320267K->358774K(502784K), 0.1171001 secs] [Times: user=0.06 sys=0.22, real=0.12 secs] 
2017-11-10T19:46:27.875+0500: 90.504: [Full GC (Ergonomics) [PSYoungGen: 21488K->0K(153088K)] [ParOldGen: 337286K->180240K(349696K)] 358774K->180240K(502784K), [Metaspace: 12853K->12853K(1060864K)], 0.1313972 secs] [Times: user=0.49 sys=0.00, real=0.13 secs] 
2017-11-10T19:47:01.169+0500: 123.798: [GC (Allocation Failure) [PSYoungGen: 131584K->21489K(153088K)] 311824K->345402K(502784K), 0.0632701 secs] [Times: user=0.22 sys=0.00, real=0.06 secs] 
2017-11-10T19:47:01.232+0500: 123.861: [Full GC (Ergonomics) [PSYoungGen: 21489K->0K(153088K)] [ParOldGen: 323912K->244244K(349696K)] 345402K->244244K(502784K), [Metaspace: 12853K->12853K(1060864K)], 0.1543931 secs] [Times: user=0.41 sys=0.00, real=0.15 secs] 
2017-11-10T19:47:35.666+0500: 158.294: [Full GC (Ergonomics) [PSYoungGen: 131584K->0K(153088K)] [ParOldGen: 244244K->309665K(349696K)] 375828K->309665K(502784K), [Metaspace: 12853K->12853K(1060864K)], 0.2560575 secs] [Times: user=0.25 sys=0.00, real=0.26 secs] 
2017-11-10T19:48:10.407+0500: 193.035: [Full GC (Ergonomics) [PSYoungGen: 131584K->25082K(153088K)] [ParOldGen: 309665K->349548K(349696K)] 441249K->374631K(502784K), [Metaspace: 12853K->12853K(1060864K)], 0.2299748 secs] [Times: user=0.67 sys=0.03, real=0.23 secs] 
2017-11-10T19:48:39.366+0500: 221.994: [Full GC (Ergonomics) [PSYoungGen: 131584K->77258K(153088K)] [ParOldGen: 349548K->349545K(349696K)] 481132K->426804K(502784K), [Metaspace: 12853K->12817K(1060864K)], 0.2370178 secs] [Times: user=0.59 sys=0.00, real=0.24 secs] 
2017-11-10T19:48:54.381+0500: 237.010: [Full GC (Ergonomics) [PSYoungGen: 131584K->104290K(153088K)] [ParOldGen: 349545K->349470K(349696K)] 481129K->453761K(502784K), [Metaspace: 12817K->12817K(1060864K)], 0.2311521 secs] [Times: user=0.61 sys=0.00, real=0.23 secs] 
2017-11-10T19:49:01.933+0500: 244.562: [Full GC (Ergonomics) [PSYoungGen: 131584K->117561K(153088K)] [ParOldGen: 349470K->349682K(349696K)] 481054K->467244K(502784K), [Metaspace: 12820K->12820K(1060864K)], 0.2332426 secs] [Times: user=0.63 sys=0.00, real=0.23 secs] 
2017-11-10T19:49:06.020+0500: 248.648: [Full GC (Ergonomics) [PSYoungGen: 131584K->124852K(153088K)] [ParOldGen: 349682K->349285K(349696K)] 481266K->474137K(502784K), [Metaspace: 12821K->12821K(1060864K)], 0.2519440 secs] [Times: user=0.45 sys=0.00, real=0.25 secs] 
2017-11-10T19:49:07.917+0500: 250.545: [Full GC (Ergonomics) [PSYoungGen: 131584K->128466K(153088K)] [ParOldGen: 349285K->349335K(349696K)] 480869K->477802K(502784K), [Metaspace: 12822K->12822K(1060864K)], 0.2669334 secs] [Times: user=0.44 sys=0.00, real=0.27 secs] 
2017-11-10T19:49:09.263+0500: 251.892: [Full GC (Ergonomics) [PSYoungGen: 131584K->129498K(153088K)] [ParOldGen: 349335K->349370K(349696K)] 480919K->478868K(502784K), [Metaspace: 12822K->12822K(1060864K)], 0.2240607 secs] [Times: user=0.69 sys=0.00, real=0.22 secs] 
2017-11-10T19:49:09.489+0500: 252.117: [Full GC (Ergonomics) [PSYoungGen: 131584K->131497K(153088K)] [ParOldGen: 349370K->349368K(349696K)] 480954K->480866K(502784K), [Metaspace: 12822K->12822K(1060864K)], 0.2218148 secs] [Times: user=0.56 sys=0.00, real=0.22 secs] 
2017-11-10T19:49:10.247+0500: 252.875: [Full GC (Ergonomics) [PSYoungGen: 131584K->130462K(153088K)] [ParOldGen: 349368K->349388K(349696K)] 480952K->479850K(502784K), [Metaspace: 12828K->12828K(1060864K)], 0.2147987 secs] [Times: user=0.70 sys=0.00, real=0.21 secs] 
2017-11-10T19:49:10.462+0500: 253.091: [Full GC (Ergonomics) [PSYoungGen: 131584K->131571K(153088K)] [ParOldGen: 349388K->349388K(349696K)] 480972K->480959K(502784K), [Metaspace: 12828K->12828K(1060864K)], 0.0905545 secs] [Times: user=0.38 sys=0.00, real=0.09 secs] 
2017-11-10T19:49:10.553+0500: 253.181: [Full GC (Ergonomics) [PSYoungGen: 131584K->131583K(153088K)] [ParOldGen: 349388K->349388K(349696K)] 480972K->480971K(502784K), [Metaspace: 12828K->12828K(1060864K)], 0.0898099 secs] [Times: user=0.23 sys=0.00, real=0.09 secs] 
2017-11-10T19:49:10.643+0500: 253.272: [Full GC (Ergonomics) [PSYoungGen: 131584K->131583K(153088K)] [ParOldGen: 349517K->349517K(349696K)] 481101K->481101K(502784K), [Metaspace: 12828K->12828K(1060864K)], 0.0888732 secs] [Times: user=0.14 sys=0.00, real=0.09 secs] 
2017-11-10T19:49:10.732+0500: 253.361: [Full GC (Ergonomics) [PSYoungGen: 131584K->131583K(153088K)] [ParOldGen: 349642K->349642K(349696K)] 481226K->481226K(502784K), [Metaspace: 12828K->12828K(1060864K)], 0.0844668 secs] [Times: user=0.30 sys=0.01, real=0.08 secs] 
2017-11-10T19:49:10.817+0500: 253.446: [Full GC (Ergonomics) [PSYoungGen: 131584K->131583K(153088K)] [ParOldGen: 349694K->349694K(349696K)] 481278K->481278K(502784K), [Metaspace: 12828K->12828K(1060864K)], 0.0855546 secs] [Times: user=0.28 sys=0.00, real=0.09 secs] 
2017-11-10T19:49:10.903+0500: 253.531: [Full GC (Allocation Failure) [PSYoungGen: 131583K->131583K(153088K)] [ParOldGen: 349694K->349690K(349696K)] 481278K->481274K(502784K), [Metaspace: 12828K->12828K(1060864K)], 0.2260363 secs] [Times: user=0.45 sys=0.02, real=0.23 secs] 
2017-11-10T19:49:11.129+0500: 253.758: [Full GC (Ergonomics) [PSYoungGen: 131584K->131583K(153088K)] [ParOldGen: 349694K->349694K(349696K)] 481278K->481278K(502784K), [Metaspace: 12828K->12828K(1060864K)], 0.0882537 secs] [Times: user=0.23 sys=0.00, real=0.09 secs] 
2017-11-10T19:49:11.217+0500: 253.846: [Full GC (Allocation Failure) [PSYoungGen: 131583K->131583K(153088K)] [ParOldGen: 349694K->349694K(349696K)] 481278K->481278K(502784K), [Metaspace: 12828K->12828K(1060864K)], 0.0856881 secs] [Times: user=0.34 sys=0.00, real=0.09 secs] 
2017-11-10T19:49:11.304+0500: 253.932: [Full GC (Ergonomics) [PSYoungGen: 131584K->131583K(153088K)] [ParOldGen: 349695K->349695K(349696K)] 481279K->481279K(502784K), [Metaspace: 12828K->12828K(1060864K)], 0.0863872 secs] [Times: user=0.23 sys=0.00, real=0.09 secs] 
2017-11-10T19:49:11.390+0500: 254.019: [Full GC (Ergonomics) [PSYoungGen: 131584K->131583K(153088K)] [ParOldGen: 349695K->349695K(349696K)] 481279K->481279K(502784K), [Metaspace: 12828K->12828K(1060864K)], 0.0861285 secs] [Times: user=0.28 sys=0.00, real=0.09 secs] 
2017-11-10T19:49:11.477+0500: 254.105: [Full GC (Ergonomics) [PSYoungGen: 131583K->131583K(153088K)] [ParOldGen: 349695K->349695K(349696K)] 481279K->481279K(502784K), [Metaspace: 12828K->12828K(1060864K)], 0.0894999 secs] [Times: user=0.23 sys=0.00, real=0.09 secs] 
2017-11-10T19:49:11.566+0500: 254.195: [Full GC (Ergonomics) [PSYoungGen: 131584K->131584K(153088K)] [ParOldGen: 349695K->349695K(349696K)] 481279K->481279K(502784K), [Metaspace: 12828K->12828K(1060864K)], 0.0870281 secs] [Times: user=0.27 sys=0.00, real=0.09 secs] 
2017-11-10T19:49:11.654+0500: 254.283: [Full GC (Ergonomics) [PSYoungGen: 131584K->131583K(153088K)] [ParOldGen: 349695K->349695K(349696K)] 481279K->481279K(502784K), [Metaspace: 12828K->12828K(1060864K)], 0.0870061 secs] [Times: user=0.31 sys=0.00, real=0.09 secs] 
2017-11-10T19:49:11.741+0500: 254.370: [Full GC (Ergonomics) [PSYoungGen: 131584K->131583K(153088K)] [ParOldGen: 349696K->349695K(349696K)] 481280K->481279K(502784K), [Metaspace: 12828K->12828K(1060864K)], 0.0863608 secs] [Times: user=0.25 sys=0.00, real=0.09 secs] 
2017-11-10T19:49:11.828+0500: 254.457: [Full GC (Ergonomics) [PSYoungGen: 131584K->131584K(153088K)] [ParOldGen: 349695K->349695K(349696K)] 481279K->481279K(502784K), [Metaspace: 12828K->12828K(1060864K)], 0.0897248 secs] [Times: user=0.38 sys=0.00, real=0.09 secs] 
2017-11-10T19:49:11.918+0500: 254.547: [Full GC (Ergonomics) [PSYoungGen: 131584K->131584K(153088K)] [ParOldGen: 349695K->349695K(349696K)] 481279K->481279K(502784K), [Metaspace: 12828K->12828K(1060864K)], 0.0867533 secs] [Times: user=0.25 sys=0.01, real=0.09 secs] 
2017-11-10T19:49:12.005+0500: 254.634: [Full GC (Ergonomics) [PSYoungGen: 131584K->131584K(153088K)] [ParOldGen: 349695K->349695K(349696K)] 481279K->481279K(502784K), [Metaspace: 12828K->12828K(1060864K)], 0.0873439 secs] [Times: user=0.22 sys=0.02, real=0.09 secs] 
2017-11-10T19:49:12.093+0500: 254.721: [Full GC (Ergonomics) [PSYoungGen: 131584K->131584K(153088K)] [ParOldGen: 349696K->349695K(349696K)] 481280K->481279K(502784K), [Metaspace: 12828K->12828K(1060864K)], 0.0838415 secs] [Times: user=0.34 sys=0.00, real=0.08 secs] 
2017-11-10T19:49:12.177+0500: 254.805: [Full GC (Ergonomics) [PSYoungGen: 131584K->131584K(153088K)] [ParOldGen: 349695K->349695K(349696K)] 481279K->481279K(502784K), [Metaspace: 12829K->12829K(1060864K)], 0.0862239 secs] [Times: user=0.25 sys=0.00, real=0.09 secs] 
2017-11-10T19:49:12.264+0500: 254.892: [Full GC (Ergonomics) [PSYoungGen: 131584K->131584K(153088K)] [ParOldGen: 349695K->349695K(349696K)] 481279K->481279K(502784K), [Metaspace: 12829K->12829K(1060864K)], 0.0882958 secs] [Times: user=0.34 sys=0.00, real=0.09 secs] 
2017-11-10T19:49:12.352+0500: 254.981: [Full GC (Ergonomics) [PSYoungGen: 131584K->131584K(153088K)] [ParOldGen: 349695K->349695K(349696K)] 481279K->481279K(502784K), [Metaspace: 12831K->12831K(1060864K)], 0.0881697 secs] [Times: user=0.28 sys=0.00, real=0.09 secs] 
2017-11-10T19:49:12.441+0500: 255.069: [Full GC (Ergonomics) [PSYoungGen: 131584K->131584K(153088K)] [ParOldGen: 349695K->349695K(349696K)] 481279K->481279K(502784K), [Metaspace: 12831K->12831K(1060864K)], 0.0854739 secs] [Times: user=0.22 sys=0.00, real=0.09 secs] 
2017-11-10T19:49:12.526+0500: 255.155: [Full GC (Allocation Failure) [PSYoungGen: 131584K->131584K(153088K)] [ParOldGen: 349695K->349695K(349696K)] 481279K->481279K(502784K), [Metaspace: 12831K->12831K(1060864K)], 0.0852925 secs] [Times: user=0.27 sys=0.00, real=0.09 secs] 
2017-11-10T19:49:12.612+0500: 255.240: [Full GC (Ergonomics) [PSYoungGen: 131584K->131584K(153088K)] [ParOldGen: 349696K->349695K(349696K)] 481280K->481279K(502784K), [Metaspace: 12831K->12831K(1060864K)], 0.0872540 secs] [Times: user=0.38 sys=0.00, real=0.09 secs] 
2017-11-10T19:49:12.699+0500: 255.328: [Full GC (Allocation Failure) [PSYoungGen: 131584K->131584K(153088K)] [ParOldGen: 349695K->349695K(349696K)] 481279K->481279K(502784K), [Metaspace: 12831K->12831K(1060864K)], 0.0841573 secs] [Times: user=0.25 sys=0.00, real=0.08 secs] 
2017-11-10T19:49:12.784+0500: 255.412: [Full GC (Ergonomics) [PSYoungGen: 131584K->131583K(153088K)] [ParOldGen: 349695K->349663K(349696K)] 481279K->481246K(502784K), [Metaspace: 12832K->12832K(1060864K)], 0.2068303 secs] [Times: user=0.56 sys=0.02, real=0.21 secs] 
2017-11-10T19:49:12.991+0500: 255.619: [Full GC (Ergonomics) [PSYoungGen: 131584K->131583K(153088K)] [ParOldGen: 349663K->349663K(349696K)] 481247K->481247K(502784K), [Metaspace: 12832K->12832K(1060864K)], 0.0847670 secs] [Times: user=0.27 sys=0.00, real=0.09 secs] 
2017-11-10T19:49:13.076+0500: 255.704: [Full GC (Ergonomics) [PSYoungGen: 131584K->131582K(153088K)] [ParOldGen: 349663K->349663K(349696K)] 481247K->481245K(502784K), [Metaspace: 12832K->12832K(1060864K)], 0.2000372 secs] [Times: user=0.69 sys=0.00, real=0.20 secs] 
2017-11-10T19:49:13.276+0500: 255.905: [Full GC (Ergonomics) [PSYoungGen: 131584K->131583K(153088K)] [ParOldGen: 349663K->349663K(349696K)] 481247K->481246K(502784K), [Metaspace: 12832K->12832K(1060864K)], 0.0876368 secs] [Times: user=0.27 sys=0.00, real=0.09 secs] 
2017-11-10T19:49:13.364+0500: 255.993: [Full GC (Ergonomics) [PSYoungGen: 131584K->131583K(153088K)] [ParOldGen: 349663K->349663K(349696K)] 481247K->481247K(502784K), [Metaspace: 12832K->12832K(1060864K)], 0.0871039 secs] [Times: user=0.22 sys=0.00, real=0.09 secs] 
2017-11-10T19:49:13.451+0500: 256.080: [Full GC (Ergonomics) [PSYoungGen: 131584K->131584K(153088K)] [ParOldGen: 349663K->349663K(349696K)] 481247K->481247K(502784K), [Metaspace: 12832K->12832K(1060864K)], 0.0869078 secs] [Times: user=0.36 sys=0.00, real=0.09 secs] 
2017-11-10T19:49:13.539+0500: 256.167: [Full GC (Ergonomics) [PSYoungGen: 131584K->131583K(153088K)] [ParOldGen: 349665K->349665K(349696K)] 481249K->481248K(502784K), [Metaspace: 12832K->12832K(1060864K)], 0.1953106 secs] [Times: user=0.56 sys=0.00, real=0.19 secs] 
2017-11-10T19:49:13.734+0500: 256.363: [Full GC (Ergonomics) [PSYoungGen: 131584K->131583K(153088K)] [ParOldGen: 349665K->349665K(349696K)] 481249K->481249K(502784K), [Metaspace: 12832K->12832K(1060864K)], 0.0878685 secs] [Times: user=0.34 sys=0.00, real=0.09 secs] 
2017-11-10T19:49:13.823+0500: 256.451: [Full GC (Ergonomics) [PSYoungGen: 131584K->131583K(153088K)] [ParOldGen: 349665K->349663K(349696K)] 481249K->481247K(502784K), [Metaspace: 12832K->12832K(1060864K)], 0.0884327 secs] [Times: user=0.27 sys=0.00, real=0.09 secs] 
2017-11-10T19:49:13.911+0500: 256.540: [Full GC (Ergonomics) [PSYoungGen: 131584K->131581K(153088K)] [ParOldGen: 349663K->349662K(349696K)] 481247K->481244K(502784K), [Metaspace: 12832K->12832K(1060864K)], 0.1915252 secs] [Times: user=0.53 sys=0.00, real=0.19 secs] 
2017-11-10T19:49:14.103+0500: 256.732: [Full GC (Ergonomics) [PSYoungGen: 131583K->131583K(153088K)] [ParOldGen: 349662K->349662K(349696K)] 481246K->481246K(502784K), [Metaspace: 12832K->12832K(1060864K)], 0.0872339 secs] [Times: user=0.33 sys=0.00, real=0.09 secs] 
2017-11-10T19:49:14.191+0500: 256.819: [Full GC (Ergonomics) [PSYoungGen: 131584K->131583K(153088K)] [ParOldGen: 349662K->349662K(349696K)] 481246K->481246K(502784K), [Metaspace: 12832K->12832K(1060864K)], 0.0892027 secs] [Times: user=0.27 sys=0.00, real=0.09 secs] 
2017-11-10T19:49:14.280+0500: 256.909: [Full GC (Ergonomics) [PSYoungGen: 131584K->131584K(153088K)] [ParOldGen: 349662K->349662K(349696K)] 481246K->481246K(502784K), [Metaspace: 12832K->12832K(1060864K)], 0.0842600 secs] [Times: user=0.36 sys=0.00, real=0.09 secs] 
2017-11-10T19:49:14.365+0500: 256.994: [Full GC (Ergonomics) [PSYoungGen: 131584K->131583K(153088K)] [ParOldGen: 349665K->349663K(349696K)] 481249K->481246K(502784K), [Metaspace: 12833K->12833K(1060864K)], 0.0850251 secs] [Times: user=0.23 sys=0.00, real=0.09 secs] 
2017-11-10T19:49:14.450+0500: 257.079: [Full GC (Ergonomics) [PSYoungGen: 131584K->131582K(153088K)] [ParOldGen: 349663K->349662K(349696K)] 481247K->481244K(502784K), [Metaspace: 12833K->12833K(1060864K)], 0.0930189 secs] [Times: user=0.30 sys=0.00, real=0.09 secs] 
2017-11-10T19:49:14.544+0500: 257.173: [Full GC (Ergonomics) [PSYoungGen: 131584K->131583K(153088K)] [ParOldGen: 349662K->349662K(349696K)] 481246K->481246K(502784K), [Metaspace: 12833K->12833K(1060864K)], 0.0888028 secs] [Times: user=0.30 sys=0.00, real=0.09 secs] 
2017-11-10T19:49:14.633+0500: 257.262: [Full GC (Ergonomics) [PSYoungGen: 131584K->131583K(153088K)] [ParOldGen: 349662K->349662K(349696K)] 481246K->481246K(502784K), [Metaspace: 12833K->12833K(1060864K)], 0.0896143 secs] [Times: user=0.16 sys=0.00, real=0.09 secs] 
2017-11-10T19:49:14.723+0500: 257.352: [Full GC (Ergonomics) [PSYoungGen: 131584K->131584K(153088K)] [ParOldGen: 349662K->349662K(349696K)] 481246K->481246K(502784K), [Metaspace: 12833K->12833K(1060864K)], 0.0873170 secs] [Times: user=0.22 sys=0.02, real=0.09 secs] 
2017-11-10T19:49:14.811+0500: 257.440: [Full GC (Ergonomics) [PSYoungGen: 131584K->131583K(153088K)] [ParOldGen: 349665K->349663K(349696K)] 481249K->481246K(502784K), [Metaspace: 12833K->12833K(1060864K)], 0.0872662 secs] [Times: user=0.36 sys=0.00, real=0.09 secs] 
2017-11-10T19:49:14.899+0500: 257.528: [Full GC (Ergonomics) [PSYoungGen: 131584K->131582K(153088K)] [ParOldGen: 349663K->349662K(349696K)] 481247K->481244K(502784K), [Metaspace: 12833K->12833K(1060864K)], 0.0864493 secs] [Times: user=0.11 sys=0.00, real=0.09 secs] 
2017-11-10T19:49:14.986+0500: 257.615: [Full GC (Ergonomics) [PSYoungGen: 131584K->131583K(153088K)] [ParOldGen: 349662K->349662K(349696K)] 481246K->481246K(502784K), [Metaspace: 12833K->12833K(1060864K)], 0.0854910 secs] [Times: user=0.34 sys=0.00, real=0.09 secs] 
2017-11-10T19:49:15.072+0500: 257.700: [Full GC (Ergonomics) [PSYoungGen: 131584K->131583K(153088K)] [ParOldGen: 349662K->349662K(349696K)] 481246K->481246K(502784K), [Metaspace: 12833K->12833K(1060864K)], 0.1061842 secs] [Times: user=0.31 sys=0.00, real=0.11 secs] 
2017-11-10T19:49:15.178+0500: 257.807: [Full GC (Ergonomics) [PSYoungGen: 131584K->131584K(153088K)] [ParOldGen: 349662K->349662K(349696K)] 481246K->481246K(502784K), [Metaspace: 12833K->12833K(1060864K)], 0.0882660 secs] [Times: user=0.13 sys=0.00, real=0.09 secs] 
2017-11-10T19:49:15.267+0500: 257.896: [Full GC (Ergonomics) [PSYoungGen: 131584K->131583K(153088K)] [ParOldGen: 349665K->349663K(349696K)] 481249K->481246K(502784K), [Metaspace: 12833K->12833K(1060864K)], 0.0846624 secs] [Times: user=0.25 sys=0.00, real=0.09 secs] 
2017-11-10T19:49:15.352+0500: 257.981: [Full GC (Ergonomics) [PSYoungGen: 131584K->131582K(153088K)] [ParOldGen: 349663K->349662K(349696K)] 481247K->481244K(502784K), [Metaspace: 12833K->12833K(1060864K)], 0.0848521 secs] [Times: user=0.20 sys=0.00, real=0.09 secs] 
2017-11-10T19:49:15.438+0500: 258.067: [Full GC (Ergonomics) [PSYoungGen: 131584K->131583K(153088K)] [ParOldGen: 349662K->349662K(349696K)] 481246K->481246K(502784K), [Metaspace: 12833K->12833K(1060864K)], 0.0919820 secs] [Times: user=0.26 sys=0.00, real=0.09 secs] 
2017-11-10T19:49:15.530+0500: 258.159: [Full GC (Ergonomics) [PSYoungGen: 131584K->131583K(153088K)] [ParOldGen: 349662K->349662K(349696K)] 481246K->481246K(502784K), [Metaspace: 12833K->12833K(1060864K)], 0.0918070 secs] [Times: user=0.25 sys=0.00, real=0.09 secs] 
2017-11-10T19:49:15.623+0500: 258.252: [Full GC (Ergonomics) [PSYoungGen: 131584K->131584K(153088K)] [ParOldGen: 349662K->349662K(349696K)] 481246K->481246K(502784K), [Metaspace: 12833K->12833K(1060864K)], 0.1406930 secs] [Times: user=0.20 sys=0.00, real=0.14 secs] 
2017-11-10T19:49:15.764+0500: 258.393: [Full GC (Ergonomics) [PSYoungGen: 131584K->131583K(153088K)] [ParOldGen: 349665K->349663K(349696K)] 481249K->481246K(502784K), [Metaspace: 12833K->12833K(1060864K)], 0.1045000 secs] [Times: user=0.17 sys=0.00, real=0.11 secs] 
2017-11-10T19:49:15.869+0500: 258.498: [Full GC (Ergonomics) [PSYoungGen: 131584K->131582K(153088K)] [ParOldGen: 349663K->349662K(349696K)] 481247K->481244K(502784K), [Metaspace: 12833K->12833K(1060864K)], 0.0946249 secs] [Times: user=0.16 sys=0.00, real=0.10 secs] 
2017-11-10T19:49:15.965+0500: 258.594: [Full GC (Ergonomics) [PSYoungGen: 131584K->131582K(153088K)] [ParOldGen: 349662K->349662K(349696K)] 481246K->481245K(502784K), [Metaspace: 12836K->12836K(1060864K)], 0.0882762 secs] [Times: user=0.25 sys=0.00, real=0.09 secs] 
2017-11-10T19:49:16.054+0500: 258.682: [Full GC (Ergonomics) [PSYoungGen: 131584K->131583K(153088K)] [ParOldGen: 349662K->349662K(349696K)] 481246K->481246K(502784K), [Metaspace: 12836K->12836K(1060864K)], 0.0912712 secs] [Times: user=0.19 sys=0.00, real=0.09 secs] 
2017-11-10T19:49:16.146+0500: 258.774: [Full GC (Ergonomics) [PSYoungGen: 131584K->131583K(153088K)] [ParOldGen: 349662K->349662K(349696K)] 481246K->481246K(502784K), [Metaspace: 12836K->12836K(1060864K)], 0.1018664 secs] [Times: user=0.13 sys=0.00, real=0.10 secs] 
2017-11-10T19:49:16.248+0500: 258.876: [Full GC (Ergonomics) [PSYoungGen: 131584K->131583K(153088K)] [ParOldGen: 349662K->349662K(349696K)] 481246K->481246K(502784K), [Metaspace: 12836K->12836K(1060864K)], 0.0836601 secs] [Times: user=0.13 sys=0.00, real=0.08 secs] 
2017-11-10T19:49:16.332+0500: 258.960: [Full GC (Ergonomics) [PSYoungGen: 131584K->131583K(153088K)] [ParOldGen: 349662K->349662K(349696K)] 481246K->481246K(502784K), [Metaspace: 12836K->12836K(1060864K)], 0.0848760 secs] [Times: user=0.27 sys=0.00, real=0.09 secs] 
2017-11-10T19:49:16.417+0500: 259.045: [Full GC (Ergonomics) [PSYoungGen: 131584K->131582K(153088K)] [ParOldGen: 349662K->349662K(349696K)] 481246K->481244K(502784K), [Metaspace: 12836K->12836K(1060864K)], 0.0850774 secs] [Times: user=0.05 sys=0.00, real=0.09 secs] 
2017-11-10T19:49:16.502+0500: 259.131: [Full GC (Ergonomics) [PSYoungGen: 131584K->131582K(153088K)] [ParOldGen: 349662K->349662K(349696K)] 481246K->481244K(502784K), [Metaspace: 12836K->12836K(1060864K)], 0.0856460 secs] [Times: user=0.22 sys=0.00, real=0.09 secs] 
2017-11-10T19:49:16.589+0500: 259.217: [Full GC (Ergonomics) [PSYoungGen: 131584K->131583K(153088K)] [ParOldGen: 349662K->349662K(349696K)] 481246K->481246K(502784K), [Metaspace: 12836K->12836K(1060864K)], 0.1264521 secs] [Times: user=0.19 sys=0.00, real=0.13 secs] 
2017-11-10T19:49:16.716+0500: 259.345: [Full GC (Ergonomics) [PSYoungGen: 131584K->131583K(153088K)] [ParOldGen: 349665K->349663K(349696K)] 481249K->481246K(502784K), [Metaspace: 12836K->12836K(1060864K)], 0.1037075 secs] [Times: user=0.14 sys=0.00, real=0.10 secs] 
2017-11-10T19:49:16.821+0500: 259.449: [Full GC (Ergonomics) [PSYoungGen: 131584K->131582K(153088K)] [ParOldGen: 349663K->349662K(349696K)] 481247K->481245K(502784K), [Metaspace: 12836K->12836K(1060864K)], 0.1152419 secs] [Times: user=0.13 sys=0.00, real=0.12 secs] 
2017-11-10T19:49:16.936+0500: 259.565: [Full GC (Ergonomics) [PSYoungGen: 131584K->131583K(153088K)] [ParOldGen: 349662K->349662K(349696K)] 481246K->481246K(502784K), [Metaspace: 12836K->12836K(1060864K)], 0.0900529 secs] [Times: user=0.23 sys=0.00, real=0.09 secs] 
2017-11-10T19:49:17.027+0500: 259.655: [Full GC (Ergonomics) [PSYoungGen: 131584K->131583K(153088K)] [ParOldGen: 349666K->349663K(349696K)] 481250K->481247K(502784K), [Metaspace: 12836K->12836K(1060864K)], 0.0852065 secs] [Times: user=0.16 sys=0.00, real=0.09 secs] 
2017-11-10T19:49:17.112+0500: 259.741: [Full GC (Ergonomics) [PSYoungGen: 131584K->131583K(153088K)] [ParOldGen: 349663K->349663K(349696K)] 481247K->481247K(502784K), [Metaspace: 12836K->12836K(1060864K)], 0.0859007 secs] [Times: user=0.20 sys=0.00, real=0.09 secs] 
2017-11-10T19:49:17.199+0500: 259.827: [Full GC (Ergonomics) [PSYoungGen: 131584K->131583K(153088K)] [ParOldGen: 349665K->349664K(349696K)] 481249K->481248K(502784K), [Metaspace: 12836K->12836K(1060864K)], 0.0863309 secs] [Times: user=0.20 sys=0.00, real=0.09 secs] 
2017-11-10T19:49:17.286+0500: 259.915: [Full GC (Ergonomics) [PSYoungGen: 131584K->131582K(153088K)] [ParOldGen: 349667K->349665K(349696K)] 481251K->481247K(502784K), [Metaspace: 12837K->12837K(1060864K)], 0.0972195 secs] [Times: user=0.13 sys=0.00, real=0.10 secs] 
2017-11-10T19:49:17.384+0500: 260.013: [Full GC (Ergonomics) [PSYoungGen: 131584K->131583K(153088K)] [ParOldGen: 349665K->349664K(349696K)] 481249K->481248K(502784K), [Metaspace: 12837K->12837K(1060864K)], 0.1204852 secs] [Times: user=0.19 sys=0.00, real=0.12 secs] 
2017-11-10T19:49:17.505+0500: 260.134: [Full GC (Ergonomics) [PSYoungGen: 131584K->131582K(153088K)] [ParOldGen: 349664K->349664K(349696K)] 481248K->481247K(502784K), [Metaspace: 12837K->12837K(1060864K)], 0.1069484 secs] [Times: user=0.14 sys=0.00, real=0.11 secs] 
2017-11-10T19:49:17.613+0500: 260.242: [Full GC (Ergonomics) [PSYoungGen: 131584K->131583K(153088K)] [ParOldGen: 349664K->349664K(349696K)] 481248K->481248K(502784K), [Metaspace: 12837K->12837K(1060864K)], 0.0860850 secs] [Times: user=0.23 sys=0.00, real=0.09 secs] 
2017-11-10T19:49:17.699+0500: 260.328: [Full GC (Ergonomics) [PSYoungGen: 131584K->131583K(153088K)] [ParOldGen: 349664K->349664K(349696K)] 481248K->481248K(502784K), [Metaspace: 12837K->12837K(1060864K)], 0.0819485 secs] [Times: user=0.14 sys=0.00, real=0.08 secs] 
2017-11-10T19:49:17.782+0500: 260.411: [Full GC (Ergonomics) [PSYoungGen: 131584K->131582K(153088K)] [ParOldGen: 349664K->349662K(349696K)] 481248K->481245K(502784K), [Metaspace: 12837K->12837K(1060864K)], 0.0904537 secs] [Times: user=0.27 sys=0.00, real=0.09 secs] 
2017-11-10T19:49:17.873+0500: 260.502: [Full GC (Ergonomics) [PSYoungGen: 131584K->131583K(153088K)] [ParOldGen: 349662K->349662K(349696K)] 481246K->481246K(502784K), [Metaspace: 12837K->12837K(1060864K)], 0.0908884 secs] [Times: user=0.23 sys=0.00, real=0.09 secs] 
2017-11-10T19:49:17.965+0500: 260.593: [Full GC (Ergonomics) [PSYoungGen: 131584K->131583K(153088K)] [ParOldGen: 349665K->349663K(349696K)] 481249K->481247K(502784K), [Metaspace: 12837K->12837K(1060864K)], 0.0874031 secs] [Times: user=0.17 sys=0.00, real=0.09 secs] 
2017-11-10T19:49:18.052+0500: 260.681: [Full GC (Ergonomics) [PSYoungGen: 131584K->131583K(153088K)] [ParOldGen: 349663K->349663K(349696K)] 481247K->481247K(502784K), [Metaspace: 12837K->12837K(1060864K)], 0.0850877 secs] [Times: user=0.22 sys=0.00, real=0.09 secs] 
2017-11-10T19:49:18.138+0500: 260.766: [Full GC (Ergonomics) [PSYoungGen: 131583K->131583K(153088K)] [ParOldGen: 349663K->349663K(349696K)] 481247K->481247K(502784K), [Metaspace: 12837K->12837K(1060864K)], 0.0797559 secs] [Times: user=0.17 sys=0.00, real=0.08 secs] 
2017-11-10T19:49:18.218+0500: 260.846: [Full GC (Ergonomics) [PSYoungGen: 131583K->131582K(153088K)] [ParOldGen: 349666K->349665K(349696K)] 481250K->481247K(502784K), [Metaspace: 12837K->12837K(1060864K)], 0.0835736 secs] [Times: user=0.22 sys=0.00, real=0.08 secs] 
2017-11-10T19:49:18.302+0500: 260.930: [Full GC (Ergonomics) [PSYoungGen: 131584K->131583K(153088K)] [ParOldGen: 349665K->349664K(349696K)] 481249K->481248K(502784K), [Metaspace: 12837K->12837K(1060864K)], 0.0799113 secs] [Times: user=0.16 sys=0.00, real=0.08 secs] 
2017-11-10T19:49:18.382+0500: 261.011: [Full GC (Ergonomics) [PSYoungGen: 131584K->131582K(153088K)] [ParOldGen: 349664K->349664K(349696K)] 481248K->481247K(502784K), [Metaspace: 12837K->12837K(1060864K)], 0.0869171 secs] [Times: user=0.23 sys=0.00, real=0.09 secs] 
2017-11-10T19:49:18.469+0500: 261.098: [Full GC (Ergonomics) [PSYoungGen: 131584K->131583K(153088K)] [ParOldGen: 349664K->349664K(349696K)] 481248K->481248K(502784K), [Metaspace: 12837K->12837K(1060864K)], 0.0870129 secs] [Times: user=0.22 sys=0.00, real=0.09 secs] 
2017-11-10T19:49:18.557+0500: 261.185: [Full GC (Ergonomics) [PSYoungGen: 131584K->131583K(153088K)] [ParOldGen: 349664K->349664K(349696K)] 481248K->481248K(502784K), [Metaspace: 12837K->12837K(1060864K)], 0.0852006 secs] [Times: user=0.19 sys=0.00, real=0.09 secs] 
2017-11-10T19:49:18.642+0500: 261.271: [Full GC (Ergonomics) [PSYoungGen: 131584K->131582K(153088K)] [ParOldGen: 349664K->349662K(349696K)] 481248K->481245K(502784K), [Metaspace: 12837K->12837K(1060864K)], 0.0824951 secs] [Times: user=0.19 sys=0.00, real=0.08 secs] 
2017-11-10T19:49:18.725+0500: 261.354: [Full GC (Ergonomics) [PSYoungGen: 131584K->131583K(153088K)] [ParOldGen: 349662K->349662K(349696K)] 481246K->481246K(502784K), [Metaspace: 12837K->12837K(1060864K)], 0.0967374 secs] [Times: user=0.16 sys=0.00, real=0.10 secs] 
2017-11-10T19:49:18.823+0500: 261.451: [Full GC (Ergonomics) [PSYoungGen: 131584K->131583K(153088K)] [ParOldGen: 349665K->349663K(349696K)] 481249K->481247K(502784K), [Metaspace: 12837K->12837K(1060864K)], 0.0906615 secs] [Times: user=0.22 sys=0.00, real=0.09 secs] 
2017-11-10T19:49:18.914+0500: 261.542: [Full GC (Ergonomics) [PSYoungGen: 131584K->131583K(153088K)] [ParOldGen: 349663K->349663K(349696K)] 481247K->481247K(502784K), [Metaspace: 12837K->12837K(1060864K)], 0.1008304 secs] [Times: user=0.11 sys=0.00, real=0.10 secs] 
2017-11-10T19:49:19.015+0500: 261.643: [Full GC (Ergonomics) [PSYoungGen: 131583K->131583K(153088K)] [ParOldGen: 349663K->349663K(349696K)] 481247K->481247K(502784K), [Metaspace: 12837K->12837K(1060864K)], 0.0865813 secs] [Times: user=0.34 sys=0.00, real=0.09 secs] 
2017-11-10T19:49:19.102+0500: 261.730: [Full GC (Ergonomics) [PSYoungGen: 131583K->131582K(153088K)] [ParOldGen: 349666K->349665K(349696K)] 481250K->481247K(502784K), [Metaspace: 12837K->12837K(1060864K)], 0.0899859 secs] [Times: user=0.33 sys=0.00, real=0.09 secs] 
2017-11-10T19:49:19.192+0500: 261.821: [Full GC (Ergonomics) [PSYoungGen: 131584K->131583K(153088K)] [ParOldGen: 349665K->349664K(349696K)] 481249K->481248K(502784K), [Metaspace: 12837K->12837K(1060864K)], 0.1047699 secs] [Times: user=0.06 sys=0.00, real=0.11 secs] 
2017-11-10T19:49:19.297+0500: 261.926: [Full GC (Ergonomics) [PSYoungGen: 131584K->131582K(153088K)] [ParOldGen: 349664K->349664K(349696K)] 481248K->481247K(502784K), [Metaspace: 12837K->12837K(1060864K)], 0.0982545 secs] [Times: user=0.20 sys=0.00, real=0.10 secs] 
2017-11-10T19:49:19.396+0500: 262.025: [Full GC (Ergonomics) [PSYoungGen: 131584K->131583K(153088K)] [ParOldGen: 349664K->349664K(349696K)] 481248K->481248K(502784K), [Metaspace: 12837K->12837K(1060864K)], 0.0910541 secs] [Times: user=0.25 sys=0.00, real=0.09 secs] 
2017-11-10T19:49:19.487+0500: 262.116: [Full GC (Ergonomics) [PSYoungGen: 131584K->131583K(153088K)] [ParOldGen: 349664K->349664K(349696K)] 481248K->481248K(502784K), [Metaspace: 12837K->12837K(1060864K)], 0.0906552 secs] [Times: user=0.25 sys=0.00, real=0.09 secs] 
2017-11-10T19:49:19.578+0500: 262.207: [Full GC (Ergonomics) [PSYoungGen: 131584K->131582K(153088K)] [ParOldGen: 349664K->349662K(349696K)] 481248K->481245K(502784K), [Metaspace: 12837K->12837K(1060864K)], 0.0878861 secs] [Times: user=0.38 sys=0.00, real=0.09 secs] 
2017-11-10T19:49:19.667+0500: 262.295: [Full GC (Ergonomics) [PSYoungGen: 131584K->131583K(153088K)] [ParOldGen: 349662K->349662K(349696K)] 481246K->481246K(502784K), [Metaspace: 12837K->12837K(1060864K)], 0.0858597 secs] [Times: user=0.23 sys=0.00, real=0.09 secs] 
2017-11-10T19:49:19.753+0500: 262.382: [Full GC (Ergonomics) [PSYoungGen: 131584K->131583K(153088K)] [ParOldGen: 349665K->349663K(349696K)] 481249K->481247K(502784K), [Metaspace: 12837K->12837K(1060864K)], 0.0819173 secs] [Times: user=0.24 sys=0.00, real=0.08 secs] 
2017-11-10T19:49:19.835+0500: 262.464: [Full GC (Ergonomics) [PSYoungGen: 131584K->131583K(153088K)] [ParOldGen: 349663K->349663K(349696K)] 481247K->481247K(502784K), [Metaspace: 12837K->12837K(1060864K)], 0.0900734 secs] [Times: user=0.25 sys=0.00, real=0.09 secs] 
2017-11-10T19:49:19.926+0500: 262.554: [Full GC (Ergonomics) [PSYoungGen: 131583K->131583K(153088K)] [ParOldGen: 349663K->349663K(349696K)] 481247K->481247K(502784K), [Metaspace: 12837K->12837K(1060864K)], 0.0862527 secs] [Times: user=0.22 sys=0.00, real=0.09 secs] 
2017-11-10T19:49:20.013+0500: 262.641: [Full GC (Ergonomics) [PSYoungGen: 131583K->131582K(153088K)] [ParOldGen: 349666K->349665K(349696K)] 481250K->481247K(502784K), [Metaspace: 12837K->12837K(1060864K)], 0.0875004 secs] [Times: user=0.25 sys=0.02, real=0.09 secs] 
2017-11-10T19:49:20.100+0500: 262.729: [Full GC (Ergonomics) [PSYoungGen: 131584K->131583K(153088K)] [ParOldGen: 349665K->349664K(349696K)] 481249K->481248K(502784K), [Metaspace: 12837K->12837K(1060864K)], 0.0853634 secs] [Times: user=0.25 sys=0.00, real=0.09 secs] 
2017-11-10T19:49:20.186+0500: 262.814: [Full GC (Ergonomics) [PSYoungGen: 131584K->131582K(153088K)] [ParOldGen: 349664K->349664K(349696K)] 481248K->481247K(502784K), [Metaspace: 12837K->12837K(1060864K)], 0.0867475 secs] [Times: user=0.25 sys=0.00, real=0.09 secs] 
2017-11-10T19:49:20.273+0500: 262.902: [Full GC (Ergonomics) [PSYoungGen: 131584K->131583K(153088K)] [ParOldGen: 349664K->349664K(349696K)] 481248K->481248K(502784K), [Metaspace: 12837K->12837K(1060864K)], 0.0869817 secs] [Times: user=0.22 sys=0.00, real=0.09 secs] 
2017-11-10T19:49:20.360+0500: 262.989: [Full GC (Ergonomics) [PSYoungGen: 131584K->131583K(153088K)] [ParOldGen: 349664K->349664K(349696K)] 481248K->481248K(502784K), [Metaspace: 12837K->12837K(1060864K)], 0.0902753 secs] [Times: user=0.36 sys=0.00, real=0.09 secs] 
2017-11-10T19:49:20.451+0500: 263.079: [Full GC (Ergonomics) [PSYoungGen: 131584K->131582K(153088K)] [ParOldGen: 349664K->349662K(349696K)] 481248K->481245K(502784K), [Metaspace: 12837K->12837K(1060864K)], 0.0882102 secs] [Times: user=0.34 sys=0.00, real=0.09 secs] 
2017-11-10T19:49:20.540+0500: 263.168: [Full GC (Ergonomics) [PSYoungGen: 131584K->131583K(153088K)] [ParOldGen: 349662K->349662K(349696K)] 481246K->481246K(502784K), [Metaspace: 12837K->12837K(1060864K)], 0.0873117 secs] [Times: user=0.14 sys=0.00, real=0.09 secs] 
2017-11-10T19:49:20.627+0500: 263.256: [Full GC (Ergonomics) [PSYoungGen: 131584K->131583K(153088K)] [ParOldGen: 349665K->349663K(349696K)] 481249K->481247K(502784K), [Metaspace: 12837K->12837K(1060864K)], 0.0903354 secs] [Times: user=0.25 sys=0.00, real=0.09 secs] 
2017-11-10T19:49:20.718+0500: 263.347: [Full GC (Ergonomics) [PSYoungGen: 131584K->131583K(153088K)] [ParOldGen: 349663K->349663K(349696K)] 481247K->481247K(502784K), [Metaspace: 12837K->12837K(1060864K)], 0.0898079 secs] [Times: user=0.34 sys=0.00, real=0.09 secs] 
2017-11-10T19:49:20.808+0500: 263.437: [Full GC (Ergonomics) [PSYoungGen: 131583K->131583K(153088K)] [ParOldGen: 349663K->349663K(349696K)] 481247K->481247K(502784K), [Metaspace: 12837K->12837K(1060864K)], 0.0864419 secs] [Times: user=0.30 sys=0.00, real=0.09 secs] 
2017-11-10T19:49:20.895+0500: 263.524: [Full GC (Ergonomics) [PSYoungGen: 131583K->131582K(153088K)] [ParOldGen: 349666K->349665K(349696K)] 481250K->481247K(502784K), [Metaspace: 12837K->12837K(1060864K)], 0.0866492 secs] [Times: user=0.27 sys=0.00, real=0.09 secs] 
2017-11-10T19:49:20.982+0500: 263.611: [Full GC (Ergonomics) [PSYoungGen: 131584K->131583K(153088K)] [ParOldGen: 349665K->349664K(349696K)] 481249K->481248K(502784K), [Metaspace: 12837K->12837K(1060864K)], 0.0879017 secs] [Times: user=0.36 sys=0.00, real=0.09 secs] 
2017-11-10T19:49:21.071+0500: 263.699: [Full GC (Ergonomics) [PSYoungGen: 131584K->131582K(153088K)] [ParOldGen: 349664K->349664K(349696K)] 481248K->481247K(502784K), [Metaspace: 12837K->12837K(1060864K)], 0.0892041 secs] [Times: user=0.31 sys=0.00, real=0.09 secs] 
2017-11-10T19:49:21.160+0500: 263.789: [Full GC (Ergonomics) [PSYoungGen: 131584K->131583K(153088K)] [ParOldGen: 349664K->349664K(349696K)] 481248K->481248K(502784K), [Metaspace: 12837K->12837K(1060864K)], 0.0876910 secs] [Times: user=0.17 sys=0.00, real=0.09 secs] 
2017-11-10T19:49:21.248+0500: 263.877: [Full GC (Ergonomics) [PSYoungGen: 131584K->131583K(153088K)] [ParOldGen: 349664K->349664K(349696K)] 481248K->481248K(502784K), [Metaspace: 12837K->12837K(1060864K)], 0.0873904 secs] [Times: user=0.31 sys=0.00, real=0.09 secs] 
2017-11-10T19:49:21.336+0500: 263.964: [Full GC (Ergonomics) [PSYoungGen: 131584K->131582K(153088K)] [ParOldGen: 349664K->349662K(349696K)] 481248K->481245K(502784K), [Metaspace: 12837K->12837K(1060864K)], 0.0870780 secs] [Times: user=0.27 sys=0.00, real=0.09 secs] 
2017-11-10T19:49:21.423+0500: 264.052: [Full GC (Ergonomics) [PSYoungGen: 131584K->131583K(153088K)] [ParOldGen: 349662K->349662K(349696K)] 481246K->481246K(502784K), [Metaspace: 12837K->12837K(1060864K)], 0.0858293 secs] [Times: user=0.30 sys=0.00, real=0.09 secs] 
2017-11-10T19:49:21.510+0500: 264.138: [Full GC (Ergonomics) [PSYoungGen: 131584K->131583K(153088K)] [ParOldGen: 349665K->349663K(349696K)] 481249K->481247K(502784K), [Metaspace: 12837K->12837K(1060864K)], 0.0869523 secs] [Times: user=0.28 sys=0.00, real=0.09 secs] 
2017-11-10T19:49:21.597+0500: 264.226: [Full GC (Ergonomics) [PSYoungGen: 131584K->131583K(153088K)] [ParOldGen: 349663K->349663K(349696K)] 481247K->481247K(502784K), [Metaspace: 12837K->12837K(1060864K)], 0.0887505 secs] [Times: user=0.25 sys=0.00, real=0.09 secs] 
2017-11-10T19:49:21.686+0500: 264.315: [Full GC (Ergonomics) [PSYoungGen: 131583K->131583K(153088K)] [ParOldGen: 349663K->349663K(349696K)] 481247K->481247K(502784K), [Metaspace: 12837K->12837K(1060864K)], 0.0825474 secs] [Times: user=0.25 sys=0.00, real=0.08 secs] 
2017-11-10T19:49:21.769+0500: 264.398: [Full GC (Ergonomics) [PSYoungGen: 131583K->131582K(153088K)] [ParOldGen: 349666K->349665K(349696K)] 481250K->481247K(502784K), [Metaspace: 12837K->12837K(1060864K)], 0.0920143 secs] [Times: user=0.20 sys=0.00, real=0.09 secs] 
2017-11-10T19:49:21.862+0500: 264.490: [Full GC (Ergonomics) [PSYoungGen: 131584K->131583K(153088K)] [ParOldGen: 349665K->349664K(349696K)] 481249K->481248K(502784K), [Metaspace: 12837K->12837K(1060864K)], 0.0893792 secs] [Times: user=0.26 sys=0.00, real=0.09 secs] 
2017-11-10T19:49:21.951+0500: 264.580: [Full GC (Ergonomics) [PSYoungGen: 131584K->131582K(153088K)] [ParOldGen: 349664K->349664K(349696K)] 481248K->481247K(502784K), [Metaspace: 12837K->12837K(1060864K)], 0.0869445 secs] [Times: user=0.33 sys=0.00, real=0.09 secs] 
2017-11-10T19:49:22.039+0500: 264.668: [Full GC (Ergonomics) [PSYoungGen: 131584K->131583K(153088K)] [ParOldGen: 349664K->349664K(349696K)] 481248K->481248K(502784K), [Metaspace: 12837K->12837K(1060864K)], 0.0864497 secs] [Times: user=0.17 sys=0.00, real=0.09 secs] 
2017-11-10T19:49:22.126+0500: 264.755: [Full GC (Ergonomics) [PSYoungGen: 131584K->131583K(153088K)] [ParOldGen: 349664K->349664K(349696K)] 481248K->481248K(502784K), [Metaspace: 12837K->12837K(1060864K)], 0.0896515 secs] [Times: user=0.30 sys=0.01, real=0.09 secs] 
2017-11-10T19:49:22.216+0500: 264.844: [Full GC (Ergonomics) [PSYoungGen: 131584K->131582K(153088K)] [ParOldGen: 349664K->349662K(349696K)] 481248K->481245K(502784K), [Metaspace: 12837K->12837K(1060864K)], 0.0841358 secs] [Times: user=0.27 sys=0.00, real=0.08 secs] 
2017-11-10T19:49:22.300+0500: 264.929: [Full GC (Ergonomics) [PSYoungGen: 131584K->131583K(153088K)] [ParOldGen: 349662K->349662K(349696K)] 481246K->481246K(502784K), [Metaspace: 12837K->12837K(1060864K)], 0.0834719 secs] [Times: user=0.25 sys=0.00, real=0.08 secs] 
2017-11-10T19:49:22.384+0500: 265.013: [Full GC (Ergonomics) [PSYoungGen: 131584K->131583K(153088K)] [ParOldGen: 349665K->349663K(349696K)] 481249K->481247K(502784K), [Metaspace: 12837K->12837K(1060864K)], 0.0852593 secs] [Times: user=0.25 sys=0.00, real=0.09 secs] 
2017-11-10T19:49:22.470+0500: 265.098: [Full GC (Ergonomics) [PSYoungGen: 131584K->131583K(153088K)] [ParOldGen: 349663K->349663K(349696K)] 481247K->481247K(502784K), [Metaspace: 12837K->12837K(1060864K)], 0.0869636 secs] [Times: user=0.38 sys=0.00, real=0.09 secs] 
2017-11-10T19:49:22.557+0500: 265.186: [Full GC (Ergonomics) [PSYoungGen: 131583K->131583K(153088K)] [ParOldGen: 349663K->349663K(349696K)] 481247K->481247K(502784K), [Metaspace: 12837K->12837K(1060864K)], 0.0916403 secs] [Times: user=0.36 sys=0.00, real=0.09 secs] 
2017-11-10T19:49:22.649+0500: 265.278: [Full GC (Ergonomics) [PSYoungGen: 131583K->131582K(153088K)] [ParOldGen: 349666K->349665K(349696K)] 481250K->481247K(502784K), [Metaspace: 12837K->12837K(1060864K)], 0.0849225 secs] [Times: user=0.27 sys=0.00, real=0.09 secs] 
2017-11-10T19:49:22.734+0500: 265.363: [Full GC (Ergonomics) [PSYoungGen: 131584K->131583K(153088K)] [ParOldGen: 349665K->349664K(349696K)] 481249K->481248K(502784K), [Metaspace: 12837K->12837K(1060864K)], 0.0824834 secs] [Times: user=0.34 sys=0.00, real=0.08 secs] 
2017-11-10T19:49:22.817+0500: 265.446: [Full GC (Ergonomics) [PSYoungGen: 131584K->131582K(153088K)] [ParOldGen: 349664K->349664K(349696K)] 481248K->481247K(502784K), [Metaspace: 12837K->12837K(1060864K)], 0.0864913 secs] [Times: user=0.23 sys=0.00, real=0.09 secs] 
2017-11-10T19:49:22.904+0500: 265.533: [Full GC (Ergonomics) [PSYoungGen: 131584K->131583K(153088K)] [ParOldGen: 349664K->349664K(349696K)] 481248K->481248K(502784K), [Metaspace: 12837K->12837K(1060864K)], 0.0879819 secs] [Times: user=0.25 sys=0.00, real=0.09 secs] 
2017-11-10T19:49:22.992+0500: 265.621: [Full GC (Ergonomics) [PSYoungGen: 131584K->131583K(153088K)] [ParOldGen: 349664K->349664K(349696K)] 481248K->481248K(502784K), [Metaspace: 12837K->12837K(1060864K)], 0.0878758 secs] [Times: user=0.28 sys=0.00, real=0.09 secs] 
2017-11-10T19:49:23.081+0500: 265.709: [Full GC (Ergonomics) [PSYoungGen: 131584K->131582K(153088K)] [ParOldGen: 349664K->349662K(349696K)] 481248K->481245K(502784K), [Metaspace: 12837K->12837K(1060864K)], 0.0884620 secs] [Times: user=0.27 sys=0.00, real=0.09 secs] 
2017-11-10T19:49:23.169+0500: 265.798: [Full GC (Ergonomics) [PSYoungGen: 131584K->131583K(153088K)] [ParOldGen: 349662K->349662K(349696K)] 481246K->481246K(502784K), [Metaspace: 12837K->12837K(1060864K)], 0.0893068 secs] [Times: user=0.33 sys=0.00, real=0.09 secs] 
2017-11-10T19:49:23.259+0500: 265.888: [Full GC (Ergonomics) [PSYoungGen: 131584K->131583K(153088K)] [ParOldGen: 349665K->349663K(349696K)] 481249K->481247K(502784K), [Metaspace: 12837K->12837K(1060864K)], 0.0867778 secs] [Times: user=0.23 sys=0.00, real=0.09 secs] 
2017-11-10T19:49:23.347+0500: 265.975: [Full GC (Ergonomics) [PSYoungGen: 131584K->131583K(153088K)] [ParOldGen: 349663K->349663K(349696K)] 481247K->481247K(502784K), [Metaspace: 12837K->12837K(1060864K)], 0.0903697 secs] [Times: user=0.27 sys=0.00, real=0.09 secs] 
2017-11-10T19:49:23.438+0500: 266.066: [Full GC (Ergonomics) [PSYoungGen: 131583K->131583K(153088K)] [ParOldGen: 349663K->349663K(349696K)] 481247K->481247K(502784K), [Metaspace: 12837K->12837K(1060864K)], 0.0889905 secs] [Times: user=0.34 sys=0.00, real=0.09 secs] 
2017-11-10T19:49:23.527+0500: 266.156: [Full GC (Ergonomics) [PSYoungGen: 131583K->131582K(153088K)] [ParOldGen: 349666K->349665K(349696K)] 481250K->481247K(502784K), [Metaspace: 12837K->12837K(1060864K)], 0.0866003 secs] [Times: user=0.30 sys=0.00, real=0.09 secs] 
2017-11-10T19:49:23.614+0500: 266.243: [Full GC (Ergonomics) [PSYoungGen: 131584K->131583K(153088K)] [ParOldGen: 349665K->349664K(349696K)] 481249K->481248K(502784K), [Metaspace: 12837K->12837K(1060864K)], 0.0870990 secs] [Times: user=0.20 sys=0.00, real=0.09 secs] 
2017-11-10T19:49:23.702+0500: 266.330: [Full GC (Ergonomics) [PSYoungGen: 131584K->131582K(153088K)] [ParOldGen: 349664K->349664K(349696K)] 481248K->481247K(502784K), [Metaspace: 12837K->12837K(1060864K)], 0.0886708 secs] [Times: user=0.25 sys=0.00, real=0.09 secs] 
2017-11-10T19:49:23.791+0500: 266.420: [Full GC (Ergonomics) [PSYoungGen: 131584K->131583K(153088K)] [ParOldGen: 349664K->349664K(349696K)] 481248K->481248K(502784K), [Metaspace: 12837K->12837K(1060864K)], 0.0866702 secs] [Times: user=0.26 sys=0.00, real=0.09 secs] 
2017-11-10T19:49:23.878+0500: 266.507: [Full GC (Ergonomics) [PSYoungGen: 131584K->131583K(153088K)] [ParOldGen: 349664K->349664K(349696K)] 481248K->481248K(502784K), [Metaspace: 12838K->12838K(1060864K)], 0.0965130 secs] [Times: user=0.24 sys=0.00, real=0.10 secs] 
2017-11-10T19:49:23.975+0500: 266.604: [Full GC (Ergonomics) [PSYoungGen: 131584K->131582K(153088K)] [ParOldGen: 349664K->349662K(349696K)] 481248K->481245K(502784K), [Metaspace: 12838K->12838K(1060864K)], 0.0828569 secs] [Times: user=0.23 sys=0.00, real=0.08 secs] 
2017-11-10T19:49:24.059+0500: 266.687: [Full GC (Ergonomics) [PSYoungGen: 131584K->131583K(153088K)] [ParOldGen: 349662K->349662K(349696K)] 481246K->481246K(502784K), [Metaspace: 12838K->12838K(1060864K)], 0.0862190 secs] [Times: user=0.20 sys=0.00, real=0.09 secs] 
2017-11-10T19:49:24.145+0500: 266.774: [Full GC (Ergonomics) [PSYoungGen: 131584K->131583K(153088K)] [ParOldGen: 349665K->349663K(349696K)] 481249K->481247K(502784K), [Metaspace: 12838K->12838K(1060864K)], 0.0771613 secs] [Times: user=0.13 sys=0.00, real=0.08 secs] 
2017-11-10T19:49:24.223+0500: 266.851: [Full GC (Ergonomics) [PSYoungGen: 131584K->131583K(153088K)] [ParOldGen: 349663K->349663K(349696K)] 481247K->481247K(502784K), [Metaspace: 12838K->12838K(1060864K)], 0.0793731 secs] [Times: user=0.19 sys=0.00, real=0.08 secs] 
2017-11-10T19:49:24.303+0500: 266.931: [Full GC (Ergonomics) [PSYoungGen: 131583K->131583K(153088K)] [ParOldGen: 349663K->349663K(349696K)] 481247K->481247K(502784K), [Metaspace: 12838K->12838K(1060864K)], 0.0880010 secs] [Times: user=0.20 sys=0.00, real=0.09 secs] 
2017-11-10T19:49:24.391+0500: 267.020: [Full GC (Ergonomics) [PSYoungGen: 131583K->131582K(153088K)] [ParOldGen: 349666K->349665K(349696K)] 481250K->481247K(502784K), [Metaspace: 12838K->12838K(1060864K)], 0.0915845 secs] [Times: user=0.30 sys=0.00, real=0.09 secs] 
2017-11-10T19:49:24.483+0500: 267.112: [Full GC (Ergonomics) [PSYoungGen: 131584K->131583K(153088K)] [ParOldGen: 349665K->349664K(349696K)] 481249K->481248K(502784K), [Metaspace: 12838K->12838K(1060864K)], 0.0884209 secs] [Times: user=0.30 sys=0.00, real=0.09 secs] 
2017-11-10T19:49:24.572+0500: 267.200: [Full GC (Ergonomics) [PSYoungGen: 131584K->131582K(153088K)] [ParOldGen: 349664K->349664K(349696K)] 481248K->481247K(502784K), [Metaspace: 12838K->12838K(1060864K)], 0.0934071 secs] [Times: user=0.31 sys=0.00, real=0.09 secs] 
2017-11-10T19:49:24.666+0500: 267.295: [Full GC (Ergonomics) [PSYoungGen: 131584K->131583K(153088K)] [ParOldGen: 349664K->349664K(349696K)] 481248K->481248K(502784K), [Metaspace: 12838K->12838K(1060864K)], 0.0900230 secs] [Times: user=0.22 sys=0.02, real=0.09 secs] 
2017-11-10T19:49:24.757+0500: 267.385: [Full GC (Ergonomics) [PSYoungGen: 131584K->131583K(153088K)] [ParOldGen: 349664K->349664K(349696K)] 481248K->481248K(502784K), [Metaspace: 12838K->12838K(1060864K)], 0.0946880 secs] [Times: user=0.30 sys=0.00, real=0.09 secs] 
2017-11-10T19:49:24.852+0500: 267.480: [Full GC (Ergonomics) [PSYoungGen: 131584K->131582K(153088K)] [ParOldGen: 349664K->349662K(349696K)] 481248K->481245K(502784K), [Metaspace: 12838K->12838K(1060864K)], 0.0970156 secs] [Times: user=0.31 sys=0.00, real=0.10 secs] 
2017-11-10T19:49:24.949+0500: 267.578: [Full GC (Ergonomics) [PSYoungGen: 131584K->131583K(153088K)] [ParOldGen: 349662K->349662K(349696K)] 481246K->481246K(502784K), [Metaspace: 12838K->12838K(1060864K)], 0.0937498 secs] [Times: user=0.27 sys=0.00, real=0.09 secs] 
2017-11-10T19:49:25.044+0500: 267.672: [Full GC (Ergonomics) [PSYoungGen: 131584K->131583K(153088K)] [ParOldGen: 349665K->349663K(349696K)] 481249K->481247K(502784K), [Metaspace: 12838K->12838K(1060864K)], 0.0907221 secs] [Times: user=0.30 sys=0.00, real=0.09 secs] 
2017-11-10T19:49:25.135+0500: 267.763: [Full GC (Ergonomics) [PSYoungGen: 131584K->131583K(153088K)] [ParOldGen: 349663K->349663K(349696K)] 481247K->481247K(502784K), [Metaspace: 12838K->12838K(1060864K)], 0.0877746 secs] [Times: user=0.17 sys=0.00, real=0.09 secs] 
2017-11-10T19:49:25.223+0500: 267.851: [Full GC (Ergonomics) [PSYoungGen: 131583K->131583K(153088K)] [ParOldGen: 349663K->349663K(349696K)] 481247K->481247K(502784K), [Metaspace: 12838K->12838K(1060864K)], 0.0906982 secs] [Times: user=0.20 sys=0.00, real=0.09 secs] 
2017-11-10T19:49:25.314+0500: 267.942: [Full GC (Ergonomics) [PSYoungGen: 131583K->131582K(153088K)] [ParOldGen: 349666K->349665K(349696K)] 481250K->481247K(502784K), [Metaspace: 12838K->12838K(1060864K)], 0.0859320 secs] [Times: user=0.31 sys=0.00, real=0.09 secs] 
2017-11-10T19:49:25.400+0500: 268.029: [Full GC (Ergonomics) [PSYoungGen: 131584K->131583K(153088K)] [ParOldGen: 349665K->349664K(349696K)] 481249K->481248K(502784K), [Metaspace: 12838K->12838K(1060864K)], 0.0924049 secs] [Times: user=0.27 sys=0.00, real=0.09 secs] 
2017-11-10T19:49:25.493+0500: 268.121: [Full GC (Ergonomics) [PSYoungGen: 131584K->131582K(153088K)] [ParOldGen: 349664K->349664K(349696K)] 481248K->481247K(502784K), [Metaspace: 12838K->12838K(1060864K)], 0.0920891 secs] [Times: user=0.28 sys=0.00, real=0.09 secs] 
2017-11-10T19:49:25.585+0500: 268.214: [Full GC (Ergonomics) [PSYoungGen: 131584K->131583K(153088K)] [ParOldGen: 349664K->349664K(349696K)] 481248K->481248K(502784K), [Metaspace: 12838K->12838K(1060864K)], 0.0971344 secs] [Times: user=0.30 sys=0.00, real=0.10 secs] 
2017-11-10T19:49:25.683+0500: 268.311: [Full GC (Ergonomics) [PSYoungGen: 131584K->131583K(153088K)] [ParOldGen: 349664K->349664K(349696K)] 481248K->481248K(502784K), [Metaspace: 12838K->12838K(1060864K)], 0.0849933 secs] [Times: user=0.11 sys=0.00, real=0.08 secs] 
2017-11-10T19:49:25.768+0500: 268.397: [Full GC (Ergonomics) [PSYoungGen: 131584K->131582K(153088K)] [ParOldGen: 349664K->349662K(349696K)] 481248K->481245K(502784K), [Metaspace: 12838K->12838K(1060864K)], 0.0909197 secs] [Times: user=0.14 sys=0.00, real=0.09 secs] 
2017-11-10T19:49:25.860+0500: 268.489: [Full GC (Ergonomics) [PSYoungGen: 131584K->131583K(153088K)] [ParOldGen: 349662K->349662K(349696K)] 481246K->481246K(502784K), [Metaspace: 12838K->12838K(1060864K)], 0.0953901 secs] [Times: user=0.33 sys=0.00, real=0.10 secs] 
2017-11-10T19:49:25.956+0500: 268.585: [Full GC (Ergonomics) [PSYoungGen: 131584K->131583K(153088K)] [ParOldGen: 349665K->349663K(349696K)] 481249K->481247K(502784K), [Metaspace: 12838K->12838K(1060864K)], 0.0947511 secs] [Times: user=0.17 sys=0.00, real=0.10 secs] 
2017-11-10T19:49:26.051+0500: 268.680: [Full GC (Ergonomics) [PSYoungGen: 131584K->131583K(153088K)] [ParOldGen: 349663K->349663K(349696K)] 481247K->481247K(502784K), [Metaspace: 12838K->12838K(1060864K)], 0.0921262 secs] [Times: user=0.17 sys=0.00, real=0.09 secs] 
2017-11-10T19:49:26.144+0500: 268.773: [Full GC (Ergonomics) [PSYoungGen: 131583K->131583K(153088K)] [ParOldGen: 349663K->349663K(349696K)] 481247K->481247K(502784K), [Metaspace: 12838K->12838K(1060864K)], 0.0930385 secs] [Times: user=0.19 sys=0.00, real=0.09 secs] 
2017-11-10T19:49:26.239+0500: 268.868: [Full GC (Ergonomics) [PSYoungGen: 131583K->131582K(153088K)] [ParOldGen: 349666K->349665K(349696K)] 481250K->481247K(502784K), [Metaspace: 12838K->12838K(1060864K)], 0.1407252 secs] [Times: user=0.09 sys=0.00, real=0.14 secs] 
2017-11-10T19:49:26.380+0500: 269.009: [Full GC (Ergonomics) [PSYoungGen: 131584K->131583K(153088K)] [ParOldGen: 349665K->349664K(349696K)] 481249K->481248K(502784K), [Metaspace: 12838K->12838K(1060864K)], 0.0877037 secs] [Times: user=0.08 sys=0.00, real=0.09 secs] 
2017-11-10T19:49:26.468+0500: 269.097: [Full GC (Ergonomics) [PSYoungGen: 131584K->131582K(153088K)] [ParOldGen: 349664K->349664K(349696K)] 481248K->481247K(502784K), [Metaspace: 12838K->12838K(1060864K)], 0.0867690 secs] [Times: user=0.20 sys=0.00, real=0.09 secs] 
2017-11-10T19:49:26.555+0500: 269.184: [Full GC (Ergonomics) [PSYoungGen: 131584K->131583K(153088K)] [ParOldGen: 349664K->349664K(349696K)] 481248K->481248K(502784K), [Metaspace: 12838K->12838K(1060864K)], 0.0824927 secs] [Times: user=0.19 sys=0.00, real=0.08 secs] 
2017-11-10T19:49:26.639+0500: 269.267: [Full GC (Ergonomics) [PSYoungGen: 131584K->131583K(153088K)] [ParOldGen: 349664K->349664K(349696K)] 481248K->481248K(502784K), [Metaspace: 12838K->12838K(1060864K)], 0.0830466 secs] [Times: user=0.20 sys=0.00, real=0.08 secs] 
2017-11-10T19:49:26.722+0500: 269.351: [Full GC (Ergonomics) [PSYoungGen: 131584K->131582K(153088K)] [ParOldGen: 349664K->349662K(349696K)] 481248K->481245K(502784K), [Metaspace: 12838K->12838K(1060864K)], 0.1041304 secs] [Times: user=0.11 sys=0.00, real=0.10 secs] 
2017-11-10T19:49:26.826+0500: 269.455: [Full GC (Ergonomics) [PSYoungGen: 131584K->131583K(153088K)] [ParOldGen: 349662K->349662K(349696K)] 481246K->481246K(502784K), [Metaspace: 12838K->12838K(1060864K)], 0.0853703 secs] [Times: user=0.19 sys=0.00, real=0.09 secs] 
2017-11-10T19:49:26.912+0500: 269.541: [Full GC (Ergonomics) [PSYoungGen: 131584K->131583K(153088K)] [ParOldGen: 349665K->349663K(349696K)] 481249K->481247K(502784K), [Metaspace: 12838K->12838K(1060864K)], 0.0989687 secs] [Times: user=0.16 sys=0.00, real=0.10 secs] 
2017-11-10T19:49:27.012+0500: 269.640: [Full GC (Ergonomics) [PSYoungGen: 131584K->131583K(153088K)] [ParOldGen: 349663K->349663K(349696K)] 481247K->481247K(502784K), [Metaspace: 12838K->12838K(1060864K)], 0.0907925 secs] [Times: user=0.16 sys=0.01, real=0.09 secs] 
2017-11-10T19:49:27.103+0500: 269.732: [Full GC (Ergonomics) [PSYoungGen: 131583K->131583K(153088K)] [ParOldGen: 349663K->349663K(349696K)] 481247K->481247K(502784K), [Metaspace: 12838K->12838K(1060864K)], 0.0917151 secs] [Times: user=0.17 sys=0.00, real=0.09 secs] 
2017-11-10T19:49:27.195+0500: 269.824: [Full GC (Ergonomics) [PSYoungGen: 131583K->131582K(153088K)] [ParOldGen: 349666K->349665K(349696K)] 481250K->481247K(502784K), [Metaspace: 12838K->12838K(1060864K)], 0.0991697 secs] [Times: user=0.16 sys=0.00, real=0.10 secs] 
2017-11-10T19:49:27.295+0500: 269.923: [Full GC (Ergonomics) [PSYoungGen: 131584K->131583K(153088K)] [ParOldGen: 349665K->349664K(349696K)] 481249K->481248K(502784K), [Metaspace: 12838K->12838K(1060864K)], 0.1122528 secs] [Times: user=0.17 sys=0.00, real=0.11 secs] 
2017-11-10T19:49:27.407+0500: 270.036: [Full GC (Ergonomics) [PSYoungGen: 131584K->131582K(153088K)] [ParOldGen: 349664K->349664K(349696K)] 481248K->481247K(502784K), [Metaspace: 12838K->12838K(1060864K)], 0.0944250 secs] [Times: user=0.11 sys=0.00, real=0.10 secs] 
2017-11-10T19:49:27.503+0500: 270.131: [Full GC (Ergonomics) [PSYoungGen: 131584K->131583K(153088K)] [ParOldGen: 349664K->349664K(349696K)] 481248K->481248K(502784K), [Metaspace: 12838K->12838K(1060864K)], 0.0846291 secs] [Times: user=0.14 sys=0.00, real=0.08 secs] 
2017-11-10T19:49:27.589+0500: 270.217: [Full GC (Ergonomics) [PSYoungGen: 131584K->131583K(153088K)] [ParOldGen: 349664K->349664K(349696K)] 481248K->481248K(502784K), [Metaspace: 12839K->12839K(1060864K)], 0.0815936 secs] [Times: user=0.17 sys=0.00, real=0.08 secs] 
2017-11-10T19:49:27.671+0500: 270.299: [Full GC (Ergonomics) [PSYoungGen: 131584K->131582K(153088K)] [ParOldGen: 349664K->349662K(349696K)] 481248K->481245K(502784K), [Metaspace: 12839K->12839K(1060864K)], 0.0839520 secs] [Times: user=0.08 sys=0.00, real=0.08 secs] 
2017-11-10T19:49:27.755+0500: 270.384: [Full GC (Ergonomics) [PSYoungGen: 131584K->131583K(153088K)] [ParOldGen: 349662K->349662K(349696K)] 481246K->481246K(502784K), [Metaspace: 12839K->12839K(1060864K)], 0.1056743 secs] [Times: user=0.14 sys=0.00, real=0.11 secs] 
2017-11-10T19:49:27.861+0500: 270.490: [Full GC (Ergonomics) [PSYoungGen: 131584K->131583K(153088K)] [ParOldGen: 349665K->349663K(349696K)] 481249K->481247K(502784K), [Metaspace: 12839K->12839K(1060864K)], 0.0937816 secs] [Times: user=0.30 sys=0.00, real=0.09 secs] 
2017-11-10T19:49:27.956+0500: 270.584: [Full GC (Ergonomics) [PSYoungGen: 131584K->131583K(153088K)] [ParOldGen: 349663K->349663K(349696K)] 481247K->481247K(502784K), [Metaspace: 12839K->12839K(1060864K)], 0.0963928 secs] [Times: user=0.06 sys=0.00, real=0.10 secs] 
2017-11-10T19:49:28.052+0500: 270.681: [Full GC (Ergonomics) [PSYoungGen: 131583K->131583K(153088K)] [ParOldGen: 349663K->349663K(349696K)] 481247K->481247K(502784K), [Metaspace: 12839K->12839K(1060864K)], 0.0870193 secs] [Times: user=0.19 sys=0.00, real=0.09 secs] 
2017-11-10T19:49:28.140+0500: 270.768: [Full GC (Ergonomics) [PSYoungGen: 131583K->131582K(153088K)] [ParOldGen: 349666K->349665K(349696K)] 481250K->481247K(502784K), [Metaspace: 12839K->12839K(1060864K)], 0.0894168 secs] [Times: user=0.24 sys=0.00, real=0.09 secs] 
2017-11-10T19:49:28.230+0500: 270.858: [Full GC (Ergonomics) [PSYoungGen: 131584K->131583K(153088K)] [ParOldGen: 349665K->349664K(349696K)] 481249K->481248K(502784K), [Metaspace: 12839K->12839K(1060864K)], 0.0836249 secs] [Times: user=0.14 sys=0.00, real=0.08 secs] 
2017-11-10T19:49:28.314+0500: 270.943: [Full GC (Ergonomics) [PSYoungGen: 131584K->131582K(153088K)] [ParOldGen: 349664K->349664K(349696K)] 481248K->481247K(502784K), [Metaspace: 12839K->12839K(1060864K)], 0.0854118 secs] [Times: user=0.22 sys=0.00, real=0.09 secs] 
2017-11-10T19:49:28.400+0500: 271.028: [Full GC (Ergonomics) [PSYoungGen: 131584K->131583K(153088K)] [ParOldGen: 349664K->349664K(349696K)] 481248K->481248K(502784K), [Metaspace: 12839K->12839K(1060864K)], 0.0807141 secs] [Times: user=0.17 sys=0.00, real=0.08 secs] 
2017-11-10T19:49:28.481+0500: 271.109: [Full GC (Ergonomics) [PSYoungGen: 131584K->131583K(153088K)] [ParOldGen: 349664K->349664K(349696K)] 481248K->481248K(502784K), [Metaspace: 12839K->12839K(1060864K)], 0.0818938 secs] [Times: user=0.19 sys=0.00, real=0.08 secs] 
2017-11-10T19:49:28.563+0500: 271.192: [Full GC (Ergonomics) [PSYoungGen: 131584K->131582K(153088K)] [ParOldGen: 349664K->349662K(349696K)] 481248K->481245K(502784K), [Metaspace: 12839K->12839K(1060864K)], 0.0830422 secs] [Times: user=0.22 sys=0.00, real=0.08 secs] 
2017-11-10T19:49:28.647+0500: 271.275: [Full GC (Ergonomics) [PSYoungGen: 131584K->131583K(153088K)] [ParOldGen: 349662K->349662K(349696K)] 481246K->481246K(502784K), [Metaspace: 12839K->12839K(1060864K)], 0.0798209 secs] [Times: user=0.22 sys=0.00, real=0.08 secs] 
2017-11-10T19:49:28.727+0500: 271.355: [Full GC (Ergonomics) [PSYoungGen: 131584K->131583K(153088K)] [ParOldGen: 349665K->349663K(349696K)] 481249K->481247K(502784K), [Metaspace: 12839K->12839K(1060864K)], 0.0831385 secs] [Times: user=0.22 sys=0.00, real=0.08 secs] 
2017-11-10T19:49:28.811+0500: 271.439: [Full GC (Ergonomics) [PSYoungGen: 131584K->131583K(153088K)] [ParOldGen: 349663K->349663K(349696K)] 481247K->481247K(502784K), [Metaspace: 12839K->12839K(1060864K)], 0.0822859 secs] [Times: user=0.19 sys=0.00, real=0.08 secs] 
2017-11-10T19:49:28.893+0500: 271.522: [Full GC (Ergonomics) [PSYoungGen: 131583K->131583K(153088K)] [ParOldGen: 349663K->349663K(349696K)] 481247K->481247K(502784K), [Metaspace: 12839K->12839K(1060864K)], 0.0815926 secs] [Times: user=0.14 sys=0.00, real=0.08 secs] 
2017-11-10T19:49:28.975+0500: 271.604: [Full GC (Ergonomics) [PSYoungGen: 131583K->131582K(153088K)] [ParOldGen: 349666K->349665K(349696K)] 481250K->481247K(502784K), [Metaspace: 12839K->12839K(1060864K)], 0.0972899 secs] [Times: user=0.26 sys=0.00, real=0.10 secs] 
2017-11-10T19:49:29.073+0500: 271.701: [Full GC (Ergonomics) [PSYoungGen: 131584K->131583K(153088K)] [ParOldGen: 349665K->349664K(349696K)] 481249K->481248K(502784K), [Metaspace: 12839K->12839K(1060864K)], 0.0874050 secs] [Times: user=0.25 sys=0.00, real=0.09 secs] 
2017-11-10T19:49:29.161+0500: 271.789: [Full GC (Ergonomics) [PSYoungGen: 131584K->131582K(153088K)] [ParOldGen: 349664K->349664K(349696K)] 481248K->481247K(502784K), [Metaspace: 12839K->12839K(1060864K)], 0.0846731 secs] [Times: user=0.14 sys=0.00, real=0.08 secs] 
2017-11-10T19:49:29.246+0500: 271.874: [Full GC (Ergonomics) [PSYoungGen: 131584K->131583K(153088K)] [ParOldGen: 349664K->349664K(349696K)] 481248K->481248K(502784K), [Metaspace: 12839K->12839K(1060864K)], 0.0858215 secs] [Times: user=0.22 sys=0.00, real=0.09 secs] 
2017-11-10T19:49:29.332+0500: 271.960: [Full GC (Ergonomics) [PSYoungGen: 131584K->131583K(153088K)] [ParOldGen: 349664K->349664K(349696K)] 481248K->481248K(502784K), [Metaspace: 12839K->12839K(1060864K)], 0.0833350 secs] [Times: user=0.25 sys=0.00, real=0.08 secs] 
2017-11-10T19:49:29.415+0500: 272.044: [Full GC (Ergonomics) [PSYoungGen: 131584K->131582K(153088K)] [ParOldGen: 349664K->349662K(349696K)] 481248K->481245K(502784K), [Metaspace: 12839K->12839K(1060864K)], 0.0925467 secs] [Times: user=0.13 sys=0.00, real=0.09 secs] 
2017-11-10T19:49:29.508+0500: 272.137: [Full GC (Ergonomics) [PSYoungGen: 131584K->131583K(153088K)] [ParOldGen: 349662K->349662K(349696K)] 481246K->481246K(502784K), [Metaspace: 12839K->12839K(1060864K)], 0.0850725 secs] [Times: user=0.05 sys=0.00, real=0.09 secs] 
2017-11-10T19:49:29.595+0500: 272.223: [Full GC (Ergonomics) [PSYoungGen: 131584K->131583K(153088K)] [ParOldGen: 349665K->349663K(349696K)] 481249K->481247K(502784K), [Metaspace: 12839K->12839K(1060864K)], 0.0873649 secs] [Times: user=0.36 sys=0.00, real=0.09 secs] 
2017-11-10T19:49:29.682+0500: 272.311: [Full GC (Ergonomics) [PSYoungGen: 131584K->131583K(153088K)] [ParOldGen: 349663K->349663K(349696K)] 481247K->481247K(502784K), [Metaspace: 12839K->12839K(1060864K)], 0.0825005 secs] [Times: user=0.19 sys=0.00, real=0.08 secs] 
2017-11-10T19:49:29.765+0500: 272.394: [Full GC (Ergonomics) [PSYoungGen: 131583K->131583K(153088K)] [ParOldGen: 349663K->349663K(349696K)] 481247K->481247K(502784K), [Metaspace: 12839K->12839K(1060864K)], 0.0919429 secs] [Times: user=0.31 sys=0.00, real=0.09 secs] 
2017-11-10T19:49:29.858+0500: 272.487: [Full GC (Ergonomics) [PSYoungGen: 131583K->131582K(153088K)] [ParOldGen: 349666K->349665K(349696K)] 481250K->481247K(502784K), [Metaspace: 12839K->12839K(1060864K)], 0.0863099 secs] [Times: user=0.26 sys=0.00, real=0.09 secs] 
2017-11-10T19:49:29.945+0500: 272.574: [Full GC (Ergonomics) [PSYoungGen: 131584K->131583K(153088K)] [ParOldGen: 349665K->349664K(349696K)] 481249K->481248K(502784K), [Metaspace: 12839K->12839K(1060864K)], 0.0864131 secs] [Times: user=0.20 sys=0.00, real=0.09 secs] 
2017-11-10T19:49:30.032+0500: 272.661: [Full GC (Ergonomics) [PSYoungGen: 131584K->131582K(153088K)] [ParOldGen: 349664K->349664K(349696K)] 481248K->481247K(502784K), [Metaspace: 12839K->12839K(1060864K)], 0.0913714 secs] [Times: user=0.26 sys=0.00, real=0.09 secs] 
2017-11-10T19:49:30.124+0500: 272.752: [Full GC (Ergonomics) [PSYoungGen: 131584K->131583K(153088K)] [ParOldGen: 349664K->349664K(349696K)] 481248K->481248K(502784K), [Metaspace: 12839K->12839K(1060864K)], 0.0878690 secs] [Times: user=0.36 sys=0.00, real=0.09 secs] 
2017-11-10T19:49:30.212+0500: 272.840: [Full GC (Ergonomics) [PSYoungGen: 131584K->131583K(153088K)] [ParOldGen: 349664K->349664K(349696K)] 481248K->481248K(502784K), [Metaspace: 12839K->12839K(1060864K)], 0.0831444 secs] [Times: user=0.22 sys=0.00, real=0.08 secs] 
2017-11-10T19:49:30.295+0500: 272.924: [Full GC (Ergonomics) [PSYoungGen: 131584K->131582K(153088K)] [ParOldGen: 349664K->349662K(349696K)] 481248K->481245K(502784K), [Metaspace: 12839K->12839K(1060864K)], 0.0806789 secs] [Times: user=0.20 sys=0.00, real=0.08 secs] 
2017-11-10T19:49:30.376+0500: 273.005: [Full GC (Ergonomics) [PSYoungGen: 131584K->131583K(153088K)] [ParOldGen: 349662K->349662K(349696K)] 481246K->481246K(502784K), [Metaspace: 12839K->12839K(1060864K)], 0.0859657 secs] [Times: user=0.36 sys=0.00, real=0.09 secs] 
2017-11-10T19:49:30.463+0500: 273.092: [Full GC (Ergonomics) [PSYoungGen: 131584K->131583K(153088K)] [ParOldGen: 349665K->349663K(349696K)] 481249K->481247K(502784K), [Metaspace: 12839K->12839K(1060864K)], 0.0917630 secs] [Times: user=0.34 sys=0.00, real=0.09 secs] 
2017-11-10T19:49:30.555+0500: 273.184: [Full GC (Ergonomics) [PSYoungGen: 131584K->131583K(153088K)] [ParOldGen: 349663K->349663K(349696K)] 481247K->481247K(502784K), [Metaspace: 12839K->12839K(1060864K)], 0.0892530 secs] [Times: user=0.25 sys=0.00, real=0.09 secs] 
2017-11-10T19:49:30.644+0500: 273.273: [Full GC (Ergonomics) [PSYoungGen: 131583K->131583K(153088K)] [ParOldGen: 349663K->349663K(349696K)] 481247K->481247K(502784K), [Metaspace: 12839K->12839K(1060864K)], 0.0882469 secs] [Times: user=0.25 sys=0.00, real=0.09 secs] 
2017-11-10T19:49:30.734+0500: 273.362: [Full GC (Ergonomics) [PSYoungGen: 131583K->131582K(153088K)] [ParOldGen: 349666K->349665K(349696K)] 481250K->481247K(502784K), [Metaspace: 12839K->12839K(1060864K)], 0.0869147 secs] [Times: user=0.33 sys=0.00, real=0.09 secs] 
2017-11-10T19:49:30.821+0500: 273.449: [Full GC (Ergonomics) [PSYoungGen: 131584K->131583K(153088K)] [ParOldGen: 349665K->349664K(349696K)] 481249K->481248K(502784K), [Metaspace: 12839K->12839K(1060864K)], 0.0846545 secs] [Times: user=0.17 sys=0.00, real=0.08 secs] 
2017-11-10T19:49:30.906+0500: 273.534: [Full GC (Ergonomics) [PSYoungGen: 131584K->131582K(153088K)] [ParOldGen: 349664K->349664K(349696K)] 481248K->481247K(502784K), [Metaspace: 12839K->12839K(1060864K)], 0.0867382 secs] [Times: user=0.25 sys=0.00, real=0.09 secs] 
2017-11-10T19:49:30.993+0500: 273.622: [Full GC (Ergonomics) [PSYoungGen: 131584K->131583K(153088K)] [ParOldGen: 349664K->349664K(349696K)] 481248K->481248K(502784K), [Metaspace: 12839K->12839K(1060864K)], 0.0853859 secs] [Times: user=0.20 sys=0.00, real=0.09 secs] 
2017-11-10T19:49:31.079+0500: 273.707: [Full GC (Ergonomics) [PSYoungGen: 131584K->131583K(153088K)] [ParOldGen: 349664K->349664K(349696K)] 481248K->481248K(502784K), [Metaspace: 12839K->12839K(1060864K)], 0.0865030 secs] [Times: user=0.38 sys=0.00, real=0.09 secs] 
2017-11-10T19:49:31.166+0500: 273.794: [Full GC (Ergonomics) [PSYoungGen: 131584K->131582K(153088K)] [ParOldGen: 349664K->349662K(349696K)] 481248K->481245K(502784K), [Metaspace: 12839K->12839K(1060864K)], 0.0895913 secs] [Times: user=0.30 sys=0.00, real=0.09 secs] 
2017-11-10T19:49:31.256+0500: 273.884: [Full GC (Ergonomics) [PSYoungGen: 131584K->131583K(153088K)] [ParOldGen: 349662K->349662K(349696K)] 481246K->481246K(502784K), [Metaspace: 12839K->12839K(1060864K)], 0.0892452 secs] [Times: user=0.23 sys=0.00, real=0.09 secs] 
2017-11-10T19:49:31.346+0500: 273.974: [Full GC (Ergonomics) [PSYoungGen: 131584K->131583K(153088K)] [ParOldGen: 349665K->349663K(349696K)] 481249K->481247K(502784K), [Metaspace: 12839K->12839K(1060864K)], 0.0927114 secs] [Times: user=0.33 sys=0.00, real=0.09 secs] 
2017-11-10T19:49:31.440+0500: 274.069: [Full GC (Ergonomics) [PSYoungGen: 131584K->131583K(153088K)] [ParOldGen: 349663K->349663K(349696K)] 481247K->481247K(502784K), [Metaspace: 12839K->12839K(1060864K)], 0.0890457 secs] [Times: user=0.22 sys=0.00, real=0.09 secs] 
2017-11-10T19:49:31.529+0500: 274.158: [Full GC (Ergonomics) [PSYoungGen: 131583K->131583K(153088K)] [ParOldGen: 349663K->349663K(349696K)] 481247K->481247K(502784K), [Metaspace: 12839K->12839K(1060864K)], 0.0864683 secs] [Times: user=0.38 sys=0.00, real=0.09 secs] 
2017-11-10T19:49:31.616+0500: 274.245: [Full GC (Ergonomics) [PSYoungGen: 131583K->131582K(153088K)] [ParOldGen: 349666K->349665K(349696K)] 481250K->481247K(502784K), [Metaspace: 12839K->12839K(1060864K)], 0.0891562 secs] [Times: user=0.28 sys=0.00, real=0.09 secs] 
2017-11-10T19:49:31.706+0500: 274.335: [Full GC (Ergonomics) [PSYoungGen: 131584K->131583K(153088K)] [ParOldGen: 349665K->349664K(349696K)] 481249K->481248K(502784K), [Metaspace: 12843K->12843K(1060864K)], 0.0865475 secs] [Times: user=0.25 sys=0.00, real=0.09 secs] 
2017-11-10T19:49:31.793+0500: 274.422: [Full GC (Ergonomics) [PSYoungGen: 131584K->131582K(153088K)] [ParOldGen: 349664K->349664K(349696K)] 481248K->481247K(502784K), [Metaspace: 12843K->12843K(1060864K)], 0.0876788 secs] [Times: user=0.34 sys=0.00, real=0.09 secs] 
2017-11-10T19:49:31.881+0500: 274.510: [Full GC (Ergonomics) [PSYoungGen: 131584K->131583K(153088K)] [ParOldGen: 349664K->349664K(349696K)] 481248K->481248K(502784K), [Metaspace: 12843K->12843K(1060864K)], 0.0881486 secs] [Times: user=0.23 sys=0.00, real=0.09 secs] 
2017-11-10T19:49:31.970+0500: 274.598: [Full GC (Ergonomics) [PSYoungGen: 131584K->131583K(153088K)] [ParOldGen: 349664K->349664K(349696K)] 481248K->481248K(502784K), [Metaspace: 12843K->12843K(1060864K)], 0.0872911 secs] [Times: user=0.33 sys=0.00, real=0.09 secs] 
2017-11-10T19:49:32.057+0500: 274.686: [Full GC (Ergonomics) [PSYoungGen: 131584K->131582K(153088K)] [ParOldGen: 349664K->349662K(349696K)] 481248K->481245K(502784K), [Metaspace: 12843K->12843K(1060864K)], 0.0854133 secs] [Times: user=0.23 sys=0.00, real=0.09 secs] 
2017-11-10T19:49:32.144+0500: 274.772: [Full GC (Ergonomics) [PSYoungGen: 131584K->131583K(153088K)] [ParOldGen: 349662K->349662K(349696K)] 481246K->481246K(502784K), [Metaspace: 12843K->12843K(1060864K)], 0.0868311 secs] [Times: user=0.31 sys=0.00, real=0.09 secs] 
2017-11-10T19:49:32.231+0500: 274.859: [Full GC (Ergonomics) [PSYoungGen: 131584K->131583K(153088K)] [ParOldGen: 349662K->349662K(349696K)] 481246K->481246K(502784K), [Metaspace: 12843K->12843K(1060864K)], 0.0880553 secs] [Times: user=0.31 sys=0.00, real=0.09 secs] 
2017-11-10T19:49:32.319+0500: 274.948: [Full GC (Ergonomics) [PSYoungGen: 131584K->131583K(153088K)] [ParOldGen: 349665K->349664K(349696K)] 481249K->481248K(502784K), [Metaspace: 12843K->12843K(1060864K)], 0.0927315 secs] [Times: user=0.27 sys=0.00, real=0.09 secs] 
2017-11-10T19:49:32.413+0500: 275.041: [Full GC (Ergonomics) [PSYoungGen: 131584K->131583K(153088K)] [ParOldGen: 349666K->349665K(349696K)] 481250K->481249K(502784K), [Metaspace: 12843K->12843K(1060864K)], 0.0877184 secs] [Times: user=0.25 sys=0.00, real=0.09 secs] 
2017-11-10T19:49:32.501+0500: 275.129: [Full GC (Ergonomics) [PSYoungGen: 131584K->131583K(153088K)] [ParOldGen: 349665K->349663K(349696K)] 481249K->481246K(502784K), [Metaspace: 12843K->12843K(1060864K)], 0.0950082 secs] [Times: user=0.17 sys=0.00, real=0.10 secs] 
2017-11-10T19:49:32.596+0500: 275.224: [Full GC (Ergonomics) [PSYoungGen: 131584K->131583K(153088K)] [ParOldGen: 349663K->349663K(349696K)] 481247K->481247K(502784K), [Metaspace: 12843K->12843K(1060864K)], 0.0829640 secs] [Times: user=0.25 sys=0.00, real=0.08 secs] 
2017-11-10T19:49:32.679+0500: 275.308: [Full GC (Ergonomics) [PSYoungGen: 131583K->131583K(153088K)] [ParOldGen: 349666K->349664K(349696K)] 481250K->481248K(502784K), [Metaspace: 12843K->12843K(1060864K)], 0.0769844 secs] [Times: user=0.14 sys=0.02, real=0.08 secs] 
2017-11-10T19:49:32.757+0500: 275.385: [Full GC (Ergonomics) [PSYoungGen: 131583K->131583K(153088K)] [ParOldGen: 349667K->349665K(349696K)] 481251K->481249K(502784K), [Metaspace: 12843K->12843K(1060864K)], 0.0816440 secs] [Times: user=0.20 sys=0.00, real=0.08 secs] 
2017-11-10T19:49:32.839+0500: 275.468: [Full GC (Ergonomics) [PSYoungGen: 131583K->131583K(153088K)] [ParOldGen: 349667K->349666K(349696K)] 481251K->481250K(502784K), [Metaspace: 12843K->12843K(1060864K)], 0.0887813 secs] [Times: user=0.22 sys=0.00, real=0.09 secs] 
2017-11-10T19:49:32.928+0500: 275.557: [Full GC (Ergonomics) [PSYoungGen: 131583K->131583K(153088K)] [ParOldGen: 349669K->349666K(349696K)] 481253K->481249K(502784K), [Metaspace: 12844K->12844K(1060864K)], 0.0868580 secs] [Times: user=0.06 sys=0.00, real=0.09 secs] 
2017-11-10T19:49:33.016+0500: 275.644: [Full GC (Ergonomics) [PSYoungGen: 131584K->131583K(153088K)] [ParOldGen: 349666K->349665K(349696K)] 481250K->481249K(502784K), [Metaspace: 12846K->12846K(1060864K)], 0.0930840 secs] [Times: user=0.27 sys=0.02, real=0.09 secs] 
2017-11-10T19:49:33.110+0500: 275.739: [Full GC (Ergonomics) [PSYoungGen: 131584K->131583K(153088K)] [ParOldGen: 349665K->349665K(349696K)] 481249K->481249K(502784K), [Metaspace: 12846K->12846K(1060864K)], 0.0929666 secs] [Times: user=0.28 sys=0.00, real=0.09 secs] 
2017-11-10T19:49:33.204+0500: 275.833: [Full GC (Ergonomics) [PSYoungGen: 131584K->131583K(153088K)] [ParOldGen: 349667K->349666K(349696K)] 481251K->481249K(502784K), [Metaspace: 12846K->12846K(1060864K)], 0.0899551 secs] [Times: user=0.28 sys=0.00, real=0.09 secs] 
2017-11-10T19:49:33.294+0500: 275.923: [Full GC (Ergonomics) [PSYoungGen: 131584K->131583K(153088K)] [ParOldGen: 349666K->349666K(349696K)] 481250K->481250K(502784K), [Metaspace: 12846K->12846K(1060864K)], 0.0865006 secs] [Times: user=0.19 sys=0.00, real=0.09 secs] 
2017-11-10T19:49:33.382+0500: 276.011: [Full GC (Ergonomics) [PSYoungGen: 131584K->131583K(153088K)] [ParOldGen: 349666K->349663K(349696K)] 481250K->481247K(502784K), [Metaspace: 12846K->12846K(1060864K)], 0.0888595 secs] [Times: user=0.22 sys=0.00, real=0.09 secs] 
2017-11-10T19:49:33.471+0500: 276.100: [Full GC (Ergonomics) [PSYoungGen: 131584K->131583K(153088K)] [ParOldGen: 349663K->349663K(349696K)] 481247K->481247K(502784K), [Metaspace: 12846K->12846K(1060864K)], 0.0931734 secs] [Times: user=0.19 sys=0.00, real=0.09 secs] 
2017-11-10T19:49:33.565+0500: 276.193: [Full GC (Ergonomics) [PSYoungGen: 131584K->131584K(153088K)] [ParOldGen: 349663K->349663K(349696K)] 481247K->481247K(502784K), [Metaspace: 12846K->12846K(1060864K)], 0.1084786 secs] [Times: user=0.22 sys=0.00, real=0.11 secs] 
2017-11-10T19:49:33.673+0500: 276.302: [Full GC (Ergonomics) [PSYoungGen: 131584K->131583K(153088K)] [ParOldGen: 349666K->349665K(349696K)] 481250K->481249K(502784K), [Metaspace: 12846K->12846K(1060864K)], 0.1154242 secs] [Times: user=0.17 sys=0.00, real=0.12 secs] 
2017-11-10T19:49:33.790+0500: 276.419: [Full GC (Ergonomics) [PSYoungGen: 131584K->131583K(153088K)] [ParOldGen: 349667K->349665K(349696K)] 481251K->481249K(502784K), [Metaspace: 12847K->12847K(1060864K)], 0.0859183 secs] [Times: user=0.11 sys=0.00, real=0.09 secs] 
2017-11-10T19:49:33.877+0500: 276.505: [Full GC (Ergonomics) [PSYoungGen: 131583K->131583K(153088K)] [ParOldGen: 349665K->349663K(349696K)] 481249K->481247K(502784K), [Metaspace: 12847K->12847K(1060864K)], 0.0915190 secs] [Times: user=0.22 sys=0.00, real=0.09 secs] 
2017-11-10T19:49:33.968+0500: 276.597: [Full GC (Ergonomics) [PSYoungGen: 131584K->131583K(153088K)] [ParOldGen: 349663K->349663K(349696K)] 481247K->481247K(502784K), [Metaspace: 12847K->12847K(1060864K)], 0.0856079 secs] [Times: user=0.19 sys=0.00, real=0.09 secs] 
2017-11-10T19:49:34.056+0500: 276.685: [Full GC (Ergonomics) [PSYoungGen: 131583K->131583K(153088K)] [ParOldGen: 349663K->349663K(349696K)] 481247K->481247K(502784K), [Metaspace: 12847K->12847K(1060864K)], 0.1000281 secs] [Times: user=0.19 sys=0.00, real=0.10 secs] 
2017-11-10T19:49:34.157+0500: 276.786: [Full GC (Ergonomics) [PSYoungGen: 131583K->131583K(153088K)] [ParOldGen: 349666K->349665K(349696K)] 481250K->481249K(502784K), [Metaspace: 12847K->12847K(1060864K)], 0.0905945 secs] [Times: user=0.20 sys=0.00, real=0.09 secs] 
2017-11-10T19:49:34.248+0500: 276.877: [Full GC (Ergonomics) [PSYoungGen: 131583K->131583K(153088K)] [ParOldGen: 349667K->349665K(349696K)] 481251K->481249K(502784K), [Metaspace: 12847K->12847K(1060864K)], 0.0817021 secs] [Times: user=0.17 sys=0.00, real=0.08 secs] 
2017-11-10T19:49:34.330+0500: 276.959: [Full GC (Ergonomics) [PSYoungGen: 131583K->131583K(153088K)] [ParOldGen: 349668K->349666K(349696K)] 481252K->481249K(502784K), [Metaspace: 12847K->12847K(1060864K)], 0.0937596 secs] [Times: user=0.19 sys=0.00, real=0.09 secs] 
2017-11-10T19:49:34.424+0500: 277.053: [Full GC (Ergonomics) [PSYoungGen: 131584K->131583K(153088K)] [ParOldGen: 349666K->349665K(349696K)] 481250K->481249K(502784K), [Metaspace: 12847K->12847K(1060864K)], 0.0864683 secs] [Times: user=0.19 sys=0.00, real=0.09 secs] 
2017-11-10T19:49:34.511+0500: 277.140: [Full GC (Ergonomics) [PSYoungGen: 131583K->131583K(153088K)] [ParOldGen: 349665K->349665K(349696K)] 481249K->481249K(502784K), [Metaspace: 12847K->12847K(1060864K)], 0.0962045 secs] [Times: user=0.17 sys=0.00, real=0.10 secs] 
2017-11-10T19:49:34.608+0500: 277.237: [Full GC (Ergonomics) [PSYoungGen: 131584K->131583K(153088K)] [ParOldGen: 349667K->349666K(349696K)] 481251K->481249K(502784K), [Metaspace: 12847K->12847K(1060864K)], 0.0979997 secs] [Times: user=0.19 sys=0.00, real=0.10 secs] 
2017-11-10T19:49:34.707+0500: 277.335: [Full GC (Ergonomics) [PSYoungGen: 131584K->131583K(153088K)] [ParOldGen: 349666K->349666K(349696K)] 481250K->481250K(502784K), [Metaspace: 12847K->12847K(1060864K)], 0.0829253 secs] [Times: user=0.14 sys=0.00, real=0.08 secs] 
2017-11-10T19:49:34.790+0500: 277.418: [Full GC (Ergonomics) [PSYoungGen: 131584K->131583K(153088K)] [ParOldGen: 349666K->349663K(349696K)] 481250K->481247K(502784K), [Metaspace: 12847K->12847K(1060864K)], 0.0810573 secs] [Times: user=0.17 sys=0.00, real=0.08 secs] 
2017-11-10T19:49:34.871+0500: 277.500: [Full GC (Ergonomics) [PSYoungGen: 131584K->131583K(153088K)] [ParOldGen: 349663K->349663K(349696K)] 481247K->481247K(502784K), [Metaspace: 12847K->12847K(1060864K)], 0.1063573 secs] [Times: user=0.17 sys=0.00, real=0.11 secs] 
2017-11-10T19:49:34.978+0500: 277.606: [Full GC (Ergonomics) [PSYoungGen: 131584K->131584K(153088K)] [ParOldGen: 349663K->349663K(349696K)] 481247K->481247K(502784K), [Metaspace: 12847K->12847K(1060864K)], 0.0950821 secs] [Times: user=0.09 sys=0.00, real=0.10 secs] 
2017-11-10T19:49:35.073+0500: 277.702: [Full GC (Ergonomics) [PSYoungGen: 131584K->131583K(153088K)] [ParOldGen: 349666K->349665K(349696K)] 481250K->481249K(502784K), [Metaspace: 12847K->12847K(1060864K)], 0.0918202 secs] [Times: user=0.27 sys=0.00, real=0.09 secs] 
2017-11-10T19:49:35.166+0500: 277.795: [Full GC (Ergonomics) [PSYoungGen: 131584K->131583K(153088K)] [ParOldGen: 349667K->349665K(349696K)] 481251K->481249K(502784K), [Metaspace: 12847K->12847K(1060864K)], 0.0918960 secs] [Times: user=0.19 sys=0.00, real=0.09 secs] 
2017-11-10T19:49:35.259+0500: 277.887: [Full GC (Ergonomics) [PSYoungGen: 131583K->131583K(153088K)] [ParOldGen: 349665K->349663K(349696K)] 481249K->481247K(502784K), [Metaspace: 12847K->12847K(1060864K)], 0.0855658 secs] [Times: user=0.09 sys=0.00, real=0.09 secs] 
2017-11-10T19:49:35.345+0500: 277.973: [Full GC (Ergonomics) [PSYoungGen: 131584K->131583K(153088K)] [ParOldGen: 349663K->349663K(349696K)] 481247K->481247K(502784K), [Metaspace: 12847K->12847K(1060864K)], 0.0812030 secs] [Times: user=0.25 sys=0.00, real=0.08 secs] 
2017-11-10T19:49:35.426+0500: 278.055: [Full GC (Ergonomics) [PSYoungGen: 131583K->131583K(153088K)] [ParOldGen: 349663K->349663K(349696K)] 481247K->481247K(502784K), [Metaspace: 12847K->12847K(1060864K)], 0.0861750 secs] [Times: user=0.14 sys=0.00, real=0.09 secs] 
2017-11-10T19:49:35.513+0500: 278.141: [Full GC (Ergonomics) [PSYoungGen: 131583K->131583K(153088K)] [ParOldGen: 349666K->349665K(349696K)] 481250K->481249K(502784K), [Metaspace: 12847K->12847K(1060864K)], 0.1059931 secs] [Times: user=0.16 sys=0.00, real=0.11 secs] 
2017-11-10T19:49:35.620+0500: 278.248: [Full GC (Ergonomics) [PSYoungGen: 131583K->131583K(153088K)] [ParOldGen: 349667K->349665K(349696K)] 481251K->481249K(502784K), [Metaspace: 12847K->12847K(1060864K)], 0.0919786 secs] [Times: user=0.17 sys=0.00, real=0.09 secs] 
2017-11-10T19:49:35.712+0500: 278.340: [Full GC (Ergonomics) [PSYoungGen: 131583K->131583K(153088K)] [ParOldGen: 349668K->349666K(349696K)] 481252K->481249K(502784K), [Metaspace: 12847K->12847K(1060864K)], 0.0916442 secs] [Times: user=0.22 sys=0.00, real=0.09 secs] 
2017-11-10T19:49:35.804+0500: 278.433: [Full GC (Ergonomics) [PSYoungGen: 131584K->131583K(153088K)] [ParOldGen: 349666K->349665K(349696K)] 481250K->481249K(502784K), [Metaspace: 12847K->12847K(1060864K)], 0.0969428 secs] [Times: user=0.27 sys=0.00, real=0.10 secs] 
2017-11-10T19:49:35.901+0500: 278.530: [Full GC (Ergonomics) [PSYoungGen: 131583K->131583K(153088K)] [ParOldGen: 349665K->349665K(349696K)] 481249K->481249K(502784K), [Metaspace: 12847K->12847K(1060864K)], 0.0848051 secs] [Times: user=0.19 sys=0.00, real=0.09 secs] 
2017-11-10T19:49:35.987+0500: 278.615: [Full GC (Ergonomics) [PSYoungGen: 131584K->131583K(153088K)] [ParOldGen: 349667K->349666K(349696K)] 481251K->481249K(502784K), [Metaspace: 12847K->12847K(1060864K)], 0.0863974 secs] [Times: user=0.23 sys=0.00, real=0.09 secs] 
2017-11-10T19:49:36.074+0500: 278.702: [Full GC (Ergonomics) [PSYoungGen: 131584K->131583K(153088K)] [ParOldGen: 349666K->349666K(349696K)] 481250K->481250K(502784K), [Metaspace: 12847K->12847K(1060864K)], 0.0855057 secs] [Times: user=0.17 sys=0.00, real=0.09 secs] 
2017-11-10T19:49:36.159+0500: 278.788: [Full GC (Ergonomics) [PSYoungGen: 131584K->131583K(153088K)] [ParOldGen: 349666K->349663K(349696K)] 481250K->481247K(502784K), [Metaspace: 12847K->12847K(1060864K)], 0.0845685 secs] [Times: user=0.14 sys=0.00, real=0.09 secs] 
2017-11-10T19:49:36.244+0500: 278.873: [Full GC (Ergonomics) [PSYoungGen: 131584K->131583K(153088K)] [ParOldGen: 349663K->349663K(349696K)] 481247K->481247K(502784K), [Metaspace: 12847K->12847K(1060864K)], 0.0845113 secs] [Times: user=0.16 sys=0.00, real=0.09 secs] 
2017-11-10T19:49:36.329+0500: 278.958: [Full GC (Ergonomics) [PSYoungGen: 131584K->131584K(153088K)] [ParOldGen: 349663K->349663K(349696K)] 481247K->481247K(502784K), [Metaspace: 12847K->12847K(1060864K)], 0.0814328 secs] [Times: user=0.20 sys=0.00, real=0.08 secs] 
2017-11-10T19:49:36.411+0500: 279.039: [Full GC (Ergonomics) [PSYoungGen: 131584K->131583K(153088K)] [ParOldGen: 349666K->349665K(349696K)] 481250K->481249K(502784K), [Metaspace: 12847K->12847K(1060864K)], 0.0841940 secs] [Times: user=0.14 sys=0.00, real=0.08 secs] 
2017-11-10T19:49:36.496+0500: 279.124: [Full GC (Ergonomics) [PSYoungGen: 131584K->131583K(153088K)] [ParOldGen: 349667K->349665K(349696K)] 481251K->481249K(502784K), [Metaspace: 12848K->12848K(1060864K)], 0.0844477 secs] [Times: user=0.22 sys=0.00, real=0.08 secs] 
2017-11-10T19:49:36.580+0500: 279.209: [Full GC (Ergonomics) [PSYoungGen: 131583K->131583K(153088K)] [ParOldGen: 349665K->349663K(349696K)] 481249K->481247K(502784K), [Metaspace: 12848K->12848K(1060864K)], 0.0891944 secs] [Times: user=0.24 sys=0.00, real=0.09 secs] 
2017-11-10T19:49:36.670+0500: 279.299: [Full GC (Ergonomics) [PSYoungGen: 131584K->131583K(153088K)] [ParOldGen: 349663K->349663K(349696K)] 481247K->481247K(502784K), [Metaspace: 12849K->12849K(1060864K)], 0.0873014 secs] [Times: user=0.16 sys=0.00, real=0.09 secs] 
2017-11-10T19:49:36.758+0500: 279.386: [Full GC (Ergonomics) [PSYoungGen: 131583K->131583K(153088K)] [ParOldGen: 349663K->349663K(349696K)] 481247K->481247K(502784K), [Metaspace: 12849K->12849K(1060864K)], 0.0876417 secs] [Times: user=0.08 sys=0.00, real=0.09 secs] 
2017-11-10T19:49:36.846+0500: 279.474: [Full GC (Ergonomics) [PSYoungGen: 131583K->131583K(153088K)] [ParOldGen: 349666K->349665K(349696K)] 481250K->481249K(502784K), [Metaspace: 12849K->12849K(1060864K)], 0.0862992 secs] [Times: user=0.30 sys=0.00, real=0.09 secs] 
2017-11-10T19:49:36.933+0500: 279.561: [Full GC (Ergonomics) [PSYoungGen: 131583K->131583K(153088K)] [ParOldGen: 349667K->349665K(349696K)] 481251K->481249K(502784K), [Metaspace: 12849K->12849K(1060864K)], 0.0963761 secs] [Times: user=0.17 sys=0.00, real=0.10 secs] 
2017-11-10T19:49:37.030+0500: 279.658: [Full GC (Ergonomics) [PSYoungGen: 131583K->131583K(153088K)] [ParOldGen: 349668K->349666K(349696K)] 481252K->481249K(502784K), [Metaspace: 12849K->12849K(1060864K)], 0.0845416 secs] [Times: user=0.20 sys=0.00, real=0.08 secs] 
2017-11-10T19:49:37.115+0500: 279.744: [Full GC (Ergonomics) [PSYoungGen: 131584K->131583K(153088K)] [ParOldGen: 349666K->349665K(349696K)] 481250K->481249K(502784K), [Metaspace: 12849K->12849K(1060864K)], 0.0814821 secs] [Times: user=0.30 sys=0.00, real=0.08 secs] 
2017-11-10T19:49:37.197+0500: 279.825: [Full GC (Ergonomics) [PSYoungGen: 131583K->131583K(153088K)] [ParOldGen: 349665K->349665K(349696K)] 481249K->481249K(502784K), [Metaspace: 12849K->12849K(1060864K)], 0.0872667 secs] [Times: user=0.23 sys=0.00, real=0.09 secs] 
2017-11-10T19:49:37.285+0500: 279.913: [Full GC (Ergonomics) [PSYoungGen: 131584K->131583K(153088K)] [ParOldGen: 349667K->349666K(349696K)] 481251K->481249K(502784K), [Metaspace: 12849K->12849K(1060864K)], 0.0829014 secs] [Times: user=0.25 sys=0.00, real=0.08 secs] 
2017-11-10T19:49:37.368+0500: 279.997: [Full GC (Ergonomics) [PSYoungGen: 131584K->131583K(153088K)] [ParOldGen: 349666K->349666K(349696K)] 481250K->481250K(502784K), [Metaspace: 12849K->12849K(1060864K)], 0.0863001 secs] [Times: user=0.23 sys=0.00, real=0.09 secs] 
2017-11-10T19:49:37.455+0500: 280.083: [Full GC (Ergonomics) [PSYoungGen: 131584K->131583K(153088K)] [ParOldGen: 349666K->349663K(349696K)] 481250K->481247K(502784K), [Metaspace: 12849K->12849K(1060864K)], 0.0891851 secs] [Times: user=0.30 sys=0.00, real=0.09 secs] 
2017-11-10T19:49:37.544+0500: 280.173: [Full GC (Ergonomics) [PSYoungGen: 131584K->131583K(153088K)] [ParOldGen: 349663K->349663K(349696K)] 481247K->481247K(502784K), [Metaspace: 12849K->12849K(1060864K)], 0.0813545 secs] [Times: user=0.22 sys=0.00, real=0.08 secs] 
2017-11-10T19:49:37.626+0500: 280.254: [Full GC (Ergonomics) [PSYoungGen: 131584K->131584K(153088K)] [ParOldGen: 349663K->349663K(349696K)] 481247K->481247K(502784K), [Metaspace: 12849K->12849K(1060864K)], 0.0849215 secs] [Times: user=0.27 sys=0.00, real=0.09 secs] 
2017-11-10T19:49:37.711+0500: 280.340: [Full GC (Ergonomics) [PSYoungGen: 131584K->131583K(153088K)] [ParOldGen: 349666K->349665K(349696K)] 481250K->481249K(502784K), [Metaspace: 12849K->12849K(1060864K)], 0.0869357 secs] [Times: user=0.20 sys=0.00, real=0.09 secs] 
2017-11-10T19:49:37.799+0500: 280.427: [Full GC (Ergonomics) [PSYoungGen: 131584K->131583K(153088K)] [ParOldGen: 349667K->349665K(349696K)] 481251K->481249K(502784K), [Metaspace: 12849K->12849K(1060864K)], 0.0875365 secs] [Times: user=0.30 sys=0.00, real=0.09 secs] 
2017-11-10T19:49:37.887+0500: 280.515: [Full GC (Ergonomics) [PSYoungGen: 131583K->131583K(153088K)] [ParOldGen: 349665K->349663K(349696K)] 481249K->481247K(502784K), [Metaspace: 12849K->12849K(1060864K)], 0.0887817 secs] [Times: user=0.38 sys=0.00, real=0.09 secs] 
2017-11-10T19:49:37.976+0500: 280.605: [Full GC (Ergonomics) [PSYoungGen: 131584K->131583K(153088K)] [ParOldGen: 349663K->349663K(349696K)] 481247K->481247K(502784K), [Metaspace: 12849K->12849K(1060864K)], 0.0868770 secs] [Times: user=0.20 sys=0.00, real=0.09 secs] 
2017-11-10T19:49:38.063+0500: 280.692: [Full GC (Ergonomics) [PSYoungGen: 131583K->131583K(153088K)] [ParOldGen: 349663K->349663K(349696K)] 481247K->481247K(502784K), [Metaspace: 12849K->12849K(1060864K)], 0.0892056 secs] [Times: user=0.36 sys=0.00, real=0.09 secs] 
2017-11-10T19:49:38.153+0500: 280.782: [Full GC (Ergonomics) [PSYoungGen: 131583K->131583K(153088K)] [ParOldGen: 349666K->349665K(349696K)] 481250K->481249K(502784K), [Metaspace: 12849K->12849K(1060864K)], 0.0898793 secs] [Times: user=0.36 sys=0.00, real=0.09 secs] 
2017-11-10T19:49:38.243+0500: 280.872: [Full GC (Ergonomics) [PSYoungGen: 131583K->131583K(153088K)] [ParOldGen: 349667K->349665K(349696K)] 481251K->481249K(502784K), [Metaspace: 12849K->12849K(1060864K)], 0.0872481 secs] [Times: user=0.28 sys=0.00, real=0.09 secs] 
2017-11-10T19:49:38.331+0500: 280.960: [Full GC (Ergonomics) [PSYoungGen: 131583K->131583K(153088K)] [ParOldGen: 349668K->349666K(349696K)] 481252K->481249K(502784K), [Metaspace: 12849K->12849K(1060864K)], 0.0813717 secs] [Times: user=0.27 sys=0.00, real=0.08 secs] 
2017-11-10T19:49:38.413+0500: 281.041: [Full GC (Ergonomics) [PSYoungGen: 131584K->131583K(153088K)] [ParOldGen: 349666K->349665K(349696K)] 481250K->481249K(502784K), [Metaspace: 12849K->12849K(1060864K)], 0.0775828 secs] [Times: user=0.14 sys=0.00, real=0.08 secs] 
2017-11-10T19:49:38.490+0500: 281.119: [Full GC (Ergonomics) [PSYoungGen: 131583K->131583K(153088K)] [ParOldGen: 349665K->349665K(349696K)] 481249K->481249K(502784K), [Metaspace: 12849K->12849K(1060864K)], 0.1090134 secs] [Times: user=0.17 sys=0.00, real=0.11 secs] 
2017-11-10T19:49:38.600+0500: 281.229: [Full GC (Ergonomics) [PSYoungGen: 131584K->131583K(153088K)] [ParOldGen: 349667K->349666K(349696K)] 481251K->481249K(502784K), [Metaspace: 12849K->12849K(1060864K)], 0.0840156 secs] [Times: user=0.25 sys=0.00, real=0.09 secs] 
2017-11-10T19:49:38.685+0500: 281.313: [Full GC (Ergonomics) [PSYoungGen: 131584K->131583K(153088K)] [ParOldGen: 349666K->349666K(349696K)] 481250K->481250K(502784K), [Metaspace: 12849K->12849K(1060864K)], 0.0822086 secs] [Times: user=0.11 sys=0.00, real=0.08 secs] 
2017-11-10T19:49:38.768+0500: 281.396: [Full GC (Ergonomics) [PSYoungGen: 131584K->131583K(153088K)] [ParOldGen: 349666K->349663K(349696K)] 481250K->481247K(502784K), [Metaspace: 12849K->12849K(1060864K)], 0.0783112 secs] [Times: user=0.14 sys=0.00, real=0.08 secs] 
2017-11-10T19:49:38.846+0500: 281.475: [Full GC (Ergonomics) [PSYoungGen: 131584K->131583K(153088K)] [ParOldGen: 349663K->349663K(349696K)] 481247K->481247K(502784K), [Metaspace: 12849K->12849K(1060864K)], 0.0820224 secs] [Times: user=0.20 sys=0.00, real=0.08 secs] 
2017-11-10T19:49:38.929+0500: 281.557: [Full GC (Ergonomics) [PSYoungGen: 131584K->131584K(153088K)] [ParOldGen: 349663K->349663K(349696K)] 481247K->481247K(502784K), [Metaspace: 12849K->12849K(1060864K)], 0.0904464 secs] [Times: user=0.16 sys=0.00, real=0.09 secs] 
2017-11-10T19:49:39.019+0500: 281.648: [Full GC (Ergonomics) [PSYoungGen: 131584K->131583K(153088K)] [ParOldGen: 349666K->349665K(349696K)] 481250K->481249K(502784K), [Metaspace: 12849K->12849K(1060864K)], 0.0851385 secs] [Times: user=0.20 sys=0.00, real=0.09 secs] 
2017-11-10T19:49:39.105+0500: 281.733: [Full GC (Ergonomics) [PSYoungGen: 131584K->131583K(153088K)] [ParOldGen: 349667K->349665K(349696K)] 481251K->481249K(502784K), [Metaspace: 12849K->12849K(1060864K)], 0.0865079 secs] [Times: user=0.16 sys=0.00, real=0.09 secs] 
2017-11-10T19:49:39.192+0500: 281.820: [Full GC (Ergonomics) [PSYoungGen: 131583K->131583K(153088K)] [ParOldGen: 349665K->349663K(349696K)] 481249K->481247K(502784K), [Metaspace: 12849K->12849K(1060864K)], 0.0898583 secs] [Times: user=0.13 sys=0.00, real=0.09 secs] 
2017-11-10T19:49:39.282+0500: 281.911: [Full GC (Ergonomics) [PSYoungGen: 131584K->131583K(153088K)] [ParOldGen: 349663K->349663K(349696K)] 481247K->481247K(502784K), [Metaspace: 12849K->12849K(1060864K)], 0.0865074 secs] [Times: user=0.33 sys=0.00, real=0.09 secs] 
2017-11-10T19:49:39.369+0500: 281.997: [Full GC (Ergonomics) [PSYoungGen: 131583K->131583K(153088K)] [ParOldGen: 349663K->349663K(349696K)] 481247K->481247K(502784K), [Metaspace: 12849K->12849K(1060864K)], 0.0917997 secs] [Times: user=0.36 sys=0.00, real=0.09 secs] 
2017-11-10T19:49:39.461+0500: 282.090: [Full GC (Ergonomics) [PSYoungGen: 131583K->131583K(153088K)] [ParOldGen: 349666K->349665K(349696K)] 481250K->481249K(502784K), [Metaspace: 12849K->12849K(1060864K)], 0.0944362 secs] [Times: user=0.20 sys=0.00, real=0.10 secs] 
2017-11-10T19:49:39.556+0500: 282.185: [Full GC (Ergonomics) [PSYoungGen: 131583K->131583K(153088K)] [ParOldGen: 349667K->349665K(349696K)] 481251K->481249K(502784K), [Metaspace: 12849K->12849K(1060864K)], 0.0905036 secs] [Times: user=0.31 sys=0.00, real=0.09 secs] 
2017-11-10T19:49:39.647+0500: 282.276: [Full GC (Ergonomics) [PSYoungGen: 131583K->131583K(153088K)] [ParOldGen: 349668K->349666K(349696K)] 481252K->481249K(502784K), [Metaspace: 12849K->12849K(1060864K)], 0.0864801 secs] [Times: user=0.16 sys=0.00, real=0.09 secs] 
2017-11-10T19:49:39.734+0500: 282.363: [Full GC (Ergonomics) [PSYoungGen: 131584K->131583K(153088K)] [ParOldGen: 349666K->349665K(349696K)] 481250K->481249K(502784K), [Metaspace: 12849K->12849K(1060864K)], 0.0888756 secs] [Times: user=0.34 sys=0.00, real=0.09 secs] 
2017-11-10T19:49:39.824+0500: 282.452: [Full GC (Ergonomics) [PSYoungGen: 131583K->131583K(153088K)] [ParOldGen: 349665K->349665K(349696K)] 481249K->481249K(502784K), [Metaspace: 12849K->12849K(1060864K)], 0.0862337 secs] [Times: user=0.27 sys=0.00, real=0.09 secs] 
2017-11-10T19:49:39.910+0500: 282.539: [Full GC (Ergonomics) [PSYoungGen: 131584K->131583K(153088K)] [ParOldGen: 349667K->349666K(349696K)] 481251K->481249K(502784K), [Metaspace: 12849K->12849K(1060864K)], 0.1079325 secs] [Times: user=0.13 sys=0.00, real=0.11 secs] 
2017-11-10T19:49:40.019+0500: 282.647: [Full GC (Ergonomics) [PSYoungGen: 131584K->131583K(153088K)] [ParOldGen: 349666K->349666K(349696K)] 481250K->481250K(502784K), [Metaspace: 12849K->12849K(1060864K)], 0.0798048 secs] [Times: user=0.13 sys=0.00, real=0.08 secs] 
2017-11-10T19:49:40.099+0500: 282.727: [Full GC (Ergonomics) [PSYoungGen: 131584K->131583K(153088K)] [ParOldGen: 349666K->349663K(349696K)] 481250K->481247K(502784K), [Metaspace: 12849K->12849K(1060864K)], 0.0805288 secs] [Times: user=0.25 sys=0.00, real=0.08 secs] 
2017-11-10T19:49:40.180+0500: 282.808: [Full GC (Ergonomics) [PSYoungGen: 131584K->131583K(153088K)] [ParOldGen: 349663K->349663K(349696K)] 481247K->481247K(502784K), [Metaspace: 12849K->12849K(1060864K)], 0.0864136 secs] [Times: user=0.20 sys=0.00, real=0.09 secs] 
2017-11-10T19:49:40.266+0500: 282.895: [Full GC (Ergonomics) [PSYoungGen: 131584K->131584K(153088K)] [ParOldGen: 349663K->349663K(349696K)] 481247K->481247K(502784K), [Metaspace: 12849K->12849K(1060864K)], 0.0966147 secs] [Times: user=0.31 sys=0.00, real=0.10 secs] 
2017-11-10T19:49:40.363+0500: 282.992: [Full GC (Ergonomics) [PSYoungGen: 131584K->131583K(153088K)] [ParOldGen: 349666K->349665K(349696K)] 481250K->481249K(502784K), [Metaspace: 12849K->12849K(1060864K)], 0.0874725 secs] [Times: user=0.14 sys=0.00, real=0.09 secs] 
2017-11-10T19:49:40.451+0500: 283.080: [Full GC (Ergonomics) [PSYoungGen: 131584K->131583K(153088K)] [ParOldGen: 349667K->349665K(349696K)] 481251K->481249K(502784K), [Metaspace: 12850K->12850K(1060864K)], 0.0833477 secs] [Times: user=0.22 sys=0.00, real=0.08 secs] 
2017-11-10T19:49:40.535+0500: 283.164: [Full GC (Ergonomics) [PSYoungGen: 131583K->131583K(153088K)] [ParOldGen: 349665K->349663K(349696K)] 481249K->481247K(502784K), [Metaspace: 12850K->12850K(1060864K)], 0.0913631 secs] [Times: user=0.16 sys=0.00, real=0.09 secs] 
2017-11-10T19:49:40.627+0500: 283.255: [Full GC (Ergonomics) [PSYoungGen: 131584K->131583K(153088K)] [ParOldGen: 349663K->349663K(349696K)] 481247K->481247K(502784K), [Metaspace: 12850K->12850K(1060864K)], 0.0913191 secs] [Times: user=0.25 sys=0.00, real=0.09 secs] 
2017-11-10T19:49:40.718+0500: 283.347: [Full GC (Ergonomics) [PSYoungGen: 131583K->131583K(153088K)] [ParOldGen: 349663K->349663K(349696K)] 481247K->481247K(502784K), [Metaspace: 12850K->12850K(1060864K)], 0.0859442 secs] [Times: user=0.25 sys=0.02, real=0.09 secs] 
2017-11-10T19:49:40.805+0500: 283.434: [Full GC (Ergonomics) [PSYoungGen: 131583K->131583K(153088K)] [ParOldGen: 349666K->349665K(349696K)] 481250K->481249K(502784K), [Metaspace: 12850K->12850K(1060864K)], 0.0874916 secs] [Times: user=0.16 sys=0.00, real=0.09 secs] 
2017-11-10T19:49:40.894+0500: 283.522: [Full GC (Ergonomics) [PSYoungGen: 131583K->131583K(153088K)] [ParOldGen: 349667K->349665K(349696K)] 481251K->481249K(502784K), [Metaspace: 12851K->12851K(1060864K)], 0.0849097 secs] [Times: user=0.17 sys=0.00, real=0.09 secs] 
2017-11-10T19:49:40.979+0500: 283.608: [Full GC (Ergonomics) [PSYoungGen: 131583K->131583K(153088K)] [ParOldGen: 349668K->349666K(349696K)] 481252K->481249K(502784K), [Metaspace: 12851K->12851K(1060864K)], 0.1012171 secs] [Times: user=0.22 sys=0.00, real=0.10 secs] 
2017-11-10T19:49:41.081+0500: 283.709: [Full GC (Ergonomics) [PSYoungGen: 131584K->131583K(153088K)] [ParOldGen: 349666K->349665K(349696K)] 481250K->481249K(502784K), [Metaspace: 12851K->12851K(1060864K)], 0.0857770 secs] [Times: user=0.30 sys=0.00, real=0.08 secs] 
2017-11-10T19:49:41.167+0500: 283.795: [Full GC (Ergonomics) [PSYoungGen: 131583K->131583K(153088K)] [ParOldGen: 349665K->349665K(349696K)] 481249K->481249K(502784K), [Metaspace: 12851K->12851K(1060864K)], 0.0974620 secs] [Times: user=0.13 sys=0.00, real=0.10 secs] 
2017-11-10T19:49:41.265+0500: 283.894: [Full GC (Ergonomics) [PSYoungGen: 131584K->131583K(153088K)] [ParOldGen: 349667K->349666K(349696K)] 481251K->481249K(502784K), [Metaspace: 12851K->12851K(1060864K)], 0.0886752 secs] [Times: user=0.30 sys=0.00, real=0.09 secs] 
2017-11-10T19:49:41.354+0500: 283.983: [Full GC (Ergonomics) [PSYoungGen: 131584K->131583K(153088K)] [ParOldGen: 349666K->349666K(349696K)] 481250K->481250K(502784K), [Metaspace: 12851K->12851K(1060864K)], 0.0866590 secs] [Times: user=0.22 sys=0.00, real=0.09 secs] 
2017-11-10T19:49:41.441+0500: 284.070: [Full GC (Ergonomics) [PSYoungGen: 131584K->131583K(153088K)] [ParOldGen: 349666K->349663K(349696K)] 481250K->481247K(502784K), [Metaspace: 12851K->12851K(1060864K)], 0.0912531 secs] [Times: user=0.19 sys=0.00, real=0.09 secs] 
2017-11-10T19:49:41.533+0500: 284.162: [Full GC (Ergonomics) [PSYoungGen: 131584K->131583K(153088K)] [ParOldGen: 349663K->349663K(349696K)] 481247K->481247K(502784K), [Metaspace: 12851K->12851K(1060864K)], 0.1318157 secs] [Times: user=0.19 sys=0.00, real=0.13 secs] 
2017-11-10T19:49:41.666+0500: 284.294: [Full GC (Ergonomics) [PSYoungGen: 131584K->131584K(153088K)] [ParOldGen: 349663K->349663K(349696K)] 481247K->481247K(502784K), [Metaspace: 12851K->12851K(1060864K)], 0.0833781 secs] [Times: user=0.13 sys=0.00, real=0.08 secs] 
2017-11-10T19:49:41.750+0500: 284.378: [Full GC (Ergonomics) [PSYoungGen: 131584K->131583K(153088K)] [ParOldGen: 349666K->349665K(349696K)] 481250K->481249K(502784K), [Metaspace: 12851K->12851K(1060864K)], 0.0811052 secs] [Times: user=0.20 sys=0.00, real=0.08 secs] 
2017-11-10T19:49:41.832+0500: 284.461: [Full GC (Ergonomics) [PSYoungGen: 131584K->131583K(153088K)] [ParOldGen: 349667K->349665K(349696K)] 481251K->481249K(502784K), [Metaspace: 12851K->12851K(1060864K)], 0.1044399 secs] [Times: user=0.19 sys=0.02, real=0.10 secs] 
2017-11-10T19:49:41.937+0500: 284.565: [Full GC (Ergonomics) [PSYoungGen: 131583K->131583K(153088K)] [ParOldGen: 349665K->349663K(349696K)] 481249K->481247K(502784K), [Metaspace: 12851K->12851K(1060864K)], 0.0926997 secs] [Times: user=0.17 sys=0.00, real=0.09 secs] 
2017-11-10T19:49:42.030+0500: 284.659: [Full GC (Ergonomics) [PSYoungGen: 131584K->131583K(153088K)] [ParOldGen: 349663K->349663K(349696K)] 481247K->481247K(502784K), [Metaspace: 12851K->12851K(1060864K)], 0.0822023 secs] [Times: user=0.19 sys=0.00, real=0.08 secs] 
2017-11-10T19:49:42.113+0500: 284.741: [Full GC (Ergonomics) [PSYoungGen: 131583K->131583K(153088K)] [ParOldGen: 349663K->349663K(349696K)] 481247K->481247K(502784K), [Metaspace: 12851K->12851K(1060864K)], 0.0869494 secs] [Times: user=0.26 sys=0.00, real=0.09 secs] 
2017-11-10T19:49:42.200+0500: 284.829: [Full GC (Ergonomics) [PSYoungGen: 131583K->131583K(153088K)] [ParOldGen: 349666K->349665K(349696K)] 481250K->481249K(502784K), [Metaspace: 12851K->12851K(1060864K)], 0.0856074 secs] [Times: user=0.24 sys=0.00, real=0.09 secs] 
2017-11-10T19:49:42.287+0500: 284.916: [Full GC (Ergonomics) [PSYoungGen: 131583K->131583K(153088K)] [ParOldGen: 349667K->349665K(349696K)] 481251K->481249K(502784K), [Metaspace: 12852K->12852K(1060864K)], 0.0874143 secs] [Times: user=0.20 sys=0.00, real=0.09 secs] 
2017-11-10T19:49:42.375+0500: 285.003: [Full GC (Ergonomics) [PSYoungGen: 131583K->131583K(153088K)] [ParOldGen: 349668K->349666K(349696K)] 481252K->481249K(502784K), [Metaspace: 12852K->12852K(1060864K)], 0.0837491 secs] [Times: user=0.30 sys=0.00, real=0.08 secs] 
2017-11-10T19:49:42.459+0500: 285.088: [Full GC (Ergonomics) [PSYoungGen: 131584K->131583K(153088K)] [ParOldGen: 349666K->349665K(349696K)] 481250K->481249K(502784K), [Metaspace: 12852K->12852K(1060864K)], 0.0873723 secs] [Times: user=0.26 sys=0.00, real=0.09 secs] 
2017-11-10T19:49:42.547+0500: 285.176: [Full GC (Ergonomics) [PSYoungGen: 131583K->131583K(153088K)] [ParOldGen: 349665K->349665K(349696K)] 481249K->481249K(502784K), [Metaspace: 12852K->12852K(1060864K)], 0.0892540 secs] [Times: user=0.30 sys=0.00, real=0.09 secs] 
2017-11-10T19:49:42.638+0500: 285.266: [Full GC (Ergonomics) [PSYoungGen: 131584K->131583K(153088K)] [ParOldGen: 349667K->349666K(349696K)] 481251K->481249K(502784K), [Metaspace: 12852K->12852K(1060864K)], 0.0894481 secs] [Times: user=0.33 sys=0.00, real=0.09 secs] 
2017-11-10T19:49:42.727+0500: 285.356: [Full GC (Ergonomics) [PSYoungGen: 131584K->131583K(153088K)] [ParOldGen: 349666K->349666K(349696K)] 481250K->481250K(502784K), [Metaspace: 12852K->12852K(1060864K)], 0.0849049 secs] [Times: user=0.22 sys=0.00, real=0.09 secs] 
2017-11-10T19:49:42.813+0500: 285.441: [Full GC (Ergonomics) [PSYoungGen: 131584K->131583K(153088K)] [ParOldGen: 349666K->349663K(349696K)] 481250K->481247K(502784K), [Metaspace: 12852K->12852K(1060864K)], 0.0865153 secs] [Times: user=0.33 sys=0.00, real=0.09 secs] 
2017-11-10T19:49:42.899+0500: 285.528: [Full GC (Ergonomics) [PSYoungGen: 131584K->131583K(153088K)] [ParOldGen: 349663K->349663K(349696K)] 481247K->481247K(502784K), [Metaspace: 12852K->12852K(1060864K)], 0.0835726 secs] [Times: user=0.27 sys=0.00, real=0.08 secs] 
2017-11-10T19:49:42.983+0500: 285.612: [Full GC (Ergonomics) [PSYoungGen: 131584K->131584K(153088K)] [ParOldGen: 349663K->349663K(349696K)] 481247K->481247K(502784K), [Metaspace: 12852K->12852K(1060864K)], 0.0890751 secs] [Times: user=0.33 sys=0.00, real=0.09 secs] 
2017-11-10T19:49:43.073+0500: 285.701: [Full GC (Ergonomics) [PSYoungGen: 131584K->131583K(153088K)] [ParOldGen: 349666K->349665K(349696K)] 481250K->481249K(502784K), [Metaspace: 12852K->12852K(1060864K)], 0.0879189 secs] [Times: user=0.31 sys=0.00, real=0.09 secs] 
2017-11-10T19:49:43.161+0500: 285.789: [Full GC (Ergonomics) [PSYoungGen: 131584K->131583K(153088K)] [ParOldGen: 349667K->349665K(349696K)] 481251K->481249K(502784K), [Metaspace: 12852K->12852K(1060864K)], 0.0866013 secs] [Times: user=0.25 sys=0.00, real=0.09 secs] 
2017-11-10T19:49:43.248+0500: 285.876: [Full GC (Ergonomics) [PSYoungGen: 131583K->131583K(153088K)] [ParOldGen: 349665K->349663K(349696K)] 481249K->481247K(502784K), [Metaspace: 12852K->12852K(1060864K)], 0.0918940 secs] [Times: user=0.31 sys=0.00, real=0.09 secs] 
2017-11-10T19:49:43.340+0500: 285.969: [Full GC (Ergonomics) [PSYoungGen: 131584K->131583K(153088K)] [ParOldGen: 349663K->349663K(349696K)] 481247K->481247K(502784K), [Metaspace: 12852K->12852K(1060864K)], 0.0844155 secs] [Times: user=0.22 sys=0.00, real=0.09 secs] 
2017-11-10T19:49:43.425+0500: 286.053: [Full GC (Ergonomics) [PSYoungGen: 131583K->131583K(153088K)] [ParOldGen: 349663K->349663K(349696K)] 481247K->481247K(502784K), [Metaspace: 12852K->12852K(1060864K)], 0.0875532 secs] [Times: user=0.13 sys=0.00, real=0.09 secs] 
2017-11-10T19:49:43.513+0500: 286.141: [Full GC (Ergonomics) [PSYoungGen: 131583K->131583K(153088K)] [ParOldGen: 349666K->349665K(349696K)] 481250K->481249K(502784K), [Metaspace: 12852K->12852K(1060864K)], 0.0860493 secs] [Times: user=0.17 sys=0.01, real=0.09 secs] 
2017-11-10T19:49:43.600+0500: 286.229: [Full GC (Ergonomics) [PSYoungGen: 131583K->131583K(153088K)] [ParOldGen: 349667K->349665K(349696K)] 481251K->481249K(502784K), [Metaspace: 12852K->12852K(1060864K)], 0.0794821 secs] [Times: user=0.27 sys=0.00, real=0.08 secs] 
2017-11-10T19:49:43.680+0500: 286.308: [Full GC (Ergonomics) [PSYoungGen: 131583K->131583K(153088K)] [ParOldGen: 349668K->349666K(349696K)] 481252K->481249K(502784K), [Metaspace: 12852K->12852K(1060864K)], 0.0823045 secs] [Times: user=0.20 sys=0.00, real=0.08 secs] 
2017-11-10T19:49:43.763+0500: 286.391: [Full GC (Ergonomics) [PSYoungGen: 131584K->131583K(153088K)] [ParOldGen: 349666K->349665K(349696K)] 481250K->481249K(502784K), [Metaspace: 12852K->12852K(1060864K)], 0.0857878 secs] [Times: user=0.22 sys=0.00, real=0.09 secs] 
2017-11-10T19:49:43.849+0500: 286.477: [Full GC (Ergonomics) [PSYoungGen: 131583K->131583K(153088K)] [ParOldGen: 349665K->349665K(349696K)] 481249K->481249K(502784K), [Metaspace: 12852K->12852K(1060864K)], 0.0861647 secs] [Times: user=0.27 sys=0.00, real=0.09 secs] 
2017-11-10T19:49:43.935+0500: 286.564: [Full GC (Ergonomics) [PSYoungGen: 131584K->131583K(153088K)] [ParOldGen: 349667K->349666K(349696K)] 481251K->481249K(502784K), [Metaspace: 12853K->12853K(1060864K)], 0.0895645 secs] [Times: user=0.33 sys=0.00, real=0.09 secs] 
2017-11-10T19:49:44.025+0500: 286.654: [Full GC (Ergonomics) [PSYoungGen: 131584K->131583K(153088K)] [ParOldGen: 349666K->349666K(349696K)] 481250K->481250K(502784K), [Metaspace: 12853K->12853K(1060864K)], 0.0818429 secs] [Times: user=0.23 sys=0.00, real=0.08 secs] 
2017-11-10T19:49:44.107+0500: 286.736: [Full GC (Ergonomics) [PSYoungGen: 131584K->131583K(153088K)] [ParOldGen: 349666K->349663K(349696K)] 481250K->481247K(502784K), [Metaspace: 12853K->12853K(1060864K)], 0.0814709 secs] [Times: user=0.22 sys=0.00, real=0.08 secs] 
2017-11-10T19:49:44.189+0500: 286.818: [Full GC (Ergonomics) [PSYoungGen: 131584K->131583K(153088K)] [ParOldGen: 349663K->349663K(349696K)] 481247K->481247K(502784K), [Metaspace: 12853K->12853K(1060864K)], 0.0883867 secs] [Times: user=0.20 sys=0.00, real=0.09 secs] 
2017-11-10T19:49:44.278+0500: 286.907: [Full GC (Ergonomics) [PSYoungGen: 131584K->131584K(153088K)] [ParOldGen: 349663K->349663K(349696K)] 481247K->481247K(502784K), [Metaspace: 12853K->12853K(1060864K)], 0.0801137 secs] [Times: user=0.16 sys=0.00, real=0.08 secs] 
2017-11-10T19:49:44.359+0500: 286.987: [Full GC (Ergonomics) [PSYoungGen: 131584K->131583K(153088K)] [ParOldGen: 349666K->349665K(349696K)] 481250K->481249K(502784K), [Metaspace: 12853K->12853K(1060864K)], 0.0849547 secs] [Times: user=0.30 sys=0.00, real=0.09 secs] 
2017-11-10T19:49:44.444+0500: 287.073: [Full GC (Ergonomics) [PSYoungGen: 131584K->131583K(153088K)] [ParOldGen: 349667K->349665K(349696K)] 481251K->481249K(502784K), [Metaspace: 12853K->12853K(1060864K)], 0.0864233 secs] [Times: user=0.17 sys=0.00, real=0.09 secs] 
2017-11-10T19:49:44.531+0500: 287.159: [Full GC (Ergonomics) [PSYoungGen: 131583K->131583K(153088K)] [ParOldGen: 349665K->349663K(349696K)] 481249K->481247K(502784K), [Metaspace: 12853K->12853K(1060864K)], 0.0850515 secs] [Times: user=0.30 sys=0.00, real=0.09 secs] 
2017-11-10T19:49:44.616+0500: 287.245: [Full GC (Ergonomics) [PSYoungGen: 131584K->131583K(153088K)] [ParOldGen: 349663K->349663K(349696K)] 481247K->481247K(502784K), [Metaspace: 12853K->12853K(1060864K)], 0.0862640 secs] [Times: user=0.17 sys=0.00, real=0.09 secs] 
2017-11-10T19:49:44.703+0500: 287.331: [Full GC (Ergonomics) [PSYoungGen: 131583K->131583K(153088K)] [ParOldGen: 349663K->349663K(349696K)] 481247K->481247K(502784K), [Metaspace: 12853K->12853K(1060864K)], 0.0926929 secs] [Times: user=0.17 sys=0.00, real=0.09 secs] 
2017-11-10T19:49:44.796+0500: 287.424: [Full GC (Ergonomics) [PSYoungGen: 131583K->131583K(153088K)] [ParOldGen: 349666K->349665K(349696K)] 481250K->481249K(502784K), [Metaspace: 12853K->12853K(1060864K)], 0.1012166 secs] [Times: user=0.19 sys=0.00, real=0.10 secs] 
2017-11-10T19:49:44.898+0500: 287.527: [Full GC (Ergonomics) [PSYoungGen: 131583K->131583K(153088K)] [ParOldGen: 349667K->349665K(349696K)] 481251K->481249K(502784K), [Metaspace: 12853K->12853K(1060864K)], 0.0857687 secs] [Times: user=0.14 sys=0.00, real=0.09 secs] 
2017-11-10T19:49:44.984+0500: 287.613: [Full GC (Ergonomics) [PSYoungGen: 131583K->131583K(153088K)] [ParOldGen: 349668K->349666K(349696K)] 481252K->481249K(502784K), [Metaspace: 12853K->12853K(1060864K)], 0.1411550 secs] [Times: user=0.23 sys=0.00, real=0.14 secs] 
2017-11-10T19:49:45.126+0500: 287.755: [Full GC (Ergonomics) [PSYoungGen: 131584K->131583K(153088K)] [ParOldGen: 349666K->349665K(349696K)] 481250K->481249K(502784K), [Metaspace: 12853K->12853K(1060864K)], 0.0918877 secs] [Times: user=0.19 sys=0.00, real=0.09 secs] 
2017-11-10T19:49:45.218+0500: 287.847: [Full GC (Ergonomics) [PSYoungGen: 131583K->131583K(153088K)] [ParOldGen: 349665K->349665K(349696K)] 481249K->481249K(502784K), [Metaspace: 12853K->12853K(1060864K)], 0.0884850 secs] [Times: user=0.31 sys=0.00, real=0.09 secs] 
2017-11-10T19:49:45.307+0500: 287.936: [Full GC (Ergonomics) [PSYoungGen: 131584K->131583K(153088K)] [ParOldGen: 349667K->349666K(349696K)] 481251K->481249K(502784K), [Metaspace: 12853K->12853K(1060864K)], 0.0845939 secs] [Times: user=0.19 sys=0.00, real=0.09 secs] 
2017-11-10T19:49:45.392+0500: 288.021: [Full GC (Ergonomics) [PSYoungGen: 131584K->131583K(153088K)] [ParOldGen: 349666K->349666K(349696K)] 481250K->481250K(502784K), [Metaspace: 12853K->12853K(1060864K)], 0.0936051 secs] [Times: user=0.13 sys=0.00, real=0.09 secs] 
2017-11-10T19:49:45.487+0500: 288.115: [Full GC (Ergonomics) [PSYoungGen: 131584K->131583K(153088K)] [ParOldGen: 349666K->349663K(349696K)] 481250K->481247K(502784K), [Metaspace: 12853K->12853K(1060864K)], 0.0896833 secs] [Times: user=0.24 sys=0.00, real=0.09 secs] 
2017-11-10T19:49:45.578+0500: 288.206: [Full GC (Ergonomics) [PSYoungGen: 131584K->131583K(153088K)] [ParOldGen: 349663K->349663K(349696K)] 481247K->481247K(502784K), [Metaspace: 12853K->12853K(1060864K)], 0.0953945 secs] [Times: user=0.33 sys=0.00, real=0.10 secs] 
2017-11-10T19:49:45.673+0500: 288.302: [Full GC (Ergonomics) [PSYoungGen: 131584K->131584K(153088K)] [ParOldGen: 349663K->349663K(349696K)] 481247K->481247K(502784K), [Metaspace: 12853K->12853K(1060864K)], 0.0959875 secs] [Times: user=0.23 sys=0.00, real=0.10 secs] 
2017-11-10T19:49:45.771+0500: 288.400: [Full GC (Ergonomics) [PSYoungGen: 131584K->131583K(153088K)] [ParOldGen: 349666K->349665K(349696K)] 481250K->481249K(502784K), [Metaspace: 12853K->12853K(1060864K)], 0.0819710 secs] [Times: user=0.22 sys=0.00, real=0.08 secs] 
2017-11-10T19:49:45.853+0500: 288.482: [Full GC (Ergonomics) [PSYoungGen: 131584K->131583K(153088K)] [ParOldGen: 349667K->349665K(349696K)] 481251K->481249K(502784K), [Metaspace: 12853K->12853K(1060864K)], 0.0912702 secs] [Times: user=0.31 sys=0.00, real=0.09 secs] 
2017-11-10T19:49:45.945+0500: 288.574: [Full GC (Ergonomics) [PSYoungGen: 131583K->131583K(153088K)] [ParOldGen: 349665K->349663K(349696K)] 481249K->481247K(502784K), [Metaspace: 12853K->12853K(1060864K)], 0.0898832 secs] [Times: user=0.22 sys=0.00, real=0.09 secs] 
2017-11-10T19:49:46.035+0500: 288.664: [Full GC (Ergonomics) [PSYoungGen: 131584K->131583K(153088K)] [ParOldGen: 349663K->349663K(349696K)] 481247K->481247K(502784K), [Metaspace: 12853K->12853K(1060864K)], 0.0918671 secs] [Times: user=0.23 sys=0.02, real=0.09 secs] 
2017-11-10T19:49:46.127+0500: 288.756: [Full GC (Ergonomics) [PSYoungGen: 131583K->131583K(153088K)] [ParOldGen: 349663K->349663K(349696K)] 481247K->481247K(502784K), [Metaspace: 12853K->12853K(1060864K)], 0.0923101 secs] [Times: user=0.27 sys=0.00, real=0.09 secs] 
2017-11-10T19:49:46.221+0500: 288.849: [Full GC (Ergonomics) [PSYoungGen: 131583K->131583K(153088K)] [ParOldGen: 349666K->349665K(349696K)] 481250K->481249K(502784K), [Metaspace: 12853K->12853K(1060864K)], 0.0883721 secs] [Times: user=0.22 sys=0.00, real=0.09 secs] 
2017-11-10T19:49:46.310+0500: 288.938: [Full GC (Ergonomics) [PSYoungGen: 131583K->131583K(153088K)] [ParOldGen: 349667K->349665K(349696K)] 481251K->481249K(502784K), [Metaspace: 12853K->12853K(1060864K)], 0.0883960 secs] [Times: user=0.26 sys=0.00, real=0.09 secs] 
2017-11-10T19:49:46.399+0500: 289.027: [Full GC (Ergonomics) [PSYoungGen: 131583K->131583K(153088K)] [ParOldGen: 349668K->349666K(349696K)] 481252K->481249K(502784K), [Metaspace: 12853K->12853K(1060864K)], 0.0878993 secs] [Times: user=0.19 sys=0.00, real=0.09 secs] 
2017-11-10T19:49:46.487+0500: 289.116: [Full GC (Ergonomics) [PSYoungGen: 131584K->131583K(153088K)] [ParOldGen: 349666K->349665K(349696K)] 481250K->481249K(502784K), [Metaspace: 12853K->12853K(1060864K)], 0.0901897 secs] [Times: user=0.27 sys=0.00, real=0.09 secs] 
2017-11-10T19:49:46.578+0500: 289.206: [Full GC (Ergonomics) [PSYoungGen: 131583K->131583K(153088K)] [ParOldGen: 349665K->349665K(349696K)] 481249K->481249K(502784K), [Metaspace: 12853K->12853K(1060864K)], 0.0832661 secs] [Times: user=0.28 sys=0.00, real=0.08 secs] 
2017-11-10T19:49:46.662+0500: 289.290: [Full GC (Ergonomics) [PSYoungGen: 131584K->131583K(153088K)] [ParOldGen: 349667K->349666K(349696K)] 481251K->481249K(502784K), [Metaspace: 12857K->12857K(1060864K)], 0.0884561 secs] [Times: user=0.23 sys=0.00, real=0.09 secs] 
2017-11-10T19:49:46.751+0500: 289.379: [Full GC (Ergonomics) [PSYoungGen: 131584K->131583K(153088K)] [ParOldGen: 349666K->349666K(349696K)] 481250K->481250K(502784K), [Metaspace: 12857K->12857K(1060864K)], 0.0917860 secs] [Times: user=0.36 sys=0.00, real=0.09 secs] 
2017-11-10T19:49:46.843+0500: 289.471: [Full GC (Ergonomics) [PSYoungGen: 131584K->131583K(153088K)] [ParOldGen: 349666K->349663K(349696K)] 481250K->481247K(502784K), [Metaspace: 12857K->12857K(1060864K)], 0.0882185 secs] [Times: user=0.34 sys=0.00, real=0.09 secs] 
2017-11-10T19:49:46.931+0500: 289.560: [Full GC (Ergonomics) [PSYoungGen: 131584K->131583K(153088K)] [ParOldGen: 349663K->349663K(349696K)] 481247K->481247K(502784K), [Metaspace: 12857K->12857K(1060864K)], 0.0915572 secs] [Times: user=0.30 sys=0.00, real=0.09 secs] 
2017-11-10T19:49:47.023+0500: 289.652: [Full GC (Ergonomics) [PSYoungGen: 131584K->131584K(153088K)] [ParOldGen: 349663K->349663K(349696K)] 481247K->481247K(502784K), [Metaspace: 12857K->12857K(1060864K)], 0.0889167 secs] [Times: user=0.24 sys=0.00, real=0.09 secs] 
2017-11-10T19:49:47.113+0500: 289.741: [Full GC (Ergonomics) [PSYoungGen: 131584K->131583K(153088K)] [ParOldGen: 349666K->349665K(349696K)] 481250K->481249K(502784K), [Metaspace: 12857K->12857K(1060864K)], 0.0893567 secs] [Times: user=0.22 sys=0.00, real=0.09 secs] 
2017-11-10T19:49:47.203+0500: 289.831: [Full GC (Ergonomics) [PSYoungGen: 131584K->131583K(153088K)] [ParOldGen: 349667K->349665K(349696K)] 481251K->481249K(502784K), [Metaspace: 12857K->12857K(1060864K)], 0.0896011 secs] [Times: user=0.28 sys=0.00, real=0.09 secs] 
2017-11-10T19:49:47.293+0500: 289.922: [Full GC (Ergonomics) [PSYoungGen: 131583K->131583K(153088K)] [ParOldGen: 349665K->349663K(349696K)] 481249K->481247K(502784K), [Metaspace: 12857K->12857K(1060864K)], 0.0888526 secs] [Times: user=0.34 sys=0.00, real=0.09 secs] 
2017-11-10T19:49:47.382+0500: 290.011: [Full GC (Ergonomics) [PSYoungGen: 131584K->131583K(153088K)] [ParOldGen: 349663K->349663K(349696K)] 481247K->481247K(502784K), [Metaspace: 12857K->12857K(1060864K)], 0.0908312 secs] [Times: user=0.30 sys=0.00, real=0.09 secs] 
2017-11-10T19:49:47.473+0500: 290.102: [Full GC (Ergonomics) [PSYoungGen: 131583K->131583K(153088K)] [ParOldGen: 349663K->349663K(349696K)] 481247K->481247K(502784K), [Metaspace: 12857K->12857K(1060864K)], 0.0908229 secs] [Times: user=0.20 sys=0.00, real=0.09 secs] 
2017-11-10T19:49:47.565+0500: 290.193: [Full GC (Ergonomics) [PSYoungGen: 131583K->131583K(153088K)] [ParOldGen: 349666K->349665K(349696K)] 481250K->481249K(502784K), [Metaspace: 12857K->12857K(1060864K)], 0.0876324 secs] [Times: user=0.31 sys=0.00, real=0.09 secs] 
2017-11-10T19:49:47.653+0500: 290.282: [Full GC (Ergonomics) [PSYoungGen: 131583K->131583K(153088K)] [ParOldGen: 349667K->349665K(349696K)] 481251K->481249K(502784K), [Metaspace: 12857K->12857K(1060864K)], 0.0953162 secs] [Times: user=0.22 sys=0.03, real=0.10 secs] 
2017-11-10T19:49:47.749+0500: 290.378: [Full GC (Ergonomics) [PSYoungGen: 131583K->131583K(153088K)] [ParOldGen: 349668K->349666K(349696K)] 481252K->481249K(502784K), [Metaspace: 12857K->12857K(1060864K)], 0.0930463 secs] [Times: user=0.31 sys=0.00, real=0.09 secs] 
2017-11-10T19:49:47.843+0500: 290.471: [Full GC (Ergonomics) [PSYoungGen: 131584K->131583K(153088K)] [ParOldGen: 349666K->349665K(349696K)] 481250K->481249K(502784K), [Metaspace: 12857K->12857K(1060864K)], 0.0939698 secs] [Times: user=0.30 sys=0.00, real=0.09 secs] 
2017-11-10T19:49:47.938+0500: 290.566: [Full GC (Ergonomics) [PSYoungGen: 131583K->131583K(153088K)] [ParOldGen: 349665K->349665K(349696K)] 481249K->481249K(502784K), [Metaspace: 12857K->12857K(1060864K)], 0.0860440 secs] [Times: user=0.30 sys=0.00, real=0.09 secs] 
2017-11-10T19:49:48.024+0500: 290.653: [Full GC (Ergonomics) [PSYoungGen: 131584K->131583K(153088K)] [ParOldGen: 349667K->349666K(349696K)] 481251K->481249K(502784K), [Metaspace: 12857K->12857K(1060864K)], 0.0879223 secs] [Times: user=0.22 sys=0.00, real=0.09 secs] 
2017-11-10T19:49:48.112+0500: 290.741: [Full GC (Ergonomics) [PSYoungGen: 131584K->131583K(153088K)] [ParOldGen: 349666K->349666K(349696K)] 481250K->481250K(502784K), [Metaspace: 12857K->12857K(1060864K)], 0.0962104 secs] [Times: user=0.17 sys=0.00, real=0.10 secs] 
2017-11-10T19:49:48.209+0500: 290.837: [Full GC (Ergonomics) [PSYoungGen: 131584K->131583K(153088K)] [ParOldGen: 349666K->349663K(349696K)] 481250K->481247K(502784K), [Metaspace: 12857K->12857K(1060864K)], 0.0877228 secs] [Times: user=0.16 sys=0.02, real=0.09 secs] 
2017-11-10T19:49:48.297+0500: 290.925: [Full GC (Ergonomics) [PSYoungGen: 131584K->131583K(153088K)] [ParOldGen: 349663K->349663K(349696K)] 481247K->481247K(502784K), [Metaspace: 12857K->12857K(1060864K)], 0.0894950 secs] [Times: user=0.34 sys=0.00, real=0.09 secs] 
2017-11-10T19:49:48.387+0500: 291.015: [Full GC (Ergonomics) [PSYoungGen: 131584K->131584K(153088K)] [ParOldGen: 349663K->349663K(349696K)] 481247K->481247K(502784K), [Metaspace: 12857K->12857K(1060864K)], 0.0928161 secs] [Times: user=0.28 sys=0.00, real=0.09 secs] 
2017-11-10T19:49:48.480+0500: 291.109: [Full GC (Ergonomics) [PSYoungGen: 131584K->131583K(153088K)] [ParOldGen: 349666K->349665K(349696K)] 481250K->481249K(502784K), [Metaspace: 12857K->12857K(1060864K)], 0.0897747 secs] [Times: user=0.30 sys=0.00, real=0.09 secs] 
2017-11-10T19:49:48.571+0500: 291.200: [Full GC (Ergonomics) [PSYoungGen: 131584K->131583K(153088K)] [ParOldGen: 349667K->349665K(349696K)] 481251K->481249K(502784K), [Metaspace: 12857K->12857K(1060864K)], 0.0833385 secs] [Times: user=0.22 sys=0.00, real=0.08 secs] 
2017-11-10T19:49:48.655+0500: 291.283: [Full GC (Ergonomics) [PSYoungGen: 131583K->131583K(153088K)] [ParOldGen: 349665K->349663K(349696K)] 481249K->481247K(502784K), [Metaspace: 12857K->12857K(1060864K)], 0.1025850 secs] [Times: user=0.16 sys=0.00, real=0.10 secs] 
2017-11-10T19:49:48.758+0500: 291.386: [Full GC (Ergonomics) [PSYoungGen: 131584K->131583K(153088K)] [ParOldGen: 349663K->349663K(349696K)] 481247K->481247K(502784K), [Metaspace: 12857K->12857K(1060864K)], 0.1009458 secs] [Times: user=0.08 sys=0.00, real=0.10 secs] 
2017-11-10T19:49:48.859+0500: 291.488: [Full GC (Ergonomics) [PSYoungGen: 131583K->131583K(153088K)] [ParOldGen: 349663K->349663K(349696K)] 481247K->481247K(502784K), [Metaspace: 12857K->12857K(1060864K)], 0.1348620 secs] [Times: user=0.13 sys=0.00, real=0.13 secs] 
2017-11-10T19:49:48.994+0500: 291.623: [Full GC (Ergonomics) [PSYoungGen: 131583K->131583K(153088K)] [ParOldGen: 349666K->349665K(349696K)] 481250K->481249K(502784K), [Metaspace: 12857K->12857K(1060864K)], 0.1315106 secs] [Times: user=0.19 sys=0.00, real=0.13 secs] 
2017-11-10T19:49:49.127+0500: 291.755: [Full GC (Ergonomics) [PSYoungGen: 131583K->131583K(153088K)] [ParOldGen: 349667K->349665K(349696K)] 481251K->481249K(502784K), [Metaspace: 12857K->12857K(1060864K)], 0.1075649 secs] [Times: user=0.17 sys=0.02, real=0.11 secs] 
2017-11-10T19:49:49.235+0500: 291.863: [Full GC (Ergonomics) [PSYoungGen: 131583K->131583K(153088K)] [ParOldGen: 349668K->349666K(349696K)] 481252K->481249K(502784K), [Metaspace: 12857K->12857K(1060864K)], 0.1043489 secs] [Times: user=0.17 sys=0.00, real=0.10 secs] 
2017-11-10T19:49:49.340+0500: 291.968: [Full GC (Ergonomics) [PSYoungGen: 131584K->131583K(153088K)] [ParOldGen: 349666K->349665K(349696K)] 481250K->481249K(502784K), [Metaspace: 12857K->12857K(1060864K)], 0.0820991 secs] [Times: user=0.23 sys=0.00, real=0.08 secs] 
2017-11-10T19:49:49.422+0500: 292.051: [Full GC (Ergonomics) [PSYoungGen: 131583K->131583K(153088K)] [ParOldGen: 349665K->349665K(349696K)] 481249K->481249K(502784K), [Metaspace: 12857K->12857K(1060864K)], 0.1034039 secs] [Times: user=0.17 sys=0.00, real=0.10 secs] 
2017-11-10T19:49:49.526+0500: 292.154: [Full GC (Ergonomics) [PSYoungGen: 131584K->131583K(153088K)] [ParOldGen: 349667K->349666K(349696K)] 481251K->481249K(502784K), [Metaspace: 12857K->12857K(1060864K)], 0.0898280 secs] [Times: user=0.13 sys=0.02, real=0.09 secs] 
2017-11-10T19:49:49.616+0500: 292.245: [Full GC (Ergonomics) [PSYoungGen: 131584K->131583K(153088K)] [ParOldGen: 349666K->349666K(349696K)] 481250K->481250K(502784K), [Metaspace: 12857K->12857K(1060864K)], 0.1093610 secs] [Times: user=0.09 sys=0.00, real=0.11 secs] 
2017-11-10T19:49:49.726+0500: 292.354: [Full GC (Ergonomics) [PSYoungGen: 131584K->131583K(153088K)] [ParOldGen: 349666K->349663K(349696K)] 481250K->481247K(502784K), [Metaspace: 12857K->12857K(1060864K)], 0.0922089 secs] [Times: user=0.09 sys=0.00, real=0.09 secs] 
2017-11-10T19:49:49.818+0500: 292.447: [Full GC (Ergonomics) [PSYoungGen: 131584K->131583K(153088K)] [ParOldGen: 349663K->349663K(349696K)] 481247K->481247K(502784K), [Metaspace: 12857K->12857K(1060864K)], 0.0892276 secs] [Times: user=0.13 sys=0.00, real=0.09 secs] 
2017-11-10T19:49:49.908+0500: 292.537: [Full GC (Ergonomics) [PSYoungGen: 131584K->131584K(153088K)] [ParOldGen: 349663K->349663K(349696K)] 481247K->481247K(502784K), [Metaspace: 12857K->12857K(1060864K)], 0.1093283 secs] [Times: user=0.14 sys=0.00, real=0.11 secs] 
2017-11-10T19:49:50.018+0500: 292.646: [Full GC (Ergonomics) [PSYoungGen: 131584K->131583K(153088K)] [ParOldGen: 349666K->349665K(349696K)] 481250K->481249K(502784K), [Metaspace: 12857K->12857K(1060864K)], 0.0794093 secs] [Times: user=0.09 sys=0.00, real=0.08 secs] 
2017-11-10T19:49:50.098+0500: 292.726: [Full GC (Ergonomics) [PSYoungGen: 131584K->131583K(153088K)] [ParOldGen: 349667K->349665K(349696K)] 481251K->481249K(502784K), [Metaspace: 12857K->12857K(1060864K)], 0.0862620 secs] [Times: user=0.14 sys=0.00, real=0.09 secs] 
2017-11-10T19:49:50.184+0500: 292.813: [Full GC (Ergonomics) [PSYoungGen: 131583K->131583K(153088K)] [ParOldGen: 349665K->349663K(349696K)] 481249K->481247K(502784K), [Metaspace: 12857K->12857K(1060864K)], 0.1264081 secs] [Times: user=0.17 sys=0.00, real=0.13 secs] 
2017-11-10T19:49:50.311+0500: 292.940: [Full GC (Ergonomics) [PSYoungGen: 131584K->131583K(153088K)] [ParOldGen: 349663K->349663K(349696K)] 481247K->481247K(502784K), [Metaspace: 12857K->12857K(1060864K)], 0.0959518 secs] [Times: user=0.13 sys=0.00, real=0.10 secs] 
2017-11-10T19:49:50.407+0500: 293.036: [Full GC (Ergonomics) [PSYoungGen: 131583K->131583K(153088K)] [ParOldGen: 349663K->349663K(349696K)] 481247K->481247K(502784K), [Metaspace: 12857K->12857K(1060864K)], 0.0997182 secs] [Times: user=0.33 sys=0.00, real=0.10 secs] 
2017-11-10T19:49:50.508+0500: 293.136: [Full GC (Ergonomics) [PSYoungGen: 131583K->131583K(153088K)] [ParOldGen: 349666K->349665K(349696K)] 481250K->481249K(502784K), [Metaspace: 12857K->12857K(1060864K)], 0.0882332 secs] [Times: user=0.19 sys=0.00, real=0.09 secs] 
2017-11-10T19:49:50.597+0500: 293.225: [Full GC (Ergonomics) [PSYoungGen: 131583K->131583K(153088K)] [ParOldGen: 349667K->349665K(349696K)] 481251K->481249K(502784K), [Metaspace: 12857K->12857K(1060864K)], 0.0819207 secs] [Times: user=0.25 sys=0.00, real=0.08 secs] 
2017-11-10T19:49:50.679+0500: 293.308: [Full GC (Ergonomics) [PSYoungGen: 131583K->131583K(153088K)] [ParOldGen: 349668K->349666K(349696K)] 481252K->481249K(502784K), [Metaspace: 12857K->12857K(1060864K)], 0.0796092 secs] [Times: user=0.20 sys=0.00, real=0.08 secs] 
2017-11-10T19:49:50.759+0500: 293.388: [Full GC (Ergonomics) [PSYoungGen: 131584K->131583K(153088K)] [ParOldGen: 349666K->349665K(349696K)] 481250K->481249K(502784K), [Metaspace: 12857K->12857K(1060864K)], 0.0840151 secs] [Times: user=0.22 sys=0.00, real=0.08 secs] 
2017-11-10T19:49:50.843+0500: 293.472: [Full GC (Ergonomics) [PSYoungGen: 131583K->131583K(153088K)] [ParOldGen: 349665K->349665K(349696K)] 481249K->481249K(502784K), [Metaspace: 12857K->12857K(1060864K)], 0.0860005 secs] [Times: user=0.36 sys=0.00, real=0.09 secs] 
2017-11-10T19:49:50.930+0500: 293.558: [Full GC (Ergonomics) [PSYoungGen: 131584K->131583K(153088K)] [ParOldGen: 349667K->349666K(349696K)] 481251K->481249K(502784K), [Metaspace: 12857K->12857K(1060864K)], 0.0880117 secs] [Times: user=0.22 sys=0.02, real=0.09 secs] 
2017-11-10T19:49:51.018+0500: 293.647: [Full GC (Ergonomics) [PSYoungGen: 131584K->131583K(153088K)] [ParOldGen: 349666K->349666K(349696K)] 481250K->481250K(502784K), [Metaspace: 12857K->12857K(1060864K)], 0.0893459 secs] [Times: user=0.22 sys=0.00, real=0.09 secs] 
2017-11-10T19:49:51.108+0500: 293.736: [Full GC (Ergonomics) [PSYoungGen: 131584K->131583K(153088K)] [ParOldGen: 349666K->349663K(349696K)] 481250K->481247K(502784K), [Metaspace: 12857K->12857K(1060864K)], 0.0912668 secs] [Times: user=0.38 sys=0.00, real=0.09 secs] 
2017-11-10T19:49:51.200+0500: 293.828: [Full GC (Ergonomics) [PSYoungGen: 131584K->131583K(153088K)] [ParOldGen: 349663K->349663K(349696K)] 481247K->481247K(502784K), [Metaspace: 12857K->12857K(1060864K)], 0.0914393 secs] [Times: user=0.23 sys=0.00, real=0.09 secs] 
2017-11-10T19:49:51.291+0500: 293.920: [Full GC (Ergonomics) [PSYoungGen: 131584K->131584K(153088K)] [ParOldGen: 349663K->349663K(349696K)] 481247K->481247K(502784K), [Metaspace: 12857K->12857K(1060864K)], 0.0869108 secs] [Times: user=0.27 sys=0.00, real=0.09 secs] 
2017-11-10T19:49:51.380+0500: 294.008: [Full GC (Ergonomics) [PSYoungGen: 131584K->131583K(153088K)] [ParOldGen: 349666K->349665K(349696K)] 481250K->481249K(502784K), [Metaspace: 12857K->12857K(1060864K)], 0.0906175 secs] [Times: user=0.27 sys=0.00, real=0.09 secs] 
2017-11-10T19:49:51.471+0500: 294.099: [Full GC (Ergonomics) [PSYoungGen: 131584K->131583K(153088K)] [ParOldGen: 349667K->349665K(349696K)] 481251K->481249K(502784K), [Metaspace: 12857K->12857K(1060864K)], 0.0861315 secs] [Times: user=0.33 sys=0.00, real=0.09 secs] 
2017-11-10T19:49:51.557+0500: 294.186: [Full GC (Ergonomics) [PSYoungGen: 131583K->131583K(153088K)] [ParOldGen: 349665K->349663K(349696K)] 481249K->481247K(502784K), [Metaspace: 12857K->12857K(1060864K)], 0.0890780 secs] [Times: user=0.27 sys=0.00, real=0.09 secs] 
2017-11-10T19:49:51.647+0500: 294.275: [Full GC (Ergonomics) [PSYoungGen: 131584K->131583K(153088K)] [ParOldGen: 349663K->349663K(349696K)] 481247K->481247K(502784K), [Metaspace: 12857K->12857K(1060864K)], 0.0854778 secs] [Times: user=0.22 sys=0.00, real=0.09 secs] 
2017-11-10T19:49:51.732+0500: 294.361: [Full GC (Ergonomics) [PSYoungGen: 131583K->131583K(153088K)] [ParOldGen: 349663K->349663K(349696K)] 481247K->481247K(502784K), [Metaspace: 12857K->12857K(1060864K)], 0.0862723 secs] [Times: user=0.34 sys=0.00, real=0.09 secs] 
2017-11-10T19:49:51.819+0500: 294.448: [Full GC (Ergonomics) [PSYoungGen: 131583K->131583K(153088K)] [ParOldGen: 349666K->349665K(349696K)] 481250K->481249K(502784K), [Metaspace: 12857K->12857K(1060864K)], 0.0928283 secs] [Times: user=0.38 sys=0.00, real=0.09 secs] 
2017-11-10T19:49:51.913+0500: 294.541: [Full GC (Ergonomics) [PSYoungGen: 131583K->131583K(153088K)] [ParOldGen: 349667K->349665K(349696K)] 481251K->481249K(502784K), [Metaspace: 12857K->12857K(1060864K)], 0.0891069 secs] [Times: user=0.20 sys=0.00, real=0.09 secs] 
2017-11-10T19:49:52.002+0500: 294.631: [Full GC (Ergonomics) [PSYoungGen: 131583K->131583K(153088K)] [ParOldGen: 349668K->349666K(349696K)] 481252K->481249K(502784K), [Metaspace: 12857K->12857K(1060864K)], 0.0887123 secs] [Times: user=0.28 sys=0.00, real=0.09 secs] 
2017-11-10T19:49:52.091+0500: 294.720: [Full GC (Ergonomics) [PSYoungGen: 131584K->131583K(153088K)] [ParOldGen: 349666K->349665K(349696K)] 481250K->481249K(502784K), [Metaspace: 12857K->12857K(1060864K)], 0.0902220 secs] [Times: user=0.38 sys=0.00, real=0.09 secs] 
2017-11-10T19:49:52.182+0500: 294.810: [Full GC (Ergonomics) [PSYoungGen: 131583K->131583K(153088K)] [ParOldGen: 349665K->349665K(349696K)] 481249K->481249K(502784K), [Metaspace: 12857K->12857K(1060864K)], 0.0913054 secs] [Times: user=0.25 sys=0.01, real=0.09 secs] 
2017-11-10T19:49:52.274+0500: 294.902: [Full GC (Ergonomics) [PSYoungGen: 131584K->131583K(153088K)] [ParOldGen: 349667K->349666K(349696K)] 481251K->481249K(502784K), [Metaspace: 12857K->12857K(1060864K)], 0.0912824 secs] [Times: user=0.34 sys=0.00, real=0.09 secs] 
2017-11-10T19:49:52.365+0500: 294.994: [Full GC (Ergonomics) [PSYoungGen: 131584K->131583K(153088K)] [ParOldGen: 349666K->349666K(349696K)] 481250K->481250K(502784K), [Metaspace: 12857K->12857K(1060864K)], 0.0883818 secs] [Times: user=0.27 sys=0.00, real=0.09 secs] 
2017-11-10T19:49:52.454+0500: 295.083: [Full GC (Ergonomics) [PSYoungGen: 131584K->131583K(153088K)] [ParOldGen: 349666K->349663K(349696K)] 481250K->481247K(502784K), [Metaspace: 12857K->12857K(1060864K)], 0.0892305 secs] [Times: user=0.31 sys=0.00, real=0.09 secs] 
2017-11-10T19:49:52.544+0500: 295.172: [Full GC (Ergonomics) [PSYoungGen: 131584K->131583K(153088K)] [ParOldGen: 349663K->349663K(349696K)] 481247K->481247K(502784K), [Metaspace: 12857K->12857K(1060864K)], 0.0880025 secs] [Times: user=0.36 sys=0.00, real=0.09 secs] 
2017-11-10T19:49:52.632+0500: 295.261: [Full GC (Ergonomics) [PSYoungGen: 131584K->131584K(153088K)] [ParOldGen: 349663K->349663K(349696K)] 481247K->481247K(502784K), [Metaspace: 12857K->12857K(1060864K)], 0.0885290 secs] [Times: user=0.27 sys=0.00, real=0.09 secs] 
2017-11-10T19:49:52.721+0500: 295.350: [Full GC (Ergonomics) [PSYoungGen: 131584K->131583K(153088K)] [ParOldGen: 349666K->349665K(349696K)] 481250K->481249K(502784K), [Metaspace: 12857K->12857K(1060864K)], 0.0902220 secs] [Times: user=0.23 sys=0.00, real=0.09 secs] 
2017-11-10T19:49:52.812+0500: 295.441: [Full GC (Ergonomics) [PSYoungGen: 131584K->131583K(153088K)] [ParOldGen: 349667K->349665K(349696K)] 481251K->481249K(502784K), [Metaspace: 12857K->12857K(1060864K)], 0.0870838 secs] [Times: user=0.36 sys=0.00, real=0.09 secs] 
2017-11-10T19:49:52.899+0500: 295.528: [Full GC (Ergonomics) [PSYoungGen: 131583K->131583K(153088K)] [ParOldGen: 349665K->349663K(349696K)] 481249K->481247K(502784K), [Metaspace: 12857K->12857K(1060864K)], 0.0866077 secs] [Times: user=0.27 sys=0.00, real=0.09 secs] 
2017-11-10T19:49:52.986+0500: 295.615: [Full GC (Ergonomics) [PSYoungGen: 131584K->131583K(153088K)] [ParOldGen: 349663K->349663K(349696K)] 481247K->481247K(502784K), [Metaspace: 12857K->12857K(1060864K)], 0.0873019 secs] [Times: user=0.33 sys=0.00, real=0.09 secs] 
2017-11-10T19:49:53.074+0500: 295.702: [Full GC (Ergonomics) [PSYoungGen: 131583K->131583K(153088K)] [ParOldGen: 349663K->349663K(349696K)] 481247K->481247K(502784K), [Metaspace: 12857K->12857K(1060864K)], 0.0865563 secs] [Times: user=0.31 sys=0.00, real=0.09 secs] 
2017-11-10T19:49:53.161+0500: 295.789: [Full GC (Ergonomics) [PSYoungGen: 131583K->131583K(153088K)] [ParOldGen: 349666K->349665K(349696K)] 481250K->481249K(502784K), [Metaspace: 12857K->12857K(1060864K)], 0.0871753 secs] [Times: user=0.22 sys=0.00, real=0.09 secs] 
2017-11-10T19:49:53.248+0500: 295.877: [Full GC (Ergonomics) [PSYoungGen: 131583K->131583K(153088K)] [ParOldGen: 349667K->349665K(349696K)] 481251K->481249K(502784K), [Metaspace: 12857K->12857K(1060864K)], 0.0902166 secs] [Times: user=0.28 sys=0.00, real=0.09 secs] 
2017-11-10T19:49:53.339+0500: 295.968: [Full GC (Ergonomics) [PSYoungGen: 131583K->131583K(153088K)] [ParOldGen: 349668K->349666K(349696K)] 481252K->481249K(502784K), [Metaspace: 12857K->12857K(1060864K)], 0.0894471 secs] [Times: user=0.31 sys=0.00, real=0.09 secs] 
2017-11-10T19:49:53.429+0500: 296.057: [Full GC (Ergonomics) [PSYoungGen: 131584K->131583K(153088K)] [ParOldGen: 349666K->349665K(349696K)] 481250K->481249K(502784K), [Metaspace: 12857K->12857K(1060864K)], 0.0887842 secs] [Times: user=0.17 sys=0.00, real=0.09 secs] 
2017-11-10T19:49:53.518+0500: 296.146: [Full GC (Ergonomics) [PSYoungGen: 131583K->131583K(153088K)] [ParOldGen: 349665K->349665K(349696K)] 481249K->481249K(502784K), [Metaspace: 12857K->12857K(1060864K)], 0.0881125 secs] [Times: user=0.31 sys=0.00, real=0.09 secs] 
2017-11-10T19:49:53.606+0500: 296.235: [Full GC (Ergonomics) [PSYoungGen: 131584K->131583K(153088K)] [ParOldGen: 349667K->349666K(349696K)] 481251K->481249K(502784K), [Metaspace: 12857K->12857K(1060864K)], 0.0879624 secs] [Times: user=0.38 sys=0.00, real=0.09 secs] 
2017-11-10T19:49:53.695+0500: 296.323: [Full GC (Ergonomics) [PSYoungGen: 131584K->131583K(153088K)] [ParOldGen: 349666K->349666K(349696K)] 481250K->481250K(502784K), [Metaspace: 12857K->12857K(1060864K)], 0.0836313 secs] [Times: user=0.23 sys=0.00, real=0.08 secs] 
2017-11-10T19:49:53.778+0500: 296.407: [Full GC (Ergonomics) [PSYoungGen: 131584K->131583K(153088K)] [ParOldGen: 349666K->349663K(349696K)] 481250K->481247K(502784K), [Metaspace: 12857K->12857K(1060864K)], 0.0892824 secs] [Times: user=0.38 sys=0.00, real=0.09 secs] 
2017-11-10T19:49:53.868+0500: 296.497: [Full GC (Ergonomics) [PSYoungGen: 131584K->131583K(153088K)] [ParOldGen: 349663K->349663K(349696K)] 481247K->481247K(502784K), [Metaspace: 12857K->12857K(1060864K)], 0.0909720 secs] [Times: user=0.33 sys=0.00, real=0.09 secs] 
2017-11-10T19:49:53.959+0500: 296.588: [Full GC (Ergonomics) [PSYoungGen: 131584K->131584K(153088K)] [ParOldGen: 349663K->349663K(349696K)] 481247K->481247K(502784K), [Metaspace: 12857K->12857K(1060864K)], 0.0876006 secs] [Times: user=0.23 sys=0.00, real=0.09 secs] 
2017-11-10T19:49:54.047+0500: 296.676: [Full GC (Ergonomics) [PSYoungGen: 131584K->131583K(153088K)] [ParOldGen: 349666K->349665K(349696K)] 481250K->481249K(502784K), [Metaspace: 12857K->12857K(1060864K)], 0.0833829 secs] [Times: user=0.30 sys=0.00, real=0.08 secs] 
2017-11-10T19:49:54.131+0500: 296.760: [Full GC (Ergonomics) [PSYoungGen: 131584K->131583K(153088K)] [ParOldGen: 349667K->349665K(349696K)] 481251K->481249K(502784K), [Metaspace: 12857K->12857K(1060864K)], 0.0892980 secs] [Times: user=0.27 sys=0.03, real=0.09 secs] 
2017-11-10T19:49:54.221+0500: 296.850: [Full GC (Ergonomics) [PSYoungGen: 131583K->131583K(153088K)] [ParOldGen: 349665K->349663K(349696K)] 481249K->481247K(502784K), [Metaspace: 12857K->12857K(1060864K)], 0.0877561 secs] [Times: user=0.28 sys=0.00, real=0.09 secs] 
2017-11-10T19:49:54.309+0500: 296.938: [Full GC (Ergonomics) [PSYoungGen: 131584K->131583K(153088K)] [ParOldGen: 349663K->349663K(349696K)] 481247K->481247K(502784K), [Metaspace: 12857K->12857K(1060864K)], 0.0890981 secs] [Times: user=0.33 sys=0.00, real=0.09 secs] 
2017-11-10T19:49:54.398+0500: 297.027: [Full GC (Ergonomics) [PSYoungGen: 131583K->131583K(153088K)] [ParOldGen: 349663K->349663K(349696K)] 481247K->481247K(502784K), [Metaspace: 12857K->12857K(1060864K)], 0.0861950 secs] [Times: user=0.22 sys=0.00, real=0.09 secs] 
2017-11-10T19:49:54.485+0500: 297.114: [Full GC (Ergonomics) [PSYoungGen: 131583K->131583K(153088K)] [ParOldGen: 349666K->349665K(349696K)] 481250K->481249K(502784K), [Metaspace: 12857K->12857K(1060864K)], 0.0892051 secs] [Times: user=0.38 sys=0.00, real=0.09 secs] 
2017-11-10T19:49:54.575+0500: 297.203: [Full GC (Ergonomics) [PSYoungGen: 131583K->131583K(153088K)] [ParOldGen: 349667K->349665K(349696K)] 481251K->481249K(502784K), [Metaspace: 12857K->12857K(1060864K)], 0.0875273 secs] [Times: user=0.36 sys=0.00, real=0.09 secs] 
2017-11-10T19:49:54.663+0500: 297.291: [Full GC (Ergonomics) [PSYoungGen: 131583K->131583K(153088K)] [ParOldGen: 349668K->349666K(349696K)] 481252K->481249K(502784K), [Metaspace: 12857K->12857K(1060864K)], 0.0878157 secs] [Times: user=0.14 sys=0.00, real=0.09 secs] 
2017-11-10T19:49:54.751+0500: 297.380: [Full GC (Ergonomics) [PSYoungGen: 131584K->131583K(153088K)] [ParOldGen: 349666K->349665K(349696K)] 481250K->481249K(502784K), [Metaspace: 12857K->12857K(1060864K)], 0.0908429 secs] [Times: user=0.34 sys=0.00, real=0.09 secs] 
2017-11-10T19:49:54.842+0500: 297.471: [Full GC (Ergonomics) [PSYoungGen: 131583K->131583K(153088K)] [ParOldGen: 349665K->349665K(349696K)] 481249K->481249K(502784K), [Metaspace: 12857K->12857K(1060864K)], 0.0865417 secs] [Times: user=0.36 sys=0.00, real=0.09 secs] 
2017-11-10T19:49:54.929+0500: 297.558: [Full GC (Ergonomics) [PSYoungGen: 131584K->131583K(153088K)] [ParOldGen: 349667K->349666K(349696K)] 481251K->481249K(502784K), [Metaspace: 12857K->12857K(1060864K)], 0.0851263 secs] [Times: user=0.20 sys=0.00, real=0.09 secs] 
2017-11-10T19:49:55.015+0500: 297.643: [Full GC (Ergonomics) [PSYoungGen: 131584K->131583K(153088K)] [ParOldGen: 349666K->349666K(349696K)] 481250K->481250K(502784K), [Metaspace: 12858K->12858K(1060864K)], 0.0884953 secs] [Times: user=0.31 sys=0.00, real=0.09 secs] 
2017-11-10T19:49:55.104+0500: 297.732: [Full GC (Ergonomics) [PSYoungGen: 131584K->131583K(153088K)] [ParOldGen: 349666K->349663K(349696K)] 481250K->481247K(502784K), [Metaspace: 12858K->12858K(1060864K)], 0.0876656 secs] [Times: user=0.33 sys=0.00, real=0.09 secs] 
2017-11-10T19:49:55.192+0500: 297.820: [Full GC (Ergonomics) [PSYoungGen: 131584K->131583K(153088K)] [ParOldGen: 349663K->349663K(349696K)] 481247K->481247K(502784K), [Metaspace: 12858K->12858K(1060864K)], 0.0886659 secs] [Times: user=0.17 sys=0.00, real=0.09 secs] 
2017-11-10T19:49:55.281+0500: 297.909: [Full GC (Ergonomics) [PSYoungGen: 131584K->131584K(153088K)] [ParOldGen: 349663K->349663K(349696K)] 481247K->481247K(502784K), [Metaspace: 12858K->12858K(1060864K)], 0.0906019 secs] [Times: user=0.36 sys=0.00, real=0.09 secs] 
2017-11-10T19:49:55.372+0500: 298.000: [Full GC (Ergonomics) [PSYoungGen: 131584K->131583K(153088K)] [ParOldGen: 349666K->349665K(349696K)] 481250K->481249K(502784K), [Metaspace: 12858K->12858K(1060864K)], 0.0878885 secs] [Times: user=0.38 sys=0.00, real=0.09 secs] 
2017-11-10T19:49:55.460+0500: 298.089: [Full GC (Ergonomics) [PSYoungGen: 131584K->131583K(153088K)] [ParOldGen: 349667K->349665K(349696K)] 481251K->481249K(502784K), [Metaspace: 12858K->12858K(1060864K)], 0.0869753 secs] [Times: user=0.19 sys=0.00, real=0.09 secs] 
2017-11-10T19:49:55.548+0500: 298.176: [Full GC (Ergonomics) [PSYoungGen: 131583K->131583K(153088K)] [ParOldGen: 349665K->349663K(349696K)] 481249K->481247K(502784K), [Metaspace: 12858K->12858K(1060864K)], 0.0869269 secs] [Times: user=0.34 sys=0.00, real=0.09 secs] 
2017-11-10T19:49:55.635+0500: 298.263: [Full GC (Ergonomics) [PSYoungGen: 131584K->131583K(153088K)] [ParOldGen: 349663K->349663K(349696K)] 481247K->481247K(502784K), [Metaspace: 12858K->12858K(1060864K)], 0.0902122 secs] [Times: user=0.31 sys=0.00, real=0.09 secs] 
2017-11-10T19:49:55.725+0500: 298.354: [Full GC (Ergonomics) [PSYoungGen: 131583K->131583K(153088K)] [ParOldGen: 349663K->349663K(349696K)] 481247K->481247K(502784K), [Metaspace: 12858K->12858K(1060864K)], 0.0893347 secs] [Times: user=0.22 sys=0.00, real=0.09 secs] 
2017-11-10T19:49:55.815+0500: 298.444: [Full GC (Ergonomics) [PSYoungGen: 131583K->131583K(153088K)] [ParOldGen: 349666K->349665K(349696K)] 481250K->481249K(502784K), [Metaspace: 12858K->12858K(1060864K)], 0.0884385 secs] [Times: user=0.25 sys=0.00, real=0.09 secs] 
2017-11-10T19:49:55.904+0500: 298.533: [Full GC (Ergonomics) [PSYoungGen: 131583K->131583K(153088K)] [ParOldGen: 349667K->349665K(349696K)] 481251K->481249K(502784K), [Metaspace: 12858K->12858K(1060864K)], 0.0873425 secs] [Times: user=0.38 sys=0.00, real=0.09 secs] 
2017-11-10T19:49:55.992+0500: 298.620: [Full GC (Ergonomics) [PSYoungGen: 131583K->131583K(153088K)] [ParOldGen: 349668K->349666K(349696K)] 481252K->481249K(502784K), [Metaspace: 12858K->12858K(1060864K)], 0.0877394 secs] [Times: user=0.22 sys=0.00, real=0.09 secs] 
2017-11-10T19:49:56.080+0500: 298.708: [Full GC (Ergonomics) [PSYoungGen: 131584K->131583K(153088K)] [ParOldGen: 349666K->349665K(349696K)] 481250K->481249K(502784K), [Metaspace: 12858K->12858K(1060864K)], 0.0887549 secs] [Times: user=0.36 sys=0.00, real=0.09 secs] 
2017-11-10T19:49:56.169+0500: 298.797: [Full GC (Ergonomics) [PSYoungGen: 131583K->131583K(153088K)] [ParOldGen: 349665K->349665K(349696K)] 481249K->481249K(502784K), [Metaspace: 12858K->12858K(1060864K)], 0.0883857 secs] [Times: user=0.34 sys=0.00, real=0.09 secs] 
2017-11-10T19:49:56.258+0500: 298.886: [Full GC (Ergonomics) [PSYoungGen: 131584K->131583K(153088K)] [ParOldGen: 349667K->349666K(349696K)] 481251K->481249K(502784K), [Metaspace: 12858K->12858K(1060864K)], 0.0885021 secs] [Times: user=0.25 sys=0.00, real=0.09 secs] 
2017-11-10T19:49:56.347+0500: 298.975: [Full GC (Ergonomics) [PSYoungGen: 131584K->131583K(153088K)] [ParOldGen: 349666K->349666K(349696K)] 481250K->481250K(502784K), [Metaspace: 12858K->12858K(1060864K)], 0.0888438 secs] [Times: user=0.27 sys=0.00, real=0.09 secs] 
2017-11-10T19:49:56.436+0500: 299.065: [Full GC (Ergonomics) [PSYoungGen: 131584K->131583K(153088K)] [ParOldGen: 349666K->349663K(349696K)] 481250K->481247K(502784K), [Metaspace: 12858K->12858K(1060864K)], 0.0876822 secs] [Times: user=0.33 sys=0.00, real=0.09 secs] 
2017-11-10T19:49:56.524+0500: 299.153: [Full GC (Ergonomics) [PSYoungGen: 131584K->131583K(153088K)] [ParOldGen: 349663K->349663K(349696K)] 481247K->481247K(502784K), [Metaspace: 12858K->12858K(1060864K)], 0.0893801 secs] [Times: user=0.25 sys=0.00, real=0.09 secs] 
2017-11-10T19:49:56.614+0500: 299.242: [Full GC (Ergonomics) [PSYoungGen: 131584K->131584K(153088K)] [ParOldGen: 349663K->349663K(349696K)] 481247K->481247K(502784K), [Metaspace: 12858K->12858K(1060864K)], 0.0878245 secs] [Times: user=0.27 sys=0.00, real=0.09 secs] 
2017-11-10T19:49:56.702+0500: 299.331: [Full GC (Ergonomics) [PSYoungGen: 131584K->131583K(153088K)] [ParOldGen: 349666K->349665K(349696K)] 481250K->481249K(502784K), [Metaspace: 12858K->12858K(1060864K)], 0.0835805 secs] [Times: user=0.16 sys=0.00, real=0.08 secs] 
2017-11-10T19:49:56.786+0500: 299.415: [Full GC (Ergonomics) [PSYoungGen: 131584K->131583K(153088K)] [ParOldGen: 349667K->349665K(349696K)] 481251K->481249K(502784K), [Metaspace: 12858K->12858K(1060864K)], 0.0885476 secs] [Times: user=0.11 sys=0.00, real=0.09 secs] 
2017-11-10T19:49:56.875+0500: 299.504: [Full GC (Ergonomics) [PSYoungGen: 131583K->131583K(153088K)] [ParOldGen: 349665K->349663K(349696K)] 481249K->481247K(502784K), [Metaspace: 12859K->12859K(1060864K)], 0.0936628 secs] [Times: user=0.25 sys=0.00, real=0.09 secs] 
2017-11-10T19:49:56.969+0500: 299.598: [Full GC (Ergonomics) [PSYoungGen: 131584K->131583K(153088K)] [ParOldGen: 349663K->349663K(349696K)] 481247K->481247K(502784K), [Metaspace: 12859K->12859K(1060864K)], 0.0884249 secs] [Times: user=0.28 sys=0.00, real=0.09 secs] 
2017-11-10T19:49:57.058+0500: 299.687: [Full GC (Ergonomics) [PSYoungGen: 131583K->131583K(153088K)] [ParOldGen: 349663K->349663K(349696K)] 481247K->481247K(502784K), [Metaspace: 12859K->12859K(1060864K)], 0.0837393 secs] [Times: user=0.24 sys=0.00, real=0.08 secs] 
2017-11-10T19:49:57.143+0500: 299.771: [Full GC (Ergonomics) [PSYoungGen: 131583K->131583K(153088K)] [ParOldGen: 349666K->349665K(349696K)] 481250K->481249K(502784K), [Metaspace: 12859K->12859K(1060864K)], 0.0842986 secs] [Times: user=0.25 sys=0.00, real=0.08 secs] 
2017-11-10T19:49:57.228+0500: 299.856: [Full GC (Ergonomics) [PSYoungGen: 131583K->131583K(153088K)] [ParOldGen: 349667K->349665K(349696K)] 481251K->481249K(502784K), [Metaspace: 12859K->12859K(1060864K)], 0.0883525 secs] [Times: user=0.27 sys=0.00, real=0.09 secs] 
2017-11-10T19:49:57.316+0500: 299.945: [Full GC (Ergonomics) [PSYoungGen: 131583K->131583K(153088K)] [ParOldGen: 349668K->349666K(349696K)] 481252K->481249K(502784K), [Metaspace: 12859K->12859K(1060864K)], 0.0890154 secs] [Times: user=0.27 sys=0.00, real=0.09 secs] 
2017-11-10T19:49:57.406+0500: 300.034: [Full GC (Ergonomics) [PSYoungGen: 131584K->131583K(153088K)] [ParOldGen: 349666K->349665K(349696K)] 481250K->481249K(502784K), [Metaspace: 12859K->12859K(1060864K)], 0.0874710 secs] [Times: user=0.34 sys=0.00, real=0.09 secs] 
2017-11-10T19:49:57.493+0500: 300.122: [Full GC (Ergonomics) [PSYoungGen: 131583K->131583K(153088K)] [ParOldGen: 349665K->349665K(349696K)] 481249K->481249K(502784K), [Metaspace: 12859K->12859K(1060864K)], 0.0888844 secs] [Times: user=0.28 sys=0.00, real=0.09 secs] 
2017-11-10T19:49:57.583+0500: 300.212: [Full GC (Ergonomics) [PSYoungGen: 131584K->131583K(153088K)] [ParOldGen: 349667K->349666K(349696K)] 481251K->481249K(502784K), [Metaspace: 12859K->12859K(1060864K)], 0.0893489 secs] [Times: user=0.27 sys=0.00, real=0.09 secs] 
2017-11-10T19:49:57.672+0500: 300.301: [Full GC (Ergonomics) [PSYoungGen: 131584K->131583K(153088K)] [ParOldGen: 349666K->349666K(349696K)] 481250K->481250K(502784K), [Metaspace: 12859K->12859K(1060864K)], 0.0872085 secs] [Times: user=0.34 sys=0.00, real=0.09 secs] 
2017-11-10T19:49:57.760+0500: 300.389: [Full GC (Ergonomics) [PSYoungGen: 131584K->131583K(153088K)] [ParOldGen: 349666K->349663K(349696K)] 481250K->481247K(502784K), [Metaspace: 12859K->12859K(1060864K)], 0.0894872 secs] [Times: user=0.33 sys=0.00, real=0.09 secs] 
2017-11-10T19:49:57.850+0500: 300.479: [Full GC (Ergonomics) [PSYoungGen: 131584K->131583K(153088K)] [ParOldGen: 349663K->349663K(349696K)] 481247K->481247K(502784K), [Metaspace: 12859K->12859K(1060864K)], 0.0889162 secs] [Times: user=0.27 sys=0.00, real=0.09 secs] 
2017-11-10T19:49:57.939+0500: 300.568: [Full GC (Ergonomics) [PSYoungGen: 131584K->131584K(153088K)] [ParOldGen: 349663K->349663K(349696K)] 481247K->481247K(502784K), [Metaspace: 12859K->12859K(1060864K)], 0.0865558 secs] [Times: user=0.23 sys=0.00, real=0.09 secs] 
2017-11-10T19:49:58.026+0500: 300.655: [Full GC (Ergonomics) [PSYoungGen: 131584K->131583K(153088K)] [ParOldGen: 349666K->349665K(349696K)] 481250K->481249K(502784K), [Metaspace: 12859K->12859K(1060864K)], 0.0857506 secs] [Times: user=0.20 sys=0.00, real=0.09 secs] 
2017-11-10T19:49:58.113+0500: 300.741: [Full GC (Ergonomics) [PSYoungGen: 131584K->131583K(153088K)] [ParOldGen: 349667K->349665K(349696K)] 481251K->481249K(502784K), [Metaspace: 12859K->12859K(1060864K)], 0.0885075 secs] [Times: user=0.27 sys=0.00, real=0.09 secs] 
2017-11-10T19:49:58.201+0500: 300.830: [Full GC (Ergonomics) [PSYoungGen: 131583K->131583K(153088K)] [ParOldGen: 349665K->349663K(349696K)] 481249K->481247K(502784K), [Metaspace: 12859K->12859K(1060864K)], 0.0880670 secs] [Times: user=0.34 sys=0.00, real=0.09 secs] 
2017-11-10T19:49:58.290+0500: 300.919: [Full GC (Ergonomics) [PSYoungGen: 131584K->131583K(153088K)] [ParOldGen: 349663K->349663K(349696K)] 481247K->481247K(502784K), [Metaspace: 12859K->12859K(1060864K)], 0.0848863 secs] [Times: user=0.22 sys=0.00, real=0.09 secs] 
2017-11-10T19:49:58.375+0500: 301.004: [Full GC (Ergonomics) [PSYoungGen: 131583K->131583K(153088K)] [ParOldGen: 349663K->349663K(349696K)] 481247K->481247K(502784K), [Metaspace: 12859K->12859K(1060864K)], 0.0884185 secs] [Times: user=0.36 sys=0.00, real=0.09 secs] 
2017-11-10T19:49:58.464+0500: 301.093: [Full GC (Ergonomics) [PSYoungGen: 131583K->131583K(153088K)] [ParOldGen: 349666K->349665K(349696K)] 481250K->481249K(502784K), [Metaspace: 12859K->12859K(1060864K)], 0.1999267 secs] [Times: user=0.61 sys=0.02, real=0.20 secs] 
2017-11-10T19:49:58.665+0500: 301.293: [Full GC (Ergonomics) [PSYoungGen: 131583K->131583K(153088K)] [ParOldGen: 349667K->349665K(349696K)] 481251K->481249K(502784K), [Metaspace: 12859K->12859K(1060864K)], 0.1983501 secs] [Times: user=0.45 sys=0.02, real=0.20 secs] 
2017-11-10T19:49:58.864+0500: 301.492: [Full GC (Ergonomics) [PSYoungGen: 131583K->131583K(153088K)] [ParOldGen: 349668K->349666K(349696K)] 481252K->481249K(502784K), [Metaspace: 12859K->12859K(1060864K)], 0.0897561 secs] [Times: user=0.23 sys=0.00, real=0.09 secs] 
2017-11-10T19:49:58.954+0500: 301.582: [Full GC (Ergonomics) [PSYoungGen: 131584K->131583K(153088K)] [ParOldGen: 349666K->349666K(349696K)] 481250K->481249K(502784K), [Metaspace: 12859K->12859K(1060864K)], 0.0867626 secs] [Times: user=0.25 sys=0.00, real=0.09 secs] 
2017-11-10T19:49:59.041+0500: 301.669: [Full GC (Ergonomics) [PSYoungGen: 131584K->131583K(153088K)] [ParOldGen: 349666K->349665K(349696K)] 481250K->481249K(502784K), [Metaspace: 12859K->12859K(1060864K)], 0.0866541 secs] [Times: user=0.17 sys=0.00, real=0.09 secs] 
2017-11-10T19:49:59.128+0500: 301.756: [Full GC (Ergonomics) [PSYoungGen: 131584K->131583K(153088K)] [ParOldGen: 349665K->349665K(349696K)] 481249K->481249K(502784K), [Metaspace: 12859K->12859K(1060864K)], 0.0854182 secs] [Times: user=0.30 sys=0.00, real=0.09 secs] 
2017-11-10T19:49:59.213+0500: 301.842: [Full GC (Ergonomics) [PSYoungGen: 131584K->131584K(153088K)] [ParOldGen: 349665K->349665K(349696K)] 481249K->481249K(502784K), [Metaspace: 12859K->12859K(1060864K)], 0.0868330 secs] [Times: user=0.22 sys=0.00, real=0.09 secs] 
2017-11-10T19:49:59.301+0500: 301.929: [Full GC (Ergonomics) [PSYoungGen: 131584K->131583K(153088K)] [ParOldGen: 349668K->349665K(349696K)] 481252K->481248K(502784K), [Metaspace: 12859K->12859K(1060864K)], 0.1993132 secs] [Times: user=0.52 sys=0.01, real=0.20 secs] 
2017-11-10T19:49:59.500+0500: 302.129: [Full GC (Ergonomics) [PSYoungGen: 131584K->131583K(153088K)] [ParOldGen: 349665K->349665K(349696K)] 481249K->481248K(502784K), [Metaspace: 12859K->12859K(1060864K)], 0.0873742 secs] [Times: user=0.33 sys=0.00, real=0.09 secs] 
2017-11-10T19:49:59.588+0500: 302.216: [Full GC (Ergonomics) [PSYoungGen: 131584K->131583K(153088K)] [ParOldGen: 349665K->349665K(349696K)] 481249K->481248K(502784K), [Metaspace: 12859K->12859K(1060864K)], 0.0878401 secs] [Times: user=0.33 sys=0.00, real=0.09 secs] 
2017-11-10T19:49:59.676+0500: 302.304: [Full GC (Ergonomics) [PSYoungGen: 131584K->131583K(153088K)] [ParOldGen: 349665K->349664K(349696K)] 481249K->481248K(502784K), [Metaspace: 12859K->12859K(1060864K)], 0.0870775 secs] [Times: user=0.17 sys=0.00, real=0.09 secs] 
2017-11-10T19:49:59.763+0500: 302.392: [Full GC (Ergonomics) [PSYoungGen: 131584K->131583K(153088K)] [ParOldGen: 349664K->349664K(349696K)] 481248K->481248K(502784K), [Metaspace: 12859K->12859K(1060864K)], 0.0864913 secs] [Times: user=0.34 sys=0.00, real=0.09 secs] 
2017-11-10T19:49:59.850+0500: 302.479: [Full GC (Ergonomics) [PSYoungGen: 131583K->131583K(153088K)] [ParOldGen: 349664K->349664K(349696K)] 481248K->481248K(502784K), [Metaspace: 12859K->12859K(1060864K)], 0.0868071 secs] [Times: user=0.27 sys=0.00, real=0.09 secs] 
2017-11-10T19:49:59.937+0500: 302.566: [Full GC (Ergonomics) [PSYoungGen: 131583K->131583K(153088K)] [ParOldGen: 349664K->349664K(349696K)] 481248K->481248K(502784K), [Metaspace: 12859K->12859K(1060864K)], 0.0936398 secs] [Times: user=0.30 sys=0.00, real=0.09 secs] 
2017-11-10T19:50:00.031+0500: 302.660: [Full GC (Ergonomics) [PSYoungGen: 131584K->131583K(153088K)] [ParOldGen: 349664K->349664K(349696K)] 481248K->481248K(502784K), [Metaspace: 12859K->12859K(1060864K)], 0.0920167 secs] [Times: user=0.27 sys=0.00, real=0.09 secs] 
2017-11-10T19:50:00.124+0500: 302.752: [Full GC (Ergonomics) [PSYoungGen: 131584K->131583K(153088K)] [ParOldGen: 349666K->349665K(349696K)] 481250K->481248K(502784K), [Metaspace: 12859K->12859K(1060864K)], 0.0890814 secs] [Times: user=0.38 sys=0.00, real=0.09 secs] 
2017-11-10T19:50:00.213+0500: 302.842: [Full GC (Ergonomics) [PSYoungGen: 131584K->131583K(153088K)] [ParOldGen: 349665K->349665K(349696K)] 481249K->481248K(502784K), [Metaspace: 12860K->12860K(1060864K)], 0.0875840 secs] [Times: user=0.25 sys=0.00, real=0.09 secs] 
2017-11-10T19:50:00.301+0500: 302.930: [Full GC (Ergonomics) [PSYoungGen: 131584K->131583K(153088K)] [ParOldGen: 349665K->349662K(349696K)] 481249K->481246K(502784K), [Metaspace: 12862K->12862K(1060864K)], 0.0901061 secs] [Times: user=0.22 sys=0.00, real=0.09 secs] 
2017-11-10T19:50:00.392+0500: 303.020: [Full GC (Ergonomics) [PSYoungGen: 131584K->131583K(153088K)] [ParOldGen: 349662K->349662K(349696K)] 481246K->481246K(502784K), [Metaspace: 12862K->12862K(1060864K)], 0.0880709 secs] [Times: user=0.34 sys=0.00, real=0.09 secs] 
2017-11-10T19:50:00.480+0500: 303.109: [Full GC (Ergonomics) [PSYoungGen: 131584K->131583K(153088K)] [ParOldGen: 349662K->349662K(349696K)] 481246K->481246K(502784K), [Metaspace: 12863K->12863K(1060864K)], 0.0887993 secs] [Times: user=0.34 sys=0.00, real=0.09 secs] 
2017-11-10T19:50:00.569+0500: 303.198: [Full GC (Ergonomics) [PSYoungGen: 131583K->131583K(153088K)] [ParOldGen: 349662K->349662K(349696K)] 481246K->481246K(502784K), [Metaspace: 12863K->12863K(1060864K)], 0.0865729 secs] [Times: user=0.25 sys=0.00, real=0.09 secs] 
2017-11-10T19:50:00.657+0500: 303.285: [Full GC (Ergonomics) [PSYoungGen: 131583K->131583K(153088K)] [ParOldGen: 349665K->349665K(349696K)] 481249K->481249K(502784K), [Metaspace: 12868K->12868K(1060864K)], 0.0854412 secs] [Times: user=0.33 sys=0.00, real=0.09 secs] 
2017-11-10T19:50:00.743+0500: 303.371: [Full GC (Ergonomics) [PSYoungGen: 131583K->131583K(153088K)] [ParOldGen: 349668K->349665K(349696K)] 481252K->481249K(502784K), [Metaspace: 12868K->12868K(1060864K)], 0.0883686 secs] [Times: user=0.27 sys=0.00, real=0.09 secs] 
2017-11-10T19:50:00.831+0500: 303.460: [Full GC (Ergonomics) [PSYoungGen: 131584K->131583K(153088K)] [ParOldGen: 349665K->349635K(349696K)] 481249K->481219K(502784K), [Metaspace: 12868K->12868K(1060864K)], 0.2034081 secs] [Times: user=0.59 sys=0.00, real=0.20 secs] 
2017-11-10T19:50:01.036+0500: 303.664: [Full GC (Ergonomics) [PSYoungGen: 131584K->131583K(153088K)] [ParOldGen: 349635K->349635K(349696K)] 481219K->481219K(502784K), [Metaspace: 12868K->12868K(1060864K)], 0.0878617 secs] [Times: user=0.26 sys=0.00, real=0.09 secs] 
2017-11-10T19:50:01.124+0500: 303.752: [Full GC (Ergonomics) [PSYoungGen: 131583K->131583K(153088K)] [ParOldGen: 349635K->349635K(349696K)] 481219K->481219K(502784K), [Metaspace: 12868K->12868K(1060864K)], 0.0892990 secs] [Times: user=0.36 sys=0.00, real=0.09 secs] 
2017-11-10T19:50:01.213+0500: 303.842: [Full GC (Ergonomics) [PSYoungGen: 131584K->131583K(153088K)] [ParOldGen: 349638K->349636K(349696K)] 481222K->481220K(502784K), [Metaspace: 12874K->12874K(1060864K)], 0.0876876 secs] [Times: user=0.20 sys=0.02, real=0.09 secs] 
2017-11-10T19:50:01.302+0500: 303.930: [Full GC (Ergonomics) [PSYoungGen: 131584K->131583K(153088K)] [ParOldGen: 349636K->349634K(349696K)] 481220K->481217K(502784K), [Metaspace: 12874K->12874K(1060864K)], 0.0880308 secs] [Times: user=0.27 sys=0.00, real=0.09 secs] 
2017-11-10T19:50:01.390+0500: 304.019: [Full GC (Ergonomics) [PSYoungGen: 131584K->131583K(153088K)] [ParOldGen: 349634K->349634K(349696K)] 481218K->481218K(502784K), [Metaspace: 12874K->12874K(1060864K)], 0.0881081 secs] [Times: user=0.34 sys=0.00, real=0.09 secs] 
2017-11-10T19:50:01.479+0500: 304.108: [Full GC (Ergonomics) [PSYoungGen: 131583K->131583K(153088K)] [ParOldGen: 349636K->349635K(349696K)] 481220K->481219K(502784K), [Metaspace: 12874K->12874K(1060864K)], 0.0875991 secs] [Times: user=0.28 sys=0.00, real=0.09 secs] 
2017-11-10T19:50:01.567+0500: 304.196: [Full GC (Ergonomics) [PSYoungGen: 131583K->131583K(153088K)] [ParOldGen: 349638K->349636K(349696K)] 481222K->481220K(502784K), [Metaspace: 12874K->12874K(1060864K)], 0.1985593 secs] [Times: user=0.47 sys=0.00, real=0.20 secs] 
2017-11-10T19:50:01.766+0500: 304.395: [Full GC (Ergonomics) [PSYoungGen: 131583K->131583K(153088K)] [ParOldGen: 349636K->349636K(349696K)] 481220K->481220K(502784K), [Metaspace: 12874K->12874K(1060864K)], 0.0893709 secs] [Times: user=0.36 sys=0.00, real=0.09 secs] 
2017-11-10T19:50:01.856+0500: 304.485: [Full GC (Ergonomics) [PSYoungGen: 131584K->131583K(153088K)] [ParOldGen: 349638K->349634K(349696K)] 481222K->481218K(502784K), [Metaspace: 12875K->12875K(1060864K)], 0.2014310 secs] [Times: user=0.64 sys=0.00, real=0.20 secs] 
Heap
 PSYoungGen      total 153088K, used 131584K [0x00000000f5580000, 0x0000000100000000, 0x0000000100000000)
  eden space 131584K, 100% used [0x00000000f5580000,0x00000000fd600000,0x00000000fd600000)
  from space 21504K, 0% used [0x00000000feb00000,0x00000000feb00000,0x0000000100000000)
  to   space 21504K, 0% used [0x00000000fd600000,0x00000000fd600000,0x00000000feb00000)
 ParOldGen       total 349696K, used 349634K [0x00000000e0000000, 0x00000000f5580000, 0x00000000f5580000)
  object space 349696K, 99% used [0x00000000e0000000,0x00000000f5570bd0,0x00000000f5580000)
 Metaspace       used 12875K, capacity 13144K, committed 13568K, reserved 1060864K
  class space    used 1611K, capacity 1668K, committed 1792K, reserved 1048576K
2017-11-10T19:50:02.058+0500: 304.687: [Full GC (Ergonomics) [PSYoungGen: 131584K->131583K(153088K)] [ParOldGen: 349634K->349634K(349696K)] 481218K->481218K(502784K), [Metaspace: 12875K->12875K(1060864K)], 0.0866966 secs] [Times: user=0.25 sys=0.00, real=0.09 secs] 
