Java HotSpot(TM) 64-Bit Server VM (25.152-b16) for windows-amd64 JRE (1.8.0_152-b16), built on Sep 14 2017 02:29:36 by "java_re" with MS VC++ 10.0 (VS2010)
Memory: 4k page, physical 8282740k(3420188k free), swap 12810432k(5611392k free)
CommandLine flags: -XX:InitialHeapSize=536870912 -XX:+ManagementServer -XX:MaxHeapSize=536870912 -XX:+PrintGC -XX:+PrintGCDateStamps -XX:+PrintGCDetails -XX:+PrintGCTimeStamps -XX:+UseCompressedClassPointers -XX:+UseCompressedOops -XX:-UseLargePagesIndividualAllocation -XX:+UseSerialGC 
2017-11-10T19:29:43.434+0500: 26.893: [GC (Allocation Failure) 2017-11-10T19:29:43.434+0500: 26.893: [DefNew: 139776K->17472K(157248K), 0.0755671 secs] 139776K->57904K(506816K), 0.0760266 secs] [Times: user=0.02 sys=0.06, real=0.08 secs] 
2017-11-10T19:30:17.944+0500: 61.403: [GC (Allocation Failure) 2017-11-10T19:30:17.944+0500: 61.404: [DefNew: 157248K->17471K(157248K), 0.1256078 secs] 197680K->162321K(506816K), 0.1257501 secs] [Times: user=0.06 sys=0.06, real=0.13 secs] 
2017-11-10T19:30:54.304+0500: 97.763: [GC (Allocation Failure) 2017-11-10T19:30:54.304+0500: 97.763: [DefNew: 157247K->17472K(157248K), 0.1325182 secs] 302097K->283195K(506816K), 0.1326586 secs] [Times: user=0.08 sys=0.05, real=0.13 secs] 
2017-11-10T19:31:29.878+0500: 133.337: [GC (Allocation Failure) 2017-11-10T19:31:29.878+0500: 133.337: [DefNew: 157248K->157248K(157248K), 0.0000416 secs]2017-11-10T19:31:29.878+0500: 133.337: [Tenured: 265723K->262675K(349568K), 0.1765613 secs] 422971K->262675K(506816K), [Metaspace: 12847K->12847K(1060864K)], 0.1767348 secs] [Times: user=0.17 sys=0.00, real=0.18 secs] 
2017-11-10T19:32:06.269+0500: 169.728: [GC (Allocation Failure) 2017-11-10T19:32:06.269+0500: 169.728: [DefNew: 139776K->139776K(157248K), 0.0000425 secs]2017-11-10T19:32:06.269+0500: 169.728: [Tenured: 262675K->331736K(349568K), 0.2278985 secs] 402451K->331736K(506816K), [Metaspace: 12848K->12848K(1060864K)], 0.2280633 secs] [Times: user=0.20 sys=0.00, real=0.23 secs] 
2017-11-10T19:32:43.396+0500: 206.855: [GC (Allocation Failure) 2017-11-10T19:32:43.396+0500: 206.855: [DefNew: 139776K->139776K(157248K), 0.0001208 secs]2017-11-10T19:32:43.396+0500: 206.855: [Tenured: 331736K->349567K(349568K), 0.2575922 secs] 471512K->400316K(506816K), [Metaspace: 12851K->12851K(1060864K)], 0.2579745 secs] [Times: user=0.25 sys=0.00, real=0.26 secs] 
2017-11-10T19:33:11.618+0500: 235.077: [Full GC (Allocation Failure) 2017-11-10T19:33:11.618+0500: 235.077: [Tenured: 349567K->349567K(349568K), 0.2733539 secs] 506814K->451095K(506816K), [Metaspace: 12852K->12852K(1060864K)], 0.2735500 secs] [Times: user=0.25 sys=0.00, real=0.27 secs] 
2017-11-10T19:33:26.648+0500: 250.107: [Full GC (Allocation Failure) 2017-11-10T19:33:26.648+0500: 250.107: [Tenured: 349567K->349567K(349568K), 0.3197089 secs] 506815K->478804K(506816K), [Metaspace: 12821K->12821K(1060864K)], 0.3198238 secs] [Times: user=0.31 sys=0.00, real=0.32 secs] 
2017-11-10T19:33:34.829+0500: 258.288: [Full GC (Allocation Failure) 2017-11-10T19:33:34.829+0500: 258.288: [Tenured: 349567K->349567K(349568K), 0.0996131 secs] 506815K->506706K(506816K), [Metaspace: 12822K->12822K(1060864K)], 0.0997769 secs] [Times: user=0.11 sys=0.00, real=0.10 secs] 
2017-11-10T19:33:34.929+0500: 258.388: [Full GC (Allocation Failure) 2017-11-10T19:33:34.929+0500: 258.388: [Tenured: 349567K->349567K(349568K), 0.0756966 secs] 506815K->506814K(506816K), [Metaspace: 12822K->12822K(1060864K)], 0.0757778 secs] [Times: user=0.08 sys=0.00, real=0.08 secs] 
2017-11-10T19:33:35.005+0500: 258.464: [Full GC (Allocation Failure) 2017-11-10T19:33:35.005+0500: 258.464: [Tenured: 349567K->349567K(349568K), 0.2861589 secs] 506814K->491763K(506816K), [Metaspace: 12822K->12822K(1060864K)], 0.2862455 secs] [Times: user=0.28 sys=0.00, real=0.29 secs] 
2017-11-10T19:33:39.114+0500: 262.573: [Full GC (Allocation Failure) 2017-11-10T19:33:39.114+0500: 262.573: [Tenured: 349567K->349567K(349568K), 0.0847518 secs] 506814K->506751K(506816K), [Metaspace: 12824K->12824K(1060864K)], 0.0848711 secs] [Times: user=0.08 sys=0.00, real=0.08 secs] 
2017-11-10T19:33:39.199+0500: 262.658: [Full GC (Allocation Failure) 2017-11-10T19:33:39.199+0500: 262.658: [Tenured: 349567K->349567K(349568K), 0.0742847 secs] 506814K->506814K(506816K), [Metaspace: 12824K->12824K(1060864K)], 0.0744162 secs] [Times: user=0.08 sys=0.00, real=0.07 secs] 
2017-11-10T19:33:39.273+0500: 262.733: [Full GC (Allocation Failure) 2017-11-10T19:33:39.273+0500: 262.733: [Tenured: 349567K->349567K(349568K), 0.2775599 secs] 506814K->499758K(506816K), [Metaspace: 12824K->12824K(1060864K)], 0.2776523 secs] [Times: user=0.28 sys=0.00, real=0.28 secs] 
2017-11-10T19:33:41.709+0500: 265.169: [Full GC (Allocation Failure) 2017-11-10T19:33:41.709+0500: 265.169: [Tenured: 349567K->349567K(349568K), 0.2930796 secs] 506813K->502718K(506816K), [Metaspace: 12831K->12831K(1060864K)], 0.2932014 secs] [Times: user=0.30 sys=0.00, real=0.29 secs] 
2017-11-10T19:33:43.116+0500: 266.575: [Full GC (Allocation Failure) 2017-11-10T19:33:43.116+0500: 266.575: [Tenured: 349567K->349567K(349568K), 0.0784217 secs] 506813K->506792K(506816K), [Metaspace: 12837K->12837K(1060864K)], 0.0785429 secs] [Times: user=0.08 sys=0.00, real=0.08 secs] 
2017-11-10T19:33:43.195+0500: 266.654: [Full GC (Allocation Failure) 2017-11-10T19:33:43.195+0500: 266.654: [Tenured: 349567K->349567K(349568K), 0.0742828 secs] 506814K->506814K(506816K), [Metaspace: 12837K->12837K(1060864K)], 0.0743849 secs] [Times: user=0.08 sys=0.00, real=0.08 secs] 
2017-11-10T19:33:43.270+0500: 266.729: [Full GC (Allocation Failure) 2017-11-10T19:33:43.270+0500: 266.729: [Tenured: 349567K->349567K(349568K), 0.2450043 secs] 506814K->504797K(506816K), [Metaspace: 12837K->12837K(1060864K)], 0.2450815 secs] [Times: user=0.23 sys=0.00, real=0.25 secs] 
2017-11-10T19:33:44.053+0500: 267.513: [Full GC (Allocation Failure) 2017-11-10T19:33:44.053+0500: 267.513: [Tenured: 349567K->349567K(349568K), 0.2356787 secs] 506813K->505742K(506816K), [Metaspace: 12839K->12839K(1060864K)], 0.2357965 secs] [Times: user=0.22 sys=0.00, real=0.24 secs] 
2017-11-10T19:33:44.290+0500: 267.749: [Full GC (Allocation Failure) 2017-11-10T19:33:44.290+0500: 267.749: [Tenured: 349567K->349567K(349568K), 0.0782604 secs] 506814K->506813K(506816K), [Metaspace: 12842K->12842K(1060864K)], 0.0783401 secs] [Times: user=0.06 sys=0.00, real=0.08 secs] 
2017-11-10T19:33:44.368+0500: 267.827: [Full GC (Allocation Failure) 2017-11-10T19:33:44.368+0500: 267.827: [Tenured: 349567K->349567K(349568K), 0.0748372 secs] 506813K->506811K(506816K), [Metaspace: 12842K->12842K(1060864K)], 0.0749340 secs] [Times: user=0.08 sys=0.00, real=0.08 secs] 
2017-11-10T19:33:44.443+0500: 267.903: [Full GC (Allocation Failure) 2017-11-10T19:33:44.444+0500: 267.903: [Tenured: 349567K->349567K(349568K), 0.0759078 secs] 506813K->506813K(506816K), [Metaspace: 12842K->12842K(1060864K)], 0.0760330 secs] [Times: user=0.08 sys=0.00, real=0.08 secs] 
2017-11-10T19:33:44.520+0500: 267.979: [Full GC (Allocation Failure) 2017-11-10T19:33:44.520+0500: 267.979: [Tenured: 349567K->349567K(349568K), 0.0762941 secs] 506813K->506813K(506816K), [Metaspace: 12842K->12842K(1060864K)], 0.0763777 secs] [Times: user=0.06 sys=0.00, real=0.08 secs] 
2017-11-10T19:33:44.596+0500: 268.056: [Full GC (Allocation Failure) 2017-11-10T19:33:44.596+0500: 268.056: [Tenured: 349567K->349567K(349568K), 0.0745873 secs] 506815K->506815K(506816K), [Metaspace: 12842K->12842K(1060864K)], 0.0746949 secs] [Times: user=0.06 sys=0.00, real=0.08 secs] 
2017-11-10T19:33:44.671+0500: 268.131: [Full GC (Allocation Failure) 2017-11-10T19:33:44.671+0500: 268.131: [Tenured: 349567K->349567K(349568K), 0.0762085 secs] 506815K->506815K(506816K), [Metaspace: 12842K->12842K(1060864K)], 0.0763097 secs] [Times: user=0.08 sys=0.00, real=0.08 secs] 
2017-11-10T19:33:44.748+0500: 268.207: [Full GC (Allocation Failure) 2017-11-10T19:33:44.748+0500: 268.207: [Tenured: 349567K->349567K(349568K), 0.0746416 secs] 506815K->506815K(506816K), [Metaspace: 12842K->12842K(1060864K)], 0.0747154 secs] [Times: user=0.08 sys=0.00, real=0.08 secs] 
2017-11-10T19:33:44.823+0500: 268.282: [Full GC (Allocation Failure) 2017-11-10T19:33:44.823+0500: 268.282: [Tenured: 349567K->349567K(349568K), 0.0754439 secs] 506815K->506815K(506816K), [Metaspace: 12842K->12842K(1060864K)], 0.0755245 secs] [Times: user=0.08 sys=0.00, real=0.08 secs] 
2017-11-10T19:33:44.899+0500: 268.358: [Full GC (Allocation Failure) 2017-11-10T19:33:44.899+0500: 268.358: [Tenured: 349567K->349567K(349568K), 0.0752962 secs] 506815K->506815K(506816K), [Metaspace: 12843K->12843K(1060864K)], 0.0753842 secs] [Times: user=0.08 sys=0.00, real=0.08 secs] 
2017-11-10T19:33:44.975+0500: 268.435: [Full GC (Allocation Failure) 2017-11-10T19:33:44.975+0500: 268.435: [Tenured: 349567K->349567K(349568K), 0.0752957 secs] 506815K->506815K(506816K), [Metaspace: 12843K->12843K(1060864K)], 0.0753784 secs] [Times: user=0.08 sys=0.00, real=0.08 secs] 
2017-11-10T19:33:45.051+0500: 268.510: [Full GC (Allocation Failure) 2017-11-10T19:33:45.051+0500: 268.510: [Tenured: 349567K->349567K(349568K), 0.0757406 secs] 506815K->506815K(506816K), [Metaspace: 12843K->12843K(1060864K)], 0.0758101 secs] [Times: user=0.06 sys=0.00, real=0.08 secs] 
2017-11-10T19:33:45.127+0500: 268.586: [Full GC (Allocation Failure) 2017-11-10T19:33:45.127+0500: 268.586: [Tenured: 349567K->349567K(349568K), 0.0749584 secs] 506815K->506815K(506816K), [Metaspace: 12844K->12844K(1060864K)], 0.0750298 secs] [Times: user=0.08 sys=0.00, real=0.07 secs] 
2017-11-10T19:33:45.202+0500: 268.661: [Full GC (Allocation Failure) 2017-11-10T19:33:45.202+0500: 268.661: [Tenured: 349567K->349567K(349568K), 0.0762823 secs] 506815K->506815K(506816K), [Metaspace: 12844K->12844K(1060864K)], 0.0763522 secs] [Times: user=0.08 sys=0.00, real=0.08 secs] 
2017-11-10T19:33:45.279+0500: 268.738: [Full GC (Allocation Failure) 2017-11-10T19:33:45.279+0500: 268.738: [Tenured: 349568K->349568K(349568K), 0.0757206 secs] 506815K->506815K(506816K), [Metaspace: 12844K->12844K(1060864K)], 0.0757944 secs] [Times: user=0.06 sys=0.02, real=0.08 secs] 
2017-11-10T19:33:45.355+0500: 268.814: [Full GC (Allocation Failure) 2017-11-10T19:33:45.355+0500: 268.814: [Tenured: 349568K->349567K(349568K), 0.1777243 secs] 506815K->506815K(506816K), [Metaspace: 12844K->12844K(1060864K)], 0.1778412 secs] [Times: user=0.17 sys=0.00, real=0.18 secs] 
2017-11-10T19:33:45.533+0500: 268.992: [Full GC (Allocation Failure) 2017-11-10T19:33:45.533+0500: 268.992: [Tenured: 349567K->349567K(349568K), 0.2543249 secs] 506815K->506785K(506816K), [Metaspace: 12845K->12845K(1060864K)], 0.2544207 secs] [Times: user=0.27 sys=0.00, real=0.26 secs] 
2017-11-10T19:33:45.789+0500: 269.248: [Full GC (Allocation Failure) 2017-11-10T19:33:45.789+0500: 269.248: [Tenured: 349567K->349567K(349568K), 0.0778570 secs] 506815K->506792K(506816K), [Metaspace: 12845K->12845K(1060864K)], 0.0779529 secs] [Times: user=0.08 sys=0.00, real=0.08 secs] 
2017-11-10T19:33:45.869+0500: 269.327: [Full GC (Allocation Failure) 2017-11-10T19:33:45.869+0500: 269.327: [Tenured: 349567K->349567K(349568K), 0.0775735 secs] 506815K->506794K(506816K), [Metaspace: 12846K->12846K(1060864K)], 0.0776493 secs] [Times: user=0.08 sys=0.00, real=0.08 secs] 
2017-11-10T19:33:45.947+0500: 269.406: [Full GC (Allocation Failure) 2017-11-10T19:33:45.947+0500: 269.406: [Tenured: 349567K->349567K(349568K), 0.0799338 secs] 506815K->506794K(506816K), [Metaspace: 12848K->12848K(1060864K)], 0.0800179 secs] [Times: user=0.08 sys=0.00, real=0.08 secs] 
2017-11-10T19:33:46.029+0500: 269.488: [Full GC (Allocation Failure) 2017-11-10T19:33:46.029+0500: 269.488: [Tenured: 349567K->349566K(349568K), 0.1899358 secs] 506815K->506793K(506816K), [Metaspace: 12850K->12850K(1060864K)], 0.1900531 secs] [Times: user=0.19 sys=0.00, real=0.19 secs] 
2017-11-10T19:33:46.220+0500: 269.679: [Full GC (Allocation Failure) 2017-11-10T19:33:46.220+0500: 269.679: [Tenured: 349567K->349567K(349568K), 0.0865099 secs] 506815K->506794K(506816K), [Metaspace: 12851K->12851K(1060864K)], 0.0866306 secs] [Times: user=0.09 sys=0.00, real=0.09 secs] 
2017-11-10T19:33:46.308+0500: 269.767: [Full GC (Allocation Failure) 2017-11-10T19:33:46.308+0500: 269.767: [Tenured: 349567K->349567K(349568K), 0.0796825 secs] 506815K->506795K(506816K), [Metaspace: 12851K->12851K(1060864K)], 0.0797686 secs] [Times: user=0.08 sys=0.00, real=0.08 secs] 
2017-11-10T19:33:46.388+0500: 269.847: [Full GC (Allocation Failure) 2017-11-10T19:33:46.388+0500: 269.847: [Tenured: 349567K->349567K(349568K), 0.0788891 secs] 506815K->506795K(506816K), [Metaspace: 12851K->12851K(1060864K)], 0.0789688 secs] [Times: user=0.08 sys=0.00, real=0.08 secs] 
2017-11-10T19:33:46.468+0500: 269.927: [Full GC (Allocation Failure) 2017-11-10T19:33:46.468+0500: 269.927: [Tenured: 349567K->349566K(349568K), 0.0805000 secs] 506815K->506793K(506816K), [Metaspace: 12851K->12851K(1060864K)], 0.0806061 secs] [Times: user=0.08 sys=0.00, real=0.08 secs] 
2017-11-10T19:33:46.550+0500: 270.009: [Full GC (Allocation Failure) 2017-11-10T19:33:46.550+0500: 270.009: [Tenured: 349567K->349567K(349568K), 0.0836411 secs] 506815K->506784K(506816K), [Metaspace: 12851K->12851K(1060864K)], 0.0837222 secs] [Times: user=0.08 sys=0.00, real=0.08 secs] 
2017-11-10T19:33:46.635+0500: 270.094: [Full GC (Allocation Failure) 2017-11-10T19:33:46.635+0500: 270.094: [Tenured: 349567K->349567K(349568K), 0.0829249 secs] 506815K->506790K(506816K), [Metaspace: 12852K->12852K(1060864K)], 0.0830036 secs] [Times: user=0.08 sys=0.00, real=0.08 secs] 
2017-11-10T19:33:46.719+0500: 270.178: [Full GC (Allocation Failure) 2017-11-10T19:33:46.719+0500: 270.178: [Tenured: 349567K->349567K(349568K), 0.0786735 secs] 506815K->506792K(506816K), [Metaspace: 12854K->12854K(1060864K)], 0.0787659 secs] [Times: user=0.08 sys=0.00, real=0.08 secs] 
2017-11-10T19:33:46.799+0500: 270.258: [Full GC (Allocation Failure) 2017-11-10T19:33:46.799+0500: 270.258: [Tenured: 349567K->349566K(349568K), 0.0748249 secs] 506815K->506792K(506816K), [Metaspace: 12855K->12855K(1060864K)], 0.0749286 secs] [Times: user=0.08 sys=0.02, real=0.08 secs] 
2017-11-10T19:33:46.876+0500: 270.335: [Full GC (Allocation Failure) 2017-11-10T19:33:46.876+0500: 270.335: [Tenured: 349568K->349568K(349568K), 0.0762124 secs] 506815K->506794K(506816K), [Metaspace: 12858K->12858K(1060864K)], 0.0763381 secs] [Times: user=0.08 sys=0.00, real=0.08 secs] 
2017-11-10T19:33:46.953+0500: 270.412: [Full GC (Allocation Failure) 2017-11-10T19:33:46.953+0500: 270.412: [Tenured: 349568K->349568K(349568K), 0.0761146 secs] 506815K->506794K(506816K), [Metaspace: 12858K->12858K(1060864K)], 0.0762369 secs] [Times: user=0.08 sys=0.00, real=0.08 secs] 
2017-11-10T19:33:47.030+0500: 270.489: [Full GC (Allocation Failure) 2017-11-10T19:33:47.030+0500: 270.489: [Tenured: 349568K->349568K(349568K), 0.0757895 secs] 506815K->506794K(506816K), [Metaspace: 12859K->12859K(1060864K)], 0.0759005 secs] [Times: user=0.08 sys=0.00, real=0.08 secs] 
2017-11-10T19:33:47.107+0500: 270.566: [Full GC (Allocation Failure) 2017-11-10T19:33:47.107+0500: 270.566: [Tenured: 349568K->349566K(349568K), 0.0767551 secs] 506815K->506793K(506816K), [Metaspace: 12859K->12859K(1060864K)], 0.0768485 secs] [Times: user=0.08 sys=0.00, real=0.08 secs] 
2017-11-10T19:33:47.185+0500: 270.644: [Full GC (Allocation Failure) 2017-11-10T19:33:47.185+0500: 270.644: [Tenured: 349567K->349567K(349568K), 0.0745678 secs] 506815K->506794K(506816K), [Metaspace: 12859K->12859K(1060864K)], 0.0746592 secs] [Times: user=0.08 sys=0.00, real=0.08 secs] 
2017-11-10T19:33:47.261+0500: 270.720: [Full GC (Allocation Failure) 2017-11-10T19:33:47.261+0500: 270.720: [Tenured: 349567K->349567K(349568K), 0.0777954 secs] 506815K->506795K(506816K), [Metaspace: 12859K->12859K(1060864K)], 0.0778947 secs] [Times: user=0.08 sys=0.00, real=0.08 secs] 
2017-11-10T19:33:47.340+0500: 270.799: [Full GC (Allocation Failure) 2017-11-10T19:33:47.340+0500: 270.799: [Tenured: 349567K->349567K(349568K), 0.0759465 secs] 506815K->506795K(506816K), [Metaspace: 12859K->12859K(1060864K)], 0.0760379 secs] [Times: user=0.08 sys=0.00, real=0.08 secs] 
2017-11-10T19:33:47.417+0500: 270.876: [Full GC (Allocation Failure) 2017-11-10T19:33:47.417+0500: 270.876: [Tenured: 349567K->349566K(349568K), 0.0773662 secs] 506815K->506794K(506816K), [Metaspace: 12863K->12863K(1060864K)], 0.0775256 secs] [Times: user=0.08 sys=0.00, real=0.08 secs] 
2017-11-10T19:33:47.496+0500: 270.955: [Full GC (Allocation Failure) 2017-11-10T19:33:47.496+0500: 270.955: [Tenured: 349568K->349568K(349568K), 0.0749711 secs] 506815K->506795K(506816K), [Metaspace: 12864K->12864K(1060864K)], 0.0750640 secs] [Times: user=0.08 sys=0.00, real=0.08 secs] 
2017-11-10T19:33:47.572+0500: 271.031: [Full GC (Allocation Failure) 2017-11-10T19:33:47.572+0500: 271.031: [Tenured: 349568K->349568K(349568K), 0.0765312 secs] 506815K->506795K(506816K), [Metaspace: 12864K->12864K(1060864K)], 0.0766304 secs] [Times: user=0.08 sys=0.00, real=0.08 secs] 
2017-11-10T19:33:47.650+0500: 271.109: [Full GC (Allocation Failure) 2017-11-10T19:33:47.650+0500: 271.109: [Tenured: 349568K->349568K(349568K), 0.0809972 secs] 506815K->506795K(506816K), [Metaspace: 12866K->12866K(1060864K)], 0.0810749 secs] [Times: user=0.08 sys=0.00, real=0.08 secs] 
2017-11-10T19:33:47.732+0500: 271.191: [Full GC (Allocation Failure) 2017-11-10T19:33:47.732+0500: 271.191: [Tenured: 349568K->349566K(349568K), 0.0764603 secs] 506815K->506793K(506816K), [Metaspace: 12866K->12866K(1060864K)], 0.0765419 secs] [Times: user=0.06 sys=0.00, real=0.08 secs] 
2017-11-10T19:33:47.810+0500: 271.269: [Full GC (Allocation Failure) 2017-11-10T19:33:47.810+0500: 271.269: [Tenured: 349567K->349567K(349568K), 0.0771506 secs] 506815K->506795K(506816K), [Metaspace: 12866K->12866K(1060864K)], 0.0772601 secs] [Times: user=0.08 sys=0.00, real=0.08 secs] 
2017-11-10T19:33:47.888+0500: 271.348: [Full GC (Allocation Failure) 2017-11-10T19:33:47.888+0500: 271.348: [Tenured: 349567K->349567K(349568K), 0.0808784 secs] 506815K->506795K(506816K), [Metaspace: 12868K->12868K(1060864K)], 0.0809737 secs] [Times: user=0.08 sys=0.00, real=0.08 secs] 
2017-11-10T19:33:47.970+0500: 271.429: [Full GC (Allocation Failure) 2017-11-10T19:33:47.970+0500: 271.429: [Tenured: 349567K->349567K(349568K), 0.0825245 secs] 506815K->506795K(506816K), [Metaspace: 12868K->12868K(1060864K)], 0.0826002 secs] [Times: user=0.09 sys=0.00, real=0.08 secs] 
2017-11-10T19:33:48.054+0500: 271.513: [Full GC (Allocation Failure) 2017-11-10T19:33:48.054+0500: 271.513: [Tenured: 349567K->349566K(349568K), 0.0818200 secs] 506815K->506793K(506816K), [Metaspace: 12868K->12868K(1060864K)], 0.0820043 secs] [Times: user=0.08 sys=0.00, real=0.08 secs] 
2017-11-10T19:33:48.137+0500: 271.596: [Full GC (Allocation Failure) 2017-11-10T19:33:48.137+0500: 271.596: [Tenured: 349567K->349567K(349568K), 0.0755641 secs] 506815K->506794K(506816K), [Metaspace: 12868K->12868K(1060864K)], 0.0756438 secs] [Times: user=0.08 sys=0.00, real=0.08 secs] 
2017-11-10T19:33:48.214+0500: 271.673: [Full GC (Allocation Failure) 2017-11-10T19:33:48.214+0500: 271.673: [Tenured: 349567K->349567K(349568K), 0.0757450 secs] 506815K->506795K(506816K), [Metaspace: 12872K->12872K(1060864K)], 0.0758521 secs] [Times: user=0.08 sys=0.00, real=0.08 secs] 
2017-11-10T19:33:48.291+0500: 271.751: [Full GC (Allocation Failure) 2017-11-10T19:33:48.291+0500: 271.751: [Tenured: 349567K->349567K(349568K), 0.0765307 secs] 506815K->506796K(506816K), [Metaspace: 12872K->12872K(1060864K)], 0.0766221 secs] [Times: user=0.08 sys=0.00, real=0.08 secs] 
2017-11-10T19:33:48.369+0500: 271.828: [Full GC (Allocation Failure) 2017-11-10T19:33:48.369+0500: 271.828: [Tenured: 349567K->349566K(349568K), 0.0755969 secs] 506815K->506793K(506816K), [Metaspace: 12874K->12874K(1060864K)], 0.0757030 secs] [Times: user=0.09 sys=0.00, real=0.08 secs] 
2017-11-10T19:33:48.447+0500: 271.906: [Full GC (Allocation Failure) 2017-11-10T19:33:48.447+0500: 271.906: [Tenured: 349567K->349567K(349568K), 0.0753305 secs] 506815K->506795K(506816K), [Metaspace: 12874K->12874K(1060864K)], 0.0754238 secs] [Times: user=0.08 sys=0.00, real=0.08 secs] 
2017-11-10T19:33:48.523+0500: 271.982: [Full GC (Allocation Failure) 2017-11-10T19:33:48.523+0500: 271.982: [Tenured: 349567K->349567K(349568K), 0.0796581 secs] 506815K->506795K(506816K), [Metaspace: 12874K->12874K(1060864K)], 0.0797349 secs] [Times: user=0.08 sys=0.00, real=0.08 secs] 
2017-11-10T19:33:48.604+0500: 272.063: [Full GC (Allocation Failure) 2017-11-10T19:33:48.604+0500: 272.063: [Tenured: 349567K->349567K(349568K), 0.0820268 secs] 506815K->506795K(506816K), [Metaspace: 12874K->12874K(1060864K)], 0.0821060 secs] [Times: user=0.08 sys=0.00, real=0.08 secs] 
2017-11-10T19:33:48.687+0500: 272.146: [Full GC (Allocation Failure) 2017-11-10T19:33:48.687+0500: 272.146: [Tenured: 349567K->349566K(349568K), 0.0819593 secs] 506815K->506793K(506816K), [Metaspace: 12874K->12874K(1060864K)], 0.0820400 secs] [Times: user=0.09 sys=0.00, real=0.08 secs] 
2017-11-10T19:33:48.770+0500: 272.229: [Full GC (Allocation Failure) 2017-11-10T19:33:48.770+0500: 272.229: [Tenured: 349567K->349567K(349568K), 0.0780717 secs] 506815K->506794K(506816K), [Metaspace: 12875K->12875K(1060864K)], 0.0781553 secs] [Times: user=0.08 sys=0.00, real=0.08 secs] 
2017-11-10T19:33:48.849+0500: 272.308: [Full GC (Allocation Failure) 2017-11-10T19:33:48.849+0500: 272.308: [Tenured: 349568K->349568K(349568K), 0.0774102 secs] 506815K->506795K(506816K), [Metaspace: 12876K->12876K(1060864K)], 0.0775305 secs] [Times: user=0.08 sys=0.00, real=0.08 secs] 
2017-11-10T19:33:48.927+0500: 272.387: [Full GC (Allocation Failure) 2017-11-10T19:33:48.927+0500: 272.387: [Tenured: 349568K->349568K(349568K), 0.0758306 secs] 506815K->506795K(506816K), [Metaspace: 12876K->12876K(1060864K)], 0.0759171 secs] [Times: user=0.08 sys=0.00, real=0.08 secs] 
2017-11-10T19:33:49.004+0500: 272.463: [Full GC (Allocation Failure) 2017-11-10T19:33:49.004+0500: 272.463: [Tenured: 349568K->349566K(349568K), 0.0757900 secs] 506815K->506793K(506816K), [Metaspace: 12878K->12878K(1060864K)], 0.0758668 secs] [Times: user=0.06 sys=0.00, real=0.08 secs] 
2017-11-10T19:33:49.081+0500: 272.540: [Full GC (Allocation Failure) 2017-11-10T19:33:49.081+0500: 272.540: [Tenured: 349567K->349567K(349568K), 0.0755813 secs] 506815K->506794K(506816K), [Metaspace: 12878K->12878K(1060864K)], 0.0756903 secs] [Times: user=0.06 sys=0.00, real=0.08 secs] 
2017-11-10T19:33:49.158+0500: 272.617: [Full GC (Allocation Failure) 2017-11-10T19:33:49.158+0500: 272.617: [Tenured: 349567K->349567K(349568K), 0.0758057 secs] 506815K->506795K(506816K), [Metaspace: 12878K->12878K(1060864K)], 0.0758829 secs] [Times: user=0.08 sys=0.00, real=0.08 secs] 
2017-11-10T19:33:49.234+0500: 272.694: [Full GC (Allocation Failure) 2017-11-10T19:33:49.234+0500: 272.694: [Tenured: 349567K->349567K(349568K), 0.0772973 secs] 506815K->506795K(506816K), [Metaspace: 12882K->12882K(1060864K)], 0.0773877 secs] [Times: user=0.08 sys=0.00, real=0.08 secs] 
2017-11-10T19:33:49.313+0500: 272.772: [Full GC (Allocation Failure) 2017-11-10T19:33:49.313+0500: 272.773: [Tenured: 349567K->349566K(349568K), 0.0760736 secs] 506815K->506793K(506816K), [Metaspace: 12882K->12882K(1060864K)], 0.0761704 secs] [Times: user=0.08 sys=0.00, real=0.08 secs] 
2017-11-10T19:33:49.390+0500: 272.850: [Full GC (Allocation Failure) 2017-11-10T19:33:49.390+0500: 272.850: [Tenured: 349567K->349567K(349568K), 0.0797163 secs] 506815K->506794K(506816K), [Metaspace: 12882K->12882K(1060864K)], 0.0798238 secs] [Times: user=0.08 sys=0.00, real=0.08 secs] 
2017-11-10T19:33:49.471+0500: 272.930: [Full GC (Allocation Failure) 2017-11-10T19:33:49.471+0500: 272.930: [Tenured: 349567K->349567K(349568K), 0.0818209 secs] 506815K->506795K(506816K), [Metaspace: 12882K->12882K(1060864K)], 0.0819065 secs] [Times: user=0.08 sys=0.00, real=0.08 secs] 
2017-11-10T19:33:49.554+0500: 273.013: [Full GC (Allocation Failure) 2017-11-10T19:33:49.554+0500: 273.013: [Tenured: 349567K->349567K(349568K), 0.0819197 secs] 506815K->506795K(506816K), [Metaspace: 12884K->12884K(1060864K)], 0.0820204 secs] [Times: user=0.08 sys=0.00, real=0.08 secs] 
2017-11-10T19:33:49.637+0500: 273.096: [Full GC (Allocation Failure) 2017-11-10T19:33:49.637+0500: 273.096: [Tenured: 349567K->349566K(349568K), 0.0814777 secs] 506815K->506793K(506816K), [Metaspace: 12884K->12884K(1060864K)], 0.0815736 secs] [Times: user=0.08 sys=0.00, real=0.08 secs] 
2017-11-10T19:33:49.720+0500: 273.178: [Full GC (Allocation Failure) 2017-11-10T19:33:49.720+0500: 273.178: [Tenured: 349567K->349567K(349568K), 0.0759792 secs] 506815K->506794K(506816K), [Metaspace: 12884K->12884K(1060864K)], 0.0760990 secs] [Times: user=0.08 sys=0.00, real=0.08 secs] 
2017-11-10T19:33:49.796+0500: 273.255: [Full GC (Allocation Failure) 2017-11-10T19:33:49.796+0500: 273.255: [Tenured: 349567K->349567K(349568K), 0.0770474 secs] 506815K->506795K(506816K), [Metaspace: 12884K->12884K(1060864K)], 0.0771320 secs] [Times: user=0.08 sys=0.00, real=0.08 secs] 
2017-11-10T19:33:49.874+0500: 273.333: [Full GC (Allocation Failure) 2017-11-10T19:33:49.874+0500: 273.333: [Tenured: 349567K->349567K(349568K), 0.0771178 secs] 506815K->506795K(506816K), [Metaspace: 12884K->12884K(1060864K)], 0.0772000 secs] [Times: user=0.06 sys=0.00, real=0.08 secs] 
2017-11-10T19:33:49.952+0500: 273.411: [Full GC (Allocation Failure) 2017-11-10T19:33:49.952+0500: 273.411: [Tenured: 349567K->349566K(349568K), 0.0759944 secs] 506815K->506793K(506816K), [Metaspace: 12884K->12884K(1060864K)], 0.0761078 secs] [Times: user=0.08 sys=0.00, real=0.08 secs] 
2017-11-10T19:33:50.029+0500: 273.488: [Full GC (Allocation Failure) 2017-11-10T19:33:50.029+0500: 273.488: [Tenured: 349567K->349567K(349568K), 0.0755021 secs] 506815K->506794K(506816K), [Metaspace: 12884K->12884K(1060864K)], 0.0755769 secs] [Times: user=0.08 sys=0.00, real=0.08 secs] 
2017-11-10T19:33:50.106+0500: 273.565: [Full GC (Allocation Failure) 2017-11-10T19:33:50.106+0500: 273.565: [Tenured: 349567K->349567K(349568K), 0.0766813 secs] 506815K->506795K(506816K), [Metaspace: 12884K->12884K(1060864K)], 0.0767580 secs] [Times: user=0.08 sys=0.00, real=0.08 secs] 
2017-11-10T19:33:50.184+0500: 273.642: [Full GC (Allocation Failure) 2017-11-10T19:33:50.184+0500: 273.643: [Tenured: 349567K->349567K(349568K), 0.0759865 secs] 506815K->506795K(506816K), [Metaspace: 12884K->12884K(1060864K)], 0.0761254 secs] [Times: user=0.08 sys=0.00, real=0.08 secs] 
2017-11-10T19:33:50.261+0500: 273.720: [Full GC (Allocation Failure) 2017-11-10T19:33:50.261+0500: 273.720: [Tenured: 349567K->349566K(349568K), 0.0777280 secs] 506815K->506793K(506816K), [Metaspace: 12884K->12884K(1060864K)], 0.0778331 secs] [Times: user=0.08 sys=0.00, real=0.08 secs] 
2017-11-10T19:33:50.340+0500: 273.799: [Full GC (Allocation Failure) 2017-11-10T19:33:50.340+0500: 273.799: [Tenured: 349567K->349567K(349568K), 0.0764495 secs] 506815K->506794K(506816K), [Metaspace: 12884K->12884K(1060864K)], 0.0765253 secs] [Times: user=0.08 sys=0.00, real=0.08 secs] 
2017-11-10T19:33:50.417+0500: 273.876: [Full GC (Allocation Failure) 2017-11-10T19:33:50.417+0500: 273.876: [Tenured: 349567K->349567K(349568K), 0.0782007 secs] 506815K->506795K(506816K), [Metaspace: 12884K->12884K(1060864K)], 0.0782921 secs] [Times: user=0.08 sys=0.00, real=0.08 secs] 
2017-11-10T19:33:50.496+0500: 273.955: [Full GC (Allocation Failure) 2017-11-10T19:33:50.496+0500: 273.955: [Tenured: 349567K->349567K(349568K), 0.0743854 secs] 506815K->506795K(506816K), [Metaspace: 12884K->12884K(1060864K)], 0.0744651 secs] [Times: user=0.08 sys=0.00, real=0.08 secs] 
2017-11-10T19:33:50.571+0500: 274.030: [Full GC (Allocation Failure) 2017-11-10T19:33:50.571+0500: 274.030: [Tenured: 349567K->349566K(349568K), 0.0758565 secs] 506815K->506793K(506816K), [Metaspace: 12884K->12884K(1060864K)], 0.0759391 secs] [Times: user=0.08 sys=0.00, real=0.08 secs] 
2017-11-10T19:33:50.648+0500: 274.107: [Full GC (Allocation Failure) 2017-11-10T19:33:50.648+0500: 274.107: [Tenured: 349567K->349567K(349568K), 0.0783357 secs] 506815K->506794K(506816K), [Metaspace: 12884K->12884K(1060864K)], 0.0784383 secs] [Times: user=0.08 sys=0.00, real=0.08 secs] 
2017-11-10T19:33:50.727+0500: 274.186: [Full GC (Allocation Failure) 2017-11-10T19:33:50.727+0500: 274.186: [Tenured: 349567K->349567K(349568K), 0.0770817 secs] 506815K->506795K(506816K), [Metaspace: 12884K->12884K(1060864K)], 0.0771613 secs] [Times: user=0.08 sys=0.00, real=0.08 secs] 
2017-11-10T19:33:50.805+0500: 274.264: [Full GC (Allocation Failure) 2017-11-10T19:33:50.805+0500: 274.264: [Tenured: 349567K->349567K(349568K), 0.0751417 secs] 506815K->506795K(506816K), [Metaspace: 12885K->12885K(1060864K)], 0.0752390 secs] [Times: user=0.08 sys=0.00, real=0.08 secs] 
2017-11-10T19:33:50.881+0500: 274.341: [Full GC (Allocation Failure) 2017-11-10T19:33:50.882+0500: 274.341: [Tenured: 349567K->349566K(349568K), 0.0760775 secs] 506815K->506793K(506816K), [Metaspace: 12885K->12885K(1060864K)], 0.0761899 secs] [Times: user=0.08 sys=0.00, real=0.08 secs] 
2017-11-10T19:33:50.959+0500: 274.418: [Full GC (Allocation Failure) 2017-11-10T19:33:50.959+0500: 274.418: [Tenured: 349567K->349567K(349568K), 0.0755651 secs] 506815K->506794K(506816K), [Metaspace: 12888K->12888K(1060864K)], 0.0756717 secs] [Times: user=0.08 sys=0.00, real=0.08 secs] 
2017-11-10T19:33:51.036+0500: 274.495: [Full GC (Allocation Failure) 2017-11-10T19:33:51.036+0500: 274.495: [Tenured: 349567K->349567K(349568K), 0.0765678 secs] 506815K->506795K(506816K), [Metaspace: 12888K->12888K(1060864K)], 0.0766534 secs] [Times: user=0.08 sys=0.00, real=0.08 secs] 
2017-11-10T19:33:51.113+0500: 274.572: [Full GC (Allocation Failure) 2017-11-10T19:33:51.113+0500: 274.572: [Tenured: 349567K->349567K(349568K), 0.0770416 secs] 506815K->506795K(506816K), [Metaspace: 12888K->12888K(1060864K)], 0.0771178 secs] [Times: user=0.08 sys=0.00, real=0.08 secs] 
2017-11-10T19:33:51.191+0500: 274.650: [Full GC (Allocation Failure) 2017-11-10T19:33:51.191+0500: 274.650: [Tenured: 349567K->349566K(349568K), 0.0762515 secs] 506815K->506793K(506816K), [Metaspace: 12888K->12888K(1060864K)], 0.0763214 secs] [Times: user=0.06 sys=0.00, real=0.08 secs] 
2017-11-10T19:33:51.268+0500: 274.727: [Full GC (Allocation Failure) 2017-11-10T19:33:51.268+0500: 274.727: [Tenured: 349567K->349567K(349568K), 0.0763273 secs] 506815K->506794K(506816K), [Metaspace: 12888K->12888K(1060864K)], 0.0764065 secs] [Times: user=0.06 sys=0.00, real=0.08 secs] 
2017-11-10T19:33:51.345+0500: 274.804: [Full GC (Allocation Failure) 2017-11-10T19:33:51.345+0500: 274.804: [Tenured: 349567K->349567K(349568K), 0.0751188 secs] 506815K->506795K(506816K), [Metaspace: 12888K->12888K(1060864K)], 0.0752175 secs] [Times: user=0.08 sys=0.00, real=0.08 secs] 
2017-11-10T19:33:51.421+0500: 274.880: [Full GC (Allocation Failure) 2017-11-10T19:33:51.421+0500: 274.880: [Tenured: 349567K->349567K(349568K), 0.0791057 secs] 506815K->506795K(506816K), [Metaspace: 12888K->12888K(1060864K)], 0.0791849 secs] [Times: user=0.08 sys=0.00, real=0.08 secs] 
2017-11-10T19:33:51.501+0500: 274.960: [Full GC (Allocation Failure) 2017-11-10T19:33:51.501+0500: 274.960: [Tenured: 349567K->349566K(349568K), 0.0832353 secs] 506815K->506793K(506816K), [Metaspace: 12888K->12888K(1060864K)], 0.0833243 secs] [Times: user=0.09 sys=0.00, real=0.08 secs] 
2017-11-10T19:33:51.586+0500: 275.045: [Full GC (Allocation Failure) 2017-11-10T19:33:51.586+0500: 275.045: [Tenured: 349567K->349567K(349568K), 0.0814812 secs] 506815K->506794K(506816K), [Metaspace: 12888K->12888K(1060864K)], 0.0815892 secs] [Times: user=0.08 sys=0.00, real=0.08 secs] 
2017-11-10T19:33:51.668+0500: 275.127: [Full GC (Allocation Failure) 2017-11-10T19:33:51.668+0500: 275.127: [Tenured: 349567K->349567K(349568K), 0.0810294 secs] 506815K->506795K(506816K), [Metaspace: 12889K->12889K(1060864K)], 0.0811067 secs] [Times: user=0.08 sys=0.00, real=0.08 secs] 
2017-11-10T19:33:51.750+0500: 275.209: [Full GC (Allocation Failure) 2017-11-10T19:33:51.750+0500: 275.209: [Tenured: 349568K->349568K(349568K), 0.0769839 secs] 506815K->506795K(506816K), [Metaspace: 12889K->12889K(1060864K)], 0.0770865 secs] [Times: user=0.08 sys=0.00, real=0.08 secs] 
2017-11-10T19:33:51.828+0500: 275.287: [Full GC (Allocation Failure) 2017-11-10T19:33:51.828+0500: 275.287: [Tenured: 349568K->349566K(349568K), 0.0783977 secs] 506815K->506793K(506816K), [Metaspace: 12890K->12890K(1060864K)], 0.0784994 secs] [Times: user=0.08 sys=0.00, real=0.08 secs] 
2017-11-10T19:33:51.908+0500: 275.367: [Full GC (Allocation Failure) 2017-11-10T19:33:51.908+0500: 275.367: [Tenured: 349567K->349567K(349568K), 0.0777993 secs] 506815K->506795K(506816K), [Metaspace: 12890K->12890K(1060864K)], 0.0779118 secs] [Times: user=0.08 sys=0.00, real=0.08 secs] 
2017-11-10T19:33:51.987+0500: 275.446: [Full GC (Allocation Failure) 2017-11-10T19:33:51.987+0500: 275.446: [Tenured: 349567K->349567K(349568K), 0.0766133 secs] 506815K->506795K(506816K), [Metaspace: 12890K->12890K(1060864K)], 0.0767223 secs] [Times: user=0.06 sys=0.00, real=0.08 secs] 
2017-11-10T19:33:52.065+0500: 275.524: [Full GC (Allocation Failure) 2017-11-10T19:33:52.065+0500: 275.524: [Tenured: 349567K->349567K(349568K), 0.0782217 secs] 506815K->506795K(506816K), [Metaspace: 12890K->12890K(1060864K)], 0.0783366 secs] [Times: user=0.08 sys=0.00, real=0.08 secs] 
2017-11-10T19:33:52.145+0500: 275.604: [Full GC (Allocation Failure) 2017-11-10T19:33:52.145+0500: 275.604: [Tenured: 349567K->349566K(349568K), 0.0750660 secs] 506815K->506793K(506816K), [Metaspace: 12890K->12890K(1060864K)], 0.0751564 secs] [Times: user=0.06 sys=0.00, real=0.08 secs] 
2017-11-10T19:33:52.220+0500: 275.680: [Full GC (Allocation Failure) 2017-11-10T19:33:52.220+0500: 275.680: [Tenured: 349567K->349567K(349568K), 0.0754307 secs] 506815K->506794K(506816K), [Metaspace: 12890K->12890K(1060864K)], 0.0755123 secs] [Times: user=0.08 sys=0.00, real=0.08 secs] 
2017-11-10T19:33:52.297+0500: 275.756: [Full GC (Allocation Failure) 2017-11-10T19:33:52.297+0500: 275.757: [Tenured: 349567K->349567K(349568K), 0.0755294 secs] 506815K->506795K(506816K), [Metaspace: 12891K->12891K(1060864K)], 0.0756184 secs] [Times: user=0.09 sys=0.00, real=0.08 secs] 
2017-11-10T19:33:52.374+0500: 275.833: [Full GC (Allocation Failure) 2017-11-10T19:33:52.374+0500: 275.833: [Tenured: 349567K->349567K(349568K), 0.0777847 secs] 506815K->506795K(506816K), [Metaspace: 12891K->12891K(1060864K)], 0.0779054 secs] [Times: user=0.08 sys=0.00, real=0.08 secs] 
2017-11-10T19:33:52.453+0500: 275.912: [Full GC (Allocation Failure) 2017-11-10T19:33:52.453+0500: 275.912: [Tenured: 349567K->349566K(349568K), 0.0825132 secs] 506815K->506793K(506816K), [Metaspace: 12891K->12891K(1060864K)], 0.0826012 secs] [Times: user=0.11 sys=0.00, real=0.08 secs] 
2017-11-10T19:33:52.536+0500: 275.996: [Full GC (Allocation Failure) 2017-11-10T19:33:52.536+0500: 275.996: [Tenured: 349567K->349567K(349568K), 0.0924313 secs] 506815K->506794K(506816K), [Metaspace: 12891K->12891K(1060864K)], 0.0925296 secs] [Times: user=0.09 sys=0.00, real=0.09 secs] 
2017-11-10T19:33:52.630+0500: 276.089: [Full GC (Allocation Failure) 2017-11-10T19:33:52.630+0500: 276.089: [Tenured: 349567K->349567K(349568K), 0.0763459 secs] 506815K->506796K(506816K), [Metaspace: 12891K->12891K(1060864K)], 0.0764471 secs] [Times: user=0.08 sys=0.00, real=0.08 secs] 
2017-11-10T19:33:52.707+0500: 276.167: [Full GC (Allocation Failure) 2017-11-10T19:33:52.707+0500: 276.167: [Tenured: 349567K->349567K(349568K), 0.0756820 secs] 506815K->506795K(506816K), [Metaspace: 12891K->12891K(1060864K)], 0.0757768 secs] [Times: user=0.06 sys=0.02, real=0.08 secs] 
2017-11-10T19:33:52.784+0500: 276.243: [Full GC (Allocation Failure) 2017-11-10T19:33:52.784+0500: 276.243: [Tenured: 349567K->349566K(349568K), 0.0750445 secs] 506815K->506794K(506816K), [Metaspace: 12891K->12891K(1060864K)], 0.0751554 secs] [Times: user=0.06 sys=0.00, real=0.08 secs] 
2017-11-10T19:33:52.860+0500: 276.319: [Full GC (Allocation Failure) 2017-11-10T19:33:52.860+0500: 276.319: [Tenured: 349567K->349567K(349568K), 0.0758609 secs] 506815K->506795K(506816K), [Metaspace: 12891K->12891K(1060864K)], 0.0759650 secs] [Times: user=0.08 sys=0.00, real=0.08 secs] 
2017-11-10T19:33:52.937+0500: 276.396: [Full GC (Allocation Failure) 2017-11-10T19:33:52.937+0500: 276.396: [Tenured: 349567K->349567K(349568K), 0.0770949 secs] 506815K->506796K(506816K), [Metaspace: 12891K->12891K(1060864K)], 0.0771868 secs] [Times: user=0.08 sys=0.00, real=0.08 secs] 
2017-11-10T19:33:53.015+0500: 276.474: [Full GC (Allocation Failure) 2017-11-10T19:33:53.015+0500: 276.474: [Tenured: 349567K->349567K(349568K), 0.0746137 secs] 506815K->506796K(506816K), [Metaspace: 12892K->12892K(1060864K)], 0.0747242 secs] [Times: user=0.08 sys=0.00, real=0.07 secs] 
2017-11-10T19:33:53.090+0500: 276.550: [Full GC (Allocation Failure) 2017-11-10T19:33:53.090+0500: 276.550: [Tenured: 349567K->349566K(349568K), 0.0748245 secs] 506815K->506794K(506816K), [Metaspace: 12892K->12892K(1060864K)], 0.0749066 secs] [Times: user=0.08 sys=0.00, real=0.08 secs] 
2017-11-10T19:33:53.166+0500: 276.625: [Full GC (Allocation Failure) 2017-11-10T19:33:53.166+0500: 276.625: [Tenured: 349568K->349568K(349568K), 0.0741982 secs] 506815K->506795K(506816K), [Metaspace: 12892K->12892K(1060864K)], 0.0742735 secs] [Times: user=0.08 sys=0.00, real=0.07 secs] 
2017-11-10T19:33:53.241+0500: 276.700: [Full GC (Allocation Failure) 2017-11-10T19:33:53.241+0500: 276.700: [Tenured: 349568K->349568K(349568K), 0.0766519 secs] 506815K->506796K(506816K), [Metaspace: 12892K->12892K(1060864K)], 0.0767297 secs] [Times: user=0.08 sys=0.00, real=0.08 secs] 
2017-11-10T19:33:53.319+0500: 276.778: [Full GC (Allocation Failure) 2017-11-10T19:33:53.319+0500: 276.778: [Tenured: 349568K->349568K(349568K), 0.0765683 secs] 506815K->506796K(506816K), [Metaspace: 12892K->12892K(1060864K)], 0.0766465 secs] [Times: user=0.08 sys=0.00, real=0.08 secs] 
2017-11-10T19:33:53.396+0500: 276.855: [Full GC (Allocation Failure) 2017-11-10T19:33:53.396+0500: 276.855: [Tenured: 349568K->349566K(349568K), 0.0782555 secs] 506815K->506794K(506816K), [Metaspace: 12892K->12892K(1060864K)], 0.0783674 secs] [Times: user=0.08 sys=0.00, real=0.08 secs] 
2017-11-10T19:33:53.476+0500: 276.935: [Full GC (Allocation Failure) 2017-11-10T19:33:53.476+0500: 276.935: [Tenured: 349568K->349568K(349568K), 0.0819055 secs] 506815K->506795K(506816K), [Metaspace: 12892K->12892K(1060864K)], 0.0820048 secs] [Times: user=0.08 sys=0.00, real=0.08 secs] 
2017-11-10T19:33:53.560+0500: 277.018: [Full GC (Allocation Failure) 2017-11-10T19:33:53.560+0500: 277.018: [Tenured: 349568K->349568K(349568K), 0.0826149 secs] 506815K->506796K(506816K), [Metaspace: 12892K->12892K(1060864K)], 0.0827347 secs] [Times: user=0.08 sys=0.00, real=0.08 secs] 
2017-11-10T19:33:53.644+0500: 277.102: [Full GC (Allocation Failure) 2017-11-10T19:33:53.644+0500: 277.102: [Tenured: 349568K->349568K(349568K), 0.0844184 secs] 506815K->506796K(506816K), [Metaspace: 12892K->12892K(1060864K)], 0.0845441 secs] [Times: user=0.08 sys=0.00, real=0.08 secs] 
2017-11-10T19:33:53.729+0500: 277.188: [Full GC (Allocation Failure) 2017-11-10T19:33:53.729+0500: 277.188: [Tenured: 349568K->349566K(349568K), 0.0782873 secs] 506815K->506794K(506816K), [Metaspace: 12892K->12892K(1060864K)], 0.0783689 secs] [Times: user=0.08 sys=0.00, real=0.08 secs] 
2017-11-10T19:33:53.808+0500: 277.267: [Full GC (Allocation Failure) 2017-11-10T19:33:53.808+0500: 277.267: [Tenured: 349568K->349568K(349568K), 0.0751510 secs] 506815K->506795K(506816K), [Metaspace: 12892K->12892K(1060864K)], 0.0752469 secs] [Times: user=0.08 sys=0.00, real=0.07 secs] 
2017-11-10T19:33:53.884+0500: 277.343: [Full GC (Allocation Failure) 2017-11-10T19:33:53.884+0500: 277.343: [Tenured: 349568K->349568K(349568K), 0.0749584 secs] 506815K->506796K(506816K), [Metaspace: 12893K->12893K(1060864K)], 0.0750669 secs] [Times: user=0.08 sys=0.00, real=0.08 secs] 
2017-11-10T19:33:53.960+0500: 277.419: [Full GC (Allocation Failure) 2017-11-10T19:33:53.960+0500: 277.419: [Tenured: 349568K->349568K(349568K), 0.0754522 secs] 506815K->506796K(506816K), [Metaspace: 12893K->12893K(1060864K)], 0.0755329 secs] [Times: user=0.08 sys=0.00, real=0.08 secs] 
2017-11-10T19:33:54.037+0500: 277.496: [Full GC (Allocation Failure) 2017-11-10T19:33:54.037+0500: 277.496: [Tenured: 349568K->349566K(349568K), 0.0775119 secs] 506815K->506794K(506816K), [Metaspace: 12894K->12894K(1060864K)], 0.0775891 secs] [Times: user=0.08 sys=0.00, real=0.08 secs] 
2017-11-10T19:33:54.115+0500: 277.574: [Full GC (Allocation Failure) 2017-11-10T19:33:54.115+0500: 277.574: [Tenured: 349568K->349568K(349568K), 0.0749687 secs] 506815K->506795K(506816K), [Metaspace: 12895K->12895K(1060864K)], 0.0750909 secs] [Times: user=0.08 sys=0.00, real=0.08 secs] 
2017-11-10T19:33:54.191+0500: 277.650: [Full GC (Allocation Failure) 2017-11-10T19:33:54.191+0500: 277.650: [Tenured: 349568K->349568K(349568K), 0.0774654 secs] 506815K->506796K(506816K), [Metaspace: 12895K->12895K(1060864K)], 0.0775476 secs] [Times: user=0.08 sys=0.00, real=0.08 secs] 
2017-11-10T19:33:54.270+0500: 277.729: [Full GC (Allocation Failure) 2017-11-10T19:33:54.270+0500: 277.729: [Tenured: 349568K->349568K(349568K), 0.0755832 secs] 506815K->506796K(506816K), [Metaspace: 12895K->12895K(1060864K)], 0.0756957 secs] [Times: user=0.06 sys=0.00, real=0.08 secs] 
2017-11-10T19:33:54.346+0500: 277.805: [Full GC (Allocation Failure) 2017-11-10T19:33:54.346+0500: 277.805: [Tenured: 349568K->349566K(349568K), 0.0758218 secs] 506815K->506794K(506816K), [Metaspace: 12895K->12895K(1060864K)], 0.0759210 secs] [Times: user=0.06 sys=0.00, real=0.08 secs] 
2017-11-10T19:33:54.423+0500: 277.882: [Full GC (Allocation Failure) 2017-11-10T19:33:54.423+0500: 277.882: [Tenured: 349568K->349568K(349568K), 0.0754776 secs] 506815K->506795K(506816K), [Metaspace: 12896K->12896K(1060864K)], 0.0755734 secs] [Times: user=0.08 sys=0.00, real=0.08 secs] 
2017-11-10T19:33:54.500+0500: 277.959: [Full GC (Allocation Failure) 2017-11-10T19:33:54.500+0500: 277.959: [Tenured: 349568K->349568K(349568K), 0.0746504 secs] 506815K->506796K(506816K), [Metaspace: 12896K->12896K(1060864K)], 0.0747228 secs] [Times: user=0.08 sys=0.00, real=0.07 secs] 
2017-11-10T19:33:54.575+0500: 278.034: [Full GC (Allocation Failure) 2017-11-10T19:33:54.575+0500: 278.034: [Tenured: 349568K->349568K(349568K), 0.0751491 secs] 506815K->506796K(506816K), [Metaspace: 12896K->12896K(1060864K)], 0.0752283 secs] [Times: user=0.08 sys=0.00, real=0.08 secs] 
2017-11-10T19:33:54.651+0500: 278.110: [Full GC (Allocation Failure) 2017-11-10T19:33:54.651+0500: 278.110: [Tenured: 349568K->349566K(349568K), 0.0760941 secs] 506815K->506794K(506816K), [Metaspace: 12896K->12896K(1060864K)], 0.0761713 secs] [Times: user=0.08 sys=0.00, real=0.08 secs] 
2017-11-10T19:33:54.728+0500: 278.187: [Full GC (Allocation Failure) 2017-11-10T19:33:54.728+0500: 278.187: [Tenured: 349568K->349568K(349568K), 0.0748201 secs] 506815K->506795K(506816K), [Metaspace: 12896K->12896K(1060864K)], 0.0749100 secs] [Times: user=0.08 sys=0.00, real=0.08 secs] 
2017-11-10T19:33:54.804+0500: 278.263: [Full GC (Allocation Failure) 2017-11-10T19:33:54.804+0500: 278.263: [Tenured: 349568K->349568K(349568K), 0.0762222 secs] 506815K->506796K(506816K), [Metaspace: 12896K->12896K(1060864K)], 0.0763239 secs] [Times: user=0.08 sys=0.00, real=0.08 secs] 
2017-11-10T19:33:54.881+0500: 278.340: [Full GC (Allocation Failure) 2017-11-10T19:33:54.881+0500: 278.340: [Tenured: 349568K->349568K(349568K), 0.0754439 secs] 506815K->506796K(506816K), [Metaspace: 12896K->12896K(1060864K)], 0.0755167 secs] [Times: user=0.08 sys=0.00, real=0.08 secs] 
2017-11-10T19:33:54.957+0500: 278.416: [Full GC (Allocation Failure) 2017-11-10T19:33:54.957+0500: 278.416: [Tenured: 349568K->349566K(349568K), 0.0755285 secs] 506815K->506794K(506816K), [Metaspace: 12896K->12896K(1060864K)], 0.0756262 secs] [Times: user=0.06 sys=0.00, real=0.08 secs] 
2017-11-10T19:33:55.034+0500: 278.493: [Full GC (Allocation Failure) 2017-11-10T19:33:55.034+0500: 278.493: [Tenured: 349568K->349568K(349568K), 0.0776937 secs] 506815K->506795K(506816K), [Metaspace: 12896K->12896K(1060864K)], 0.0777793 secs] [Times: user=0.08 sys=0.00, real=0.08 secs] 
2017-11-10T19:33:55.112+0500: 278.571: [Full GC (Allocation Failure) 2017-11-10T19:33:55.112+0500: 278.571: [Tenured: 349568K->349568K(349568K), 0.0739640 secs] 506815K->506796K(506816K), [Metaspace: 12896K->12896K(1060864K)], 0.0740383 secs] [Times: user=0.06 sys=0.00, real=0.07 secs] 
2017-11-10T19:33:55.187+0500: 278.646: [Full GC (Allocation Failure) 2017-11-10T19:33:55.187+0500: 278.646: [Tenured: 349568K->349568K(349568K), 0.0750987 secs] 506815K->506796K(506816K), [Metaspace: 12896K->12896K(1060864K)], 0.0751750 secs] [Times: user=0.08 sys=0.00, real=0.08 secs] 
2017-11-10T19:33:55.263+0500: 278.722: [Full GC (Allocation Failure) 2017-11-10T19:33:55.263+0500: 278.722: [Tenured: 349568K->349566K(349568K), 0.0749081 secs] 506815K->506794K(506816K), [Metaspace: 12896K->12896K(1060864K)], 0.0750044 secs] [Times: user=0.08 sys=0.00, real=0.08 secs] 
2017-11-10T19:33:55.339+0500: 278.798: [Full GC (Allocation Failure) 2017-11-10T19:33:55.339+0500: 278.798: [Tenured: 349568K->349568K(349568K), 0.0756971 secs] 506815K->506795K(506816K), [Metaspace: 12896K->12896K(1060864K)], 0.0757768 secs] [Times: user=0.08 sys=0.00, real=0.08 secs] 
2017-11-10T19:33:55.415+0500: 278.874: [Full GC (Allocation Failure) 2017-11-10T19:33:55.415+0500: 278.874: [Tenured: 349568K->349568K(349568K), 0.0746744 secs] 506815K->506796K(506816K), [Metaspace: 12896K->12896K(1060864K)], 0.0747511 secs] [Times: user=0.08 sys=0.00, real=0.08 secs] 
2017-11-10T19:33:55.491+0500: 278.950: [Full GC (Allocation Failure) 2017-11-10T19:33:55.491+0500: 278.950: [Tenured: 349568K->349568K(349568K), 0.0751090 secs] 506815K->506796K(506816K), [Metaspace: 12896K->12896K(1060864K)], 0.0751828 secs] [Times: user=0.08 sys=0.00, real=0.08 secs] 
2017-11-10T19:33:55.567+0500: 279.026: [Full GC (Allocation Failure) 2017-11-10T19:33:55.567+0500: 279.026: [Tenured: 349568K->349566K(349568K), 0.0738389 secs] 506815K->506794K(506816K), [Metaspace: 12896K->12896K(1060864K)], 0.0739156 secs] [Times: user=0.06 sys=0.00, real=0.07 secs] 
2017-11-10T19:33:55.641+0500: 279.100: [Full GC (Allocation Failure) 2017-11-10T19:33:55.641+0500: 279.100: [Tenured: 349568K->349568K(349568K), 0.0772498 secs] 506815K->506795K(506816K), [Metaspace: 12897K->12897K(1060864K)], 0.0773584 secs] [Times: user=0.08 sys=0.00, real=0.08 secs] 
2017-11-10T19:33:55.719+0500: 279.179: [Full GC (Allocation Failure) 2017-11-10T19:33:55.719+0500: 279.179: [Tenured: 349568K->349568K(349568K), 0.0752649 secs] 506815K->506796K(506816K), [Metaspace: 12897K->12897K(1060864K)], 0.0753779 secs] [Times: user=0.08 sys=0.00, real=0.08 secs] 
2017-11-10T19:33:55.796+0500: 279.255: [Full GC (Allocation Failure) 2017-11-10T19:33:55.796+0500: 279.255: [Tenured: 349568K->349568K(349568K), 0.0764114 secs] 506815K->506796K(506816K), [Metaspace: 12897K->12897K(1060864K)], 0.0765141 secs] [Times: user=0.08 sys=0.00, real=0.08 secs] 
2017-11-10T19:33:55.873+0500: 279.332: [Full GC (Allocation Failure) 2017-11-10T19:33:55.873+0500: 279.332: [Tenured: 349568K->349566K(349568K), 0.0756947 secs] 506815K->506794K(506816K), [Metaspace: 12897K->12897K(1060864K)], 0.0757993 secs] [Times: user=0.08 sys=0.00, real=0.08 secs] 
2017-11-10T19:33:55.949+0500: 279.409: [Full GC (Allocation Failure) 2017-11-10T19:33:55.950+0500: 279.409: [Tenured: 349568K->349568K(349568K), 0.0749027 secs] 506815K->506795K(506816K), [Metaspace: 12897K->12897K(1060864K)], 0.0749990 secs] [Times: user=0.08 sys=0.00, real=0.08 secs] 
2017-11-10T19:33:56.025+0500: 279.485: [Full GC (Allocation Failure) 2017-11-10T19:33:56.025+0500: 279.485: [Tenured: 349568K->349568K(349568K), 0.0778189 secs] 506815K->506796K(506816K), [Metaspace: 12897K->12897K(1060864K)], 0.0779216 secs] [Times: user=0.08 sys=0.00, real=0.08 secs] 
2017-11-10T19:33:56.104+0500: 279.563: [Full GC (Allocation Failure) 2017-11-10T19:33:56.104+0500: 279.563: [Tenured: 349568K->349568K(349568K), 0.0785161 secs] 506815K->506796K(506816K), [Metaspace: 12897K->12897K(1060864K)], 0.0785913 secs] [Times: user=0.08 sys=0.00, real=0.08 secs] 
2017-11-10T19:33:56.184+0500: 279.643: [Full GC (Allocation Failure) 2017-11-10T19:33:56.184+0500: 279.643: [Tenured: 349568K->349566K(349568K), 0.0789042 secs] 506815K->506794K(506816K), [Metaspace: 12897K->12897K(1060864K)], 0.0789790 secs] [Times: user=0.06 sys=0.00, real=0.08 secs] 
2017-11-10T19:33:56.263+0500: 279.723: [Full GC (Allocation Failure) 2017-11-10T19:33:56.263+0500: 279.723: [Tenured: 349568K->349568K(349568K), 0.0774366 secs] 506815K->506795K(506816K), [Metaspace: 12897K->12897K(1060864K)], 0.0775344 secs] [Times: user=0.08 sys=0.00, real=0.08 secs] 
2017-11-10T19:33:56.342+0500: 279.801: [Full GC (Allocation Failure) 2017-11-10T19:33:56.342+0500: 279.801: [Tenured: 349568K->349568K(349568K), 0.0759758 secs] 506815K->506796K(506816K), [Metaspace: 12897K->12897K(1060864K)], 0.0760653 secs] [Times: user=0.08 sys=0.00, real=0.08 secs] 
2017-11-10T19:33:56.418+0500: 279.878: [Full GC (Allocation Failure) 2017-11-10T19:33:56.418+0500: 279.878: [Tenured: 349568K->349568K(349568K), 0.0758409 secs] 506815K->506796K(506816K), [Metaspace: 12897K->12897K(1060864K)], 0.0759152 secs] [Times: user=0.08 sys=0.00, real=0.08 secs] 
2017-11-10T19:33:56.495+0500: 279.954: [Full GC (Allocation Failure) 2017-11-10T19:33:56.495+0500: 279.954: [Tenured: 349568K->349566K(349568K), 0.0750347 secs] 506815K->506794K(506816K), [Metaspace: 12897K->12897K(1060864K)], 0.0751144 secs] [Times: user=0.08 sys=0.00, real=0.08 secs] 
2017-11-10T19:33:56.571+0500: 280.030: [Full GC (Allocation Failure) 2017-11-10T19:33:56.571+0500: 280.030: [Tenured: 349568K->349568K(349568K), 0.0751178 secs] 506815K->506795K(506816K), [Metaspace: 12897K->12897K(1060864K)], 0.0751955 secs] [Times: user=0.08 sys=0.00, real=0.07 secs] 
2017-11-10T19:33:56.647+0500: 280.106: [Full GC (Allocation Failure) 2017-11-10T19:33:56.647+0500: 280.106: [Tenured: 349568K->349568K(349568K), 0.0754488 secs] 506815K->506796K(506816K), [Metaspace: 12897K->12897K(1060864K)], 0.0755294 secs] [Times: user=0.08 sys=0.00, real=0.07 secs] 
2017-11-10T19:33:56.724+0500: 280.183: [Full GC (Allocation Failure) 2017-11-10T19:33:56.724+0500: 280.183: [Tenured: 349568K->349568K(349568K), 0.0754155 secs] 506815K->506796K(506816K), [Metaspace: 12897K->12897K(1060864K)], 0.0755050 secs] [Times: user=0.08 sys=0.00, real=0.08 secs] 
2017-11-10T19:33:56.800+0500: 280.259: [Full GC (Allocation Failure) 2017-11-10T19:33:56.800+0500: 280.259: [Tenured: 349568K->349566K(349568K), 0.0760648 secs] 506815K->506794K(506816K), [Metaspace: 12897K->12897K(1060864K)], 0.0761792 secs] [Times: user=0.06 sys=0.00, real=0.08 secs] 
2017-11-10T19:33:56.877+0500: 280.337: [Full GC (Allocation Failure) 2017-11-10T19:33:56.877+0500: 280.337: [Tenured: 349568K->349568K(349568K), 0.0772870 secs] 506815K->506795K(506816K), [Metaspace: 12897K->12897K(1060864K)], 0.0773857 secs] [Times: user=0.06 sys=0.00, real=0.08 secs] 
2017-11-10T19:33:56.955+0500: 280.415: [Full GC (Allocation Failure) 2017-11-10T19:33:56.955+0500: 280.415: [Tenured: 349568K->349568K(349568K), 0.0782853 secs] 506815K->506796K(506816K), [Metaspace: 12897K->12897K(1060864K)], 0.0783606 secs] [Times: user=0.08 sys=0.00, real=0.08 secs] 
2017-11-10T19:33:57.035+0500: 280.494: [Full GC (Allocation Failure) 2017-11-10T19:33:57.035+0500: 280.494: [Tenured: 349568K->349568K(349568K), 0.0765923 secs] 506815K->506796K(506816K), [Metaspace: 12897K->12897K(1060864K)], 0.0766661 secs] [Times: user=0.06 sys=0.00, real=0.08 secs] 
2017-11-10T19:33:57.112+0500: 280.571: [Full GC (Allocation Failure) 2017-11-10T19:33:57.112+0500: 280.571: [Tenured: 349568K->349566K(349568K), 0.0739938 secs] 506815K->506794K(506816K), [Metaspace: 12897K->12897K(1060864K)], 0.0740677 secs] [Times: user=0.06 sys=0.00, real=0.07 secs] 
2017-11-10T19:33:57.187+0500: 280.646: [Full GC (Allocation Failure) 2017-11-10T19:33:57.187+0500: 280.646: [Tenured: 349568K->349568K(349568K), 0.0752014 secs] 506815K->506795K(506816K), [Metaspace: 12898K->12898K(1060864K)], 0.0752928 secs] [Times: user=0.08 sys=0.00, real=0.08 secs] 
2017-11-10T19:33:57.263+0500: 280.722: [Full GC (Allocation Failure) 2017-11-10T19:33:57.263+0500: 280.722: [Tenured: 349568K->349568K(349568K), 0.0746529 secs] 506815K->506796K(506816K), [Metaspace: 12898K->12898K(1060864K)], 0.0747545 secs] [Times: user=0.08 sys=0.00, real=0.08 secs] 
2017-11-10T19:33:57.339+0500: 280.798: [Full GC (Allocation Failure) 2017-11-10T19:33:57.339+0500: 280.798: [Tenured: 349568K->349568K(349568K), 0.0764764 secs] 506815K->506796K(506816K), [Metaspace: 12898K->12898K(1060864K)], 0.0765835 secs] [Times: user=0.08 sys=0.00, real=0.08 secs] 
2017-11-10T19:33:57.417+0500: 280.876: [Full GC (Allocation Failure) 2017-11-10T19:33:57.417+0500: 280.876: [Tenured: 349568K->349566K(349568K), 0.0769130 secs] 506815K->506794K(506816K), [Metaspace: 12898K->12898K(1060864K)], 0.0770254 secs] [Times: user=0.08 sys=0.00, real=0.08 secs] 
2017-11-10T19:33:57.495+0500: 280.954: [Full GC (Allocation Failure) 2017-11-10T19:33:57.495+0500: 280.954: [Tenured: 349568K->349568K(349568K), 0.0772718 secs] 506815K->506795K(506816K), [Metaspace: 12910K->12910K(1060864K)], 0.0773740 secs] [Times: user=0.08 sys=0.00, real=0.08 secs] 
2017-11-10T19:33:57.574+0500: 281.032: [Full GC (Allocation Failure) 2017-11-10T19:33:57.574+0500: 281.032: [Tenured: 349568K->349568K(349568K), 0.0753877 secs] 506815K->506796K(506816K), [Metaspace: 12910K->12910K(1060864K)], 0.0754810 secs] [Times: user=0.08 sys=0.00, real=0.08 secs] 
2017-11-10T19:33:57.650+0500: 281.109: [Full GC (Allocation Failure) 2017-11-10T19:33:57.650+0500: 281.109: [Tenured: 349568K->349568K(349568K), 0.0758115 secs] 506815K->506796K(506816K), [Metaspace: 12910K->12910K(1060864K)], 0.0759147 secs] [Times: user=0.08 sys=0.00, real=0.08 secs] 
2017-11-10T19:33:57.727+0500: 281.186: [Full GC (Allocation Failure) 2017-11-10T19:33:57.727+0500: 281.186: [Tenured: 349568K->349566K(349568K), 0.0766255 secs] 506815K->506794K(506816K), [Metaspace: 12910K->12910K(1060864K)], 0.0767037 secs] [Times: user=0.08 sys=0.00, real=0.08 secs] 
2017-11-10T19:33:57.804+0500: 281.263: [Full GC (Allocation Failure) 2017-11-10T19:33:57.804+0500: 281.263: [Tenured: 349568K->349568K(349568K), 0.0753617 secs] 506815K->506795K(506816K), [Metaspace: 12910K->12910K(1060864K)], 0.0754664 secs] [Times: user=0.08 sys=0.00, real=0.08 secs] 
2017-11-10T19:33:57.880+0500: 281.339: [Full GC (Allocation Failure) 2017-11-10T19:33:57.880+0500: 281.339: [Tenured: 349568K->349568K(349568K), 0.0753246 secs] 506815K->506796K(506816K), [Metaspace: 12910K->12910K(1060864K)], 0.0753979 secs] [Times: user=0.08 sys=0.00, real=0.08 secs] 
2017-11-10T19:33:57.956+0500: 281.415: [Full GC (Allocation Failure) 2017-11-10T19:33:57.956+0500: 281.415: [Tenured: 349568K->349568K(349568K), 0.0758550 secs] 506815K->506796K(506816K), [Metaspace: 12910K->12910K(1060864K)], 0.0759293 secs] [Times: user=0.06 sys=0.00, real=0.08 secs] 
2017-11-10T19:33:58.033+0500: 281.492: [Full GC (Allocation Failure) 2017-11-10T19:33:58.033+0500: 281.492: [Tenured: 349568K->349566K(349568K), 0.0754874 secs] 506815K->506794K(506816K), [Metaspace: 12910K->12910K(1060864K)], 0.0755759 secs] [Times: user=0.09 sys=0.00, real=0.08 secs] 
2017-11-10T19:33:58.110+0500: 281.569: [Full GC (Allocation Failure) 2017-11-10T19:33:58.110+0500: 281.569: [Tenured: 349568K->349568K(349568K), 0.0748416 secs] 506815K->506795K(506816K), [Metaspace: 12910K->12910K(1060864K)], 0.0749437 secs] [Times: user=0.08 sys=0.00, real=0.08 secs] 
2017-11-10T19:33:58.186+0500: 281.645: [Full GC (Allocation Failure) 2017-11-10T19:33:58.186+0500: 281.645: [Tenured: 349568K->349568K(349568K), 0.0779401 secs] 506815K->506796K(506816K), [Metaspace: 12910K->12910K(1060864K)], 0.0780506 secs] [Times: user=0.08 sys=0.00, real=0.08 secs] 
2017-11-10T19:33:58.265+0500: 281.724: [Full GC (Allocation Failure) 2017-11-10T19:33:58.265+0500: 281.724: [Tenured: 349568K->349568K(349568K), 0.0760584 secs] 506815K->506796K(506816K), [Metaspace: 12910K->12910K(1060864K)], 0.0761430 secs] [Times: user=0.08 sys=0.00, real=0.08 secs] 
2017-11-10T19:33:58.342+0500: 281.801: [Full GC (Allocation Failure) 2017-11-10T19:33:58.342+0500: 281.801: [Tenured: 349568K->349566K(349568K), 0.0756321 secs] 506815K->506795K(506816K), [Metaspace: 12911K->12911K(1060864K)], 0.0757211 secs] [Times: user=0.08 sys=0.00, real=0.08 secs] 
2017-11-10T19:33:58.418+0500: 281.877: [Full GC (Allocation Failure) 2017-11-10T19:33:58.418+0500: 281.877: [Tenured: 349567K->349567K(349568K), 0.0785415 secs] 506815K->506796K(506816K), [Metaspace: 12911K->12911K(1060864K)], 0.0786441 secs] [Times: user=0.08 sys=0.00, real=0.08 secs] 
2017-11-10T19:33:58.497+0500: 281.956: [Full GC (Allocation Failure) 2017-11-10T19:33:58.498+0500: 281.957: [Tenured: 349568K->349568K(349568K), 0.0742319 secs] 506815K->506797K(506816K), [Metaspace: 12911K->12911K(1060864K)], 0.0743405 secs] [Times: user=0.08 sys=0.00, real=0.08 secs] 
2017-11-10T19:33:58.572+0500: 282.031: [Full GC (Allocation Failure) 2017-11-10T19:33:58.572+0500: 282.031: [Tenured: 349568K->349568K(349568K), 0.0747497 secs] 506815K->506796K(506816K), [Metaspace: 12911K->12911K(1060864K)], 0.0748523 secs] [Times: user=0.08 sys=0.00, real=0.08 secs] 
2017-11-10T19:33:58.648+0500: 282.107: [Full GC (Allocation Failure) 2017-11-10T19:33:58.648+0500: 282.107: [Tenured: 349568K->349566K(349568K), 0.0755133 secs] 506815K->506795K(506816K), [Metaspace: 12911K->12911K(1060864K)], 0.0755945 secs] [Times: user=0.08 sys=0.00, real=0.08 secs] 
2017-11-10T19:33:58.724+0500: 282.183: [Full GC (Allocation Failure) 2017-11-10T19:33:58.724+0500: 282.183: [Tenured: 349567K->349567K(349568K), 0.0760305 secs] 506815K->506796K(506816K), [Metaspace: 12911K->12911K(1060864K)], 0.0761298 secs] [Times: user=0.08 sys=0.00, real=0.08 secs] 
2017-11-10T19:33:58.801+0500: 282.260: [Full GC (Allocation Failure) 2017-11-10T19:33:58.801+0500: 282.260: [Tenured: 349567K->349567K(349568K), 0.0773882 secs] 506815K->506797K(506816K), [Metaspace: 12911K->12911K(1060864K)], 0.0775016 secs] [Times: user=0.08 sys=0.00, real=0.08 secs] 
2017-11-10T19:33:58.879+0500: 282.338: [Full GC (Allocation Failure) 2017-11-10T19:33:58.879+0500: 282.338: [Tenured: 349567K->349567K(349568K), 0.0753148 secs] 506815K->506796K(506816K), [Metaspace: 12912K->12912K(1060864K)], 0.0753916 secs] [Times: user=0.06 sys=0.00, real=0.08 secs] 
2017-11-10T19:33:58.956+0500: 282.415: [Full GC (Allocation Failure) 2017-11-10T19:33:58.956+0500: 282.415: [Tenured: 349567K->349566K(349568K), 0.0759000 secs] 506815K->506795K(506816K), [Metaspace: 12912K->12912K(1060864K)], 0.0759807 secs] [Times: user=0.06 sys=0.00, real=0.07 secs] 
2017-11-10T19:33:59.032+0500: 282.491: [Full GC (Allocation Failure) 2017-11-10T19:33:59.032+0500: 282.491: [Tenured: 349567K->349567K(349568K), 0.0757045 secs] 506815K->506796K(506816K), [Metaspace: 12912K->12912K(1060864K)], 0.0758472 secs] [Times: user=0.08 sys=0.00, real=0.08 secs] 
2017-11-10T19:33:59.109+0500: 282.568: [Full GC (Allocation Failure) 2017-11-10T19:33:59.109+0500: 282.568: [Tenured: 349567K->349567K(349568K), 0.0748274 secs] 506815K->506797K(506816K), [Metaspace: 12913K->12913K(1060864K)], 0.0749208 secs] [Times: user=0.08 sys=0.00, real=0.08 secs] 
2017-11-10T19:33:59.185+0500: 282.644: [Full GC (Allocation Failure) 2017-11-10T19:33:59.185+0500: 282.644: [Tenured: 349567K->349567K(349568K), 0.0761816 secs] 506815K->506796K(506816K), [Metaspace: 12914K->12914K(1060864K)], 0.0762857 secs] [Times: user=0.08 sys=0.00, real=0.08 secs] 
2017-11-10T19:33:59.262+0500: 282.721: [Full GC (Allocation Failure) 2017-11-10T19:33:59.262+0500: 282.721: [Tenured: 349567K->349566K(349568K), 0.0750938 secs] 506815K->506795K(506816K), [Metaspace: 12914K->12914K(1060864K)], 0.0751672 secs] [Times: user=0.08 sys=0.00, real=0.07 secs] 
2017-11-10T19:33:59.338+0500: 282.797: [Full GC (Allocation Failure) 2017-11-10T19:33:59.338+0500: 282.797: [Tenured: 349567K->349567K(349568K), 0.0772713 secs] 506815K->506796K(506816K), [Metaspace: 12915K->12915K(1060864K)], 0.0773672 secs] [Times: user=0.08 sys=0.00, real=0.08 secs] 
2017-11-10T19:33:59.416+0500: 282.875: [Full GC (Allocation Failure) 2017-11-10T19:33:59.416+0500: 282.875: [Tenured: 349567K->349567K(349568K), 0.0785684 secs] 506815K->506797K(506816K), [Metaspace: 12915K->12915K(1060864K)], 0.0786510 secs] [Times: user=0.08 sys=0.00, real=0.08 secs] 
2017-11-10T19:33:59.495+0500: 282.954: [Full GC (Allocation Failure) 2017-11-10T19:33:59.495+0500: 282.954: [Tenured: 349567K->349567K(349568K), 0.0779274 secs] 506815K->506796K(506816K), [Metaspace: 12915K->12915K(1060864K)], 0.0780174 secs] [Times: user=0.08 sys=0.00, real=0.08 secs] 
2017-11-10T19:33:59.574+0500: 283.033: [Full GC (Allocation Failure) 2017-11-10T19:33:59.574+0500: 283.033: [Tenured: 349567K->349566K(349568K), 0.0772518 secs] 506815K->506795K(506816K), [Metaspace: 12915K->12915K(1060864K)], 0.0773285 secs] [Times: user=0.06 sys=0.01, real=0.08 secs] 
2017-11-10T19:33:59.652+0500: 283.111: [Full GC (Allocation Failure) 2017-11-10T19:33:59.652+0500: 283.111: [Tenured: 349567K->349567K(349568K), 0.0775715 secs] 506815K->506796K(506816K), [Metaspace: 12915K->12915K(1060864K)], 0.0776532 secs] [Times: user=0.08 sys=0.00, real=0.08 secs] 
2017-11-10T19:33:59.730+0500: 283.189: [Full GC (Allocation Failure) 2017-11-10T19:33:59.730+0500: 283.189: [Tenured: 349567K->349567K(349568K), 0.0752302 secs] 506815K->506797K(506816K), [Metaspace: 12915K->12915K(1060864K)], 0.0753060 secs] [Times: user=0.08 sys=0.00, real=0.08 secs] 
2017-11-10T19:33:59.806+0500: 283.265: [Full GC (Allocation Failure) 2017-11-10T19:33:59.806+0500: 283.265: [Tenured: 349567K->349567K(349568K), 0.0749697 secs] 506815K->506796K(506816K), [Metaspace: 12915K->12915K(1060864K)], 0.0750425 secs] [Times: user=0.08 sys=0.00, real=0.08 secs] 
2017-11-10T19:33:59.882+0500: 283.341: [Full GC (Allocation Failure) 2017-11-10T19:33:59.882+0500: 283.341: [Tenured: 349567K->349566K(349568K), 0.0749716 secs] 506815K->506795K(506816K), [Metaspace: 12915K->12915K(1060864K)], 0.0750430 secs] [Times: user=0.08 sys=0.00, real=0.08 secs] 
2017-11-10T19:33:59.957+0500: 283.417: [Full GC (Allocation Failure) 2017-11-10T19:33:59.957+0500: 283.417: [Tenured: 349567K->349567K(349568K), 0.0860044 secs] 506815K->506796K(506816K), [Metaspace: 12915K->12915K(1060864K)], 0.0860958 secs] [Times: user=0.06 sys=0.00, real=0.09 secs] 
2017-11-10T19:34:00.044+0500: 283.503: [Full GC (Allocation Failure) 2017-11-10T19:34:00.044+0500: 283.503: [Tenured: 349567K->349567K(349568K), 0.0838992 secs] 506815K->506797K(506816K), [Metaspace: 12915K->12915K(1060864K)], 0.0840077 secs] [Times: user=0.09 sys=0.00, real=0.08 secs] 
2017-11-10T19:34:00.129+0500: 283.588: [Full GC (Allocation Failure) 2017-11-10T19:34:00.129+0500: 283.588: [Tenured: 349567K->349567K(349568K), 0.0801045 secs] 506815K->506796K(506816K), [Metaspace: 12915K->12915K(1060864K)], 0.0802027 secs] [Times: user=0.06 sys=0.00, real=0.08 secs] 
2017-11-10T19:34:00.210+0500: 283.669: [Full GC (Allocation Failure) 2017-11-10T19:34:00.210+0500: 283.669: [Tenured: 349567K->349566K(349568K), 0.0751061 secs] 506815K->506795K(506816K), [Metaspace: 12915K->12915K(1060864K)], 0.0751818 secs] [Times: user=0.08 sys=0.00, real=0.08 secs] 
2017-11-10T19:34:00.286+0500: 283.745: [Full GC (Allocation Failure) 2017-11-10T19:34:00.286+0500: 283.745: [Tenured: 349567K->349567K(349568K), 0.0751657 secs] 506815K->506796K(506816K), [Metaspace: 12915K->12915K(1060864K)], 0.0752376 secs] [Times: user=0.06 sys=0.00, real=0.08 secs] 
2017-11-10T19:34:00.362+0500: 283.821: [Full GC (Allocation Failure) 2017-11-10T19:34:00.362+0500: 283.821: [Tenured: 349567K->349567K(349568K), 0.0745927 secs] 506815K->506797K(506816K), [Metaspace: 12915K->12915K(1060864K)], 0.0746690 secs] [Times: user=0.06 sys=0.00, real=0.07 secs] 
2017-11-10T19:34:00.437+0500: 283.896: [Full GC (Allocation Failure) 2017-11-10T19:34:00.437+0500: 283.896: [Tenured: 349567K->349567K(349568K), 0.0756658 secs] 506815K->506796K(506816K), [Metaspace: 12915K->12915K(1060864K)], 0.0757387 secs] [Times: user=0.08 sys=0.00, real=0.08 secs] 
2017-11-10T19:34:00.513+0500: 283.972: [Full GC (Allocation Failure) 2017-11-10T19:34:00.513+0500: 283.973: [Tenured: 349567K->349566K(349568K), 0.0743048 secs] 506815K->506795K(506816K), [Metaspace: 12915K->12915K(1060864K)], 0.0743752 secs] [Times: user=0.08 sys=0.00, real=0.08 secs] 
2017-11-10T19:34:00.588+0500: 284.048: [Full GC (Allocation Failure) 2017-11-10T19:34:00.588+0500: 284.048: [Tenured: 349567K->349567K(349568K), 0.0749315 secs] 506815K->506796K(506816K), [Metaspace: 12915K->12915K(1060864K)], 0.0750049 secs] [Times: user=0.08 sys=0.00, real=0.08 secs] 
2017-11-10T19:34:00.664+0500: 284.123: [Full GC (Allocation Failure) 2017-11-10T19:34:00.664+0500: 284.123: [Tenured: 349567K->349567K(349568K), 0.0779597 secs] 506815K->506797K(506816K), [Metaspace: 12916K->12916K(1060864K)], 0.0780677 secs] [Times: user=0.08 sys=0.00, real=0.08 secs] 
2017-11-10T19:34:00.743+0500: 284.202: [Full GC (Allocation Failure) 2017-11-10T19:34:00.743+0500: 284.202: [Tenured: 349567K->349567K(349568K), 0.0751329 secs] 506815K->506796K(506816K), [Metaspace: 12916K->12916K(1060864K)], 0.0752087 secs] [Times: user=0.08 sys=0.00, real=0.08 secs] 
2017-11-10T19:34:00.819+0500: 284.278: [Full GC (Allocation Failure) 2017-11-10T19:34:00.819+0500: 284.278: [Tenured: 349567K->349566K(349568K), 0.0769281 secs] 506815K->506795K(506816K), [Metaspace: 12916K->12916K(1060864K)], 0.0770132 secs] [Times: user=0.08 sys=0.00, real=0.08 secs] 
2017-11-10T19:34:00.897+0500: 284.356: [Full GC (Allocation Failure) 2017-11-10T19:34:00.897+0500: 284.356: [Tenured: 349567K->349567K(349568K), 0.0755397 secs] 506815K->506796K(506816K), [Metaspace: 12916K->12916K(1060864K)], 0.0756600 secs] [Times: user=0.08 sys=0.00, real=0.08 secs] 
2017-11-10T19:34:00.974+0500: 284.433: [Full GC (Allocation Failure) 2017-11-10T19:34:00.974+0500: 284.433: [Tenured: 349567K->349567K(349568K), 0.0751061 secs] 506815K->506797K(506816K), [Metaspace: 12916K->12916K(1060864K)], 0.0751838 secs] [Times: user=0.06 sys=0.00, real=0.08 secs] 
2017-11-10T19:34:01.049+0500: 284.509: [Full GC (Allocation Failure) 2017-11-10T19:34:01.049+0500: 284.509: [Tenured: 349567K->349567K(349568K), 0.0751745 secs] 506815K->506796K(506816K), [Metaspace: 12916K->12916K(1060864K)], 0.0752473 secs] [Times: user=0.06 sys=0.00, real=0.08 secs] 
2017-11-10T19:34:01.125+0500: 284.585: [Full GC (Allocation Failure) 2017-11-10T19:34:01.125+0500: 284.585: [Tenured: 349567K->349566K(349568K), 0.0759949 secs] 506815K->506795K(506816K), [Metaspace: 12917K->12917K(1060864K)], 0.0760755 secs] [Times: user=0.08 sys=0.00, real=0.08 secs] 
2017-11-10T19:34:01.202+0500: 284.661: [Full GC (Allocation Failure) 2017-11-10T19:34:01.202+0500: 284.661: [Tenured: 349567K->349567K(349568K), 0.0754874 secs] 506815K->506796K(506816K), [Metaspace: 12917K->12917K(1060864K)], 0.0755641 secs] [Times: user=0.08 sys=0.00, real=0.08 secs] 
2017-11-10T19:34:01.279+0500: 284.738: [Full GC (Allocation Failure) 2017-11-10T19:34:01.279+0500: 284.738: [Tenured: 349567K->349567K(349568K), 0.0763107 secs] 506815K->506797K(506816K), [Metaspace: 12917K->12917K(1060864K)], 0.0764099 secs] [Times: user=0.08 sys=0.00, real=0.08 secs] 
2017-11-10T19:34:01.356+0500: 284.815: [Full GC (Allocation Failure) 2017-11-10T19:34:01.356+0500: 284.815: [Tenured: 349567K->349567K(349568K), 0.0756678 secs] 506815K->506796K(506816K), [Metaspace: 12917K->12917K(1060864K)], 0.0757524 secs] [Times: user=0.08 sys=0.00, real=0.08 secs] 
2017-11-10T19:34:01.433+0500: 284.892: [Full GC (Allocation Failure) 2017-11-10T19:34:01.433+0500: 284.892: [Tenured: 349567K->349566K(349568K), 0.0767717 secs] 506815K->506795K(506816K), [Metaspace: 12917K->12917K(1060864K)], 0.0768871 secs] [Times: user=0.08 sys=0.00, real=0.08 secs] 
2017-11-10T19:34:01.511+0500: 284.970: [Full GC (Allocation Failure) 2017-11-10T19:34:01.511+0500: 284.970: [Tenured: 349567K->349567K(349568K), 0.0748817 secs] 506815K->506796K(506816K), [Metaspace: 12917K->12917K(1060864K)], 0.0749853 secs] [Times: user=0.08 sys=0.00, real=0.08 secs] 
2017-11-10T19:34:01.587+0500: 285.045: [Full GC (Allocation Failure) 2017-11-10T19:34:01.587+0500: 285.045: [Tenured: 349567K->349567K(349568K), 0.0753534 secs] 506815K->506797K(506816K), [Metaspace: 12917K->12917K(1060864K)], 0.0754414 secs] [Times: user=0.08 sys=0.00, real=0.08 secs] 
2017-11-10T19:34:01.663+0500: 285.122: [Full GC (Allocation Failure) 2017-11-10T19:34:01.663+0500: 285.122: [Tenured: 349567K->349567K(349568K), 0.0783958 secs] 506815K->506796K(506816K), [Metaspace: 12917K->12917K(1060864K)], 0.0785024 secs] [Times: user=0.08 sys=0.00, real=0.08 secs] 
2017-11-10T19:34:01.743+0500: 285.202: [Full GC (Allocation Failure) 2017-11-10T19:34:01.743+0500: 285.202: [Tenured: 349567K->349566K(349568K), 0.0792870 secs] 506815K->506795K(506816K), [Metaspace: 12917K->12917K(1060864K)], 0.0793741 secs] [Times: user=0.08 sys=0.00, real=0.08 secs] 
2017-11-10T19:34:01.823+0500: 285.282: [Full GC (Allocation Failure) 2017-11-10T19:34:01.823+0500: 285.282: [Tenured: 349567K->349567K(349568K), 0.0778776 secs] 506815K->506796K(506816K), [Metaspace: 12917K->12917K(1060864K)], 0.0779621 secs] [Times: user=0.08 sys=0.00, real=0.08 secs] 
2017-11-10T19:34:01.902+0500: 285.361: [Full GC (Allocation Failure) 2017-11-10T19:34:01.902+0500: 285.361: [Tenured: 349567K->349567K(349568K), 0.0787649 secs] 506815K->506797K(506816K), [Metaspace: 12917K->12917K(1060864K)], 0.0788861 secs] [Times: user=0.06 sys=0.00, real=0.08 secs] 
2017-11-10T19:34:01.982+0500: 285.440: [Full GC (Allocation Failure) 2017-11-10T19:34:01.982+0500: 285.441: [Tenured: 349567K->349567K(349568K), 0.0758198 secs] 506815K->506796K(506816K), [Metaspace: 12917K->12917K(1060864K)], 0.0759176 secs] [Times: user=0.08 sys=0.00, real=0.07 secs] 
2017-11-10T19:34:02.060+0500: 285.519: [Full GC (Allocation Failure) 2017-11-10T19:34:02.060+0500: 285.519: [Tenured: 349568K->349566K(349568K), 0.0751197 secs] 506815K->506795K(506816K), [Metaspace: 12917K->12917K(1060864K)], 0.0752229 secs] [Times: user=0.08 sys=0.00, real=0.08 secs] 
2017-11-10T19:34:02.136+0500: 285.595: [Full GC (Allocation Failure) 2017-11-10T19:34:02.136+0500: 285.595: [Tenured: 349567K->349567K(349568K), 0.0775080 secs] 506815K->506796K(506816K), [Metaspace: 12918K->12918K(1060864K)], 0.0776082 secs] [Times: user=0.08 sys=0.00, real=0.08 secs] 
2017-11-10T19:34:02.215+0500: 285.674: [Full GC (Allocation Failure) 2017-11-10T19:34:02.215+0500: 285.674: [Tenured: 349567K->349567K(349568K), 0.0750723 secs] 506815K->506797K(506816K), [Metaspace: 12918K->12918K(1060864K)], 0.0751779 secs] [Times: user=0.08 sys=0.00, real=0.08 secs] 
2017-11-10T19:34:02.291+0500: 285.750: [Full GC (Allocation Failure) 2017-11-10T19:34:02.291+0500: 285.750: [Tenured: 349568K->349568K(349568K), 0.0771134 secs] 506815K->506796K(506816K), [Metaspace: 12918K->12918K(1060864K)], 0.0771907 secs] [Times: user=0.08 sys=0.00, real=0.08 secs] 
2017-11-10T19:34:02.369+0500: 285.828: [Full GC (Allocation Failure) 2017-11-10T19:34:02.369+0500: 285.828: [Tenured: 349568K->349566K(349568K), 0.0785801 secs] 506815K->506795K(506816K), [Metaspace: 12918K->12918K(1060864K)], 0.0786779 secs] [Times: user=0.08 sys=0.00, real=0.08 secs] 
2017-11-10T19:34:02.448+0500: 285.907: [Full GC (Allocation Failure) 2017-11-10T19:34:02.448+0500: 285.907: [Tenured: 349567K->349567K(349568K), 0.0755143 secs] 506815K->506796K(506816K), [Metaspace: 12918K->12918K(1060864K)], 0.0757079 secs] [Times: user=0.08 sys=0.00, real=0.08 secs] 
2017-11-10T19:34:02.525+0500: 285.984: [Full GC (Allocation Failure) 2017-11-10T19:34:02.525+0500: 285.984: [Tenured: 349567K->349567K(349568K), 0.0772283 secs] 506815K->506797K(506816K), [Metaspace: 12918K->12918K(1060864K)], 0.0773241 secs] [Times: user=0.08 sys=0.00, real=0.08 secs] 
2017-11-10T19:34:02.603+0500: 286.062: [Full GC (Allocation Failure) 2017-11-10T19:34:02.603+0500: 286.062: [Tenured: 349567K->349567K(349568K), 0.0762633 secs] 506815K->506796K(506816K), [Metaspace: 12918K->12918K(1060864K)], 0.0763659 secs] [Times: user=0.08 sys=0.00, real=0.08 secs] 
2017-11-10T19:34:02.680+0500: 286.139: [Full GC (Allocation Failure) 2017-11-10T19:34:02.680+0500: 286.139: [Tenured: 349567K->349566K(349568K), 0.0750371 secs] 506815K->506795K(506816K), [Metaspace: 12918K->12918K(1060864K)], 0.0751095 secs] [Times: user=0.08 sys=0.00, real=0.08 secs] 
2017-11-10T19:34:02.756+0500: 286.215: [Full GC (Allocation Failure) 2017-11-10T19:34:02.756+0500: 286.215: [Tenured: 349567K->349567K(349568K), 0.0782829 secs] 506815K->506796K(506816K), [Metaspace: 12918K->12918K(1060864K)], 0.0784124 secs] [Times: user=0.06 sys=0.00, real=0.08 secs] 
2017-11-10T19:34:02.835+0500: 286.294: [Full GC (Allocation Failure) 2017-11-10T19:34:02.835+0500: 286.294: [Tenured: 349567K->349567K(349568K), 0.0764202 secs] 506815K->506797K(506816K), [Metaspace: 12918K->12918K(1060864K)], 0.0764965 secs] [Times: user=0.08 sys=0.00, real=0.08 secs] 
2017-11-10T19:34:02.912+0500: 286.371: [Full GC (Allocation Failure) 2017-11-10T19:34:02.912+0500: 286.371: [Tenured: 349567K->349567K(349568K), 0.0802858 secs] 506815K->506796K(506816K), [Metaspace: 12918K->12918K(1060864K)], 0.0803817 secs] [Times: user=0.08 sys=0.00, real=0.08 secs] 
2017-11-10T19:34:02.993+0500: 286.452: [Full GC (Allocation Failure) 2017-11-10T19:34:02.993+0500: 286.452: [Tenured: 349567K->349566K(349568K), 0.0802462 secs] 506815K->506795K(506816K), [Metaspace: 12918K->12918K(1060864K)], 0.0803523 secs] [Times: user=0.08 sys=0.00, real=0.08 secs] 
2017-11-10T19:34:03.074+0500: 286.533: [Full GC (Allocation Failure) 2017-11-10T19:34:03.074+0500: 286.534: [Tenured: 349567K->349567K(349568K), 0.0771731 secs] 506815K->506796K(506816K), [Metaspace: 12918K->12918K(1060864K)], 0.0772572 secs] [Times: user=0.08 sys=0.00, real=0.08 secs] 
2017-11-10T19:34:03.152+0500: 286.611: [Full GC (Allocation Failure) 2017-11-10T19:34:03.152+0500: 286.611: [Tenured: 349567K->349567K(349568K), 0.0776292 secs] 506815K->506797K(506816K), [Metaspace: 12918K->12918K(1060864K)], 0.0777050 secs] [Times: user=0.08 sys=0.00, real=0.08 secs] 
2017-11-10T19:34:03.231+0500: 286.690: [Full GC (Allocation Failure) 2017-11-10T19:34:03.231+0500: 286.690: [Tenured: 349567K->349567K(349568K), 0.0767771 secs] 506815K->506796K(506816K), [Metaspace: 12918K->12918K(1060864K)], 0.0768626 secs] [Times: user=0.08 sys=0.00, real=0.08 secs] 
2017-11-10T19:34:03.309+0500: 286.768: [Full GC (Allocation Failure) 2017-11-10T19:34:03.309+0500: 286.768: [Tenured: 349567K->349566K(349568K), 0.0755749 secs] 506815K->506795K(506816K), [Metaspace: 12918K->12918K(1060864K)], 0.0756917 secs] [Times: user=0.08 sys=0.00, real=0.08 secs] 
2017-11-10T19:34:03.385+0500: 286.844: [Full GC (Allocation Failure) 2017-11-10T19:34:03.385+0500: 286.844: [Tenured: 349567K->349567K(349568K), 0.0757465 secs] 506815K->506796K(506816K), [Metaspace: 12918K->12918K(1060864K)], 0.0758604 secs] [Times: user=0.08 sys=0.00, real=0.08 secs] 
2017-11-10T19:34:03.462+0500: 286.921: [Full GC (Allocation Failure) 2017-11-10T19:34:03.462+0500: 286.921: [Tenured: 349567K->349567K(349568K), 0.0747677 secs] 506815K->506797K(506816K), [Metaspace: 12918K->12918K(1060864K)], 0.0748416 secs] [Times: user=0.08 sys=0.00, real=0.07 secs] 
2017-11-10T19:34:03.537+0500: 286.996: [Full GC (Allocation Failure) 2017-11-10T19:34:03.537+0500: 286.996: [Tenured: 349567K->349567K(349568K), 0.0756556 secs] 506815K->506796K(506816K), [Metaspace: 12918K->12918K(1060864K)], 0.0757553 secs] [Times: user=0.08 sys=0.00, real=0.08 secs] 
2017-11-10T19:34:03.614+0500: 287.073: [Full GC (Allocation Failure) 2017-11-10T19:34:03.614+0500: 287.073: [Tenured: 349567K->349566K(349568K), 0.0789526 secs] 506815K->506795K(506816K), [Metaspace: 12918K->12918K(1060864K)], 0.0790573 secs] [Times: user=0.08 sys=0.00, real=0.08 secs] 
2017-11-10T19:34:03.694+0500: 287.153: [Full GC (Allocation Failure) 2017-11-10T19:34:03.694+0500: 287.153: [Tenured: 349567K->349567K(349568K), 0.0824008 secs] 506815K->506796K(506816K), [Metaspace: 12919K->12919K(1060864K)], 0.0825201 secs] [Times: user=0.08 sys=0.00, real=0.08 secs] 
2017-11-10T19:34:03.778+0500: 287.237: [Full GC (Allocation Failure) 2017-11-10T19:34:03.778+0500: 287.237: [Tenured: 349567K->349567K(349568K), 0.0780027 secs] 506815K->506797K(506816K), [Metaspace: 12919K->12919K(1060864K)], 0.0781083 secs] [Times: user=0.08 sys=0.00, real=0.08 secs] 
2017-11-10T19:34:03.856+0500: 287.316: [Full GC (Allocation Failure) 2017-11-10T19:34:03.856+0500: 287.316: [Tenured: 349567K->349567K(349568K), 0.0787551 secs] 506815K->506796K(506816K), [Metaspace: 12919K->12919K(1060864K)], 0.0788289 secs] [Times: user=0.08 sys=0.00, real=0.08 secs] 
2017-11-10T19:34:03.936+0500: 287.395: [Full GC (Allocation Failure) 2017-11-10T19:34:03.936+0500: 287.395: [Tenured: 349567K->349566K(349568K), 0.0748963 secs] 506815K->506795K(506816K), [Metaspace: 12922K->12922K(1060864K)], 0.0749736 secs] [Times: user=0.08 sys=0.00, real=0.07 secs] 
2017-11-10T19:34:04.012+0500: 287.471: [Full GC (Allocation Failure) 2017-11-10T19:34:04.012+0500: 287.471: [Tenured: 349567K->349567K(349568K), 0.0764754 secs] 506815K->506796K(506816K), [Metaspace: 12925K->12925K(1060864K)], 0.0765537 secs] [Times: user=0.08 sys=0.00, real=0.08 secs] 
2017-11-10T19:34:04.089+0500: 287.548: [Full GC (Allocation Failure) 2017-11-10T19:34:04.089+0500: 287.548: [Tenured: 349567K->349567K(349568K), 0.0768181 secs] 506815K->506797K(506816K), [Metaspace: 12925K->12925K(1060864K)], 0.0768978 secs] [Times: user=0.08 sys=0.00, real=0.08 secs] 
2017-11-10T19:34:04.167+0500: 287.626: [Full GC (Allocation Failure) 2017-11-10T19:34:04.167+0500: 287.626: [Tenured: 349567K->349567K(349568K), 0.0767756 secs] 506815K->506796K(506816K), [Metaspace: 12925K->12925K(1060864K)], 0.0768587 secs] [Times: user=0.08 sys=0.00, real=0.08 secs] 
2017-11-10T19:34:04.244+0500: 287.703: [Full GC (Allocation Failure) 2017-11-10T19:34:04.244+0500: 287.704: [Tenured: 349567K->349566K(349568K), 0.0784408 secs] 506815K->506795K(506816K), [Metaspace: 12926K->12926K(1060864K)], 0.0785454 secs] [Times: user=0.08 sys=0.00, real=0.08 secs] 
2017-11-10T19:34:04.325+0500: 287.784: [Full GC (Allocation Failure) 2017-11-10T19:34:04.325+0500: 287.784: [Tenured: 349568K->349568K(349568K), 0.0828129 secs] 506815K->506796K(506816K), [Metaspace: 12926K->12926K(1060864K)], 0.0829361 secs] [Times: user=0.08 sys=0.00, real=0.08 secs] 
2017-11-10T19:34:04.409+0500: 287.868: [Full GC (Allocation Failure) 2017-11-10T19:34:04.409+0500: 287.868: [Tenured: 349568K->349568K(349568K), 0.0756805 secs] 506815K->506797K(506816K), [Metaspace: 12926K->12926K(1060864K)], 0.0757788 secs] [Times: user=0.06 sys=0.00, real=0.08 secs] 
2017-11-10T19:34:04.485+0500: 287.944: [Full GC (Allocation Failure) 2017-11-10T19:34:04.485+0500: 287.944: [Tenured: 349568K->349568K(349568K), 0.0753784 secs] 506815K->506796K(506816K), [Metaspace: 12926K->12926K(1060864K)], 0.0754727 secs] [Times: user=0.08 sys=0.00, real=0.08 secs] 
2017-11-10T19:34:04.561+0500: 288.021: [Full GC (Allocation Failure) 2017-11-10T19:34:04.561+0500: 288.021: [Tenured: 349568K->349566K(349568K), 0.0760467 secs] 506815K->506795K(506816K), [Metaspace: 12926K->12926K(1060864K)], 0.0761234 secs] [Times: user=0.08 sys=0.00, real=0.08 secs] 
2017-11-10T19:34:04.638+0500: 288.097: [Full GC (Allocation Failure) 2017-11-10T19:34:04.638+0500: 288.097: [Tenured: 349567K->349567K(349568K), 0.0776522 secs] 506815K->506796K(506816K), [Metaspace: 12926K->12926K(1060864K)], 0.0777563 secs] [Times: user=0.08 sys=0.00, real=0.08 secs] 
2017-11-10T19:34:04.716+0500: 288.176: [Full GC (Allocation Failure) 2017-11-10T19:34:04.717+0500: 288.176: [Tenured: 349567K->349567K(349568K), 0.0776317 secs] 506815K->506797K(506816K), [Metaspace: 12926K->12926K(1060864K)], 0.0777485 secs] [Times: user=0.08 sys=0.00, real=0.08 secs] 
2017-11-10T19:34:04.795+0500: 288.254: [Full GC (Allocation Failure) 2017-11-10T19:34:04.795+0500: 288.254: [Tenured: 349567K->349567K(349568K), 0.0830588 secs] 506815K->506796K(506816K), [Metaspace: 12926K->12926K(1060864K)], 0.0831644 secs] [Times: user=0.09 sys=0.00, real=0.08 secs] 
2017-11-10T19:34:04.879+0500: 288.338: [Full GC (Allocation Failure) 2017-11-10T19:34:04.879+0500: 288.338: [Tenured: 349567K->349566K(349568K), 0.0777104 secs] 506815K->506795K(506816K), [Metaspace: 12926K->12926K(1060864K)], 0.0777920 secs] [Times: user=0.08 sys=0.00, real=0.08 secs] 
2017-11-10T19:34:04.958+0500: 288.417: [Full GC (Allocation Failure) 2017-11-10T19:34:04.958+0500: 288.417: [Tenured: 349567K->349567K(349568K), 0.0779343 secs] 506815K->506796K(506816K), [Metaspace: 12926K->12926K(1060864K)], 0.0780594 secs] [Times: user=0.08 sys=0.00, real=0.08 secs] 
2017-11-10T19:34:05.036+0500: 288.496: [Full GC (Allocation Failure) 2017-11-10T19:34:05.036+0500: 288.496: [Tenured: 349567K->349567K(349568K), 0.0787820 secs] 506815K->506797K(506816K), [Metaspace: 12926K->12926K(1060864K)], 0.0788553 secs] [Times: user=0.08 sys=0.00, real=0.08 secs] 
2017-11-10T19:34:05.116+0500: 288.575: [Full GC (Allocation Failure) 2017-11-10T19:34:05.116+0500: 288.575: [Tenured: 349567K->349567K(349568K), 0.0778766 secs] 506815K->506796K(506816K), [Metaspace: 12926K->12926K(1060864K)], 0.0780145 secs] [Times: user=0.06 sys=0.00, real=0.08 secs] 
2017-11-10T19:34:05.194+0500: 288.654: [Full GC (Allocation Failure) 2017-11-10T19:34:05.194+0500: 288.654: [Tenured: 349567K->349566K(349568K), 0.0817853 secs] 506815K->506795K(506816K), [Metaspace: 12926K->12926K(1060864K)], 0.0819041 secs] [Times: user=0.08 sys=0.00, real=0.08 secs] 
2017-11-10T19:34:05.279+0500: 288.738: [Full GC (Allocation Failure) 2017-11-10T19:34:05.279+0500: 288.738: [Tenured: 349567K->349567K(349568K), 0.0836905 secs] 506815K->506796K(506816K), [Metaspace: 12926K->12926K(1060864K)], 0.0837921 secs] [Times: user=0.09 sys=0.00, real=0.08 secs] 
2017-11-10T19:34:05.363+0500: 288.822: [Full GC (Allocation Failure) 2017-11-10T19:34:05.363+0500: 288.822: [Tenured: 349567K->349567K(349568K), 0.0821382 secs] 506815K->506797K(506816K), [Metaspace: 12926K->12926K(1060864K)], 0.0822453 secs] [Times: user=0.08 sys=0.00, real=0.08 secs] 
2017-11-10T19:34:05.446+0500: 288.905: [Full GC (Allocation Failure) 2017-11-10T19:34:05.446+0500: 288.905: [Tenured: 349567K->349567K(349568K), 0.0811257 secs] 506815K->506796K(506816K), [Metaspace: 12926K->12926K(1060864K)], 0.0812030 secs] [Times: user=0.08 sys=0.00, real=0.08 secs] 
2017-11-10T19:34:05.528+0500: 288.987: [Full GC (Allocation Failure) 2017-11-10T19:34:05.528+0500: 288.987: [Tenured: 349567K->349566K(349568K), 0.0755314 secs] 506815K->506795K(506816K), [Metaspace: 12926K->12926K(1060864K)], 0.0756165 secs] [Times: user=0.08 sys=0.00, real=0.08 secs] 
2017-11-10T19:34:05.604+0500: 289.063: [Full GC (Allocation Failure) 2017-11-10T19:34:05.604+0500: 289.063: [Tenured: 349567K->349567K(349568K), 0.0776517 secs] 506815K->506796K(506816K), [Metaspace: 12926K->12926K(1060864K)], 0.0777309 secs] [Times: user=0.08 sys=0.00, real=0.08 secs] 
2017-11-10T19:34:05.683+0500: 289.142: [Full GC (Allocation Failure) 2017-11-10T19:34:05.683+0500: 289.142: [Tenured: 349567K->349567K(349568K), 0.0761484 secs] 506815K->506797K(506816K), [Metaspace: 12926K->12926K(1060864K)], 0.0762310 secs] [Times: user=0.08 sys=0.00, real=0.08 secs] 
2017-11-10T19:34:05.760+0500: 289.219: [Full GC (Allocation Failure) 2017-11-10T19:34:05.760+0500: 289.219: [Tenured: 349567K->349567K(349568K), 0.0758379 secs] 506815K->506796K(506816K), [Metaspace: 12926K->12926K(1060864K)], 0.0759455 secs] [Times: user=0.08 sys=0.00, real=0.08 secs] 
2017-11-10T19:34:05.836+0500: 289.295: [Full GC (Allocation Failure) 2017-11-10T19:34:05.836+0500: 289.295: [Tenured: 349567K->349566K(349568K), 0.0785640 secs] 506815K->506795K(506816K), [Metaspace: 12926K->12926K(1060864K)], 0.0786388 secs] [Times: user=0.08 sys=0.00, real=0.08 secs] 
2017-11-10T19:34:05.916+0500: 289.375: [Full GC (Allocation Failure) 2017-11-10T19:34:05.916+0500: 289.375: [Tenured: 349567K->349567K(349568K), 0.0761464 secs] 506815K->506796K(506816K), [Metaspace: 12926K->12926K(1060864K)], 0.0762530 secs] [Times: user=0.08 sys=0.00, real=0.08 secs] 
2017-11-10T19:34:05.993+0500: 289.452: [Full GC (Allocation Failure) 2017-11-10T19:34:05.993+0500: 289.452: [Tenured: 349567K->349567K(349568K), 0.0759352 secs] 506815K->506797K(506816K), [Metaspace: 12926K->12926K(1060864K)], 0.0760139 secs] [Times: user=0.08 sys=0.00, real=0.08 secs] 
2017-11-10T19:34:06.069+0500: 289.528: [Full GC (Allocation Failure) 2017-11-10T19:34:06.069+0500: 289.528: [Tenured: 349567K->349567K(349568K), 0.0760902 secs] 506815K->506796K(506816K), [Metaspace: 12926K->12926K(1060864K)], 0.0761762 secs] [Times: user=0.08 sys=0.00, real=0.08 secs] 
2017-11-10T19:34:06.146+0500: 289.605: [Full GC (Allocation Failure) 2017-11-10T19:34:06.146+0500: 289.605: [Tenured: 349567K->349566K(349568K), 0.0798581 secs] 506815K->506795K(506816K), [Metaspace: 12926K->12926K(1060864K)], 0.0799495 secs] [Times: user=0.08 sys=0.00, real=0.08 secs] 
2017-11-10T19:34:06.227+0500: 289.686: [Full GC (Allocation Failure) 2017-11-10T19:34:06.227+0500: 289.686: [Tenured: 349567K->349567K(349568K), 0.0775857 secs] 506815K->506796K(506816K), [Metaspace: 12926K->12926K(1060864K)], 0.0777157 secs] [Times: user=0.08 sys=0.00, real=0.08 secs] 
2017-11-10T19:34:06.305+0500: 289.764: [Full GC (Allocation Failure) 2017-11-10T19:34:06.305+0500: 289.764: [Tenured: 349567K->349567K(349568K), 0.0788104 secs] 506815K->506797K(506816K), [Metaspace: 12926K->12926K(1060864K)], 0.0788891 secs] [Times: user=0.08 sys=0.00, real=0.08 secs] 
2017-11-10T19:34:06.385+0500: 289.844: [Full GC (Allocation Failure) 2017-11-10T19:34:06.385+0500: 289.844: [Tenured: 349567K->349567K(349568K), 0.0785151 secs] 506815K->506796K(506816K), [Metaspace: 12926K->12926K(1060864K)], 0.0786011 secs] [Times: user=0.08 sys=0.00, real=0.08 secs] 
2017-11-10T19:34:06.464+0500: 289.923: [Full GC (Allocation Failure) 2017-11-10T19:34:06.464+0500: 289.923: [Tenured: 349567K->349566K(349568K), 0.0854456 secs] 506815K->506795K(506816K), [Metaspace: 12926K->12926K(1060864K)], 0.0855287 secs] [Times: user=0.09 sys=0.00, real=0.09 secs] 
2017-11-10T19:34:06.551+0500: 290.010: [Full GC (Allocation Failure) 2017-11-10T19:34:06.551+0500: 290.010: [Tenured: 349567K->349567K(349568K), 0.0762530 secs] 506815K->506796K(506816K), [Metaspace: 12926K->12926K(1060864K)], 0.0763302 secs] [Times: user=0.06 sys=0.00, real=0.08 secs] 
2017-11-10T19:34:06.628+0500: 290.087: [Full GC (Allocation Failure) 2017-11-10T19:34:06.628+0500: 290.087: [Tenured: 349567K->349567K(349568K), 0.0763772 secs] 506815K->506797K(506816K), [Metaspace: 12926K->12926K(1060864K)], 0.0764828 secs] [Times: user=0.06 sys=0.00, real=0.08 secs] 
2017-11-10T19:34:06.705+0500: 290.164: [Full GC (Allocation Failure) 2017-11-10T19:34:06.705+0500: 290.164: [Tenured: 349567K->349567K(349568K), 0.0760393 secs] 506815K->506796K(506816K), [Metaspace: 12926K->12926K(1060864K)], 0.0761229 secs] [Times: user=0.08 sys=0.00, real=0.08 secs] 
2017-11-10T19:34:06.782+0500: 290.241: [Full GC (Allocation Failure) 2017-11-10T19:34:06.782+0500: 290.241: [Tenured: 349567K->349566K(349568K), 0.0776923 secs] 506815K->506795K(506816K), [Metaspace: 12926K->12926K(1060864K)], 0.0778091 secs] [Times: user=0.08 sys=0.00, real=0.08 secs] 
2017-11-10T19:34:06.860+0500: 290.319: [Full GC (Allocation Failure) 2017-11-10T19:34:06.860+0500: 290.319: [Tenured: 349567K->349567K(349568K), 0.0779621 secs] 506815K->506796K(506816K), [Metaspace: 12926K->12926K(1060864K)], 0.0780374 secs] [Times: user=0.08 sys=0.00, real=0.08 secs] 
2017-11-10T19:34:06.939+0500: 290.398: [Full GC (Allocation Failure) 2017-11-10T19:34:06.939+0500: 290.398: [Tenured: 349567K->349567K(349568K), 0.0760848 secs] 506815K->506797K(506816K), [Metaspace: 12926K->12926K(1060864K)], 0.0762589 secs] [Times: user=0.08 sys=0.00, real=0.08 secs] 
2017-11-10T19:34:07.016+0500: 290.475: [Full GC (Allocation Failure) 2017-11-10T19:34:07.016+0500: 290.475: [Tenured: 349567K->349567K(349568K), 0.0783308 secs] 506815K->506796K(506816K), [Metaspace: 12926K->12926K(1060864K)], 0.0784579 secs] [Times: user=0.08 sys=0.00, real=0.08 secs] 
2017-11-10T19:34:07.096+0500: 290.555: [Full GC (Allocation Failure) 2017-11-10T19:34:07.096+0500: 290.555: [Tenured: 349567K->349566K(349568K), 0.0745512 secs] 506815K->506795K(506816K), [Metaspace: 12926K->12926K(1060864K)], 0.0746656 secs] [Times: user=0.06 sys=0.00, real=0.08 secs] 
2017-11-10T19:34:07.171+0500: 290.630: [Full GC (Allocation Failure) 2017-11-10T19:34:07.171+0500: 290.631: [Tenured: 349567K->349567K(349568K), 0.0758682 secs] 506815K->506796K(506816K), [Metaspace: 12926K->12926K(1060864K)], 0.0759645 secs] [Times: user=0.09 sys=0.00, real=0.08 secs] 
2017-11-10T19:34:07.248+0500: 290.707: [Full GC (Allocation Failure) 2017-11-10T19:34:07.248+0500: 290.707: [Tenured: 349567K->349567K(349568K), 0.0753305 secs] 506815K->506797K(506816K), [Metaspace: 12926K->12926K(1060864K)], 0.0754121 secs] [Times: user=0.08 sys=0.00, real=0.08 secs] 
2017-11-10T19:34:07.324+0500: 290.783: [Full GC (Allocation Failure) 2017-11-10T19:34:07.324+0500: 290.783: [Tenured: 349567K->349567K(349568K), 0.0760291 secs] 506815K->506796K(506816K), [Metaspace: 12926K->12926K(1060864K)], 0.0761293 secs] [Times: user=0.08 sys=0.00, real=0.08 secs] 
2017-11-10T19:34:07.401+0500: 290.860: [Full GC (Allocation Failure) 2017-11-10T19:34:07.401+0500: 290.860: [Tenured: 349567K->349566K(349568K), 0.0755436 secs] 506815K->506795K(506816K), [Metaspace: 12926K->12926K(1060864K)], 0.0756350 secs] [Times: user=0.08 sys=0.00, real=0.08 secs] 
2017-11-10T19:34:07.478+0500: 290.937: [Full GC (Allocation Failure) 2017-11-10T19:34:07.478+0500: 290.937: [Tenured: 349567K->349567K(349568K), 0.0752356 secs] 506815K->506796K(506816K), [Metaspace: 12926K->12926K(1060864K)], 0.0753138 secs] [Times: user=0.09 sys=0.00, real=0.08 secs] 
2017-11-10T19:34:07.554+0500: 291.013: [Full GC (Allocation Failure) 2017-11-10T19:34:07.554+0500: 291.013: [Tenured: 349567K->349567K(349568K), 0.0772596 secs] 506815K->506797K(506816K), [Metaspace: 12926K->12926K(1060864K)], 0.0773432 secs] [Times: user=0.08 sys=0.00, real=0.08 secs] 
2017-11-10T19:34:07.632+0500: 291.091: [Full GC (Allocation Failure) 2017-11-10T19:34:07.632+0500: 291.091: [Tenured: 349567K->349567K(349568K), 0.0764373 secs] 506815K->506796K(506816K), [Metaspace: 12926K->12926K(1060864K)], 0.0765253 secs] [Times: user=0.08 sys=0.00, real=0.08 secs] 
2017-11-10T19:34:07.710+0500: 291.169: [Full GC (Allocation Failure) 2017-11-10T19:34:07.710+0500: 291.169: [Tenured: 349567K->349566K(349568K), 0.0750244 secs] 506815K->506795K(506816K), [Metaspace: 12926K->12926K(1060864K)], 0.0751271 secs] [Times: user=0.08 sys=0.00, real=0.08 secs] 
2017-11-10T19:34:07.785+0500: 291.245: [Full GC (Allocation Failure) 2017-11-10T19:34:07.785+0500: 291.245: [Tenured: 349567K->349567K(349568K), 0.0754375 secs] 506815K->506796K(506816K), [Metaspace: 12926K->12926K(1060864K)], 0.0755509 secs] [Times: user=0.06 sys=0.00, real=0.08 secs] 
2017-11-10T19:34:07.862+0500: 291.321: [Full GC (Allocation Failure) 2017-11-10T19:34:07.862+0500: 291.321: [Tenured: 349567K->349567K(349568K), 0.0756487 secs] 506815K->506797K(506816K), [Metaspace: 12926K->12926K(1060864K)], 0.0757309 secs] [Times: user=0.06 sys=0.00, real=0.08 secs] 
2017-11-10T19:34:07.938+0500: 291.397: [Full GC (Allocation Failure) 2017-11-10T19:34:07.938+0500: 291.397: [Tenured: 349567K->349567K(349568K), 0.0818527 secs] 506815K->506796K(506816K), [Metaspace: 12926K->12926K(1060864K)], 0.0819358 secs] [Times: user=0.09 sys=0.00, real=0.08 secs] 
2017-11-10T19:34:08.021+0500: 291.480: [Full GC (Allocation Failure) 2017-11-10T19:34:08.021+0500: 291.480: [Tenured: 349567K->349566K(349568K), 0.0799715 secs] 506815K->506795K(506816K), [Metaspace: 12926K->12926K(1060864K)], 0.0800815 secs] [Times: user=0.08 sys=0.00, real=0.08 secs] 
2017-11-10T19:34:08.102+0500: 291.561: [Full GC (Allocation Failure) 2017-11-10T19:34:08.102+0500: 291.561: [Tenured: 349567K->349567K(349568K), 0.0788109 secs] 506815K->506796K(506816K), [Metaspace: 12926K->12926K(1060864K)], 0.0789135 secs] [Times: user=0.08 sys=0.00, real=0.08 secs] 
2017-11-10T19:34:08.181+0500: 291.640: [Full GC (Allocation Failure) 2017-11-10T19:34:08.181+0500: 291.640: [Tenured: 349567K->349567K(349568K), 0.0820874 secs] 506815K->506797K(506816K), [Metaspace: 12926K->12926K(1060864K)], 0.0821945 secs] [Times: user=0.08 sys=0.00, real=0.08 secs] 
2017-11-10T19:34:08.264+0500: 291.723: [Full GC (Allocation Failure) 2017-11-10T19:34:08.264+0500: 291.723: [Tenured: 349567K->349567K(349568K), 0.0818557 secs] 506815K->506796K(506816K), [Metaspace: 12926K->12926K(1060864K)], 0.0819461 secs] [Times: user=0.08 sys=0.02, real=0.08 secs] 
2017-11-10T19:34:08.347+0500: 291.806: [Full GC (Allocation Failure) 2017-11-10T19:34:08.347+0500: 291.806: [Tenured: 349567K->349566K(349568K), 0.0894109 secs] 506815K->506795K(506816K), [Metaspace: 12930K->12930K(1060864K)], 0.0895004 secs] [Times: user=0.08 sys=0.00, real=0.09 secs] 
2017-11-10T19:34:08.437+0500: 291.897: [Full GC (Allocation Failure) 2017-11-10T19:34:08.437+0500: 291.897: [Tenured: 349567K->349567K(349568K), 0.0866952 secs] 506815K->506796K(506816K), [Metaspace: 12930K->12930K(1060864K)], 0.0867934 secs] [Times: user=0.09 sys=0.00, real=0.09 secs] 
2017-11-10T19:34:08.525+0500: 291.984: [Full GC (Allocation Failure) 2017-11-10T19:34:08.525+0500: 291.984: [Tenured: 349567K->349567K(349568K), 0.0804540 secs] 506815K->506797K(506816K), [Metaspace: 12930K->12930K(1060864K)], 0.0805689 secs] [Times: user=0.08 sys=0.00, real=0.08 secs] 
2017-11-10T19:34:08.606+0500: 292.065: [Full GC (Allocation Failure) 2017-11-10T19:34:08.606+0500: 292.065: [Tenured: 349567K->349567K(349568K), 0.0800448 secs] 506815K->506796K(506816K), [Metaspace: 12930K->12930K(1060864K)], 0.0801260 secs] [Times: user=0.08 sys=0.00, real=0.08 secs] 
2017-11-10T19:34:08.687+0500: 292.146: [Full GC (Allocation Failure) 2017-11-10T19:34:08.687+0500: 292.146: [Tenured: 349567K->349566K(349568K), 0.0799832 secs] 506815K->506795K(506816K), [Metaspace: 12930K->12930K(1060864K)], 0.0800722 secs] [Times: user=0.08 sys=0.00, real=0.08 secs] 
2017-11-10T19:34:08.768+0500: 292.227: [Full GC (Allocation Failure) 2017-11-10T19:34:08.768+0500: 292.227: [Tenured: 349567K->349567K(349568K), 0.0810421 secs] 506815K->506796K(506816K), [Metaspace: 12930K->12930K(1060864K)], 0.0811189 secs] [Times: user=0.08 sys=0.00, real=0.08 secs] 
2017-11-10T19:34:08.849+0500: 292.309: [Full GC (Allocation Failure) 2017-11-10T19:34:08.850+0500: 292.309: [Tenured: 349567K->349567K(349568K), 0.0803733 secs] 506815K->506797K(506816K), [Metaspace: 12930K->12930K(1060864K)], 0.0804858 secs] [Times: user=0.08 sys=0.00, real=0.08 secs] 
2017-11-10T19:34:08.931+0500: 292.390: [Full GC (Allocation Failure) 2017-11-10T19:34:08.931+0500: 292.390: [Tenured: 349567K->349567K(349568K), 0.0829297 secs] 506815K->506796K(506816K), [Metaspace: 12930K->12930K(1060864K)], 0.0830153 secs] [Times: user=0.08 sys=0.00, real=0.08 secs] 
2017-11-10T19:34:09.014+0500: 292.474: [Full GC (Allocation Failure) 2017-11-10T19:34:09.014+0500: 292.474: [Tenured: 349567K->349566K(349568K), 0.0837325 secs] 506815K->506795K(506816K), [Metaspace: 12930K->12930K(1060864K)], 0.0838322 secs] [Times: user=0.09 sys=0.00, real=0.08 secs] 
2017-11-10T19:34:09.099+0500: 292.559: [Full GC (Allocation Failure) 2017-11-10T19:34:09.099+0500: 292.559: [Tenured: 349567K->349567K(349568K), 0.0826051 secs] 506815K->506796K(506816K), [Metaspace: 12930K->12930K(1060864K)], 0.0826946 secs] [Times: user=0.08 sys=0.00, real=0.08 secs] 
2017-11-10T19:34:09.183+0500: 292.642: [Full GC (Allocation Failure) 2017-11-10T19:34:09.183+0500: 292.642: [Tenured: 349567K->349567K(349568K), 0.0823558 secs] 506815K->506797K(506816K), [Metaspace: 12930K->12930K(1060864K)], 0.0824462 secs] [Times: user=0.08 sys=0.00, real=0.08 secs] 
2017-11-10T19:34:09.266+0500: 292.725: [Full GC (Allocation Failure) 2017-11-10T19:34:09.266+0500: 292.725: [Tenured: 349567K->349567K(349568K), 0.0819045 secs] 506815K->506796K(506816K), [Metaspace: 12930K->12930K(1060864K)], 0.0820238 secs] [Times: user=0.09 sys=0.00, real=0.08 secs] 
2017-11-10T19:34:09.349+0500: 292.808: [Full GC (Allocation Failure) 2017-11-10T19:34:09.349+0500: 292.808: [Tenured: 349567K->349566K(349568K), 0.0801641 secs] 506815K->506795K(506816K), [Metaspace: 12930K->12930K(1060864K)], 0.0802668 secs] [Times: user=0.08 sys=0.00, real=0.08 secs] 
2017-11-10T19:34:09.430+0500: 292.889: [Full GC (Allocation Failure) 2017-11-10T19:34:09.430+0500: 292.889: [Tenured: 349567K->349567K(349568K), 0.0804261 secs] 506815K->506796K(506816K), [Metaspace: 12930K->12930K(1060864K)], 0.0805352 secs] [Times: user=0.08 sys=0.00, real=0.08 secs] 
2017-11-10T19:34:09.512+0500: 292.971: [Full GC (Allocation Failure) 2017-11-10T19:34:09.512+0500: 292.971: [Tenured: 349567K->349567K(349568K), 0.0828237 secs] 506815K->506797K(506816K), [Metaspace: 12930K->12930K(1060864K)], 0.0829317 secs] [Times: user=0.08 sys=0.00, real=0.08 secs] 
2017-11-10T19:34:09.595+0500: 293.054: [Full GC (Allocation Failure) 2017-11-10T19:34:09.595+0500: 293.054: [Tenured: 349567K->349567K(349568K), 0.0819050 secs] 506815K->506796K(506816K), [Metaspace: 12930K->12930K(1060864K)], 0.0819877 secs] [Times: user=0.09 sys=0.00, real=0.08 secs] 
2017-11-10T19:34:09.678+0500: 293.137: [Full GC (Allocation Failure) 2017-11-10T19:34:09.678+0500: 293.137: [Tenured: 349567K->349566K(349568K), 0.0759484 secs] 506815K->506795K(506816K), [Metaspace: 12930K->12930K(1060864K)], 0.0760530 secs] [Times: user=0.08 sys=0.00, real=0.08 secs] 
2017-11-10T19:34:09.755+0500: 293.214: [Full GC (Allocation Failure) 2017-11-10T19:34:09.755+0500: 293.214: [Tenured: 349567K->349567K(349568K), 0.0761919 secs] 506815K->506796K(506816K), [Metaspace: 12930K->12930K(1060864K)], 0.0762633 secs] [Times: user=0.08 sys=0.00, real=0.08 secs] 
2017-11-10T19:34:09.832+0500: 293.291: [Full GC (Allocation Failure) 2017-11-10T19:34:09.832+0500: 293.291: [Tenured: 349567K->349567K(349568K), 0.0747096 secs] 506815K->506797K(506816K), [Metaspace: 12930K->12930K(1060864K)], 0.0747814 secs] [Times: user=0.06 sys=0.00, real=0.08 secs] 
2017-11-10T19:34:09.907+0500: 293.366: [Full GC (Allocation Failure) 2017-11-10T19:34:09.907+0500: 293.366: [Tenured: 349567K->349567K(349568K), 0.0774195 secs] 506815K->506796K(506816K), [Metaspace: 12930K->12930K(1060864K)], 0.0775446 secs] [Times: user=0.08 sys=0.00, real=0.08 secs] 
2017-11-10T19:34:09.985+0500: 293.444: [Full GC (Allocation Failure) 2017-11-10T19:34:09.985+0500: 293.444: [Tenured: 349567K->349566K(349568K), 0.0752273 secs] 506815K->506795K(506816K), [Metaspace: 12930K->12930K(1060864K)], 0.0753285 secs] [Times: user=0.08 sys=0.00, real=0.08 secs] 
2017-11-10T19:34:10.061+0500: 293.520: [Full GC (Allocation Failure) 2017-11-10T19:34:10.061+0500: 293.520: [Tenured: 349567K->349567K(349568K), 0.0750992 secs] 506815K->506796K(506816K), [Metaspace: 12930K->12930K(1060864K)], 0.0751716 secs] [Times: user=0.08 sys=0.00, real=0.08 secs] 
2017-11-10T19:34:10.137+0500: 293.596: [Full GC (Allocation Failure) 2017-11-10T19:34:10.137+0500: 293.596: [Tenured: 349567K->349567K(349568K), 0.0749481 secs] 506815K->506797K(506816K), [Metaspace: 12930K->12930K(1060864K)], 0.0750229 secs] [Times: user=0.08 sys=0.00, real=0.07 secs] 
2017-11-10T19:34:10.213+0500: 293.672: [Full GC (Allocation Failure) 2017-11-10T19:34:10.213+0500: 293.672: [Tenured: 349567K->349567K(349568K), 0.0758164 secs] 506815K->506796K(506816K), [Metaspace: 12930K->12930K(1060864K)], 0.0758937 secs] [Times: user=0.08 sys=0.00, real=0.08 secs] 
2017-11-10T19:34:10.289+0500: 293.748: [Full GC (Allocation Failure) 2017-11-10T19:34:10.289+0500: 293.748: [Tenured: 349567K->349566K(349568K), 0.0759611 secs] 506815K->506795K(506816K), [Metaspace: 12930K->12930K(1060864K)], 0.0760413 secs] [Times: user=0.08 sys=0.00, real=0.08 secs] 
2017-11-10T19:34:10.366+0500: 293.825: [Full GC (Allocation Failure) 2017-11-10T19:34:10.366+0500: 293.825: [Tenured: 349567K->349567K(349568K), 0.0747008 secs] 506815K->506796K(506816K), [Metaspace: 12930K->12930K(1060864K)], 0.0748029 secs] [Times: user=0.08 sys=0.00, real=0.08 secs] 
2017-11-10T19:34:10.442+0500: 293.901: [Full GC (Allocation Failure) 2017-11-10T19:34:10.442+0500: 293.901: [Tenured: 349567K->349567K(349568K), 0.0778409 secs] 506815K->506797K(506816K), [Metaspace: 12930K->12930K(1060864K)], 0.0779362 secs] [Times: user=0.08 sys=0.00, real=0.08 secs] 
2017-11-10T19:34:10.520+0500: 293.979: [Full GC (Allocation Failure) 2017-11-10T19:34:10.520+0500: 293.979: [Tenured: 349567K->349567K(349568K), 0.0752737 secs] 506815K->506796K(506816K), [Metaspace: 12930K->12930K(1060864K)], 0.0753441 secs] [Times: user=0.06 sys=0.00, real=0.08 secs] 
2017-11-10T19:34:10.596+0500: 294.055: [Full GC (Allocation Failure) 2017-11-10T19:34:10.596+0500: 294.055: [Tenured: 349567K->349566K(349568K), 0.0747790 secs] 506815K->506795K(506816K), [Metaspace: 12930K->12930K(1060864K)], 0.0748509 secs] [Times: user=0.06 sys=0.00, real=0.08 secs] 
2017-11-10T19:34:10.672+0500: 294.131: [Full GC (Allocation Failure) 2017-11-10T19:34:10.672+0500: 294.131: [Tenured: 349567K->349567K(349568K), 0.0805748 secs] 506815K->506796K(506816K), [Metaspace: 12930K->12930K(1060864K)], 0.0806452 secs] [Times: user=0.08 sys=0.00, real=0.08 secs] 
2017-11-10T19:34:10.753+0500: 294.212: [Full GC (Allocation Failure) 2017-11-10T19:34:10.753+0500: 294.212: [Tenured: 349567K->349567K(349568K), 0.0804286 secs] 506815K->506797K(506816K), [Metaspace: 12930K->12930K(1060864K)], 0.0805288 secs] [Times: user=0.08 sys=0.00, real=0.08 secs] 
2017-11-10T19:34:10.834+0500: 294.293: [Full GC (Allocation Failure) 2017-11-10T19:34:10.834+0500: 294.293: [Tenured: 349567K->349567K(349568K), 0.0784359 secs] 506815K->506796K(506816K), [Metaspace: 12931K->12931K(1060864K)], 0.0785439 secs] [Times: user=0.08 sys=0.00, real=0.08 secs] 
2017-11-10T19:34:10.914+0500: 294.373: [Full GC (Allocation Failure) 2017-11-10T19:34:10.914+0500: 294.373: [Tenured: 349567K->349566K(349568K), 0.0753070 secs] 506815K->506795K(506816K), [Metaspace: 12931K->12931K(1060864K)], 0.0754092 secs] [Times: user=0.08 sys=0.00, real=0.08 secs] 
2017-11-10T19:34:10.990+0500: 294.449: [Full GC (Allocation Failure) 2017-11-10T19:34:10.990+0500: 294.449: [Tenured: 349567K->349567K(349568K), 0.0748181 secs] 506815K->506796K(506816K), [Metaspace: 12931K->12931K(1060864K)], 0.0748949 secs] [Times: user=0.08 sys=0.00, real=0.08 secs] 
2017-11-10T19:34:11.065+0500: 294.524: [Full GC (Allocation Failure) 2017-11-10T19:34:11.065+0500: 294.524: [Tenured: 349567K->349567K(349568K), 0.0755153 secs] 506815K->506797K(506816K), [Metaspace: 12931K->12931K(1060864K)], 0.0755974 secs] [Times: user=0.06 sys=0.00, real=0.08 secs] 
2017-11-10T19:34:11.142+0500: 294.601: [Full GC (Allocation Failure) 2017-11-10T19:34:11.142+0500: 294.601: [Tenured: 349567K->349567K(349568K), 0.0749481 secs] 506815K->506796K(506816K), [Metaspace: 12931K->12931K(1060864K)], 0.0750474 secs] [Times: user=0.08 sys=0.00, real=0.08 secs] 
2017-11-10T19:34:11.217+0500: 294.676: [Full GC (Allocation Failure) 2017-11-10T19:34:11.217+0500: 294.677: [Tenured: 349567K->349566K(349568K), 0.0756174 secs] 506815K->506795K(506816K), [Metaspace: 12931K->12931K(1060864K)], 0.0757108 secs] [Times: user=0.08 sys=0.00, real=0.08 secs] 
2017-11-10T19:34:11.294+0500: 294.753: [Full GC (Allocation Failure) 2017-11-10T19:34:11.294+0500: 294.753: [Tenured: 349567K->349567K(349568K), 0.0808309 secs] 506815K->506796K(506816K), [Metaspace: 12931K->12931K(1060864K)], 0.0809507 secs] [Times: user=0.08 sys=0.00, real=0.08 secs] 
2017-11-10T19:34:11.376+0500: 294.835: [Full GC (Allocation Failure) 2017-11-10T19:34:11.376+0500: 294.835: [Tenured: 349567K->349567K(349568K), 0.0784941 secs] 506815K->506797K(506816K), [Metaspace: 12931K->12931K(1060864K)], 0.0785957 secs] [Times: user=0.08 sys=0.00, real=0.08 secs] 
2017-11-10T19:34:11.455+0500: 294.914: [Full GC (Allocation Failure) 2017-11-10T19:34:11.455+0500: 294.914: [Tenured: 349567K->349567K(349568K), 0.0785840 secs] 506815K->506796K(506816K), [Metaspace: 12931K->12931K(1060864K)], 0.0786701 secs] [Times: user=0.09 sys=0.00, real=0.08 secs] 
2017-11-10T19:34:11.534+0500: 294.993: [Full GC (Allocation Failure) 2017-11-10T19:34:11.534+0500: 294.993: [Tenured: 349567K->349566K(349568K), 0.0751378 secs] 506815K->506795K(506816K), [Metaspace: 12931K->12931K(1060864K)], 0.0752151 secs] [Times: user=0.06 sys=0.00, real=0.08 secs] 
2017-11-10T19:34:11.610+0500: 295.069: [Full GC (Allocation Failure) 2017-11-10T19:34:11.610+0500: 295.069: [Tenured: 349567K->349567K(349568K), 0.0755172 secs] 506815K->506796K(506816K), [Metaspace: 12931K->12931K(1060864K)], 0.0755959 secs] [Times: user=0.08 sys=0.00, real=0.08 secs] 
2017-11-10T19:34:11.686+0500: 295.145: [Full GC (Allocation Failure) 2017-11-10T19:34:11.686+0500: 295.145: [Tenured: 349567K->349567K(349568K), 0.0777221 secs] 506815K->506797K(506816K), [Metaspace: 12931K->12931K(1060864K)], 0.0778301 secs] [Times: user=0.08 sys=0.00, real=0.08 secs] 
2017-11-10T19:34:11.765+0500: 295.224: [Full GC (Allocation Failure) 2017-11-10T19:34:11.765+0500: 295.224: [Tenured: 349567K->349567K(349568K), 0.0747756 secs] 506815K->506796K(506816K), [Metaspace: 12931K->12931K(1060864K)], 0.0748499 secs] [Times: user=0.08 sys=0.00, real=0.07 secs] 
2017-11-10T19:34:11.840+0500: 295.300: [Full GC (Allocation Failure) 2017-11-10T19:34:11.840+0500: 295.300: [Tenured: 349567K->349566K(349568K), 0.0801441 secs] 506815K->506795K(506816K), [Metaspace: 12931K->12931K(1060864K)], 0.0802668 secs] [Times: user=0.08 sys=0.00, real=0.08 secs] 
2017-11-10T19:34:11.921+0500: 295.381: [Full GC (Allocation Failure) 2017-11-10T19:34:11.921+0500: 295.381: [Tenured: 349567K->349567K(349568K), 0.0762149 secs] 506815K->506796K(506816K), [Metaspace: 12931K->12931K(1060864K)], 0.0763131 secs] [Times: user=0.08 sys=0.00, real=0.08 secs] 
2017-11-10T19:34:11.998+0500: 295.457: [Full GC (Allocation Failure) 2017-11-10T19:34:11.998+0500: 295.458: [Tenured: 349567K->349567K(349568K), 0.0742749 secs] 506815K->506797K(506816K), [Metaspace: 12931K->12931K(1060864K)], 0.0743546 secs] [Times: user=0.08 sys=0.00, real=0.08 secs] 
2017-11-10T19:34:12.073+0500: 295.533: [Full GC (Allocation Failure) 2017-11-10T19:34:12.073+0500: 295.533: [Tenured: 349567K->349567K(349568K), 0.0768607 secs] 506815K->506796K(506816K), [Metaspace: 12931K->12931K(1060864K)], 0.0769633 secs] [Times: user=0.08 sys=0.00, real=0.08 secs] 
2017-11-10T19:34:12.151+0500: 295.610: [Full GC (Allocation Failure) 2017-11-10T19:34:12.151+0500: 295.610: [Tenured: 349567K->349566K(349568K), 0.0764246 secs] 506815K->506795K(506816K), [Metaspace: 12931K->12931K(1060864K)], 0.0765013 secs] [Times: user=0.08 sys=0.00, real=0.08 secs] 
2017-11-10T19:34:12.228+0500: 295.687: [Full GC (Allocation Failure) 2017-11-10T19:34:12.228+0500: 295.687: [Tenured: 349567K->349567K(349568K), 0.0750122 secs] 506815K->506796K(506816K), [Metaspace: 12931K->12931K(1060864K)], 0.0750973 secs] [Times: user=0.08 sys=0.00, real=0.08 secs] 
2017-11-10T19:34:12.304+0500: 295.763: [Full GC (Allocation Failure) 2017-11-10T19:34:12.304+0500: 295.763: [Tenured: 349567K->349567K(349568K), 0.0757455 secs] 506815K->506797K(506816K), [Metaspace: 12931K->12931K(1060864K)], 0.0758179 secs] [Times: user=0.08 sys=0.00, real=0.08 secs] 
2017-11-10T19:34:12.380+0500: 295.839: [Full GC (Allocation Failure) 2017-11-10T19:34:12.380+0500: 295.839: [Tenured: 349567K->349567K(349568K), 0.0759034 secs] 506815K->506796K(506816K), [Metaspace: 12931K->12931K(1060864K)], 0.0760252 secs] [Times: user=0.08 sys=0.00, real=0.08 secs] 
2017-11-10T19:34:12.458+0500: 295.917: [Full GC (Allocation Failure) 2017-11-10T19:34:12.458+0500: 295.917: [Tenured: 349567K->349566K(349568K), 0.0756619 secs] 506815K->506795K(506816K), [Metaspace: 12931K->12931K(1060864K)], 0.0757670 secs] [Times: user=0.06 sys=0.00, real=0.08 secs] 
2017-11-10T19:34:12.534+0500: 295.994: [Full GC (Allocation Failure) 2017-11-10T19:34:12.534+0500: 295.994: [Tenured: 349567K->349567K(349568K), 0.0757172 secs] 506815K->506796K(506816K), [Metaspace: 12931K->12931K(1060864K)], 0.0758311 secs] [Times: user=0.06 sys=0.00, real=0.08 secs] 
2017-11-10T19:34:12.611+0500: 296.070: [Full GC (Allocation Failure) 2017-11-10T19:34:12.611+0500: 296.070: [Tenured: 349567K->349567K(349568K), 0.0751300 secs] 506815K->506797K(506816K), [Metaspace: 12931K->12931K(1060864K)], 0.0752048 secs] [Times: user=0.08 sys=0.00, real=0.08 secs] 
2017-11-10T19:34:12.686+0500: 296.146: [Full GC (Allocation Failure) 2017-11-10T19:34:12.686+0500: 296.146: [Tenured: 349567K->349567K(349568K), 0.0769839 secs] 506815K->506796K(506816K), [Metaspace: 12931K->12931K(1060864K)], 0.0770675 secs] [Times: user=0.08 sys=0.00, real=0.08 secs] 
2017-11-10T19:34:12.764+0500: 296.224: [Full GC (Allocation Failure) 2017-11-10T19:34:12.764+0500: 296.224: [Tenured: 349567K->349566K(349568K), 0.0758819 secs] 506815K->506795K(506816K), [Metaspace: 12931K->12931K(1060864K)], 0.0760095 secs] [Times: user=0.08 sys=0.00, real=0.08 secs] 
2017-11-10T19:34:12.841+0500: 296.300: [Full GC (Allocation Failure) 2017-11-10T19:34:12.841+0500: 296.300: [Tenured: 349567K->349567K(349568K), 0.0790221 secs] 506815K->506796K(506816K), [Metaspace: 12931K->12931K(1060864K)], 0.0791164 secs] [Times: user=0.08 sys=0.00, real=0.08 secs] 
2017-11-10T19:34:12.921+0500: 296.380: [Full GC (Allocation Failure) 2017-11-10T19:34:12.921+0500: 296.380: [Tenured: 349567K->349567K(349568K), 0.0801304 secs] 506815K->506797K(506816K), [Metaspace: 12931K->12931K(1060864K)], 0.0802365 secs] [Times: user=0.06 sys=0.00, real=0.08 secs] 
2017-11-10T19:34:13.002+0500: 296.461: [Full GC (Allocation Failure) 2017-11-10T19:34:13.002+0500: 296.461: [Tenured: 349567K->349567K(349568K), 0.0772870 secs] 506815K->506796K(506816K), [Metaspace: 12931K->12931K(1060864K)], 0.0773637 secs] [Times: user=0.08 sys=0.00, real=0.08 secs] 
2017-11-10T19:34:13.080+0500: 296.539: [Full GC (Allocation Failure) 2017-11-10T19:34:13.080+0500: 296.539: [Tenured: 349567K->349566K(349568K), 0.0766544 secs] 506815K->506795K(506816K), [Metaspace: 12931K->12931K(1060864K)], 0.0767448 secs] [Times: user=0.09 sys=0.00, real=0.08 secs] 
2017-11-10T19:34:13.159+0500: 296.618: [Full GC (Allocation Failure) 2017-11-10T19:34:13.159+0500: 296.618: [Tenured: 349567K->349567K(349568K), 0.0789125 secs] 506815K->506796K(506816K), [Metaspace: 12931K->12931K(1060864K)], 0.0790152 secs] [Times: user=0.06 sys=0.00, real=0.08 secs] 
2017-11-10T19:34:13.239+0500: 296.697: [Full GC (Allocation Failure) 2017-11-10T19:34:13.239+0500: 296.697: [Tenured: 349567K->349567K(349568K), 0.0803513 secs] 506815K->506797K(506816K), [Metaspace: 12931K->12931K(1060864K)], 0.0804481 secs] [Times: user=0.08 sys=0.00, real=0.08 secs] 
2017-11-10T19:34:13.320+0500: 296.779: [Full GC (Allocation Failure) 2017-11-10T19:34:13.320+0500: 296.779: [Tenured: 349567K->349567K(349568K), 0.0774962 secs] 506815K->506796K(506816K), [Metaspace: 12931K->12931K(1060864K)], 0.0775710 secs] [Times: user=0.08 sys=0.00, real=0.08 secs] 
2017-11-10T19:34:13.398+0500: 296.857: [Full GC (Allocation Failure) 2017-11-10T19:34:13.398+0500: 296.857: [Tenured: 349567K->349566K(349568K), 0.0761640 secs] 506815K->506795K(506816K), [Metaspace: 12931K->12931K(1060864K)], 0.0762471 secs] [Times: user=0.08 sys=0.00, real=0.08 secs] 
2017-11-10T19:34:13.475+0500: 296.934: [Full GC (Allocation Failure) 2017-11-10T19:34:13.475+0500: 296.934: [Tenured: 349567K->349567K(349568K), 0.0774693 secs] 506815K->506796K(506816K), [Metaspace: 12931K->12931K(1060864K)], 0.0775666 secs] [Times: user=0.08 sys=0.00, real=0.08 secs] 
2017-11-10T19:34:13.553+0500: 297.012: [Full GC (Allocation Failure) 2017-11-10T19:34:13.553+0500: 297.012: [Tenured: 349567K->349567K(349568K), 0.0761748 secs] 506815K->506797K(506816K), [Metaspace: 12931K->12931K(1060864K)], 0.0762862 secs] [Times: user=0.08 sys=0.00, real=0.08 secs] 
2017-11-10T19:34:13.630+0500: 297.089: [Full GC (Allocation Failure) 2017-11-10T19:34:13.630+0500: 297.089: [Tenured: 349567K->349567K(349568K), 0.0777451 secs] 506815K->506796K(506816K), [Metaspace: 12931K->12931K(1060864K)], 0.0778477 secs] [Times: user=0.08 sys=0.00, real=0.08 secs] 
2017-11-10T19:34:13.709+0500: 297.168: [Full GC (Allocation Failure) 2017-11-10T19:34:13.709+0500: 297.168: [Tenured: 349567K->349566K(349568K), 0.0769140 secs] 506815K->506795K(506816K), [Metaspace: 12931K->12931K(1060864K)], 0.0770025 secs] [Times: user=0.08 sys=0.00, real=0.08 secs] 
2017-11-10T19:34:13.786+0500: 297.245: [Full GC (Allocation Failure) 2017-11-10T19:34:13.786+0500: 297.245: [Tenured: 349567K->349567K(349568K), 0.0753921 secs] 506815K->506796K(506816K), [Metaspace: 12931K->12931K(1060864K)], 0.0754664 secs] [Times: user=0.08 sys=0.00, real=0.08 secs] 
2017-11-10T19:34:13.862+0500: 297.321: [Full GC (Allocation Failure) 2017-11-10T19:34:13.862+0500: 297.321: [Tenured: 349567K->349567K(349568K), 0.0779098 secs] 506815K->506797K(506816K), [Metaspace: 12931K->12931K(1060864K)], 0.0779920 secs] [Times: user=0.08 sys=0.00, real=0.08 secs] 
2017-11-10T19:34:13.942+0500: 297.401: [Full GC (Allocation Failure) 2017-11-10T19:34:13.942+0500: 297.401: [Tenured: 349567K->349567K(349568K), 0.0791242 secs] 506815K->506796K(506816K), [Metaspace: 12931K->12931K(1060864K)], 0.0792279 secs] [Times: user=0.08 sys=0.00, real=0.08 secs] 
2017-11-10T19:34:14.022+0500: 297.481: [Full GC (Allocation Failure) 2017-11-10T19:34:14.022+0500: 297.481: [Tenured: 349567K->349566K(349568K), 0.0790128 secs] 506815K->506795K(506816K), [Metaspace: 12931K->12931K(1060864K)], 0.0790890 secs] [Times: user=0.08 sys=0.00, real=0.08 secs] 
2017-11-10T19:34:14.102+0500: 297.561: [Full GC (Allocation Failure) 2017-11-10T19:34:14.102+0500: 297.561: [Tenured: 349567K->349567K(349568K), 0.0774273 secs] 506815K->506796K(506816K), [Metaspace: 12932K->12932K(1060864K)], 0.0775089 secs] [Times: user=0.08 sys=0.00, real=0.08 secs] 
2017-11-10T19:34:14.180+0500: 297.639: [Full GC (Allocation Failure) 2017-11-10T19:34:14.180+0500: 297.639: [Tenured: 349567K->349567K(349568K), 0.0784393 secs] 506815K->506797K(506816K), [Metaspace: 12936K->12936K(1060864K)], 0.0785371 secs] [Times: user=0.08 sys=0.00, real=0.08 secs] 
2017-11-10T19:34:14.261+0500: 297.720: [Full GC (Allocation Failure) 2017-11-10T19:34:14.261+0500: 297.720: [Tenured: 349567K->349567K(349568K), 0.0803108 secs] 506815K->506796K(506816K), [Metaspace: 12936K->12936K(1060864K)], 0.0804222 secs] [Times: user=0.08 sys=0.00, real=0.08 secs] 
2017-11-10T19:34:14.343+0500: 297.802: [Full GC (Allocation Failure) 2017-11-10T19:34:14.343+0500: 297.802: [Tenured: 349567K->349566K(349568K), 0.0779646 secs] 506815K->506795K(506816K), [Metaspace: 12936K->12936K(1060864K)], 0.0780467 secs] [Times: user=0.08 sys=0.00, real=0.08 secs] 
2017-11-10T19:34:14.421+0500: 297.880: [Full GC (Allocation Failure) 2017-11-10T19:34:14.421+0500: 297.880: [Tenured: 349567K->349567K(349568K), 0.0775549 secs] 506815K->506796K(506816K), [Metaspace: 12936K->12936K(1060864K)], 0.0776312 secs] [Times: user=0.08 sys=0.00, real=0.08 secs] 
2017-11-10T19:34:14.499+0500: 297.959: [Full GC (Allocation Failure) 2017-11-10T19:34:14.500+0500: 297.959: [Tenured: 349567K->349567K(349568K), 0.0799651 secs] 506815K->506797K(506816K), [Metaspace: 12936K->12936K(1060864K)], 0.0800722 secs] [Times: user=0.08 sys=0.00, real=0.08 secs] 
2017-11-10T19:34:14.580+0500: 298.039: [Full GC (Allocation Failure) 2017-11-10T19:34:14.580+0500: 298.039: [Tenured: 349567K->349567K(349568K), 0.0777475 secs] 506815K->506796K(506816K), [Metaspace: 12936K->12936K(1060864K)], 0.0778375 secs] [Times: user=0.08 sys=0.00, real=0.08 secs] 
2017-11-10T19:34:14.659+0500: 298.118: [Full GC (Allocation Failure) 2017-11-10T19:34:14.659+0500: 298.118: [Tenured: 349567K->349566K(349568K), 0.0884209 secs] 506815K->506795K(506816K), [Metaspace: 12936K->12936K(1060864K)], 0.0884962 secs] [Times: user=0.08 sys=0.00, real=0.09 secs] 
2017-11-10T19:34:14.748+0500: 298.207: [Full GC (Allocation Failure) 2017-11-10T19:34:14.748+0500: 298.207: [Tenured: 349567K->349567K(349568K), 0.0796874 secs] 506815K->506796K(506816K), [Metaspace: 12936K->12936K(1060864K)], 0.0797671 secs] [Times: user=0.08 sys=0.00, real=0.08 secs] 
2017-11-10T19:34:14.828+0500: 298.287: [Full GC (Allocation Failure) 2017-11-10T19:34:14.828+0500: 298.287: [Tenured: 349567K->349567K(349568K), 0.0755803 secs] 506815K->506797K(506816K), [Metaspace: 12936K->12936K(1060864K)], 0.0756546 secs] [Times: user=0.08 sys=0.00, real=0.08 secs] 
2017-11-10T19:34:14.904+0500: 298.363: [Full GC (Allocation Failure) 2017-11-10T19:34:14.904+0500: 298.363: [Tenured: 349567K->349567K(349568K), 0.0763224 secs] 506815K->506796K(506816K), [Metaspace: 12936K->12936K(1060864K)], 0.0763923 secs] [Times: user=0.08 sys=0.00, real=0.08 secs] 
2017-11-10T19:34:14.981+0500: 298.441: [Full GC (Allocation Failure) 2017-11-10T19:34:14.981+0500: 298.441: [Tenured: 349567K->349566K(349568K), 0.0776659 secs] 506815K->506795K(506816K), [Metaspace: 12936K->12936K(1060864K)], 0.0778028 secs] [Times: user=0.08 sys=0.00, real=0.08 secs] 
2017-11-10T19:34:15.060+0500: 298.519: [Full GC (Allocation Failure) 2017-11-10T19:34:15.060+0500: 298.519: [Tenured: 349567K->349567K(349568K), 0.0775036 secs] 506815K->506796K(506816K), [Metaspace: 12936K->12936K(1060864K)], 0.0776145 secs] [Times: user=0.08 sys=0.00, real=0.08 secs] 
2017-11-10T19:34:15.138+0500: 298.597: [Full GC (Allocation Failure) 2017-11-10T19:34:15.138+0500: 298.597: [Tenured: 349567K->349567K(349568K), 0.0775441 secs] 506815K->506797K(506816K), [Metaspace: 12936K->12936K(1060864K)], 0.0776214 secs] [Times: user=0.08 sys=0.00, real=0.08 secs] 
2017-11-10T19:34:15.216+0500: 298.676: [Full GC (Allocation Failure) 2017-11-10T19:34:15.217+0500: 298.676: [Tenured: 349567K->349567K(349568K), 0.0756013 secs] 506815K->506796K(506816K), [Metaspace: 12936K->12936K(1060864K)], 0.0756859 secs] [Times: user=0.08 sys=0.00, real=0.08 secs] 
2017-11-10T19:34:15.293+0500: 298.752: [Full GC (Allocation Failure) 2017-11-10T19:34:15.293+0500: 298.752: [Tenured: 349567K->349566K(349568K), 0.0770817 secs] 506815K->506795K(506816K), [Metaspace: 12936K->12936K(1060864K)], 0.0771633 secs] [Times: user=0.08 sys=0.00, real=0.08 secs] 
2017-11-10T19:34:15.371+0500: 298.830: [Full GC (Allocation Failure) 2017-11-10T19:34:15.371+0500: 298.830: [Tenured: 349567K->349567K(349568K), 0.0781293 secs] 506815K->506796K(506816K), [Metaspace: 12936K->12936K(1060864K)], 0.0782041 secs] [Times: user=0.08 sys=0.00, real=0.08 secs] 
2017-11-10T19:34:15.449+0500: 298.909: [Full GC (Allocation Failure) 2017-11-10T19:34:15.449+0500: 298.909: [Tenured: 349567K->349567K(349568K), 0.0765136 secs] 506815K->506797K(506816K), [Metaspace: 12936K->12936K(1060864K)], 0.0765918 secs] [Times: user=0.08 sys=0.00, real=0.08 secs] 
2017-11-10T19:34:15.527+0500: 298.986: [Full GC (Allocation Failure) 2017-11-10T19:34:15.527+0500: 298.986: [Tenured: 349567K->349567K(349568K), 0.0775085 secs] 506815K->506796K(506816K), [Metaspace: 12936K->12936K(1060864K)], 0.0776131 secs] [Times: user=0.08 sys=0.00, real=0.08 secs] 
2017-11-10T19:34:15.605+0500: 299.064: [Full GC (Allocation Failure) 2017-11-10T19:34:15.605+0500: 299.064: [Tenured: 349567K->349566K(349568K), 0.0774278 secs] 506815K->506795K(506816K), [Metaspace: 12936K->12936K(1060864K)], 0.0774982 secs] [Times: user=0.08 sys=0.00, real=0.08 secs] 
2017-11-10T19:34:15.683+0500: 299.142: [Full GC (Allocation Failure) 2017-11-10T19:34:15.683+0500: 299.142: [Tenured: 349567K->349567K(349568K), 0.0779367 secs] 506815K->506796K(506816K), [Metaspace: 12936K->12936K(1060864K)], 0.0780277 secs] [Times: user=0.08 sys=0.00, real=0.08 secs] 
2017-11-10T19:34:15.762+0500: 299.221: [Full GC (Allocation Failure) 2017-11-10T19:34:15.762+0500: 299.221: [Tenured: 349567K->349567K(349568K), 0.0751989 secs] 506815K->506797K(506816K), [Metaspace: 12936K->12936K(1060864K)], 0.0752723 secs] [Times: user=0.08 sys=0.00, real=0.07 secs] 
2017-11-10T19:34:15.838+0500: 299.297: [Full GC (Allocation Failure) 2017-11-10T19:34:15.838+0500: 299.297: [Tenured: 349567K->349567K(349568K), 0.0778873 secs] 506815K->506796K(506816K), [Metaspace: 12936K->12936K(1060864K)], 0.0779802 secs] [Times: user=0.08 sys=0.00, real=0.08 secs] 
2017-11-10T19:34:15.916+0500: 299.375: [Full GC (Allocation Failure) 2017-11-10T19:34:15.916+0500: 299.375: [Tenured: 349567K->349566K(349568K), 0.0769663 secs] 506815K->506795K(506816K), [Metaspace: 12936K->12936K(1060864K)], 0.0770787 secs] [Times: user=0.08 sys=0.00, real=0.08 secs] 
2017-11-10T19:34:15.994+0500: 299.453: [Full GC (Allocation Failure) 2017-11-10T19:34:15.994+0500: 299.453: [Tenured: 349567K->349567K(349568K), 0.0771530 secs] 506815K->506796K(506816K), [Metaspace: 12936K->12936K(1060864K)], 0.0772376 secs] [Times: user=0.08 sys=0.00, real=0.08 secs] 
2017-11-10T19:34:16.072+0500: 299.531: [Full GC (Allocation Failure) 2017-11-10T19:34:16.072+0500: 299.531: [Tenured: 349567K->349567K(349568K), 0.0794885 secs] 506815K->506797K(506816K), [Metaspace: 12936K->12936K(1060864K)], 0.0795701 secs] [Times: user=0.08 sys=0.00, real=0.08 secs] 
2017-11-10T19:34:16.152+0500: 299.611: [Full GC (Allocation Failure) 2017-11-10T19:34:16.152+0500: 299.611: [Tenured: 349567K->349567K(349568K), 0.0806305 secs] 506815K->506796K(506816K), [Metaspace: 12936K->12936K(1060864K)], 0.0807288 secs] [Times: user=0.08 sys=0.00, real=0.08 secs] 
2017-11-10T19:34:16.233+0500: 299.693: [Full GC (Allocation Failure) 2017-11-10T19:34:16.233+0500: 299.693: [Tenured: 349567K->349566K(349568K), 0.0828911 secs] 506815K->506795K(506816K), [Metaspace: 12936K->12936K(1060864K)], 0.0829674 secs] [Times: user=0.09 sys=0.00, real=0.08 secs] 
2017-11-10T19:34:16.317+0500: 299.776: [Full GC (Allocation Failure) 2017-11-10T19:34:16.317+0500: 299.776: [Tenured: 349567K->349567K(349568K), 0.0784843 secs] 506815K->506796K(506816K), [Metaspace: 12936K->12936K(1060864K)], 0.0785635 secs] [Times: user=0.08 sys=0.00, real=0.08 secs] 
2017-11-10T19:34:16.396+0500: 299.856: [Full GC (Allocation Failure) 2017-11-10T19:34:16.396+0500: 299.856: [Tenured: 349567K->349567K(349568K), 0.0747702 secs] 506815K->506797K(506816K), [Metaspace: 12936K->12936K(1060864K)], 0.0748587 secs] [Times: user=0.06 sys=0.01, real=0.08 secs] 
2017-11-10T19:34:16.472+0500: 299.931: [Full GC (Allocation Failure) 2017-11-10T19:34:16.472+0500: 299.931: [Tenured: 349567K->349567K(349568K), 0.0777622 secs] 506815K->506796K(506816K), [Metaspace: 12936K->12936K(1060864K)], 0.0778477 secs] [Times: user=0.08 sys=0.00, real=0.08 secs] 
2017-11-10T19:34:16.550+0500: 300.009: [Full GC (Allocation Failure) 2017-11-10T19:34:16.550+0500: 300.009: [Tenured: 349567K->349566K(349568K), 0.0774576 secs] 506815K->506795K(506816K), [Metaspace: 12936K->12936K(1060864K)], 0.0775300 secs] [Times: user=0.08 sys=0.00, real=0.08 secs] 
2017-11-10T19:34:16.628+0500: 300.088: [Full GC (Allocation Failure) 2017-11-10T19:34:16.628+0500: 300.088: [Tenured: 349567K->349567K(349568K), 0.0780643 secs] 506815K->506796K(506816K), [Metaspace: 12936K->12936K(1060864K)], 0.0782144 secs] [Times: user=0.08 sys=0.00, real=0.08 secs] 
2017-11-10T19:34:16.708+0500: 300.167: [Full GC (Allocation Failure) 2017-11-10T19:34:16.708+0500: 300.167: [Tenured: 349567K->349567K(349568K), 0.0787419 secs] 506815K->506797K(506816K), [Metaspace: 12936K->12936K(1060864K)], 0.0788480 secs] [Times: user=0.08 sys=0.00, real=0.08 secs] 
2017-11-10T19:34:16.787+0500: 300.246: [Full GC (Allocation Failure) 2017-11-10T19:34:16.787+0500: 300.246: [Tenured: 349567K->349567K(349568K), 0.0766573 secs] 506815K->506796K(506816K), [Metaspace: 12936K->12936K(1060864K)], 0.0767355 secs] [Times: user=0.08 sys=0.00, real=0.08 secs] 
2017-11-10T19:34:16.864+0500: 300.324: [Full GC (Allocation Failure) 2017-11-10T19:34:16.864+0500: 300.324: [Tenured: 349567K->349566K(349568K), 0.0749393 secs] 506815K->506795K(506816K), [Metaspace: 12936K->12936K(1060864K)], 0.0750166 secs] [Times: user=0.06 sys=0.00, real=0.07 secs] 
2017-11-10T19:34:16.941+0500: 300.400: [Full GC (Allocation Failure) 2017-11-10T19:34:16.941+0500: 300.400: [Tenured: 349567K->349567K(349568K), 0.0763420 secs] 506815K->506796K(506816K), [Metaspace: 12936K->12936K(1060864K)], 0.0764363 secs] [Times: user=0.06 sys=0.00, real=0.08 secs] 
2017-11-10T19:34:17.018+0500: 300.477: [Full GC (Allocation Failure) 2017-11-10T19:34:17.018+0500: 300.477: [Tenured: 349567K->349567K(349568K), 0.0780702 secs] 506815K->506797K(506816K), [Metaspace: 12936K->12936K(1060864K)], 0.0781489 secs] [Times: user=0.08 sys=0.00, real=0.08 secs] 
2017-11-10T19:34:17.097+0500: 300.556: [Full GC (Allocation Failure) 2017-11-10T19:34:17.097+0500: 300.556: [Tenured: 349567K->349567K(349568K), 0.0743835 secs] 506815K->506796K(506816K), [Metaspace: 12936K->12936K(1060864K)], 0.0744666 secs] [Times: user=0.06 sys=0.00, real=0.08 secs] 
2017-11-10T19:34:17.172+0500: 300.631: [Full GC (Allocation Failure) 2017-11-10T19:34:17.172+0500: 300.631: [Tenured: 349567K->349566K(349568K), 0.0770435 secs] 506815K->506795K(506816K), [Metaspace: 12936K->12936K(1060864K)], 0.0771144 secs] [Times: user=0.08 sys=0.00, real=0.08 secs] 
2017-11-10T19:34:17.250+0500: 300.709: [Full GC (Allocation Failure) 2017-11-10T19:34:17.250+0500: 300.709: [Tenured: 349567K->349567K(349568K), 0.0774513 secs] 506815K->506796K(506816K), [Metaspace: 12936K->12936K(1060864K)], 0.0775217 secs] [Times: user=0.08 sys=0.00, real=0.08 secs] 
2017-11-10T19:34:17.328+0500: 300.787: [Full GC (Allocation Failure) 2017-11-10T19:34:17.328+0500: 300.787: [Tenured: 349567K->349567K(349568K), 0.0781103 secs] 506815K->506797K(506816K), [Metaspace: 12936K->12936K(1060864K)], 0.0781885 secs] [Times: user=0.08 sys=0.00, real=0.08 secs] 
2017-11-10T19:34:17.407+0500: 300.866: [Full GC (Allocation Failure) 2017-11-10T19:34:17.407+0500: 300.866: [Tenured: 349567K->349567K(349568K), 0.0757397 secs] 506815K->506796K(506816K), [Metaspace: 12936K->12936K(1060864K)], 0.0758550 secs] [Times: user=0.08 sys=0.00, real=0.08 secs] 
2017-11-10T19:34:17.483+0500: 300.942: [Full GC (Allocation Failure) 2017-11-10T19:34:17.483+0500: 300.942: [Tenured: 349567K->349566K(349568K), 0.0749682 secs] 506815K->506795K(506816K), [Metaspace: 12936K->12936K(1060864K)], 0.0750537 secs] [Times: user=0.08 sys=0.00, real=0.08 secs] 
2017-11-10T19:34:17.559+0500: 301.018: [Full GC (Allocation Failure) 2017-11-10T19:34:17.559+0500: 301.018: [Tenured: 349567K->349567K(349568K), 0.0749648 secs] 506815K->506796K(506816K), [Metaspace: 12936K->12936K(1060864K)], 0.0750518 secs] [Times: user=0.08 sys=0.00, real=0.08 secs] 
2017-11-10T19:34:17.635+0500: 301.094: [Full GC (Allocation Failure) 2017-11-10T19:34:17.635+0500: 301.094: [Tenured: 349567K->349567K(349568K), 0.0774581 secs] 506815K->506796K(506816K), [Metaspace: 12936K->12936K(1060864K)], 0.0775749 secs] [Times: user=0.08 sys=0.00, real=0.08 secs] 
2017-11-10T19:34:17.713+0500: 301.172: [Full GC (Allocation Failure) 2017-11-10T19:34:17.713+0500: 301.172: [Tenured: 349567K->349567K(349568K), 0.0747545 secs] 506815K->506810K(506816K), [Metaspace: 12936K->12936K(1060864K)], 0.0748308 secs] [Times: user=0.08 sys=0.00, real=0.08 secs] 
2017-11-10T19:34:17.788+0500: 301.247: [Full GC (Allocation Failure) 2017-11-10T19:34:17.788+0500: 301.247: [Tenured: 349567K->349567K(349568K), 0.2276067 secs] 506815K->506808K(506816K), [Metaspace: 12936K->12936K(1060864K)], 0.2276878 secs] [Times: user=0.22 sys=0.00, real=0.23 secs] 
2017-11-10T19:34:18.017+0500: 301.476: [Full GC (Allocation Failure) 2017-11-10T19:34:18.017+0500: 301.476: [Tenured: 349567K->349567K(349568K), 0.0775500 secs] 506815K->506800K(506816K), [Metaspace: 12936K->12936K(1060864K)], 0.0776405 secs] [Times: user=0.08 sys=0.00, real=0.08 secs] 
2017-11-10T19:34:18.097+0500: 301.556: [Full GC (Allocation Failure) 2017-11-10T19:34:18.097+0500: 301.556: [Tenured: 349567K->349567K(349568K), 0.0872789 secs] 506815K->506799K(506816K), [Metaspace: 12936K->12936K(1060864K)], 0.0873781 secs] [Times: user=0.08 sys=0.00, real=0.09 secs] 
2017-11-10T19:34:18.185+0500: 301.644: [Full GC (Allocation Failure) 2017-11-10T19:34:18.185+0500: 301.644: [Tenured: 349567K->349567K(349568K), 0.0793692 secs] 506815K->506807K(506816K), [Metaspace: 12936K->12936K(1060864K)], 0.0794933 secs] [Times: user=0.08 sys=0.00, real=0.08 secs] 
2017-11-10T19:34:18.265+0500: 301.724: [Full GC (Allocation Failure) 2017-11-10T19:34:18.265+0500: 301.724: [Tenured: 349567K->349567K(349568K), 0.0794034 secs] 506815K->506800K(506816K), [Metaspace: 12936K->12936K(1060864K)], 0.0795197 secs] [Times: user=0.08 sys=0.00, real=0.08 secs] 
2017-11-10T19:34:18.346+0500: 301.805: [Full GC (Allocation Failure) 2017-11-10T19:34:18.346+0500: 301.805: [Tenured: 349568K->349568K(349568K), 0.0801015 secs] 506815K->506798K(506816K), [Metaspace: 12936K->12936K(1060864K)], 0.0801983 secs] [Times: user=0.08 sys=0.00, real=0.08 secs] 
2017-11-10T19:34:18.427+0500: 301.886: [Full GC (Allocation Failure) 2017-11-10T19:34:18.427+0500: 301.886: [Tenured: 349568K->349568K(349568K), 0.0796825 secs] 506815K->506808K(506816K), [Metaspace: 12936K->12936K(1060864K)], 0.0797691 secs] [Times: user=0.08 sys=0.00, real=0.08 secs] 
2017-11-10T19:34:18.508+0500: 301.967: [Full GC (Allocation Failure) 2017-11-10T19:34:18.508+0500: 301.967: [Tenured: 349568K->349568K(349568K), 0.0879125 secs] 506815K->506802K(506816K), [Metaspace: 12936K->12936K(1060864K)], 0.0880308 secs] [Times: user=0.08 sys=0.00, real=0.09 secs] 
2017-11-10T19:34:18.596+0500: 302.055: [Full GC (Allocation Failure) 2017-11-10T19:34:18.596+0500: 302.055: [Tenured: 349568K->349567K(349568K), 0.0890110 secs] 506815K->506798K(506816K), [Metaspace: 12936K->12936K(1060864K)], 0.0891132 secs] [Times: user=0.08 sys=0.00, real=0.09 secs] 
2017-11-10T19:34:18.686+0500: 302.145: [Full GC (Allocation Failure) 2017-11-10T19:34:18.686+0500: 302.145: [Tenured: 349567K->349567K(349568K), 0.0907133 secs] 506815K->506808K(506816K), [Metaspace: 12936K->12936K(1060864K)], 0.0908263 secs] [Times: user=0.09 sys=0.00, real=0.09 secs] 
2017-11-10T19:34:18.777+0500: 302.237: [Full GC (Allocation Failure) 2017-11-10T19:34:18.777+0500: 302.237: [Tenured: 349567K->349567K(349568K), 0.0866037 secs] 506815K->506802K(506816K), [Metaspace: 12936K->12936K(1060864K)], 0.0866893 secs] [Times: user=0.09 sys=0.00, real=0.09 secs] 
2017-11-10T19:34:18.866+0500: 302.325: [Full GC (Allocation Failure) 2017-11-10T19:34:18.866+0500: 302.325: [Tenured: 349567K->349567K(349568K), 0.0881706 secs] 506815K->506799K(506816K), [Metaspace: 12936K->12936K(1060864K)], 0.0882757 secs] [Times: user=0.06 sys=0.00, real=0.09 secs] 
2017-11-10T19:34:18.954+0500: 302.414: [Full GC (Allocation Failure) 2017-11-10T19:34:18.954+0500: 302.414: [Tenured: 349567K->349567K(349568K), 0.0832206 secs] 506815K->506807K(506816K), [Metaspace: 12936K->12936K(1060864K)], 0.0833116 secs] [Times: user=0.09 sys=0.00, real=0.08 secs] 
2017-11-10T19:34:19.038+0500: 302.497: [Full GC (Allocation Failure) 2017-11-10T19:34:19.038+0500: 302.497: [Tenured: 349567K->349567K(349568K), 0.0892785 secs] 506815K->506801K(506816K), [Metaspace: 12936K->12936K(1060864K)], 0.0893665 secs] [Times: user=0.09 sys=0.00, real=0.09 secs] 
2017-11-10T19:34:19.128+0500: 302.587: [Full GC (Allocation Failure) 2017-11-10T19:34:19.128+0500: 302.587: [Tenured: 349567K->349567K(349568K), 0.0908414 secs] 506815K->506799K(506816K), [Metaspace: 12936K->12936K(1060864K)], 0.0909314 secs] [Times: user=0.08 sys=0.00, real=0.09 secs] 
2017-11-10T19:34:19.220+0500: 302.679: [Full GC (Allocation Failure) 2017-11-10T19:34:19.220+0500: 302.679: [Tenured: 349567K->349567K(349568K), 0.0895522 secs] 506815K->506808K(506816K), [Metaspace: 12936K->12936K(1060864K)], 0.0896754 secs] [Times: user=0.09 sys=0.00, real=0.09 secs] 
2017-11-10T19:34:19.310+0500: 302.769: [Full GC (Allocation Failure) 2017-11-10T19:34:19.310+0500: 302.769: [Tenured: 349568K->349567K(349568K), 0.0930346 secs] 506815K->506801K(506816K), [Metaspace: 12936K->12936K(1060864K)], 0.0931324 secs] [Times: user=0.09 sys=0.00, real=0.09 secs] 
2017-11-10T19:34:19.404+0500: 302.863: [Full GC (Allocation Failure) 2017-11-10T19:34:19.404+0500: 302.864: [Tenured: 349567K->349567K(349568K), 0.0931333 secs] 506815K->506798K(506816K), [Metaspace: 12936K->12936K(1060864K)], 0.0932482 secs] [Times: user=0.09 sys=0.00, real=0.09 secs] 
2017-11-10T19:34:19.503+0500: 302.962: [Full GC (Allocation Failure) 2017-11-10T19:34:19.503+0500: 302.963: [Tenured: 349567K->349567K(349568K), 0.0948968 secs] 506815K->506808K(506816K), [Metaspace: 12936K->12936K(1060864K)], 0.0950527 secs] [Times: user=0.09 sys=0.00, real=0.10 secs] 
2017-11-10T19:34:19.599+0500: 303.058: [Full GC (Allocation Failure) 2017-11-10T19:34:19.599+0500: 303.058: [Tenured: 349568K->349568K(349568K), 0.0905672 secs] 506815K->506802K(506816K), [Metaspace: 12936K->12936K(1060864K)], 0.0906918 secs] [Times: user=0.09 sys=0.00, real=0.09 secs] 
2017-11-10T19:34:19.691+0500: 303.150: [Full GC (Allocation Failure) 2017-11-10T19:34:19.691+0500: 303.150: [Tenured: 349568K->349567K(349568K), 0.0895469 secs] 506815K->506798K(506816K), [Metaspace: 12936K->12936K(1060864K)], 0.0896559 secs] [Times: user=0.08 sys=0.00, real=0.09 secs] 
2017-11-10T19:34:19.781+0500: 303.241: [Full GC (Allocation Failure) 2017-11-10T19:34:19.781+0500: 303.241: [Tenured: 349567K->349567K(349568K), 0.0829801 secs] 506815K->506808K(506816K), [Metaspace: 12936K->12936K(1060864K)], 0.0831356 secs] [Times: user=0.09 sys=0.00, real=0.08 secs] 
2017-11-10T19:34:19.865+0500: 303.324: [Full GC (Allocation Failure) 2017-11-10T19:34:19.865+0500: 303.324: [Tenured: 349567K->349567K(349568K), 0.0940505 secs] 506815K->506802K(506816K), [Metaspace: 12936K->12936K(1060864K)], 0.0941605 secs] [Times: user=0.09 sys=0.00, real=0.09 secs] 
2017-11-10T19:34:19.960+0500: 303.419: [Full GC (Allocation Failure) 2017-11-10T19:34:19.960+0500: 303.419: [Tenured: 349567K->349567K(349568K), 0.0895288 secs] 506815K->506799K(506816K), [Metaspace: 12936K->12936K(1060864K)], 0.0896402 secs] [Times: user=0.09 sys=0.00, real=0.09 secs] 
2017-11-10T19:34:20.050+0500: 303.510: [Full GC (Allocation Failure) 2017-11-10T19:34:20.050+0500: 303.510: [Tenured: 349567K->349567K(349568K), 0.0895537 secs] 506815K->506807K(506816K), [Metaspace: 12936K->12936K(1060864K)], 0.0897356 secs] [Times: user=0.08 sys=0.00, real=0.09 secs] 
2017-11-10T19:34:20.142+0500: 303.601: [Full GC (Allocation Failure) 2017-11-10T19:34:20.142+0500: 303.601: [Tenured: 349567K->349567K(349568K), 0.0886219 secs] 506815K->506801K(506816K), [Metaspace: 12936K->12936K(1060864K)], 0.0887392 secs] [Times: user=0.08 sys=0.00, real=0.09 secs] 
2017-11-10T19:34:20.231+0500: 303.690: [Full GC (Allocation Failure) 2017-11-10T19:34:20.231+0500: 303.690: [Tenured: 349567K->349567K(349568K), 0.0913313 secs] 506815K->506799K(506816K), [Metaspace: 12936K->12936K(1060864K)], 0.0914291 secs] [Times: user=0.09 sys=0.00, real=0.09 secs] 
2017-11-10T19:34:20.324+0500: 303.783: [Full GC (Allocation Failure) 2017-11-10T19:34:20.324+0500: 303.783: [Tenured: 349567K->349567K(349568K), 0.0855521 secs] 506815K->506808K(506816K), [Metaspace: 12936K->12936K(1060864K)], 0.0856431 secs] [Times: user=0.09 sys=0.00, real=0.09 secs] 
2017-11-10T19:34:20.410+0500: 303.869: [Full GC (Allocation Failure) 2017-11-10T19:34:20.410+0500: 303.869: [Tenured: 349567K->349567K(349568K), 0.0896089 secs] 506815K->506801K(506816K), [Metaspace: 12936K->12936K(1060864K)], 0.0897351 secs] [Times: user=0.08 sys=0.00, real=0.09 secs] 
2017-11-10T19:34:20.501+0500: 303.960: [Full GC (Allocation Failure) 2017-11-10T19:34:20.501+0500: 303.960: [Tenured: 349567K->349567K(349568K), 0.0836489 secs] 506815K->506798K(506816K), [Metaspace: 12936K->12936K(1060864K)], 0.0837555 secs] [Times: user=0.09 sys=0.00, real=0.08 secs] 
2017-11-10T19:34:20.586+0500: 304.044: [Full GC (Allocation Failure) 2017-11-10T19:34:20.586+0500: 304.044: [Tenured: 349567K->349567K(349568K), 0.0849591 secs] 506815K->506808K(506816K), [Metaspace: 12936K->12936K(1060864K)], 0.0850647 secs] [Times: user=0.08 sys=0.00, real=0.09 secs] 
2017-11-10T19:34:20.671+0500: 304.130: [Full GC (Allocation Failure) 2017-11-10T19:34:20.671+0500: 304.130: [Tenured: 349567K->349567K(349568K), 0.0866238 secs] 506815K->506802K(506816K), [Metaspace: 12936K->12936K(1060864K)], 0.0867255 secs] [Times: user=0.09 sys=0.00, real=0.09 secs] 
2017-11-10T19:34:20.764+0500: 304.223: [Full GC (Allocation Failure) 2017-11-10T19:34:20.764+0500: 304.223: [Tenured: 349567K->349567K(349568K), 0.0874666 secs] 506815K->506798K(506816K), [Metaspace: 12936K->12936K(1060864K)], 0.0875766 secs] [Times: user=0.09 sys=0.00, real=0.09 secs] 
2017-11-10T19:34:20.853+0500: 304.312: [Full GC (Allocation Failure) 2017-11-10T19:34:20.853+0500: 304.312: [Tenured: 349567K->349567K(349568K), 0.0849943 secs] 506815K->506808K(506816K), [Metaspace: 12936K->12936K(1060864K)], 0.0851102 secs] [Times: user=0.08 sys=0.00, real=0.09 secs] 
2017-11-10T19:34:20.939+0500: 304.398: [Full GC (Allocation Failure) 2017-11-10T19:34:20.939+0500: 304.398: [Tenured: 349567K->349567K(349568K), 0.0817525 secs] 506815K->506802K(506816K), [Metaspace: 12936K->12936K(1060864K)], 0.0818366 secs] [Times: user=0.09 sys=0.00, real=0.08 secs] 
2017-11-10T19:34:21.021+0500: 304.480: [Full GC (Allocation Failure) 2017-11-10T19:34:21.021+0500: 304.480: [Tenured: 349567K->349567K(349568K), 0.0824457 secs] 506815K->506798K(506816K), [Metaspace: 12936K->12936K(1060864K)], 0.0825328 secs] [Times: user=0.08 sys=0.00, real=0.08 secs] 
2017-11-10T19:34:21.104+0500: 304.563: [Full GC (Allocation Failure) 2017-11-10T19:34:21.104+0500: 304.563: [Tenured: 349567K->349567K(349568K), 0.0843632 secs] 506815K->506807K(506816K), [Metaspace: 12936K->12936K(1060864K)], 0.0844712 secs] [Times: user=0.08 sys=0.00, real=0.08 secs] 
2017-11-10T19:34:21.190+0500: 304.649: [Full GC (Allocation Failure) 2017-11-10T19:34:21.190+0500: 304.649: [Tenured: 349567K->349567K(349568K), 0.0879839 secs] 506815K->506801K(506816K), [Metaspace: 12936K->12936K(1060864K)], 0.0880929 secs] [Times: user=0.09 sys=0.00, real=0.09 secs] 
2017-11-10T19:34:21.278+0500: 304.737: [Full GC (Allocation Failure) 2017-11-10T19:34:21.278+0500: 304.737: [Tenured: 349567K->349567K(349568K), 0.0820742 secs] 506815K->506799K(506816K), [Metaspace: 12936K->12936K(1060864K)], 0.0821505 secs] [Times: user=0.08 sys=0.00, real=0.08 secs] 
2017-11-10T19:34:21.361+0500: 304.820: [Full GC (Allocation Failure) 2017-11-10T19:34:21.361+0500: 304.820: [Tenured: 349567K->349567K(349568K), 0.0857198 secs] 506815K->506808K(506816K), [Metaspace: 12936K->12936K(1060864K)], 0.0857985 secs] [Times: user=0.09 sys=0.00, real=0.09 secs] 
2017-11-10T19:34:21.447+0500: 304.906: [Full GC (Allocation Failure) 2017-11-10T19:34:21.447+0500: 304.906: [Tenured: 349567K->349567K(349568K), 0.0812206 secs] 506815K->506801K(506816K), [Metaspace: 12936K->12936K(1060864K)], 0.0812964 secs] [Times: user=0.08 sys=0.00, real=0.08 secs] 
2017-11-10T19:34:21.529+0500: 304.988: [Full GC (Allocation Failure) 2017-11-10T19:34:21.529+0500: 304.988: [Tenured: 349567K->349567K(349568K), 0.0787458 secs] 506815K->506798K(506816K), [Metaspace: 12936K->12936K(1060864K)], 0.0788241 secs] [Times: user=0.08 sys=0.00, real=0.08 secs] 
2017-11-10T19:34:21.609+0500: 305.068: [Full GC (Allocation Failure) 2017-11-10T19:34:21.609+0500: 305.068: [Tenured: 349567K->349567K(349568K), 0.0789477 secs] 506815K->506808K(506816K), [Metaspace: 12936K->12936K(1060864K)], 0.0790250 secs] [Times: user=0.08 sys=0.00, real=0.08 secs] 
2017-11-10T19:34:21.688+0500: 305.147: [Full GC (Allocation Failure) 2017-11-10T19:34:21.688+0500: 305.147: [Tenured: 349567K->349567K(349568K), 0.0795813 secs] 506815K->506802K(506816K), [Metaspace: 12936K->12936K(1060864K)], 0.0796601 secs] [Times: user=0.08 sys=0.00, real=0.08 secs] 
2017-11-10T19:34:21.768+0500: 305.227: [Full GC (Allocation Failure) 2017-11-10T19:34:21.768+0500: 305.227: [Tenured: 349567K->349567K(349568K), 0.0796869 secs] 506815K->506798K(506816K), [Metaspace: 12936K->12936K(1060864K)], 0.0797661 secs] [Times: user=0.08 sys=0.00, real=0.08 secs] 
2017-11-10T19:34:21.849+0500: 305.308: [Full GC (Allocation Failure) 2017-11-10T19:34:21.849+0500: 305.308: [Tenured: 349567K->349567K(349568K), 0.0806848 secs] 506815K->506808K(506816K), [Metaspace: 12936K->12936K(1060864K)], 0.0807674 secs] [Times: user=0.08 sys=0.00, real=0.08 secs] 
2017-11-10T19:34:21.930+0500: 305.389: [Full GC (Allocation Failure) 2017-11-10T19:34:21.930+0500: 305.389: [Tenured: 349567K->349567K(349568K), 0.0791985 secs] 506815K->506802K(506816K), [Metaspace: 12936K->12936K(1060864K)], 0.0792802 secs] [Times: user=0.08 sys=0.00, real=0.08 secs] 
2017-11-10T19:34:22.010+0500: 305.469: [Full GC (Allocation Failure) 2017-11-10T19:34:22.010+0500: 305.469: [Tenured: 349567K->349567K(349568K), 0.0778761 secs] 506815K->506798K(506816K), [Metaspace: 12936K->12936K(1060864K)], 0.0779514 secs] [Times: user=0.08 sys=0.00, real=0.08 secs] 
2017-11-10T19:34:22.089+0500: 305.548: [Full GC (Allocation Failure) 2017-11-10T19:34:22.089+0500: 305.548: [Tenured: 349567K->349567K(349568K), 0.0796425 secs] 506815K->506807K(506816K), [Metaspace: 12936K->12936K(1060864K)], 0.0797427 secs] [Times: user=0.08 sys=0.00, real=0.08 secs] 
2017-11-10T19:34:22.169+0500: 305.628: [Full GC (Allocation Failure) 2017-11-10T19:34:22.169+0500: 305.628: [Tenured: 349567K->349567K(349568K), 0.0791907 secs] 506815K->506801K(506816K), [Metaspace: 12936K->12936K(1060864K)], 0.0792694 secs] [Times: user=0.08 sys=0.00, real=0.08 secs] 
2017-11-10T19:34:22.249+0500: 305.708: [Full GC (Allocation Failure) 2017-11-10T19:34:22.249+0500: 305.708: [Tenured: 349567K->349567K(349568K), 0.0799490 secs] 506815K->506799K(506816K), [Metaspace: 12936K->12936K(1060864K)], 0.0800350 secs] [Times: user=0.06 sys=0.00, real=0.08 secs] 
2017-11-10T19:34:22.330+0500: 305.789: [Full GC (Allocation Failure) 2017-11-10T19:34:22.330+0500: 305.789: [Tenured: 349567K->349567K(349568K), 0.0788509 secs] 506815K->506808K(506816K), [Metaspace: 12936K->12936K(1060864K)], 0.0789580 secs] [Times: user=0.08 sys=0.02, real=0.08 secs] 
2017-11-10T19:34:22.409+0500: 305.868: [Full GC (Allocation Failure) 2017-11-10T19:34:22.409+0500: 305.868: [Tenured: 349567K->349567K(349568K), 0.0827146 secs] 506815K->506801K(506816K), [Metaspace: 12936K->12936K(1060864K)], 0.0828017 secs] [Times: user=0.08 sys=0.00, real=0.08 secs] 
2017-11-10T19:34:22.502+0500: 305.961: [Full GC (Allocation Failure) 2017-11-10T19:34:22.502+0500: 305.961: [Tenured: 349567K->349567K(349568K), 0.0877018 secs] 506815K->506798K(506816K), [Metaspace: 12936K->12936K(1060864K)], 0.0878128 secs] [Times: user=0.08 sys=0.00, real=0.09 secs] 
2017-11-10T19:34:22.593+0500: 306.052: [Full GC (Allocation Failure) 2017-11-10T19:34:22.593+0500: 306.052: [Tenured: 349567K->349567K(349568K), 0.0916598 secs] 506815K->506808K(506816K), [Metaspace: 12936K->12936K(1060864K)], 0.0917679 secs] [Times: user=0.09 sys=0.00, real=0.09 secs] 
2017-11-10T19:34:22.685+0500: 306.144: [Full GC (Allocation Failure) 2017-11-10T19:34:22.685+0500: 306.144: [Tenured: 349568K->349568K(349568K), 0.0842424 secs] 506815K->506802K(506816K), [Metaspace: 12936K->12936K(1060864K)], 0.0843197 secs] [Times: user=0.09 sys=0.00, real=0.08 secs] 
2017-11-10T19:34:22.769+0500: 306.229: [Full GC (Allocation Failure) 2017-11-10T19:34:22.770+0500: 306.229: [Tenured: 349568K->349567K(349568K), 0.0826623 secs] 506815K->506798K(506816K), [Metaspace: 12936K->12936K(1060864K)], 0.0827552 secs] [Times: user=0.08 sys=0.00, real=0.08 secs] 
2017-11-10T19:34:22.853+0500: 306.312: [Full GC (Allocation Failure) 2017-11-10T19:34:22.853+0500: 306.312: [Tenured: 349567K->349567K(349568K), 0.0850985 secs] 506815K->506808K(506816K), [Metaspace: 12936K->12936K(1060864K)], 0.0852275 secs] [Times: user=0.08 sys=0.00, real=0.09 secs] 
2017-11-10T19:34:22.939+0500: 306.398: [Full GC (Allocation Failure) 2017-11-10T19:34:22.939+0500: 306.398: [Tenured: 349567K->349567K(349568K), 0.0847225 secs] 506815K->506802K(506816K), [Metaspace: 12936K->12936K(1060864K)], 0.0848701 secs] [Times: user=0.09 sys=0.00, real=0.09 secs] 
2017-11-10T19:34:23.025+0500: 306.484: [Full GC (Allocation Failure) 2017-11-10T19:34:23.025+0500: 306.484: [Tenured: 349567K->349567K(349568K), 0.0851527 secs] 506815K->506799K(506816K), [Metaspace: 12936K->12936K(1060864K)], 0.0852627 secs] [Times: user=0.08 sys=0.00, real=0.08 secs] 
2017-11-10T19:34:23.111+0500: 306.570: [Full GC (Allocation Failure) 2017-11-10T19:34:23.111+0500: 306.570: [Tenured: 349567K->349567K(349568K), 0.0799681 secs] 506815K->506807K(506816K), [Metaspace: 12936K->12936K(1060864K)], 0.0800927 secs] [Times: user=0.09 sys=0.00, real=0.08 secs] 
2017-11-10T19:34:23.191+0500: 306.651: [Full GC (Allocation Failure) 2017-11-10T19:34:23.191+0500: 306.651: [Tenured: 349567K->349567K(349568K), 0.0896217 secs] 506815K->506801K(506816K), [Metaspace: 12936K->12936K(1060864K)], 0.0897326 secs] [Times: user=0.08 sys=0.00, real=0.09 secs] 
2017-11-10T19:34:23.282+0500: 306.741: [Full GC (Allocation Failure) 2017-11-10T19:34:23.282+0500: 306.741: [Tenured: 349567K->349567K(349568K), 0.0888903 secs] 506815K->506810K(506816K), [Metaspace: 12936K->12936K(1060864K)], 0.0889719 secs] [Times: user=0.09 sys=0.00, real=0.09 secs] 
2017-11-10T19:34:23.372+0500: 306.831: [Full GC (Allocation Failure) 2017-11-10T19:34:23.372+0500: 306.831: [Tenured: 349567K->349567K(349568K), 0.0891362 secs] 506815K->506803K(506816K), [Metaspace: 12936K->12936K(1060864K)], 0.0892252 secs] [Times: user=0.09 sys=0.00, real=0.09 secs] 
2017-11-10T19:34:23.463+0500: 306.922: [Full GC (Allocation Failure) 2017-11-10T19:34:23.463+0500: 306.922: [Tenured: 349567K->349567K(349568K), 0.0870134 secs] 506815K->506809K(506816K), [Metaspace: 12936K->12936K(1060864K)], 0.0871171 secs] [Times: user=0.08 sys=0.02, real=0.09 secs] 
2017-11-10T19:34:23.551+0500: 307.010: [Full GC (Allocation Failure) 2017-11-10T19:34:23.551+0500: 307.010: [Tenured: 349568K->349568K(349568K), 0.0958565 secs] 506815K->506802K(506816K), [Metaspace: 12936K->12936K(1060864K)], 0.0959630 secs] [Times: user=0.09 sys=0.00, real=0.09 secs] 
2017-11-10T19:34:23.647+0500: 307.107: [Full GC (Allocation Failure) 2017-11-10T19:34:23.648+0500: 307.107: [Tenured: 349568K->349568K(349568K), 0.0917591 secs] 506815K->506810K(506816K), [Metaspace: 12936K->12936K(1060864K)], 0.0918803 secs] [Times: user=0.09 sys=0.00, real=0.09 secs] 
2017-11-10T19:34:23.740+0500: 307.199: [Full GC (Allocation Failure) 2017-11-10T19:34:23.740+0500: 307.199: [Tenured: 349568K->349568K(349568K), 0.0881638 secs] 506815K->506803K(506816K), [Metaspace: 12936K->12936K(1060864K)], 0.0883021 secs] [Times: user=0.08 sys=0.00, real=0.09 secs] 
2017-11-10T19:34:23.829+0500: 307.288: [Full GC (Allocation Failure) 2017-11-10T19:34:23.829+0500: 307.288: [Tenured: 349568K->349567K(349568K), 0.0953597 secs] 506815K->506809K(506816K), [Metaspace: 12936K->12936K(1060864K)], 0.0954722 secs] [Times: user=0.11 sys=0.00, real=0.10 secs] 
2017-11-10T19:34:23.931+0500: 307.390: [Full GC (Allocation Failure) 2017-11-10T19:34:23.931+0500: 307.390: [Tenured: 349568K->349568K(349568K), 0.0902430 secs] 506815K->506802K(506816K), [Metaspace: 12936K->12936K(1060864K)], 0.0903716 secs] [Times: user=0.09 sys=0.00, real=0.09 secs] 
2017-11-10T19:34:24.022+0500: 307.481: [Full GC (Allocation Failure) 2017-11-10T19:34:24.022+0500: 307.481: [Tenured: 349568K->349568K(349568K), 0.0828144 secs] 506815K->506810K(506816K), [Metaspace: 12936K->12936K(1060864K)], 0.0829224 secs] [Times: user=0.08 sys=0.00, real=0.08 secs] 
2017-11-10T19:34:24.105+0500: 307.565: [Full GC (Allocation Failure) 2017-11-10T19:34:24.105+0500: 307.565: [Tenured: 349568K->349568K(349568K), 0.0844380 secs] 506815K->506803K(506816K), [Metaspace: 12936K->12936K(1060864K)], 0.0845617 secs] [Times: user=0.09 sys=0.00, real=0.09 secs] 
2017-11-10T19:34:24.191+0500: 307.650: [Full GC (Allocation Failure) 2017-11-10T19:34:24.191+0500: 307.650: [Tenured: 349568K->349567K(349568K), 0.0809414 secs] 506815K->506809K(506816K), [Metaspace: 12936K->12936K(1060864K)], 0.0810529 secs] [Times: user=0.08 sys=0.00, real=0.08 secs] 
2017-11-10T19:34:24.273+0500: 307.731: [Full GC (Allocation Failure) 2017-11-10T19:34:24.273+0500: 307.731: [Tenured: 349568K->349568K(349568K), 0.0840806 secs] 506815K->506802K(506816K), [Metaspace: 12936K->12936K(1060864K)], 0.0841754 secs] [Times: user=0.08 sys=0.00, real=0.08 secs] 
2017-11-10T19:34:24.358+0500: 307.817: [Full GC (Allocation Failure) 2017-11-10T19:34:24.358+0500: 307.817: [Tenured: 349568K->349568K(349568K), 0.0822218 secs] 506815K->506810K(506816K), [Metaspace: 12936K->12936K(1060864K)], 0.0823142 secs] [Times: user=0.08 sys=0.00, real=0.08 secs] 
2017-11-10T19:34:24.441+0500: 307.900: [Full GC (Allocation Failure) 2017-11-10T19:34:24.441+0500: 307.900: [Tenured: 349568K->349568K(349568K), 0.0877116 secs] 506815K->506803K(506816K), [Metaspace: 12936K->12936K(1060864K)], 0.0878250 secs] [Times: user=0.08 sys=0.00, real=0.09 secs] 
2017-11-10T19:34:24.529+0500: 307.988: [Full GC (Allocation Failure) 2017-11-10T19:34:24.529+0500: 307.988: [Tenured: 349568K->349567K(349568K), 0.0848848 secs] 506815K->506809K(506816K), [Metaspace: 12936K->12936K(1060864K)], 0.0849919 secs] [Times: user=0.09 sys=0.00, real=0.09 secs] 
2017-11-10T19:34:24.614+0500: 308.073: [Full GC (Allocation Failure) 2017-11-10T19:34:24.614+0500: 308.073: [Tenured: 349568K->349568K(349568K), 0.0836518 secs] 506815K->506802K(506816K), [Metaspace: 12936K->12936K(1060864K)], 0.0837369 secs] [Times: user=0.08 sys=0.00, real=0.08 secs] 
2017-11-10T19:34:24.699+0500: 308.158: [Full GC (Allocation Failure) 2017-11-10T19:34:24.699+0500: 308.158: [Tenured: 349568K->349568K(349568K), 0.0894916 secs] 506815K->506810K(506816K), [Metaspace: 12936K->12936K(1060864K)], 0.0895825 secs] [Times: user=0.09 sys=0.00, real=0.09 secs] 
2017-11-10T19:34:24.789+0500: 308.248: [Full GC (Allocation Failure) 2017-11-10T19:34:24.789+0500: 308.248: [Tenured: 349568K->349568K(349568K), 0.0825142 secs] 506815K->506803K(506816K), [Metaspace: 12936K->12936K(1060864K)], 0.0826477 secs] [Times: user=0.08 sys=0.00, real=0.08 secs] 
2017-11-10T19:34:24.872+0500: 308.331: [Full GC (Allocation Failure) 2017-11-10T19:34:24.872+0500: 308.331: [Tenured: 349568K->349567K(349568K), 0.0844737 secs] 506815K->506809K(506816K), [Metaspace: 12936K->12936K(1060864K)], 0.0845915 secs] [Times: user=0.09 sys=0.00, real=0.08 secs] 
2017-11-10T19:34:24.957+0500: 308.416: [Full GC (Allocation Failure) 2017-11-10T19:34:24.957+0500: 308.416: [Tenured: 349568K->349568K(349568K), 0.0850168 secs] 506815K->506802K(506816K), [Metaspace: 12936K->12936K(1060864K)], 0.0851376 secs] [Times: user=0.08 sys=0.00, real=0.09 secs] 
2017-11-10T19:34:25.043+0500: 308.502: [Full GC (Allocation Failure) 2017-11-10T19:34:25.043+0500: 308.502: [Tenured: 349568K->349568K(349568K), 0.0819041 secs] 506815K->506810K(506816K), [Metaspace: 12936K->12936K(1060864K)], 0.0820180 secs] [Times: user=0.08 sys=0.00, real=0.08 secs] 
2017-11-10T19:34:25.128+0500: 308.587: [Full GC (Allocation Failure) 2017-11-10T19:34:25.128+0500: 308.587: [Tenured: 349568K->349568K(349568K), 0.0840200 secs] 506815K->506803K(506816K), [Metaspace: 12936K->12936K(1060864K)], 0.0841226 secs] [Times: user=0.08 sys=0.00, real=0.08 secs] 
2017-11-10T19:34:25.213+0500: 308.672: [Full GC (Allocation Failure) 2017-11-10T19:34:25.213+0500: 308.672: [Tenured: 349568K->349567K(349568K), 0.0837159 secs] 506815K->506809K(506816K), [Metaspace: 12936K->12936K(1060864K)], 0.0837921 secs] [Times: user=0.08 sys=0.00, real=0.08 secs] 
2017-11-10T19:34:25.297+0500: 308.756: [Full GC (Allocation Failure) 2017-11-10T19:34:25.297+0500: 308.756: [Tenured: 349568K->349568K(349568K), 0.0829464 secs] 506815K->506802K(506816K), [Metaspace: 12936K->12936K(1060864K)], 0.0830300 secs] [Times: user=0.09 sys=0.00, real=0.08 secs] 
2017-11-10T19:34:25.381+0500: 308.840: [Full GC (Allocation Failure) 2017-11-10T19:34:25.381+0500: 308.840: [Tenured: 349568K->349568K(349568K), 0.0836885 secs] 506815K->506810K(506816K), [Metaspace: 12936K->12936K(1060864K)], 0.0837961 secs] [Times: user=0.08 sys=0.00, real=0.08 secs] 
2017-11-10T19:34:25.465+0500: 308.924: [Full GC (Allocation Failure) 2017-11-10T19:34:25.465+0500: 308.924: [Tenured: 349568K->349568K(349568K), 0.0857707 secs] 506815K->506803K(506816K), [Metaspace: 12936K->12936K(1060864K)], 0.0859081 secs] [Times: user=0.09 sys=0.00, real=0.09 secs] 
2017-11-10T19:34:25.551+0500: 309.010: [Full GC (Allocation Failure) 2017-11-10T19:34:25.551+0500: 309.010: [Tenured: 349568K->349567K(349568K), 0.0847504 secs] 506815K->506809K(506816K), [Metaspace: 12936K->12936K(1060864K)], 0.0848472 secs] [Times: user=0.08 sys=0.00, real=0.08 secs] 
2017-11-10T19:34:25.637+0500: 309.096: [Full GC (Allocation Failure) 2017-11-10T19:34:25.637+0500: 309.096: [Tenured: 349568K->349568K(349568K), 0.0844262 secs] 506815K->506802K(506816K), [Metaspace: 12936K->12936K(1060864K)], 0.0845411 secs] [Times: user=0.08 sys=0.00, real=0.08 secs] 
2017-11-10T19:34:25.722+0500: 309.181: [Full GC (Allocation Failure) 2017-11-10T19:34:25.722+0500: 309.181: [Tenured: 349568K->349568K(349568K), 0.0823841 secs] 506815K->506810K(506816K), [Metaspace: 12936K->12936K(1060864K)], 0.0824707 secs] [Times: user=0.08 sys=0.00, real=0.08 secs] 
2017-11-10T19:34:25.805+0500: 309.264: [Full GC (Allocation Failure) 2017-11-10T19:34:25.805+0500: 309.264: [Tenured: 349568K->349568K(349568K), 0.0814025 secs] 506815K->506803K(506816K), [Metaspace: 12936K->12936K(1060864K)], 0.0814836 secs] [Times: user=0.08 sys=0.00, real=0.08 secs] 
2017-11-10T19:34:25.886+0500: 309.346: [Full GC (Allocation Failure) 2017-11-10T19:34:25.886+0500: 309.346: [Tenured: 349568K->349567K(349568K), 0.0812768 secs] 506815K->506809K(506816K), [Metaspace: 12936K->12936K(1060864K)], 0.0813638 secs] [Times: user=0.08 sys=0.00, real=0.08 secs] 
2017-11-10T19:34:25.968+0500: 309.427: [Full GC (Allocation Failure) 2017-11-10T19:34:25.968+0500: 309.428: [Tenured: 349568K->349568K(349568K), 0.0817779 secs] 506815K->506802K(506816K), [Metaspace: 12936K->12936K(1060864K)], 0.0818825 secs] [Times: user=0.09 sys=0.00, real=0.08 secs] 
2017-11-10T19:34:26.051+0500: 309.510: [Full GC (Allocation Failure) 2017-11-10T19:34:26.051+0500: 309.510: [Tenured: 349568K->349568K(349568K), 0.0853258 secs] 506815K->506810K(506816K), [Metaspace: 12936K->12936K(1060864K)], 0.0854363 secs] [Times: user=0.08 sys=0.00, real=0.08 secs] 
2017-11-10T19:34:26.137+0500: 309.596: [Full GC (Allocation Failure) 2017-11-10T19:34:26.137+0500: 309.596: [Tenured: 349568K->349568K(349568K), 0.0867049 secs] 506815K->506803K(506816K), [Metaspace: 12936K->12936K(1060864K)], 0.0868487 secs] [Times: user=0.09 sys=0.00, real=0.09 secs] 
2017-11-10T19:34:26.224+0500: 309.683: [Full GC (Allocation Failure) 2017-11-10T19:34:26.224+0500: 309.683: [Tenured: 349568K->349567K(349568K), 0.0842654 secs] 506815K->506809K(506816K), [Metaspace: 12936K->12936K(1060864K)], 0.0843749 secs] [Times: user=0.08 sys=0.00, real=0.08 secs] 
2017-11-10T19:34:26.309+0500: 309.768: [Full GC (Allocation Failure) 2017-11-10T19:34:26.309+0500: 309.768: [Tenured: 349568K->349568K(349568K), 0.0831898 secs] 506815K->506802K(506816K), [Metaspace: 12936K->12936K(1060864K)], 0.0833238 secs] [Times: user=0.08 sys=0.00, real=0.08 secs] 
2017-11-10T19:34:26.393+0500: 309.852: [Full GC (Allocation Failure) 2017-11-10T19:34:26.393+0500: 309.852: [Tenured: 349568K->349568K(349568K), 0.0878289 secs] 506815K->506810K(506816K), [Metaspace: 12936K->12936K(1060864K)], 0.0879296 secs] [Times: user=0.08 sys=0.00, real=0.09 secs] 
2017-11-10T19:34:26.482+0500: 309.941: [Full GC (Allocation Failure) 2017-11-10T19:34:26.482+0500: 309.941: [Tenured: 349568K->349568K(349568K), 0.0774747 secs] 506815K->506803K(506816K), [Metaspace: 12936K->12936K(1060864K)], 0.0775598 secs] [Times: user=0.08 sys=0.00, real=0.08 secs] 
2017-11-10T19:34:26.560+0500: 310.019: [Full GC (Allocation Failure) 2017-11-10T19:34:26.560+0500: 310.019: [Tenured: 349568K->349567K(349568K), 0.0893743 secs] 506815K->506809K(506816K), [Metaspace: 12936K->12936K(1060864K)], 0.0894911 secs] [Times: user=0.09 sys=0.00, real=0.09 secs] 
2017-11-10T19:34:26.650+0500: 310.109: [Full GC (Allocation Failure) 2017-11-10T19:34:26.650+0500: 310.109: [Tenured: 349568K->349568K(349568K), 0.0818620 secs] 506815K->506802K(506816K), [Metaspace: 12936K->12936K(1060864K)], 0.0819432 secs] [Times: user=0.08 sys=0.00, real=0.08 secs] 
2017-11-10T19:34:26.732+0500: 310.192: [Full GC (Allocation Failure) 2017-11-10T19:34:26.732+0500: 310.192: [Tenured: 349568K->349568K(349568K), 0.0848257 secs] 506815K->506810K(506816K), [Metaspace: 12936K->12936K(1060864K)], 0.0849557 secs] [Times: user=0.09 sys=0.00, real=0.08 secs] 
2017-11-10T19:34:26.820+0500: 310.279: [Full GC (Allocation Failure) 2017-11-10T19:34:26.820+0500: 310.279: [Tenured: 349568K->349568K(349568K), 0.0912330 secs] 506815K->506803K(506816K), [Metaspace: 12936K->12936K(1060864K)], 0.0913611 secs] [Times: user=0.09 sys=0.00, real=0.09 secs] 
2017-11-10T19:34:26.916+0500: 310.376: [Full GC (Allocation Failure) 2017-11-10T19:34:26.917+0500: 310.376: [Tenured: 349568K->349567K(349568K), 0.0836083 secs] 506815K->506809K(506816K), [Metaspace: 12936K->12936K(1060864K)], 0.0837217 secs] [Times: user=0.08 sys=0.00, real=0.08 secs] 
2017-11-10T19:34:27.001+0500: 310.460: [Full GC (Allocation Failure) 2017-11-10T19:34:27.001+0500: 310.460: [Tenured: 349568K->349568K(349568K), 0.0793921 secs] 506815K->506802K(506816K), [Metaspace: 12936K->12936K(1060864K)], 0.0794718 secs] [Times: user=0.09 sys=0.00, real=0.08 secs] 
2017-11-10T19:34:27.081+0500: 310.540: [Full GC (Allocation Failure) 2017-11-10T19:34:27.081+0500: 310.540: [Tenured: 349568K->349568K(349568K), 0.0843060 secs] 506815K->506810K(506816K), [Metaspace: 12936K->12936K(1060864K)], 0.0844062 secs] [Times: user=0.08 sys=0.00, real=0.08 secs] 
2017-11-10T19:34:27.165+0500: 310.625: [Full GC (Allocation Failure) 2017-11-10T19:34:27.165+0500: 310.625: [Tenured: 349568K->349568K(349568K), 0.0793169 secs] 506815K->506803K(506816K), [Metaspace: 12936K->12936K(1060864K)], 0.0794171 secs] [Times: user=0.08 sys=0.00, real=0.08 secs] 
2017-11-10T19:34:27.245+0500: 310.705: [Full GC (Allocation Failure) 2017-11-10T19:34:27.245+0500: 310.705: [Tenured: 349568K->349567K(349568K), 0.0766876 secs] 506815K->506809K(506816K), [Metaspace: 12936K->12936K(1060864K)], 0.0768137 secs] [Times: user=0.08 sys=0.00, real=0.08 secs] 
2017-11-10T19:34:27.323+0500: 310.782: [Full GC (Allocation Failure) 2017-11-10T19:34:27.323+0500: 310.782: [Tenured: 349568K->349568K(349568K), 0.0783699 secs] 506815K->506802K(506816K), [Metaspace: 12936K->12936K(1060864K)], 0.0784579 secs] [Times: user=0.08 sys=0.00, real=0.08 secs] 
2017-11-10T19:34:27.402+0500: 310.861: [Full GC (Allocation Failure) 2017-11-10T19:34:27.402+0500: 310.861: [Tenured: 349568K->349568K(349568K), 0.0769262 secs] 506815K->506810K(506816K), [Metaspace: 12936K->12936K(1060864K)], 0.0770015 secs] [Times: user=0.08 sys=0.00, real=0.08 secs] 
2017-11-10T19:34:27.479+0500: 310.938: [Full GC (Allocation Failure) 2017-11-10T19:34:27.479+0500: 310.938: [Tenured: 349568K->349568K(349568K), 0.0759215 secs] 506815K->506803K(506816K), [Metaspace: 12936K->12936K(1060864K)], 0.0760349 secs] [Times: user=0.08 sys=0.00, real=0.08 secs] 
2017-11-10T19:34:27.556+0500: 311.015: [Full GC (Allocation Failure) 2017-11-10T19:34:27.556+0500: 311.015: [Tenured: 349568K->349567K(349568K), 0.0776189 secs] 506815K->506809K(506816K), [Metaspace: 12936K->12936K(1060864K)], 0.0777270 secs] [Times: user=0.08 sys=0.00, real=0.08 secs] 
2017-11-10T19:34:27.634+0500: 311.093: [Full GC (Allocation Failure) 2017-11-10T19:34:27.634+0500: 311.093: [Tenured: 349568K->349568K(349568K), 0.0757519 secs] 506815K->506802K(506816K), [Metaspace: 12936K->12936K(1060864K)], 0.0758599 secs] [Times: user=0.08 sys=0.00, real=0.08 secs] 
2017-11-10T19:34:27.710+0500: 311.170: [Full GC (Allocation Failure) 2017-11-10T19:34:27.710+0500: 311.170: [Tenured: 349568K->349568K(349568K), 0.0743004 secs] 506815K->506810K(506816K), [Metaspace: 12936K->12936K(1060864K)], 0.0743918 secs] [Times: user=0.08 sys=0.00, real=0.08 secs] 
2017-11-10T19:34:27.785+0500: 311.244: [Full GC (Allocation Failure) 2017-11-10T19:34:27.785+0500: 311.245: [Tenured: 349568K->349568K(349568K), 0.0763170 secs] 506815K->506803K(506816K), [Metaspace: 12936K->12936K(1060864K)], 0.0764334 secs] [Times: user=0.08 sys=0.00, real=0.08 secs] 
2017-11-10T19:34:27.862+0500: 311.321: [Full GC (Allocation Failure) 2017-11-10T19:34:27.862+0500: 311.321: [Tenured: 349568K->349567K(349568K), 0.0749178 secs] 506815K->506809K(506816K), [Metaspace: 12936K->12936K(1060864K)], 0.0750332 secs] [Times: user=0.06 sys=0.00, real=0.08 secs] 
2017-11-10T19:34:27.937+0500: 311.397: [Full GC (Allocation Failure) 2017-11-10T19:34:27.937+0500: 311.397: [Tenured: 349568K->349568K(349568K), 0.0757851 secs] 506815K->506802K(506816K), [Metaspace: 12936K->12936K(1060864K)], 0.0758570 secs] [Times: user=0.08 sys=0.00, real=0.08 secs] 
2017-11-10T19:34:28.014+0500: 311.473: [Full GC (Allocation Failure) 2017-11-10T19:34:28.014+0500: 311.473: [Tenured: 349568K->349568K(349568K), 0.0765541 secs] 506815K->506810K(506816K), [Metaspace: 12936K->12936K(1060864K)], 0.0766651 secs] [Times: user=0.08 sys=0.00, real=0.08 secs] 
2017-11-10T19:34:28.091+0500: 311.550: [Full GC (Allocation Failure) 2017-11-10T19:34:28.091+0500: 311.550: [Tenured: 349568K->349568K(349568K), 0.0742833 secs] 506815K->506803K(506816K), [Metaspace: 12936K->12936K(1060864K)], 0.0743546 secs] [Times: user=0.08 sys=0.00, real=0.07 secs] 
2017-11-10T19:34:28.166+0500: 311.625: [Full GC (Allocation Failure) 2017-11-10T19:34:28.166+0500: 311.625: [Tenured: 349568K->349567K(349568K), 0.0740398 secs] 506815K->506809K(506816K), [Metaspace: 12936K->12936K(1060864K)], 0.0741170 secs] [Times: user=0.08 sys=0.00, real=0.07 secs] 
2017-11-10T19:34:28.241+0500: 311.700: [Full GC (Allocation Failure) 2017-11-10T19:34:28.241+0500: 311.700: [Tenured: 349568K->349568K(349568K), 0.0772146 secs] 506815K->506802K(506816K), [Metaspace: 12936K->12936K(1060864K)], 0.0772992 secs] [Times: user=0.08 sys=0.00, real=0.08 secs] 
2017-11-10T19:34:28.319+0500: 311.777: [Full GC (Allocation Failure) 2017-11-10T19:34:28.319+0500: 311.778: [Tenured: 349568K->349568K(349568K), 0.0785253 secs] 506815K->506810K(506816K), [Metaspace: 12936K->12936K(1060864K)], 0.0786373 secs] [Times: user=0.08 sys=0.00, real=0.08 secs] 
2017-11-10T19:34:28.398+0500: 311.857: [Full GC (Allocation Failure) 2017-11-10T19:34:28.398+0500: 311.857: [Tenured: 349568K->349568K(349568K), 0.0846433 secs] 506815K->506803K(506816K), [Metaspace: 12936K->12936K(1060864K)], 0.0847274 secs] [Times: user=0.08 sys=0.00, real=0.08 secs] 
2017-11-10T19:34:28.483+0500: 311.942: [Full GC (Allocation Failure) 2017-11-10T19:34:28.483+0500: 311.942: [Tenured: 349568K->349567K(349568K), 0.0808847 secs] 506815K->506809K(506816K), [Metaspace: 12936K->12936K(1060864K)], 0.0809937 secs] [Times: user=0.08 sys=0.00, real=0.08 secs] 
2017-11-10T19:34:28.564+0500: 312.023: [Full GC (Allocation Failure) 2017-11-10T19:34:28.564+0500: 312.023: [Tenured: 349568K->349568K(349568K), 0.0775759 secs] 506815K->506802K(506816K), [Metaspace: 12936K->12936K(1060864K)], 0.0776903 secs] [Times: user=0.08 sys=0.00, real=0.08 secs] 
2017-11-10T19:34:28.643+0500: 312.102: [Full GC (Allocation Failure) 2017-11-10T19:34:28.643+0500: 312.102: [Tenured: 349568K->349568K(349568K), 0.0791428 secs] 506815K->506810K(506816K), [Metaspace: 12936K->12936K(1060864K)], 0.0792425 secs] [Times: user=0.09 sys=0.00, real=0.08 secs] 
2017-11-10T19:34:28.722+0500: 312.181: [Full GC (Allocation Failure) 2017-11-10T19:34:28.722+0500: 312.181: [Tenured: 349568K->349568K(349568K), 0.0749462 secs] 506815K->506803K(506816K), [Metaspace: 12936K->12936K(1060864K)], 0.0750205 secs] [Times: user=0.06 sys=0.00, real=0.08 secs] 
2017-11-10T19:34:28.798+0500: 312.257: [Full GC (Allocation Failure) 2017-11-10T19:34:28.798+0500: 312.257: [Tenured: 349568K->349567K(349568K), 0.0744949 secs] 506815K->506809K(506816K), [Metaspace: 12936K->12936K(1060864K)], 0.0745781 secs] [Times: user=0.08 sys=0.00, real=0.07 secs] 
2017-11-10T19:34:28.873+0500: 312.332: [Full GC (Allocation Failure) 2017-11-10T19:34:28.873+0500: 312.332: [Tenured: 349568K->349568K(349568K), 0.0808632 secs] 506815K->506802K(506816K), [Metaspace: 12936K->12936K(1060864K)], 0.0809429 secs] [Times: user=0.08 sys=0.00, real=0.08 secs] 
2017-11-10T19:34:28.954+0500: 312.413: [Full GC (Allocation Failure) 2017-11-10T19:34:28.954+0500: 312.413: [Tenured: 349568K->349568K(349568K), 0.0798522 secs] 506815K->506810K(506816K), [Metaspace: 12936K->12936K(1060864K)], 0.0799534 secs] [Times: user=0.09 sys=0.00, real=0.08 secs] 
2017-11-10T19:34:29.035+0500: 312.494: [Full GC (Allocation Failure) 2017-11-10T19:34:29.035+0500: 312.494: [Tenured: 349568K->349568K(349568K), 0.0819285 secs] 506815K->506803K(506816K), [Metaspace: 12936K->12936K(1060864K)], 0.0820615 secs] [Times: user=0.08 sys=0.00, real=0.08 secs] 
2017-11-10T19:34:29.117+0500: 312.576: [Full GC (Allocation Failure) 2017-11-10T19:34:29.117+0500: 312.576: [Tenured: 349568K->349567K(349568K), 0.0809532 secs] 506815K->506809K(506816K), [Metaspace: 12936K->12936K(1060864K)], 0.0810329 secs] [Times: user=0.08 sys=0.00, real=0.08 secs] 
2017-11-10T19:34:29.199+0500: 312.658: [Full GC (Allocation Failure) 2017-11-10T19:34:29.199+0500: 312.658: [Tenured: 349568K->349568K(349568K), 0.0844057 secs] 506815K->506802K(506816K), [Metaspace: 12936K->12936K(1060864K)], 0.0845059 secs] [Times: user=0.08 sys=0.00, real=0.08 secs] 
2017-11-10T19:34:29.284+0500: 312.743: [Full GC (Allocation Failure) 2017-11-10T19:34:29.284+0500: 312.743: [Tenured: 349568K->349568K(349568K), 0.0842742 secs] 506815K->506810K(506816K), [Metaspace: 12936K->12936K(1060864K)], 0.0843563 secs] [Times: user=0.08 sys=0.00, real=0.08 secs] 
2017-11-10T19:34:29.369+0500: 312.828: [Full GC (Allocation Failure) 2017-11-10T19:34:29.369+0500: 312.828: [Tenured: 349568K->349568K(349568K), 0.0815129 secs] 506815K->506803K(506816K), [Metaspace: 12936K->12936K(1060864K)], 0.0816176 secs] [Times: user=0.08 sys=0.00, real=0.08 secs] 
2017-11-10T19:34:29.451+0500: 312.910: [Full GC (Allocation Failure) 2017-11-10T19:34:29.451+0500: 312.910: [Tenured: 349568K->349567K(349568K), 0.0808168 secs] 506815K->506809K(506816K), [Metaspace: 12936K->12936K(1060864K)], 0.0808906 secs] [Times: user=0.08 sys=0.00, real=0.08 secs] 
2017-11-10T19:34:29.532+0500: 312.991: [Full GC (Allocation Failure) 2017-11-10T19:34:29.532+0500: 312.991: [Tenured: 349568K->349568K(349568K), 0.0794357 secs] 506815K->506802K(506816K), [Metaspace: 12936K->12936K(1060864K)], 0.0795129 secs] [Times: user=0.09 sys=0.00, real=0.08 secs] 
2017-11-10T19:34:29.612+0500: 313.071: [Full GC (Allocation Failure) 2017-11-10T19:34:29.612+0500: 313.071: [Tenured: 349568K->349568K(349568K), 0.0761107 secs] 506815K->506810K(506816K), [Metaspace: 12936K->12936K(1060864K)], 0.0761850 secs] [Times: user=0.06 sys=0.00, real=0.08 secs] 
2017-11-10T19:34:29.689+0500: 313.148: [Full GC (Allocation Failure) 2017-11-10T19:34:29.689+0500: 313.148: [Tenured: 349568K->349568K(349568K), 0.0753862 secs] 506815K->506803K(506816K), [Metaspace: 12936K->12936K(1060864K)], 0.0754576 secs] [Times: user=0.08 sys=0.00, real=0.08 secs] 
2017-11-10T19:34:29.765+0500: 313.224: [Full GC (Allocation Failure) 2017-11-10T19:34:29.765+0500: 313.224: [Tenured: 349568K->349567K(349568K), 0.0751075 secs] 506815K->506809K(506816K), [Metaspace: 12936K->12936K(1060864K)], 0.0751848 secs] [Times: user=0.08 sys=0.00, real=0.07 secs] 
2017-11-10T19:34:29.840+0500: 313.299: [Full GC (Allocation Failure) 2017-11-10T19:34:29.840+0500: 313.299: [Tenured: 349568K->349568K(349568K), 0.0781034 secs] 506815K->506802K(506816K), [Metaspace: 12936K->12936K(1060864K)], 0.0782139 secs] [Times: user=0.08 sys=0.00, real=0.08 secs] 
2017-11-10T19:34:29.919+0500: 313.378: [Full GC (Allocation Failure) 2017-11-10T19:34:29.919+0500: 313.378: [Tenured: 349568K->349568K(349568K), 0.0754952 secs] 506815K->506810K(506816K), [Metaspace: 12936K->12936K(1060864K)], 0.0756233 secs] [Times: user=0.08 sys=0.00, real=0.08 secs] 
2017-11-10T19:34:29.995+0500: 313.454: [Full GC (Allocation Failure) 2017-11-10T19:34:29.995+0500: 313.454: [Tenured: 349568K->349568K(349568K), 0.0788377 secs] 506815K->506803K(506816K), [Metaspace: 12936K->12936K(1060864K)], 0.0789223 secs] [Times: user=0.08 sys=0.00, real=0.08 secs] 
2017-11-10T19:34:30.075+0500: 313.534: [Full GC (Allocation Failure) 2017-11-10T19:34:30.075+0500: 313.534: [Tenured: 349568K->349567K(349568K), 0.0756331 secs] 506815K->506809K(506816K), [Metaspace: 12936K->12936K(1060864K)], 0.0757206 secs] [Times: user=0.08 sys=0.00, real=0.08 secs] 
2017-11-10T19:34:30.151+0500: 313.610: [Full GC (Allocation Failure) 2017-11-10T19:34:30.151+0500: 313.610: [Tenured: 349568K->349568K(349568K), 0.0753011 secs] 506815K->506802K(506816K), [Metaspace: 12941K->12941K(1060864K)], 0.0754062 secs] [Times: user=0.08 sys=0.00, real=0.08 secs] 
2017-11-10T19:34:30.227+0500: 313.686: [Full GC (Allocation Failure) 2017-11-10T19:34:30.227+0500: 313.686: [Tenured: 349568K->349568K(349568K), 0.0756526 secs] 506815K->506810K(506816K), [Metaspace: 12952K->12952K(1060864K)], 0.0757265 secs] [Times: user=0.08 sys=0.00, real=0.08 secs] 
2017-11-10T19:34:30.303+0500: 313.762: [Full GC (Allocation Failure) 2017-11-10T19:34:30.303+0500: 313.762: [Tenured: 349568K->349568K(349568K), 0.0748489 secs] 506815K->506803K(506816K), [Metaspace: 12953K->12953K(1060864K)], 0.0749271 secs] [Times: user=0.08 sys=0.00, real=0.08 secs] 
2017-11-10T19:34:30.378+0500: 313.838: [Full GC (Allocation Failure) 2017-11-10T19:34:30.379+0500: 313.838: [Tenured: 349568K->349567K(349568K), 0.0742212 secs] 506815K->506809K(506816K), [Metaspace: 12953K->12953K(1060864K)], 0.0742969 secs] [Times: user=0.06 sys=0.00, real=0.08 secs] 
2017-11-10T19:34:30.453+0500: 313.912: [Full GC (Allocation Failure) 2017-11-10T19:34:30.453+0500: 313.912: [Tenured: 349568K->349568K(349568K), 0.0751911 secs] 506815K->506802K(506816K), [Metaspace: 12954K->12954K(1060864K)], 0.0752674 secs] [Times: user=0.08 sys=0.00, real=0.08 secs] 
2017-11-10T19:34:30.529+0500: 313.988: [Full GC (Allocation Failure) 2017-11-10T19:34:30.529+0500: 313.988: [Tenured: 349568K->349568K(349568K), 0.0813203 secs] 506815K->506810K(506816K), [Metaspace: 12954K->12954K(1060864K)], 0.0813951 secs] [Times: user=0.08 sys=0.00, real=0.08 secs] 
2017-11-10T19:34:30.611+0500: 314.070: [Full GC (Allocation Failure) 2017-11-10T19:34:30.611+0500: 314.070: [Tenured: 349568K->349568K(349568K), 0.0860689 secs] 506815K->506802K(506816K), [Metaspace: 12954K->12954K(1060864K)], 0.0861725 secs] [Times: user=0.09 sys=0.00, real=0.09 secs] 
2017-11-10T19:34:30.698+0500: 314.157: [Full GC (Allocation Failure) 2017-11-10T19:34:30.698+0500: 314.157: [Tenured: 349568K->349567K(349568K), 0.0839809 secs] 506815K->506809K(506816K), [Metaspace: 12954K->12954K(1060864K)], 0.0840953 secs] [Times: user=0.08 sys=0.00, real=0.08 secs] 
2017-11-10T19:34:30.782+0500: 314.241: [Full GC (Allocation Failure) 2017-11-10T19:34:30.782+0500: 314.241: [Tenured: 349567K->349567K(349568K), 0.0767135 secs] 506815K->506802K(506816K), [Metaspace: 12954K->12954K(1060864K)], 0.0768460 secs] [Times: user=0.08 sys=0.00, real=0.08 secs] 
2017-11-10T19:34:30.859+0500: 314.319: [Full GC (Allocation Failure) 2017-11-10T19:34:30.859+0500: 314.319: [Tenured: 349567K->349567K(349568K), 0.0750655 secs] 506815K->506810K(506816K), [Metaspace: 12954K->12954K(1060864K)], 0.0751378 secs] [Times: user=0.08 sys=0.00, real=0.08 secs] 
2017-11-10T19:34:30.935+0500: 314.394: [Full GC (Allocation Failure) 2017-11-10T19:34:30.935+0500: 314.394: [Tenured: 349567K->349567K(349568K), 0.0761831 secs] 506815K->506802K(506816K), [Metaspace: 12954K->12954K(1060864K)], 0.0762877 secs] [Times: user=0.08 sys=0.00, real=0.08 secs] 
2017-11-10T19:34:31.012+0500: 314.471: [Full GC (Allocation Failure) 2017-11-10T19:34:31.012+0500: 314.471: [Tenured: 349567K->349567K(349568K), 0.0753569 secs] 506815K->506809K(506816K), [Metaspace: 12954K->12954K(1060864K)], 0.0754649 secs] [Times: user=0.08 sys=0.00, real=0.07 secs] 
2017-11-10T19:34:31.088+0500: 314.547: [Full GC (Allocation Failure) 2017-11-10T19:34:31.088+0500: 314.547: [Tenured: 349567K->349567K(349568K), 0.0750865 secs] 506815K->506802K(506816K), [Metaspace: 12954K->12954K(1060864K)], 0.0751657 secs] [Times: user=0.08 sys=0.00, real=0.08 secs] 
2017-11-10T19:34:31.163+0500: 314.623: [Full GC (Allocation Failure) 2017-11-10T19:34:31.163+0500: 314.623: [Tenured: 349567K->349567K(349568K), 0.0753471 secs] 506815K->506810K(506816K), [Metaspace: 12954K->12954K(1060864K)], 0.0754155 secs] [Times: user=0.08 sys=0.00, real=0.08 secs] 
2017-11-10T19:34:31.239+0500: 314.698: [Full GC (Allocation Failure) 2017-11-10T19:34:31.239+0500: 314.698: [Tenured: 349567K->349567K(349568K), 0.0809825 secs] 506815K->506802K(506816K), [Metaspace: 12954K->12954K(1060864K)], 0.0810915 secs] [Times: user=0.08 sys=0.00, real=0.08 secs] 
2017-11-10T19:34:31.321+0500: 314.780: [Full GC (Allocation Failure) 2017-11-10T19:34:31.321+0500: 314.780: [Tenured: 349567K->349567K(349568K), 0.0767600 secs] 506815K->506809K(506816K), [Metaspace: 12954K->12954K(1060864K)], 0.0768348 secs] [Times: user=0.08 sys=0.00, real=0.08 secs] 
2017-11-10T19:34:31.398+0500: 314.857: [Full GC (Allocation Failure) 2017-11-10T19:34:31.398+0500: 314.857: [Tenured: 349567K->349567K(349568K), 0.0739009 secs] 506815K->506802K(506816K), [Metaspace: 12954K->12954K(1060864K)], 0.0739748 secs] [Times: user=0.08 sys=0.00, real=0.07 secs] 
2017-11-10T19:34:31.473+0500: 314.932: [Full GC (Allocation Failure) 2017-11-10T19:34:31.473+0500: 314.932: [Tenured: 349567K->349567K(349568K), 0.0753212 secs] 506815K->506810K(506816K), [Metaspace: 12954K->12954K(1060864K)], 0.0754395 secs] [Times: user=0.06 sys=0.00, real=0.08 secs] 
2017-11-10T19:34:31.549+0500: 315.008: [Full GC (Allocation Failure) 2017-11-10T19:34:31.549+0500: 315.008: [Tenured: 349567K->349567K(349568K), 0.0756937 secs] 506815K->506802K(506816K), [Metaspace: 12954K->12954K(1060864K)], 0.0758149 secs] [Times: user=0.08 sys=0.00, real=0.08 secs] 
2017-11-10T19:34:31.625+0500: 315.084: [Full GC (Allocation Failure) 2017-11-10T19:34:31.625+0500: 315.084: [Tenured: 349567K->349567K(349568K), 0.0795569 secs] 506815K->506809K(506816K), [Metaspace: 12954K->12954K(1060864K)], 0.0796684 secs] [Times: user=0.08 sys=0.00, real=0.08 secs] 
2017-11-10T19:34:31.705+0500: 315.164: [Full GC (Allocation Failure) 2017-11-10T19:34:31.705+0500: 315.164: [Tenured: 349567K->349567K(349568K), 0.0871405 secs] 506815K->506802K(506816K), [Metaspace: 12954K->12954K(1060864K)], 0.0872642 secs] [Times: user=0.08 sys=0.00, real=0.09 secs] 
2017-11-10T19:34:31.793+0500: 315.252: [Full GC (Allocation Failure) 2017-11-10T19:34:31.793+0500: 315.252: [Tenured: 349567K->349567K(349568K), 0.0781733 secs] 506815K->506810K(506816K), [Metaspace: 12954K->12954K(1060864K)], 0.0782525 secs] [Times: user=0.08 sys=0.00, real=0.08 secs] 
2017-11-10T19:34:31.872+0500: 315.331: [Full GC (Allocation Failure) 2017-11-10T19:34:31.872+0500: 315.331: [Tenured: 349567K->349567K(349568K), 0.0757529 secs] 506815K->506802K(506816K), [Metaspace: 12954K->12954K(1060864K)], 0.0758355 secs] [Times: user=0.08 sys=0.00, real=0.08 secs] 
2017-11-10T19:34:31.948+0500: 315.407: [Full GC (Allocation Failure) 2017-11-10T19:34:31.948+0500: 315.407: [Tenured: 349567K->349567K(349568K), 0.0750699 secs] 506815K->506809K(506816K), [Metaspace: 12954K->12954K(1060864K)], 0.0751794 secs] [Times: user=0.08 sys=0.00, real=0.08 secs] 
2017-11-10T19:34:32.024+0500: 315.484: [Full GC (Allocation Failure) 2017-11-10T19:34:32.024+0500: 315.484: [Tenured: 349567K->349567K(349568K), 0.0760061 secs] 506815K->506802K(506816K), [Metaspace: 12954K->12954K(1060864K)], 0.0761117 secs] [Times: user=0.08 sys=0.00, real=0.08 secs] 
2017-11-10T19:34:32.101+0500: 315.560: [Full GC (Allocation Failure) 2017-11-10T19:34:32.101+0500: 315.560: [Tenured: 349567K->349567K(349568K), 0.0758154 secs] 506815K->506810K(506816K), [Metaspace: 12954K->12954K(1060864K)], 0.0758961 secs] [Times: user=0.08 sys=0.00, real=0.08 secs] 
2017-11-10T19:34:32.177+0500: 315.637: [Full GC (Allocation Failure) 2017-11-10T19:34:32.177+0500: 315.637: [Tenured: 349567K->349567K(349568K), 0.0780912 secs] 506815K->506802K(506816K), [Metaspace: 12954K->12954K(1060864K)], 0.0781729 secs] [Times: user=0.08 sys=0.00, real=0.08 secs] 
2017-11-10T19:34:32.256+0500: 315.715: [Full GC (Allocation Failure) 2017-11-10T19:34:32.256+0500: 315.715: [Tenured: 349567K->349567K(349568K), 0.0825054 secs] 506815K->506809K(506816K), [Metaspace: 12954K->12954K(1060864K)], 0.0826012 secs] [Times: user=0.08 sys=0.00, real=0.08 secs] 
2017-11-10T19:34:32.340+0500: 315.799: [Full GC (Allocation Failure) 2017-11-10T19:34:32.340+0500: 315.799: [Tenured: 349567K->349567K(349568K), 0.0763253 secs] 506815K->506802K(506816K), [Metaspace: 12954K->12954K(1060864K)], 0.0764383 secs] [Times: user=0.08 sys=0.00, real=0.08 secs] 
2017-11-10T19:34:32.417+0500: 315.876: [Full GC (Allocation Failure) 2017-11-10T19:34:32.417+0500: 315.876: [Tenured: 349567K->349567K(349568K), 0.0780223 secs] 506815K->506810K(506816K), [Metaspace: 12954K->12954K(1060864K)], 0.0781064 secs] [Times: user=0.08 sys=0.00, real=0.08 secs] 
2017-11-10T19:34:32.495+0500: 315.954: [Full GC (Allocation Failure) 2017-11-10T19:34:32.495+0500: 315.954: [Tenured: 349567K->349567K(349568K), 0.0743869 secs] 506815K->506802K(506816K), [Metaspace: 12954K->12954K(1060864K)], 0.0744700 secs] [Times: user=0.08 sys=0.00, real=0.07 secs] 
2017-11-10T19:34:32.570+0500: 316.029: [Full GC (Allocation Failure) 2017-11-10T19:34:32.570+0500: 316.029: [Tenured: 349567K->349567K(349568K), 0.0766690 secs] 506815K->506809K(506816K), [Metaspace: 12954K->12954K(1060864K)], 0.0767761 secs] [Times: user=0.08 sys=0.00, real=0.08 secs] 
2017-11-10T19:34:32.647+0500: 316.106: [Full GC (Allocation Failure) 2017-11-10T19:34:32.647+0500: 316.106: [Tenured: 349567K->349567K(349568K), 0.0770699 secs] 506815K->506802K(506816K), [Metaspace: 12954K->12954K(1060864K)], 0.0771447 secs] [Times: user=0.08 sys=0.00, real=0.08 secs] 
2017-11-10T19:34:32.725+0500: 316.184: [Full GC (Allocation Failure) 2017-11-10T19:34:32.725+0500: 316.184: [Tenured: 349567K->349567K(349568K), 0.0841930 secs] 506815K->506810K(506816K), [Metaspace: 12954K->12954K(1060864K)], 0.0843275 secs] [Times: user=0.08 sys=0.00, real=0.08 secs] 
2017-11-10T19:34:32.810+0500: 316.269: [Full GC (Allocation Failure) 2017-11-10T19:34:32.810+0500: 316.269: [Tenured: 349567K->349567K(349568K), 0.0756409 secs] 506815K->506802K(506816K), [Metaspace: 12954K->12954K(1060864K)], 0.0757225 secs] [Times: user=0.08 sys=0.00, real=0.08 secs] 
2017-11-10T19:34:32.886+0500: 316.345: [Full GC (Allocation Failure) 2017-11-10T19:34:32.886+0500: 316.345: [Tenured: 349567K->349567K(349568K), 0.0754018 secs] 506815K->506809K(506816K), [Metaspace: 12954K->12954K(1060864K)], 0.0754747 secs] [Times: user=0.08 sys=0.00, real=0.08 secs] 
2017-11-10T19:34:32.962+0500: 316.421: [Full GC (Allocation Failure) 2017-11-10T19:34:32.962+0500: 316.421: [Tenured: 349567K->349567K(349568K), 0.0741909 secs] 506815K->506802K(506816K), [Metaspace: 12954K->12954K(1060864K)], 0.0742921 secs] [Times: user=0.08 sys=0.00, real=0.07 secs] 
2017-11-10T19:34:33.036+0500: 316.496: [Full GC (Allocation Failure) 2017-11-10T19:34:33.036+0500: 316.496: [Tenured: 349567K->349567K(349568K), 0.0759318 secs] 506815K->506810K(506816K), [Metaspace: 12954K->12954K(1060864K)], 0.0760076 secs] [Times: user=0.08 sys=0.00, real=0.08 secs] 
2017-11-10T19:34:33.113+0500: 316.572: [Full GC (Allocation Failure) 2017-11-10T19:34:33.113+0500: 316.572: [Tenured: 349567K->349567K(349568K), 0.0739860 secs] 506815K->506802K(506816K), [Metaspace: 12954K->12954K(1060864K)], 0.0740549 secs] [Times: user=0.06 sys=0.00, real=0.07 secs] 
2017-11-10T19:34:33.188+0500: 316.647: [Full GC (Allocation Failure) 2017-11-10T19:34:33.188+0500: 316.647: [Tenured: 349567K->349567K(349568K), 0.0752674 secs] 506815K->506809K(506816K), [Metaspace: 12954K->12954K(1060864K)], 0.0753397 secs] [Times: user=0.08 sys=0.00, real=0.08 secs] 
2017-11-10T19:34:33.264+0500: 316.722: [Full GC (Allocation Failure) 2017-11-10T19:34:33.264+0500: 316.722: [Tenured: 349567K->349567K(349568K), 0.0750469 secs] 506815K->506802K(506816K), [Metaspace: 12954K->12954K(1060864K)], 0.0751188 secs] [Times: user=0.08 sys=0.00, real=0.08 secs] 
2017-11-10T19:34:33.339+0500: 316.798: [Full GC (Allocation Failure) 2017-11-10T19:34:33.339+0500: 316.798: [Tenured: 349567K->349567K(349568K), 0.0754654 secs] 506815K->506810K(506816K), [Metaspace: 12954K->12954K(1060864K)], 0.0755676 secs] [Times: user=0.08 sys=0.00, real=0.08 secs] 
2017-11-10T19:34:33.415+0500: 316.874: [Full GC (Allocation Failure) 2017-11-10T19:34:33.415+0500: 316.874: [Tenured: 349567K->349567K(349568K), 0.0751779 secs] 506815K->506802K(506816K), [Metaspace: 12954K->12954K(1060864K)], 0.0752557 secs] [Times: user=0.08 sys=0.00, real=0.08 secs] 
2017-11-10T19:34:33.491+0500: 316.950: [Full GC (Allocation Failure) 2017-11-10T19:34:33.491+0500: 316.950: [Tenured: 349567K->349567K(349568K), 0.0757939 secs] 506815K->506809K(506816K), [Metaspace: 12954K->12954K(1060864K)], 0.0759029 secs] [Times: user=0.08 sys=0.00, real=0.08 secs] 
2017-11-10T19:34:33.568+0500: 317.027: [Full GC (Allocation Failure) 2017-11-10T19:34:33.568+0500: 317.027: [Tenured: 349567K->349567K(349568K), 0.0747858 secs] 506815K->506802K(506816K), [Metaspace: 12954K->12954K(1060864K)], 0.0749066 secs] [Times: user=0.06 sys=0.00, real=0.07 secs] 
2017-11-10T19:34:33.643+0500: 317.102: [Full GC (Allocation Failure) 2017-11-10T19:34:33.643+0500: 317.102: [Tenured: 349567K->349567K(349568K), 0.0753583 secs] 506815K->506810K(506816K), [Metaspace: 12954K->12954K(1060864K)], 0.0754297 secs] [Times: user=0.06 sys=0.00, real=0.08 secs] 
2017-11-10T19:34:33.719+0500: 317.178: [Full GC (Allocation Failure) 2017-11-10T19:34:33.719+0500: 317.178: [Tenured: 349567K->349567K(349568K), 0.0765595 secs] 506815K->506802K(506816K), [Metaspace: 12954K->12954K(1060864K)], 0.0766358 secs] [Times: user=0.08 sys=0.00, real=0.08 secs] 
2017-11-10T19:34:33.796+0500: 317.255: [Full GC (Allocation Failure) 2017-11-10T19:34:33.796+0500: 317.255: [Tenured: 349567K->349567K(349568K), 0.0752038 secs] 506815K->506809K(506816K), [Metaspace: 12954K->12954K(1060864K)], 0.0752772 secs] [Times: user=0.08 sys=0.00, real=0.08 secs] 
2017-11-10T19:34:33.872+0500: 317.331: [Full GC (Allocation Failure) 2017-11-10T19:34:33.872+0500: 317.331: [Tenured: 349567K->349567K(349568K), 0.0759181 secs] 506815K->506802K(506816K), [Metaspace: 12954K->12954K(1060864K)], 0.0759924 secs] [Times: user=0.08 sys=0.00, real=0.08 secs] 
2017-11-10T19:34:33.948+0500: 317.407: [Full GC (Allocation Failure) 2017-11-10T19:34:33.948+0500: 317.407: [Tenured: 349567K->349567K(349568K), 0.0748905 secs] 506815K->506810K(506816K), [Metaspace: 12954K->12954K(1060864K)], 0.0749613 secs] [Times: user=0.08 sys=0.00, real=0.08 secs] 
2017-11-10T19:34:34.024+0500: 317.483: [Full GC (Allocation Failure) 2017-11-10T19:34:34.024+0500: 317.483: [Tenured: 349567K->349567K(349568K), 0.0749032 secs] 506815K->506802K(506816K), [Metaspace: 12954K->12954K(1060864K)], 0.0749873 secs] [Times: user=0.08 sys=0.00, real=0.08 secs] 
2017-11-10T19:34:34.099+0500: 317.558: [Full GC (Allocation Failure) 2017-11-10T19:34:34.099+0500: 317.558: [Tenured: 349567K->349567K(349568K), 0.0750058 secs] 506815K->506809K(506816K), [Metaspace: 12954K->12954K(1060864K)], 0.0750797 secs] [Times: user=0.08 sys=0.00, real=0.08 secs] 
2017-11-10T19:34:34.175+0500: 317.634: [Full GC (Allocation Failure) 2017-11-10T19:34:34.175+0500: 317.634: [Tenured: 349567K->349567K(349568K), 0.0740633 secs] 506815K->506802K(506816K), [Metaspace: 12954K->12954K(1060864K)], 0.0741371 secs] [Times: user=0.06 sys=0.00, real=0.07 secs] 
2017-11-10T19:34:34.249+0500: 317.708: [Full GC (Allocation Failure) 2017-11-10T19:34:34.249+0500: 317.708: [Tenured: 349567K->349567K(349568K), 0.0750303 secs] 506815K->506810K(506816K), [Metaspace: 12954K->12954K(1060864K)], 0.0751017 secs] [Times: user=0.08 sys=0.00, real=0.07 secs] 
2017-11-10T19:34:34.325+0500: 317.784: [Full GC (Allocation Failure) 2017-11-10T19:34:34.325+0500: 317.784: [Tenured: 349567K->349567K(349568K), 0.0754380 secs] 506815K->506802K(506816K), [Metaspace: 12954K->12954K(1060864K)], 0.0755118 secs] [Times: user=0.08 sys=0.00, real=0.08 secs] 
2017-11-10T19:34:34.401+0500: 317.860: [Full GC (Allocation Failure) 2017-11-10T19:34:34.401+0500: 317.860: [Tenured: 349567K->349567K(349568K), 0.0825709 secs] 506815K->506809K(506816K), [Metaspace: 12954K->12954K(1060864K)], 0.0826501 secs] [Times: user=0.08 sys=0.00, real=0.08 secs] 
2017-11-10T19:34:34.484+0500: 317.943: [Full GC (Allocation Failure) 2017-11-10T19:34:34.484+0500: 317.943: [Tenured: 349567K->349567K(349568K), 0.0784153 secs] 506815K->506802K(506816K), [Metaspace: 12954K->12954K(1060864K)], 0.0784765 secs] [Times: user=0.08 sys=0.00, real=0.08 secs] 
2017-11-10T19:34:34.563+0500: 318.022: [Full GC (Allocation Failure) 2017-11-10T19:34:34.563+0500: 318.022: [Tenured: 349567K->349567K(349568K), 0.0900509 secs] 506815K->506810K(506816K), [Metaspace: 12954K->12954K(1060864K)], 0.0901795 secs] [Times: user=0.09 sys=0.00, real=0.09 secs] 
2017-11-10T19:34:34.653+0500: 318.112: [Full GC (Allocation Failure) 2017-11-10T19:34:34.653+0500: 318.113: [Tenured: 349567K->349567K(349568K), 0.0837946 secs] 506815K->506794K(506816K), [Metaspace: 12954K->12954K(1060864K)], 0.0838821 secs] [Times: user=0.09 sys=0.00, real=0.08 secs] 
2017-11-10T19:34:34.738+0500: 318.197: [Full GC (Allocation Failure) 2017-11-10T19:34:34.738+0500: 318.197: [Tenured: 349567K->349567K(349568K), 0.0760995 secs] 506815K->506795K(506816K), [Metaspace: 12954K->12954K(1060864K)], 0.0761748 secs] [Times: user=0.06 sys=0.00, real=0.08 secs] 
2017-11-10T19:34:34.815+0500: 318.274: [Full GC (Allocation Failure) 2017-11-10T19:34:34.815+0500: 318.274: [Tenured: 349567K->349567K(349568K), 0.0797148 secs] 506815K->506796K(506816K), [Metaspace: 12954K->12954K(1060864K)], 0.0797974 secs] [Times: user=0.08 sys=0.00, real=0.08 secs] 
2017-11-10T19:34:34.895+0500: 318.354: [Full GC (Allocation Failure) 2017-11-10T19:34:34.895+0500: 318.354: [Tenured: 349567K->349567K(349568K), 0.0752840 secs] 506815K->506797K(506816K), [Metaspace: 12954K->12954K(1060864K)], 0.0753896 secs] [Times: user=0.06 sys=0.00, real=0.08 secs] 
2017-11-10T19:34:34.971+0500: 318.430: [Full GC (Allocation Failure) 2017-11-10T19:34:34.971+0500: 318.430: [Tenured: 349567K->349567K(349568K), 0.0746485 secs] 506815K->506796K(506816K), [Metaspace: 12954K->12954K(1060864K)], 0.0747198 secs] [Times: user=0.06 sys=0.00, real=0.08 secs] 
2017-11-10T19:34:35.047+0500: 318.506: [Full GC (Allocation Failure) 2017-11-10T19:34:35.047+0500: 318.506: [Tenured: 349567K->349567K(349568K), 0.0746401 secs] 506815K->506796K(506816K), [Metaspace: 12954K->12954K(1060864K)], 0.0747135 secs] [Times: user=0.08 sys=0.00, real=0.07 secs] 
2017-11-10T19:34:35.122+0500: 318.581: [Full GC (Allocation Failure) 2017-11-10T19:34:35.122+0500: 318.581: [Tenured: 349567K->349567K(349568K), 0.0748885 secs] 506815K->506796K(506816K), [Metaspace: 12954K->12954K(1060864K)], 0.0749750 secs] [Times: user=0.08 sys=0.00, real=0.08 secs] 
2017-11-10T19:34:35.197+0500: 318.657: [Full GC (Allocation Failure) 2017-11-10T19:34:35.197+0500: 318.657: [Tenured: 349567K->349567K(349568K), 0.0739992 secs] 506815K->506797K(506816K), [Metaspace: 12954K->12954K(1060864K)], 0.0740784 secs] [Times: user=0.08 sys=0.00, real=0.07 secs] 
2017-11-10T19:34:35.272+0500: 318.731: [Full GC (Allocation Failure) 2017-11-10T19:34:35.272+0500: 318.731: [Tenured: 349567K->349567K(349568K), 0.0757656 secs] 506815K->506797K(506816K), [Metaspace: 12954K->12954K(1060864K)], 0.0758418 secs] [Times: user=0.08 sys=0.00, real=0.08 secs] 
2017-11-10T19:34:35.348+0500: 318.808: [Full GC (Allocation Failure) 2017-11-10T19:34:35.348+0500: 318.808: [Tenured: 349567K->349567K(349568K), 0.0753114 secs] 506815K->506796K(506816K), [Metaspace: 12954K->12954K(1060864K)], 0.0753925 secs] [Times: user=0.06 sys=0.00, real=0.08 secs] 
2017-11-10T19:34:35.425+0500: 318.884: [Full GC (Allocation Failure) 2017-11-10T19:34:35.425+0500: 318.884: [Tenured: 349567K->349567K(349568K), 0.0750498 secs] 506815K->506796K(506816K), [Metaspace: 12954K->12954K(1060864K)], 0.0751246 secs] [Times: user=0.06 sys=0.00, real=0.08 secs] 
2017-11-10T19:34:35.500+0500: 318.959: [Full GC (Allocation Failure) 2017-11-10T19:34:35.500+0500: 318.959: [Tenured: 349567K->349567K(349568K), 0.0754585 secs] 506815K->506797K(506816K), [Metaspace: 12954K->12954K(1060864K)], 0.0755329 secs] [Times: user=0.08 sys=0.00, real=0.08 secs] 
2017-11-10T19:34:35.576+0500: 319.035: [Full GC (Allocation Failure) 2017-11-10T19:34:35.576+0500: 319.036: [Tenured: 349567K->349567K(349568K), 0.0742686 secs] 506815K->506797K(506816K), [Metaspace: 12954K->12954K(1060864K)], 0.0743409 secs] [Times: user=0.08 sys=0.00, real=0.08 secs] 
2017-11-10T19:34:35.651+0500: 319.110: [Full GC (Allocation Failure) 2017-11-10T19:34:35.651+0500: 319.110: [Tenured: 349567K->349567K(349568K), 0.0751809 secs] 506815K->506796K(506816K), [Metaspace: 12954K->12954K(1060864K)], 0.0752571 secs] [Times: user=0.08 sys=0.00, real=0.08 secs] 
2017-11-10T19:34:35.727+0500: 319.186: [Full GC (Allocation Failure) 2017-11-10T19:34:35.727+0500: 319.186: [Tenured: 349567K->349567K(349568K), 0.0750552 secs] 506815K->506796K(506816K), [Metaspace: 12954K->12954K(1060864K)], 0.0751549 secs] [Times: user=0.08 sys=0.00, real=0.08 secs] 
2017-11-10T19:34:35.803+0500: 319.262: [Full GC (Allocation Failure) 2017-11-10T19:34:35.803+0500: 319.262: [Tenured: 349567K->349567K(349568K), 0.0791795 secs] 506815K->506797K(506816K), [Metaspace: 12954K->12954K(1060864K)], 0.0792802 secs] [Times: user=0.08 sys=0.00, real=0.08 secs] 
2017-11-10T19:34:35.883+0500: 319.342: [Full GC (Allocation Failure) 2017-11-10T19:34:35.883+0500: 319.342: [Tenured: 349567K->349567K(349568K), 0.0767991 secs] 506815K->506797K(506816K), [Metaspace: 12954K->12954K(1060864K)], 0.0769042 secs] [Times: user=0.08 sys=0.00, real=0.08 secs] 
2017-11-10T19:34:35.960+0500: 319.420: [Full GC (Allocation Failure) 2017-11-10T19:34:35.960+0500: 319.420: [Tenured: 349567K->349567K(349568K), 0.0741356 secs] 506815K->506796K(506816K), [Metaspace: 12954K->12954K(1060864K)], 0.0742505 secs] [Times: user=0.08 sys=0.00, real=0.08 secs] 
2017-11-10T19:34:36.035+0500: 319.494: [Full GC (Allocation Failure) 2017-11-10T19:34:36.035+0500: 319.494: [Tenured: 349567K->349567K(349568K), 0.0781968 secs] 506815K->506796K(506816K), [Metaspace: 12954K->12954K(1060864K)], 0.0782995 secs] [Times: user=0.08 sys=0.00, real=0.08 secs] 
2017-11-10T19:34:36.114+0500: 319.573: [Full GC (Allocation Failure) 2017-11-10T19:34:36.114+0500: 319.573: [Tenured: 349567K->349567K(349568K), 0.0755695 secs] 506815K->506797K(506816K), [Metaspace: 12954K->12954K(1060864K)], 0.0756521 secs] [Times: user=0.06 sys=0.00, real=0.08 secs] 
2017-11-10T19:34:36.190+0500: 319.650: [Full GC (Allocation Failure) 2017-11-10T19:34:36.190+0500: 319.650: [Tenured: 349567K->349567K(349568K), 0.0778546 secs] 506815K->506797K(506816K), [Metaspace: 12954K->12954K(1060864K)], 0.0779377 secs] [Times: user=0.08 sys=0.00, real=0.08 secs] 
2017-11-10T19:34:36.269+0500: 319.728: [Full GC (Allocation Failure) 2017-11-10T19:34:36.269+0500: 319.728: [Tenured: 349567K->349567K(349568K), 0.0778326 secs] 506815K->506796K(506816K), [Metaspace: 12954K->12954K(1060864K)], 0.0779035 secs] [Times: user=0.08 sys=0.00, real=0.08 secs] 
2017-11-10T19:34:36.347+0500: 319.807: [Full GC (Allocation Failure) 2017-11-10T19:34:36.347+0500: 319.807: [Tenured: 349567K->349567K(349568K), 0.0778551 secs] 506815K->506796K(506816K), [Metaspace: 12954K->12954K(1060864K)], 0.0779313 secs] [Times: user=0.08 sys=0.00, real=0.08 secs] 
2017-11-10T19:34:36.426+0500: 319.885: [Full GC (Allocation Failure) 2017-11-10T19:34:36.426+0500: 319.885: [Tenured: 349567K->349567K(349568K), 0.0803499 secs] 506815K->506797K(506816K), [Metaspace: 12954K->12954K(1060864K)], 0.0804384 secs] [Times: user=0.08 sys=0.00, real=0.08 secs] 
2017-11-10T19:34:36.508+0500: 319.967: [Full GC (Allocation Failure) 2017-11-10T19:34:36.508+0500: 319.967: [Tenured: 349567K->349567K(349568K), 0.0815105 secs] 506815K->506797K(506816K), [Metaspace: 12954K->12954K(1060864K)], 0.0816317 secs] [Times: user=0.08 sys=0.00, real=0.08 secs] 
2017-11-10T19:34:36.590+0500: 320.050: [Full GC (Allocation Failure) 2017-11-10T19:34:36.590+0500: 320.050: [Tenured: 349567K->349567K(349568K), 0.0830979 secs] 506815K->506796K(506816K), [Metaspace: 12954K->12954K(1060864K)], 0.0831957 secs] [Times: user=0.08 sys=0.00, real=0.08 secs] 
2017-11-10T19:34:36.674+0500: 320.134: [Full GC (Allocation Failure) 2017-11-10T19:34:36.674+0500: 320.134: [Tenured: 349567K->349567K(349568K), 0.0819745 secs] 506815K->506796K(506816K), [Metaspace: 12954K->12954K(1060864K)], 0.0820874 secs] [Times: user=0.08 sys=0.00, real=0.08 secs] 
2017-11-10T19:34:36.757+0500: 320.216: [Full GC (Allocation Failure) 2017-11-10T19:34:36.757+0500: 320.216: [Tenured: 349567K->349567K(349568K), 0.0763537 secs] 506815K->506797K(506816K), [Metaspace: 12954K->12954K(1060864K)], 0.0764515 secs] [Times: user=0.08 sys=0.00, real=0.08 secs] 
2017-11-10T19:34:36.834+0500: 320.293: [Full GC (Allocation Failure) 2017-11-10T19:34:36.834+0500: 320.293: [Tenured: 349567K->349567K(349568K), 0.0767653 secs] 506815K->506797K(506816K), [Metaspace: 12954K->12954K(1060864K)], 0.0768421 secs] [Times: user=0.08 sys=0.00, real=0.08 secs] 
2017-11-10T19:34:36.912+0500: 320.371: [Full GC (Allocation Failure) 2017-11-10T19:34:36.912+0500: 320.371: [Tenured: 349567K->349567K(349568K), 0.0763390 secs] 506815K->506796K(506816K), [Metaspace: 12954K->12954K(1060864K)], 0.0764353 secs] [Times: user=0.08 sys=0.00, real=0.08 secs] 
2017-11-10T19:34:36.989+0500: 320.449: [Full GC (Allocation Failure) 2017-11-10T19:34:36.989+0500: 320.449: [Tenured: 349567K->349567K(349568K), 0.0785014 secs] 506815K->506796K(506816K), [Metaspace: 12954K->12954K(1060864K)], 0.0785943 secs] [Times: user=0.08 sys=0.00, real=0.08 secs] 
2017-11-10T19:34:37.069+0500: 320.528: [Full GC (Allocation Failure) 2017-11-10T19:34:37.069+0500: 320.528: [Tenured: 349567K->349567K(349568K), 0.0759122 secs] 506815K->506797K(506816K), [Metaspace: 12954K->12954K(1060864K)], 0.0760188 secs] [Times: user=0.08 sys=0.00, real=0.08 secs] 
2017-11-10T19:34:37.146+0500: 320.604: [Full GC (Allocation Failure) 2017-11-10T19:34:37.146+0500: 320.604: [Tenured: 349567K->349567K(349568K), 0.0742833 secs] 506815K->506797K(506816K), [Metaspace: 12954K->12954K(1060864K)], 0.0743708 secs] [Times: user=0.06 sys=0.00, real=0.07 secs] 
2017-11-10T19:34:37.221+0500: 320.679: [Full GC (Allocation Failure) 2017-11-10T19:34:37.221+0500: 320.680: [Tenured: 349567K->349567K(349568K), 0.0760628 secs] 506815K->506796K(506816K), [Metaspace: 12954K->12954K(1060864K)], 0.0762100 secs] [Times: user=0.08 sys=0.00, real=0.08 secs] 
2017-11-10T19:34:37.297+0500: 320.756: [Full GC (Allocation Failure) 2017-11-10T19:34:37.297+0500: 320.756: [Tenured: 349567K->349567K(349568K), 0.0740246 secs] 506815K->506796K(506816K), [Metaspace: 12954K->12954K(1060864K)], 0.0740965 secs] [Times: user=0.08 sys=0.00, real=0.07 secs] 
2017-11-10T19:34:37.372+0500: 320.831: [Full GC (Allocation Failure) 2017-11-10T19:34:37.372+0500: 320.831: [Tenured: 349567K->349567K(349568K), 0.0748377 secs] 506815K->506797K(506816K), [Metaspace: 12954K->12954K(1060864K)], 0.0749164 secs] [Times: user=0.08 sys=0.00, real=0.08 secs] 
2017-11-10T19:34:37.448+0500: 320.906: [Full GC (Allocation Failure) 2017-11-10T19:34:37.448+0500: 320.906: [Tenured: 349567K->349567K(349568K), 0.0749692 secs] 506815K->506797K(506816K), [Metaspace: 12954K->12954K(1060864K)], 0.0750469 secs] [Times: user=0.08 sys=0.00, real=0.08 secs] 
2017-11-10T19:34:37.523+0500: 320.982: [Full GC (Allocation Failure) 2017-11-10T19:34:37.523+0500: 320.982: [Tenured: 349567K->349567K(349568K), 0.0762329 secs] 506815K->506796K(506816K), [Metaspace: 12954K->12954K(1060864K)], 0.0763112 secs] [Times: user=0.08 sys=0.00, real=0.08 secs] 
2017-11-10T19:34:37.600+0500: 321.059: [Full GC (Allocation Failure) 2017-11-10T19:34:37.600+0500: 321.059: [Tenured: 349567K->349567K(349568K), 0.0784701 secs] 506815K->506796K(506816K), [Metaspace: 12954K->12954K(1060864K)], 0.0785449 secs] [Times: user=0.08 sys=0.00, real=0.08 secs] 
2017-11-10T19:34:37.679+0500: 321.138: [Full GC (Allocation Failure) 2017-11-10T19:34:37.679+0500: 321.138: [Tenured: 349567K->349567K(349568K), 0.0776131 secs] 506815K->506797K(506816K), [Metaspace: 12954K->12954K(1060864K)], 0.0776893 secs] [Times: user=0.08 sys=0.00, real=0.08 secs] 
2017-11-10T19:34:37.758+0500: 321.217: [Full GC (Allocation Failure) 2017-11-10T19:34:37.758+0500: 321.217: [Tenured: 349567K->349567K(349568K), 0.0779587 secs] 506815K->506797K(506816K), [Metaspace: 12954K->12954K(1060864K)], 0.0780629 secs] [Times: user=0.08 sys=0.00, real=0.08 secs] 
2017-11-10T19:34:37.836+0500: 321.295: [Full GC (Allocation Failure) 2017-11-10T19:34:37.836+0500: 321.295: [Tenured: 349567K->349567K(349568K), 0.0780922 secs] 506815K->506796K(506816K), [Metaspace: 12954K->12954K(1060864K)], 0.0781763 secs] [Times: user=0.08 sys=0.00, real=0.08 secs] 
2017-11-10T19:34:37.915+0500: 321.374: [Full GC (Allocation Failure) 2017-11-10T19:34:37.915+0500: 321.374: [Tenured: 349567K->349567K(349568K), 0.0755891 secs] 506815K->506796K(506816K), [Metaspace: 12954K->12954K(1060864K)], 0.0756932 secs] [Times: user=0.08 sys=0.00, real=0.08 secs] 
2017-11-10T19:34:37.991+0500: 321.450: [Full GC (Allocation Failure) 2017-11-10T19:34:37.991+0500: 321.450: [Tenured: 349567K->349567K(349568K), 0.0755832 secs] 506815K->506797K(506816K), [Metaspace: 12954K->12954K(1060864K)], 0.0756776 secs] [Times: user=0.08 sys=0.00, real=0.08 secs] 
2017-11-10T19:34:38.068+0500: 321.527: [Full GC (Allocation Failure) 2017-11-10T19:34:38.068+0500: 321.527: [Tenured: 349567K->349567K(349568K), 0.0789678 secs] 506815K->506797K(506816K), [Metaspace: 12954K->12954K(1060864K)], 0.0790695 secs] [Times: user=0.08 sys=0.00, real=0.08 secs] 
2017-11-10T19:34:38.147+0500: 321.606: [Full GC (Allocation Failure) 2017-11-10T19:34:38.147+0500: 321.606: [Tenured: 349567K->349567K(349568K), 0.0814968 secs] 506815K->506796K(506816K), [Metaspace: 12954K->12954K(1060864K)], 0.0815741 secs] [Times: user=0.08 sys=0.00, real=0.08 secs] 
2017-11-10T19:34:38.230+0500: 321.689: [Full GC (Allocation Failure) 2017-11-10T19:34:38.230+0500: 321.689: [Tenured: 349567K->349567K(349568K), 0.0807522 secs] 506815K->506796K(506816K), [Metaspace: 12954K->12954K(1060864K)], 0.0808559 secs] [Times: user=0.08 sys=0.00, real=0.08 secs] 
2017-11-10T19:34:38.311+0500: 321.770: [Full GC (Allocation Failure) 2017-11-10T19:34:38.311+0500: 321.770: [Tenured: 349567K->349567K(349568K), 0.0755558 secs] 506815K->506797K(506816K), [Metaspace: 12954K->12954K(1060864K)], 0.0756380 secs] [Times: user=0.08 sys=0.00, real=0.08 secs] 
2017-11-10T19:34:38.387+0500: 321.846: [Full GC (Allocation Failure) 2017-11-10T19:34:38.387+0500: 321.846: [Tenured: 349567K->349567K(349568K), 0.0745869 secs] 506815K->506797K(506816K), [Metaspace: 12954K->12954K(1060864K)], 0.0746656 secs] [Times: user=0.08 sys=0.00, real=0.07 secs] 
2017-11-10T19:34:38.463+0500: 321.922: [Full GC (Allocation Failure) 2017-11-10T19:34:38.463+0500: 321.922: [Tenured: 349567K->349567K(349568K), 0.0744500 secs] 506815K->506796K(506816K), [Metaspace: 12954K->12954K(1060864K)], 0.0745238 secs] [Times: user=0.08 sys=0.00, real=0.07 secs] 
2017-11-10T19:34:38.538+0500: 321.997: [Full GC (Allocation Failure) 2017-11-10T19:34:38.538+0500: 321.997: [Tenured: 349567K->349567K(349568K), 0.0749667 secs] 506815K->506796K(506816K), [Metaspace: 12954K->12954K(1060864K)], 0.0750415 secs] [Times: user=0.08 sys=0.00, real=0.07 secs] 
2017-11-10T19:34:38.613+0500: 322.072: [Full GC (Allocation Failure) 2017-11-10T19:34:38.613+0500: 322.072: [Tenured: 349567K->349567K(349568K), 0.0744920 secs] 506815K->506797K(506816K), [Metaspace: 12954K->12954K(1060864K)], 0.0745663 secs] [Times: user=0.06 sys=0.00, real=0.08 secs] 
2017-11-10T19:34:38.688+0500: 322.148: [Full GC (Allocation Failure) 2017-11-10T19:34:38.689+0500: 322.148: [Tenured: 349567K->349567K(349568K), 0.0749296 secs] 506815K->506797K(506816K), [Metaspace: 12954K->12954K(1060864K)], 0.0750102 secs] [Times: user=0.08 sys=0.00, real=0.08 secs] 
2017-11-10T19:34:38.764+0500: 322.223: [Full GC (Allocation Failure) 2017-11-10T19:34:38.764+0500: 322.223: [Tenured: 349567K->349567K(349568K), 0.0740794 secs] 506815K->506796K(506816K), [Metaspace: 12954K->12954K(1060864K)], 0.0741527 secs] [Times: user=0.08 sys=0.00, real=0.07 secs] 
2017-11-10T19:34:38.839+0500: 322.298: [Full GC (Allocation Failure) 2017-11-10T19:34:38.839+0500: 322.298: [Tenured: 349567K->349567K(349568K), 0.0769878 secs] 506815K->506796K(506816K), [Metaspace: 12954K->12954K(1060864K)], 0.0770685 secs] [Times: user=0.08 sys=0.00, real=0.08 secs] 
2017-11-10T19:34:38.917+0500: 322.376: [Full GC (Allocation Failure) 2017-11-10T19:34:38.917+0500: 322.376: [Tenured: 349567K->349567K(349568K), 0.0749085 secs] 506815K->506797K(506816K), [Metaspace: 12954K->12954K(1060864K)], 0.0749838 secs] [Times: user=0.08 sys=0.00, real=0.08 secs] 
2017-11-10T19:34:38.992+0500: 322.452: [Full GC (Allocation Failure) 2017-11-10T19:34:38.992+0500: 322.452: [Tenured: 349567K->349567K(349568K), 0.0753187 secs] 506815K->506797K(506816K), [Metaspace: 12954K->12954K(1060864K)], 0.0754224 secs] [Times: user=0.08 sys=0.00, real=0.08 secs] 
2017-11-10T19:34:39.068+0500: 322.528: [Full GC (Allocation Failure) 2017-11-10T19:34:39.068+0500: 322.528: [Tenured: 349567K->349567K(349568K), 0.0752664 secs] 506815K->506796K(506816K), [Metaspace: 12954K->12954K(1060864K)], 0.0753412 secs] [Times: user=0.08 sys=0.00, real=0.08 secs] 
2017-11-10T19:34:39.144+0500: 322.603: [Full GC (Allocation Failure) 2017-11-10T19:34:39.144+0500: 322.603: [Tenured: 349567K->349567K(349568K), 0.0754854 secs] 506815K->506796K(506816K), [Metaspace: 12954K->12954K(1060864K)], 0.0755651 secs] [Times: user=0.06 sys=0.00, real=0.08 secs] 
2017-11-10T19:34:39.221+0500: 322.680: [Full GC (Allocation Failure) 2017-11-10T19:34:39.221+0500: 322.680: [Tenured: 349567K->349567K(349568K), 0.0824115 secs] 506815K->506797K(506816K), [Metaspace: 12954K->12954K(1060864K)], 0.0825215 secs] [Times: user=0.09 sys=0.00, real=0.08 secs] 
2017-11-10T19:34:39.304+0500: 322.763: [Full GC (Allocation Failure) 2017-11-10T19:34:39.304+0500: 322.763: [Tenured: 349567K->349567K(349568K), 0.0795647 secs] 506815K->506797K(506816K), [Metaspace: 12954K->12954K(1060864K)], 0.0796708 secs] [Times: user=0.08 sys=0.00, real=0.08 secs] 
2017-11-10T19:34:39.384+0500: 322.843: [Full GC (Allocation Failure) 2017-11-10T19:34:39.384+0500: 322.843: [Tenured: 349567K->349567K(349568K), 0.0765434 secs] 506815K->506796K(506816K), [Metaspace: 12954K->12954K(1060864K)], 0.0766656 secs] [Times: user=0.08 sys=0.00, real=0.08 secs] 
2017-11-10T19:34:39.461+0500: 322.920: [Full GC (Allocation Failure) 2017-11-10T19:34:39.461+0500: 322.920: [Tenured: 349567K->349567K(349568K), 0.0745834 secs] 506815K->506796K(506816K), [Metaspace: 12954K->12954K(1060864K)], 0.0746602 secs] [Times: user=0.08 sys=0.00, real=0.08 secs] 
2017-11-10T19:34:39.537+0500: 322.996: [Full GC (Allocation Failure) 2017-11-10T19:34:39.537+0500: 322.996: [Tenured: 349567K->349567K(349568K), 0.0762217 secs] 506815K->506797K(506816K), [Metaspace: 12954K->12954K(1060864K)], 0.0763043 secs] [Times: user=0.08 sys=0.00, real=0.08 secs] 
2017-11-10T19:34:39.613+0500: 323.073: [Full GC (Allocation Failure) 2017-11-10T19:34:39.613+0500: 323.073: [Tenured: 349567K->349567K(349568K), 0.0746739 secs] 506815K->506797K(506816K), [Metaspace: 12954K->12954K(1060864K)], 0.0747453 secs] [Times: user=0.06 sys=0.00, real=0.08 secs] 
2017-11-10T19:34:39.689+0500: 323.148: [Full GC (Allocation Failure) 2017-11-10T19:34:39.689+0500: 323.148: [Tenured: 349567K->349567K(349568K), 0.0754967 secs] 506815K->506796K(506816K), [Metaspace: 12954K->12954K(1060864K)], 0.0756081 secs] [Times: user=0.08 sys=0.00, real=0.08 secs] 
2017-11-10T19:34:39.765+0500: 323.225: [Full GC (Allocation Failure) 2017-11-10T19:34:39.765+0500: 323.225: [Tenured: 349567K->349567K(349568K), 0.0804472 secs] 506815K->506796K(506816K), [Metaspace: 12954K->12954K(1060864K)], 0.0805445 secs] [Times: user=0.08 sys=0.00, real=0.08 secs] 
2017-11-10T19:34:39.847+0500: 323.306: [Full GC (Allocation Failure) 2017-11-10T19:34:39.847+0500: 323.306: [Tenured: 349567K->349567K(349568K), 0.0841994 secs] 506815K->506797K(506816K), [Metaspace: 12954K->12954K(1060864K)], 0.0842840 secs] [Times: user=0.06 sys=0.00, real=0.08 secs] 
2017-11-10T19:34:39.931+0500: 323.391: [Full GC (Allocation Failure) 2017-11-10T19:34:39.931+0500: 323.391: [Tenured: 349567K->349567K(349568K), 0.0807517 secs] 506815K->506797K(506816K), [Metaspace: 12954K->12954K(1060864K)], 0.0808344 secs] [Times: user=0.08 sys=0.00, real=0.08 secs] 
2017-11-10T19:34:40.013+0500: 323.472: [Full GC (Allocation Failure) 2017-11-10T19:34:40.013+0500: 323.472: [Tenured: 349567K->349567K(349568K), 0.0772102 secs] 506815K->506796K(506816K), [Metaspace: 12954K->12954K(1060864K)], 0.0774772 secs] [Times: user=0.08 sys=0.00, real=0.08 secs] 
2017-11-10T19:34:40.091+0500: 323.550: [Full GC (Allocation Failure) 2017-11-10T19:34:40.091+0500: 323.551: [Tenured: 349567K->349567K(349568K), 0.0751950 secs] 506815K->506796K(506816K), [Metaspace: 12954K->12954K(1060864K)], 0.0753261 secs] [Times: user=0.08 sys=0.00, real=0.08 secs] 
2017-11-10T19:34:40.167+0500: 323.626: [Full GC (Allocation Failure) 2017-11-10T19:34:40.167+0500: 323.626: [Tenured: 349567K->349567K(349568K), 0.0749912 secs] 506815K->506797K(506816K), [Metaspace: 12954K->12954K(1060864K)], 0.0750679 secs] [Times: user=0.08 sys=0.00, real=0.08 secs] 
2017-11-10T19:34:40.243+0500: 323.702: [Full GC (Allocation Failure) 2017-11-10T19:34:40.243+0500: 323.702: [Tenured: 349567K->349567K(349568K), 0.0747653 secs] 506815K->506797K(506816K), [Metaspace: 12954K->12954K(1060864K)], 0.0748421 secs] [Times: user=0.08 sys=0.00, real=0.08 secs] 
2017-11-10T19:34:40.318+0500: 323.778: [Full GC (Allocation Failure) 2017-11-10T19:34:40.318+0500: 323.778: [Tenured: 349567K->349567K(349568K), 0.0754952 secs] 506815K->506796K(506816K), [Metaspace: 12954K->12954K(1060864K)], 0.0755666 secs] [Times: user=0.08 sys=0.00, real=0.08 secs] 
2017-11-10T19:34:40.394+0500: 323.854: [Full GC (Allocation Failure) 2017-11-10T19:34:40.394+0500: 323.854: [Tenured: 349567K->349567K(349568K), 0.0741522 secs] 506815K->506796K(506816K), [Metaspace: 12954K->12954K(1060864K)], 0.0742285 secs] [Times: user=0.06 sys=0.00, real=0.08 secs] 
2017-11-10T19:34:40.469+0500: 323.929: [Full GC (Allocation Failure) 2017-11-10T19:34:40.469+0500: 323.929: [Tenured: 349567K->349567K(349568K), 0.0830334 secs] 506815K->506797K(506816K), [Metaspace: 12954K->12954K(1060864K)], 0.0831336 secs] [Times: user=0.09 sys=0.00, real=0.08 secs] 
2017-11-10T19:34:40.553+0500: 324.012: [Full GC (Allocation Failure) 2017-11-10T19:34:40.553+0500: 324.012: [Tenured: 349567K->349567K(349568K), 0.0830065 secs] 506815K->506797K(506816K), [Metaspace: 12954K->12954K(1060864K)], 0.0830955 secs] [Times: user=0.08 sys=0.00, real=0.08 secs] 
2017-11-10T19:34:40.637+0500: 324.096: [Full GC (Allocation Failure) 2017-11-10T19:34:40.637+0500: 324.096: [Tenured: 349567K->349567K(349568K), 0.0787972 secs] 506815K->506796K(506816K), [Metaspace: 12954K->12954K(1060864K)], 0.0788876 secs] [Times: user=0.08 sys=0.00, real=0.08 secs] 
2017-11-10T19:34:40.716+0500: 324.175: [Full GC (Allocation Failure) 2017-11-10T19:34:40.716+0500: 324.175: [Tenured: 349567K->349567K(349568K), 0.0744690 secs] 506815K->506796K(506816K), [Metaspace: 12954K->12954K(1060864K)], 0.0745531 secs] [Times: user=0.08 sys=0.00, real=0.07 secs] 
2017-11-10T19:34:40.791+0500: 324.251: [Full GC (Allocation Failure) 2017-11-10T19:34:40.791+0500: 324.251: [Tenured: 349567K->349567K(349568K), 0.0747545 secs] 506815K->506797K(506816K), [Metaspace: 12954K->12954K(1060864K)], 0.0748406 secs] [Times: user=0.08 sys=0.00, real=0.08 secs] 
2017-11-10T19:34:40.867+0500: 324.326: [Full GC (Allocation Failure) 2017-11-10T19:34:40.867+0500: 324.326: [Tenured: 349567K->349567K(349568K), 0.0764979 secs] 506815K->506797K(506816K), [Metaspace: 12954K->12954K(1060864K)], 0.0765732 secs] [Times: user=0.08 sys=0.00, real=0.08 secs] 
2017-11-10T19:34:40.944+0500: 324.403: [Full GC (Allocation Failure) 2017-11-10T19:34:40.944+0500: 324.403: [Tenured: 349567K->349567K(349568K), 0.0760648 secs] 506815K->506796K(506816K), [Metaspace: 12954K->12954K(1060864K)], 0.0761401 secs] [Times: user=0.08 sys=0.00, real=0.08 secs] 
2017-11-10T19:34:41.021+0500: 324.480: [Full GC (Allocation Failure) 2017-11-10T19:34:41.021+0500: 324.480: [Tenured: 349567K->349567K(349568K), 0.0756292 secs] 506815K->506796K(506816K), [Metaspace: 12954K->12954K(1060864K)], 0.0757553 secs] [Times: user=0.08 sys=0.00, real=0.08 secs] 
2017-11-10T19:34:41.098+0500: 324.557: [Full GC (Allocation Failure) 2017-11-10T19:34:41.098+0500: 324.557: [Tenured: 349567K->349567K(349568K), 0.0757191 secs] 506815K->506797K(506816K), [Metaspace: 12954K->12954K(1060864K)], 0.0758321 secs] [Times: user=0.06 sys=0.00, real=0.08 secs] 
2017-11-10T19:34:41.175+0500: 324.634: [Full GC (Allocation Failure) 2017-11-10T19:34:41.175+0500: 324.634: [Tenured: 349567K->349567K(349568K), 0.0755030 secs] 506815K->506797K(506816K), [Metaspace: 12954K->12954K(1060864K)], 0.0756101 secs] [Times: user=0.06 sys=0.00, real=0.08 secs] 
2017-11-10T19:34:41.251+0500: 324.710: [Full GC (Allocation Failure) 2017-11-10T19:34:41.251+0500: 324.710: [Tenured: 349567K->349567K(349568K), 0.0757548 secs] 506815K->506796K(506816K), [Metaspace: 12954K->12954K(1060864K)], 0.0758350 secs] [Times: user=0.08 sys=0.00, real=0.08 secs] 
2017-11-10T19:34:41.327+0500: 324.786: [Full GC (Allocation Failure) 2017-11-10T19:34:41.328+0500: 324.786: [Tenured: 349567K->349567K(349568K), 0.0761997 secs] 506815K->506796K(506816K), [Metaspace: 12954K->12954K(1060864K)], 0.0762799 secs] [Times: user=0.08 sys=0.00, real=0.08 secs] 
2017-11-10T19:34:41.404+0500: 324.863: [Full GC (Allocation Failure) 2017-11-10T19:34:41.404+0500: 324.863: [Tenured: 349567K->349567K(349568K), 0.0777275 secs] 506815K->506797K(506816K), [Metaspace: 12954K->12954K(1060864K)], 0.0778086 secs] [Times: user=0.08 sys=0.00, real=0.08 secs] 
2017-11-10T19:34:41.483+0500: 324.942: [Full GC (Allocation Failure) 2017-11-10T19:34:41.483+0500: 324.942: [Tenured: 349567K->349567K(349568K), 0.0779900 secs] 506815K->506797K(506816K), [Metaspace: 12954K->12954K(1060864K)], 0.0780658 secs] [Times: user=0.08 sys=0.00, real=0.08 secs] 
2017-11-10T19:34:41.561+0500: 325.020: [Full GC (Allocation Failure) 2017-11-10T19:34:41.561+0500: 325.020: [Tenured: 349567K->349567K(349568K), 0.0766998 secs] 506815K->506796K(506816K), [Metaspace: 12954K->12954K(1060864K)], 0.0767829 secs] [Times: user=0.08 sys=0.00, real=0.08 secs] 
2017-11-10T19:34:41.639+0500: 325.098: [Full GC (Allocation Failure) 2017-11-10T19:34:41.639+0500: 325.098: [Tenured: 349567K->349567K(349568K), 0.0802814 secs] 506815K->506796K(506816K), [Metaspace: 12954K->12954K(1060864K)], 0.0803577 secs] [Times: user=0.08 sys=0.00, real=0.08 secs] 
2017-11-10T19:34:41.720+0500: 325.179: [Full GC (Allocation Failure) 2017-11-10T19:34:41.720+0500: 325.179: [Tenured: 349567K->349567K(349568K), 0.0818967 secs] 506815K->506797K(506816K), [Metaspace: 12954K->12954K(1060864K)], 0.0819730 secs] [Times: user=0.09 sys=0.00, real=0.08 secs] 
2017-11-10T19:34:41.802+0500: 325.261: [Full GC (Allocation Failure) 2017-11-10T19:34:41.802+0500: 325.261: [Tenured: 349567K->349567K(349568K), 0.0829698 secs] 506815K->506797K(506816K), [Metaspace: 12954K->12954K(1060864K)], 0.0830466 secs] [Times: user=0.08 sys=0.00, real=0.08 secs] 
2017-11-10T19:34:41.886+0500: 325.345: [Full GC (Allocation Failure) 2017-11-10T19:34:41.886+0500: 325.345: [Tenured: 349567K->349567K(349568K), 0.0794283 secs] 506815K->506796K(506816K), [Metaspace: 12954K->12954K(1060864K)], 0.0795061 secs] [Times: user=0.08 sys=0.00, real=0.08 secs] 
2017-11-10T19:34:41.966+0500: 325.425: [Full GC (Allocation Failure) 2017-11-10T19:34:41.966+0500: 325.425: [Tenured: 349567K->349567K(349568K), 0.0803357 secs] 506815K->506796K(506816K), [Metaspace: 12954K->12954K(1060864K)], 0.0804667 secs] [Times: user=0.08 sys=0.00, real=0.08 secs] 
2017-11-10T19:34:42.047+0500: 325.506: [Full GC (Allocation Failure) 2017-11-10T19:34:42.047+0500: 325.506: [Tenured: 349567K->349567K(349568K), 0.0817515 secs] 506815K->506797K(506816K), [Metaspace: 12954K->12954K(1060864K)], 0.0818429 secs] [Times: user=0.09 sys=0.00, real=0.08 secs] 
2017-11-10T19:34:42.130+0500: 325.589: [Full GC (Allocation Failure) 2017-11-10T19:34:42.130+0500: 325.589: [Tenured: 349567K->349567K(349568K), 0.0817031 secs] 506815K->506797K(506816K), [Metaspace: 12954K->12954K(1060864K)], 0.0818048 secs] [Times: user=0.08 sys=0.00, real=0.08 secs] 
2017-11-10T19:34:42.212+0500: 325.671: [Full GC (Allocation Failure) 2017-11-10T19:34:42.212+0500: 325.671: [Tenured: 349567K->349567K(349568K), 0.0792817 secs] 506815K->506796K(506816K), [Metaspace: 12954K->12954K(1060864K)], 0.0793706 secs] [Times: user=0.08 sys=0.00, real=0.08 secs] 
2017-11-10T19:34:42.292+0500: 325.751: [Full GC (Allocation Failure) 2017-11-10T19:34:42.292+0500: 325.751: [Tenured: 349567K->349567K(349568K), 0.0837677 secs] 506815K->506796K(506816K), [Metaspace: 12954K->12954K(1060864K)], 0.0838757 secs] [Times: user=0.08 sys=0.00, real=0.08 secs] 
2017-11-10T19:34:42.377+0500: 325.836: [Full GC (Allocation Failure) 2017-11-10T19:34:42.377+0500: 325.836: [Tenured: 349567K->349567K(349568K), 0.0816137 secs] 506815K->506797K(506816K), [Metaspace: 12954K->12954K(1060864K)], 0.0817061 secs] [Times: user=0.09 sys=0.00, real=0.08 secs] 
2017-11-10T19:34:42.459+0500: 325.918: [Full GC (Allocation Failure) 2017-11-10T19:34:42.459+0500: 325.918: [Tenured: 349567K->349567K(349568K), 0.0796439 secs] 506815K->506797K(506816K), [Metaspace: 12954K->12954K(1060864K)], 0.0797515 secs] [Times: user=0.08 sys=0.00, real=0.08 secs] 
2017-11-10T19:34:42.541+0500: 326.000: [Full GC (Allocation Failure) 2017-11-10T19:34:42.541+0500: 326.000: [Tenured: 349567K->349567K(349568K), 0.0798238 secs] 506815K->506796K(506816K), [Metaspace: 12954K->12954K(1060864K)], 0.0799544 secs] [Times: user=0.08 sys=0.00, real=0.08 secs] 
2017-11-10T19:34:42.621+0500: 326.080: [Full GC (Allocation Failure) 2017-11-10T19:34:42.621+0500: 326.080: [Tenured: 349567K->349567K(349568K), 0.0781225 secs] 506815K->506796K(506816K), [Metaspace: 12954K->12954K(1060864K)], 0.0782345 secs] [Times: user=0.08 sys=0.00, real=0.08 secs] 
2017-11-10T19:34:42.700+0500: 326.159: [Full GC (Allocation Failure) 2017-11-10T19:34:42.700+0500: 326.159: [Tenured: 349567K->349567K(349568K), 0.0761078 secs] 506815K->506797K(506816K), [Metaspace: 12954K->12954K(1060864K)], 0.0761914 secs] [Times: user=0.08 sys=0.00, real=0.08 secs] 
2017-11-10T19:34:42.777+0500: 326.236: [Full GC (Allocation Failure) 2017-11-10T19:34:42.777+0500: 326.236: [Tenured: 349567K->349567K(349568K), 0.0747174 secs] 506815K->506797K(506816K), [Metaspace: 12954K->12954K(1060864K)], 0.0748005 secs] [Times: user=0.08 sys=0.00, real=0.08 secs] 
2017-11-10T19:34:42.853+0500: 326.312: [Full GC (Allocation Failure) 2017-11-10T19:34:42.853+0500: 326.312: [Tenured: 349567K->349567K(349568K), 0.0787629 secs] 506815K->506796K(506816K), [Metaspace: 12954K->12954K(1060864K)], 0.0788417 secs] [Times: user=0.08 sys=0.00, real=0.08 secs] 
2017-11-10T19:34:42.932+0500: 326.391: [Full GC (Allocation Failure) 2017-11-10T19:34:42.932+0500: 326.391: [Tenured: 349567K->349567K(349568K), 0.0772337 secs] 506815K->506796K(506816K), [Metaspace: 12954K->12954K(1060864K)], 0.0773041 secs] [Times: user=0.08 sys=0.00, real=0.08 secs] 
2017-11-10T19:34:43.010+0500: 326.469: [Full GC (Allocation Failure) 2017-11-10T19:34:43.010+0500: 326.469: [Tenured: 349567K->349567K(349568K), 0.0754693 secs] 506815K->506797K(506816K), [Metaspace: 12954K->12954K(1060864K)], 0.0755441 secs] [Times: user=0.08 sys=0.00, real=0.08 secs] 
2017-11-10T19:34:43.086+0500: 326.545: [Full GC (Allocation Failure) 2017-11-10T19:34:43.086+0500: 326.545: [Tenured: 349567K->349567K(349568K), 0.0752747 secs] 506815K->506797K(506816K), [Metaspace: 12954K->12954K(1060864K)], 0.0753466 secs] [Times: user=0.08 sys=0.00, real=0.08 secs] 
2017-11-10T19:34:43.162+0500: 326.621: [Full GC (Allocation Failure) 2017-11-10T19:34:43.162+0500: 326.621: [Tenured: 349567K->349567K(349568K), 0.0741195 secs] 506815K->506796K(506816K), [Metaspace: 12954K->12954K(1060864K)], 0.0741972 secs] [Times: user=0.06 sys=0.00, real=0.07 secs] 
2017-11-10T19:34:43.237+0500: 326.696: [Full GC (Allocation Failure) 2017-11-10T19:34:43.237+0500: 326.696: [Tenured: 349568K->349568K(349568K), 0.0757519 secs] 506815K->506796K(506816K), [Metaspace: 12954K->12954K(1060864K)], 0.0758340 secs] [Times: user=0.06 sys=0.00, real=0.08 secs] 
2017-11-10T19:34:43.313+0500: 326.772: [Full GC (Allocation Failure) 2017-11-10T19:34:43.313+0500: 326.772: [Tenured: 349568K->349568K(349568K), 0.0752136 secs] 506815K->506797K(506816K), [Metaspace: 12954K->12954K(1060864K)], 0.0753344 secs] [Times: user=0.08 sys=0.00, real=0.08 secs] 
2017-11-10T19:34:43.389+0500: 326.849: [Full GC (Allocation Failure) 2017-11-10T19:34:43.389+0500: 326.849: [Tenured: 349568K->349568K(349568K), 0.0751315 secs] 506815K->506797K(506816K), [Metaspace: 12954K->12954K(1060864K)], 0.0752151 secs] [Times: user=0.08 sys=0.00, real=0.08 secs] 
2017-11-10T19:34:43.465+0500: 326.924: [Full GC (Allocation Failure) 2017-11-10T19:34:43.465+0500: 326.924: [Tenured: 349568K->349567K(349568K), 0.0814572 secs] 506815K->506796K(506816K), [Metaspace: 12954K->12954K(1060864K)], 0.0815301 secs] [Times: user=0.08 sys=0.00, real=0.08 secs] 
2017-11-10T19:34:43.548+0500: 327.007: [Full GC (Allocation Failure) 2017-11-10T19:34:43.548+0500: 327.007: [Tenured: 349568K->349568K(349568K), 0.0879189 secs] 506815K->506796K(506816K), [Metaspace: 12954K->12954K(1060864K)], 0.0880176 secs] [Times: user=0.09 sys=0.00, real=0.09 secs] 
2017-11-10T19:34:43.636+0500: 327.095: [Full GC (Allocation Failure) 2017-11-10T19:34:43.636+0500: 327.096: [Tenured: 349568K->349568K(349568K), 0.0838968 secs] 506815K->506797K(506816K), [Metaspace: 12954K->12954K(1060864K)], 0.0839945 secs] [Times: user=0.08 sys=0.00, real=0.08 secs] 
2017-11-10T19:34:43.721+0500: 327.180: [Full GC (Allocation Failure) 2017-11-10T19:34:43.721+0500: 327.180: [Tenured: 349568K->349568K(349568K), 0.0771408 secs] 506815K->506797K(506816K), [Metaspace: 12954K->12954K(1060864K)], 0.0772181 secs] [Times: user=0.08 sys=0.00, real=0.08 secs] 
2017-11-10T19:34:43.799+0500: 327.258: [Full GC (Allocation Failure) 2017-11-10T19:34:43.799+0500: 327.258: [Tenured: 349568K->349567K(349568K), 0.0777666 secs] 506815K->506796K(506816K), [Metaspace: 12954K->12954K(1060864K)], 0.0778834 secs] [Times: user=0.08 sys=0.00, real=0.08 secs] 
2017-11-10T19:34:43.877+0500: 327.337: [Full GC (Allocation Failure) 2017-11-10T19:34:43.877+0500: 327.337: [Tenured: 349568K->349568K(349568K), 0.0810382 secs] 506815K->506796K(506816K), [Metaspace: 12954K->12954K(1060864K)], 0.0811389 secs] [Times: user=0.08 sys=0.00, real=0.08 secs] 
2017-11-10T19:34:43.959+0500: 327.418: [Full GC (Allocation Failure) 2017-11-10T19:34:43.959+0500: 327.418: [Tenured: 349568K->349568K(349568K), 0.0752195 secs] 506815K->506797K(506816K), [Metaspace: 12954K->12954K(1060864K)], 0.0752977 secs] [Times: user=0.08 sys=0.00, real=0.07 secs] 
2017-11-10T19:34:44.035+0500: 327.494: [Full GC (Allocation Failure) 2017-11-10T19:34:44.035+0500: 327.494: [Tenured: 349568K->349568K(349568K), 0.0790670 secs] 506815K->506797K(506816K), [Metaspace: 12954K->12954K(1060864K)], 0.0791457 secs] [Times: user=0.08 sys=0.00, real=0.08 secs] 
2017-11-10T19:34:44.115+0500: 327.574: [Full GC (Allocation Failure) 2017-11-10T19:34:44.115+0500: 327.574: [Tenured: 349568K->349567K(349568K), 0.0821182 secs] 506815K->506796K(506816K), [Metaspace: 12954K->12954K(1060864K)], 0.0822042 secs] [Times: user=0.08 sys=0.00, real=0.08 secs] 
2017-11-10T19:34:44.198+0500: 327.657: [Full GC (Allocation Failure) 2017-11-10T19:34:44.198+0500: 327.657: [Tenured: 349568K->349568K(349568K), 0.0749095 secs] 506815K->506796K(506816K), [Metaspace: 12954K->12954K(1060864K)], 0.0749946 secs] [Times: user=0.08 sys=0.00, real=0.08 secs] 
2017-11-10T19:34:44.274+0500: 327.733: [Full GC (Allocation Failure) 2017-11-10T19:34:44.274+0500: 327.733: [Tenured: 349568K->349568K(349568K), 0.0759587 secs] 506815K->506797K(506816K), [Metaspace: 12954K->12954K(1060864K)], 0.0761063 secs] [Times: user=0.08 sys=0.00, real=0.08 secs] 
2017-11-10T19:34:44.350+0500: 327.810: [Full GC (Allocation Failure) 2017-11-10T19:34:44.350+0500: 327.810: [Tenured: 349568K->349568K(349568K), 0.0757519 secs] 506815K->506797K(506816K), [Metaspace: 12954K->12954K(1060864K)], 0.0758335 secs] [Times: user=0.08 sys=0.00, real=0.08 secs] 
2017-11-10T19:34:44.427+0500: 327.886: [Full GC (Allocation Failure) 2017-11-10T19:34:44.427+0500: 327.886: [Tenured: 349568K->349567K(349568K), 0.0757357 secs] 506815K->506796K(506816K), [Metaspace: 12954K->12954K(1060864K)], 0.0758066 secs] [Times: user=0.08 sys=0.00, real=0.08 secs] 
2017-11-10T19:34:44.503+0500: 327.962: [Full GC (Allocation Failure) 2017-11-10T19:34:44.503+0500: 327.962: [Tenured: 349568K->349568K(349568K), 0.0764280 secs] 506815K->506796K(506816K), [Metaspace: 12954K->12954K(1060864K)], 0.0765018 secs] [Times: user=0.06 sys=0.00, real=0.08 secs] 
2017-11-10T19:34:44.580+0500: 328.039: [Full GC (Allocation Failure) 2017-11-10T19:34:44.580+0500: 328.039: [Tenured: 349568K->349568K(349568K), 0.0769932 secs] 506815K->506797K(506816K), [Metaspace: 12954K->12954K(1060864K)], 0.0770768 secs] [Times: user=0.06 sys=0.00, real=0.08 secs] 
2017-11-10T19:34:44.658+0500: 328.117: [Full GC (Allocation Failure) 2017-11-10T19:34:44.658+0500: 328.117: [Tenured: 349568K->349568K(349568K), 0.0805405 secs] 506815K->506797K(506816K), [Metaspace: 12954K->12954K(1060864K)], 0.0806613 secs] [Times: user=0.08 sys=0.00, real=0.08 secs] 
2017-11-10T19:34:44.740+0500: 328.200: [Full GC (Allocation Failure) 2017-11-10T19:34:44.740+0500: 328.200: [Tenured: 349568K->349567K(349568K), 0.0777236 secs] 506815K->506796K(506816K), [Metaspace: 12954K->12954K(1060864K)], 0.0778345 secs] [Times: user=0.08 sys=0.00, real=0.08 secs] 
2017-11-10T19:34:44.819+0500: 328.278: [Full GC (Allocation Failure) 2017-11-10T19:34:44.819+0500: 328.278: [Tenured: 349568K->349568K(349568K), 0.0777314 secs] 506815K->506796K(506816K), [Metaspace: 12954K->12954K(1060864K)], 0.0778125 secs] [Times: user=0.08 sys=0.00, real=0.08 secs] 
2017-11-10T19:34:44.898+0500: 328.357: [Full GC (Allocation Failure) 2017-11-10T19:34:44.898+0500: 328.357: [Tenured: 349568K->349568K(349568K), 0.0790646 secs] 506815K->506797K(506816K), [Metaspace: 12954K->12954K(1060864K)], 0.0791409 secs] [Times: user=0.08 sys=0.00, real=0.08 secs] 
2017-11-10T19:34:44.977+0500: 328.436: [Full GC (Allocation Failure) 2017-11-10T19:34:44.978+0500: 328.436: [Tenured: 349568K->349568K(349568K), 0.0767311 secs] 506815K->506797K(506816K), [Metaspace: 12954K->12954K(1060864K)], 0.0768949 secs] [Times: user=0.08 sys=0.00, real=0.08 secs] 
2017-11-10T19:34:45.055+0500: 328.514: [Full GC (Allocation Failure) 2017-11-10T19:34:45.055+0500: 328.514: [Tenured: 349568K->349567K(349568K), 0.0791629 secs] 506815K->506796K(506816K), [Metaspace: 12954K->12954K(1060864K)], 0.0792914 secs] [Times: user=0.08 sys=0.00, real=0.08 secs] 
2017-11-10T19:34:45.135+0500: 328.594: [Full GC (Allocation Failure) 2017-11-10T19:34:45.135+0500: 328.594: [Tenured: 349568K->349568K(349568K), 0.0752014 secs] 506815K->506796K(506816K), [Metaspace: 12954K->12954K(1060864K)], 0.0753109 secs] [Times: user=0.08 sys=0.00, real=0.08 secs] 
2017-11-10T19:34:45.211+0500: 328.670: [Full GC (Allocation Failure) 2017-11-10T19:34:45.211+0500: 328.670: [Tenured: 349568K->349568K(349568K), 0.0800717 secs] 506815K->506797K(506816K), [Metaspace: 12954K->12954K(1060864K)], 0.0801577 secs] [Times: user=0.08 sys=0.00, real=0.08 secs] 
2017-11-10T19:34:45.292+0500: 328.751: [Full GC (Allocation Failure) 2017-11-10T19:34:45.292+0500: 328.751: [Tenured: 349568K->349568K(349568K), 0.0766153 secs] 506815K->506797K(506816K), [Metaspace: 12954K->12954K(1060864K)], 0.0767116 secs] [Times: user=0.08 sys=0.00, real=0.08 secs] 
2017-11-10T19:34:45.369+0500: 328.828: [Full GC (Allocation Failure) 2017-11-10T19:34:45.369+0500: 328.828: [Tenured: 349568K->349567K(349568K), 0.0803205 secs] 506815K->506796K(506816K), [Metaspace: 12954K->12954K(1060864K)], 0.0803983 secs] [Times: user=0.08 sys=0.00, real=0.08 secs] 
2017-11-10T19:34:45.450+0500: 328.909: [Full GC (Allocation Failure) 2017-11-10T19:34:45.450+0500: 328.909: [Tenured: 349568K->349568K(349568K), 0.0778150 secs] 506815K->506796K(506816K), [Metaspace: 12954K->12954K(1060864K)], 0.0779177 secs] [Times: user=0.08 sys=0.00, real=0.08 secs] 
2017-11-10T19:34:45.528+0500: 328.987: [Full GC (Allocation Failure) 2017-11-10T19:34:45.528+0500: 328.987: [Tenured: 349568K->349568K(349568K), 0.0800590 secs] 506815K->506797K(506816K), [Metaspace: 12954K->12954K(1060864K)], 0.0801485 secs] [Times: user=0.08 sys=0.00, real=0.08 secs] 
2017-11-10T19:34:45.609+0500: 329.068: [Full GC (Allocation Failure) 2017-11-10T19:34:45.609+0500: 329.068: [Tenured: 349568K->349568K(349568K), 0.0770675 secs] 506815K->506797K(506816K), [Metaspace: 12954K->12954K(1060864K)], 0.0771457 secs] [Times: user=0.08 sys=0.00, real=0.08 secs] 
2017-11-10T19:34:45.687+0500: 329.146: [Full GC (Allocation Failure) 2017-11-10T19:34:45.687+0500: 329.146: [Tenured: 349568K->349567K(349568K), 0.0776018 secs] 506815K->506796K(506816K), [Metaspace: 12954K->12954K(1060864K)], 0.0776805 secs] [Times: user=0.08 sys=0.00, real=0.08 secs] 
2017-11-10T19:34:45.765+0500: 329.224: [Full GC (Allocation Failure) 2017-11-10T19:34:45.765+0500: 329.224: [Tenured: 349568K->349568K(349568K), 0.0833121 secs] 506815K->506796K(506816K), [Metaspace: 12954K->12954K(1060864K)], 0.0833878 secs] [Times: user=0.09 sys=0.00, real=0.08 secs] 
2017-11-10T19:34:45.849+0500: 329.308: [Full GC (Allocation Failure) 2017-11-10T19:34:45.849+0500: 329.308: [Tenured: 349568K->349568K(349568K), 0.0808969 secs] 506815K->506797K(506816K), [Metaspace: 12954K->12954K(1060864K)], 0.0809874 secs] [Times: user=0.08 sys=0.00, real=0.08 secs] 
2017-11-10T19:34:45.931+0500: 329.390: [Full GC (Allocation Failure) 2017-11-10T19:34:45.931+0500: 329.390: [Tenured: 349568K->349568K(349568K), 0.0755387 secs] 506815K->506797K(506816K), [Metaspace: 12954K->12954K(1060864K)], 0.0756922 secs] [Times: user=0.08 sys=0.00, real=0.08 secs] 
2017-11-10T19:34:46.007+0500: 329.466: [Full GC (Allocation Failure) 2017-11-10T19:34:46.007+0500: 329.466: [Tenured: 349568K->349567K(349568K), 0.0801837 secs] 506815K->506796K(506816K), [Metaspace: 12954K->12954K(1060864K)], 0.0802707 secs] [Times: user=0.08 sys=0.00, real=0.08 secs] 
2017-11-10T19:34:46.088+0500: 329.547: [Full GC (Allocation Failure) 2017-11-10T19:34:46.088+0500: 329.547: [Tenured: 349568K->349568K(349568K), 0.0799343 secs] 506815K->506796K(506816K), [Metaspace: 12954K->12954K(1060864K)], 0.0800424 secs] [Times: user=0.08 sys=0.00, real=0.08 secs] 
2017-11-10T19:34:46.169+0500: 329.628: [Full GC (Allocation Failure) 2017-11-10T19:34:46.169+0500: 329.628: [Tenured: 349568K->349568K(349568K), 0.0880005 secs] 506815K->506797K(506816K), [Metaspace: 12954K->12954K(1060864K)], 0.0880890 secs] [Times: user=0.09 sys=0.00, real=0.09 secs] 
2017-11-10T19:34:46.259+0500: 329.718: [Full GC (Allocation Failure) 2017-11-10T19:34:46.259+0500: 329.718: [Tenured: 349568K->349568K(349568K), 0.0894672 secs] 506815K->506797K(506816K), [Metaspace: 12954K->12954K(1060864K)], 0.0897361 secs] [Times: user=0.09 sys=0.00, real=0.09 secs] 
2017-11-10T19:34:46.349+0500: 329.808: [Full GC (Allocation Failure) 2017-11-10T19:34:46.349+0500: 329.808: [Tenured: 349568K->349567K(349568K), 0.0811653 secs] 506815K->506796K(506816K), [Metaspace: 12954K->12954K(1060864K)], 0.0812709 secs] [Times: user=0.08 sys=0.00, real=0.08 secs] 
2017-11-10T19:34:46.431+0500: 329.890: [Full GC (Allocation Failure) 2017-11-10T19:34:46.431+0500: 329.890: [Tenured: 349568K->349568K(349568K), 0.0793565 secs] 506815K->506796K(506816K), [Metaspace: 12954K->12954K(1060864K)], 0.0794493 secs] [Times: user=0.06 sys=0.00, real=0.08 secs] 
2017-11-10T19:34:46.511+0500: 329.970: [Full GC (Allocation Failure) 2017-11-10T19:34:46.511+0500: 329.970: [Tenured: 349568K->349568K(349568K), 0.0781533 secs] 506815K->506797K(506816K), [Metaspace: 12954K->12954K(1060864K)], 0.0782379 secs] [Times: user=0.08 sys=0.00, real=0.08 secs] 
2017-11-10T19:34:46.590+0500: 330.049: [Full GC (Allocation Failure) 2017-11-10T19:34:46.590+0500: 330.049: [Tenured: 349568K->349568K(349568K), 0.0792592 secs] 506815K->506797K(506816K), [Metaspace: 12954K->12954K(1060864K)], 0.0793481 secs] [Times: user=0.08 sys=0.00, real=0.08 secs] 
2017-11-10T19:34:46.670+0500: 330.129: [Full GC (Allocation Failure) 2017-11-10T19:34:46.670+0500: 330.129: [Tenured: 349568K->349567K(349568K), 0.0780247 secs] 506815K->506796K(506816K), [Metaspace: 12954K->12954K(1060864K)], 0.0781367 secs] [Times: user=0.08 sys=0.00, real=0.08 secs] 
2017-11-10T19:34:46.749+0500: 330.208: [Full GC (Allocation Failure) 2017-11-10T19:34:46.749+0500: 330.208: [Tenured: 349568K->349568K(349568K), 0.0790876 secs] 506815K->506796K(506816K), [Metaspace: 12954K->12954K(1060864K)], 0.0791594 secs] [Times: user=0.08 sys=0.00, real=0.08 secs] 
2017-11-10T19:34:46.829+0500: 330.288: [Full GC (Allocation Failure) 2017-11-10T19:34:46.829+0500: 330.288: [Tenured: 349568K->349568K(349568K), 0.0752483 secs] 506815K->506798K(506816K), [Metaspace: 12954K->12954K(1060864K)], 0.0753481 secs] [Times: user=0.08 sys=0.00, real=0.08 secs] 
2017-11-10T19:34:46.905+0500: 330.364: [Full GC (Allocation Failure) 2017-11-10T19:34:46.905+0500: 330.364: [Tenured: 349568K->349568K(349568K), 0.0798111 secs] 506815K->506797K(506816K), [Metaspace: 12954K->12954K(1060864K)], 0.0798918 secs] [Times: user=0.08 sys=0.00, real=0.08 secs] 
2017-11-10T19:34:46.985+0500: 330.444: [Full GC (Allocation Failure) 2017-11-10T19:34:46.985+0500: 330.444: [Tenured: 349568K->349567K(349568K), 0.0781318 secs] 506815K->506796K(506816K), [Metaspace: 12954K->12954K(1060864K)], 0.0782271 secs] [Times: user=0.08 sys=0.00, real=0.08 secs] 
2017-11-10T19:34:47.064+0500: 330.523: [Full GC (Allocation Failure) 2017-11-10T19:34:47.064+0500: 330.523: [Tenured: 349567K->349567K(349568K), 0.0799461 secs] 506815K->506796K(506816K), [Metaspace: 12954K->12954K(1060864K)], 0.0800458 secs] [Times: user=0.09 sys=0.00, real=0.08 secs] 
2017-11-10T19:34:47.145+0500: 330.604: [Full GC (Allocation Failure) 2017-11-10T19:34:47.145+0500: 330.604: [Tenured: 349567K->349567K(349568K), 0.0780159 secs] 506815K->506797K(506816K), [Metaspace: 12954K->12954K(1060864K)], 0.0781117 secs] [Times: user=0.06 sys=0.00, real=0.08 secs] 
2017-11-10T19:34:47.224+0500: 330.684: [Full GC (Allocation Failure) 2017-11-10T19:34:47.225+0500: 330.684: [Tenured: 349567K->349567K(349568K), 0.0771912 secs] 506815K->506796K(506816K), [Metaspace: 12954K->12954K(1060864K)], 0.0773021 secs] [Times: user=0.08 sys=0.00, real=0.08 secs] 
2017-11-10T19:34:47.302+0500: 330.762: [Full GC (Allocation Failure) 2017-11-10T19:34:47.302+0500: 330.762: [Tenured: 349567K->349567K(349568K), 0.0788817 secs] 506815K->506796K(506816K), [Metaspace: 12954K->12954K(1060864K)], 0.0789649 secs] [Times: user=0.08 sys=0.00, real=0.08 secs] 
2017-11-10T19:34:47.382+0500: 330.841: [Full GC (Allocation Failure) 2017-11-10T19:34:47.382+0500: 330.841: [Tenured: 349568K->349568K(349568K), 0.0818649 secs] 506815K->506796K(506816K), [Metaspace: 12954K->12954K(1060864K)], 0.0819510 secs] [Times: user=0.08 sys=0.00, real=0.08 secs] 
2017-11-10T19:34:47.465+0500: 330.924: [Full GC (Allocation Failure) 2017-11-10T19:34:47.465+0500: 330.924: [Tenured: 349568K->349568K(349568K), 0.0896432 secs] 506815K->506797K(506816K), [Metaspace: 12954K->12954K(1060864K)], 0.0897453 secs] [Times: user=0.09 sys=0.00, real=0.09 secs] 
2017-11-10T19:34:47.555+0500: 331.015: [Full GC (Allocation Failure) 2017-11-10T19:34:47.556+0500: 331.015: [Tenured: 349568K->349568K(349568K), 0.0799436 secs] 506815K->506796K(506816K), [Metaspace: 12954K->12954K(1060864K)], 0.0800556 secs] [Times: user=0.08 sys=0.00, real=0.08 secs] 
2017-11-10T19:34:47.636+0500: 331.095: [Full GC (Allocation Failure) 2017-11-10T19:34:47.636+0500: 331.095: [Tenured: 349568K->349567K(349568K), 0.0782521 secs] 506815K->506796K(506816K), [Metaspace: 12954K->12954K(1060864K)], 0.0783386 secs] [Times: user=0.08 sys=0.00, real=0.08 secs] 
2017-11-10T19:34:47.715+0500: 331.174: [Full GC (Allocation Failure) 2017-11-10T19:34:47.715+0500: 331.174: [Tenured: 349568K->349568K(349568K), 0.0764319 secs] 506815K->506796K(506816K), [Metaspace: 12954K->12954K(1060864K)], 0.0765351 secs] [Times: user=0.08 sys=0.00, real=0.08 secs] 
2017-11-10T19:34:47.793+0500: 331.252: [Full GC (Allocation Failure) 2017-11-10T19:34:47.793+0500: 331.252: [Tenured: 349568K->349568K(349568K), 0.0792631 secs] 506815K->506797K(506816K), [Metaspace: 12954K->12954K(1060864K)], 0.0793613 secs] [Times: user=0.08 sys=0.00, real=0.08 secs] 
2017-11-10T19:34:47.873+0500: 331.332: [Full GC (Allocation Failure) 2017-11-10T19:34:47.873+0500: 331.332: [Tenured: 349568K->349568K(349568K), 0.0814083 secs] 506815K->506796K(506816K), [Metaspace: 12954K->12954K(1060864K)], 0.0815271 secs] [Times: user=0.08 sys=0.00, real=0.08 secs] 
2017-11-10T19:34:47.955+0500: 331.414: [Full GC (Allocation Failure) 2017-11-10T19:34:47.955+0500: 331.414: [Tenured: 349568K->349567K(349568K), 0.0827146 secs] 506815K->506796K(506816K), [Metaspace: 12954K->12954K(1060864K)], 0.0827948 secs] [Times: user=0.08 sys=0.00, real=0.08 secs] 
2017-11-10T19:34:48.039+0500: 331.498: [Full GC (Allocation Failure) 2017-11-10T19:34:48.039+0500: 331.498: [Tenured: 349568K->349568K(349568K), 0.0783288 secs] 506815K->506796K(506816K), [Metaspace: 12954K->12954K(1060864K)], 0.0784188 secs] [Times: user=0.08 sys=0.00, real=0.08 secs] 
2017-11-10T19:34:48.118+0500: 331.577: [Full GC (Allocation Failure) 2017-11-10T19:34:48.118+0500: 331.577: [Tenured: 349568K->349568K(349568K), 0.0757313 secs] 506815K->506797K(506816K), [Metaspace: 12954K->12954K(1060864K)], 0.0758159 secs] [Times: user=0.08 sys=0.00, real=0.08 secs] 
2017-11-10T19:34:48.194+0500: 331.654: [Full GC (Allocation Failure) 2017-11-10T19:34:48.194+0500: 331.654: [Tenured: 349568K->349568K(349568K), 0.0747756 secs] 506815K->506796K(506816K), [Metaspace: 12954K->12954K(1060864K)], 0.0748499 secs] [Times: user=0.08 sys=0.00, real=0.08 secs] 
2017-11-10T19:34:48.270+0500: 331.729: [Full GC (Allocation Failure) 2017-11-10T19:34:48.270+0500: 331.729: [Tenured: 349568K->349567K(349568K), 0.0764842 secs] 506815K->506796K(506816K), [Metaspace: 12954K->12954K(1060864K)], 0.0765571 secs] [Times: user=0.08 sys=0.00, real=0.08 secs] 
2017-11-10T19:34:48.347+0500: 331.806: [Full GC (Allocation Failure) 2017-11-10T19:34:48.347+0500: 331.806: [Tenured: 349568K->349568K(349568K), 0.0917547 secs] 506815K->506796K(506816K), [Metaspace: 12954K->12954K(1060864K)], 0.0918368 secs] [Times: user=0.08 sys=0.00, real=0.09 secs] 
2017-11-10T19:34:48.441+0500: 331.900: [Full GC (Allocation Failure) 2017-11-10T19:34:48.441+0500: 331.900: [Tenured: 349568K->349568K(349568K), 0.0851894 secs] 506815K->506797K(506816K), [Metaspace: 12954K->12954K(1060864K)], 0.0852842 secs] [Times: user=0.08 sys=0.00, real=0.09 secs] 
2017-11-10T19:34:48.527+0500: 331.987: [Full GC (Allocation Failure) 2017-11-10T19:34:48.527+0500: 331.987: [Tenured: 349568K->349568K(349568K), 0.0914301 secs] 506815K->506796K(506816K), [Metaspace: 12954K->12954K(1060864K)], 0.0915254 secs] [Times: user=0.09 sys=0.00, real=0.09 secs] 
2017-11-10T19:34:48.619+0500: 332.079: [Full GC (Allocation Failure) 2017-11-10T19:34:48.619+0500: 332.079: [Tenured: 349568K->349567K(349568K), 0.0776106 secs] 506815K->506796K(506816K), [Metaspace: 12954K->12954K(1060864K)], 0.0777324 secs] [Times: user=0.09 sys=0.00, real=0.08 secs] 
2017-11-10T19:34:48.698+0500: 332.157: [Full GC (Allocation Failure) 2017-11-10T19:34:48.698+0500: 332.157: [Tenured: 349568K->349568K(349568K), 0.0752879 secs] 506815K->506796K(506816K), [Metaspace: 12954K->12954K(1060864K)], 0.0753789 secs] [Times: user=0.08 sys=0.00, real=0.08 secs] 
2017-11-10T19:34:48.775+0500: 332.234: [Full GC (Allocation Failure) 2017-11-10T19:34:48.775+0500: 332.234: [Tenured: 349568K->349568K(349568K), 0.0761044 secs] 506815K->506797K(506816K), [Metaspace: 12954K->12954K(1060864K)], 0.0762051 secs] [Times: user=0.09 sys=0.00, real=0.08 secs] 
2017-11-10T19:34:48.852+0500: 332.311: [Full GC (Allocation Failure) 2017-11-10T19:34:48.852+0500: 332.311: [Tenured: 349568K->349568K(349568K), 0.0802707 secs] 506815K->506796K(506816K), [Metaspace: 12954K->12954K(1060864K)], 0.0803509 secs] [Times: user=0.16 sys=0.00, real=0.08 secs] 
2017-11-10T19:34:48.933+0500: 332.392: [Full GC (Allocation Failure) 2017-11-10T19:34:48.933+0500: 332.392: [Tenured: 349568K->349567K(349568K), 0.0775759 secs] 506815K->506796K(506816K), [Metaspace: 12954K->12954K(1060864K)], 0.0776659 secs] [Times: user=0.09 sys=0.00, real=0.08 secs] 
2017-11-10T19:34:49.012+0500: 332.471: [Full GC (Allocation Failure) 2017-11-10T19:34:49.012+0500: 332.471: [Tenured: 349568K->349568K(349568K), 0.0810417 secs] 506815K->506796K(506816K), [Metaspace: 12954K->12954K(1060864K)], 0.0811311 secs] [Times: user=0.08 sys=0.00, real=0.08 secs] 
2017-11-10T19:34:49.095+0500: 332.554: [Full GC (Allocation Failure) 2017-11-10T19:34:49.095+0500: 332.554: [Tenured: 349568K->349568K(349568K), 0.0840596 secs] 506815K->506797K(506816K), [Metaspace: 12954K->12954K(1060864K)], 0.0841847 secs] [Times: user=0.11 sys=0.00, real=0.08 secs] 
2017-11-10T19:34:49.180+0500: 332.639: [Full GC (Allocation Failure) 2017-11-10T19:34:49.180+0500: 332.639: [Tenured: 349568K->349568K(349568K), 0.0872877 secs] 506815K->506796K(506816K), [Metaspace: 12954K->12954K(1060864K)], 0.0873899 secs] [Times: user=0.08 sys=0.00, real=0.09 secs] 
2017-11-10T19:34:49.268+0500: 332.727: [Full GC (Allocation Failure) 2017-11-10T19:34:49.268+0500: 332.727: [Tenured: 349568K->349567K(349568K), 0.0809185 secs] 506815K->506796K(506816K), [Metaspace: 12954K->12954K(1060864K)], 0.0809913 secs] [Times: user=0.08 sys=0.02, real=0.08 secs] 
2017-11-10T19:34:49.350+0500: 332.808: [Full GC (Allocation Failure) 2017-11-10T19:34:49.350+0500: 332.808: [Tenured: 349568K->349568K(349568K), 0.0775774 secs] 506815K->506796K(506816K), [Metaspace: 12954K->12954K(1060864K)], 0.0776527 secs] [Times: user=0.08 sys=0.00, real=0.08 secs] 
2017-11-10T19:34:49.428+0500: 332.887: [Full GC (Allocation Failure) 2017-11-10T19:34:49.428+0500: 332.887: [Tenured: 349568K->349568K(349568K), 0.0750728 secs] 506815K->506797K(506816K), [Metaspace: 12954K->12954K(1060864K)], 0.0751848 secs] [Times: user=0.08 sys=0.00, real=0.08 secs] 
2017-11-10T19:34:49.503+0500: 332.962: [Full GC (Allocation Failure) 2017-11-10T19:34:49.504+0500: 332.962: [Tenured: 349568K->349568K(349568K), 0.0745825 secs] 506815K->506796K(506816K), [Metaspace: 12954K->12954K(1060864K)], 0.0746612 secs] [Times: user=0.06 sys=0.00, real=0.08 secs] 
2017-11-10T19:34:49.579+0500: 333.038: [Full GC (Allocation Failure) 2017-11-10T19:34:49.579+0500: 333.038: [Tenured: 349568K->349567K(349568K), 0.0741733 secs] 506815K->506796K(506816K), [Metaspace: 12954K->12954K(1060864K)], 0.0742544 secs] [Times: user=0.08 sys=0.00, real=0.07 secs] 
2017-11-10T19:34:49.654+0500: 333.113: [Full GC (Allocation Failure) 2017-11-10T19:34:49.654+0500: 333.113: [Tenured: 349568K->349568K(349568K), 0.0767697 secs] 506815K->506796K(506816K), [Metaspace: 12954K->12954K(1060864K)], 0.0768949 secs] [Times: user=0.08 sys=0.00, real=0.08 secs] 
2017-11-10T19:34:49.731+0500: 333.190: [Full GC (Allocation Failure) 2017-11-10T19:34:49.731+0500: 333.190: [Tenured: 349568K->349568K(349568K), 0.0743185 secs] 506815K->506797K(506816K), [Metaspace: 12954K->12954K(1060864K)], 0.0744035 secs] [Times: user=0.08 sys=0.00, real=0.08 secs] 
2017-11-10T19:34:49.806+0500: 333.265: [Full GC (Allocation Failure) 2017-11-10T19:34:49.807+0500: 333.266: [Tenured: 349568K->349568K(349568K), 0.0753138 secs] 506815K->506796K(506816K), [Metaspace: 12954K->12954K(1060864K)], 0.0754101 secs] [Times: user=0.08 sys=0.00, real=0.08 secs] 
2017-11-10T19:34:49.882+0500: 333.341: [Full GC (Allocation Failure) 2017-11-10T19:34:49.882+0500: 333.341: [Tenured: 349568K->349567K(349568K), 0.0770010 secs] 506815K->506796K(506816K), [Metaspace: 12954K->12954K(1060864K)], 0.0771178 secs] [Times: user=0.08 sys=0.00, real=0.08 secs] 
2017-11-10T19:34:49.960+0500: 333.419: [Full GC (Allocation Failure) 2017-11-10T19:34:49.960+0500: 333.419: [Tenured: 349568K->349568K(349568K), 0.0745756 secs] 506815K->506796K(506816K), [Metaspace: 12954K->12954K(1060864K)], 0.0746582 secs] [Times: user=0.08 sys=0.00, real=0.08 secs] 
2017-11-10T19:34:50.035+0500: 333.494: [Full GC (Allocation Failure) 2017-11-10T19:34:50.036+0500: 333.495: [Tenured: 349568K->349568K(349568K), 0.0786911 secs] 506815K->506797K(506816K), [Metaspace: 12954K->12954K(1060864K)], 0.0788192 secs] [Times: user=0.08 sys=0.00, real=0.08 secs] 
2017-11-10T19:34:50.115+0500: 333.574: [Full GC (Allocation Failure) 2017-11-10T19:34:50.115+0500: 333.574: [Tenured: 349568K->349568K(349568K), 0.0751965 secs] 506815K->506796K(506816K), [Metaspace: 12954K->12954K(1060864K)], 0.0753119 secs] [Times: user=0.08 sys=0.00, real=0.08 secs] 
2017-11-10T19:34:50.191+0500: 333.650: [Full GC (Allocation Failure) 2017-11-10T19:34:50.191+0500: 333.650: [Tenured: 349568K->349567K(349568K), 0.0775490 secs] 506815K->506796K(506816K), [Metaspace: 12954K->12954K(1060864K)], 0.0776449 secs] [Times: user=0.08 sys=0.00, real=0.08 secs] 
2017-11-10T19:34:50.269+0500: 333.728: [Full GC (Allocation Failure) 2017-11-10T19:34:50.269+0500: 333.728: [Tenured: 349568K->349568K(349568K), 0.0784525 secs] 506815K->506796K(506816K), [Metaspace: 12954K->12954K(1060864K)], 0.0785517 secs] [Times: user=0.08 sys=0.00, real=0.08 secs] 
2017-11-10T19:34:50.348+0500: 333.807: [Full GC (Allocation Failure) 2017-11-10T19:34:50.348+0500: 333.807: [Tenured: 349568K->349568K(349568K), 0.0776375 secs] 506815K->506797K(506816K), [Metaspace: 12954K->12954K(1060864K)], 0.0777123 secs] [Times: user=0.08 sys=0.00, real=0.08 secs] 
2017-11-10T19:34:50.427+0500: 333.886: [Full GC (Allocation Failure) 2017-11-10T19:34:50.427+0500: 333.886: [Tenured: 349568K->349568K(349568K), 0.0751109 secs] 506815K->506796K(506816K), [Metaspace: 12954K->12954K(1060864K)], 0.0751828 secs] [Times: user=0.06 sys=0.00, real=0.08 secs] 
2017-11-10T19:34:50.502+0500: 333.961: [Full GC (Allocation Failure) 2017-11-10T19:34:50.502+0500: 333.961: [Tenured: 349568K->349567K(349568K), 0.0757269 secs] 506815K->506796K(506816K), [Metaspace: 12954K->12954K(1060864K)], 0.0757993 secs] [Times: user=0.06 sys=0.00, real=0.08 secs] 
2017-11-10T19:34:50.579+0500: 334.038: [Full GC (Allocation Failure) 2017-11-10T19:34:50.579+0500: 334.038: [Tenured: 349567K->349567K(349568K), 0.0741053 secs] 506815K->506797K(506816K), [Metaspace: 12954K->12954K(1060864K)], 0.0742192 secs] [Times: user=0.08 sys=0.00, real=0.07 secs] 
2017-11-10T19:34:50.654+0500: 334.113: [Full GC (Allocation Failure) 2017-11-10T19:34:50.654+0500: 334.113: [Tenured: 349567K->349567K(349568K), 0.0771452 secs] 506815K->506797K(506816K), [Metaspace: 12954K->12954K(1060864K)], 0.0772239 secs] [Times: user=0.08 sys=0.00, real=0.08 secs] 
2017-11-10T19:34:50.731+0500: 334.191: [Full GC (Allocation Failure) 2017-11-10T19:34:50.731+0500: 334.191: [Tenured: 349567K->349567K(349568K), 0.0740329 secs] 506815K->506796K(506816K), [Metaspace: 12954K->12954K(1060864K)], 0.0741175 secs] [Times: user=0.08 sys=0.00, real=0.08 secs] 
2017-11-10T19:34:50.806+0500: 334.266: [Full GC (Allocation Failure) 2017-11-10T19:34:50.806+0500: 334.266: [Tenured: 349567K->349567K(349568K), 0.0777578 secs] 506815K->506796K(506816K), [Metaspace: 12954K->12954K(1060864K)], 0.0778497 secs] [Times: user=0.08 sys=0.00, real=0.08 secs] 
2017-11-10T19:34:50.885+0500: 334.344: [Full GC (Allocation Failure) 2017-11-10T19:34:50.885+0500: 334.344: [Tenured: 349567K->349567K(349568K), 0.0757260 secs] 506815K->506796K(506816K), [Metaspace: 12954K->12954K(1060864K)], 0.0758081 secs] [Times: user=0.08 sys=0.00, real=0.08 secs] 
2017-11-10T19:34:50.961+0500: 334.420: [Full GC (Allocation Failure) 2017-11-10T19:34:50.961+0500: 334.420: [Tenured: 349567K->349567K(349568K), 0.0742158 secs] 506815K->506797K(506816K), [Metaspace: 12954K->12954K(1060864K)], 0.0743013 secs] [Times: user=0.08 sys=0.00, real=0.08 secs] 
2017-11-10T19:34:51.036+0500: 334.495: [Full GC (Allocation Failure) 2017-11-10T19:34:51.036+0500: 334.495: [Tenured: 349567K->349567K(349568K), 0.0755935 secs] 506815K->506796K(506816K), [Metaspace: 12954K->12954K(1060864K)], 0.0756663 secs] [Times: user=0.08 sys=0.00, real=0.08 secs] 
2017-11-10T19:34:51.112+0500: 334.572: [Full GC (Allocation Failure) 2017-11-10T19:34:51.112+0500: 334.572: [Tenured: 349567K->349567K(349568K), 0.0785909 secs] 506815K->506796K(506816K), [Metaspace: 12954K->12954K(1060864K)], 0.0786789 secs] [Times: user=0.08 sys=0.00, real=0.08 secs] 
2017-11-10T19:34:51.192+0500: 334.651: [Full GC (Allocation Failure) 2017-11-10T19:34:51.192+0500: 334.651: [Tenured: 349567K->349567K(349568K), 0.0848393 secs] 506815K->506796K(506816K), [Metaspace: 12954K->12954K(1060864K)], 0.0849606 secs] [Times: user=0.08 sys=0.00, real=0.09 secs] 
2017-11-10T19:34:51.278+0500: 334.737: [Full GC (Allocation Failure) 2017-11-10T19:34:51.278+0500: 334.737: [Tenured: 349567K->349567K(349568K), 0.0761273 secs] 506815K->506797K(506816K), [Metaspace: 12954K->12954K(1060864K)], 0.0762266 secs] [Times: user=0.08 sys=0.00, real=0.08 secs] 
2017-11-10T19:34:51.355+0500: 334.814: [Full GC (Allocation Failure) 2017-11-10T19:34:51.355+0500: 334.814: [Tenured: 349567K->349567K(349568K), 0.0763278 secs] 506815K->506796K(506816K), [Metaspace: 12954K->12954K(1060864K)], 0.0764295 secs] [Times: user=0.08 sys=0.00, real=0.08 secs] 
2017-11-10T19:34:51.432+0500: 334.891: [Full GC (Allocation Failure) 2017-11-10T19:34:51.432+0500: 334.891: [Tenured: 349567K->349567K(349568K), 0.0820356 secs] 506815K->506796K(506816K), [Metaspace: 12954K->12954K(1060864K)], 0.0821065 secs] [Times: user=0.08 sys=0.00, real=0.08 secs] 
2017-11-10T19:34:51.514+0500: 334.974: [Full GC (Allocation Failure) 2017-11-10T19:34:51.514+0500: 334.974: [Tenured: 349567K->349567K(349568K), 0.0857003 secs] 506815K->506796K(506816K), [Metaspace: 12954K->12954K(1060864K)], 0.0857849 secs] [Times: user=0.09 sys=0.00, real=0.09 secs] 
2017-11-10T19:34:51.601+0500: 335.060: [Full GC (Allocation Failure) 2017-11-10T19:34:51.601+0500: 335.060: [Tenured: 349567K->349567K(349568K), 0.0773716 secs] 506815K->506797K(506816K), [Metaspace: 12954K->12954K(1060864K)], 0.0774718 secs] [Times: user=0.08 sys=0.00, real=0.08 secs] 
2017-11-10T19:34:51.679+0500: 335.138: [Full GC (Allocation Failure) 2017-11-10T19:34:51.679+0500: 335.138: [Tenured: 349567K->349567K(349568K), 0.0767282 secs] 506815K->506796K(506816K), [Metaspace: 12954K->12954K(1060864K)], 0.0768269 secs] [Times: user=0.08 sys=0.00, real=0.08 secs] 
2017-11-10T19:34:51.757+0500: 335.216: [Full GC (Allocation Failure) 2017-11-10T19:34:51.757+0500: 335.216: [Tenured: 349567K->349567K(349568K), 0.0752439 secs] 506815K->506796K(506816K), [Metaspace: 12954K->12954K(1060864K)], 0.0753446 secs] [Times: user=0.08 sys=0.00, real=0.08 secs] 
2017-11-10T19:34:51.833+0500: 335.292: [Full GC (Allocation Failure) 2017-11-10T19:34:51.833+0500: 335.292: [Tenured: 349567K->349567K(349568K), 0.0819745 secs] 506815K->506796K(506816K), [Metaspace: 12954K->12954K(1060864K)], 0.0820644 secs] [Times: user=0.08 sys=0.00, real=0.08 secs] 
2017-11-10T19:34:51.916+0500: 335.375: [Full GC (Allocation Failure) 2017-11-10T19:34:51.916+0500: 335.375: [Tenured: 349567K->349567K(349568K), 0.0804579 secs] 506815K->506797K(506816K), [Metaspace: 12954K->12954K(1060864K)], 0.0805405 secs] [Times: user=0.08 sys=0.00, real=0.08 secs] 
2017-11-10T19:34:51.997+0500: 335.456: [Full GC (Allocation Failure) 2017-11-10T19:34:51.997+0500: 335.456: [Tenured: 349567K->349567K(349568K), 0.0787889 secs] 506815K->506796K(506816K), [Metaspace: 12954K->12954K(1060864K)], 0.0788715 secs] [Times: user=0.08 sys=0.00, real=0.08 secs] 
2017-11-10T19:34:52.076+0500: 335.536: [Full GC (Allocation Failure) 2017-11-10T19:34:52.076+0500: 335.536: [Tenured: 349567K->349567K(349568K), 0.0757030 secs] 506815K->506796K(506816K), [Metaspace: 12954K->12954K(1060864K)], 0.0758281 secs] [Times: user=0.08 sys=0.00, real=0.08 secs] 
2017-11-10T19:34:52.153+0500: 335.612: [Full GC (Allocation Failure) 2017-11-10T19:34:52.153+0500: 335.612: [Tenured: 349567K->349567K(349568K), 0.0770450 secs] 506815K->506796K(506816K), [Metaspace: 12954K->12954K(1060864K)], 0.0771178 secs] [Times: user=0.08 sys=0.00, real=0.08 secs] 
2017-11-10T19:34:52.230+0500: 335.690: [Full GC (Allocation Failure) 2017-11-10T19:34:52.230+0500: 335.690: [Tenured: 349567K->349567K(349568K), 0.0747878 secs] 506815K->506797K(506816K), [Metaspace: 12954K->12954K(1060864K)], 0.0748748 secs] [Times: user=0.08 sys=0.00, real=0.08 secs] 
2017-11-10T19:34:52.307+0500: 335.766: [Full GC (Allocation Failure) 2017-11-10T19:34:52.307+0500: 335.766: [Tenured: 349567K->349567K(349568K), 0.0770885 secs] 506815K->506796K(506816K), [Metaspace: 12954K->12954K(1060864K)], 0.0771936 secs] [Times: user=0.08 sys=0.00, real=0.08 secs] 
2017-11-10T19:34:52.385+0500: 335.844: [Full GC (Allocation Failure) 2017-11-10T19:34:52.385+0500: 335.844: [Tenured: 349567K->349567K(349568K), 0.0846272 secs] 506815K->506796K(506816K), [Metaspace: 12954K->12954K(1060864K)], 0.0847259 secs] [Times: user=0.06 sys=0.00, real=0.09 secs] 
2017-11-10T19:34:52.470+0500: 335.930: [Full GC (Allocation Failure) 2017-11-10T19:34:52.470+0500: 335.930: [Tenured: 349567K->349567K(349568K), 0.0822570 secs] 506815K->506796K(506816K), [Metaspace: 12954K->12954K(1060864K)], 0.0823328 secs] [Times: user=0.09 sys=0.00, real=0.08 secs] 
2017-11-10T19:34:52.553+0500: 336.013: [Full GC (Allocation Failure) 2017-11-10T19:34:52.553+0500: 336.013: [Tenured: 349567K->349567K(349568K), 0.0812846 secs] 506815K->506797K(506816K), [Metaspace: 12954K->12954K(1060864K)], 0.0813555 secs] [Times: user=0.08 sys=0.00, real=0.08 secs] 
2017-11-10T19:34:52.635+0500: 336.095: [Full GC (Allocation Failure) 2017-11-10T19:34:52.635+0500: 336.095: [Tenured: 349567K->349567K(349568K), 0.0791257 secs] 506815K->506796K(506816K), [Metaspace: 12954K->12954K(1060864K)], 0.0792269 secs] [Times: user=0.08 sys=0.00, real=0.08 secs] 
2017-11-10T19:34:52.716+0500: 336.175: [Full GC (Allocation Failure) 2017-11-10T19:34:52.716+0500: 336.175: [Tenured: 349567K->349567K(349568K), 0.0763781 secs] 506815K->506796K(506816K), [Metaspace: 12954K->12954K(1060864K)], 0.0764828 secs] [Times: user=0.08 sys=0.00, real=0.08 secs] 
2017-11-10T19:34:52.793+0500: 336.252: [Full GC (Allocation Failure) 2017-11-10T19:34:52.793+0500: 336.252: [Tenured: 349567K->349567K(349568K), 0.0763982 secs] 506815K->506796K(506816K), [Metaspace: 12954K->12954K(1060864K)], 0.0765053 secs] [Times: user=0.08 sys=0.00, real=0.08 secs] 
2017-11-10T19:34:52.870+0500: 336.329: [Full GC (Allocation Failure) 2017-11-10T19:34:52.870+0500: 336.329: [Tenured: 349567K->349567K(349568K), 0.0832500 secs] 506815K->506797K(506816K), [Metaspace: 12954K->12954K(1060864K)], 0.0833629 secs] [Times: user=0.08 sys=0.00, real=0.08 secs] 
2017-11-10T19:34:52.954+0500: 336.413: [Full GC (Allocation Failure) 2017-11-10T19:34:52.954+0500: 336.413: [Tenured: 349567K->349567K(349568K), 0.0766720 secs] 506815K->506796K(506816K), [Metaspace: 12954K->12954K(1060864K)], 0.0767531 secs] [Times: user=0.08 sys=0.00, real=0.08 secs] 
2017-11-10T19:34:53.031+0500: 336.490: [Full GC (Allocation Failure) 2017-11-10T19:34:53.031+0500: 336.490: [Tenured: 349567K->349567K(349568K), 0.0772914 secs] 506815K->506796K(506816K), [Metaspace: 12954K->12954K(1060864K)], 0.0773985 secs] [Times: user=0.08 sys=0.00, real=0.08 secs] 
2017-11-10T19:34:53.109+0500: 336.568: [Full GC (Allocation Failure) 2017-11-10T19:34:53.109+0500: 336.568: [Tenured: 349567K->349567K(349568K), 0.0742094 secs] 506815K->506796K(506816K), [Metaspace: 12954K->12954K(1060864K)], 0.0742828 secs] [Times: user=0.08 sys=0.00, real=0.08 secs] 
2017-11-10T19:34:53.184+0500: 336.643: [Full GC (Allocation Failure) 2017-11-10T19:34:53.184+0500: 336.643: [Tenured: 349567K->349567K(349568K), 0.0765546 secs] 506815K->506797K(506816K), [Metaspace: 12954K->12954K(1060864K)], 0.0766270 secs] [Times: user=0.08 sys=0.00, real=0.08 secs] 
2017-11-10T19:34:53.261+0500: 336.720: [Full GC (Allocation Failure) 2017-11-10T19:34:53.261+0500: 336.720: [Tenured: 349567K->349567K(349568K), 0.0758829 secs] 506815K->506796K(506816K), [Metaspace: 12954K->12954K(1060864K)], 0.0759538 secs] [Times: user=0.08 sys=0.00, real=0.08 secs] 
2017-11-10T19:34:53.338+0500: 336.797: [Full GC (Allocation Failure) 2017-11-10T19:34:53.338+0500: 336.797: [Tenured: 349567K->349567K(349568K), 0.0761278 secs] 506815K->506796K(506816K), [Metaspace: 12954K->12954K(1060864K)], 0.0762021 secs] [Times: user=0.08 sys=0.00, real=0.08 secs] 
2017-11-10T19:34:53.415+0500: 336.874: [Full GC (Allocation Failure) 2017-11-10T19:34:53.415+0500: 336.874: [Tenured: 349567K->349567K(349568K), 0.0774767 secs] 506815K->506796K(506816K), [Metaspace: 12954K->12954K(1060864K)], 0.0775784 secs] [Times: user=0.08 sys=0.00, real=0.08 secs] 
2017-11-10T19:34:53.493+0500: 336.952: [Full GC (Allocation Failure) 2017-11-10T19:34:53.493+0500: 336.952: [Tenured: 349567K->349567K(349568K), 0.0755421 secs] 506815K->506797K(506816K), [Metaspace: 12954K->12954K(1060864K)], 0.0756218 secs] [Times: user=0.08 sys=0.00, real=0.08 secs] 
2017-11-10T19:34:53.569+0500: 337.028: [Full GC (Allocation Failure) 2017-11-10T19:34:53.569+0500: 337.028: [Tenured: 349567K->349567K(349568K), 0.0812059 secs] 506815K->506796K(506816K), [Metaspace: 12954K->12954K(1060864K)], 0.0813071 secs] [Times: user=0.08 sys=0.00, real=0.08 secs] 
2017-11-10T19:34:53.651+0500: 337.110: [Full GC (Allocation Failure) 2017-11-10T19:34:53.651+0500: 337.110: [Tenured: 349567K->349567K(349568K), 0.0893665 secs] 506815K->506796K(506816K), [Metaspace: 12954K->12954K(1060864K)], 0.0894505 secs] [Times: user=0.09 sys=0.00, real=0.09 secs] 
2017-11-10T19:34:53.741+0500: 337.200: [Full GC (Allocation Failure) 2017-11-10T19:34:53.741+0500: 337.200: [Tenured: 349567K->349567K(349568K), 0.0787698 secs] 506815K->506796K(506816K), [Metaspace: 12954K->12954K(1060864K)], 0.0788705 secs] [Times: user=0.08 sys=0.00, real=0.08 secs] 
2017-11-10T19:34:53.821+0500: 337.280: [Full GC (Allocation Failure) 2017-11-10T19:34:53.821+0500: 337.280: [Tenured: 349567K->349567K(349568K), 0.0753945 secs] 506815K->506797K(506816K), [Metaspace: 12954K->12954K(1060864K)], 0.0754713 secs] [Times: user=0.08 sys=0.00, real=0.07 secs] 
2017-11-10T19:34:53.897+0500: 337.356: [Full GC (Allocation Failure) 2017-11-10T19:34:53.897+0500: 337.356: [Tenured: 349567K->349567K(349568K), 0.0768797 secs] 506815K->506796K(506816K), [Metaspace: 12954K->12954K(1060864K)], 0.0769604 secs] [Times: user=0.08 sys=0.00, real=0.08 secs] 
2017-11-10T19:34:53.974+0500: 337.433: [Full GC (Allocation Failure) 2017-11-10T19:34:53.974+0500: 337.433: [Tenured: 349567K->349567K(349568K), 0.0787581 secs] 506815K->506796K(506816K), [Metaspace: 12954K->12954K(1060864K)], 0.0788671 secs] [Times: user=0.08 sys=0.00, real=0.08 secs] 
2017-11-10T19:34:54.054+0500: 337.513: [Full GC (Allocation Failure) 2017-11-10T19:34:54.054+0500: 337.513: [Tenured: 349567K->349567K(349568K), 0.0866634 secs] 506815K->506796K(506816K), [Metaspace: 12954K->12954K(1060864K)], 0.0867406 secs] [Times: user=0.08 sys=0.00, real=0.09 secs] 
2017-11-10T19:34:54.141+0500: 337.600: [Full GC (Allocation Failure) 2017-11-10T19:34:54.141+0500: 337.600: [Tenured: 349567K->349567K(349568K), 0.0841798 secs] 506815K->506797K(506816K), [Metaspace: 12954K->12954K(1060864K)], 0.0842502 secs] [Times: user=0.09 sys=0.00, real=0.08 secs] 
2017-11-10T19:34:54.226+0500: 337.685: [Full GC (Allocation Failure) 2017-11-10T19:34:54.226+0500: 337.685: [Tenured: 349567K->349567K(349568K), 0.0761166 secs] 506815K->506796K(506816K), [Metaspace: 12954K->12954K(1060864K)], 0.0762124 secs] [Times: user=0.08 sys=0.00, real=0.08 secs] 
2017-11-10T19:34:54.303+0500: 337.762: [Full GC (Allocation Failure) 2017-11-10T19:34:54.303+0500: 337.762: [Tenured: 349567K->349567K(349568K), 0.0766876 secs] 506815K->506796K(506816K), [Metaspace: 12954K->12954K(1060864K)], 0.0767658 secs] [Times: user=0.08 sys=0.00, real=0.08 secs] 
2017-11-10T19:34:54.380+0500: 337.839: [Full GC (Allocation Failure) 2017-11-10T19:34:54.380+0500: 337.839: [Tenured: 349567K->349567K(349568K), 0.0743175 secs] 506815K->506796K(506816K), [Metaspace: 12954K->12954K(1060864K)], 0.0743908 secs] [Times: user=0.06 sys=0.00, real=0.07 secs] 
2017-11-10T19:34:54.455+0500: 337.914: [Full GC (Allocation Failure) 2017-11-10T19:34:54.455+0500: 337.914: [Tenured: 349567K->349567K(349568K), 0.0760017 secs] 506815K->506797K(506816K), [Metaspace: 12954K->12954K(1060864K)], 0.0760750 secs] [Times: user=0.08 sys=0.00, real=0.08 secs] 
2017-11-10T19:34:54.531+0500: 337.991: [Full GC (Allocation Failure) 2017-11-10T19:34:54.532+0500: 337.991: [Tenured: 349567K->349567K(349568K), 0.0747721 secs] 506815K->506796K(506816K), [Metaspace: 12954K->12954K(1060864K)], 0.0748562 secs] [Times: user=0.08 sys=0.00, real=0.08 secs] 
2017-11-10T19:34:54.607+0500: 338.066: [Full GC (Allocation Failure) 2017-11-10T19:34:54.607+0500: 338.066: [Tenured: 349567K->349567K(349568K), 0.0748875 secs] 506815K->506796K(506816K), [Metaspace: 12954K->12954K(1060864K)], 0.0749897 secs] [Times: user=0.08 sys=0.00, real=0.07 secs] 
2017-11-10T19:34:54.683+0500: 338.142: [Full GC (Allocation Failure) 2017-11-10T19:34:54.683+0500: 338.142: [Tenured: 349567K->349567K(349568K), 0.0756639 secs] 506815K->506796K(506816K), [Metaspace: 12954K->12954K(1060864K)], 0.0757807 secs] [Times: user=0.08 sys=0.00, real=0.07 secs] 
2017-11-10T19:34:54.759+0500: 338.218: [Full GC (Allocation Failure) 2017-11-10T19:34:54.759+0500: 338.218: [Tenured: 349567K->349567K(349568K), 0.0753388 secs] 506815K->506797K(506816K), [Metaspace: 12954K->12954K(1060864K)], 0.0754185 secs] [Times: user=0.08 sys=0.00, real=0.08 secs] 
2017-11-10T19:34:54.835+0500: 338.294: [Full GC (Allocation Failure) 2017-11-10T19:34:54.835+0500: 338.294: [Tenured: 349567K->349567K(349568K), 0.0760188 secs] 506815K->506796K(506816K), [Metaspace: 12954K->12954K(1060864K)], 0.0760995 secs] [Times: user=0.08 sys=0.00, real=0.08 secs] 
2017-11-10T19:34:54.912+0500: 338.371: [Full GC (Allocation Failure) 2017-11-10T19:34:54.912+0500: 338.371: [Tenured: 349567K->349567K(349568K), 0.0771281 secs] 506815K->506796K(506816K), [Metaspace: 12954K->12954K(1060864K)], 0.0772440 secs] [Times: user=0.06 sys=0.00, real=0.08 secs] 
2017-11-10T19:34:54.990+0500: 338.449: [Full GC (Allocation Failure) 2017-11-10T19:34:54.990+0500: 338.449: [Tenured: 349567K->349567K(349568K), 0.0749178 secs] 506815K->506796K(506816K), [Metaspace: 12954K->12954K(1060864K)], 0.0750161 secs] [Times: user=0.08 sys=0.00, real=0.08 secs] 
2017-11-10T19:34:55.066+0500: 338.525: [Full GC (Allocation Failure) 2017-11-10T19:34:55.066+0500: 338.525: [Tenured: 349567K->349567K(349568K), 0.0752337 secs] 506815K->506797K(506816K), [Metaspace: 12954K->12954K(1060864K)], 0.0753407 secs] [Times: user=0.06 sys=0.00, real=0.08 secs] 
2017-11-10T19:34:55.142+0500: 338.601: [Full GC (Allocation Failure) 2017-11-10T19:34:55.142+0500: 338.601: [Tenured: 349567K->349567K(349568K), 0.0772713 secs] 506815K->506796K(506816K), [Metaspace: 12954K->12954K(1060864K)], 0.0773471 secs] [Times: user=0.08 sys=0.00, real=0.08 secs] 
2017-11-10T19:34:55.220+0500: 338.679: [Full GC (Allocation Failure) 2017-11-10T19:34:55.220+0500: 338.679: [Tenured: 349567K->349567K(349568K), 0.0758003 secs] 506815K->506796K(506816K), [Metaspace: 12954K->12954K(1060864K)], 0.0759264 secs] [Times: user=0.08 sys=0.00, real=0.08 secs] 
2017-11-10T19:34:55.296+0500: 338.755: [Full GC (Allocation Failure) 2017-11-10T19:34:55.296+0500: 338.755: [Tenured: 349567K->349567K(349568K), 0.0761498 secs] 506815K->506796K(506816K), [Metaspace: 12954K->12954K(1060864K)], 0.0762545 secs] [Times: user=0.08 sys=0.00, real=0.08 secs] 
2017-11-10T19:34:55.373+0500: 338.832: [Full GC (Allocation Failure) 2017-11-10T19:34:55.373+0500: 338.832: [Tenured: 349567K->349567K(349568K), 0.0772836 secs] 506815K->506797K(506816K), [Metaspace: 12954K->12954K(1060864K)], 0.0773701 secs] [Times: user=0.08 sys=0.00, real=0.08 secs] 
2017-11-10T19:34:55.451+0500: 338.910: [Full GC (Allocation Failure) 2017-11-10T19:34:55.451+0500: 338.910: [Tenured: 349567K->349567K(349568K), 0.0776326 secs] 506815K->506796K(506816K), [Metaspace: 12954K->12954K(1060864K)], 0.0777069 secs] [Times: user=0.08 sys=0.00, real=0.08 secs] 
2017-11-10T19:34:55.529+0500: 338.988: [Full GC (Allocation Failure) 2017-11-10T19:34:55.529+0500: 338.988: [Tenured: 349567K->349567K(349568K), 0.0756922 secs] 506815K->506796K(506816K), [Metaspace: 12954K->12954K(1060864K)], 0.0757714 secs] [Times: user=0.08 sys=0.00, real=0.08 secs] 
2017-11-10T19:34:55.606+0500: 339.065: [Full GC (Allocation Failure) 2017-11-10T19:34:55.606+0500: 339.065: [Tenured: 349567K->349567K(349568K), 0.0790768 secs] 506815K->506796K(506816K), [Metaspace: 12954K->12954K(1060864K)], 0.0791824 secs] [Times: user=0.08 sys=0.00, real=0.08 secs] 
2017-11-10T19:34:55.685+0500: 339.145: [Full GC (Allocation Failure) 2017-11-10T19:34:55.685+0500: 339.145: [Tenured: 349567K->349567K(349568K), 0.0791721 secs] 506815K->506797K(506816K), [Metaspace: 12954K->12954K(1060864K)], 0.0792484 secs] [Times: user=0.08 sys=0.00, real=0.08 secs] 
2017-11-10T19:34:55.765+0500: 339.224: [Full GC (Allocation Failure) 2017-11-10T19:34:55.765+0500: 339.224: [Tenured: 349567K->349567K(349568K), 0.0783220 secs] 506815K->506796K(506816K), [Metaspace: 12954K->12954K(1060864K)], 0.0784241 secs] [Times: user=0.08 sys=0.00, real=0.08 secs] 
2017-11-10T19:34:55.844+0500: 339.303: [Full GC (Allocation Failure) 2017-11-10T19:34:55.844+0500: 339.303: [Tenured: 349567K->349567K(349568K), 0.0772660 secs] 506815K->506796K(506816K), [Metaspace: 12954K->12954K(1060864K)], 0.0773383 secs] [Times: user=0.08 sys=0.00, real=0.08 secs] 
2017-11-10T19:34:55.922+0500: 339.382: [Full GC (Allocation Failure) 2017-11-10T19:34:55.922+0500: 339.382: [Tenured: 349567K->349567K(349568K), 0.0765087 secs] 506815K->506796K(506816K), [Metaspace: 12954K->12954K(1060864K)], 0.0766084 secs] [Times: user=0.08 sys=0.00, real=0.08 secs] 
2017-11-10T19:34:56.000+0500: 339.459: [Full GC (Allocation Failure) 2017-11-10T19:34:56.000+0500: 339.459: [Tenured: 349567K->349567K(349568K), 0.0765683 secs] 506815K->506797K(506816K), [Metaspace: 12954K->12954K(1060864K)], 0.0766451 secs] [Times: user=0.08 sys=0.00, real=0.08 secs] 
2017-11-10T19:34:56.077+0500: 339.536: [Full GC (Allocation Failure) 2017-11-10T19:34:56.077+0500: 339.536: [Tenured: 349567K->349567K(349568K), 0.0765649 secs] 506815K->506796K(506816K), [Metaspace: 12954K->12954K(1060864K)], 0.0766392 secs] [Times: user=0.08 sys=0.00, real=0.08 secs] 
2017-11-10T19:34:56.154+0500: 339.613: [Full GC (Allocation Failure) 2017-11-10T19:34:56.154+0500: 339.613: [Tenured: 349567K->349567K(349568K), 0.0769809 secs] 506815K->506796K(506816K), [Metaspace: 12954K->12954K(1060864K)], 0.0770577 secs] [Times: user=0.08 sys=0.00, real=0.08 secs] 
2017-11-10T19:34:56.232+0500: 339.691: [Full GC (Allocation Failure) 2017-11-10T19:34:56.232+0500: 339.691: [Tenured: 349567K->349567K(349568K), 0.0755109 secs] 506815K->506796K(506816K), [Metaspace: 12954K->12954K(1060864K)], 0.0755989 secs] [Times: user=0.08 sys=0.00, real=0.08 secs] 
2017-11-10T19:34:56.308+0500: 339.767: [Full GC (Allocation Failure) 2017-11-10T19:34:56.308+0500: 339.767: [Tenured: 349567K->349567K(349568K), 0.0770773 secs] 506815K->506797K(506816K), [Metaspace: 12954K->12954K(1060864K)], 0.0771604 secs] [Times: user=0.08 sys=0.00, real=0.08 secs] 
2017-11-10T19:34:56.386+0500: 339.845: [Full GC (Allocation Failure) 2017-11-10T19:34:56.386+0500: 339.845: [Tenured: 349567K->349567K(349568K), 0.0775583 secs] 506815K->506796K(506816K), [Metaspace: 12954K->12954K(1060864K)], 0.0776370 secs] [Times: user=0.08 sys=0.00, real=0.08 secs] 
2017-11-10T19:34:56.464+0500: 339.923: [Full GC (Allocation Failure) 2017-11-10T19:34:56.464+0500: 339.923: [Tenured: 349567K->349567K(349568K), 0.0770337 secs] 506815K->506796K(506816K), [Metaspace: 12954K->12954K(1060864K)], 0.0771335 secs] [Times: user=0.08 sys=0.00, real=0.08 secs] 
2017-11-10T19:34:56.542+0500: 340.001: [Full GC (Allocation Failure) 2017-11-10T19:34:56.542+0500: 340.001: [Tenured: 349567K->349567K(349568K), 0.0762163 secs] 506815K->506796K(506816K), [Metaspace: 12954K->12954K(1060864K)], 0.0762897 secs] [Times: user=0.08 sys=0.00, real=0.08 secs] 
2017-11-10T19:34:56.619+0500: 340.078: [Full GC (Allocation Failure) 2017-11-10T19:34:56.619+0500: 340.078: [Tenured: 349567K->349567K(349568K), 0.0751305 secs] 506815K->506797K(506816K), [Metaspace: 12954K->12954K(1060864K)], 0.0752092 secs] [Times: user=0.08 sys=0.00, real=0.08 secs] 
2017-11-10T19:34:56.695+0500: 340.154: [Full GC (Allocation Failure) 2017-11-10T19:34:56.695+0500: 340.154: [Tenured: 349567K->349567K(349568K), 0.0755847 secs] 506815K->506796K(506816K), [Metaspace: 12954K->12954K(1060864K)], 0.0756658 secs] [Times: user=0.08 sys=0.00, real=0.08 secs] 
2017-11-10T19:34:56.771+0500: 340.230: [Full GC (Allocation Failure) 2017-11-10T19:34:56.771+0500: 340.230: [Tenured: 349567K->349567K(349568K), 0.0764251 secs] 506815K->506796K(506816K), [Metaspace: 12954K->12954K(1060864K)], 0.0764994 secs] [Times: user=0.08 sys=0.00, real=0.08 secs] 
2017-11-10T19:34:56.848+0500: 340.307: [Full GC (Allocation Failure) 2017-11-10T19:34:56.848+0500: 340.307: [Tenured: 349567K->349567K(349568K), 0.0776815 secs] 506815K->506796K(506816K), [Metaspace: 12954K->12954K(1060864K)], 0.0777984 secs] [Times: user=0.08 sys=0.00, real=0.08 secs] 
2017-11-10T19:34:56.926+0500: 340.385: [Full GC (Allocation Failure) 2017-11-10T19:34:56.926+0500: 340.385: [Tenured: 349567K->349567K(349568K), 0.0754996 secs] 506815K->506797K(506816K), [Metaspace: 12954K->12954K(1060864K)], 0.0756023 secs] [Times: user=0.05 sys=0.00, real=0.08 secs] 
2017-11-10T19:34:57.003+0500: 340.462: [Full GC (Allocation Failure) 2017-11-10T19:34:57.003+0500: 340.462: [Tenured: 349567K->349567K(349568K), 0.0758555 secs] 506815K->506796K(506816K), [Metaspace: 12954K->12954K(1060864K)], 0.0759513 secs] [Times: user=0.06 sys=0.00, real=0.08 secs] 
2017-11-10T19:34:57.079+0500: 340.538: [Full GC (Allocation Failure) 2017-11-10T19:34:57.079+0500: 340.538: [Tenured: 349567K->349567K(349568K), 0.0793980 secs] 506815K->506796K(506816K), [Metaspace: 12954K->12954K(1060864K)], 0.0795114 secs] [Times: user=0.08 sys=0.02, real=0.08 secs] 
2017-11-10T19:34:57.159+0500: 340.618: [Full GC (Allocation Failure) 2017-11-10T19:34:57.159+0500: 340.618: [Tenured: 349567K->349567K(349568K), 0.0754947 secs] 506815K->506796K(506816K), [Metaspace: 12954K->12954K(1060864K)], 0.0755803 secs] [Times: user=0.06 sys=0.00, real=0.08 secs] 
2017-11-10T19:34:57.235+0500: 340.694: [Full GC (Allocation Failure) 2017-11-10T19:34:57.235+0500: 340.694: [Tenured: 349567K->349567K(349568K), 0.0757382 secs] 506815K->506797K(506816K), [Metaspace: 12954K->12954K(1060864K)], 0.0758233 secs] [Times: user=0.08 sys=0.00, real=0.08 secs] 
2017-11-10T19:34:57.312+0500: 340.771: [Full GC (Allocation Failure) 2017-11-10T19:34:57.312+0500: 340.771: [Tenured: 349567K->349567K(349568K), 0.0803377 secs] 506815K->506796K(506816K), [Metaspace: 12954K->12954K(1060864K)], 0.0804266 secs] [Times: user=0.08 sys=0.00, real=0.08 secs] 
2017-11-10T19:34:57.393+0500: 340.852: [Full GC (Allocation Failure) 2017-11-10T19:34:57.393+0500: 340.852: [Tenured: 349567K->349567K(349568K), 0.0825675 secs] 506815K->506796K(506816K), [Metaspace: 12954K->12954K(1060864K)], 0.0826565 secs] [Times: user=0.09 sys=0.00, real=0.08 secs] 
2017-11-10T19:34:57.476+0500: 340.935: [Full GC (Allocation Failure) 2017-11-10T19:34:57.476+0500: 340.935: [Tenured: 349567K->349567K(349568K), 0.0765874 secs] 506815K->506796K(506816K), [Metaspace: 12954K->12954K(1060864K)], 0.0766754 secs] [Times: user=0.08 sys=0.00, real=0.08 secs] 
2017-11-10T19:34:57.553+0500: 341.012: [Full GC (Allocation Failure) 2017-11-10T19:34:57.553+0500: 341.012: [Tenured: 349567K->349567K(349568K), 0.0763630 secs] 506815K->506797K(506816K), [Metaspace: 12954K->12954K(1060864K)], 0.0765131 secs] [Times: user=0.08 sys=0.00, real=0.08 secs] 
2017-11-10T19:34:57.631+0500: 341.090: [Full GC (Allocation Failure) 2017-11-10T19:34:57.631+0500: 341.090: [Tenured: 349567K->349567K(349568K), 0.0776013 secs] 506815K->506796K(506816K), [Metaspace: 12954K->12954K(1060864K)], 0.0776786 secs] [Times: user=0.06 sys=0.00, real=0.08 secs] 
2017-11-10T19:34:57.709+0500: 341.168: [Full GC (Allocation Failure) 2017-11-10T19:34:57.709+0500: 341.168: [Tenured: 349567K->349567K(349568K), 0.0758511 secs] 506815K->506796K(506816K), [Metaspace: 12954K->12954K(1060864K)], 0.0759264 secs] [Times: user=0.08 sys=0.00, real=0.08 secs] 
2017-11-10T19:34:57.786+0500: 341.245: [Full GC (Allocation Failure) 2017-11-10T19:34:57.786+0500: 341.245: [Tenured: 349567K->349567K(349568K), 0.0758379 secs] 506815K->506796K(506816K), [Metaspace: 12954K->12954K(1060864K)], 0.0759352 secs] [Times: user=0.06 sys=0.00, real=0.08 secs] 
2017-11-10T19:34:57.862+0500: 341.321: [Full GC (Allocation Failure) 2017-11-10T19:34:57.862+0500: 341.321: [Tenured: 349567K->349567K(349568K), 0.0756917 secs] 506815K->506797K(506816K), [Metaspace: 12954K->12954K(1060864K)], 0.0757783 secs] [Times: user=0.06 sys=0.00, real=0.08 secs] 
2017-11-10T19:34:57.939+0500: 341.398: [Full GC (Allocation Failure) 2017-11-10T19:34:57.939+0500: 341.398: [Tenured: 349567K->349567K(349568K), 0.0756331 secs] 506815K->506796K(506816K), [Metaspace: 12954K->12954K(1060864K)], 0.0757123 secs] [Times: user=0.08 sys=0.00, real=0.08 secs] 
2017-11-10T19:34:58.015+0500: 341.474: [Full GC (Allocation Failure) 2017-11-10T19:34:58.015+0500: 341.474: [Tenured: 349567K->349567K(349568K), 0.0749892 secs] 506815K->506796K(506816K), [Metaspace: 12954K->12954K(1060864K)], 0.0750909 secs] [Times: user=0.08 sys=0.00, real=0.07 secs] 
2017-11-10T19:34:58.091+0500: 341.550: [Full GC (Allocation Failure) 2017-11-10T19:34:58.091+0500: 341.550: [Tenured: 349567K->349567K(349568K), 0.0763136 secs] 506815K->506796K(506816K), [Metaspace: 12954K->12954K(1060864K)], 0.0764534 secs] [Times: user=0.08 sys=0.00, real=0.08 secs] 
2017-11-10T19:34:58.168+0500: 341.627: [Full GC (Allocation Failure) 2017-11-10T19:34:58.168+0500: 341.627: [Tenured: 349567K->349567K(349568K), 0.0799387 secs] 506815K->506797K(506816K), [Metaspace: 12954K->12954K(1060864K)], 0.0800209 secs] [Times: user=0.08 sys=0.00, real=0.08 secs] 
2017-11-10T19:34:58.248+0500: 341.707: [Full GC (Allocation Failure) 2017-11-10T19:34:58.248+0500: 341.707: [Tenured: 349567K->349567K(349568K), 0.0784569 secs] 506815K->506796K(506816K), [Metaspace: 12954K->12954K(1060864K)], 0.0785307 secs] [Times: user=0.08 sys=0.00, real=0.08 secs] 
2017-11-10T19:34:58.327+0500: 341.787: [Full GC (Allocation Failure) 2017-11-10T19:34:58.327+0500: 341.787: [Tenured: 349567K->349567K(349568K), 0.0751158 secs] 506815K->506796K(506816K), [Metaspace: 12954K->12954K(1060864K)], 0.0752033 secs] [Times: user=0.08 sys=0.00, real=0.08 secs] 
2017-11-10T19:34:58.403+0500: 341.862: [Full GC (Allocation Failure) 2017-11-10T19:34:58.403+0500: 341.862: [Tenured: 349567K->349567K(349568K), 0.0772811 secs] 506815K->506796K(506816K), [Metaspace: 12954K->12954K(1060864K)], 0.0773628 secs] [Times: user=0.08 sys=0.00, real=0.08 secs] 
2017-11-10T19:34:58.481+0500: 341.940: [Full GC (Allocation Failure) 2017-11-10T19:34:58.481+0500: 341.940: [Tenured: 349567K->349567K(349568K), 0.0745018 secs] 506815K->506797K(506816K), [Metaspace: 12954K->12954K(1060864K)], 0.0745869 secs] [Times: user=0.08 sys=0.00, real=0.08 secs] 
2017-11-10T19:34:58.556+0500: 342.016: [Full GC (Allocation Failure) 2017-11-10T19:34:58.556+0500: 342.016: [Tenured: 349567K->349567K(349568K), 0.0751813 secs] 506815K->506796K(506816K), [Metaspace: 12954K->12954K(1060864K)], 0.0752938 secs] [Times: user=0.08 sys=0.00, real=0.08 secs] 
2017-11-10T19:34:58.632+0500: 342.091: [Full GC (Allocation Failure) 2017-11-10T19:34:58.632+0500: 342.092: [Tenured: 349567K->349567K(349568K), 0.0767463 secs] 506815K->506796K(506816K), [Metaspace: 12954K->12954K(1060864K)], 0.0768489 secs] [Times: user=0.08 sys=0.00, real=0.08 secs] 
2017-11-10T19:34:58.710+0500: 342.169: [Full GC (Allocation Failure) 2017-11-10T19:34:58.710+0500: 342.169: [Tenured: 349567K->349567K(349568K), 0.0749129 secs] 506815K->506796K(506816K), [Metaspace: 12954K->12954K(1060864K)], 0.0749951 secs] [Times: user=0.08 sys=0.00, real=0.08 secs] 
2017-11-10T19:34:58.785+0500: 342.244: [Full GC (Allocation Failure) 2017-11-10T19:34:58.785+0500: 342.244: [Tenured: 349567K->349567K(349568K), 0.0781435 secs] 506815K->506797K(506816K), [Metaspace: 12954K->12954K(1060864K)], 0.0782159 secs] [Times: user=0.08 sys=0.00, real=0.08 secs] 
2017-11-10T19:34:58.864+0500: 342.323: [Full GC (Allocation Failure) 2017-11-10T19:34:58.864+0500: 342.323: [Tenured: 349567K->349567K(349568K), 0.0798801 secs] 506815K->506796K(506816K), [Metaspace: 12954K->12954K(1060864K)], 0.0799861 secs] [Times: user=0.08 sys=0.00, real=0.08 secs] 
2017-11-10T19:34:58.945+0500: 342.404: [Full GC (Allocation Failure) 2017-11-10T19:34:58.945+0500: 342.404: [Tenured: 349567K->349567K(349568K), 0.0831507 secs] 506815K->506796K(506816K), [Metaspace: 12954K->12954K(1060864K)], 0.0833487 secs] [Times: user=0.08 sys=0.00, real=0.08 secs] 
2017-11-10T19:34:59.029+0500: 342.488: [Full GC (Allocation Failure) 2017-11-10T19:34:59.029+0500: 342.488: [Tenured: 349567K->349567K(349568K), 0.0764969 secs] 506815K->506796K(506816K), [Metaspace: 12954K->12954K(1060864K)], 0.0765933 secs] [Times: user=0.08 sys=0.00, real=0.08 secs] 
2017-11-10T19:34:59.107+0500: 342.566: [Full GC (Allocation Failure) 2017-11-10T19:34:59.107+0500: 342.566: [Tenured: 349567K->349567K(349568K), 0.0765385 secs] 506815K->506797K(506816K), [Metaspace: 12954K->12954K(1060864K)], 0.0766436 secs] [Times: user=0.08 sys=0.00, real=0.08 secs] 
2017-11-10T19:34:59.184+0500: 342.644: [Full GC (Allocation Failure) 2017-11-10T19:34:59.184+0500: 342.644: [Tenured: 349567K->349567K(349568K), 0.0751041 secs] 506815K->506796K(506816K), [Metaspace: 12954K->12954K(1060864K)], 0.0752288 secs] [Times: user=0.08 sys=0.00, real=0.08 secs] 
2017-11-10T19:34:59.260+0500: 342.719: [Full GC (Allocation Failure) 2017-11-10T19:34:59.260+0500: 342.719: [Tenured: 349567K->349567K(349568K), 0.0780941 secs] 506815K->506796K(506816K), [Metaspace: 12954K->12954K(1060864K)], 0.0781763 secs] [Times: user=0.08 sys=0.00, real=0.08 secs] 
2017-11-10T19:34:59.339+0500: 342.798: [Full GC (Allocation Failure) 2017-11-10T19:34:59.339+0500: 342.798: [Tenured: 349567K->349567K(349568K), 0.0750024 secs] 506815K->506796K(506816K), [Metaspace: 12954K->12954K(1060864K)], 0.0751026 secs] [Times: user=0.08 sys=0.00, real=0.08 secs] 
2017-11-10T19:34:59.415+0500: 342.874: [Full GC (Allocation Failure) 2017-11-10T19:34:59.415+0500: 342.874: [Tenured: 349567K->349567K(349568K), 0.0773589 secs] 506815K->506797K(506816K), [Metaspace: 12954K->12954K(1060864K)], 0.0774610 secs] [Times: user=0.08 sys=0.00, real=0.08 secs] 
2017-11-10T19:34:59.493+0500: 342.952: [Full GC (Allocation Failure) 2017-11-10T19:34:59.493+0500: 342.952: [Tenured: 349567K->349567K(349568K), 0.0747736 secs] 506815K->506796K(506816K), [Metaspace: 12954K->12954K(1060864K)], 0.0748440 secs] [Times: user=0.08 sys=0.00, real=0.08 secs] 
2017-11-10T19:34:59.568+0500: 343.028: [Full GC (Allocation Failure) 2017-11-10T19:34:59.568+0500: 343.028: [Tenured: 349567K->349567K(349568K), 0.0747076 secs] 506815K->506796K(506816K), [Metaspace: 12954K->12954K(1060864K)], 0.0747809 secs] [Times: user=0.08 sys=0.00, real=0.07 secs] 
2017-11-10T19:34:59.644+0500: 343.103: [Full GC (Allocation Failure) 2017-11-10T19:34:59.644+0500: 343.103: [Tenured: 349567K->349567K(349568K), 0.0749990 secs] 506815K->506796K(506816K), [Metaspace: 12954K->12954K(1060864K)], 0.0750733 secs] [Times: user=0.06 sys=0.00, real=0.08 secs] 
2017-11-10T19:34:59.720+0500: 343.179: [Full GC (Allocation Failure) 2017-11-10T19:34:59.720+0500: 343.179: [Tenured: 349567K->349567K(349568K), 0.0752165 secs] 506815K->506797K(506816K), [Metaspace: 12954K->12954K(1060864K)], 0.0753231 secs] [Times: user=0.08 sys=0.00, real=0.08 secs] 
2017-11-10T19:34:59.796+0500: 343.254: [Full GC (Allocation Failure) 2017-11-10T19:34:59.796+0500: 343.254: [Tenured: 349567K->349567K(349568K), 0.0774473 secs] 506815K->506796K(506816K), [Metaspace: 12954K->12954K(1060864K)], 0.0775500 secs] [Times: user=0.08 sys=0.00, real=0.08 secs] 
2017-11-10T19:34:59.874+0500: 343.333: [Full GC (Allocation Failure) 2017-11-10T19:34:59.874+0500: 343.333: [Tenured: 349567K->349567K(349568K), 0.0787385 secs] 506815K->506796K(506816K), [Metaspace: 12954K->12954K(1060864K)], 0.0788216 secs] [Times: user=0.08 sys=0.00, real=0.08 secs] 
2017-11-10T19:34:59.954+0500: 343.413: [Full GC (Allocation Failure) 2017-11-10T19:34:59.954+0500: 343.413: [Tenured: 349567K->349567K(349568K), 0.0790020 secs] 506815K->506796K(506816K), [Metaspace: 12954K->12954K(1060864K)], 0.0790881 secs] [Times: user=0.06 sys=0.00, real=0.08 secs] 
2017-11-10T19:35:00.033+0500: 343.492: [Full GC (Allocation Failure) 2017-11-10T19:35:00.033+0500: 343.492: [Tenured: 349567K->349567K(349568K), 0.0779529 secs] 506815K->506797K(506816K), [Metaspace: 12954K->12954K(1060864K)], 0.0780286 secs] [Times: user=0.08 sys=0.00, real=0.08 secs] 
2017-11-10T19:35:00.112+0500: 343.571: [Full GC (Allocation Failure) 2017-11-10T19:35:00.112+0500: 343.571: [Tenured: 349567K->349567K(349568K), 0.0823524 secs] 506815K->506796K(506816K), [Metaspace: 12954K->12954K(1060864K)], 0.0824585 secs] [Times: user=0.08 sys=0.02, real=0.08 secs] 
2017-11-10T19:35:00.195+0500: 343.654: [Full GC (Allocation Failure) 2017-11-10T19:35:00.195+0500: 343.654: [Tenured: 349567K->349567K(349568K), 0.0745389 secs] 506815K->506796K(506816K), [Metaspace: 12954K->12954K(1060864K)], 0.0746162 secs] [Times: user=0.08 sys=0.00, real=0.08 secs] 
2017-11-10T19:35:00.270+0500: 343.729: [Full GC (Allocation Failure) 2017-11-10T19:35:00.270+0500: 343.729: [Tenured: 349567K->349567K(349568K), 0.0765331 secs] 506815K->506796K(506816K), [Metaspace: 12954K->12954K(1060864K)], 0.0766461 secs] [Times: user=0.08 sys=0.00, real=0.08 secs] 
2017-11-10T19:35:00.347+0500: 343.806: [Full GC (Allocation Failure) 2017-11-10T19:35:00.347+0500: 343.806: [Tenured: 349567K->349567K(349568K), 0.0770093 secs] 506815K->506797K(506816K), [Metaspace: 12954K->12954K(1060864K)], 0.0770949 secs] [Times: user=0.06 sys=0.00, real=0.08 secs] 
2017-11-10T19:35:00.425+0500: 343.884: [Full GC (Allocation Failure) 2017-11-10T19:35:00.425+0500: 343.884: [Tenured: 349567K->349567K(349568K), 0.0749941 secs] 506815K->506796K(506816K), [Metaspace: 12954K->12954K(1060864K)], 0.0750943 secs] [Times: user=0.06 sys=0.00, real=0.08 secs] 
2017-11-10T19:35:00.501+0500: 343.960: [Full GC (Allocation Failure) 2017-11-10T19:35:00.501+0500: 343.960: [Tenured: 349567K->349567K(349568K), 0.0762862 secs] 506815K->506796K(506816K), [Metaspace: 12954K->12954K(1060864K)], 0.0763591 secs] [Times: user=0.08 sys=0.00, real=0.08 secs] 
2017-11-10T19:35:00.578+0500: 344.037: [Full GC (Allocation Failure) 2017-11-10T19:35:00.578+0500: 344.037: [Tenured: 349567K->349567K(349568K), 0.0743219 secs] 506815K->506796K(506816K), [Metaspace: 12954K->12954K(1060864K)], 0.0744192 secs] [Times: user=0.08 sys=0.00, real=0.07 secs] 
2017-11-10T19:35:00.653+0500: 344.112: [Full GC (Allocation Failure) 2017-11-10T19:35:00.653+0500: 344.112: [Tenured: 349567K->349567K(349568K), 0.0800042 secs] 506815K->506797K(506816K), [Metaspace: 12954K->12954K(1060864K)], 0.0800820 secs] [Times: user=0.08 sys=0.00, real=0.08 secs] 
2017-11-10T19:35:00.733+0500: 344.192: [Full GC (Allocation Failure) 2017-11-10T19:35:00.733+0500: 344.192: [Tenured: 349567K->349567K(349568K), 0.0804472 secs] 506815K->506796K(506816K), [Metaspace: 12954K->12954K(1060864K)], 0.0805171 secs] [Times: user=0.08 sys=0.00, real=0.08 secs] 
2017-11-10T19:35:00.814+0500: 344.273: [Full GC (Allocation Failure) 2017-11-10T19:35:00.814+0500: 344.273: [Tenured: 349567K->349567K(349568K), 0.0780731 secs] 506815K->506796K(506816K), [Metaspace: 12954K->12954K(1060864K)], 0.0781592 secs] [Times: user=0.08 sys=0.00, real=0.08 secs] 
2017-11-10T19:35:00.893+0500: 344.352: [Full GC (Allocation Failure) 2017-11-10T19:35:00.893+0500: 344.352: [Tenured: 349567K->349567K(349568K), 0.0786847 secs] 506815K->506796K(506816K), [Metaspace: 12954K->12954K(1060864K)], 0.0787947 secs] [Times: user=0.08 sys=0.00, real=0.08 secs] 
2017-11-10T19:35:00.973+0500: 344.432: [Full GC (Allocation Failure) 2017-11-10T19:35:00.973+0500: 344.432: [Tenured: 349567K->349567K(349568K), 0.0783977 secs] 506815K->506797K(506816K), [Metaspace: 12954K->12954K(1060864K)], 0.0785107 secs] [Times: user=0.08 sys=0.00, real=0.08 secs] 
2017-11-10T19:35:01.052+0500: 344.511: [Full GC (Allocation Failure) 2017-11-10T19:35:01.052+0500: 344.511: [Tenured: 349567K->349567K(349568K), 0.0758536 secs] 506815K->506796K(506816K), [Metaspace: 12954K->12954K(1060864K)], 0.0759323 secs] [Times: user=0.08 sys=0.00, real=0.08 secs] 
2017-11-10T19:35:01.129+0500: 344.588: [Full GC (Allocation Failure) 2017-11-10T19:35:01.129+0500: 344.588: [Tenured: 349567K->349567K(349568K), 0.0774366 secs] 506815K->506796K(506816K), [Metaspace: 12954K->12954K(1060864K)], 0.0775251 secs] [Times: user=0.08 sys=0.00, real=0.08 secs] 
2017-11-10T19:35:01.207+0500: 344.666: [Full GC (Allocation Failure) 2017-11-10T19:35:01.207+0500: 344.666: [Tenured: 349567K->349567K(349568K), 0.0776170 secs] 506815K->506796K(506816K), [Metaspace: 12954K->12954K(1060864K)], 0.0777172 secs] [Times: user=0.08 sys=0.00, real=0.08 secs] 
2017-11-10T19:35:01.285+0500: 344.744: [Full GC (Allocation Failure) 2017-11-10T19:35:01.285+0500: 344.744: [Tenured: 349567K->349567K(349568K), 0.0796923 secs] 506815K->506797K(506816K), [Metaspace: 12954K->12954K(1060864K)], 0.0797779 secs] [Times: user=0.08 sys=0.00, real=0.08 secs] 
2017-11-10T19:35:01.366+0500: 344.825: [Full GC (Allocation Failure) 2017-11-10T19:35:01.366+0500: 344.825: [Tenured: 349567K->349567K(349568K), 0.0792729 secs] 506815K->506796K(506816K), [Metaspace: 12954K->12954K(1060864K)], 0.0793687 secs] [Times: user=0.08 sys=0.00, real=0.08 secs] 
2017-11-10T19:35:01.446+0500: 344.905: [Full GC (Allocation Failure) 2017-11-10T19:35:01.446+0500: 344.905: [Tenured: 349567K->349567K(349568K), 0.0758013 secs] 506815K->506796K(506816K), [Metaspace: 12954K->12954K(1060864K)], 0.0758995 secs] [Times: user=0.08 sys=0.00, real=0.08 secs] 
2017-11-10T19:35:01.523+0500: 344.982: [Full GC (Allocation Failure) 2017-11-10T19:35:01.523+0500: 344.982: [Tenured: 349567K->349567K(349568K), 0.0794068 secs] 506815K->506796K(506816K), [Metaspace: 12954K->12954K(1060864K)], 0.0795290 secs] [Times: user=0.08 sys=0.00, real=0.08 secs] 
2017-11-10T19:35:01.603+0500: 345.062: [Full GC (Allocation Failure) 2017-11-10T19:35:01.603+0500: 345.062: [Tenured: 349567K->349567K(349568K), 0.0791521 secs] 506815K->506797K(506816K), [Metaspace: 12954K->12954K(1060864K)], 0.0792254 secs] [Times: user=0.06 sys=0.00, real=0.08 secs] 
2017-11-10T19:35:01.683+0500: 345.142: [Full GC (Allocation Failure) 2017-11-10T19:35:01.683+0500: 345.142: [Tenured: 349567K->349567K(349568K), 0.0801797 secs] 506815K->506796K(506816K), [Metaspace: 12954K->12954K(1060864K)], 0.0802643 secs] [Times: user=0.08 sys=0.00, real=0.08 secs] 
2017-11-10T19:35:01.764+0500: 345.223: [Full GC (Allocation Failure) 2017-11-10T19:35:01.764+0500: 345.223: [Tenured: 349567K->349567K(349568K), 0.0774943 secs] 506815K->506796K(506816K), [Metaspace: 12954K->12954K(1060864K)], 0.0775774 secs] [Times: user=0.08 sys=0.00, real=0.08 secs] 
2017-11-10T19:35:01.842+0500: 345.301: [Full GC (Allocation Failure) 2017-11-10T19:35:01.842+0500: 345.301: [Tenured: 349567K->349567K(349568K), 0.0816728 secs] 506815K->506796K(506816K), [Metaspace: 12954K->12954K(1060864K)], 0.0817853 secs] [Times: user=0.08 sys=0.00, real=0.08 secs] 
2017-11-10T19:35:01.924+0500: 345.384: [Full GC (Allocation Failure) 2017-11-10T19:35:01.925+0500: 345.384: [Tenured: 349567K->349567K(349568K), 0.0781279 secs] 506815K->506797K(506816K), [Metaspace: 12954K->12954K(1060864K)], 0.0782389 secs] [Times: user=0.08 sys=0.00, real=0.08 secs] 
2017-11-10T19:35:02.003+0500: 345.462: [Full GC (Allocation Failure) 2017-11-10T19:35:02.003+0500: 345.463: [Tenured: 349567K->349567K(349568K), 0.0850931 secs] 506815K->506796K(506816K), [Metaspace: 12954K->12954K(1060864K)], 0.0852314 secs] [Times: user=0.08 sys=0.00, real=0.09 secs] 
2017-11-10T19:35:02.090+0500: 345.549: [Full GC (Allocation Failure) 2017-11-10T19:35:02.090+0500: 345.549: [Tenured: 349567K->349567K(349568K), 0.0799583 secs] 506815K->506796K(506816K), [Metaspace: 12954K->12954K(1060864K)], 0.0800668 secs] [Times: user=0.08 sys=0.00, real=0.08 secs] 
2017-11-10T19:35:02.171+0500: 345.630: [Full GC (Allocation Failure) 2017-11-10T19:35:02.171+0500: 345.630: [Tenured: 349567K->349567K(349568K), 0.0813677 secs] 506815K->506796K(506816K), [Metaspace: 12954K->12954K(1060864K)], 0.0814577 secs] [Times: user=0.08 sys=0.00, real=0.08 secs] 
2017-11-10T19:35:02.253+0500: 345.712: [Full GC (Allocation Failure) 2017-11-10T19:35:02.253+0500: 345.712: [Tenured: 349567K->349567K(349568K), 0.0819261 secs] 506815K->506797K(506816K), [Metaspace: 12954K->12954K(1060864K)], 0.0820013 secs] [Times: user=0.08 sys=0.00, real=0.08 secs] 
2017-11-10T19:35:02.335+0500: 345.794: [Full GC (Allocation Failure) 2017-11-10T19:35:02.335+0500: 345.794: [Tenured: 349567K->349567K(349568K), 0.0806129 secs] 506815K->506796K(506816K), [Metaspace: 12954K->12954K(1060864K)], 0.0806950 secs] [Times: user=0.08 sys=0.00, real=0.08 secs] 
2017-11-10T19:35:02.417+0500: 345.876: [Full GC (Allocation Failure) 2017-11-10T19:35:02.417+0500: 345.876: [Tenured: 349567K->349567K(349568K), 0.0793178 secs] 506815K->506796K(506816K), [Metaspace: 12954K->12954K(1060864K)], 0.0794283 secs] [Times: user=0.08 sys=0.00, real=0.08 secs] 
2017-11-10T19:35:02.497+0500: 345.956: [Full GC (Allocation Failure) 2017-11-10T19:35:02.497+0500: 345.956: [Tenured: 349567K->349567K(349568K), 0.0778961 secs] 506815K->506796K(506816K), [Metaspace: 12954K->12954K(1060864K)], 0.0779881 secs] [Times: user=0.08 sys=0.00, real=0.08 secs] 
2017-11-10T19:35:02.576+0500: 346.035: [Full GC (Allocation Failure) 2017-11-10T19:35:02.576+0500: 346.035: [Tenured: 349567K->349567K(349568K), 0.0867519 secs] 506815K->506797K(506816K), [Metaspace: 12954K->12954K(1060864K)], 0.0868589 secs] [Times: user=0.08 sys=0.00, real=0.09 secs] 
2017-11-10T19:35:02.663+0500: 346.122: [Full GC (Allocation Failure) 2017-11-10T19:35:02.663+0500: 346.122: [Tenured: 349567K->349567K(349568K), 0.0794088 secs] 506815K->506796K(506816K), [Metaspace: 12954K->12954K(1060864K)], 0.0794894 secs] [Times: user=0.08 sys=0.00, real=0.08 secs] 
2017-11-10T19:35:02.743+0500: 346.202: [Full GC (Allocation Failure) 2017-11-10T19:35:02.743+0500: 346.202: [Tenured: 349567K->349567K(349568K), 0.0762114 secs] 506815K->506797K(506816K), [Metaspace: 12954K->12954K(1060864K)], 0.0762848 secs] [Times: user=0.08 sys=0.00, real=0.08 secs] 
2017-11-10T19:35:02.820+0500: 346.279: [Full GC (Allocation Failure) 2017-11-10T19:35:02.820+0500: 346.279: [Tenured: 349567K->349567K(349568K), 0.0768225 secs] 506815K->506797K(506816K), [Metaspace: 12954K->12954K(1060864K)], 0.0768978 secs] [Times: user=0.08 sys=0.00, real=0.08 secs] 
2017-11-10T19:35:02.898+0500: 346.357: [Full GC (Allocation Failure) 2017-11-10T19:35:02.898+0500: 346.357: [Tenured: 349567K->349567K(349568K), 0.0885657 secs] 506815K->506797K(506816K), [Metaspace: 12954K->12954K(1060864K)], 0.0886449 secs] [Times: user=0.08 sys=0.00, real=0.09 secs] 
2017-11-10T19:35:02.987+0500: 346.446: [Full GC (Allocation Failure) 2017-11-10T19:35:02.987+0500: 346.447: [Tenured: 349567K->349567K(349568K), 0.0911626 secs] 506815K->506797K(506816K), [Metaspace: 12954K->12954K(1060864K)], 0.0912428 secs] [Times: user=0.08 sys=0.00, real=0.09 secs] 
2017-11-10T19:35:03.079+0500: 346.538: [Full GC (Allocation Failure) 2017-11-10T19:35:03.079+0500: 346.538: [Tenured: 349567K->349567K(349568K), 0.0826701 secs] 506815K->506796K(506816K), [Metaspace: 12954K->12954K(1060864K)], 0.0827748 secs] [Times: user=0.09 sys=0.00, real=0.08 secs] 
2017-11-10T19:35:03.162+0500: 346.622: [Full GC (Allocation Failure) 2017-11-10T19:35:03.162+0500: 346.622: [Tenured: 349567K->349567K(349568K), 0.0819515 secs] 506815K->506796K(506816K), [Metaspace: 12954K->12954K(1060864K)], 0.0820297 secs] [Times: user=0.06 sys=0.00, real=0.08 secs] 
2017-11-10T19:35:03.245+0500: 346.705: [Full GC (Allocation Failure) 2017-11-10T19:35:03.245+0500: 346.705: [Tenured: 349567K->349567K(349568K), 0.0832514 secs] 506815K->506797K(506816K), [Metaspace: 12954K->12954K(1060864K)], 0.0833482 secs] [Times: user=0.08 sys=0.00, real=0.08 secs] 
2017-11-10T19:35:03.329+0500: 346.789: [Full GC (Allocation Failure) 2017-11-10T19:35:03.329+0500: 346.789: [Tenured: 349567K->349567K(349568K), 0.0867822 secs] 506815K->506796K(506816K), [Metaspace: 12954K->12954K(1060864K)], 0.0868878 secs] [Times: user=0.09 sys=0.00, real=0.09 secs] 
2017-11-10T19:35:03.418+0500: 346.877: [Full GC (Allocation Failure) 2017-11-10T19:35:03.418+0500: 346.877: [Tenured: 349567K->349567K(349568K), 0.0924425 secs] 506815K->506796K(506816K), [Metaspace: 12954K->12954K(1060864K)], 0.0925697 secs] [Times: user=0.09 sys=0.00, real=0.09 secs] 
2017-11-10T19:35:03.511+0500: 346.970: [Full GC (Allocation Failure) 2017-11-10T19:35:03.511+0500: 346.970: [Tenured: 349567K->349567K(349568K), 0.0913279 secs] 506815K->506796K(506816K), [Metaspace: 12954K->12954K(1060864K)], 0.0914569 secs] [Times: user=0.09 sys=0.00, real=0.09 secs] 
2017-11-10T19:35:03.603+0500: 347.062: [Full GC (Allocation Failure) 2017-11-10T19:35:03.603+0500: 347.062: [Tenured: 349567K->349567K(349568K), 0.0923242 secs] 506815K->506797K(506816K), [Metaspace: 12954K->12954K(1060864K)], 0.0924460 secs] [Times: user=0.09 sys=0.00, real=0.09 secs] 
2017-11-10T19:35:03.696+0500: 347.155: [Full GC (Allocation Failure) 2017-11-10T19:35:03.696+0500: 347.155: [Tenured: 349567K->349567K(349568K), 0.0901228 secs] 506815K->506796K(506816K), [Metaspace: 12954K->12954K(1060864K)], 0.0903213 secs] [Times: user=0.09 sys=0.00, real=0.09 secs] 
2017-11-10T19:35:03.787+0500: 347.246: [Full GC (Allocation Failure) 2017-11-10T19:35:03.787+0500: 347.246: [Tenured: 349567K->349567K(349568K), 0.0903100 secs] 506815K->506796K(506816K), [Metaspace: 12954K->12954K(1060864K)], 0.0904264 secs] [Times: user=0.09 sys=0.00, real=0.09 secs] 
2017-11-10T19:35:03.878+0500: 347.337: [Full GC (Allocation Failure) 2017-11-10T19:35:03.879+0500: 347.337: [Tenured: 349567K->349567K(349568K), 0.0941981 secs] 506815K->506796K(506816K), [Metaspace: 12954K->12954K(1060864K)], 0.0942959 secs] [Times: user=0.09 sys=0.00, real=0.10 secs] 
2017-11-10T19:35:03.974+0500: 347.433: [Full GC (Allocation Failure) 2017-11-10T19:35:03.974+0500: 347.433: [Tenured: 349567K->349567K(349568K), 0.0912203 secs] 506815K->506797K(506816K), [Metaspace: 12954K->12954K(1060864K)], 0.0913186 secs] [Times: user=0.08 sys=0.00, real=0.09 secs] 
2017-11-10T19:35:04.066+0500: 347.525: [Full GC (Allocation Failure) 2017-11-10T19:35:04.066+0500: 347.525: [Tenured: 349567K->349567K(349568K), 0.0937953 secs] 506815K->506796K(506816K), [Metaspace: 12954K->12954K(1060864K)], 0.0938872 secs] [Times: user=0.08 sys=0.00, real=0.09 secs] 
2017-11-10T19:35:04.161+0500: 347.620: [Full GC (Allocation Failure) 2017-11-10T19:35:04.161+0500: 347.620: [Tenured: 349567K->349567K(349568K), 0.0883119 secs] 506815K->506796K(506816K), [Metaspace: 12954K->12954K(1060864K)], 0.0884547 secs] [Times: user=0.08 sys=0.00, real=0.09 secs] 
2017-11-10T19:35:04.251+0500: 347.710: [Full GC (Allocation Failure) 2017-11-10T19:35:04.251+0500: 347.710: [Tenured: 349567K->349567K(349568K), 0.0949413 secs] 506815K->506796K(506816K), [Metaspace: 12954K->12954K(1060864K)], 0.0950425 secs] [Times: user=0.09 sys=0.00, real=0.10 secs] 
2017-11-10T19:35:04.347+0500: 347.805: [Full GC (Allocation Failure) 2017-11-10T19:35:04.347+0500: 347.805: [Tenured: 349567K->349567K(349568K), 0.0990958 secs] 506815K->506797K(506816K), [Metaspace: 12954K->12954K(1060864K)], 0.0991833 secs] [Times: user=0.09 sys=0.00, real=0.10 secs] 
2017-11-10T19:35:04.446+0500: 347.905: [Full GC (Allocation Failure) 2017-11-10T19:35:04.446+0500: 347.905: [Tenured: 349567K->349567K(349568K), 0.0966397 secs] 506815K->506796K(506816K), [Metaspace: 12954K->12954K(1060864K)], 0.0967350 secs] [Times: user=0.08 sys=0.00, real=0.10 secs] 
2017-11-10T19:35:04.544+0500: 348.003: [Full GC (Allocation Failure) 2017-11-10T19:35:04.544+0500: 348.003: [Tenured: 349567K->349567K(349568K), 0.0901761 secs] 506815K->506796K(506816K), [Metaspace: 12954K->12954K(1060864K)], 0.0902856 secs] [Times: user=0.09 sys=0.00, real=0.09 secs] 
2017-11-10T19:35:04.635+0500: 348.094: [Full GC (Allocation Failure) 2017-11-10T19:35:04.635+0500: 348.094: [Tenured: 349567K->349567K(349568K), 0.0980149 secs] 506815K->506796K(506816K), [Metaspace: 12954K->12954K(1060864K)], 0.0980985 secs] [Times: user=0.06 sys=0.00, real=0.10 secs] 
2017-11-10T19:35:04.734+0500: 348.193: [Full GC (Allocation Failure) 2017-11-10T19:35:04.734+0500: 348.193: [Tenured: 349567K->349567K(349568K), 0.0930219 secs] 506815K->506797K(506816K), [Metaspace: 12954K->12954K(1060864K)], 0.0931016 secs] [Times: user=0.09 sys=0.00, real=0.09 secs] 
2017-11-10T19:35:04.828+0500: 348.287: [Full GC (Allocation Failure) 2017-11-10T19:35:04.828+0500: 348.287: [Tenured: 349567K->349567K(349568K), 0.0917772 secs] 506815K->506796K(506816K), [Metaspace: 12954K->12954K(1060864K)], 0.0918808 secs] [Times: user=0.09 sys=0.00, real=0.09 secs] 
2017-11-10T19:35:04.920+0500: 348.379: [Full GC (Allocation Failure) 2017-11-10T19:35:04.920+0500: 348.379: [Tenured: 349567K->349567K(349568K), 0.0943624 secs] 506815K->506796K(506816K), [Metaspace: 12954K->12954K(1060864K)], 0.0944778 secs] [Times: user=0.08 sys=0.00, real=0.10 secs] 
2017-11-10T19:35:05.015+0500: 348.474: [Full GC (Allocation Failure) 2017-11-10T19:35:05.015+0500: 348.475: [Tenured: 349567K->349567K(349568K), 0.0965653 secs] 506815K->506796K(506816K), [Metaspace: 12954K->12954K(1060864K)], 0.0966582 secs] [Times: user=0.11 sys=0.00, real=0.10 secs] 
2017-11-10T19:35:05.113+0500: 348.572: [Full GC (Allocation Failure) 2017-11-10T19:35:05.113+0500: 348.572: [Tenured: 349567K->349567K(349568K), 0.0958750 secs] 506815K->506797K(506816K), [Metaspace: 12954K->12954K(1060864K)], 0.0959938 secs] [Times: user=0.09 sys=0.00, real=0.10 secs] 
2017-11-10T19:35:05.211+0500: 348.670: [Full GC (Allocation Failure) 2017-11-10T19:35:05.211+0500: 348.670: [Tenured: 349567K->349567K(349568K), 0.0960168 secs] 506815K->506796K(506816K), [Metaspace: 12954K->12954K(1060864K)], 0.0961400 secs] [Times: user=0.09 sys=0.00, real=0.10 secs] 
2017-11-10T19:35:05.309+0500: 348.768: [Full GC (Allocation Failure) 2017-11-10T19:35:05.310+0500: 348.768: [Tenured: 349567K->349567K(349568K), 0.0863803 secs] 506815K->506796K(506816K), [Metaspace: 12954K->12954K(1060864K)], 0.0865001 secs] [Times: user=0.09 sys=0.00, real=0.09 secs] 
2017-11-10T19:35:05.397+0500: 348.856: [Full GC (Allocation Failure) 2017-11-10T19:35:05.397+0500: 348.856: [Tenured: 349567K->349567K(349568K), 0.0870951 secs] 506815K->506796K(506816K), [Metaspace: 12954K->12954K(1060864K)], 0.0871757 secs] [Times: user=0.08 sys=0.00, real=0.09 secs] 
2017-11-10T19:35:05.484+0500: 348.943: [Full GC (Allocation Failure) 2017-11-10T19:35:05.484+0500: 348.943: [Tenured: 349567K->349567K(349568K), 0.0870780 secs] 506815K->506797K(506816K), [Metaspace: 12954K->12954K(1060864K)], 0.0871792 secs] [Times: user=0.09 sys=0.00, real=0.09 secs] 
2017-11-10T19:35:05.572+0500: 349.031: [Full GC (Allocation Failure) 2017-11-10T19:35:05.572+0500: 349.031: [Tenured: 349567K->349567K(349568K), 0.0879883 secs] 506815K->506796K(506816K), [Metaspace: 12954K->12954K(1060864K)], 0.0880929 secs] [Times: user=0.09 sys=0.00, real=0.09 secs] 
2017-11-10T19:35:05.661+0500: 349.120: [Full GC (Allocation Failure) 2017-11-10T19:35:05.661+0500: 349.120: [Tenured: 349567K->349567K(349568K), 0.0917923 secs] 506815K->506796K(506816K), [Metaspace: 12954K->12954K(1060864K)], 0.0918789 secs] [Times: user=0.09 sys=0.00, real=0.09 secs] 
2017-11-10T19:35:05.754+0500: 349.213: [Full GC (Allocation Failure) 2017-11-10T19:35:05.754+0500: 349.213: [Tenured: 349567K->349567K(349568K), 0.0879907 secs] 506815K->506796K(506816K), [Metaspace: 12954K->12954K(1060864K)], 0.0880836 secs] [Times: user=0.08 sys=0.00, real=0.09 secs] 
2017-11-10T19:35:05.843+0500: 349.302: [Full GC (Allocation Failure) 2017-11-10T19:35:05.843+0500: 349.302: [Tenured: 349567K->349567K(349568K), 0.0893425 secs] 506815K->506797K(506816K), [Metaspace: 12954K->12954K(1060864K)], 0.0894559 secs] [Times: user=0.09 sys=0.00, real=0.09 secs] 
2017-11-10T19:35:05.933+0500: 349.392: [Full GC (Allocation Failure) 2017-11-10T19:35:05.933+0500: 349.392: [Tenured: 349567K->349567K(349568K), 0.0870447 secs] 506815K->506796K(506816K), [Metaspace: 12954K->12954K(1060864K)], 0.0871640 secs] [Times: user=0.09 sys=0.00, real=0.09 secs] 
2017-11-10T19:35:06.021+0500: 349.480: [Full GC (Allocation Failure) 2017-11-10T19:35:06.021+0500: 349.480: [Tenured: 349567K->349567K(349568K), 0.0848653 secs] 506815K->506796K(506816K), [Metaspace: 12954K->12954K(1060864K)], 0.0849567 secs] [Times: user=0.08 sys=0.00, real=0.09 secs] 
2017-11-10T19:35:06.107+0500: 349.566: [Full GC (Allocation Failure) 2017-11-10T19:35:06.107+0500: 349.566: [Tenured: 349567K->349567K(349568K), 0.0872085 secs] 506815K->506796K(506816K), [Metaspace: 12954K->12954K(1060864K)], 0.0873337 secs] [Times: user=0.09 sys=0.00, real=0.09 secs] 
2017-11-10T19:35:06.195+0500: 349.654: [Full GC (Allocation Failure) 2017-11-10T19:35:06.195+0500: 349.654: [Tenured: 349567K->349567K(349568K), 0.0860552 secs] 506815K->506797K(506816K), [Metaspace: 12954K->12954K(1060864K)], 0.0861373 secs] [Times: user=0.08 sys=0.00, real=0.09 secs] 
2017-11-10T19:35:06.281+0500: 349.740: [Full GC (Allocation Failure) 2017-11-10T19:35:06.281+0500: 349.741: [Tenured: 349567K->349567K(349568K), 0.0870677 secs] 506815K->506796K(506816K), [Metaspace: 12954K->12954K(1060864K)], 0.0871528 secs] [Times: user=0.09 sys=0.00, real=0.09 secs] 
2017-11-10T19:35:06.369+0500: 349.828: [Full GC (Allocation Failure) 2017-11-10T19:35:06.369+0500: 349.828: [Tenured: 349567K->349567K(349568K), 0.0881799 secs] 506815K->506796K(506816K), [Metaspace: 12954K->12954K(1060864K)], 0.0883031 secs] [Times: user=0.09 sys=0.00, real=0.09 secs] 
2017-11-10T19:35:06.458+0500: 349.917: [Full GC (Allocation Failure) 2017-11-10T19:35:06.458+0500: 349.918: [Tenured: 349567K->349567K(349568K), 0.0853991 secs] 506815K->506796K(506816K), [Metaspace: 12954K->12954K(1060864K)], 0.0856978 secs] [Times: user=0.08 sys=0.00, real=0.09 secs] 
2017-11-10T19:35:06.545+0500: 350.004: [Full GC (Allocation Failure) 2017-11-10T19:35:06.545+0500: 350.004: [Tenured: 349567K->349567K(349568K), 0.0860371 secs] 506815K->506797K(506816K), [Metaspace: 12954K->12954K(1060864K)], 0.0861329 secs] [Times: user=0.09 sys=0.00, real=0.09 secs] 
2017-11-10T19:35:06.631+0500: 350.091: [Full GC (Allocation Failure) 2017-11-10T19:35:06.631+0500: 350.091: [Tenured: 349567K->349567K(349568K), 0.0877634 secs] 506815K->506796K(506816K), [Metaspace: 12954K->12954K(1060864K)], 0.0878817 secs] [Times: user=0.08 sys=0.00, real=0.09 secs] 
2017-11-10T19:35:06.720+0500: 350.179: [Full GC (Allocation Failure) 2017-11-10T19:35:06.720+0500: 350.179: [Tenured: 349567K->349567K(349568K), 0.0874119 secs] 506815K->506796K(506816K), [Metaspace: 12954K->12954K(1060864K)], 0.0875194 secs] [Times: user=0.09 sys=0.00, real=0.09 secs] 
2017-11-10T19:35:06.809+0500: 350.268: [Full GC (Allocation Failure) 2017-11-10T19:35:06.809+0500: 350.268: [Tenured: 349567K->349567K(349568K), 0.0838430 secs] 506815K->506796K(506816K), [Metaspace: 12954K->12954K(1060864K)], 0.0839593 secs] [Times: user=0.08 sys=0.00, real=0.08 secs] 
2017-11-10T19:35:06.893+0500: 350.353: [Full GC (Allocation Failure) 2017-11-10T19:35:06.894+0500: 350.353: [Tenured: 349567K->349567K(349568K), 0.0844316 secs] 506815K->506797K(506816K), [Metaspace: 12954K->12954K(1060864K)], 0.0845680 secs] [Times: user=0.08 sys=0.00, real=0.09 secs] 
2017-11-10T19:35:06.979+0500: 350.438: [Full GC (Allocation Failure) 2017-11-10T19:35:06.979+0500: 350.438: [Tenured: 349567K->349567K(349568K), 0.0830314 secs] 506815K->506796K(506816K), [Metaspace: 12954K->12954K(1060864K)], 0.0831400 secs] [Times: user=0.08 sys=0.00, real=0.08 secs] 
2017-11-10T19:35:07.063+0500: 350.522: [Full GC (Allocation Failure) 2017-11-10T19:35:07.063+0500: 350.522: [Tenured: 349567K->349567K(349568K), 0.0846506 secs] 506815K->506796K(506816K), [Metaspace: 12954K->12954K(1060864K)], 0.0847621 secs] [Times: user=0.09 sys=0.00, real=0.08 secs] 
2017-11-10T19:35:07.148+0500: 350.607: [Full GC (Allocation Failure) 2017-11-10T19:35:07.148+0500: 350.607: [Tenured: 349567K->349567K(349568K), 0.0818840 secs] 506815K->506796K(506816K), [Metaspace: 12954K->12954K(1060864K)], 0.0819588 secs] [Times: user=0.08 sys=0.00, real=0.08 secs] 
2017-11-10T19:35:07.230+0500: 350.689: [Full GC (Allocation Failure) 2017-11-10T19:35:07.230+0500: 350.690: [Tenured: 349567K->349567K(349568K), 0.0812705 secs] 506815K->506797K(506816K), [Metaspace: 12954K->12954K(1060864K)], 0.0813545 secs] [Times: user=0.08 sys=0.00, real=0.08 secs] 
2017-11-10T19:35:07.312+0500: 350.772: [Full GC (Allocation Failure) 2017-11-10T19:35:07.312+0500: 350.772: [Tenured: 349567K->349567K(349568K), 0.0840161 secs] 506815K->506796K(506816K), [Metaspace: 12954K->12954K(1060864K)], 0.0841085 secs] [Times: user=0.09 sys=0.00, real=0.08 secs] 
2017-11-10T19:35:07.397+0500: 350.856: [Full GC (Allocation Failure) 2017-11-10T19:35:07.397+0500: 350.856: [Tenured: 349567K->349567K(349568K), 0.0802032 secs] 506815K->506796K(506816K), [Metaspace: 12954K->12954K(1060864K)], 0.0802829 secs] [Times: user=0.08 sys=0.00, real=0.08 secs] 
2017-11-10T19:35:07.478+0500: 350.937: [Full GC (Allocation Failure) 2017-11-10T19:35:07.478+0500: 350.937: [Tenured: 349567K->349567K(349568K), 0.0865157 secs] 506815K->506796K(506816K), [Metaspace: 12954K->12954K(1060864K)], 0.0866448 secs] [Times: user=0.09 sys=0.00, real=0.09 secs] 
2017-11-10T19:35:07.565+0500: 351.025: [Full GC (Allocation Failure) 2017-11-10T19:35:07.565+0500: 351.025: [Tenured: 349567K->349567K(349568K), 0.0805058 secs] 506815K->506797K(506816K), [Metaspace: 12954K->12954K(1060864K)], 0.0805811 secs] [Times: user=0.08 sys=0.00, real=0.08 secs] 
2017-11-10T19:35:07.646+0500: 351.106: [Full GC (Allocation Failure) 2017-11-10T19:35:07.647+0500: 351.106: [Tenured: 349567K->349567K(349568K), 0.0803880 secs] 506815K->506796K(506816K), [Metaspace: 12954K->12954K(1060864K)], 0.0804599 secs] [Times: user=0.08 sys=0.00, real=0.08 secs] 
2017-11-10T19:35:07.728+0500: 351.187: [Full GC (Allocation Failure) 2017-11-10T19:35:07.728+0500: 351.187: [Tenured: 349567K->349567K(349568K), 0.0768289 secs] 506815K->506796K(506816K), [Metaspace: 12954K->12954K(1060864K)], 0.0769213 secs] [Times: user=0.08 sys=0.00, real=0.08 secs] 
2017-11-10T19:35:07.805+0500: 351.265: [Full GC (Allocation Failure) 2017-11-10T19:35:07.805+0500: 351.265: [Tenured: 349567K->349567K(349568K), 0.0801015 secs] 506815K->506796K(506816K), [Metaspace: 12954K->12954K(1060864K)], 0.0802145 secs] [Times: user=0.08 sys=0.00, real=0.08 secs] 
2017-11-10T19:35:07.886+0500: 351.345: [Full GC (Allocation Failure) 2017-11-10T19:35:07.886+0500: 351.345: [Tenured: 349567K->349567K(349568K), 0.0790973 secs] 506815K->506797K(506816K), [Metaspace: 12954K->12954K(1060864K)], 0.0791702 secs] [Times: user=0.08 sys=0.00, real=0.08 secs] 
2017-11-10T19:35:07.966+0500: 351.425: [Full GC (Allocation Failure) 2017-11-10T19:35:07.966+0500: 351.425: [Tenured: 349567K->349567K(349568K), 0.0806789 secs] 506815K->506796K(506816K), [Metaspace: 12954K->12954K(1060864K)], 0.0807703 secs] [Times: user=0.08 sys=0.00, real=0.08 secs] 
2017-11-10T19:35:08.047+0500: 351.506: [Full GC (Allocation Failure) 2017-11-10T19:35:08.047+0500: 351.506: [Tenured: 349567K->349567K(349568K), 0.0803450 secs] 506815K->506796K(506816K), [Metaspace: 12954K->12954K(1060864K)], 0.0804281 secs] [Times: user=0.09 sys=0.00, real=0.08 secs] 
2017-11-10T19:35:08.128+0500: 351.587: [Full GC (Allocation Failure) 2017-11-10T19:35:08.128+0500: 351.587: [Tenured: 349567K->349567K(349568K), 0.0775031 secs] 506815K->506796K(506816K), [Metaspace: 12954K->12954K(1060864K)], 0.0775906 secs] [Times: user=0.08 sys=0.00, real=0.08 secs] 
2017-11-10T19:35:08.207+0500: 351.666: [Full GC (Allocation Failure) 2017-11-10T19:35:08.207+0500: 351.666: [Tenured: 349567K->349567K(349568K), 0.0787219 secs] 506815K->506797K(506816K), [Metaspace: 12954K->12954K(1060864K)], 0.0788113 secs] [Times: user=0.08 sys=0.00, real=0.08 secs] 
2017-11-10T19:35:08.286+0500: 351.745: [Full GC (Allocation Failure) 2017-11-10T19:35:08.286+0500: 351.745: [Tenured: 349567K->349567K(349568K), 0.0799079 secs] 506815K->506796K(506816K), [Metaspace: 12954K->12954K(1060864K)], 0.0799979 secs] [Times: user=0.08 sys=0.00, real=0.08 secs] 
2017-11-10T19:35:08.367+0500: 351.826: [Full GC (Allocation Failure) 2017-11-10T19:35:08.367+0500: 351.826: [Tenured: 349567K->349567K(349568K), 0.0783797 secs] 506815K->506796K(506816K), [Metaspace: 12954K->12954K(1060864K)], 0.0784696 secs] [Times: user=0.08 sys=0.00, real=0.08 secs] 
2017-11-10T19:35:08.446+0500: 351.906: [Full GC (Allocation Failure) 2017-11-10T19:35:08.446+0500: 351.906: [Tenured: 349567K->349567K(349568K), 0.0805616 secs] 506815K->506796K(506816K), [Metaspace: 12954K->12954K(1060864K)], 0.0806598 secs] [Times: user=0.06 sys=0.00, real=0.08 secs] 
2017-11-10T19:35:08.528+0500: 351.987: [Full GC (Allocation Failure) 2017-11-10T19:35:08.528+0500: 351.987: [Tenured: 349567K->349567K(349568K), 0.0775984 secs] 506815K->506797K(506816K), [Metaspace: 12954K->12954K(1060864K)], 0.0777113 secs] [Times: user=0.08 sys=0.00, real=0.08 secs] 
2017-11-10T19:35:08.607+0500: 352.065: [Full GC (Allocation Failure) 2017-11-10T19:35:08.607+0500: 352.066: [Tenured: 349567K->349567K(349568K), 0.0840698 secs] 506815K->506796K(506816K), [Metaspace: 12954K->12954K(1060864K)], 0.0842493 secs] [Times: user=0.09 sys=0.00, real=0.08 secs] 
2017-11-10T19:35:08.692+0500: 352.151: [Full GC (Allocation Failure) 2017-11-10T19:35:08.692+0500: 352.151: [Tenured: 349567K->349567K(349568K), 0.0845304 secs] 506815K->506796K(506816K), [Metaspace: 12954K->12954K(1060864K)], 0.0846252 secs] [Times: user=0.06 sys=0.00, real=0.08 secs] 
2017-11-10T19:35:08.777+0500: 352.236: [Full GC (Allocation Failure) 2017-11-10T19:35:08.777+0500: 352.236: [Tenured: 349567K->349567K(349568K), 0.0819045 secs] 506815K->506796K(506816K), [Metaspace: 12954K->12954K(1060864K)], 0.0820263 secs] [Times: user=0.08 sys=0.00, real=0.08 secs] 
2017-11-10T19:35:08.860+0500: 352.319: [Full GC (Allocation Failure) 2017-11-10T19:35:08.860+0500: 352.319: [Tenured: 349567K->349567K(349568K), 0.0828833 secs] 506815K->506797K(506816K), [Metaspace: 12954K->12954K(1060864K)], 0.0830691 secs] [Times: user=0.09 sys=0.00, real=0.08 secs] 
2017-11-10T19:35:08.943+0500: 352.402: [Full GC (Allocation Failure) 2017-11-10T19:35:08.943+0500: 352.402: [Tenured: 349567K->349567K(349568K), 0.0890057 secs] 506815K->506796K(506816K), [Metaspace: 12954K->12954K(1060864K)], 0.0890853 secs] [Times: user=0.08 sys=0.00, real=0.09 secs] 
2017-11-10T19:35:09.033+0500: 352.492: [Full GC (Allocation Failure) 2017-11-10T19:35:09.033+0500: 352.492: [Tenured: 349567K->349567K(349568K), 0.0848491 secs] 506815K->506796K(506816K), [Metaspace: 12954K->12954K(1060864K)], 0.0849616 secs] [Times: user=0.09 sys=0.00, real=0.09 secs] 
2017-11-10T19:35:09.119+0500: 352.578: [Full GC (Allocation Failure) 2017-11-10T19:35:09.119+0500: 352.578: [Tenured: 349567K->349567K(349568K), 0.0847645 secs] 506815K->506796K(506816K), [Metaspace: 12954K->12954K(1060864K)], 0.0848926 secs] [Times: user=0.08 sys=0.00, real=0.09 secs] 
2017-11-10T19:35:09.205+0500: 352.664: [Full GC (Allocation Failure) 2017-11-10T19:35:09.205+0500: 352.664: [Tenured: 349567K->349567K(349568K), 0.0834832 secs] 506815K->506797K(506816K), [Metaspace: 12954K->12954K(1060864K)], 0.0835941 secs] [Times: user=0.09 sys=0.00, real=0.08 secs] 
2017-11-10T19:35:09.289+0500: 352.748: [Full GC (Allocation Failure) 2017-11-10T19:35:09.289+0500: 352.748: [Tenured: 349567K->349567K(349568K), 0.0826433 secs] 506815K->506796K(506816K), [Metaspace: 12954K->12954K(1060864K)], 0.0827381 secs] [Times: user=0.08 sys=0.00, real=0.08 secs] 
2017-11-10T19:35:09.372+0500: 352.831: [Full GC (Allocation Failure) 2017-11-10T19:35:09.372+0500: 352.831: [Tenured: 349567K->349567K(349568K), 0.0867553 secs] 506815K->506796K(506816K), [Metaspace: 12954K->12954K(1060864K)], 0.0868853 secs] [Times: user=0.09 sys=0.00, real=0.09 secs] 
2017-11-10T19:35:09.460+0500: 352.919: [Full GC (Allocation Failure) 2017-11-10T19:35:09.460+0500: 352.919: [Tenured: 349567K->349567K(349568K), 0.0866253 secs] 506815K->506796K(506816K), [Metaspace: 12954K->12954K(1060864K)], 0.0867328 secs] [Times: user=0.08 sys=0.00, real=0.09 secs] 
2017-11-10T19:35:09.548+0500: 353.007: [Full GC (Allocation Failure) 2017-11-10T19:35:09.548+0500: 353.007: [Tenured: 349567K->349567K(349568K), 0.0929828 secs] 506815K->506797K(506816K), [Metaspace: 12954K->12954K(1060864K)], 0.0930796 secs] [Times: user=0.09 sys=0.00, real=0.09 secs] 
2017-11-10T19:35:09.642+0500: 353.101: [Full GC (Allocation Failure) 2017-11-10T19:35:09.642+0500: 353.101: [Tenured: 349567K->349567K(349568K), 0.0901037 secs] 506815K->506796K(506816K), [Metaspace: 12954K->12954K(1060864K)], 0.0902225 secs] [Times: user=0.08 sys=0.00, real=0.09 secs] 
2017-11-10T19:35:09.733+0500: 353.192: [Full GC (Allocation Failure) 2017-11-10T19:35:09.733+0500: 353.192: [Tenured: 349567K->349567K(349568K), 0.0879174 secs] 506815K->506796K(506816K), [Metaspace: 12954K->12954K(1060864K)], 0.0880289 secs] [Times: user=0.09 sys=0.00, real=0.09 secs] 
2017-11-10T19:35:09.821+0500: 353.280: [Full GC (Allocation Failure) 2017-11-10T19:35:09.821+0500: 353.280: [Tenured: 349567K->349567K(349568K), 0.0897077 secs] 506815K->506796K(506816K), [Metaspace: 12954K->12954K(1060864K)], 0.0898192 secs] [Times: user=0.09 sys=0.00, real=0.09 secs] 
2017-11-10T19:35:09.913+0500: 353.372: [Full GC (Allocation Failure) 2017-11-10T19:35:09.913+0500: 353.372: [Tenured: 349567K->349567K(349568K), 0.0899096 secs] 506815K->506797K(506816K), [Metaspace: 12954K->12954K(1060864K)], 0.0900181 secs] [Times: user=0.09 sys=0.00, real=0.09 secs] 
2017-11-10T19:35:10.004+0500: 353.463: [Full GC (Allocation Failure) 2017-11-10T19:35:10.004+0500: 353.463: [Tenured: 349567K->349567K(349568K), 0.0887901 secs] 506815K->506796K(506816K), [Metaspace: 12954K->12954K(1060864K)], 0.0889162 secs] [Times: user=0.08 sys=0.00, real=0.09 secs] 
2017-11-10T19:35:10.093+0500: 353.552: [Full GC (Allocation Failure) 2017-11-10T19:35:10.093+0500: 353.552: [Tenured: 349567K->349567K(349568K), 0.0855541 secs] 506815K->506796K(506816K), [Metaspace: 12954K->12954K(1060864K)], 0.0856636 secs] [Times: user=0.09 sys=0.00, real=0.09 secs] 
2017-11-10T19:35:10.179+0500: 353.638: [Full GC (Allocation Failure) 2017-11-10T19:35:10.179+0500: 353.639: [Tenured: 349567K->349567K(349568K), 0.0828036 secs] 506815K->506796K(506816K), [Metaspace: 12954K->12954K(1060864K)], 0.0828755 secs] [Times: user=0.08 sys=0.00, real=0.08 secs] 
2017-11-10T19:35:10.263+0500: 353.722: [Full GC (Allocation Failure) 2017-11-10T19:35:10.263+0500: 353.722: [Tenured: 349567K->349567K(349568K), 0.0808559 secs] 506815K->506797K(506816K), [Metaspace: 12954K->12954K(1060864K)], 0.0809326 secs] [Times: user=0.08 sys=0.00, real=0.08 secs] 
2017-11-10T19:35:10.344+0500: 353.803: [Full GC (Allocation Failure) 2017-11-10T19:35:10.344+0500: 353.803: [Tenured: 349567K->349567K(349568K), 0.0834680 secs] 506815K->506796K(506816K), [Metaspace: 12954K->12954K(1060864K)], 0.0835795 secs] [Times: user=0.09 sys=0.00, real=0.08 secs] 
2017-11-10T19:35:10.428+0500: 353.888: [Full GC (Allocation Failure) 2017-11-10T19:35:10.428+0500: 353.888: [Tenured: 349567K->349567K(349568K), 0.0868682 secs] 506815K->506796K(506816K), [Metaspace: 12954K->12954K(1060864K)], 0.0869543 secs] [Times: user=0.08 sys=0.00, real=0.09 secs] 
2017-11-10T19:35:10.516+0500: 353.975: [Full GC (Allocation Failure) 2017-11-10T19:35:10.516+0500: 353.975: [Tenured: 349567K->349567K(349568K), 0.0907314 secs] 506815K->506796K(506816K), [Metaspace: 12954K->12954K(1060864K)], 0.0915958 secs] [Times: user=0.08 sys=0.00, real=0.09 secs] 
2017-11-10T19:35:10.612+0500: 354.071: [Full GC (Allocation Failure) 2017-11-10T19:35:10.612+0500: 354.071: [Tenured: 349567K->349567K(349568K), 0.0851239 secs] 506815K->506797K(506816K), [Metaspace: 12954K->12954K(1060864K)], 0.0852397 secs] [Times: user=0.08 sys=0.00, real=0.09 secs] 
2017-11-10T19:35:10.698+0500: 354.157: [Full GC (Allocation Failure) 2017-11-10T19:35:10.698+0500: 354.157: [Tenured: 349567K->349567K(349568K), 0.0844404 secs] 506815K->506796K(506816K), [Metaspace: 12954K->12954K(1060864K)], 0.0845191 secs] [Times: user=0.08 sys=0.00, real=0.08 secs] 
2017-11-10T19:35:10.783+0500: 354.242: [Full GC (Allocation Failure) 2017-11-10T19:35:10.783+0500: 354.242: [Tenured: 349567K->349567K(349568K), 0.0828452 secs] 506815K->506796K(506816K), [Metaspace: 12954K->12954K(1060864K)], 0.0829542 secs] [Times: user=0.09 sys=0.00, real=0.08 secs] 
2017-11-10T19:35:10.866+0500: 354.325: [Full GC (Allocation Failure) 2017-11-10T19:35:10.866+0500: 354.325: [Tenured: 349567K->349567K(349568K), 0.0829405 secs] 506815K->506796K(506816K), [Metaspace: 12954K->12954K(1060864K)], 0.0830554 secs] [Times: user=0.08 sys=0.00, real=0.08 secs] 
2017-11-10T19:35:10.950+0500: 354.409: [Full GC (Allocation Failure) 2017-11-10T19:35:10.950+0500: 354.409: [Tenured: 349567K->349567K(349568K), 0.0821553 secs] 506815K->506797K(506816K), [Metaspace: 12954K->12954K(1060864K)], 0.0822702 secs] [Times: user=0.08 sys=0.00, real=0.08 secs] 
2017-11-10T19:35:11.033+0500: 354.492: [Full GC (Allocation Failure) 2017-11-10T19:35:11.033+0500: 354.492: [Tenured: 349567K->349567K(349568K), 0.0872931 secs] 506815K->506796K(506816K), [Metaspace: 12954K->12954K(1060864K)], 0.0873806 secs] [Times: user=0.09 sys=0.00, real=0.09 secs] 
2017-11-10T19:35:11.121+0500: 354.580: [Full GC (Allocation Failure) 2017-11-10T19:35:11.121+0500: 354.580: [Tenured: 349567K->349567K(349568K), 0.0903491 secs] 506815K->506796K(506816K), [Metaspace: 12954K->12954K(1060864K)], 0.0904674 secs] [Times: user=0.09 sys=0.00, real=0.09 secs] 
2017-11-10T19:35:11.212+0500: 354.671: [Full GC (Allocation Failure) 2017-11-10T19:35:11.212+0500: 354.671: [Tenured: 349567K->349567K(349568K), 0.0861339 secs] 506815K->506796K(506816K), [Metaspace: 12954K->12954K(1060864K)], 0.0862205 secs] [Times: user=0.08 sys=0.00, real=0.09 secs] 
2017-11-10T19:35:11.299+0500: 354.758: [Full GC (Allocation Failure) 2017-11-10T19:35:11.299+0500: 354.758: [Tenured: 349567K->349567K(349568K), 0.0886801 secs] 506815K->506797K(506816K), [Metaspace: 12954K->12954K(1060864K)], 0.0887754 secs] [Times: user=0.08 sys=0.02, real=0.09 secs] 
2017-11-10T19:35:11.389+0500: 354.849: [Full GC (Allocation Failure) 2017-11-10T19:35:11.389+0500: 354.849: [Tenured: 349567K->349567K(349568K), 0.0854475 secs] 506815K->506796K(506816K), [Metaspace: 12954K->12954K(1060864K)], 0.0855820 secs] [Times: user=0.09 sys=0.00, real=0.09 secs] 
2017-11-10T19:35:11.475+0500: 354.935: [Full GC (Allocation Failure) 2017-11-10T19:35:11.476+0500: 354.935: [Tenured: 349567K->349567K(349568K), 0.0884904 secs] 506815K->506796K(506816K), [Metaspace: 12954K->12954K(1060864K)], 0.0886224 secs] [Times: user=0.08 sys=0.00, real=0.09 secs] 
2017-11-10T19:35:11.565+0500: 355.024: [Full GC (Allocation Failure) 2017-11-10T19:35:11.565+0500: 355.024: [Tenured: 349567K->349567K(349568K), 0.0840747 secs] 506815K->506796K(506816K), [Metaspace: 12954K->12954K(1060864K)], 0.0841681 secs] [Times: user=0.06 sys=0.00, real=0.08 secs] 
2017-11-10T19:35:11.650+0500: 355.109: [Full GC (Allocation Failure) 2017-11-10T19:35:11.650+0500: 355.109: [Tenured: 349567K->349567K(349568K), 0.0814875 secs] 506815K->506797K(506816K), [Metaspace: 12954K->12954K(1060864K)], 0.0815819 secs] [Times: user=0.06 sys=0.02, real=0.08 secs] 
2017-11-10T19:35:11.732+0500: 355.191: [Full GC (Allocation Failure) 2017-11-10T19:35:11.732+0500: 355.191: [Tenured: 349567K->349567K(349568K), 0.0812675 secs] 506815K->506796K(506816K), [Metaspace: 12954K->12954K(1060864K)], 0.0813668 secs] [Times: user=0.08 sys=0.00, real=0.08 secs] 
2017-11-10T19:35:11.814+0500: 355.273: [Full GC (Allocation Failure) 2017-11-10T19:35:11.814+0500: 355.273: [Tenured: 349567K->349567K(349568K), 0.0830407 secs] 506815K->506796K(506816K), [Metaspace: 12954K->12954K(1060864K)], 0.0831282 secs] [Times: user=0.09 sys=0.00, real=0.08 secs] 
2017-11-10T19:35:11.898+0500: 355.357: [Full GC (Allocation Failure) 2017-11-10T19:35:11.898+0500: 355.357: [Tenured: 349567K->349567K(349568K), 0.0880186 secs] 506815K->506796K(506816K), [Metaspace: 12954K->12954K(1060864K)], 0.0880997 secs] [Times: user=0.08 sys=0.00, real=0.09 secs] 
2017-11-10T19:35:11.986+0500: 355.446: [Full GC (Allocation Failure) 2017-11-10T19:35:11.986+0500: 355.446: [Tenured: 349567K->349567K(349568K), 0.0845020 secs] 506815K->506797K(506816K), [Metaspace: 12954K->12954K(1060864K)], 0.0845910 secs] [Times: user=0.09 sys=0.00, real=0.09 secs] 
2017-11-10T19:35:12.074+0500: 355.533: [Full GC (Allocation Failure) 2017-11-10T19:35:12.074+0500: 355.533: [Tenured: 349567K->349567K(349568K), 0.0862576 secs] 506815K->506796K(506816K), [Metaspace: 12954K->12954K(1060864K)], 0.0863901 secs] [Times: user=0.09 sys=0.00, real=0.09 secs] 
2017-11-10T19:35:12.161+0500: 355.620: [Full GC (Allocation Failure) 2017-11-10T19:35:12.161+0500: 355.620: [Tenured: 349567K->349567K(349568K), 0.0877854 secs] 506815K->506796K(506816K), [Metaspace: 12954K->12954K(1060864K)], 0.0878714 secs] [Times: user=0.08 sys=0.00, real=0.09 secs] 
2017-11-10T19:35:12.249+0500: 355.709: [Full GC (Allocation Failure) 2017-11-10T19:35:12.249+0500: 355.709: [Tenured: 349567K->349567K(349568K), 0.0856841 secs] 506815K->506796K(506816K), [Metaspace: 12954K->12954K(1060864K)], 0.0857966 secs] [Times: user=0.09 sys=0.00, real=0.09 secs] 
2017-11-10T19:35:12.336+0500: 355.795: [Full GC (Allocation Failure) 2017-11-10T19:35:12.336+0500: 355.795: [Tenured: 349567K->349567K(349568K), 0.0868301 secs] 506815K->506797K(506816K), [Metaspace: 12954K->12954K(1060864K)], 0.0869450 secs] [Times: user=0.08 sys=0.00, real=0.09 secs] 
2017-11-10T19:35:12.424+0500: 355.883: [Full GC (Allocation Failure) 2017-11-10T19:35:12.424+0500: 355.883: [Tenured: 349567K->349567K(349568K), 0.0843436 secs] 506815K->506796K(506816K), [Metaspace: 12954K->12954K(1060864K)], 0.0844463 secs] [Times: user=0.09 sys=0.00, real=0.08 secs] 
2017-11-10T19:35:12.509+0500: 355.968: [Full GC (Allocation Failure) 2017-11-10T19:35:12.509+0500: 355.968: [Tenured: 349567K->349567K(349568K), 0.0843373 secs] 506815K->506796K(506816K), [Metaspace: 12954K->12954K(1060864K)], 0.0844199 secs] [Times: user=0.08 sys=0.00, real=0.08 secs] 
2017-11-10T19:35:12.594+0500: 356.053: [Full GC (Allocation Failure) 2017-11-10T19:35:12.594+0500: 356.053: [Tenured: 349567K->349567K(349568K), 0.0863045 secs] 506815K->506796K(506816K), [Metaspace: 12954K->12954K(1060864K)], 0.0863965 secs] [Times: user=0.09 sys=0.00, real=0.09 secs] 
2017-11-10T19:35:12.681+0500: 356.140: [Full GC (Allocation Failure) 2017-11-10T19:35:12.681+0500: 356.140: [Tenured: 349567K->349567K(349568K), 0.0877517 secs] 506815K->506797K(506816K), [Metaspace: 12954K->12954K(1060864K)], 0.0878431 secs] [Times: user=0.09 sys=0.00, real=0.09 secs] 
2017-11-10T19:35:12.769+0500: 356.228: [Full GC (Allocation Failure) 2017-11-10T19:35:12.770+0500: 356.228: [Tenured: 349567K->349567K(349568K), 0.0837100 secs] 506815K->506796K(506816K), [Metaspace: 12954K->12954K(1060864K)], 0.0838102 secs] [Times: user=0.08 sys=0.00, real=0.08 secs] 
2017-11-10T19:35:12.854+0500: 356.313: [Full GC (Allocation Failure) 2017-11-10T19:35:12.854+0500: 356.313: [Tenured: 349567K->349567K(349568K), 0.0890721 secs] 506815K->506796K(506816K), [Metaspace: 12954K->12954K(1060864K)], 0.0891621 secs] [Times: user=0.09 sys=0.00, real=0.09 secs] 
2017-11-10T19:35:12.944+0500: 356.403: [Full GC (Allocation Failure) 2017-11-10T19:35:12.944+0500: 356.403: [Tenured: 349567K->349567K(349568K), 0.0848472 secs] 506815K->506796K(506816K), [Metaspace: 12954K->12954K(1060864K)], 0.0849347 secs] [Times: user=0.08 sys=0.00, real=0.09 secs] 
2017-11-10T19:35:13.029+0500: 356.488: [Full GC (Allocation Failure) 2017-11-10T19:35:13.029+0500: 356.488: [Tenured: 349567K->349567K(349568K), 0.0855287 secs] 506815K->506797K(506816K), [Metaspace: 12954K->12954K(1060864K)], 0.0856172 secs] [Times: user=0.09 sys=0.00, real=0.09 secs] 
2017-11-10T19:35:13.116+0500: 356.575: [Full GC (Allocation Failure) 2017-11-10T19:35:13.116+0500: 356.575: [Tenured: 349567K->349567K(349568K), 0.0853488 secs] 506815K->506796K(506816K), [Metaspace: 12954K->12954K(1060864K)], 0.0854329 secs] [Times: user=0.08 sys=0.00, real=0.09 secs] 
2017-11-10T19:35:13.202+0500: 356.661: [Full GC (Allocation Failure) 2017-11-10T19:35:13.202+0500: 356.661: [Tenured: 349567K->349567K(349568K), 0.0818478 secs] 506815K->506796K(506816K), [Metaspace: 12954K->12954K(1060864K)], 0.0819529 secs] [Times: user=0.09 sys=0.00, real=0.08 secs] 
2017-11-10T19:35:13.284+0500: 356.743: [Full GC (Allocation Failure) 2017-11-10T19:35:13.284+0500: 356.743: [Tenured: 349567K->349567K(349568K), 0.0819011 secs] 506815K->506796K(506816K), [Metaspace: 12954K->12954K(1060864K)], 0.0819789 secs] [Times: user=0.08 sys=0.00, real=0.08 secs] 
2017-11-10T19:35:13.367+0500: 356.826: [Full GC (Allocation Failure) 2017-11-10T19:35:13.367+0500: 356.826: [Tenured: 349567K->349567K(349568K), 0.0797798 secs] 506815K->506797K(506816K), [Metaspace: 12954K->12954K(1060864K)], 0.0798561 secs] [Times: user=0.08 sys=0.00, real=0.08 secs] 
2017-11-10T19:35:13.447+0500: 356.906: [Full GC (Allocation Failure) 2017-11-10T19:35:13.447+0500: 356.906: [Tenured: 349567K->349567K(349568K), 0.0781386 secs] 506815K->506796K(506816K), [Metaspace: 12954K->12954K(1060864K)], 0.0782208 secs] [Times: user=0.08 sys=0.00, real=0.08 secs] 
2017-11-10T19:35:13.526+0500: 356.985: [Full GC (Allocation Failure) 2017-11-10T19:35:13.526+0500: 356.985: [Tenured: 349567K->349567K(349568K), 0.0835198 secs] 506815K->506796K(506816K), [Metaspace: 12954K->12954K(1060864K)], 0.0836147 secs] [Times: user=0.08 sys=0.00, real=0.08 secs] 
2017-11-10T19:35:13.610+0500: 357.069: [Full GC (Allocation Failure) 2017-11-10T19:35:13.610+0500: 357.069: [Tenured: 349567K->349567K(349568K), 0.0821172 secs] 506815K->506796K(506816K), [Metaspace: 12954K->12954K(1060864K)], 0.0821969 secs] [Times: user=0.09 sys=0.00, real=0.08 secs] 
2017-11-10T19:35:13.693+0500: 357.152: [Full GC (Allocation Failure) 2017-11-10T19:35:13.693+0500: 357.152: [Tenured: 349567K->349567K(349568K), 0.0750347 secs] 506815K->506797K(506816K), [Metaspace: 12954K->12954K(1060864K)], 0.0751085 secs] [Times: user=0.08 sys=0.00, real=0.07 secs] 
2017-11-10T19:35:13.769+0500: 357.228: [Full GC (Allocation Failure) 2017-11-10T19:35:13.769+0500: 357.228: [Tenured: 349567K->349567K(349568K), 0.0753197 secs] 506815K->506796K(506816K), [Metaspace: 12954K->12954K(1060864K)], 0.0753969 secs] [Times: user=0.06 sys=0.00, real=0.08 secs] 
2017-11-10T19:35:13.845+0500: 357.304: [Full GC (Allocation Failure) 2017-11-10T19:35:13.845+0500: 357.304: [Tenured: 349567K->349567K(349568K), 0.0769682 secs] 506815K->506796K(506816K), [Metaspace: 12954K->12954K(1060864K)], 0.0770846 secs] [Times: user=0.08 sys=0.00, real=0.08 secs] 
2017-11-10T19:35:13.923+0500: 357.382: [Full GC (Allocation Failure) 2017-11-10T19:35:13.923+0500: 357.382: [Tenured: 349567K->349567K(349568K), 0.0861080 secs] 506815K->506796K(506816K), [Metaspace: 12954K->12954K(1060864K)], 0.0862214 secs] [Times: user=0.09 sys=0.00, real=0.09 secs] 
2017-11-10T19:35:14.010+0500: 357.469: [Full GC (Allocation Failure) 2017-11-10T19:35:14.010+0500: 357.469: [Tenured: 349567K->349567K(349568K), 0.0816723 secs] 506815K->506797K(506816K), [Metaspace: 12954K->12954K(1060864K)], 0.0817637 secs] [Times: user=0.08 sys=0.00, real=0.08 secs] 
2017-11-10T19:35:14.093+0500: 357.552: [Full GC (Allocation Failure) 2017-11-10T19:35:14.093+0500: 357.552: [Tenured: 349567K->349567K(349568K), 0.0797363 secs] 506815K->506796K(506816K), [Metaspace: 12954K->12954K(1060864K)], 0.0798483 secs] [Times: user=0.08 sys=0.00, real=0.08 secs] 
2017-11-10T19:35:14.174+0500: 357.633: [Full GC (Allocation Failure) 2017-11-10T19:35:14.174+0500: 357.633: [Tenured: 349567K->349567K(349568K), 0.0752757 secs] 506815K->506796K(506816K), [Metaspace: 12954K->12954K(1060864K)], 0.0753857 secs] [Times: user=0.08 sys=0.00, real=0.08 secs] 
2017-11-10T19:35:14.249+0500: 357.709: [Full GC (Allocation Failure) 2017-11-10T19:35:14.249+0500: 357.709: [Tenured: 349567K->349567K(349568K), 0.0765659 secs] 506815K->506796K(506816K), [Metaspace: 12954K->12954K(1060864K)], 0.0766402 secs] [Times: user=0.08 sys=0.00, real=0.08 secs] 
2017-11-10T19:35:14.327+0500: 357.786: [Full GC (Allocation Failure) 2017-11-10T19:35:14.327+0500: 357.786: [Tenured: 349567K->349567K(349568K), 0.0762637 secs] 506815K->506797K(506816K), [Metaspace: 12954K->12954K(1060864K)], 0.0763640 secs] [Times: user=0.08 sys=0.00, real=0.08 secs] 
2017-11-10T19:35:14.404+0500: 357.863: [Full GC (Allocation Failure) 2017-11-10T19:35:14.404+0500: 357.863: [Tenured: 349567K->349567K(349568K), 0.0771022 secs] 506815K->506796K(506816K), [Metaspace: 12954K->12954K(1060864K)], 0.0772371 secs] [Times: user=0.08 sys=0.00, real=0.08 secs] 
2017-11-10T19:35:14.482+0500: 357.941: [Full GC (Allocation Failure) 2017-11-10T19:35:14.482+0500: 357.941: [Tenured: 349567K->349567K(349568K), 0.0774733 secs] 506815K->506796K(506816K), [Metaspace: 12954K->12954K(1060864K)], 0.0775710 secs] [Times: user=0.08 sys=0.00, real=0.08 secs] 
2017-11-10T19:35:14.560+0500: 358.019: [Full GC (Allocation Failure) 2017-11-10T19:35:14.560+0500: 358.019: [Tenured: 349567K->349567K(349568K), 0.0765390 secs] 506815K->506796K(506816K), [Metaspace: 12954K->12954K(1060864K)], 0.0766377 secs] [Times: user=0.08 sys=0.00, real=0.08 secs] 
2017-11-10T19:35:14.637+0500: 358.096: [Full GC (Allocation Failure) 2017-11-10T19:35:14.637+0500: 358.096: [Tenured: 349567K->349567K(349568K), 0.0808798 secs] 506815K->506797K(506816K), [Metaspace: 12954K->12954K(1060864K)], 0.0809771 secs] [Times: user=0.08 sys=0.00, real=0.08 secs] 
2017-11-10T19:35:14.718+0500: 358.178: [Full GC (Allocation Failure) 2017-11-10T19:35:14.718+0500: 358.178: [Tenured: 349567K->349567K(349568K), 0.0767800 secs] 506815K->506796K(506816K), [Metaspace: 12954K->12954K(1060864K)], 0.0768533 secs] [Times: user=0.08 sys=0.00, real=0.08 secs] 
2017-11-10T19:35:14.796+0500: 358.255: [Full GC (Allocation Failure) 2017-11-10T19:35:14.796+0500: 358.255: [Tenured: 349567K->349567K(349568K), 0.0781328 secs] 506815K->506796K(506816K), [Metaspace: 12954K->12954K(1060864K)], 0.0782208 secs] [Times: user=0.08 sys=0.00, real=0.08 secs] 
2017-11-10T19:35:14.875+0500: 358.334: [Full GC (Allocation Failure) 2017-11-10T19:35:14.875+0500: 358.334: [Tenured: 349567K->349567K(349568K), 0.0753490 secs] 506815K->506796K(506816K), [Metaspace: 12954K->12954K(1060864K)], 0.0754243 secs] [Times: user=0.08 sys=0.00, real=0.08 secs] 
2017-11-10T19:35:14.950+0500: 358.410: [Full GC (Allocation Failure) 2017-11-10T19:35:14.950+0500: 358.410: [Tenured: 349567K->349567K(349568K), 0.0748005 secs] 506815K->506797K(506816K), [Metaspace: 12954K->12954K(1060864K)], 0.0748738 secs] [Times: user=0.08 sys=0.00, real=0.08 secs] 
2017-11-10T19:35:15.026+0500: 358.485: [Full GC (Allocation Failure) 2017-11-10T19:35:15.026+0500: 358.485: [Tenured: 349567K->349567K(349568K), 0.0746837 secs] 506815K->506796K(506816K), [Metaspace: 12954K->12954K(1060864K)], 0.0747599 secs] [Times: user=0.08 sys=0.00, real=0.08 secs] 
2017-11-10T19:35:15.101+0500: 358.560: [Full GC (Allocation Failure) 2017-11-10T19:35:15.101+0500: 358.560: [Tenured: 349567K->349567K(349568K), 0.0746406 secs] 506815K->506796K(506816K), [Metaspace: 12954K->12954K(1060864K)], 0.0747149 secs] [Times: user=0.08 sys=0.00, real=0.08 secs] 
2017-11-10T19:35:15.176+0500: 358.636: [Full GC (Allocation Failure) 2017-11-10T19:35:15.176+0500: 358.636: [Tenured: 349567K->349567K(349568K), 0.0747184 secs] 506815K->506796K(506816K), [Metaspace: 12954K->12954K(1060864K)], 0.0747912 secs] [Times: user=0.06 sys=0.00, real=0.07 secs] 
2017-11-10T19:35:15.252+0500: 358.711: [Full GC (Allocation Failure) 2017-11-10T19:35:15.252+0500: 358.711: [Tenured: 349567K->349567K(349568K), 0.0777842 secs] 506815K->506797K(506816K), [Metaspace: 12954K->12954K(1060864K)], 0.0778864 secs] [Times: user=0.08 sys=0.00, real=0.08 secs] 
2017-11-10T19:35:15.330+0500: 358.789: [Full GC (Allocation Failure) 2017-11-10T19:35:15.330+0500: 358.789: [Tenured: 349567K->349567K(349568K), 0.0746802 secs] 506815K->506796K(506816K), [Metaspace: 12954K->12954K(1060864K)], 0.0747594 secs] [Times: user=0.06 sys=0.00, real=0.08 secs] 
2017-11-10T19:35:15.406+0500: 358.865: [Full GC (Allocation Failure) 2017-11-10T19:35:15.406+0500: 358.865: [Tenured: 349567K->349567K(349568K), 0.0759875 secs] 506815K->506796K(506816K), [Metaspace: 12954K->12954K(1060864K)], 0.0760970 secs] [Times: user=0.08 sys=0.00, real=0.08 secs] 
2017-11-10T19:35:15.482+0500: 358.942: [Full GC (Allocation Failure) 2017-11-10T19:35:15.482+0500: 358.942: [Tenured: 349567K->349567K(349568K), 0.0788813 secs] 506815K->506796K(506816K), [Metaspace: 12954K->12954K(1060864K)], 0.0789991 secs] [Times: user=0.08 sys=0.00, real=0.08 secs] 
2017-11-10T19:35:15.562+0500: 359.021: [Full GC (Allocation Failure) 2017-11-10T19:35:15.562+0500: 359.021: [Tenured: 349567K->349567K(349568K), 0.0758756 secs] 506815K->506797K(506816K), [Metaspace: 12954K->12954K(1060864K)], 0.0759601 secs] [Times: user=0.08 sys=0.00, real=0.08 secs] 
2017-11-10T19:35:15.639+0500: 359.098: [Full GC (Allocation Failure) 2017-11-10T19:35:15.639+0500: 359.098: [Tenured: 349567K->349567K(349568K), 0.0760193 secs] 506815K->506796K(506816K), [Metaspace: 12954K->12954K(1060864K)], 0.0761293 secs] [Times: user=0.08 sys=0.00, real=0.08 secs] 
2017-11-10T19:35:15.715+0500: 359.175: [Full GC (Allocation Failure) 2017-11-10T19:35:15.715+0500: 359.175: [Tenured: 349567K->349567K(349568K), 0.0756047 secs] 506815K->506796K(506816K), [Metaspace: 12954K->12954K(1060864K)], 0.0756805 secs] [Times: user=0.08 sys=0.00, real=0.08 secs] 
2017-11-10T19:35:15.792+0500: 359.251: [Full GC (Allocation Failure) 2017-11-10T19:35:15.792+0500: 359.251: [Tenured: 349567K->349567K(349568K), 0.0769257 secs] 506815K->506796K(506816K), [Metaspace: 12954K->12954K(1060864K)], 0.0770069 secs] [Times: user=0.06 sys=0.00, real=0.08 secs] 
2017-11-10T19:35:15.869+0500: 359.328: [Full GC (Allocation Failure) 2017-11-10T19:35:15.869+0500: 359.328: [Tenured: 349567K->349567K(349568K), 0.0786168 secs] 506815K->506797K(506816K), [Metaspace: 12954K->12954K(1060864K)], 0.0786896 secs] [Times: user=0.08 sys=0.00, real=0.08 secs] 
2017-11-10T19:35:15.948+0500: 359.408: [Full GC (Allocation Failure) 2017-11-10T19:35:15.948+0500: 359.408: [Tenured: 349567K->349567K(349568K), 0.0750762 secs] 506815K->506796K(506816K), [Metaspace: 12954K->12954K(1060864K)], 0.0751496 secs] [Times: user=0.08 sys=0.00, real=0.08 secs] 
2017-11-10T19:35:16.024+0500: 359.483: [Full GC (Allocation Failure) 2017-11-10T19:35:16.024+0500: 359.483: [Tenured: 349567K->349567K(349568K), 0.0850892 secs] 506815K->506796K(506816K), [Metaspace: 12954K->12954K(1060864K)], 0.0851757 secs] [Times: user=0.08 sys=0.00, real=0.09 secs] 
2017-11-10T19:35:16.110+0500: 359.569: [Full GC (Allocation Failure) 2017-11-10T19:35:16.110+0500: 359.569: [Tenured: 349567K->349567K(349568K), 0.0870917 secs] 506815K->506796K(506816K), [Metaspace: 12954K->12954K(1060864K)], 0.0872026 secs] [Times: user=0.09 sys=0.00, real=0.09 secs] 
2017-11-10T19:35:16.198+0500: 359.657: [Full GC (Allocation Failure) 2017-11-10T19:35:16.198+0500: 359.657: [Tenured: 349567K->349567K(349568K), 0.0830036 secs] 506815K->506797K(506816K), [Metaspace: 12954K->12954K(1060864K)], 0.0830798 secs] [Times: user=0.08 sys=0.00, real=0.08 secs] 
2017-11-10T19:35:16.282+0500: 359.741: [Full GC (Allocation Failure) 2017-11-10T19:35:16.282+0500: 359.741: [Tenured: 349567K->349567K(349568K), 0.0808862 secs] 506815K->506796K(506816K), [Metaspace: 12954K->12954K(1060864K)], 0.0809639 secs] [Times: user=0.09 sys=0.00, real=0.08 secs] 
2017-11-10T19:35:16.364+0500: 359.823: [Full GC (Allocation Failure) 2017-11-10T19:35:16.364+0500: 359.823: [Tenured: 349567K->349567K(349568K), 0.0776605 secs] 506815K->506796K(506816K), [Metaspace: 12954K->12954K(1060864K)], 0.0777373 secs] [Times: user=0.08 sys=0.00, real=0.08 secs] 
2017-11-10T19:35:16.442+0500: 359.901: [Full GC (Allocation Failure) 2017-11-10T19:35:16.442+0500: 359.901: [Tenured: 349567K->349567K(349568K), 0.0776380 secs] 506815K->506796K(506816K), [Metaspace: 12954K->12954K(1060864K)], 0.0777109 secs] [Times: user=0.08 sys=0.00, real=0.08 secs] 
2017-11-10T19:35:16.520+0500: 359.979: [Full GC (Allocation Failure) 2017-11-10T19:35:16.520+0500: 359.979: [Tenured: 349567K->349567K(349568K), 0.0752200 secs] 506815K->506797K(506816K), [Metaspace: 12954K->12954K(1060864K)], 0.0752928 secs] [Times: user=0.06 sys=0.00, real=0.08 secs] 
2017-11-10T19:35:16.596+0500: 360.055: [Full GC (Allocation Failure) 2017-11-10T19:35:16.596+0500: 360.055: [Tenured: 349567K->349567K(349568K), 0.0747027 secs] 506815K->506796K(506816K), [Metaspace: 12954K->12954K(1060864K)], 0.0748132 secs] [Times: user=0.06 sys=0.00, real=0.08 secs] 
2017-11-10T19:35:16.672+0500: 360.131: [Full GC (Allocation Failure) 2017-11-10T19:35:16.672+0500: 360.131: [Tenured: 349567K->349567K(349568K), 0.0767741 secs] 506815K->506796K(506816K), [Metaspace: 12954K->12954K(1060864K)], 0.0768797 secs] [Times: user=0.08 sys=0.00, real=0.08 secs] 
2017-11-10T19:35:16.750+0500: 360.209: [Full GC (Allocation Failure) 2017-11-10T19:35:16.750+0500: 360.209: [Tenured: 349567K->349567K(349568K), 0.0751911 secs] 506815K->506796K(506816K), [Metaspace: 12954K->12954K(1060864K)], 0.0752659 secs] [Times: user=0.08 sys=0.00, real=0.08 secs] 
2017-11-10T19:35:16.825+0500: 360.284: [Full GC (Allocation Failure) 2017-11-10T19:35:16.825+0500: 360.284: [Tenured: 349567K->349567K(349568K), 0.0753451 secs] 506815K->506797K(506816K), [Metaspace: 12954K->12954K(1060864K)], 0.0754214 secs] [Times: user=0.08 sys=0.00, real=0.08 secs] 
2017-11-10T19:35:16.901+0500: 360.360: [Full GC (Allocation Failure) 2017-11-10T19:35:16.901+0500: 360.360: [Tenured: 349567K->349567K(349568K), 0.0758629 secs] 506815K->506796K(506816K), [Metaspace: 12954K->12954K(1060864K)], 0.0759357 secs] [Times: user=0.08 sys=0.00, real=0.08 secs] 
2017-11-10T19:35:16.978+0500: 360.437: [Full GC (Allocation Failure) 2017-11-10T19:35:16.978+0500: 360.437: [Tenured: 349567K->349567K(349568K), 0.0738985 secs] 506815K->506796K(506816K), [Metaspace: 12954K->12954K(1060864K)], 0.0739836 secs] [Times: user=0.08 sys=0.00, real=0.07 secs] 
2017-11-10T19:35:17.052+0500: 360.511: [Full GC (Allocation Failure) 2017-11-10T19:35:17.052+0500: 360.511: [Tenured: 349567K->349567K(349568K), 0.0755788 secs] 506815K->506796K(506816K), [Metaspace: 12954K->12954K(1060864K)], 0.0756546 secs] [Times: user=0.08 sys=0.00, real=0.08 secs] 
2017-11-10T19:35:17.129+0500: 360.587: [Full GC (Allocation Failure) 2017-11-10T19:35:17.129+0500: 360.587: [Tenured: 349567K->349567K(349568K), 0.0742349 secs] 506815K->506797K(506816K), [Metaspace: 12954K->12954K(1060864K)], 0.0743111 secs] [Times: user=0.06 sys=0.00, real=0.07 secs] 
2017-11-10T19:35:17.203+0500: 360.662: [Full GC (Allocation Failure) 2017-11-10T19:35:17.203+0500: 360.662: [Tenured: 349567K->349567K(349568K), 0.0746470 secs] 506815K->506796K(506816K), [Metaspace: 12954K->12954K(1060864K)], 0.0747242 secs] [Times: user=0.08 sys=0.00, real=0.08 secs] 
2017-11-10T19:35:17.279+0500: 360.738: [Full GC (Allocation Failure) 2017-11-10T19:35:17.279+0500: 360.738: [Tenured: 349567K->349567K(349568K), 0.0760819 secs] 506815K->506796K(506816K), [Metaspace: 12954K->12954K(1060864K)], 0.0761665 secs] [Times: user=0.08 sys=0.00, real=0.08 secs] 
2017-11-10T19:35:17.356+0500: 360.815: [Full GC (Allocation Failure) 2017-11-10T19:35:17.356+0500: 360.815: [Tenured: 349567K->349567K(349568K), 0.0776380 secs] 506815K->506796K(506816K), [Metaspace: 12954K->12954K(1060864K)], 0.0777744 secs] [Times: user=0.08 sys=0.00, real=0.08 secs] 
2017-11-10T19:35:17.435+0500: 360.894: [Full GC (Allocation Failure) 2017-11-10T19:35:17.435+0500: 360.894: [Tenured: 349567K->349567K(349568K), 0.0765243 secs] 506815K->506797K(506816K), [Metaspace: 12954K->12954K(1060864K)], 0.0766030 secs] [Times: user=0.08 sys=0.00, real=0.08 secs] 
2017-11-10T19:35:17.512+0500: 360.971: [Full GC (Allocation Failure) 2017-11-10T19:35:17.512+0500: 360.971: [Tenured: 349567K->349567K(349568K), 0.0760975 secs] 506815K->506796K(506816K), [Metaspace: 12954K->12954K(1060864K)], 0.0761963 secs] [Times: user=0.08 sys=0.00, real=0.08 secs] 
2017-11-10T19:35:17.590+0500: 361.049: [Full GC (Allocation Failure) 2017-11-10T19:35:17.590+0500: 361.049: [Tenured: 349567K->349567K(349568K), 0.0786686 secs] 506815K->506796K(506816K), [Metaspace: 12954K->12954K(1060864K)], 0.0787585 secs] [Times: user=0.08 sys=0.00, real=0.08 secs] 
2017-11-10T19:35:17.669+0500: 361.128: [Full GC (Allocation Failure) 2017-11-10T19:35:17.669+0500: 361.128: [Tenured: 349567K->349567K(349568K), 0.0767590 secs] 506815K->506796K(506816K), [Metaspace: 12954K->12954K(1060864K)], 0.0768323 secs] [Times: user=0.08 sys=0.00, real=0.08 secs] 
2017-11-10T19:35:17.747+0500: 361.206: [Full GC (Allocation Failure) 2017-11-10T19:35:17.747+0500: 361.206: [Tenured: 349567K->349567K(349568K), 0.0745267 secs] 506815K->506797K(506816K), [Metaspace: 12954K->12954K(1060864K)], 0.0746279 secs] [Times: user=0.08 sys=0.00, real=0.07 secs] 
2017-11-10T19:35:17.822+0500: 361.281: [Full GC (Allocation Failure) 2017-11-10T19:35:17.822+0500: 361.281: [Tenured: 349567K->349567K(349568K), 0.0755201 secs] 506815K->506796K(506816K), [Metaspace: 12954K->12954K(1060864K)], 0.0756101 secs] [Times: user=0.08 sys=0.00, real=0.08 secs] 
2017-11-10T19:35:17.898+0500: 361.357: [Full GC (Allocation Failure) 2017-11-10T19:35:17.898+0500: 361.357: [Tenured: 349567K->349567K(349568K), 0.0753520 secs] 506815K->506796K(506816K), [Metaspace: 12954K->12954K(1060864K)], 0.0754351 secs] [Times: user=0.08 sys=0.00, real=0.08 secs] 
2017-11-10T19:35:17.974+0500: 361.433: [Full GC (Allocation Failure) 2017-11-10T19:35:17.974+0500: 361.433: [Tenured: 349567K->349567K(349568K), 0.0751139 secs] 506815K->506796K(506816K), [Metaspace: 12954K->12954K(1060864K)], 0.0753031 secs] [Times: user=0.08 sys=0.00, real=0.08 secs] 
2017-11-10T19:35:18.050+0500: 361.509: [Full GC (Allocation Failure) 2017-11-10T19:35:18.050+0500: 361.509: [Tenured: 349567K->349567K(349568K), 0.0763796 secs] 506815K->506797K(506816K), [Metaspace: 12954K->12954K(1060864K)], 0.0764544 secs] [Times: user=0.06 sys=0.00, real=0.08 secs] 
2017-11-10T19:35:18.127+0500: 361.586: [Full GC (Allocation Failure) 2017-11-10T19:35:18.127+0500: 361.586: [Tenured: 349567K->349567K(349568K), 0.0751070 secs] 506815K->506796K(506816K), [Metaspace: 12954K->12954K(1060864K)], 0.0751897 secs] [Times: user=0.06 sys=0.01, real=0.07 secs] 
2017-11-10T19:35:18.203+0500: 361.662: [Full GC (Allocation Failure) 2017-11-10T19:35:18.203+0500: 361.662: [Tenured: 349567K->349567K(349568K), 0.0765673 secs] 506815K->506796K(506816K), [Metaspace: 12954K->12954K(1060864K)], 0.0766387 secs] [Times: user=0.08 sys=0.00, real=0.08 secs] 
2017-11-10T19:35:18.280+0500: 361.739: [Full GC (Allocation Failure) 2017-11-10T19:35:18.280+0500: 361.739: [Tenured: 349568K->349568K(349568K), 0.0786818 secs] 506815K->506806K(506816K), [Metaspace: 12954K->12954K(1060864K)], 0.0787615 secs] [Times: user=0.08 sys=0.00, real=0.08 secs] 
2017-11-10T19:35:18.359+0500: 361.818: [Full GC (Allocation Failure) 2017-11-10T19:35:18.359+0500: 361.818: [Tenured: 349568K->349568K(349568K), 0.0761239 secs] 506815K->506800K(506816K), [Metaspace: 12954K->12954K(1060864K)], 0.0762339 secs] [Times: user=0.08 sys=0.00, real=0.08 secs] 
2017-11-10T19:35:18.436+0500: 361.895: [Full GC (Allocation Failure) 2017-11-10T19:35:18.436+0500: 361.895: [Tenured: 349568K->349568K(349568K), 0.0786153 secs] 506815K->506812K(506816K), [Metaspace: 12955K->12955K(1060864K)], 0.0787087 secs] [Times: user=0.08 sys=0.00, real=0.08 secs] 
2017-11-10T19:35:18.515+0500: 361.974: [Full GC (Allocation Failure) 2017-11-10T19:35:18.515+0500: 361.974: [Tenured: 349568K->349567K(349568K), 0.0784325 secs] 506815K->506813K(506816K), [Metaspace: 12955K->12955K(1060864K)], 0.0785322 secs] [Times: user=0.08 sys=0.00, real=0.08 secs] 
2017-11-10T19:35:18.594+0500: 362.053: [Full GC (Allocation Failure) 2017-11-10T19:35:18.594+0500: 362.053: [Tenured: 349567K->349567K(349568K), 0.0744275 secs] 506815K->506815K(506816K), [Metaspace: 12955K->12955K(1060864K)], 0.0745008 secs] [Times: user=0.08 sys=0.00, real=0.07 secs] 
2017-11-10T19:35:18.669+0500: 362.128: [Full GC (Allocation Failure) 2017-11-10T19:35:18.669+0500: 362.128: [Tenured: 349567K->349567K(349568K), 0.0777451 secs] 506815K->506815K(506816K), [Metaspace: 12955K->12955K(1060864K)], 0.0778443 secs] [Times: user=0.06 sys=0.00, real=0.08 secs] 
2017-11-10T19:35:18.747+0500: 362.206: [Full GC (Allocation Failure) 2017-11-10T19:35:18.747+0500: 362.206: [Tenured: 349567K->349567K(349568K), 0.0751525 secs] 506815K->506815K(506816K), [Metaspace: 12955K->12955K(1060864K)], 0.0752312 secs] [Times: user=0.08 sys=0.00, real=0.08 secs] 
2017-11-10T19:35:18.822+0500: 362.281: [Full GC (Allocation Failure) 2017-11-10T19:35:18.822+0500: 362.281: [Tenured: 349567K->349567K(349568K), 0.0760081 secs] 506815K->506815K(506816K), [Metaspace: 12955K->12955K(1060864K)], 0.0760843 secs] [Times: user=0.08 sys=0.00, real=0.08 secs] 
2017-11-10T19:35:18.898+0500: 362.358: [Full GC (Allocation Failure) 2017-11-10T19:35:18.898+0500: 362.358: [Tenured: 349567K->349567K(349568K), 0.0766886 secs] 506815K->506815K(506816K), [Metaspace: 12955K->12955K(1060864K)], 0.0767600 secs] [Times: user=0.08 sys=0.00, real=0.08 secs] 
2017-11-10T19:35:18.975+0500: 362.435: [Full GC (Allocation Failure) 2017-11-10T19:35:18.975+0500: 362.435: [Tenured: 349567K->349567K(349568K), 0.0786182 secs] 506815K->506815K(506816K), [Metaspace: 12955K->12955K(1060864K)], 0.0786965 secs] [Times: user=0.08 sys=0.00, real=0.08 secs] 
2017-11-10T19:35:19.054+0500: 362.514: [Full GC (Allocation Failure) 2017-11-10T19:35:19.055+0500: 362.514: [Tenured: 349567K->349567K(349568K), 0.0826814 secs] 506815K->506815K(506816K), [Metaspace: 12955K->12955K(1060864K)], 0.0828061 secs] [Times: user=0.08 sys=0.00, real=0.08 secs] 
2017-11-10T19:35:19.138+0500: 362.597: [Full GC (Allocation Failure) 2017-11-10T19:35:19.138+0500: 362.597: [Tenured: 349567K->349567K(349568K), 0.0762916 secs] 506815K->506815K(506816K), [Metaspace: 12955K->12955K(1060864K)], 0.0763928 secs] [Times: user=0.08 sys=0.00, real=0.08 secs] 
2017-11-10T19:35:19.214+0500: 362.673: [Full GC (Allocation Failure) 2017-11-10T19:35:19.214+0500: 362.673: [Tenured: 349567K->349567K(349568K), 0.0768485 secs] 506815K->506814K(506816K), [Metaspace: 12955K->12955K(1060864K)], 0.0769198 secs] [Times: user=0.08 sys=0.00, real=0.08 secs] 
2017-11-10T19:35:19.291+0500: 362.750: [Full GC (Allocation Failure) 2017-11-10T19:35:19.291+0500: 362.750: [Tenured: 349567K->349567K(349568K), 0.0747184 secs] 506815K->506802K(506816K), [Metaspace: 12955K->12955K(1060864K)], 0.0748132 secs] [Times: user=0.08 sys=0.00, real=0.08 secs] 
2017-11-10T19:35:19.367+0500: 362.826: [Full GC (Allocation Failure) 2017-11-10T19:35:19.367+0500: 362.826: [Tenured: 349567K->349567K(349568K), 0.0762276 secs] 506815K->506809K(506816K), [Metaspace: 12955K->12955K(1060864K)], 0.0763063 secs] [Times: user=0.08 sys=0.00, real=0.08 secs] 
2017-11-10T19:35:19.443+0500: 362.903: [Full GC (Allocation Failure) 2017-11-10T19:35:19.443+0500: 362.903: [Tenured: 349567K->349567K(349568K), 0.0766094 secs] 506815K->506813K(506816K), [Metaspace: 12955K->12955K(1060864K)], 0.0767223 secs] [Times: user=0.06 sys=0.00, real=0.08 secs] 
2017-11-10T19:35:19.520+0500: 362.980: [Full GC (Allocation Failure) 2017-11-10T19:35:19.520+0500: 362.980: [Tenured: 349567K->349567K(349568K), 0.0807219 secs] 506815K->506814K(506816K), [Metaspace: 12955K->12955K(1060864K)], 0.0808417 secs] [Times: user=0.08 sys=0.00, real=0.08 secs] 
2017-11-10T19:35:19.602+0500: 363.061: [Full GC (Allocation Failure) 2017-11-10T19:35:19.602+0500: 363.061: [Tenured: 349567K->349567K(349568K), 0.0777221 secs] 506815K->506804K(506816K), [Metaspace: 12955K->12955K(1060864K)], 0.0778223 secs] [Times: user=0.08 sys=0.00, real=0.08 secs] 
2017-11-10T19:35:19.680+0500: 363.139: [Full GC (Allocation Failure) 2017-11-10T19:35:19.680+0500: 363.139: [Tenured: 349567K->349567K(349568K), 0.0774483 secs] 506815K->506811K(506816K), [Metaspace: 12955K->12955K(1060864K)], 0.0775461 secs] [Times: user=0.06 sys=0.00, real=0.08 secs] 
2017-11-10T19:35:19.758+0500: 363.217: [Full GC (Allocation Failure) 2017-11-10T19:35:19.758+0500: 363.217: [Tenured: 349567K->349567K(349568K), 0.0774077 secs] 506815K->506813K(506816K), [Metaspace: 12955K->12955K(1060864K)], 0.0774904 secs] [Times: user=0.08 sys=0.00, real=0.08 secs] 
2017-11-10T19:35:19.835+0500: 363.295: [Full GC (Allocation Failure) 2017-11-10T19:35:19.835+0500: 363.295: [Tenured: 349567K->349567K(349568K), 0.0773408 secs] 506815K->506814K(506816K), [Metaspace: 12955K->12955K(1060864K)], 0.0774253 secs] [Times: user=0.08 sys=0.00, real=0.08 secs] 
2017-11-10T19:35:19.913+0500: 363.372: [Full GC (Allocation Failure) 2017-11-10T19:35:19.913+0500: 363.372: [Tenured: 349567K->349567K(349568K), 0.0748768 secs] 506815K->506804K(506816K), [Metaspace: 12955K->12955K(1060864K)], 0.0749628 secs] [Times: user=0.08 sys=0.00, real=0.07 secs] 
2017-11-10T19:35:19.989+0500: 363.448: [Full GC (Allocation Failure) 2017-11-10T19:35:19.989+0500: 363.448: [Tenured: 349567K->349567K(349568K), 0.0772049 secs] 506815K->506811K(506816K), [Metaspace: 12955K->12955K(1060864K)], 0.0773232 secs] [Times: user=0.08 sys=0.00, real=0.08 secs] 
2017-11-10T19:35:20.066+0500: 363.526: [Full GC (Allocation Failure) 2017-11-10T19:35:20.066+0500: 363.526: [Tenured: 349567K->349567K(349568K), 0.0755006 secs] 506815K->506813K(506816K), [Metaspace: 12955K->12955K(1060864K)], 0.0755695 secs] [Times: user=0.06 sys=0.00, real=0.08 secs] 
2017-11-10T19:35:20.142+0500: 363.601: [Full GC (Allocation Failure) 2017-11-10T19:35:20.142+0500: 363.602: [Tenured: 349567K->349567K(349568K), 0.0761523 secs] 506815K->506803K(506816K), [Metaspace: 12955K->12955K(1060864K)], 0.0762589 secs] [Times: user=0.06 sys=0.00, real=0.08 secs] 
2017-11-10T19:35:20.219+0500: 363.678: [Full GC (Allocation Failure) 2017-11-10T19:35:20.219+0500: 363.678: [Tenured: 349567K->349567K(349568K), 0.0812895 secs] 506815K->506811K(506816K), [Metaspace: 12955K->12955K(1060864K)], 0.0813599 secs] [Times: user=0.09 sys=0.00, real=0.08 secs] 
2017-11-10T19:35:20.301+0500: 363.760: [Full GC (Allocation Failure) 2017-11-10T19:35:20.301+0500: 363.760: [Tenured: 349567K->349567K(349568K), 0.0769394 secs] 506815K->506813K(506816K), [Metaspace: 12955K->12955K(1060864K)], 0.0770137 secs] [Times: user=0.08 sys=0.00, real=0.08 secs] 
2017-11-10T19:35:20.378+0500: 363.837: [Full GC (Allocation Failure) 2017-11-10T19:35:20.378+0500: 363.837: [Tenured: 349567K->349567K(349568K), 0.0786070 secs] 506815K->506803K(506816K), [Metaspace: 12955K->12955K(1060864K)], 0.0786901 secs] [Times: user=0.08 sys=0.00, real=0.08 secs] 
2017-11-10T19:35:20.458+0500: 363.916: [Full GC (Allocation Failure) 2017-11-10T19:35:20.458+0500: 363.916: [Tenured: 349567K->349567K(349568K), 0.0882185 secs] 506815K->506811K(506816K), [Metaspace: 12955K->12955K(1060864K)], 0.0883075 secs] [Times: user=0.08 sys=0.00, real=0.09 secs] 
2017-11-10T19:35:20.546+0500: 364.005: [Full GC (Allocation Failure) 2017-11-10T19:35:20.546+0500: 364.005: [Tenured: 349567K->349567K(349568K), 0.0782838 secs] 506815K->506813K(506816K), [Metaspace: 12955K->12955K(1060864K)], 0.0783909 secs] [Times: user=0.08 sys=0.00, real=0.08 secs] 
2017-11-10T19:35:20.625+0500: 364.084: [Full GC (Allocation Failure) 2017-11-10T19:35:20.625+0500: 364.084: [Tenured: 349567K->349567K(349568K), 0.0750894 secs] 506815K->506803K(506816K), [Metaspace: 12955K->12955K(1060864K)], 0.0751897 secs] [Times: user=0.08 sys=0.00, real=0.08 secs] 
2017-11-10T19:35:20.701+0500: 364.160: [Full GC (Allocation Failure) 2017-11-10T19:35:20.701+0500: 364.160: [Tenured: 349567K->349567K(349568K), 0.0748064 secs] 506815K->506811K(506816K), [Metaspace: 12955K->12955K(1060864K)], 0.0748885 secs] [Times: user=0.08 sys=0.00, real=0.08 secs] 
2017-11-10T19:35:20.776+0500: 364.235: [Full GC (Allocation Failure) 2017-11-10T19:35:20.776+0500: 364.235: [Tenured: 349567K->349567K(349568K), 0.0744148 secs] 506815K->506813K(506816K), [Metaspace: 12955K->12955K(1060864K)], 0.0744886 secs] [Times: user=0.08 sys=0.00, real=0.07 secs] 
2017-11-10T19:35:20.851+0500: 364.310: [Full GC (Allocation Failure) 2017-11-10T19:35:20.851+0500: 364.310: [Tenured: 349567K->349567K(349568K), 0.0770205 secs] 506815K->506803K(506816K), [Metaspace: 12955K->12955K(1060864K)], 0.0770978 secs] [Times: user=0.08 sys=0.00, real=0.08 secs] 
2017-11-10T19:35:20.928+0500: 364.387: [Full GC (Allocation Failure) 2017-11-10T19:35:20.928+0500: 364.387: [Tenured: 349567K->349567K(349568K), 0.0743248 secs] 506815K->506811K(506816K), [Metaspace: 12955K->12955K(1060864K)], 0.0744104 secs] [Times: user=0.08 sys=0.00, real=0.08 secs] 
2017-11-10T19:35:21.003+0500: 364.462: [Full GC (Allocation Failure) 2017-11-10T19:35:21.003+0500: 364.462: [Tenured: 349567K->349567K(349568K), 0.0780648 secs] 506815K->506813K(506816K), [Metaspace: 12955K->12955K(1060864K)], 0.0781406 secs] [Times: user=0.08 sys=0.00, real=0.08 secs] 
2017-11-10T19:35:21.081+0500: 364.540: [Full GC (Allocation Failure) 2017-11-10T19:35:21.081+0500: 364.540: [Tenured: 349567K->349567K(349568K), 0.0757700 secs] 506815K->506803K(506816K), [Metaspace: 12955K->12955K(1060864K)], 0.0758487 secs] [Times: user=0.06 sys=0.00, real=0.08 secs] 
2017-11-10T19:35:21.158+0500: 364.617: [Full GC (Allocation Failure) 2017-11-10T19:35:21.158+0500: 364.617: [Tenured: 349567K->349567K(349568K), 0.0748039 secs] 506815K->506811K(506816K), [Metaspace: 12955K->12955K(1060864K)], 0.0748885 secs] [Times: user=0.08 sys=0.00, real=0.08 secs] 
2017-11-10T19:35:21.233+0500: 364.692: [Full GC (Allocation Failure) 2017-11-10T19:35:21.233+0500: 364.692: [Tenured: 349567K->349567K(349568K), 0.0758301 secs] 506815K->506813K(506816K), [Metaspace: 12955K->12955K(1060864K)], 0.0759161 secs] [Times: user=0.08 sys=0.00, real=0.08 secs] 
2017-11-10T19:35:21.309+0500: 364.768: [Full GC (Allocation Failure) 2017-11-10T19:35:21.309+0500: 364.768: [Tenured: 349567K->349567K(349568K), 0.0768372 secs] 506815K->506803K(506816K), [Metaspace: 12955K->12955K(1060864K)], 0.0769213 secs] [Times: user=0.08 sys=0.00, real=0.08 secs] 
2017-11-10T19:35:21.387+0500: 364.846: [Full GC (Allocation Failure) 2017-11-10T19:35:21.387+0500: 364.846: [Tenured: 349567K->349567K(349568K), 0.0778184 secs] 506815K->506811K(506816K), [Metaspace: 12955K->12955K(1060864K)], 0.0779040 secs] [Times: user=0.08 sys=0.00, real=0.08 secs] 
2017-11-10T19:35:21.465+0500: 364.924: [Full GC (Allocation Failure) 2017-11-10T19:35:21.465+0500: 364.924: [Tenured: 349567K->349567K(349568K), 0.0767306 secs] 506815K->506813K(506816K), [Metaspace: 12955K->12955K(1060864K)], 0.0768382 secs] [Times: user=0.08 sys=0.00, real=0.08 secs] 
2017-11-10T19:35:21.542+0500: 365.001: [Full GC (Allocation Failure) 2017-11-10T19:35:21.542+0500: 365.001: [Tenured: 349567K->349567K(349568K), 0.0759034 secs] 506815K->506803K(506816K), [Metaspace: 12955K->12955K(1060864K)], 0.0759807 secs] [Times: user=0.08 sys=0.00, real=0.08 secs] 
2017-11-10T19:35:21.618+0500: 365.078: [Full GC (Allocation Failure) 2017-11-10T19:35:21.618+0500: 365.078: [Tenured: 349567K->349567K(349568K), 0.0767927 secs] 506815K->506811K(506816K), [Metaspace: 12955K->12955K(1060864K)], 0.0768768 secs] [Times: user=0.08 sys=0.00, real=0.08 secs] 
2017-11-10T19:35:21.696+0500: 365.155: [Full GC (Allocation Failure) 2017-11-10T19:35:21.696+0500: 365.155: [Tenured: 349567K->349567K(349568K), 0.0832700 secs] 506815K->506813K(506816K), [Metaspace: 12955K->12955K(1060864K)], 0.0833468 secs] [Times: user=0.08 sys=0.00, real=0.08 secs] 
2017-11-10T19:35:21.779+0500: 365.238: [Full GC (Allocation Failure) 2017-11-10T19:35:21.779+0500: 365.238: [Tenured: 349567K->349567K(349568K), 0.0777632 secs] 506815K->506803K(506816K), [Metaspace: 12955K->12955K(1060864K)], 0.0778776 secs] [Times: user=0.08 sys=0.00, real=0.08 secs] 
2017-11-10T19:35:21.858+0500: 365.317: [Full GC (Allocation Failure) 2017-11-10T19:35:21.858+0500: 365.317: [Tenured: 349567K->349567K(349568K), 0.0773002 secs] 506815K->506811K(506816K), [Metaspace: 12955K->12955K(1060864K)], 0.0774063 secs] [Times: user=0.08 sys=0.00, real=0.08 secs] 
2017-11-10T19:35:21.935+0500: 365.394: [Full GC (Allocation Failure) 2017-11-10T19:35:21.935+0500: 365.394: [Tenured: 349567K->349567K(349568K), 0.0772865 secs] 506815K->506813K(506816K), [Metaspace: 12955K->12955K(1060864K)], 0.0773559 secs] [Times: user=0.08 sys=0.00, real=0.08 secs] 
2017-11-10T19:35:22.013+0500: 365.472: [Full GC (Allocation Failure) 2017-11-10T19:35:22.013+0500: 365.472: [Tenured: 349567K->349567K(349568K), 0.0821465 secs] 506815K->506803K(506816K), [Metaspace: 12955K->12955K(1060864K)], 0.0823181 secs] [Times: user=0.08 sys=0.00, real=0.08 secs] 
2017-11-10T19:35:22.096+0500: 365.555: [Full GC (Allocation Failure) 2017-11-10T19:35:22.096+0500: 365.555: [Tenured: 349567K->349567K(349568K), 0.0774557 secs] 506815K->506811K(506816K), [Metaspace: 12955K->12955K(1060864K)], 0.0775715 secs] [Times: user=0.08 sys=0.00, real=0.08 secs] 
2017-11-10T19:35:22.174+0500: 365.633: [Full GC (Allocation Failure) 2017-11-10T19:35:22.174+0500: 365.633: [Tenured: 349567K->349567K(349568K), 0.0742075 secs] 506815K->506813K(506816K), [Metaspace: 12955K->12955K(1060864K)], 0.0742877 secs] [Times: user=0.08 sys=0.00, real=0.07 secs] 
2017-11-10T19:35:22.248+0500: 365.707: [Full GC (Allocation Failure) 2017-11-10T19:35:22.248+0500: 365.708: [Tenured: 349567K->349567K(349568K), 0.0770137 secs] 506815K->506803K(506816K), [Metaspace: 12955K->12955K(1060864K)], 0.0770924 secs] [Times: user=0.08 sys=0.00, real=0.08 secs] 
2017-11-10T19:35:22.326+0500: 365.785: [Full GC (Allocation Failure) 2017-11-10T19:35:22.326+0500: 365.785: [Tenured: 349567K->349567K(349568K), 0.0808730 secs] 506815K->506811K(506816K), [Metaspace: 12955K->12955K(1060864K)], 0.0809678 secs] [Times: user=0.08 sys=0.00, real=0.08 secs] 
2017-11-10T19:35:22.407+0500: 365.866: [Full GC (Allocation Failure) 2017-11-10T19:35:22.407+0500: 365.866: [Tenured: 349567K->349567K(349568K), 0.0849713 secs] 506815K->506813K(506816K), [Metaspace: 12955K->12955K(1060864K)], 0.0850613 secs] [Times: user=0.09 sys=0.00, real=0.09 secs] 
2017-11-10T19:35:22.493+0500: 365.952: [Full GC (Allocation Failure) 2017-11-10T19:35:22.493+0500: 365.952: [Tenured: 349567K->349567K(349568K), 0.0745981 secs] 506815K->506803K(506816K), [Metaspace: 12955K->12955K(1060864K)], 0.0747008 secs] [Times: user=0.08 sys=0.00, real=0.07 secs] 
2017-11-10T19:35:22.568+0500: 366.027: [Full GC (Allocation Failure) 2017-11-10T19:35:22.568+0500: 366.027: [Tenured: 349567K->349567K(349568K), 0.0755221 secs] 506815K->506811K(506816K), [Metaspace: 12955K->12955K(1060864K)], 0.0755989 secs] [Times: user=0.08 sys=0.00, real=0.07 secs] 
2017-11-10T19:35:22.644+0500: 366.103: [Full GC (Allocation Failure) 2017-11-10T19:35:22.644+0500: 366.103: [Tenured: 349567K->349567K(349568K), 0.0757626 secs] 506815K->506813K(506816K), [Metaspace: 12955K->12955K(1060864K)], 0.0758418 secs] [Times: user=0.06 sys=0.00, real=0.08 secs] 
2017-11-10T19:35:22.720+0500: 366.179: [Full GC (Allocation Failure) 2017-11-10T19:35:22.720+0500: 366.179: [Tenured: 349567K->349567K(349568K), 0.0756199 secs] 506815K->506803K(506816K), [Metaspace: 12955K->12955K(1060864K)], 0.0757015 secs] [Times: user=0.08 sys=0.00, real=0.08 secs] 
2017-11-10T19:35:22.796+0500: 366.255: [Full GC (Allocation Failure) 2017-11-10T19:35:22.796+0500: 366.255: [Tenured: 349567K->349567K(349568K), 0.0770416 secs] 506815K->506811K(506816K), [Metaspace: 12955K->12955K(1060864K)], 0.0771247 secs] [Times: user=0.08 sys=0.00, real=0.08 secs] 
2017-11-10T19:35:22.874+0500: 366.333: [Full GC (Allocation Failure) 2017-11-10T19:35:22.874+0500: 366.333: [Tenured: 349567K->349567K(349568K), 0.0762999 secs] 506815K->506813K(506816K), [Metaspace: 12955K->12955K(1060864K)], 0.0763786 secs] [Times: user=0.08 sys=0.00, real=0.08 secs] 
2017-11-10T19:35:22.950+0500: 366.409: [Full GC (Allocation Failure) 2017-11-10T19:35:22.950+0500: 366.409: [Tenured: 349567K->349567K(349568K), 0.0751266 secs] 506815K->506803K(506816K), [Metaspace: 12955K->12955K(1060864K)], 0.0752068 secs] [Times: user=0.08 sys=0.00, real=0.08 secs] 
2017-11-10T19:35:23.026+0500: 366.485: [Full GC (Allocation Failure) 2017-11-10T19:35:23.026+0500: 366.485: [Tenured: 349567K->349567K(349568K), 0.0750523 secs] 506815K->506811K(506816K), [Metaspace: 12955K->12955K(1060864K)], 0.0751232 secs] [Times: user=0.08 sys=0.00, real=0.08 secs] 
2017-11-10T19:35:23.101+0500: 366.561: [Full GC (Allocation Failure) 2017-11-10T19:35:23.101+0500: 366.561: [Tenured: 349567K->349567K(349568K), 0.0830779 secs] 506815K->506813K(506816K), [Metaspace: 12955K->12955K(1060864K)], 0.0831527 secs] [Times: user=0.08 sys=0.00, real=0.08 secs] 
2017-11-10T19:35:23.185+0500: 366.644: [Full GC (Allocation Failure) 2017-11-10T19:35:23.185+0500: 366.644: [Tenured: 349567K->349567K(349568K), 0.0829317 secs] 506815K->506803K(506816K), [Metaspace: 12955K->12955K(1060864K)], 0.0830427 secs] [Times: user=0.08 sys=0.00, real=0.08 secs] 
2017-11-10T19:35:23.268+0500: 366.727: [Full GC (Allocation Failure) 2017-11-10T19:35:23.268+0500: 366.727: [Tenured: 349567K->349567K(349568K), 0.0796992 secs] 506815K->506811K(506816K), [Metaspace: 12955K->12955K(1060864K)], 0.0797803 secs] [Times: user=0.08 sys=0.00, real=0.08 secs] 
2017-11-10T19:35:23.348+0500: 366.808: [Full GC (Allocation Failure) 2017-11-10T19:35:23.348+0500: 366.808: [Tenured: 349567K->349567K(349568K), 0.0768113 secs] 506815K->506813K(506816K), [Metaspace: 12955K->12955K(1060864K)], 0.0768851 secs] [Times: user=0.08 sys=0.00, real=0.08 secs] 
2017-11-10T19:35:23.425+0500: 366.885: [Full GC (Allocation Failure) 2017-11-10T19:35:23.425+0500: 366.885: [Tenured: 349567K->349567K(349568K), 0.0751070 secs] 506815K->506803K(506816K), [Metaspace: 12955K->12955K(1060864K)], 0.0751794 secs] [Times: user=0.06 sys=0.00, real=0.08 secs] 
2017-11-10T19:35:23.501+0500: 366.960: [Full GC (Allocation Failure) 2017-11-10T19:35:23.501+0500: 366.960: [Tenured: 349567K->349567K(349568K), 0.0756106 secs] 506815K->506811K(506816K), [Metaspace: 12955K->12955K(1060864K)], 0.0756829 secs] [Times: user=0.08 sys=0.00, real=0.08 secs] 
2017-11-10T19:35:23.577+0500: 367.036: [Full GC (Allocation Failure) 2017-11-10T19:35:23.577+0500: 367.036: [Tenured: 349567K->349567K(349568K), 0.0745003 secs] 506815K->506813K(506816K), [Metaspace: 12955K->12955K(1060864K)], 0.0745732 secs] [Times: user=0.08 sys=0.00, real=0.08 secs] 
2017-11-10T19:35:23.652+0500: 367.111: [Full GC (Allocation Failure) 2017-11-10T19:35:23.652+0500: 367.111: [Tenured: 349567K->349567K(349568K), 0.0766089 secs] 506815K->506803K(506816K), [Metaspace: 12955K->12955K(1060864K)], 0.0767057 secs] [Times: user=0.08 sys=0.00, real=0.08 secs] 
2017-11-10T19:35:23.729+0500: 367.188: [Full GC (Allocation Failure) 2017-11-10T19:35:23.729+0500: 367.188: [Tenured: 349567K->349567K(349568K), 0.0759655 secs] 506815K->506811K(506816K), [Metaspace: 12955K->12955K(1060864K)], 0.0760452 secs] [Times: user=0.08 sys=0.00, real=0.08 secs] 
2017-11-10T19:35:23.805+0500: 367.265: [Full GC (Allocation Failure) 2017-11-10T19:35:23.805+0500: 367.265: [Tenured: 349567K->349567K(349568K), 0.0752737 secs] 506815K->506813K(506816K), [Metaspace: 12955K->12955K(1060864K)], 0.0753554 secs] [Times: user=0.08 sys=0.00, real=0.08 secs] 
2017-11-10T19:35:23.881+0500: 367.340: [Full GC (Allocation Failure) 2017-11-10T19:35:23.881+0500: 367.340: [Tenured: 349567K->349567K(349568K), 0.0793926 secs] 506815K->506803K(506816K), [Metaspace: 12955K->12955K(1060864K)], 0.0794806 secs] [Times: user=0.08 sys=0.00, real=0.08 secs] 
2017-11-10T19:35:23.961+0500: 367.420: [Full GC (Allocation Failure) 2017-11-10T19:35:23.961+0500: 367.420: [Tenured: 349567K->349567K(349568K), 0.0795266 secs] 506815K->506811K(506816K), [Metaspace: 12955K->12955K(1060864K)], 0.0796219 secs] [Times: user=0.08 sys=0.00, real=0.08 secs] 
2017-11-10T19:35:24.041+0500: 367.500: [Full GC (Allocation Failure) 2017-11-10T19:35:24.041+0500: 367.500: [Tenured: 349567K->349567K(349568K), 0.0752219 secs] 506815K->506813K(506816K), [Metaspace: 12955K->12955K(1060864K)], 0.0753256 secs] [Times: user=0.08 sys=0.00, real=0.08 secs] 
2017-11-10T19:35:24.117+0500: 367.576: [Full GC (Allocation Failure) 2017-11-10T19:35:24.117+0500: 367.576: [Tenured: 349567K->349567K(349568K), 0.0766074 secs] 506815K->506803K(506816K), [Metaspace: 12955K->12955K(1060864K)], 0.0766832 secs] [Times: user=0.06 sys=0.00, real=0.08 secs] 
2017-11-10T19:35:24.194+0500: 367.653: [Full GC (Allocation Failure) 2017-11-10T19:35:24.194+0500: 367.653: [Tenured: 349567K->349567K(349568K), 0.0744113 secs] 506815K->506811K(506816K), [Metaspace: 12955K->12955K(1060864K)], 0.0744847 secs] [Times: user=0.08 sys=0.00, real=0.08 secs] 
2017-11-10T19:35:24.269+0500: 367.728: [Full GC (Allocation Failure) 2017-11-10T19:35:24.269+0500: 367.728: [Tenured: 349567K->349567K(349568K), 0.0751515 secs] 506815K->506813K(506816K), [Metaspace: 12955K->12955K(1060864K)], 0.0752332 secs] [Times: user=0.06 sys=0.00, real=0.08 secs] 
2017-11-10T19:35:24.344+0500: 367.803: [Full GC (Allocation Failure) 2017-11-10T19:35:24.344+0500: 367.803: [Tenured: 349567K->349567K(349568K), 0.0750117 secs] 506815K->506803K(506816K), [Metaspace: 12955K->12955K(1060864K)], 0.0750850 secs] [Times: user=0.08 sys=0.00, real=0.07 secs] 
2017-11-10T19:35:24.420+0500: 367.879: [Full GC (Allocation Failure) 2017-11-10T19:35:24.420+0500: 367.879: [Tenured: 349567K->349567K(349568K), 0.0779758 secs] 506815K->506811K(506816K), [Metaspace: 12955K->12955K(1060864K)], 0.0780785 secs] [Times: user=0.08 sys=0.00, real=0.08 secs] 
2017-11-10T19:35:24.498+0500: 367.957: [Full GC (Allocation Failure) 2017-11-10T19:35:24.498+0500: 367.957: [Tenured: 349567K->349567K(349568K), 0.0768079 secs] 506815K->506813K(506816K), [Metaspace: 12955K->12955K(1060864K)], 0.0770103 secs] [Times: user=0.08 sys=0.00, real=0.08 secs] 
2017-11-10T19:35:24.576+0500: 368.035: [Full GC (Allocation Failure) 2017-11-10T19:35:24.576+0500: 368.035: [Tenured: 349567K->349567K(349568K), 0.1072407 secs] 506815K->506803K(506816K), [Metaspace: 12955K->12955K(1060864K)], 0.1073507 secs] [Times: user=0.11 sys=0.00, real=0.11 secs] 
2017-11-10T19:35:24.685+0500: 368.143: [Full GC (Allocation Failure) 2017-11-10T19:35:24.685+0500: 368.143: [Tenured: 349567K->349567K(349568K), 0.0835291 secs] 506815K->506811K(506816K), [Metaspace: 12955K->12955K(1060864K)], 0.0836103 secs] [Times: user=0.09 sys=0.00, real=0.08 secs] 
2017-11-10T19:35:24.768+0500: 368.227: [Full GC (Allocation Failure) 2017-11-10T19:35:24.768+0500: 368.227: [Tenured: 349567K->349567K(349568K), 0.0750904 secs] 506815K->506813K(506816K), [Metaspace: 12955K->12955K(1060864K)], 0.0751721 secs] [Times: user=0.06 sys=0.00, real=0.08 secs] 
2017-11-10T19:35:24.844+0500: 368.303: [Full GC (Allocation Failure) 2017-11-10T19:35:24.844+0500: 368.303: [Tenured: 349567K->349567K(349568K), 0.0751872 secs] 506815K->506803K(506816K), [Metaspace: 12955K->12955K(1060864K)], 0.0752747 secs] [Times: user=0.08 sys=0.00, real=0.07 secs] 
2017-11-10T19:35:24.919+0500: 368.378: [Full GC (Allocation Failure) 2017-11-10T19:35:24.920+0500: 368.378: [Tenured: 349567K->349567K(349568K), 0.0759685 secs] 506815K->506811K(506816K), [Metaspace: 12955K->12955K(1060864K)], 0.0760511 secs] [Times: user=0.06 sys=0.02, real=0.08 secs] 
2017-11-10T19:35:24.996+0500: 368.455: [Full GC (Allocation Failure) 2017-11-10T19:35:24.996+0500: 368.455: [Tenured: 349567K->349567K(349568K), 0.0741190 secs] 506815K->506813K(506816K), [Metaspace: 12955K->12955K(1060864K)], 0.0741992 secs] [Times: user=0.08 sys=0.00, real=0.07 secs] 
2017-11-10T19:35:25.070+0500: 368.529: [Full GC (Allocation Failure) 2017-11-10T19:35:25.070+0500: 368.529: [Tenured: 349567K->349567K(349568K), 0.0758135 secs] 506815K->506803K(506816K), [Metaspace: 12955K->12955K(1060864K)], 0.0758849 secs] [Times: user=0.08 sys=0.00, real=0.08 secs] 
2017-11-10T19:35:25.147+0500: 368.606: [Full GC (Allocation Failure) 2017-11-10T19:35:25.147+0500: 368.606: [Tenured: 349567K->349567K(349568K), 0.0747105 secs] 506815K->506811K(506816K), [Metaspace: 12955K->12955K(1060864K)], 0.0747834 secs] [Times: user=0.08 sys=0.00, real=0.07 secs] 
2017-11-10T19:35:25.222+0500: 368.681: [Full GC (Allocation Failure) 2017-11-10T19:35:25.222+0500: 368.681: [Tenured: 349567K->349567K(349568K), 0.0766084 secs] 506815K->506813K(506816K), [Metaspace: 12955K->12955K(1060864K)], 0.0766808 secs] [Times: user=0.06 sys=0.00, real=0.08 secs] 
2017-11-10T19:35:25.299+0500: 368.758: [Full GC (Allocation Failure) 2017-11-10T19:35:25.299+0500: 368.758: [Tenured: 349567K->349567K(349568K), 0.0753329 secs] 506815K->506803K(506816K), [Metaspace: 12955K->12955K(1060864K)], 0.0754111 secs] [Times: user=0.08 sys=0.00, real=0.08 secs] 
2017-11-10T19:35:25.375+0500: 368.834: [Full GC (Allocation Failure) 2017-11-10T19:35:25.375+0500: 368.834: [Tenured: 349567K->349567K(349568K), 0.0749990 secs] 506815K->506811K(506816K), [Metaspace: 12955K->12955K(1060864K)], 0.0751119 secs] [Times: user=0.08 sys=0.00, real=0.08 secs] 
2017-11-10T19:35:25.450+0500: 368.909: [Full GC (Allocation Failure) 2017-11-10T19:35:25.450+0500: 368.909: [Tenured: 349567K->349567K(349568K), 0.0785840 secs] 506815K->506813K(506816K), [Metaspace: 12955K->12955K(1060864K)], 0.0786666 secs] [Times: user=0.08 sys=0.00, real=0.08 secs] 
2017-11-10T19:35:25.529+0500: 368.988: [Full GC (Allocation Failure) 2017-11-10T19:35:25.529+0500: 368.988: [Tenured: 349567K->349567K(349568K), 0.0768514 secs] 506815K->506803K(506816K), [Metaspace: 12955K->12955K(1060864K)], 0.0769413 secs] [Times: user=0.08 sys=0.00, real=0.08 secs] 
2017-11-10T19:35:25.606+0500: 369.065: [Full GC (Allocation Failure) 2017-11-10T19:35:25.606+0500: 369.066: [Tenured: 349567K->349567K(349568K), 0.0817574 secs] 506815K->506811K(506816K), [Metaspace: 12955K->12955K(1060864K)], 0.0818904 secs] [Times: user=0.08 sys=0.00, real=0.08 secs] 
2017-11-10T19:35:25.689+0500: 369.148: [Full GC (Allocation Failure) 2017-11-10T19:35:25.689+0500: 369.148: [Tenured: 349567K->349567K(349568K), 0.0906278 secs] 506815K->506813K(506816K), [Metaspace: 12955K->12955K(1060864K)], 0.0907969 secs] [Times: user=0.09 sys=0.00, real=0.09 secs] 
2017-11-10T19:35:25.780+0500: 369.239: [Full GC (Allocation Failure) 2017-11-10T19:35:25.780+0500: 369.239: [Tenured: 349567K->349567K(349568K), 0.0803572 secs] 506815K->506803K(506816K), [Metaspace: 12955K->12955K(1060864K)], 0.0804662 secs] [Times: user=0.08 sys=0.00, real=0.08 secs] 
2017-11-10T19:35:25.861+0500: 369.320: [Full GC (Allocation Failure) 2017-11-10T19:35:25.861+0500: 369.320: [Tenured: 349567K->349567K(349568K), 0.0791770 secs] 506815K->506811K(506816K), [Metaspace: 12955K->12955K(1060864K)], 0.0792880 secs] [Times: user=0.09 sys=0.00, real=0.08 secs] 
2017-11-10T19:35:25.941+0500: 369.400: [Full GC (Allocation Failure) 2017-11-10T19:35:25.941+0500: 369.400: [Tenured: 349567K->349567K(349568K), 0.0794386 secs] 506815K->506813K(506816K), [Metaspace: 12955K->12955K(1060864K)], 0.0795598 secs] [Times: user=0.08 sys=0.00, real=0.08 secs] 
2017-11-10T19:35:26.020+0500: 369.480: [Full GC (Allocation Failure) 2017-11-10T19:35:26.020+0500: 369.480: [Tenured: 349567K->349567K(349568K), 0.0783322 secs] 506815K->506803K(506816K), [Metaspace: 12955K->12955K(1060864K)], 0.0784061 secs] [Times: user=0.08 sys=0.00, real=0.08 secs] 
2017-11-10T19:35:26.099+0500: 369.558: [Full GC (Allocation Failure) 2017-11-10T19:35:26.099+0500: 369.558: [Tenured: 349567K->349567K(349568K), 0.0763434 secs] 506815K->506811K(506816K), [Metaspace: 12955K->12955K(1060864K)], 0.0764265 secs] [Times: user=0.06 sys=0.00, real=0.08 secs] 
2017-11-10T19:35:26.176+0500: 369.635: [Full GC (Allocation Failure) 2017-11-10T19:35:26.176+0500: 369.635: [Tenured: 349567K->349567K(349568K), 0.0758321 secs] 506815K->506813K(506816K), [Metaspace: 12955K->12955K(1060864K)], 0.0759078 secs] [Times: user=0.06 sys=0.00, real=0.08 secs] 
2017-11-10T19:35:26.252+0500: 369.711: [Full GC (Allocation Failure) 2017-11-10T19:35:26.252+0500: 369.711: [Tenured: 349567K->349567K(349568K), 0.0769301 secs] 506815K->506803K(506816K), [Metaspace: 12955K->12955K(1060864K)], 0.0770088 secs] [Times: user=0.06 sys=0.00, real=0.08 secs] 
2017-11-10T19:35:26.330+0500: 369.789: [Full GC (Allocation Failure) 2017-11-10T19:35:26.330+0500: 369.789: [Tenured: 349567K->349567K(349568K), 0.0774679 secs] 506815K->506811K(506816K), [Metaspace: 12955K->12955K(1060864K)], 0.0775754 secs] [Times: user=0.08 sys=0.00, real=0.08 secs] 
2017-11-10T19:35:26.408+0500: 369.867: [Full GC (Allocation Failure) 2017-11-10T19:35:26.408+0500: 369.867: [Tenured: 349567K->349567K(349568K), 0.0756096 secs] 506815K->506813K(506816K), [Metaspace: 12955K->12955K(1060864K)], 0.0756854 secs] [Times: user=0.08 sys=0.00, real=0.08 secs] 
2017-11-10T19:35:26.484+0500: 369.943: [Full GC (Allocation Failure) 2017-11-10T19:35:26.484+0500: 369.943: [Tenured: 349567K->349567K(349568K), 0.0758726 secs] 506815K->506803K(506816K), [Metaspace: 12955K->12955K(1060864K)], 0.0759533 secs] [Times: user=0.08 sys=0.00, real=0.08 secs] 
2017-11-10T19:35:26.560+0500: 370.019: [Full GC (Allocation Failure) 2017-11-10T19:35:26.560+0500: 370.019: [Tenured: 349567K->349567K(349568K), 0.0765864 secs] 506815K->506811K(506816K), [Metaspace: 12955K->12955K(1060864K)], 0.0766705 secs] [Times: user=0.08 sys=0.00, real=0.08 secs] 
2017-11-10T19:35:26.637+0500: 370.096: [Full GC (Allocation Failure) 2017-11-10T19:35:26.637+0500: 370.096: [Tenured: 349567K->349567K(349568K), 0.0771584 secs] 506815K->506813K(506816K), [Metaspace: 12955K->12955K(1060864K)], 0.0773129 secs] [Times: user=0.08 sys=0.00, real=0.08 secs] 
2017-11-10T19:35:26.715+0500: 370.174: [Full GC (Allocation Failure) 2017-11-10T19:35:26.715+0500: 370.174: [Tenured: 349567K->349567K(349568K), 0.0762848 secs] 506815K->506803K(506816K), [Metaspace: 12955K->12955K(1060864K)], 0.0763781 secs] [Times: user=0.08 sys=0.00, real=0.08 secs] 
2017-11-10T19:35:26.792+0500: 370.251: [Full GC (Allocation Failure) 2017-11-10T19:35:26.792+0500: 370.251: [Tenured: 349567K->349567K(349568K), 0.0774043 secs] 506815K->506811K(506816K), [Metaspace: 12955K->12955K(1060864K)], 0.0775080 secs] [Times: user=0.08 sys=0.00, real=0.08 secs] 
2017-11-10T19:35:26.870+0500: 370.329: [Full GC (Allocation Failure) 2017-11-10T19:35:26.870+0500: 370.329: [Tenured: 349567K->349567K(349568K), 0.0801690 secs] 506815K->506813K(506816K), [Metaspace: 12955K->12955K(1060864K)], 0.0802829 secs] [Times: user=0.08 sys=0.00, real=0.08 secs] 
2017-11-10T19:35:26.950+0500: 370.410: [Full GC (Allocation Failure) 2017-11-10T19:35:26.950+0500: 370.410: [Tenured: 349567K->349567K(349568K), 0.0780946 secs] 506815K->506803K(506816K), [Metaspace: 12955K->12955K(1060864K)], 0.0781929 secs] [Times: user=0.06 sys=0.00, real=0.08 secs] 
2017-11-10T19:35:27.029+0500: 370.488: [Full GC (Allocation Failure) 2017-11-10T19:35:27.029+0500: 370.488: [Tenured: 349567K->349567K(349568K), 0.0758643 secs] 506815K->506811K(506816K), [Metaspace: 12955K->12955K(1060864K)], 0.0759425 secs] [Times: user=0.08 sys=0.00, real=0.08 secs] 
2017-11-10T19:35:27.106+0500: 370.566: [Full GC (Allocation Failure) 2017-11-10T19:35:27.106+0500: 370.566: [Tenured: 349567K->349567K(349568K), 0.0763068 secs] 506815K->506813K(506816K), [Metaspace: 12955K->12955K(1060864K)], 0.0763962 secs] [Times: user=0.08 sys=0.00, real=0.08 secs] 
2017-11-10T19:35:27.183+0500: 370.642: [Full GC (Allocation Failure) 2017-11-10T19:35:27.183+0500: 370.642: [Tenured: 349567K->349567K(349568K), 0.0777910 secs] 506815K->506803K(506816K), [Metaspace: 12955K->12955K(1060864K)], 0.0778663 secs] [Times: user=0.08 sys=0.00, real=0.08 secs] 
2017-11-10T19:35:27.261+0500: 370.721: [Full GC (Allocation Failure) 2017-11-10T19:35:27.261+0500: 370.721: [Tenured: 349567K->349567K(349568K), 0.0759606 secs] 506815K->506811K(506816K), [Metaspace: 12955K->12955K(1060864K)], 0.0760325 secs] [Times: user=0.08 sys=0.00, real=0.08 secs] 
2017-11-10T19:35:27.338+0500: 370.797: [Full GC (Allocation Failure) 2017-11-10T19:35:27.338+0500: 370.797: [Tenured: 349567K->349567K(349568K), 0.0758071 secs] 506815K->506813K(506816K), [Metaspace: 12955K->12955K(1060864K)], 0.0758849 secs] [Times: user=0.08 sys=0.00, real=0.08 secs] 
2017-11-10T19:35:27.414+0500: 370.873: [Full GC (Allocation Failure) 2017-11-10T19:35:27.414+0500: 370.873: [Tenured: 349567K->349567K(349568K), 0.0812729 secs] 506815K->506803K(506816K), [Metaspace: 12955K->12955K(1060864K)], 0.0813668 secs] [Times: user=0.08 sys=0.00, real=0.08 secs] 
2017-11-10T19:35:27.496+0500: 370.955: [Full GC (Allocation Failure) 2017-11-10T19:35:27.496+0500: 370.955: [Tenured: 349567K->349567K(349568K), 0.0831532 secs] 506815K->506811K(506816K), [Metaspace: 12955K->12955K(1060864K)], 0.0832563 secs] [Times: user=0.08 sys=0.00, real=0.08 secs] 
2017-11-10T19:35:27.579+0500: 371.038: [Full GC (Allocation Failure) 2017-11-10T19:35:27.579+0500: 371.039: [Tenured: 349567K->349567K(349568K), 0.0790939 secs] 506815K->506813K(506816K), [Metaspace: 12955K->12955K(1060864K)], 0.0792005 secs] [Times: user=0.08 sys=0.00, real=0.08 secs] 
2017-11-10T19:35:27.659+0500: 371.118: [Full GC (Allocation Failure) 2017-11-10T19:35:27.659+0500: 371.118: [Tenured: 349567K->349567K(349568K), 0.0773955 secs] 506815K->506803K(506816K), [Metaspace: 12955K->12955K(1060864K)], 0.0774684 secs] [Times: user=0.06 sys=0.00, real=0.08 secs] 
2017-11-10T19:35:27.737+0500: 371.196: [Full GC (Allocation Failure) 2017-11-10T19:35:27.737+0500: 371.196: [Tenured: 349567K->349567K(349568K), 0.0774082 secs] 506815K->506811K(506816K), [Metaspace: 12955K->12955K(1060864K)], 0.0774948 secs] [Times: user=0.06 sys=0.00, real=0.08 secs] 
2017-11-10T19:35:27.814+0500: 371.274: [Full GC (Allocation Failure) 2017-11-10T19:35:27.814+0500: 371.274: [Tenured: 349567K->349567K(349568K), 0.0761474 secs] 506815K->506813K(506816K), [Metaspace: 12955K->12955K(1060864K)], 0.0762315 secs] [Times: user=0.08 sys=0.00, real=0.08 secs] 
2017-11-10T19:35:27.891+0500: 371.350: [Full GC (Allocation Failure) 2017-11-10T19:35:27.891+0500: 371.351: [Tenured: 349567K->349567K(349568K), 0.0807527 secs] 506815K->506803K(506816K), [Metaspace: 12955K->12955K(1060864K)], 0.0809708 secs] [Times: user=0.09 sys=0.00, real=0.08 secs] 
2017-11-10T19:35:27.973+0500: 371.432: [Full GC (Allocation Failure) 2017-11-10T19:35:27.973+0500: 371.432: [Tenured: 349567K->349567K(349568K), 0.0780306 secs] 506815K->506811K(506816K), [Metaspace: 12955K->12955K(1060864K)], 0.0781455 secs] [Times: user=0.08 sys=0.00, real=0.08 secs] 
2017-11-10T19:35:28.052+0500: 371.510: [Full GC (Allocation Failure) 2017-11-10T19:35:28.052+0500: 371.510: [Tenured: 349567K->349567K(349568K), 0.0789091 secs] 506815K->506813K(506816K), [Metaspace: 12955K->12955K(1060864K)], 0.0790069 secs] [Times: user=0.08 sys=0.00, real=0.08 secs] 
2017-11-10T19:35:28.131+0500: 371.590: [Full GC (Allocation Failure) 2017-11-10T19:35:28.131+0500: 371.590: [Tenured: 349567K->349567K(349568K), 0.0773496 secs] 506815K->506803K(506816K), [Metaspace: 12955K->12955K(1060864K)], 0.0774312 secs] [Times: user=0.08 sys=0.00, real=0.08 secs] 
2017-11-10T19:35:28.209+0500: 371.668: [Full GC (Allocation Failure) 2017-11-10T19:35:28.209+0500: 371.668: [Tenured: 349567K->349567K(349568K), 0.0761044 secs] 506815K->506811K(506816K), [Metaspace: 12955K->12955K(1060864K)], 0.0762730 secs] [Times: user=0.08 sys=0.00, real=0.08 secs] 
2017-11-10T19:35:28.285+0500: 371.744: [Full GC (Allocation Failure) 2017-11-10T19:35:28.285+0500: 371.744: [Tenured: 349567K->349567K(349568K), 0.0778228 secs] 506815K->506813K(506816K), [Metaspace: 12955K->12955K(1060864K)], 0.0778937 secs] [Times: user=0.08 sys=0.00, real=0.08 secs] 
2017-11-10T19:35:28.363+0500: 371.822: [Full GC (Allocation Failure) 2017-11-10T19:35:28.363+0500: 371.822: [Tenured: 349567K->349567K(349568K), 0.0760687 secs] 506815K->506803K(506816K), [Metaspace: 12955K->12955K(1060864K)], 0.0761811 secs] [Times: user=0.06 sys=0.00, real=0.08 secs] 
2017-11-10T19:35:28.440+0500: 371.899: [Full GC (Allocation Failure) 2017-11-10T19:35:28.440+0500: 371.899: [Tenured: 349567K->349567K(349568K), 0.0782745 secs] 506815K->506811K(506816K), [Metaspace: 12955K->12955K(1060864K)], 0.0783542 secs] [Times: user=0.08 sys=0.00, real=0.08 secs] 
2017-11-10T19:35:28.519+0500: 371.978: [Full GC (Allocation Failure) 2017-11-10T19:35:28.519+0500: 371.978: [Tenured: 349567K->349567K(349568K), 0.0786740 secs] 506815K->506813K(506816K), [Metaspace: 12955K->12955K(1060864K)], 0.0787815 secs] [Times: user=0.08 sys=0.00, real=0.08 secs] 
2017-11-10T19:35:28.598+0500: 372.057: [Full GC (Allocation Failure) 2017-11-10T19:35:28.598+0500: 372.057: [Tenured: 349567K->349567K(349568K), 0.0816899 secs] 506815K->506803K(506816K), [Metaspace: 12955K->12955K(1060864K)], 0.0818038 secs] [Times: user=0.08 sys=0.00, real=0.08 secs] 
2017-11-10T19:35:28.680+0500: 372.139: [Full GC (Allocation Failure) 2017-11-10T19:35:28.680+0500: 372.139: [Tenured: 349567K->349567K(349568K), 0.0845675 secs] 506815K->506811K(506816K), [Metaspace: 12955K->12955K(1060864K)], 0.0846428 secs] [Times: user=0.08 sys=0.00, real=0.09 secs] 
2017-11-10T19:35:28.765+0500: 372.224: [Full GC (Allocation Failure) 2017-11-10T19:35:28.765+0500: 372.224: [Tenured: 349567K->349567K(349568K), 0.0764710 secs] 506815K->506813K(506816K), [Metaspace: 12955K->12955K(1060864K)], 0.0765532 secs] [Times: user=0.08 sys=0.00, real=0.08 secs] 
2017-11-10T19:35:28.842+0500: 372.301: [Full GC (Allocation Failure) 2017-11-10T19:35:28.842+0500: 372.301: [Tenured: 349567K->349567K(349568K), 0.0758179 secs] 506815K->506803K(506816K), [Metaspace: 12955K->12955K(1060864K)], 0.0758937 secs] [Times: user=0.08 sys=0.00, real=0.08 secs] 
2017-11-10T19:35:28.918+0500: 372.377: [Full GC (Allocation Failure) 2017-11-10T19:35:28.918+0500: 372.377: [Tenured: 349567K->349567K(349568K), 0.0750943 secs] 506815K->506811K(506816K), [Metaspace: 12955K->12955K(1060864K)], 0.0751686 secs] [Times: user=0.08 sys=0.00, real=0.08 secs] 
2017-11-10T19:35:28.994+0500: 372.453: [Full GC (Allocation Failure) 2017-11-10T19:35:28.994+0500: 372.453: [Tenured: 349567K->349567K(349568K), 0.0747790 secs] 506815K->506813K(506816K), [Metaspace: 12955K->12955K(1060864K)], 0.0748543 secs] [Times: user=0.08 sys=0.00, real=0.07 secs] 
2017-11-10T19:35:29.069+0500: 372.528: [Full GC (Allocation Failure) 2017-11-10T19:35:29.069+0500: 372.528: [Tenured: 349567K->349567K(349568K), 0.0763615 secs] 506815K->506803K(506816K), [Metaspace: 12955K->12955K(1060864K)], 0.0764329 secs] [Times: user=0.08 sys=0.00, real=0.08 secs] 
2017-11-10T19:35:29.146+0500: 372.605: [Full GC (Allocation Failure) 2017-11-10T19:35:29.146+0500: 372.605: [Tenured: 349567K->349567K(349568K), 0.0765409 secs] 506815K->506811K(506816K), [Metaspace: 12955K->12955K(1060864K)], 0.0766201 secs] [Times: user=0.08 sys=0.00, real=0.08 secs] 
2017-11-10T19:35:29.223+0500: 372.682: [Full GC (Allocation Failure) 2017-11-10T19:35:29.223+0500: 372.682: [Tenured: 349567K->349567K(349568K), 0.0750361 secs] 506815K->506813K(506816K), [Metaspace: 12955K->12955K(1060864K)], 0.0751100 secs] [Times: user=0.06 sys=0.00, real=0.08 secs] 
2017-11-10T19:35:29.298+0500: 372.757: [Full GC (Allocation Failure) 2017-11-10T19:35:29.298+0500: 372.757: [Tenured: 349567K->349567K(349568K), 0.0765062 secs] 506815K->506803K(506816K), [Metaspace: 12955K->12955K(1060864K)], 0.0765805 secs] [Times: user=0.08 sys=0.00, real=0.08 secs] 
2017-11-10T19:35:29.375+0500: 372.834: [Full GC (Allocation Failure) 2017-11-10T19:35:29.375+0500: 372.834: [Tenured: 349567K->349567K(349568K), 0.0748748 secs] 506815K->506811K(506816K), [Metaspace: 12955K->12955K(1060864K)], 0.0749926 secs] [Times: user=0.08 sys=0.00, real=0.08 secs] 
2017-11-10T19:35:29.450+0500: 372.909: [Full GC (Allocation Failure) 2017-11-10T19:35:29.450+0500: 372.909: [Tenured: 349567K->349567K(349568K), 0.0773945 secs] 506815K->506813K(506816K), [Metaspace: 12955K->12955K(1060864K)], 0.0774835 secs] [Times: user=0.08 sys=0.00, real=0.08 secs] 
2017-11-10T19:35:29.528+0500: 372.987: [Full GC (Allocation Failure) 2017-11-10T19:35:29.528+0500: 372.987: [Tenured: 349567K->349567K(349568K), 0.0776493 secs] 506815K->506803K(506816K), [Metaspace: 12955K->12955K(1060864K)], 0.0777294 secs] [Times: user=0.08 sys=0.00, real=0.08 secs] 
2017-11-10T19:35:29.606+0500: 373.065: [Full GC (Allocation Failure) 2017-11-10T19:35:29.606+0500: 373.065: [Tenured: 349567K->349567K(349568K), 0.0751779 secs] 506815K->506811K(506816K), [Metaspace: 12955K->12955K(1060864K)], 0.0752737 secs] [Times: user=0.08 sys=0.00, real=0.08 secs] 
2017-11-10T19:35:29.682+0500: 373.141: [Full GC (Allocation Failure) 2017-11-10T19:35:29.682+0500: 373.141: [Tenured: 349567K->349567K(349568K), 0.0762980 secs] 506815K->506813K(506816K), [Metaspace: 12955K->12955K(1060864K)], 0.0763737 secs] [Times: user=0.08 sys=0.00, real=0.08 secs] 
2017-11-10T19:35:29.759+0500: 373.218: [Full GC (Allocation Failure) 2017-11-10T19:35:29.759+0500: 373.218: [Tenured: 349567K->349567K(349568K), 0.0754835 secs] 506815K->506803K(506816K), [Metaspace: 12955K->12955K(1060864K)], 0.0755857 secs] [Times: user=0.08 sys=0.00, real=0.08 secs] 
2017-11-10T19:35:29.835+0500: 373.294: [Full GC (Allocation Failure) 2017-11-10T19:35:29.835+0500: 373.294: [Tenured: 349567K->349567K(349568K), 0.0769770 secs] 506815K->506811K(506816K), [Metaspace: 12955K->12955K(1060864K)], 0.0770562 secs] [Times: user=0.08 sys=0.00, real=0.08 secs] 
2017-11-10T19:35:29.912+0500: 373.371: [Full GC (Allocation Failure) 2017-11-10T19:35:29.912+0500: 373.371: [Tenured: 349567K->349567K(349568K), 0.0757983 secs] 506815K->506813K(506816K), [Metaspace: 12955K->12955K(1060864K)], 0.0758761 secs] [Times: user=0.08 sys=0.00, real=0.08 secs] 
2017-11-10T19:35:29.989+0500: 373.448: [Full GC (Allocation Failure) 2017-11-10T19:35:29.989+0500: 373.448: [Tenured: 349567K->349567K(349568K), 0.0762163 secs] 506815K->506803K(506816K), [Metaspace: 12955K->12955K(1060864K)], 0.0763107 secs] [Times: user=0.08 sys=0.00, real=0.08 secs] 
2017-11-10T19:35:30.066+0500: 373.525: [Full GC (Allocation Failure) 2017-11-10T19:35:30.066+0500: 373.525: [Tenured: 349567K->349567K(349568K), 0.0753437 secs] 506815K->506811K(506816K), [Metaspace: 12955K->12955K(1060864K)], 0.0754209 secs] [Times: user=0.06 sys=0.00, real=0.08 secs] 
2017-11-10T19:35:30.141+0500: 373.601: [Full GC (Allocation Failure) 2017-11-10T19:35:30.142+0500: 373.601: [Tenured: 349567K->349567K(349568K), 0.0756761 secs] 506815K->506813K(506816K), [Metaspace: 12955K->12955K(1060864K)], 0.0757533 secs] [Times: user=0.08 sys=0.00, real=0.08 secs] 
2017-11-10T19:35:30.217+0500: 373.677: [Full GC (Allocation Failure) 2017-11-10T19:35:30.218+0500: 373.677: [Tenured: 349567K->349567K(349568K), 0.0747536 secs] 506815K->506803K(506816K), [Metaspace: 12955K->12955K(1060864K)], 0.0748293 secs] [Times: user=0.08 sys=0.00, real=0.08 secs] 
2017-11-10T19:35:30.293+0500: 373.752: [Full GC (Allocation Failure) 2017-11-10T19:35:30.293+0500: 373.752: [Tenured: 349567K->349567K(349568K), 0.0744690 secs] 506815K->506811K(506816K), [Metaspace: 12955K->12955K(1060864K)], 0.0745443 secs] [Times: user=0.08 sys=0.00, real=0.07 secs] 
2017-11-10T19:35:30.368+0500: 373.827: [Full GC (Allocation Failure) 2017-11-10T19:35:30.368+0500: 373.827: [Tenured: 349567K->349567K(349568K), 0.0755113 secs] 506815K->506813K(506816K), [Metaspace: 12955K->12955K(1060864K)], 0.0755861 secs] [Times: user=0.08 sys=0.00, real=0.08 secs] 
2017-11-10T19:35:30.443+0500: 373.903: [Full GC (Allocation Failure) 2017-11-10T19:35:30.443+0500: 373.903: [Tenured: 349567K->349567K(349568K), 0.0749550 secs] 506815K->506803K(506816K), [Metaspace: 12955K->12955K(1060864K)], 0.0750249 secs] [Times: user=0.08 sys=0.00, real=0.07 secs] 
2017-11-10T19:35:30.519+0500: 373.978: [Full GC (Allocation Failure) 2017-11-10T19:35:30.519+0500: 373.978: [Tenured: 349567K->349567K(349568K), 0.0749257 secs] 506815K->506811K(506816K), [Metaspace: 12955K->12955K(1060864K)], 0.0750034 secs] [Times: user=0.06 sys=0.00, real=0.08 secs] 
2017-11-10T19:35:30.594+0500: 374.053: [Full GC (Allocation Failure) 2017-11-10T19:35:30.594+0500: 374.053: [Tenured: 349567K->349567K(349568K), 0.0759113 secs] 506815K->506813K(506816K), [Metaspace: 12955K->12955K(1060864K)], 0.0760335 secs] [Times: user=0.08 sys=0.00, real=0.08 secs] 
2017-11-10T19:35:30.671+0500: 374.130: [Full GC (Allocation Failure) 2017-11-10T19:35:30.671+0500: 374.130: [Tenured: 349567K->349567K(349568K), 0.0764759 secs] 506815K->506803K(506816K), [Metaspace: 12955K->12955K(1060864K)], 0.0765845 secs] [Times: user=0.08 sys=0.00, real=0.08 secs] 
2017-11-10T19:35:30.748+0500: 374.207: [Full GC (Allocation Failure) 2017-11-10T19:35:30.748+0500: 374.207: [Tenured: 349567K->349567K(349568K), 0.0752268 secs] 506815K->506811K(506816K), [Metaspace: 12955K->12955K(1060864K)], 0.0752982 secs] [Times: user=0.08 sys=0.00, real=0.08 secs] 
2017-11-10T19:35:30.824+0500: 374.283: [Full GC (Allocation Failure) 2017-11-10T19:35:30.824+0500: 374.283: [Tenured: 349567K->349567K(349568K), 0.0757152 secs] 506815K->506813K(506816K), [Metaspace: 12955K->12955K(1060864K)], 0.0757925 secs] [Times: user=0.08 sys=0.00, real=0.08 secs] 
2017-11-10T19:35:30.900+0500: 374.359: [Full GC (Allocation Failure) 2017-11-10T19:35:30.900+0500: 374.359: [Tenured: 349567K->349567K(349568K), 0.0782442 secs] 506815K->506803K(506816K), [Metaspace: 12955K->12955K(1060864K)], 0.0783640 secs] [Times: user=0.08 sys=0.00, real=0.08 secs] 
2017-11-10T19:35:30.979+0500: 374.438: [Full GC (Allocation Failure) 2017-11-10T19:35:30.979+0500: 374.438: [Tenured: 349567K->349567K(349568K), 0.0755338 secs] 506815K->506811K(506816K), [Metaspace: 12955K->12955K(1060864K)], 0.0756194 secs] [Times: user=0.08 sys=0.00, real=0.07 secs] 
2017-11-10T19:35:31.055+0500: 374.514: [Full GC (Allocation Failure) 2017-11-10T19:35:31.055+0500: 374.514: [Tenured: 349567K->349567K(349568K), 0.0776874 secs] 506815K->506813K(506816K), [Metaspace: 12955K->12955K(1060864K)], 0.0777837 secs] [Times: user=0.08 sys=0.00, real=0.08 secs] 
2017-11-10T19:35:31.133+0500: 374.592: [Full GC (Allocation Failure) 2017-11-10T19:35:31.133+0500: 374.592: [Tenured: 349567K->349567K(349568K), 0.0748704 secs] 506815K->506803K(506816K), [Metaspace: 12955K->12955K(1060864K)], 0.0749403 secs] [Times: user=0.08 sys=0.00, real=0.08 secs] 
2017-11-10T19:35:31.208+0500: 374.667: [Full GC (Allocation Failure) 2017-11-10T19:35:31.208+0500: 374.667: [Tenured: 349567K->349567K(349568K), 0.0746577 secs] 506815K->506811K(506816K), [Metaspace: 12955K->12955K(1060864K)], 0.0747325 secs] [Times: user=0.06 sys=0.00, real=0.08 secs] 
2017-11-10T19:35:31.283+0500: 374.742: [Full GC (Allocation Failure) 2017-11-10T19:35:31.283+0500: 374.742: [Tenured: 349567K->349567K(349568K), 0.0773193 secs] 506815K->506813K(506816K), [Metaspace: 12955K->12955K(1060864K)], 0.0773980 secs] [Times: user=0.08 sys=0.00, real=0.08 secs] 
2017-11-10T19:35:31.361+0500: 374.820: [Full GC (Allocation Failure) 2017-11-10T19:35:31.361+0500: 374.820: [Tenured: 349567K->349567K(349568K), 0.0753412 secs] 506815K->506803K(506816K), [Metaspace: 12955K->12955K(1060864K)], 0.0754165 secs] [Times: user=0.08 sys=0.00, real=0.08 secs] 
2017-11-10T19:35:31.436+0500: 374.896: [Full GC (Allocation Failure) 2017-11-10T19:35:31.437+0500: 374.896: [Tenured: 349567K->349567K(349568K), 0.0755485 secs] 506815K->506811K(506816K), [Metaspace: 12955K->12955K(1060864K)], 0.0756473 secs] [Times: user=0.08 sys=0.00, real=0.08 secs] 
2017-11-10T19:35:31.512+0500: 374.972: [Full GC (Allocation Failure) 2017-11-10T19:35:31.512+0500: 374.972: [Tenured: 349567K->349567K(349568K), 0.0743385 secs] 506815K->506813K(506816K), [Metaspace: 12955K->12955K(1060864K)], 0.0744221 secs] [Times: user=0.08 sys=0.00, real=0.07 secs] 
2017-11-10T19:35:31.587+0500: 375.046: [Full GC (Allocation Failure) 2017-11-10T19:35:31.587+0500: 375.046: [Tenured: 349567K->349567K(349568K), 0.0751408 secs] 506815K->506803K(506816K), [Metaspace: 12955K->12955K(1060864K)], 0.0752894 secs] [Times: user=0.08 sys=0.00, real=0.08 secs] 
2017-11-10T19:35:31.663+0500: 375.122: [Full GC (Allocation Failure) 2017-11-10T19:35:31.663+0500: 375.122: [Tenured: 349567K->349567K(349568K), 0.0763796 secs] 506815K->506811K(506816K), [Metaspace: 12955K->12955K(1060864K)], 0.0764529 secs] [Times: user=0.08 sys=0.00, real=0.08 secs] 
2017-11-10T19:35:31.740+0500: 375.199: [Full GC (Allocation Failure) 2017-11-10T19:35:31.740+0500: 375.199: [Tenured: 349567K->349567K(349568K), 0.0754072 secs] 506815K->506813K(506816K), [Metaspace: 12955K->12955K(1060864K)], 0.0755069 secs] [Times: user=0.08 sys=0.00, real=0.08 secs] 
2017-11-10T19:35:31.815+0500: 375.275: [Full GC (Allocation Failure) 2017-11-10T19:35:31.815+0500: 375.275: [Tenured: 349567K->349567K(349568K), 0.0753940 secs] 506815K->506803K(506816K), [Metaspace: 12955K->12955K(1060864K)], 0.0754713 secs] [Times: user=0.06 sys=0.00, real=0.08 secs] 
2017-11-10T19:35:31.891+0500: 375.351: [Full GC (Allocation Failure) 2017-11-10T19:35:31.891+0500: 375.351: [Tenured: 349567K->349567K(349568K), 0.0756233 secs] 506815K->506811K(506816K), [Metaspace: 12955K->12955K(1060864K)], 0.0756937 secs] [Times: user=0.08 sys=0.00, real=0.08 secs] 
2017-11-10T19:35:31.968+0500: 375.427: [Full GC (Allocation Failure) 2017-11-10T19:35:31.968+0500: 375.427: [Tenured: 349567K->349567K(349568K), 0.0752679 secs] 506815K->506813K(506816K), [Metaspace: 12955K->12955K(1060864K)], 0.0753505 secs] [Times: user=0.08 sys=0.00, real=0.08 secs] 
2017-11-10T19:35:32.043+0500: 375.502: [Full GC (Allocation Failure) 2017-11-10T19:35:32.043+0500: 375.502: [Tenured: 349567K->349567K(349568K), 0.0751828 secs] 506815K->506803K(506816K), [Metaspace: 12955K->12955K(1060864K)], 0.0752576 secs] [Times: user=0.08 sys=0.00, real=0.08 secs] 
2017-11-10T19:35:32.119+0500: 375.578: [Full GC (Allocation Failure) 2017-11-10T19:35:32.119+0500: 375.578: [Tenured: 349567K->349567K(349568K), 0.0748020 secs] 506815K->506811K(506816K), [Metaspace: 12955K->12955K(1060864K)], 0.0748777 secs] [Times: user=0.08 sys=0.00, real=0.08 secs] 
2017-11-10T19:35:32.194+0500: 375.653: [Full GC (Allocation Failure) 2017-11-10T19:35:32.194+0500: 375.653: [Tenured: 349567K->349567K(349568K), 0.0774439 secs] 506815K->506813K(506816K), [Metaspace: 12955K->12955K(1060864K)], 0.0776889 secs] [Times: user=0.08 sys=0.00, real=0.08 secs] 
2017-11-10T19:35:32.272+0500: 375.731: [Full GC (Allocation Failure) 2017-11-10T19:35:32.272+0500: 375.731: [Tenured: 349567K->349567K(349568K), 0.0783220 secs] 506815K->506803K(506816K), [Metaspace: 12955K->12955K(1060864K)], 0.0783992 secs] [Times: user=0.08 sys=0.00, real=0.08 secs] 
2017-11-10T19:35:32.351+0500: 375.810: [Full GC (Allocation Failure) 2017-11-10T19:35:32.351+0500: 375.810: [Tenured: 349567K->349567K(349568K), 0.0753256 secs] 506815K->506811K(506816K), [Metaspace: 12955K->12955K(1060864K)], 0.0754483 secs] [Times: user=0.08 sys=0.00, real=0.08 secs] 
2017-11-10T19:35:32.427+0500: 375.886: [Full GC (Allocation Failure) 2017-11-10T19:35:32.427+0500: 375.886: [Tenured: 349567K->349567K(349568K), 0.0749095 secs] 506815K->506813K(506816K), [Metaspace: 12955K->12955K(1060864K)], 0.0749887 secs] [Times: user=0.06 sys=0.00, real=0.08 secs] 
2017-11-10T19:35:32.502+0500: 375.961: [Full GC (Allocation Failure) 2017-11-10T19:35:32.502+0500: 375.961: [Tenured: 349567K->349567K(349568K), 0.0857389 secs] 506815K->506803K(506816K), [Metaspace: 12955K->12955K(1060864K)], 0.0858303 secs] [Times: user=0.09 sys=0.00, real=0.09 secs] 
2017-11-10T19:35:32.588+0500: 376.047: [Full GC (Allocation Failure) 2017-11-10T19:35:32.588+0500: 376.047: [Tenured: 349567K->349567K(349568K), 0.0752033 secs] 506815K->506811K(506816K), [Metaspace: 12955K->12955K(1060864K)], 0.0753177 secs] [Times: user=0.08 sys=0.00, real=0.08 secs] 
2017-11-10T19:35:32.664+0500: 376.123: [Full GC (Allocation Failure) 2017-11-10T19:35:32.664+0500: 376.123: [Tenured: 349567K->349567K(349568K), 0.0760672 secs] 506815K->506813K(506816K), [Metaspace: 12955K->12955K(1060864K)], 0.0761723 secs] [Times: user=0.08 sys=0.00, real=0.08 secs] 
2017-11-10T19:35:32.741+0500: 376.200: [Full GC (Allocation Failure) 2017-11-10T19:35:32.741+0500: 376.200: [Tenured: 349567K->349567K(349568K), 0.0749198 secs] 506815K->506803K(506816K), [Metaspace: 12955K->12955K(1060864K)], 0.0750058 secs] [Times: user=0.08 sys=0.00, real=0.08 secs] 
2017-11-10T19:35:32.816+0500: 376.275: [Full GC (Allocation Failure) 2017-11-10T19:35:32.816+0500: 376.275: [Tenured: 349567K->349567K(349568K), 0.0749413 secs] 506815K->506811K(506816K), [Metaspace: 12955K->12955K(1060864K)], 0.0750308 secs] [Times: user=0.06 sys=0.00, real=0.08 secs] 
2017-11-10T19:35:32.891+0500: 376.350: [Full GC (Allocation Failure) 2017-11-10T19:35:32.891+0500: 376.350: [Tenured: 349567K->349567K(349568K), 0.0749173 secs] 506815K->506813K(506816K), [Metaspace: 12955K->12955K(1060864K)], 0.0749936 secs] [Times: user=0.08 sys=0.00, real=0.08 secs] 
2017-11-10T19:35:32.967+0500: 376.426: [Full GC (Allocation Failure) 2017-11-10T19:35:32.967+0500: 376.426: [Tenured: 349567K->349567K(349568K), 0.0781601 secs] 506815K->506803K(506816K), [Metaspace: 12955K->12955K(1060864K)], 0.0782374 secs] [Times: user=0.08 sys=0.00, real=0.08 secs] 
2017-11-10T19:35:33.045+0500: 376.504: [Full GC (Allocation Failure) 2017-11-10T19:35:33.045+0500: 376.504: [Tenured: 349567K->349567K(349568K), 0.0771731 secs] 506815K->506811K(506816K), [Metaspace: 12955K->12955K(1060864K)], 0.0772562 secs] [Times: user=0.08 sys=0.00, real=0.08 secs] 
2017-11-10T19:35:33.123+0500: 376.582: [Full GC (Allocation Failure) 2017-11-10T19:35:33.123+0500: 376.582: [Tenured: 349567K->349567K(349568K), 0.0747076 secs] 506815K->506813K(506816K), [Metaspace: 12955K->12955K(1060864K)], 0.0747976 secs] [Times: user=0.08 sys=0.00, real=0.08 secs] 
2017-11-10T19:35:33.198+0500: 376.657: [Full GC (Allocation Failure) 2017-11-10T19:35:33.198+0500: 376.657: [Tenured: 349567K->349567K(349568K), 0.0753603 secs] 506815K->506803K(506816K), [Metaspace: 12955K->12955K(1060864K)], 0.0754331 secs] [Times: user=0.08 sys=0.00, real=0.08 secs] 
2017-11-10T19:35:33.274+0500: 376.733: [Full GC (Allocation Failure) 2017-11-10T19:35:33.274+0500: 376.733: [Tenured: 349567K->349567K(349568K), 0.0850452 secs] 506815K->506811K(506816K), [Metaspace: 12955K->12955K(1060864K)], 0.0851244 secs] [Times: user=0.08 sys=0.00, real=0.09 secs] 
2017-11-10T19:35:33.359+0500: 376.818: [Full GC (Allocation Failure) 2017-11-10T19:35:33.359+0500: 376.818: [Tenured: 349567K->349567K(349568K), 0.0794308 secs] 506815K->506813K(506816K), [Metaspace: 12955K->12955K(1060864K)], 0.0795329 secs] [Times: user=0.08 sys=0.00, real=0.08 secs] 
2017-11-10T19:35:33.439+0500: 376.898: [Full GC (Allocation Failure) 2017-11-10T19:35:33.439+0500: 376.898: [Tenured: 349567K->349567K(349568K), 0.0774513 secs] 506815K->506803K(506816K), [Metaspace: 12955K->12955K(1060864K)], 0.0775569 secs] [Times: user=0.08 sys=0.00, real=0.08 secs] 
2017-11-10T19:35:33.517+0500: 376.976: [Full GC (Allocation Failure) 2017-11-10T19:35:33.517+0500: 376.976: [Tenured: 349567K->349567K(349568K), 0.0768832 secs] 506815K->506811K(506816K), [Metaspace: 12955K->12955K(1060864K)], 0.0769800 secs] [Times: user=0.08 sys=0.00, real=0.08 secs] 
2017-11-10T19:35:33.594+0500: 377.053: [Full GC (Allocation Failure) 2017-11-10T19:35:33.594+0500: 377.053: [Tenured: 349567K->349567K(349568K), 0.0770474 secs] 506815K->506813K(506816K), [Metaspace: 12955K->12955K(1060864K)], 0.0771574 secs] [Times: user=0.08 sys=0.00, real=0.08 secs] 
2017-11-10T19:35:33.672+0500: 377.131: [Full GC (Allocation Failure) 2017-11-10T19:35:33.672+0500: 377.131: [Tenured: 349567K->349567K(349568K), 0.0766940 secs] 506815K->506803K(506816K), [Metaspace: 12955K->12955K(1060864K)], 0.0767800 secs] [Times: user=0.08 sys=0.00, real=0.08 secs] 
2017-11-10T19:35:33.749+0500: 377.208: [Full GC (Allocation Failure) 2017-11-10T19:35:33.749+0500: 377.208: [Tenured: 349567K->349567K(349568K), 0.0748122 secs] 506815K->506811K(506816K), [Metaspace: 12955K->12955K(1060864K)], 0.0748963 secs] [Times: user=0.08 sys=0.00, real=0.07 secs] 
2017-11-10T19:35:33.824+0500: 377.283: [Full GC (Allocation Failure) 2017-11-10T19:35:33.824+0500: 377.283: [Tenured: 349567K->349567K(349568K), 0.0758247 secs] 506815K->506813K(506816K), [Metaspace: 12955K->12955K(1060864K)], 0.0759308 secs] [Times: user=0.08 sys=0.00, real=0.08 secs] 
2017-11-10T19:35:33.901+0500: 377.360: [Full GC (Allocation Failure) 2017-11-10T19:35:33.901+0500: 377.360: [Tenured: 349567K->349567K(349568K), 0.0764769 secs] 506815K->506803K(506816K), [Metaspace: 12955K->12955K(1060864K)], 0.0765595 secs] [Times: user=0.08 sys=0.00, real=0.08 secs] 
2017-11-10T19:35:33.977+0500: 377.437: [Full GC (Allocation Failure) 2017-11-10T19:35:33.978+0500: 377.437: [Tenured: 349567K->349567K(349568K), 0.0741351 secs] 506815K->506811K(506816K), [Metaspace: 12955K->12955K(1060864K)], 0.0742080 secs] [Times: user=0.08 sys=0.00, real=0.08 secs] 
2017-11-10T19:35:34.052+0500: 377.511: [Full GC (Allocation Failure) 2017-11-10T19:35:34.052+0500: 377.511: [Tenured: 349567K->349567K(349568K), 0.0755280 secs] 506815K->506813K(506816K), [Metaspace: 12955K->12955K(1060864K)], 0.0756077 secs] [Times: user=0.08 sys=0.00, real=0.08 secs] 
2017-11-10T19:35:34.128+0500: 377.587: [Full GC (Allocation Failure) 2017-11-10T19:35:34.128+0500: 377.587: [Tenured: 349567K->349567K(349568K), 0.0747893 secs] 506815K->506803K(506816K), [Metaspace: 12955K->12955K(1060864K)], 0.0748689 secs] [Times: user=0.06 sys=0.00, real=0.08 secs] 
2017-11-10T19:35:34.203+0500: 377.662: [Full GC (Allocation Failure) 2017-11-10T19:35:34.203+0500: 377.662: [Tenured: 349567K->349567K(349568K), 0.0753309 secs] 506815K->506811K(506816K), [Metaspace: 12955K->12955K(1060864K)], 0.0754155 secs] [Times: user=0.08 sys=0.00, real=0.08 secs] 
2017-11-10T19:35:34.279+0500: 377.738: [Full GC (Allocation Failure) 2017-11-10T19:35:34.279+0500: 377.738: [Tenured: 349567K->349567K(349568K), 0.0746436 secs] 506815K->506813K(506816K), [Metaspace: 12955K->12955K(1060864K)], 0.0747257 secs] [Times: user=0.08 sys=0.00, real=0.08 secs] 
2017-11-10T19:35:34.354+0500: 377.813: [Full GC (Allocation Failure) 2017-11-10T19:35:34.354+0500: 377.813: [Tenured: 349567K->349567K(349568K), 0.0762569 secs] 506815K->506803K(506816K), [Metaspace: 12955K->12955K(1060864K)], 0.0763791 secs] [Times: user=0.08 sys=0.00, real=0.08 secs] 
2017-11-10T19:35:34.431+0500: 377.890: [Full GC (Allocation Failure) 2017-11-10T19:35:34.431+0500: 377.890: [Tenured: 349567K->349567K(349568K), 0.0756903 secs] 506815K->506811K(506816K), [Metaspace: 12955K->12955K(1060864K)], 0.0757607 secs] [Times: user=0.08 sys=0.00, real=0.08 secs] 
2017-11-10T19:35:34.507+0500: 377.966: [Full GC (Allocation Failure) 2017-11-10T19:35:34.507+0500: 377.966: [Tenured: 349567K->349567K(349568K), 0.0755319 secs] 506815K->506813K(506816K), [Metaspace: 12955K->12955K(1060864K)], 0.0756086 secs] [Times: user=0.08 sys=0.00, real=0.08 secs] 
2017-11-10T19:35:34.583+0500: 378.042: [Full GC (Allocation Failure) 2017-11-10T19:35:34.583+0500: 378.042: [Tenured: 349567K->349567K(349568K), 0.0746641 secs] 506815K->506803K(506816K), [Metaspace: 12955K->12955K(1060864K)], 0.0747418 secs] [Times: user=0.06 sys=0.00, real=0.07 secs] 
2017-11-10T19:35:34.658+0500: 378.117: [Full GC (Allocation Failure) 2017-11-10T19:35:34.658+0500: 378.117: [Tenured: 349567K->349567K(349568K), 0.0782770 secs] 506815K->506811K(506816K), [Metaspace: 12955K->12955K(1060864K)], 0.0783586 secs] [Times: user=0.08 sys=0.00, real=0.08 secs] 
2017-11-10T19:35:34.736+0500: 378.196: [Full GC (Allocation Failure) 2017-11-10T19:35:34.737+0500: 378.196: [Tenured: 349567K->349567K(349568K), 0.0767047 secs] 506815K->506813K(506816K), [Metaspace: 12955K->12955K(1060864K)], 0.0768098 secs] [Times: user=0.08 sys=0.00, real=0.08 secs] 
2017-11-10T19:35:34.814+0500: 378.273: [Full GC (Allocation Failure) 2017-11-10T19:35:34.814+0500: 378.273: [Tenured: 349567K->349567K(349568K), 0.0760481 secs] 506815K->506803K(506816K), [Metaspace: 12955K->12955K(1060864K)], 0.0761229 secs] [Times: user=0.08 sys=0.00, real=0.08 secs] 
2017-11-10T19:35:34.890+0500: 378.350: [Full GC (Allocation Failure) 2017-11-10T19:35:34.890+0500: 378.350: [Tenured: 349567K->349567K(349568K), 0.0753520 secs] 506815K->506811K(506816K), [Metaspace: 12955K->12955K(1060864K)], 0.0754615 secs] [Times: user=0.06 sys=0.02, real=0.08 secs] 
2017-11-10T19:35:34.966+0500: 378.425: [Full GC (Allocation Failure) 2017-11-10T19:35:34.966+0500: 378.425: [Tenured: 349567K->349567K(349568K), 0.0754434 secs] 506815K->506813K(506816K), [Metaspace: 12955K->12955K(1060864K)], 0.0755201 secs] [Times: user=0.08 sys=0.00, real=0.08 secs] 
2017-11-10T19:35:35.042+0500: 378.501: [Full GC (Allocation Failure) 2017-11-10T19:35:35.042+0500: 378.501: [Tenured: 349567K->349567K(349568K), 0.0749423 secs] 506815K->506803K(506816K), [Metaspace: 12955K->12955K(1060864K)], 0.0750122 secs] [Times: user=0.08 sys=0.00, real=0.08 secs] 
2017-11-10T19:35:35.117+0500: 378.577: [Full GC (Allocation Failure) 2017-11-10T19:35:35.117+0500: 378.577: [Tenured: 349567K->349567K(349568K), 0.0749750 secs] 506815K->506811K(506816K), [Metaspace: 12955K->12955K(1060864K)], 0.0750464 secs] [Times: user=0.08 sys=0.00, real=0.07 secs] 
2017-11-10T19:35:35.193+0500: 378.652: [Full GC (Allocation Failure) 2017-11-10T19:35:35.193+0500: 378.652: [Tenured: 349567K->349567K(349568K), 0.0745658 secs] 506815K->506813K(506816K), [Metaspace: 12955K->12955K(1060864K)], 0.0746377 secs] [Times: user=0.06 sys=0.00, real=0.07 secs] 
2017-11-10T19:35:35.268+0500: 378.727: [Full GC (Allocation Failure) 2017-11-10T19:35:35.268+0500: 378.727: [Tenured: 349567K->349567K(349568K), 0.0771413 secs] 506815K->506803K(506816K), [Metaspace: 12955K->12955K(1060864K)], 0.0772381 secs] [Times: user=0.06 sys=0.00, real=0.08 secs] 
2017-11-10T19:35:35.345+0500: 378.805: [Full GC (Allocation Failure) 2017-11-10T19:35:35.345+0500: 378.805: [Tenured: 349567K->349567K(349568K), 0.0773452 secs] 506815K->506811K(506816K), [Metaspace: 12955K->12955K(1060864K)], 0.0774205 secs] [Times: user=0.08 sys=0.00, real=0.08 secs] 
2017-11-10T19:35:35.423+0500: 378.882: [Full GC (Allocation Failure) 2017-11-10T19:35:35.423+0500: 378.882: [Tenured: 349567K->349567K(349568K), 0.0750674 secs] 506815K->506806K(506816K), [Metaspace: 12955K->12955K(1060864K)], 0.0751393 secs] [Times: user=0.06 sys=0.00, real=0.07 secs] 
2017-11-10T19:35:35.499+0500: 378.958: [Full GC (Allocation Failure) 2017-11-10T19:35:35.499+0500: 378.958: [Tenured: 349567K->349567K(349568K), 0.0744265 secs] 506815K->506800K(506816K), [Metaspace: 12955K->12955K(1060864K)], 0.0745267 secs] [Times: user=0.08 sys=0.00, real=0.07 secs] 
2017-11-10T19:35:35.574+0500: 379.033: [Full GC (Allocation Failure) 2017-11-10T19:35:35.574+0500: 379.033: [Tenured: 349567K->349567K(349568K), 0.0748005 secs] 506815K->506797K(506816K), [Metaspace: 12955K->12955K(1060864K)], 0.0749159 secs] [Times: user=0.08 sys=0.00, real=0.08 secs] 
2017-11-10T19:35:35.649+0500: 379.108: [Full GC (Allocation Failure) 2017-11-10T19:35:35.649+0500: 379.109: [Tenured: 349568K->349568K(349568K), 0.0766544 secs] 506815K->506797K(506816K), [Metaspace: 12955K->12955K(1060864K)], 0.0767316 secs] [Times: user=0.08 sys=0.00, real=0.08 secs] 
2017-11-10T19:35:35.726+0500: 379.186: [Full GC (Allocation Failure) 2017-11-10T19:35:35.726+0500: 379.186: [Tenured: 349568K->349568K(349568K), 0.0738286 secs] 506815K->506797K(506816K), [Metaspace: 12955K->12955K(1060864K)], 0.0739009 secs] [Times: user=0.08 sys=0.00, real=0.08 secs] 
2017-11-10T19:35:35.801+0500: 379.260: [Full GC (Allocation Failure) 2017-11-10T19:35:35.801+0500: 379.260: [Tenured: 349568K->349568K(349568K), 0.0758135 secs] 506815K->506797K(506816K), [Metaspace: 12955K->12955K(1060864K)], 0.0758990 secs] [Times: user=0.06 sys=0.00, real=0.08 secs] 
2017-11-10T19:35:35.877+0500: 379.337: [Full GC (Allocation Failure) 2017-11-10T19:35:35.877+0500: 379.337: [Tenured: 349568K->349567K(349568K), 0.0755495 secs] 506815K->506796K(506816K), [Metaspace: 12955K->12955K(1060864K)], 0.0756624 secs] [Times: user=0.06 sys=0.00, real=0.08 secs] 
2017-11-10T19:35:35.954+0500: 379.413: [Full GC (Allocation Failure) 2017-11-10T19:35:35.954+0500: 379.413: [Tenured: 349567K->349567K(349568K), 0.0764006 secs] 506815K->506796K(506816K), [Metaspace: 12955K->12955K(1060864K)], 0.0765537 secs] [Times: user=0.08 sys=0.00, real=0.08 secs] 
2017-11-10T19:35:36.031+0500: 379.490: [Full GC (Allocation Failure) 2017-11-10T19:35:36.031+0500: 379.490: [Tenured: 349567K->349567K(349568K), 0.0758599 secs] 506815K->506797K(506816K), [Metaspace: 12955K->12955K(1060864K)], 0.0759386 secs] [Times: user=0.08 sys=0.00, real=0.08 secs] 
2017-11-10T19:35:36.108+0500: 379.567: [Full GC (Allocation Failure) 2017-11-10T19:35:36.108+0500: 379.567: [Tenured: 349567K->349567K(349568K), 0.0767179 secs] 506815K->506796K(506816K), [Metaspace: 12955K->12955K(1060864K)], 0.0768240 secs] [Times: user=0.08 sys=0.00, real=0.08 secs] 
2017-11-10T19:35:36.185+0500: 379.644: [Full GC (Allocation Failure) 2017-11-10T19:35:36.185+0500: 379.644: [Tenured: 349567K->349567K(349568K), 0.0748675 secs] 506815K->506796K(506816K), [Metaspace: 12955K->12955K(1060864K)], 0.0749667 secs] [Times: user=0.08 sys=0.00, real=0.08 secs] 
2017-11-10T19:35:36.261+0500: 379.720: [Full GC (Allocation Failure) 2017-11-10T19:35:36.261+0500: 379.720: [Tenured: 349567K->349567K(349568K), 0.0748689 secs] 506815K->506796K(506816K), [Metaspace: 12955K->12955K(1060864K)], 0.0749521 secs] [Times: user=0.08 sys=0.00, real=0.08 secs] 
2017-11-10T19:35:36.336+0500: 379.795: [Full GC (Allocation Failure) 2017-11-10T19:35:36.336+0500: 379.795: [Tenured: 349567K->349567K(349568K), 0.0754791 secs] 506815K->506797K(506816K), [Metaspace: 12955K->12955K(1060864K)], 0.0755549 secs] [Times: user=0.08 sys=0.00, real=0.08 secs] 
2017-11-10T19:35:36.412+0500: 379.871: [Full GC (Allocation Failure) 2017-11-10T19:35:36.412+0500: 379.871: [Tenured: 349567K->349567K(349568K), 0.0772386 secs] 506815K->506796K(506816K), [Metaspace: 12955K->12955K(1060864K)], 0.0773193 secs] [Times: user=0.08 sys=0.00, real=0.08 secs] 
2017-11-10T19:35:36.490+0500: 379.949: [Full GC (Allocation Failure) 2017-11-10T19:35:36.490+0500: 379.949: [Tenured: 349567K->349567K(349568K), 0.0763913 secs] 506815K->506796K(506816K), [Metaspace: 12955K->12955K(1060864K)], 0.0764705 secs] [Times: user=0.08 sys=0.00, real=0.08 secs] 
2017-11-10T19:35:36.567+0500: 380.026: [Full GC (Allocation Failure) 2017-11-10T19:35:36.567+0500: 380.026: [Tenured: 349567K->349567K(349568K), 0.0776248 secs] 506815K->506796K(506816K), [Metaspace: 12955K->12955K(1060864K)], 0.0777040 secs] [Times: user=0.08 sys=0.00, real=0.08 secs] 
2017-11-10T19:35:36.646+0500: 380.105: [Full GC (Allocation Failure) 2017-11-10T19:35:36.646+0500: 380.105: [Tenured: 349567K->349567K(349568K), 0.0765351 secs] 506815K->506797K(506816K), [Metaspace: 12955K->12955K(1060864K)], 0.0766397 secs] [Times: user=0.08 sys=0.00, real=0.08 secs] 
2017-11-10T19:35:36.723+0500: 380.182: [Full GC (Allocation Failure) 2017-11-10T19:35:36.723+0500: 380.182: [Tenured: 349567K->349567K(349568K), 0.0758697 secs] 506815K->506796K(506816K), [Metaspace: 12955K->12955K(1060864K)], 0.0759861 secs] [Times: user=0.06 sys=0.00, real=0.08 secs] 
2017-11-10T19:35:36.800+0500: 380.259: [Full GC (Allocation Failure) 2017-11-10T19:35:36.800+0500: 380.259: [Tenured: 349567K->349567K(349568K), 0.0751276 secs] 506815K->506796K(506816K), [Metaspace: 12955K->12955K(1060864K)], 0.0752337 secs] [Times: user=0.06 sys=0.00, real=0.08 secs] 
2017-11-10T19:35:36.875+0500: 380.334: [Full GC (Allocation Failure) 2017-11-10T19:35:36.875+0500: 380.334: [Tenured: 349567K->349567K(349568K), 0.0748621 secs] 506815K->506796K(506816K), [Metaspace: 12955K->12955K(1060864K)], 0.0749340 secs] [Times: user=0.08 sys=0.00, real=0.08 secs] 
2017-11-10T19:35:36.951+0500: 380.410: [Full GC (Allocation Failure) 2017-11-10T19:35:36.951+0500: 380.410: [Tenured: 349567K->349567K(349568K), 0.0752605 secs] 506815K->506797K(506816K), [Metaspace: 12955K->12955K(1060864K)], 0.0753339 secs] [Times: user=0.08 sys=0.00, real=0.08 secs] 
2017-11-10T19:35:37.027+0500: 380.486: [Full GC (Allocation Failure) 2017-11-10T19:35:37.027+0500: 380.486: [Tenured: 349568K->349568K(349568K), 0.0787581 secs] 506815K->506796K(506816K), [Metaspace: 12955K->12955K(1060864K)], 0.0788808 secs] [Times: user=0.08 sys=0.00, real=0.08 secs] 
2017-11-10T19:35:37.107+0500: 380.566: [Full GC (Allocation Failure) 2017-11-10T19:35:37.107+0500: 380.566: [Tenured: 349568K->349567K(349568K), 0.0788954 secs] 506815K->506796K(506816K), [Metaspace: 12955K->12955K(1060864K)], 0.0789825 secs] [Times: user=0.08 sys=0.00, real=0.08 secs] 
2017-11-10T19:35:37.186+0500: 380.645: [Full GC (Allocation Failure) 2017-11-10T19:35:37.186+0500: 380.645: [Tenured: 349567K->349567K(349568K), 0.0748743 secs] 506815K->506796K(506816K), [Metaspace: 12955K->12955K(1060864K)], 0.0749496 secs] [Times: user=0.08 sys=0.00, real=0.07 secs] 
2017-11-10T19:35:37.262+0500: 380.721: [Full GC (Allocation Failure) 2017-11-10T19:35:37.262+0500: 380.721: [Tenured: 349567K->349567K(349568K), 0.0758536 secs] 506815K->506797K(506816K), [Metaspace: 12955K->12955K(1060864K)], 0.0759509 secs] [Times: user=0.08 sys=0.00, real=0.08 secs] 
2017-11-10T19:35:37.338+0500: 380.797: [Full GC (Allocation Failure) 2017-11-10T19:35:37.338+0500: 380.797: [Tenured: 349568K->349568K(349568K), 0.0751789 secs] 506815K->506796K(506816K), [Metaspace: 12955K->12955K(1060864K)], 0.0752552 secs] [Times: user=0.08 sys=0.00, real=0.08 secs] 
2017-11-10T19:35:37.414+0500: 380.873: [Full GC (Allocation Failure) 2017-11-10T19:35:37.414+0500: 380.873: [Tenured: 349568K->349567K(349568K), 0.0757367 secs] 506815K->506796K(506816K), [Metaspace: 12955K->12955K(1060864K)], 0.0758453 secs] [Times: user=0.08 sys=0.00, real=0.08 secs] 
2017-11-10T19:35:37.491+0500: 380.950: [Full GC (Allocation Failure) 2017-11-10T19:35:37.491+0500: 380.950: [Tenured: 349567K->349567K(349568K), 0.0743512 secs] 506815K->506796K(506816K), [Metaspace: 12955K->12955K(1060864K)], 0.0744739 secs] [Times: user=0.08 sys=0.00, real=0.07 secs] 
2017-11-10T19:35:37.566+0500: 381.025: [Full GC (Allocation Failure) 2017-11-10T19:35:37.566+0500: 381.025: [Tenured: 349567K->349567K(349568K), 0.0751897 secs] 506815K->506797K(506816K), [Metaspace: 12955K->12955K(1060864K)], 0.0753089 secs] [Times: user=0.06 sys=0.00, real=0.08 secs] 
2017-11-10T19:35:37.642+0500: 381.101: [Full GC (Allocation Failure) 2017-11-10T19:35:37.642+0500: 381.101: [Tenured: 349568K->349568K(349568K), 0.0759856 secs] 506815K->506796K(506816K), [Metaspace: 12955K->12955K(1060864K)], 0.0760701 secs] [Times: user=0.08 sys=0.00, real=0.08 secs] 
2017-11-10T19:35:37.718+0500: 381.177: [Full GC (Allocation Failure) 2017-11-10T19:35:37.718+0500: 381.177: [Tenured: 349568K->349567K(349568K), 0.0752869 secs] 506815K->506796K(506816K), [Metaspace: 12955K->12955K(1060864K)], 0.0753632 secs] [Times: user=0.08 sys=0.00, real=0.08 secs] 
2017-11-10T19:35:37.794+0500: 381.253: [Full GC (Allocation Failure) 2017-11-10T19:35:37.794+0500: 381.253: [Tenured: 349567K->349567K(349568K), 0.0745839 secs] 506815K->506796K(506816K), [Metaspace: 12955K->12955K(1060864K)], 0.0747149 secs] [Times: user=0.08 sys=0.00, real=0.08 secs] 
2017-11-10T19:35:37.870+0500: 381.329: [Full GC (Allocation Failure) 2017-11-10T19:35:37.870+0500: 381.329: [Tenured: 349567K->349567K(349568K), 0.0785341 secs] 506815K->506797K(506816K), [Metaspace: 12955K->12955K(1060864K)], 0.0786129 secs] [Times: user=0.08 sys=0.00, real=0.08 secs] 
2017-11-10T19:35:37.949+0500: 381.408: [Full GC (Allocation Failure) 2017-11-10T19:35:37.949+0500: 381.408: [Tenured: 349568K->349568K(349568K), 0.0767013 secs] 506815K->506796K(506816K), [Metaspace: 12955K->12955K(1060864K)], 0.0767732 secs] [Times: user=0.08 sys=0.00, real=0.08 secs] 
2017-11-10T19:35:38.026+0500: 381.485: [Full GC (Allocation Failure) 2017-11-10T19:35:38.026+0500: 381.485: [Tenured: 349568K->349567K(349568K), 0.0784334 secs] 506815K->506796K(506816K), [Metaspace: 12955K->12955K(1060864K)], 0.0785161 secs] [Times: user=0.08 sys=0.00, real=0.08 secs] 
2017-11-10T19:35:38.105+0500: 381.564: [Full GC (Allocation Failure) 2017-11-10T19:35:38.105+0500: 381.564: [Tenured: 349567K->349567K(349568K), 0.0761743 secs] 506815K->506796K(506816K), [Metaspace: 12955K->12955K(1060864K)], 0.0763454 secs] [Times: user=0.08 sys=0.00, real=0.08 secs] 
2017-11-10T19:35:38.182+0500: 381.641: [Full GC (Allocation Failure) 2017-11-10T19:35:38.182+0500: 381.641: [Tenured: 349567K->349567K(349568K), 0.0766651 secs] 506815K->506797K(506816K), [Metaspace: 12955K->12955K(1060864K)], 0.0767849 secs] [Times: user=0.08 sys=0.00, real=0.08 secs] 
2017-11-10T19:35:38.260+0500: 381.719: [Full GC (Allocation Failure) 2017-11-10T19:35:38.260+0500: 381.719: [Tenured: 349568K->349568K(349568K), 0.0793682 secs] 506815K->506796K(506816K), [Metaspace: 12955K->12955K(1060864K)], 0.0794542 secs] [Times: user=0.08 sys=0.00, real=0.08 secs] 
2017-11-10T19:35:38.340+0500: 381.799: [Full GC (Allocation Failure) 2017-11-10T19:35:38.340+0500: 381.799: [Tenured: 349568K->349567K(349568K), 0.0806593 secs] 506815K->506796K(506816K), [Metaspace: 12955K->12955K(1060864K)], 0.0807566 secs] [Times: user=0.08 sys=0.00, real=0.08 secs] 
2017-11-10T19:35:38.421+0500: 381.880: [Full GC (Allocation Failure) 2017-11-10T19:35:38.421+0500: 381.880: [Tenured: 349567K->349567K(349568K), 0.0755671 secs] 506815K->506796K(506816K), [Metaspace: 12955K->12955K(1060864K)], 0.0756409 secs] [Times: user=0.08 sys=0.00, real=0.08 secs] 
2017-11-10T19:35:38.497+0500: 381.956: [Full GC (Allocation Failure) 2017-11-10T19:35:38.497+0500: 381.956: [Tenured: 349567K->349567K(349568K), 0.0745512 secs] 506815K->506797K(506816K), [Metaspace: 12955K->12955K(1060864K)], 0.0746411 secs] [Times: user=0.08 sys=0.00, real=0.08 secs] 
2017-11-10T19:35:38.572+0500: 382.032: [Full GC (Allocation Failure) 2017-11-10T19:35:38.572+0500: 382.032: [Tenured: 349568K->349568K(349568K), 0.0750024 secs] 506815K->506796K(506816K), [Metaspace: 12955K->12955K(1060864K)], 0.0750816 secs] [Times: user=0.08 sys=0.00, real=0.08 secs] 
2017-11-10T19:35:38.648+0500: 382.107: [Full GC (Allocation Failure) 2017-11-10T19:35:38.648+0500: 382.107: [Tenured: 349568K->349567K(349568K), 0.0765791 secs] 506815K->506796K(506816K), [Metaspace: 12955K->12955K(1060864K)], 0.0766563 secs] [Times: user=0.08 sys=0.00, real=0.08 secs] 
2017-11-10T19:35:38.725+0500: 382.185: [Full GC (Allocation Failure) 2017-11-10T19:35:38.725+0500: 382.185: [Tenured: 349567K->349567K(349568K), 0.0748225 secs] 506815K->506796K(506816K), [Metaspace: 12955K->12955K(1060864K)], 0.0749203 secs] [Times: user=0.08 sys=0.00, real=0.08 secs] 
2017-11-10T19:35:38.801+0500: 382.260: [Full GC (Allocation Failure) 2017-11-10T19:35:38.801+0500: 382.260: [Tenured: 349567K->349567K(349568K), 0.0771721 secs] 506815K->506797K(506816K), [Metaspace: 12955K->12955K(1060864K)], 0.0772586 secs] [Times: user=0.08 sys=0.00, real=0.08 secs] 
2017-11-10T19:35:38.879+0500: 382.338: [Full GC (Allocation Failure) 2017-11-10T19:35:38.879+0500: 382.338: [Tenured: 349568K->349568K(349568K), 0.0756717 secs] 506815K->506796K(506816K), [Metaspace: 12955K->12955K(1060864K)], 0.0757450 secs] [Times: user=0.06 sys=0.00, real=0.08 secs] 
2017-11-10T19:35:38.955+0500: 382.414: [Full GC (Allocation Failure) 2017-11-10T19:35:38.955+0500: 382.414: [Tenured: 349568K->349567K(349568K), 0.0750088 secs] 506815K->506796K(506816K), [Metaspace: 12955K->12955K(1060864K)], 0.0750909 secs] [Times: user=0.08 sys=0.00, real=0.08 secs] 
2017-11-10T19:35:39.031+0500: 382.490: [Full GC (Allocation Failure) 2017-11-10T19:35:39.031+0500: 382.490: [Tenured: 349567K->349567K(349568K), 0.0761283 secs] 506815K->506796K(506816K), [Metaspace: 12955K->12955K(1060864K)], 0.0762021 secs] [Times: user=0.08 sys=0.00, real=0.08 secs] 
2017-11-10T19:35:39.107+0500: 382.567: [Full GC (Allocation Failure) 2017-11-10T19:35:39.107+0500: 382.567: [Tenured: 349567K->349567K(349568K), 0.0744221 secs] 506815K->506797K(506816K), [Metaspace: 12955K->12955K(1060864K)], 0.0744969 secs] [Times: user=0.08 sys=0.00, real=0.07 secs] 
2017-11-10T19:35:39.182+0500: 382.642: [Full GC (Allocation Failure) 2017-11-10T19:35:39.182+0500: 382.642: [Tenured: 349568K->349568K(349568K), 0.0746812 secs] 506815K->506796K(506816K), [Metaspace: 12955K->12955K(1060864K)], 0.0747643 secs] [Times: user=0.08 sys=0.00, real=0.08 secs] 
2017-11-10T19:35:39.258+0500: 382.717: [Full GC (Allocation Failure) 2017-11-10T19:35:39.258+0500: 382.717: [Tenured: 349568K->349567K(349568K), 0.0764363 secs] 506815K->506796K(506816K), [Metaspace: 12955K->12955K(1060864K)], 0.0765571 secs] [Times: user=0.08 sys=0.00, real=0.08 secs] 
2017-11-10T19:35:39.335+0500: 382.794: [Full GC (Allocation Failure) 2017-11-10T19:35:39.335+0500: 382.794: [Tenured: 349567K->349567K(349568K), 0.0751246 secs] 506815K->506796K(506816K), [Metaspace: 12955K->12955K(1060864K)], 0.0752019 secs] [Times: user=0.08 sys=0.00, real=0.08 secs] 
2017-11-10T19:35:39.411+0500: 382.870: [Full GC (Allocation Failure) 2017-11-10T19:35:39.411+0500: 382.870: [Tenured: 349567K->349567K(349568K), 0.0742305 secs] 506815K->506797K(506816K), [Metaspace: 12955K->12955K(1060864K)], 0.0743087 secs] [Times: user=0.06 sys=0.00, real=0.07 secs] 
2017-11-10T19:35:39.486+0500: 382.945: [Full GC (Allocation Failure) 2017-11-10T19:35:39.486+0500: 382.945: [Tenured: 349568K->349568K(349568K), 0.0753593 secs] 506815K->506796K(506816K), [Metaspace: 12955K->12955K(1060864K)], 0.0754321 secs] [Times: user=0.08 sys=0.00, real=0.08 secs] 
2017-11-10T19:35:39.561+0500: 383.021: [Full GC (Allocation Failure) 2017-11-10T19:35:39.562+0500: 383.021: [Tenured: 349568K->349567K(349568K), 0.0756595 secs] 506815K->506796K(506816K), [Metaspace: 12955K->12955K(1060864K)], 0.0757401 secs] [Times: user=0.08 sys=0.00, real=0.08 secs] 
2017-11-10T19:35:39.638+0500: 383.097: [Full GC (Allocation Failure) 2017-11-10T19:35:39.638+0500: 383.097: [Tenured: 349567K->349567K(349568K), 0.0761259 secs] 506815K->506796K(506816K), [Metaspace: 12955K->12955K(1060864K)], 0.0762481 secs] [Times: user=0.08 sys=0.00, real=0.08 secs] 
2017-11-10T19:35:39.715+0500: 383.174: [Full GC (Allocation Failure) 2017-11-10T19:35:39.715+0500: 383.174: [Tenured: 349567K->349567K(349568K), 0.0747550 secs] 506815K->506797K(506816K), [Metaspace: 12955K->12955K(1060864K)], 0.0748582 secs] [Times: user=0.08 sys=0.00, real=0.08 secs] 
2017-11-10T19:35:39.791+0500: 383.250: [Full GC (Allocation Failure) 2017-11-10T19:35:39.791+0500: 383.250: [Tenured: 349568K->349568K(349568K), 0.0766935 secs] 506815K->506796K(506816K), [Metaspace: 12955K->12955K(1060864K)], 0.0767927 secs] [Times: user=0.08 sys=0.00, real=0.08 secs] 
2017-11-10T19:35:39.869+0500: 383.328: [Full GC (Allocation Failure) 2017-11-10T19:35:39.869+0500: 383.328: [Tenured: 349568K->349567K(349568K), 0.0765898 secs] 506815K->506796K(506816K), [Metaspace: 12955K->12955K(1060864K)], 0.0767047 secs] [Times: user=0.08 sys=0.00, real=0.08 secs] 
2017-11-10T19:35:39.946+0500: 383.405: [Full GC (Allocation Failure) 2017-11-10T19:35:39.946+0500: 383.405: [Tenured: 349567K->349567K(349568K), 0.0751105 secs] 506815K->506796K(506816K), [Metaspace: 12955K->12955K(1060864K)], 0.0751818 secs] [Times: user=0.08 sys=0.00, real=0.07 secs] 
2017-11-10T19:35:40.022+0500: 383.481: [Full GC (Allocation Failure) 2017-11-10T19:35:40.022+0500: 383.481: [Tenured: 349567K->349567K(349568K), 0.0765522 secs] 506815K->506797K(506816K), [Metaspace: 12955K->12955K(1060864K)], 0.0766260 secs] [Times: user=0.08 sys=0.00, real=0.08 secs] 
2017-11-10T19:35:40.099+0500: 383.558: [Full GC (Allocation Failure) 2017-11-10T19:35:40.099+0500: 383.558: [Tenured: 349568K->349568K(349568K), 0.0763909 secs] 506815K->506796K(506816K), [Metaspace: 12955K->12955K(1060864K)], 0.0764754 secs] [Times: user=0.08 sys=0.00, real=0.08 secs] 
2017-11-10T19:35:40.176+0500: 383.635: [Full GC (Allocation Failure) 2017-11-10T19:35:40.176+0500: 383.635: [Tenured: 349568K->349567K(349568K), 0.0750753 secs] 506815K->506796K(506816K), [Metaspace: 12955K->12955K(1060864K)], 0.0751872 secs] [Times: user=0.06 sys=0.00, real=0.07 secs] 
2017-11-10T19:35:40.252+0500: 383.711: [Full GC (Allocation Failure) 2017-11-10T19:35:40.252+0500: 383.711: [Tenured: 349567K->349567K(349568K), 0.0795276 secs] 506815K->506796K(506816K), [Metaspace: 12955K->12955K(1060864K)], 0.0796033 secs] [Times: user=0.09 sys=0.00, real=0.08 secs] 
2017-11-10T19:35:40.332+0500: 383.791: [Full GC (Allocation Failure) 2017-11-10T19:35:40.332+0500: 383.791: [Tenured: 349567K->349567K(349568K), 0.0756893 secs] 506815K->506797K(506816K), [Metaspace: 12955K->12955K(1060864K)], 0.0757597 secs] [Times: user=0.06 sys=0.00, real=0.08 secs] 
2017-11-10T19:35:40.408+0500: 383.867: [Full GC (Allocation Failure) 2017-11-10T19:35:40.408+0500: 383.867: [Tenured: 349568K->349568K(349568K), 0.0754527 secs] 506815K->506796K(506816K), [Metaspace: 12955K->12955K(1060864K)], 0.0755265 secs] [Times: user=0.08 sys=0.00, real=0.08 secs] 
2017-11-10T19:35:40.484+0500: 383.943: [Full GC (Allocation Failure) 2017-11-10T19:35:40.484+0500: 383.943: [Tenured: 349568K->349567K(349568K), 0.0771320 secs] 506815K->506796K(506816K), [Metaspace: 12955K->12955K(1060864K)], 0.0772185 secs] [Times: user=0.08 sys=0.00, real=0.08 secs] 
2017-11-10T19:35:40.562+0500: 384.021: [Full GC (Allocation Failure) 2017-11-10T19:35:40.562+0500: 384.021: [Tenured: 349567K->349567K(349568K), 0.0873865 secs] 506815K->506796K(506816K), [Metaspace: 12955K->12955K(1060864K)], 0.0874622 secs] [Times: user=0.09 sys=0.00, real=0.09 secs] 
2017-11-10T19:35:40.650+0500: 384.109: [Full GC (Allocation Failure) 2017-11-10T19:35:40.650+0500: 384.109: [Tenured: 349567K->349567K(349568K), 0.0840889 secs] 506815K->506797K(506816K), [Metaspace: 12955K->12955K(1060864K)], 0.0841686 secs] [Times: user=0.08 sys=0.00, real=0.08 secs] 
2017-11-10T19:35:40.735+0500: 384.194: [Full GC (Allocation Failure) 2017-11-10T19:35:40.735+0500: 384.194: [Tenured: 349568K->349568K(349568K), 0.0750181 secs] 506815K->506796K(506816K), [Metaspace: 12955K->12955K(1060864K)], 0.0750914 secs] [Times: user=0.08 sys=0.00, real=0.08 secs] 
2017-11-10T19:35:40.811+0500: 384.270: [Full GC (Allocation Failure) 2017-11-10T19:35:40.811+0500: 384.270: [Tenured: 349568K->349567K(349568K), 0.0755226 secs] 506815K->506796K(506816K), [Metaspace: 12955K->12955K(1060864K)], 0.0756350 secs] [Times: user=0.08 sys=0.00, real=0.07 secs] 
2017-11-10T19:35:40.887+0500: 384.346: [Full GC (Allocation Failure) 2017-11-10T19:35:40.887+0500: 384.346: [Tenured: 349567K->349567K(349568K), 0.0764666 secs] 506815K->506796K(506816K), [Metaspace: 12955K->12955K(1060864K)], 0.0765478 secs] [Times: user=0.08 sys=0.00, real=0.08 secs] 
2017-11-10T19:35:40.964+0500: 384.423: [Full GC (Allocation Failure) 2017-11-10T19:35:40.964+0500: 384.423: [Tenured: 349567K->349567K(349568K), 0.0751809 secs] 506815K->506797K(506816K), [Metaspace: 12955K->12955K(1060864K)], 0.0752752 secs] [Times: user=0.08 sys=0.00, real=0.08 secs] 
2017-11-10T19:35:41.040+0500: 384.499: [Full GC (Allocation Failure) 2017-11-10T19:35:41.040+0500: 384.499: [Tenured: 349568K->349568K(349568K), 0.0761572 secs] 506815K->506796K(506816K), [Metaspace: 12955K->12955K(1060864K)], 0.0762359 secs] [Times: user=0.08 sys=0.00, real=0.08 secs] 
2017-11-10T19:35:41.116+0500: 384.576: [Full GC (Allocation Failure) 2017-11-10T19:35:41.117+0500: 384.576: [Tenured: 349568K->349567K(349568K), 0.0753089 secs] 506815K->506796K(506816K), [Metaspace: 12955K->12955K(1060864K)], 0.0753823 secs] [Times: user=0.08 sys=0.00, real=0.08 secs] 
2017-11-10T19:35:41.192+0500: 384.651: [Full GC (Allocation Failure) 2017-11-10T19:35:41.192+0500: 384.651: [Tenured: 349567K->349567K(349568K), 0.0742427 secs] 506815K->506796K(506816K), [Metaspace: 12955K->12955K(1060864K)], 0.0743160 secs] [Times: user=0.06 sys=0.00, real=0.08 secs] 
2017-11-10T19:35:41.267+0500: 384.726: [Full GC (Allocation Failure) 2017-11-10T19:35:41.267+0500: 384.726: [Tenured: 349567K->349567K(349568K), 0.0749902 secs] 506815K->506797K(506816K), [Metaspace: 12955K->12955K(1060864K)], 0.0750635 secs] [Times: user=0.08 sys=0.00, real=0.08 secs] 
2017-11-10T19:35:41.343+0500: 384.802: [Full GC (Allocation Failure) 2017-11-10T19:35:41.343+0500: 384.802: [Tenured: 349568K->349568K(349568K), 0.0755720 secs] 506815K->506796K(506816K), [Metaspace: 12955K->12955K(1060864K)], 0.0756463 secs] [Times: user=0.08 sys=0.00, real=0.08 secs] 
2017-11-10T19:35:41.419+0500: 384.878: [Full GC (Allocation Failure) 2017-11-10T19:35:41.419+0500: 384.878: [Tenured: 349568K->349567K(349568K), 0.0750616 secs] 506815K->506796K(506816K), [Metaspace: 12955K->12955K(1060864K)], 0.0751540 secs] [Times: user=0.08 sys=0.00, real=0.08 secs] 
2017-11-10T19:35:41.495+0500: 384.954: [Full GC (Allocation Failure) 2017-11-10T19:35:41.495+0500: 384.954: [Tenured: 349567K->349567K(349568K), 0.0738863 secs] 506815K->506796K(506816K), [Metaspace: 12955K->12955K(1060864K)], 0.0739572 secs] [Times: user=0.08 sys=0.00, real=0.07 secs] 
2017-11-10T19:35:41.569+0500: 385.028: [Full GC (Allocation Failure) 2017-11-10T19:35:41.569+0500: 385.028: [Tenured: 349567K->349567K(349568K), 0.0750068 secs] 506815K->506797K(506816K), [Metaspace: 12955K->12955K(1060864K)], 0.0750845 secs] [Times: user=0.08 sys=0.00, real=0.08 secs] 
2017-11-10T19:35:41.645+0500: 385.104: [Full GC (Allocation Failure) 2017-11-10T19:35:41.645+0500: 385.104: [Tenured: 349568K->349568K(349568K), 0.0766245 secs] 506815K->506796K(506816K), [Metaspace: 12955K->12955K(1060864K)], 0.0767468 secs] [Times: user=0.08 sys=0.00, real=0.08 secs] 
2017-11-10T19:35:41.722+0500: 385.181: [Full GC (Allocation Failure) 2017-11-10T19:35:41.722+0500: 385.182: [Tenured: 349568K->349567K(349568K), 0.0745957 secs] 506815K->506796K(506816K), [Metaspace: 12955K->12955K(1060864K)], 0.0747052 secs] [Times: user=0.06 sys=0.00, real=0.08 secs] 
2017-11-10T19:35:41.798+0500: 385.257: [Full GC (Allocation Failure) 2017-11-10T19:35:41.798+0500: 385.257: [Tenured: 349567K->349567K(349568K), 0.0755539 secs] 506815K->506796K(506816K), [Metaspace: 12955K->12955K(1060864K)], 0.0756345 secs] [Times: user=0.08 sys=0.00, real=0.07 secs] 
2017-11-10T19:35:41.874+0500: 385.333: [Full GC (Allocation Failure) 2017-11-10T19:35:41.874+0500: 385.333: [Tenured: 349567K->349567K(349568K), 0.0768181 secs] 506815K->506797K(506816K), [Metaspace: 12955K->12955K(1060864K)], 0.0768969 secs] [Times: user=0.08 sys=0.00, real=0.08 secs] 
2017-11-10T19:35:41.951+0500: 385.410: [Full GC (Allocation Failure) 2017-11-10T19:35:41.951+0500: 385.410: [Tenured: 349568K->349568K(349568K), 0.0756106 secs] 506815K->506796K(506816K), [Metaspace: 12955K->12955K(1060864K)], 0.0757020 secs] [Times: user=0.08 sys=0.00, real=0.08 secs] 
2017-11-10T19:35:42.027+0500: 385.487: [Full GC (Allocation Failure) 2017-11-10T19:35:42.028+0500: 385.487: [Tenured: 349568K->349567K(349568K), 0.0749320 secs] 506815K->506796K(506816K), [Metaspace: 12955K->12955K(1060864K)], 0.0750557 secs] [Times: user=0.08 sys=0.00, real=0.08 secs] 
2017-11-10T19:35:42.104+0500: 385.563: [Full GC (Allocation Failure) 2017-11-10T19:35:42.104+0500: 385.563: [Tenured: 349567K->349567K(349568K), 0.0763439 secs] 506815K->506796K(506816K), [Metaspace: 12955K->12955K(1060864K)], 0.0764466 secs] [Times: user=0.08 sys=0.00, real=0.08 secs] 
2017-11-10T19:35:42.181+0500: 385.640: [Full GC (Allocation Failure) 2017-11-10T19:35:42.181+0500: 385.640: [Tenured: 349567K->349567K(349568K), 0.0775021 secs] 506815K->506797K(506816K), [Metaspace: 12955K->12955K(1060864K)], 0.0775691 secs] [Times: user=0.08 sys=0.00, real=0.08 secs] 
2017-11-10T19:35:42.259+0500: 385.718: [Full GC (Allocation Failure) 2017-11-10T19:35:42.259+0500: 385.718: [Tenured: 349568K->349568K(349568K), 0.0746103 secs] 506815K->506796K(506816K), [Metaspace: 12955K->12955K(1060864K)], 0.0746802 secs] [Times: user=0.08 sys=0.00, real=0.08 secs] 
2017-11-10T19:35:42.334+0500: 385.794: [Full GC (Allocation Failure) 2017-11-10T19:35:42.334+0500: 385.794: [Tenured: 349568K->349567K(349568K), 0.0754952 secs] 506815K->506796K(506816K), [Metaspace: 12955K->12955K(1060864K)], 0.0755700 secs] [Times: user=0.08 sys=0.00, real=0.08 secs] 
2017-11-10T19:35:42.411+0500: 385.870: [Full GC (Allocation Failure) 2017-11-10T19:35:42.411+0500: 385.870: [Tenured: 349567K->349567K(349568K), 0.0767722 secs] 506815K->506796K(506816K), [Metaspace: 12955K->12955K(1060864K)], 0.0768758 secs] [Times: user=0.08 sys=0.00, real=0.08 secs] 
2017-11-10T19:35:42.488+0500: 385.947: [Full GC (Allocation Failure) 2017-11-10T19:35:42.502+0500: 385.961: [Tenured: 349567K->349567K(349568K), 0.0781147 secs] 506815K->506797K(506816K), [Metaspace: 12955K->12955K(1060864K)], 0.0921605 secs] [Times: user=0.08 sys=0.00, real=0.09 secs] 
2017-11-10T19:35:42.581+0500: 386.040: [Full GC (Allocation Failure) 2017-11-10T19:35:42.581+0500: 386.040: [Tenured: 349568K->349568K(349568K), 0.0747203 secs] 506815K->506796K(506816K), [Metaspace: 12955K->12955K(1060864K)], 0.0748396 secs] [Times: user=0.06 sys=0.00, real=0.07 secs] 
2017-11-10T19:35:42.657+0500: 386.116: [Full GC (Allocation Failure) 2017-11-10T19:35:42.657+0500: 386.116: [Tenured: 349568K->349567K(349568K), 0.0775940 secs] 506815K->506796K(506816K), [Metaspace: 12955K->12955K(1060864K)], 0.0777011 secs] [Times: user=0.08 sys=0.00, real=0.08 secs] 
2017-11-10T19:35:42.735+0500: 386.194: [Full GC (Allocation Failure) 2017-11-10T19:35:42.735+0500: 386.194: [Tenured: 349567K->349567K(349568K), 0.0764745 secs] 506815K->506796K(506816K), [Metaspace: 12955K->12955K(1060864K)], 0.0765502 secs] [Times: user=0.08 sys=0.00, real=0.08 secs] 
2017-11-10T19:35:42.812+0500: 386.271: [Full GC (Allocation Failure) 2017-11-10T19:35:42.812+0500: 386.271: [Tenured: 349567K->349567K(349568K), 0.0742686 secs] 506815K->506797K(506816K), [Metaspace: 12955K->12955K(1060864K)], 0.0743488 secs] [Times: user=0.08 sys=0.00, real=0.07 secs] 
2017-11-10T19:35:42.887+0500: 386.346: [Full GC (Allocation Failure) 2017-11-10T19:35:42.887+0500: 386.346: [Tenured: 349568K->349568K(349568K), 0.0752762 secs] 506815K->506796K(506816K), [Metaspace: 12955K->12955K(1060864K)], 0.0753661 secs] [Times: user=0.08 sys=0.00, real=0.07 secs] 
2017-11-10T19:35:42.963+0500: 386.422: [Full GC (Allocation Failure) 2017-11-10T19:35:42.963+0500: 386.422: [Tenured: 349568K->349567K(349568K), 0.0776585 secs] 506815K->506796K(506816K), [Metaspace: 12955K->12955K(1060864K)], 0.0777690 secs] [Times: user=0.08 sys=0.00, real=0.08 secs] 
2017-11-10T19:35:43.041+0500: 386.500: [Full GC (Allocation Failure) 2017-11-10T19:35:43.041+0500: 386.500: [Tenured: 349567K->349567K(349568K), 0.0778785 secs] 506815K->506796K(506816K), [Metaspace: 12955K->12955K(1060864K)], 0.0779543 secs] [Times: user=0.08 sys=0.00, real=0.08 secs] 
2017-11-10T19:35:43.120+0500: 386.579: [Full GC (Allocation Failure) 2017-11-10T19:35:43.120+0500: 386.579: [Tenured: 349567K->349567K(349568K), 0.0754610 secs] 506815K->506797K(506816K), [Metaspace: 12955K->12955K(1060864K)], 0.0755690 secs] [Times: user=0.08 sys=0.00, real=0.08 secs] 
2017-11-10T19:35:43.196+0500: 386.655: [Full GC (Allocation Failure) 2017-11-10T19:35:43.196+0500: 386.655: [Tenured: 349568K->349568K(349568K), 0.0742613 secs] 506815K->506796K(506816K), [Metaspace: 12955K->12955K(1060864K)], 0.0743517 secs] [Times: user=0.08 sys=0.00, real=0.07 secs] 
2017-11-10T19:35:43.271+0500: 386.730: [Full GC (Allocation Failure) 2017-11-10T19:35:43.271+0500: 386.730: [Tenured: 349568K->349567K(349568K), 0.0762173 secs] 506815K->506796K(506816K), [Metaspace: 12955K->12955K(1060864K)], 0.0763019 secs] [Times: user=0.08 sys=0.00, real=0.08 secs] 
2017-11-10T19:35:43.348+0500: 386.807: [Full GC (Allocation Failure) 2017-11-10T19:35:43.348+0500: 386.807: [Tenured: 349567K->349567K(349568K), 0.0752024 secs] 506815K->506796K(506816K), [Metaspace: 12955K->12955K(1060864K)], 0.0752801 secs] [Times: user=0.06 sys=0.00, real=0.08 secs] 
2017-11-10T19:35:43.424+0500: 386.883: [Full GC (Allocation Failure) 2017-11-10T19:35:43.424+0500: 386.883: [Tenured: 349567K->349567K(349568K), 0.0754273 secs] 506815K->506797K(506816K), [Metaspace: 12955K->12955K(1060864K)], 0.0755021 secs] [Times: user=0.08 sys=0.00, real=0.08 secs] 
2017-11-10T19:35:43.500+0500: 386.959: [Full GC (Allocation Failure) 2017-11-10T19:35:43.500+0500: 386.959: [Tenured: 349568K->349568K(349568K), 0.0752478 secs] 506815K->506796K(506816K), [Metaspace: 12955K->12955K(1060864K)], 0.0753305 secs] [Times: user=0.08 sys=0.00, real=0.08 secs] 
2017-11-10T19:35:43.576+0500: 387.035: [Full GC (Allocation Failure) 2017-11-10T19:35:43.576+0500: 387.035: [Tenured: 349568K->349567K(349568K), 0.0741928 secs] 506815K->506796K(506816K), [Metaspace: 12955K->12955K(1060864K)], 0.0742793 secs] [Times: user=0.08 sys=0.00, real=0.07 secs] 
2017-11-10T19:35:43.651+0500: 387.110: [Full GC (Allocation Failure) 2017-11-10T19:35:43.651+0500: 387.110: [Tenured: 349567K->349567K(349568K), 0.0757387 secs] 506815K->506796K(506816K), [Metaspace: 12955K->12955K(1060864K)], 0.0758125 secs] [Times: user=0.08 sys=0.00, real=0.08 secs] 
2017-11-10T19:35:43.727+0500: 387.186: [Full GC (Allocation Failure) 2017-11-10T19:35:43.727+0500: 387.186: [Tenured: 349567K->349567K(349568K), 0.0739176 secs] 506815K->506797K(506816K), [Metaspace: 12955K->12955K(1060864K)], 0.0740017 secs] [Times: user=0.08 sys=0.00, real=0.07 secs] 
2017-11-10T19:35:43.802+0500: 387.261: [Full GC (Allocation Failure) 2017-11-10T19:35:43.802+0500: 387.261: [Tenured: 349568K->349568K(349568K), 0.0757954 secs] 506815K->506796K(506816K), [Metaspace: 12955K->12955K(1060864K)], 0.0758702 secs] [Times: user=0.08 sys=0.00, real=0.08 secs] 
2017-11-10T19:35:43.879+0500: 387.337: [Full GC (Allocation Failure) 2017-11-10T19:35:43.879+0500: 387.337: [Tenured: 349568K->349567K(349568K), 0.0764725 secs] 506815K->506796K(506816K), [Metaspace: 12955K->12955K(1060864K)], 0.0765644 secs] [Times: user=0.06 sys=0.00, real=0.08 secs] 
2017-11-10T19:35:43.956+0500: 387.415: [Full GC (Allocation Failure) 2017-11-10T19:35:43.956+0500: 387.415: [Tenured: 349567K->349567K(349568K), 0.0760599 secs] 506815K->506796K(506816K), [Metaspace: 12955K->12955K(1060864K)], 0.0761381 secs] [Times: user=0.06 sys=0.00, real=0.08 secs] 
2017-11-10T19:35:44.032+0500: 387.491: [Full GC (Allocation Failure) 2017-11-10T19:35:44.032+0500: 387.491: [Tenured: 349567K->349567K(349568K), 0.0768582 secs] 506815K->506797K(506816K), [Metaspace: 12955K->12955K(1060864K)], 0.0769311 secs] [Times: user=0.08 sys=0.00, real=0.08 secs] 
2017-11-10T19:35:44.110+0500: 387.569: [Full GC (Allocation Failure) 2017-11-10T19:35:44.110+0500: 387.569: [Tenured: 349568K->349568K(349568K), 0.0749975 secs] 506815K->506796K(506816K), [Metaspace: 12955K->12955K(1060864K)], 0.0750987 secs] [Times: user=0.08 sys=0.00, real=0.08 secs] 
2017-11-10T19:35:44.186+0500: 387.644: [Full GC (Allocation Failure) 2017-11-10T19:35:44.186+0500: 387.644: [Tenured: 349568K->349567K(349568K), 0.0748049 secs] 506815K->506796K(506816K), [Metaspace: 12955K->12955K(1060864K)], 0.0748782 secs] [Times: user=0.08 sys=0.00, real=0.07 secs] 
2017-11-10T19:35:44.261+0500: 387.720: [Full GC (Allocation Failure) 2017-11-10T19:35:44.261+0500: 387.720: [Tenured: 349567K->349567K(349568K), 0.0756013 secs] 506815K->506796K(506816K), [Metaspace: 12955K->12955K(1060864K)], 0.0756976 secs] [Times: user=0.08 sys=0.00, real=0.08 secs] 
2017-11-10T19:35:44.337+0500: 387.796: [Full GC (Allocation Failure) 2017-11-10T19:35:44.337+0500: 387.796: [Tenured: 349567K->349567K(349568K), 0.0754786 secs] 506815K->506797K(506816K), [Metaspace: 12955K->12955K(1060864K)], 0.0755534 secs] [Times: user=0.08 sys=0.00, real=0.08 secs] 
2017-11-10T19:35:44.413+0500: 387.872: [Full GC (Allocation Failure) 2017-11-10T19:35:44.413+0500: 387.872: [Tenured: 349568K->349568K(349568K), 0.0749750 secs] 506815K->506796K(506816K), [Metaspace: 12955K->12955K(1060864K)], 0.0750489 secs] [Times: user=0.08 sys=0.00, real=0.07 secs] 
2017-11-10T19:35:44.489+0500: 387.948: [Full GC (Allocation Failure) 2017-11-10T19:35:44.489+0500: 387.948: [Tenured: 349568K->349567K(349568K), 0.0750552 secs] 506815K->506796K(506816K), [Metaspace: 12955K->12955K(1060864K)], 0.0751525 secs] [Times: user=0.06 sys=0.00, real=0.07 secs] 
2017-11-10T19:35:44.565+0500: 388.024: [Full GC (Allocation Failure) 2017-11-10T19:35:44.565+0500: 388.024: [Tenured: 349567K->349567K(349568K), 0.0779558 secs] 506815K->506796K(506816K), [Metaspace: 12955K->12955K(1060864K)], 0.0780560 secs] [Times: user=0.08 sys=0.00, real=0.08 secs] 
2017-11-10T19:35:44.643+0500: 388.102: [Full GC (Allocation Failure) 2017-11-10T19:35:44.643+0500: 388.102: [Tenured: 349567K->349567K(349568K), 0.0755495 secs] 506815K->506797K(506816K), [Metaspace: 12955K->12955K(1060864K)], 0.0756375 secs] [Times: user=0.06 sys=0.00, real=0.08 secs] 
2017-11-10T19:35:44.720+0500: 388.179: [Full GC (Allocation Failure) 2017-11-10T19:35:44.720+0500: 388.179: [Tenured: 349568K->349568K(349568K), 0.0753842 secs] 506815K->506796K(506816K), [Metaspace: 12955K->12955K(1060864K)], 0.0754678 secs] [Times: user=0.08 sys=0.00, real=0.08 secs] 
2017-11-10T19:35:44.796+0500: 388.255: [Full GC (Allocation Failure) 2017-11-10T19:35:44.796+0500: 388.255: [Tenured: 349568K->349567K(349568K), 0.0749687 secs] 506815K->506796K(506816K), [Metaspace: 12955K->12955K(1060864K)], 0.0750704 secs] [Times: user=0.08 sys=0.00, real=0.08 secs] 
2017-11-10T19:35:44.872+0500: 388.331: [Full GC (Allocation Failure) 2017-11-10T19:35:44.872+0500: 388.331: [Tenured: 349567K->349567K(349568K), 0.0781425 secs] 506815K->506796K(506816K), [Metaspace: 12955K->12955K(1060864K)], 0.0782491 secs] [Times: user=0.06 sys=0.00, real=0.08 secs] 
2017-11-10T19:35:44.951+0500: 388.410: [Full GC (Allocation Failure) 2017-11-10T19:35:44.951+0500: 388.410: [Tenured: 349567K->349567K(349568K), 0.0773784 secs] 506815K->506797K(506816K), [Metaspace: 12955K->12955K(1060864K)], 0.0774517 secs] [Times: user=0.08 sys=0.00, real=0.08 secs] 
2017-11-10T19:35:45.029+0500: 388.488: [Full GC (Allocation Failure) 2017-11-10T19:35:45.029+0500: 388.488: [Tenured: 349568K->349568K(349568K), 0.0751378 secs] 506815K->506796K(506816K), [Metaspace: 12955K->12955K(1060864K)], 0.0752146 secs] [Times: user=0.08 sys=0.00, real=0.08 secs] 
2017-11-10T19:35:45.105+0500: 388.564: [Full GC (Allocation Failure) 2017-11-10T19:35:45.105+0500: 388.564: [Tenured: 349568K->349567K(349568K), 0.0762241 secs] 506815K->506796K(506816K), [Metaspace: 12955K->12955K(1060864K)], 0.0763068 secs] [Times: user=0.08 sys=0.00, real=0.08 secs] 
2017-11-10T19:35:45.182+0500: 388.641: [Full GC (Allocation Failure) 2017-11-10T19:35:45.182+0500: 388.641: [Tenured: 349567K->349567K(349568K), 0.0768734 secs] 506815K->506796K(506816K), [Metaspace: 12955K->12955K(1060864K)], 0.0769555 secs] [Times: user=0.08 sys=0.00, real=0.08 secs] 
2017-11-10T19:35:45.259+0500: 388.718: [Full GC (Allocation Failure) 2017-11-10T19:35:45.259+0500: 388.718: [Tenured: 349567K->349567K(349568K), 0.0760056 secs] 506815K->506797K(506816K), [Metaspace: 12955K->12955K(1060864K)], 0.0760765 secs] [Times: user=0.08 sys=0.00, real=0.08 secs] 
2017-11-10T19:35:45.336+0500: 388.795: [Full GC (Allocation Failure) 2017-11-10T19:35:45.336+0500: 388.795: [Tenured: 349568K->349568K(349568K), 0.0750523 secs] 506815K->506796K(506816K), [Metaspace: 12955K->12955K(1060864K)], 0.0751261 secs] [Times: user=0.08 sys=0.00, real=0.08 secs] 
2017-11-10T19:35:45.411+0500: 388.871: [Full GC (Allocation Failure) 2017-11-10T19:35:45.412+0500: 388.871: [Tenured: 349568K->349567K(349568K), 0.0745257 secs] 506815K->506796K(506816K), [Metaspace: 12955K->12955K(1060864K)], 0.0746079 secs] [Times: user=0.06 sys=0.00, real=0.08 secs] 
2017-11-10T19:35:45.487+0500: 388.946: [Full GC (Allocation Failure) 2017-11-10T19:35:45.487+0500: 388.946: [Tenured: 349567K->349567K(349568K), 0.0766744 secs] 506815K->506796K(506816K), [Metaspace: 12955K->12955K(1060864K)], 0.0767893 secs] [Times: user=0.06 sys=0.00, real=0.08 secs] 
2017-11-10T19:35:45.564+0500: 389.023: [Full GC (Allocation Failure) 2017-11-10T19:35:45.564+0500: 389.023: [Tenured: 349567K->349567K(349568K), 0.0756086 secs] 506815K->506797K(506816K), [Metaspace: 12955K->12955K(1060864K)], 0.0757255 secs] [Times: user=0.08 sys=0.00, real=0.08 secs] 
2017-11-10T19:35:45.640+0500: 389.100: [Full GC (Allocation Failure) 2017-11-10T19:35:45.640+0500: 389.100: [Tenured: 349568K->349568K(349568K), 0.0752439 secs] 506815K->506796K(506816K), [Metaspace: 12955K->12955K(1060864K)], 0.0753197 secs] [Times: user=0.08 sys=0.00, real=0.08 secs] 
2017-11-10T19:35:45.716+0500: 389.175: [Full GC (Allocation Failure) 2017-11-10T19:35:45.716+0500: 389.175: [Tenured: 349568K->349567K(349568K), 0.0761577 secs] 506815K->506796K(506816K), [Metaspace: 12955K->12955K(1060864K)], 0.0762339 secs] [Times: user=0.08 sys=0.00, real=0.08 secs] 
2017-11-10T19:35:45.793+0500: 389.252: [Full GC (Allocation Failure) 2017-11-10T19:35:45.793+0500: 389.252: [Tenured: 349567K->349567K(349568K), 0.0769946 secs] 506815K->506796K(506816K), [Metaspace: 12955K->12955K(1060864K)], 0.0771061 secs] [Times: user=0.08 sys=0.00, real=0.08 secs] 
2017-11-10T19:35:45.872+0500: 389.331: [Full GC (Allocation Failure) 2017-11-10T19:35:45.872+0500: 389.331: [Tenured: 349567K->349567K(349568K), 0.0786857 secs] 506815K->506797K(506816K), [Metaspace: 12955K->12955K(1060864K)], 0.0788069 secs] [Times: user=0.08 sys=0.00, real=0.08 secs] 
2017-11-10T19:35:45.951+0500: 389.410: [Full GC (Allocation Failure) 2017-11-10T19:35:45.951+0500: 389.410: [Tenured: 349568K->349568K(349568K), 0.0762163 secs] 506815K->506796K(506816K), [Metaspace: 12955K->12955K(1060864K)], 0.0762872 secs] [Times: user=0.08 sys=0.00, real=0.08 secs] 
2017-11-10T19:35:46.028+0500: 389.487: [Full GC (Allocation Failure) 2017-11-10T19:35:46.028+0500: 389.487: [Tenured: 349568K->349567K(349568K), 0.0748807 secs] 506815K->506796K(506816K), [Metaspace: 12955K->12955K(1060864K)], 0.0749574 secs] [Times: user=0.08 sys=0.00, real=0.07 secs] 
2017-11-10T19:35:46.104+0500: 389.563: [Full GC (Allocation Failure) 2017-11-10T19:35:46.104+0500: 389.563: [Tenured: 349567K->349567K(349568K), 0.0759289 secs] 506815K->506796K(506816K), [Metaspace: 12955K->12955K(1060864K)], 0.0760203 secs] [Times: user=0.08 sys=0.00, real=0.08 secs] 
2017-11-10T19:35:46.180+0500: 389.639: [Full GC (Allocation Failure) 2017-11-10T19:35:46.180+0500: 389.639: [Tenured: 349567K->349567K(349568K), 0.0751457 secs] 506815K->506797K(506816K), [Metaspace: 12955K->12955K(1060864K)], 0.0752195 secs] [Times: user=0.08 sys=0.00, real=0.08 secs] 
2017-11-10T19:35:46.256+0500: 389.715: [Full GC (Allocation Failure) 2017-11-10T19:35:46.256+0500: 389.715: [Tenured: 349568K->349568K(349568K), 0.0768529 secs] 506815K->506796K(506816K), [Metaspace: 12955K->12955K(1060864K)], 0.0769697 secs] [Times: user=0.08 sys=0.00, real=0.08 secs] 
2017-11-10T19:35:46.334+0500: 389.793: [Full GC (Allocation Failure) 2017-11-10T19:35:46.334+0500: 389.793: [Tenured: 349568K->349567K(349568K), 0.0766710 secs] 506815K->506796K(506816K), [Metaspace: 12955K->12955K(1060864K)], 0.0767776 secs] [Times: user=0.08 sys=0.00, real=0.08 secs] 
2017-11-10T19:35:46.411+0500: 389.870: [Full GC (Allocation Failure) 2017-11-10T19:35:46.411+0500: 389.870: [Tenured: 349567K->349567K(349568K), 0.0753349 secs] 506815K->506796K(506816K), [Metaspace: 12955K->12955K(1060864K)], 0.0754214 secs] [Times: user=0.06 sys=0.00, real=0.08 secs] 
2017-11-10T19:35:46.487+0500: 389.946: [Full GC (Allocation Failure) 2017-11-10T19:35:46.487+0500: 389.946: [Tenured: 349567K->349567K(349568K), 0.0756301 secs] 506815K->506797K(506816K), [Metaspace: 12955K->12955K(1060864K)], 0.0757211 secs] [Times: user=0.06 sys=0.00, real=0.08 secs] 
2017-11-10T19:35:46.563+0500: 390.022: [Full GC (Allocation Failure) 2017-11-10T19:35:46.563+0500: 390.022: [Tenured: 349568K->349568K(349568K), 0.0779152 secs] 506815K->506796K(506816K), [Metaspace: 12955K->12955K(1060864K)], 0.0779934 secs] [Times: user=0.08 sys=0.00, real=0.08 secs] 
2017-11-10T19:35:46.642+0500: 390.101: [Full GC (Allocation Failure) 2017-11-10T19:35:46.642+0500: 390.101: [Tenured: 349568K->349567K(349568K), 0.0777685 secs] 506815K->506796K(506816K), [Metaspace: 12955K->12955K(1060864K)], 0.0778546 secs] [Times: user=0.08 sys=0.00, real=0.08 secs] 
2017-11-10T19:35:46.720+0500: 390.179: [Full GC (Allocation Failure) 2017-11-10T19:35:46.720+0500: 390.179: [Tenured: 349567K->349567K(349568K), 0.0755363 secs] 506815K->506796K(506816K), [Metaspace: 12955K->12955K(1060864K)], 0.0756389 secs] [Times: user=0.08 sys=0.00, real=0.08 secs] 
2017-11-10T19:35:46.796+0500: 390.256: [Full GC (Allocation Failure) 2017-11-10T19:35:46.796+0500: 390.256: [Tenured: 349567K->349567K(349568K), 0.0755294 secs] 506815K->506797K(506816K), [Metaspace: 12955K->12955K(1060864K)], 0.0756253 secs] [Times: user=0.08 sys=0.00, real=0.08 secs] 
2017-11-10T19:35:46.873+0500: 390.332: [Full GC (Allocation Failure) 2017-11-10T19:35:46.873+0500: 390.332: [Tenured: 349568K->349568K(349568K), 0.0770509 secs] 506815K->506796K(506816K), [Metaspace: 12955K->12955K(1060864K)], 0.0771281 secs] [Times: user=0.08 sys=0.00, real=0.08 secs] 
2017-11-10T19:35:46.950+0500: 390.410: [Full GC (Allocation Failure) 2017-11-10T19:35:46.951+0500: 390.410: [Tenured: 349568K->349567K(349568K), 0.0756130 secs] 506815K->506796K(506816K), [Metaspace: 12955K->12955K(1060864K)], 0.0756883 secs] [Times: user=0.08 sys=0.00, real=0.08 secs] 
2017-11-10T19:35:47.027+0500: 390.486: [Full GC (Allocation Failure) 2017-11-10T19:35:47.027+0500: 390.486: [Tenured: 349567K->349567K(349568K), 0.0749789 secs] 506815K->506796K(506816K), [Metaspace: 12955K->12955K(1060864K)], 0.0750498 secs] [Times: user=0.08 sys=0.00, real=0.08 secs] 
2017-11-10T19:35:47.102+0500: 390.562: [Full GC (Allocation Failure) 2017-11-10T19:35:47.102+0500: 390.562: [Tenured: 349567K->349567K(349568K), 0.0756184 secs] 506815K->506797K(506816K), [Metaspace: 12955K->12955K(1060864K)], 0.0757211 secs] [Times: user=0.08 sys=0.00, real=0.08 secs] 
2017-11-10T19:35:47.179+0500: 390.638: [Full GC (Allocation Failure) 2017-11-10T19:35:47.179+0500: 390.638: [Tenured: 349568K->349568K(349568K), 0.0748880 secs] 506815K->506796K(506816K), [Metaspace: 12955K->12955K(1060864K)], 0.0749745 secs] [Times: user=0.08 sys=0.00, real=0.08 secs] 
2017-11-10T19:35:47.254+0500: 390.714: [Full GC (Allocation Failure) 2017-11-10T19:35:47.254+0500: 390.714: [Tenured: 349568K->349567K(349568K), 0.0767301 secs] 506815K->506796K(506816K), [Metaspace: 12955K->12955K(1060864K)], 0.0768353 secs] [Times: user=0.08 sys=0.00, real=0.08 secs] 
2017-11-10T19:35:47.332+0500: 390.791: [Full GC (Allocation Failure) 2017-11-10T19:35:47.332+0500: 390.791: [Tenured: 349567K->349567K(349568K), 0.0754018 secs] 506815K->506796K(506816K), [Metaspace: 12955K->12955K(1060864K)], 0.0754805 secs] [Times: user=0.06 sys=0.00, real=0.08 secs] 
2017-11-10T19:35:47.408+0500: 390.867: [Full GC (Allocation Failure) 2017-11-10T19:35:47.408+0500: 390.867: [Tenured: 349567K->349567K(349568K), 0.0751349 secs] 506815K->506797K(506816K), [Metaspace: 12955K->12955K(1060864K)], 0.0752561 secs] [Times: user=0.08 sys=0.00, real=0.08 secs] 
2017-11-10T19:35:47.484+0500: 390.943: [Full GC (Allocation Failure) 2017-11-10T19:35:47.484+0500: 390.943: [Tenured: 349568K->349568K(349568K), 0.0762315 secs] 506815K->506796K(506816K), [Metaspace: 12955K->12955K(1060864K)], 0.0763087 secs] [Times: user=0.08 sys=0.00, real=0.08 secs] 
2017-11-10T19:35:47.560+0500: 391.020: [Full GC (Allocation Failure) 2017-11-10T19:35:47.561+0500: 391.020: [Tenured: 349568K->349567K(349568K), 0.0748166 secs] 506815K->506796K(506816K), [Metaspace: 12955K->12955K(1060864K)], 0.0748924 secs] [Times: user=0.08 sys=0.00, real=0.08 secs] 
2017-11-10T19:35:47.636+0500: 391.095: [Full GC (Allocation Failure) 2017-11-10T19:35:47.636+0500: 391.095: [Tenured: 349567K->349567K(349568K), 0.0769433 secs] 506815K->506796K(506816K), [Metaspace: 12955K->12955K(1060864K)], 0.0770181 secs] [Times: user=0.08 sys=0.00, real=0.08 secs] 
2017-11-10T19:35:47.714+0500: 391.173: [Full GC (Allocation Failure) 2017-11-10T19:35:47.714+0500: 391.173: [Tenured: 349567K->349567K(349568K), 0.0768973 secs] 506815K->506797K(506816K), [Metaspace: 12955K->12955K(1060864K)], 0.0769907 secs] [Times: user=0.08 sys=0.00, real=0.08 secs] 
2017-11-10T19:35:47.792+0500: 391.250: [Full GC (Allocation Failure) 2017-11-10T19:35:47.792+0500: 391.250: [Tenured: 349568K->349568K(349568K), 0.0738369 secs] 506815K->506796K(506816K), [Metaspace: 12955K->12955K(1060864K)], 0.0739132 secs] [Times: user=0.08 sys=0.00, real=0.07 secs] 
2017-11-10T19:35:47.866+0500: 391.325: [Full GC (Allocation Failure) 2017-11-10T19:35:47.866+0500: 391.325: [Tenured: 349568K->349567K(349568K), 0.0781479 secs] 506815K->506796K(506816K), [Metaspace: 12955K->12955K(1060864K)], 0.0782521 secs] [Times: user=0.08 sys=0.00, real=0.08 secs] 
2017-11-10T19:35:47.945+0500: 391.404: [Full GC (Allocation Failure) 2017-11-10T19:35:47.945+0500: 391.404: [Tenured: 349567K->349567K(349568K), 0.0757626 secs] 506815K->506796K(506816K), [Metaspace: 12955K->12955K(1060864K)], 0.0758668 secs] [Times: user=0.08 sys=0.00, real=0.08 secs] 
2017-11-10T19:35:48.021+0500: 391.480: [Full GC (Allocation Failure) 2017-11-10T19:35:48.021+0500: 391.480: [Tenured: 349567K->349567K(349568K), 0.0779783 secs] 506815K->506797K(506816K), [Metaspace: 12955K->12955K(1060864K)], 0.0780565 secs] [Times: user=0.08 sys=0.00, real=0.08 secs] 
2017-11-10T19:35:48.100+0500: 391.559: [Full GC (Allocation Failure) 2017-11-10T19:35:48.100+0500: 391.559: [Tenured: 349568K->349568K(349568K), 0.0775837 secs] 506815K->506796K(506816K), [Metaspace: 12955K->12955K(1060864K)], 0.0776546 secs] [Times: user=0.08 sys=0.00, real=0.08 secs] 
2017-11-10T19:35:48.178+0500: 391.637: [Full GC (Allocation Failure) 2017-11-10T19:35:48.178+0500: 391.637: [Tenured: 349568K->349567K(349568K), 0.0746015 secs] 506815K->506796K(506816K), [Metaspace: 12955K->12955K(1060864K)], 0.0747154 secs] [Times: user=0.08 sys=0.00, real=0.08 secs] 
2017-11-10T19:35:48.254+0500: 391.712: [Full GC (Allocation Failure) 2017-11-10T19:35:48.254+0500: 391.713: [Tenured: 349567K->349567K(349568K), 0.0767541 secs] 506815K->506796K(506816K), [Metaspace: 12955K->12955K(1060864K)], 0.0768367 secs] [Times: user=0.06 sys=0.00, real=0.08 secs] 
2017-11-10T19:35:48.331+0500: 391.790: [Full GC (Allocation Failure) 2017-11-10T19:35:48.331+0500: 391.790: [Tenured: 349567K->349567K(349568K), 0.0757001 secs] 506815K->506797K(506816K), [Metaspace: 12955K->12955K(1060864K)], 0.0757758 secs] [Times: user=0.06 sys=0.00, real=0.08 secs] 
2017-11-10T19:35:48.407+0500: 391.866: [Full GC (Allocation Failure) 2017-11-10T19:35:48.407+0500: 391.866: [Tenured: 349568K->349568K(349568K), 0.0747526 secs] 506815K->506796K(506816K), [Metaspace: 12955K->12955K(1060864K)], 0.0748401 secs] [Times: user=0.08 sys=0.00, real=0.08 secs] 
2017-11-10T19:35:48.483+0500: 391.942: [Full GC (Allocation Failure) 2017-11-10T19:35:48.483+0500: 391.942: [Tenured: 349568K->349567K(349568K), 0.0759064 secs] 506815K->506796K(506816K), [Metaspace: 12955K->12955K(1060864K)], 0.0759782 secs] [Times: user=0.08 sys=0.00, real=0.08 secs] 
2017-11-10T19:35:48.559+0500: 392.018: [Full GC (Allocation Failure) 2017-11-10T19:35:48.559+0500: 392.018: [Tenured: 349567K->349567K(349568K), 0.0758780 secs] 506815K->506796K(506816K), [Metaspace: 12955K->12955K(1060864K)], 0.0759631 secs] [Times: user=0.08 sys=0.00, real=0.08 secs] 
2017-11-10T19:35:48.636+0500: 392.095: [Full GC (Allocation Failure) 2017-11-10T19:35:48.636+0500: 392.095: [Tenured: 349567K->349567K(349568K), 0.0767350 secs] 506815K->506797K(506816K), [Metaspace: 12955K->12955K(1060864K)], 0.0768054 secs] [Times: user=0.08 sys=0.00, real=0.08 secs] 
2017-11-10T19:35:48.713+0500: 392.172: [Full GC (Allocation Failure) 2017-11-10T19:35:48.713+0500: 392.172: [Tenured: 349568K->349568K(349568K), 0.0774263 secs] 506815K->506796K(506816K), [Metaspace: 12955K->12955K(1060864K)], 0.0774992 secs] [Times: user=0.08 sys=0.00, real=0.08 secs] 
2017-11-10T19:35:48.791+0500: 392.250: [Full GC (Allocation Failure) 2017-11-10T19:35:48.791+0500: 392.250: [Tenured: 349568K->349567K(349568K), 0.0745424 secs] 506815K->506796K(506816K), [Metaspace: 12955K->12955K(1060864K)], 0.0746294 secs] [Times: user=0.08 sys=0.00, real=0.08 secs] 
2017-11-10T19:35:48.866+0500: 392.325: [Full GC (Allocation Failure) 2017-11-10T19:35:48.866+0500: 392.325: [Tenured: 349567K->349567K(349568K), 0.0758189 secs] 506815K->506796K(506816K), [Metaspace: 12955K->12955K(1060864K)], 0.0758927 secs] [Times: user=0.08 sys=0.00, real=0.08 secs] 
2017-11-10T19:35:48.943+0500: 392.402: [Full GC (Allocation Failure) 2017-11-10T19:35:48.943+0500: 392.402: [Tenured: 349567K->349567K(349568K), 0.0775114 secs] 506815K->506797K(506816K), [Metaspace: 12955K->12955K(1060864K)], 0.0776189 secs] [Times: user=0.06 sys=0.00, real=0.08 secs] 
2017-11-10T19:35:49.021+0500: 392.480: [Full GC (Allocation Failure) 2017-11-10T19:35:49.021+0500: 392.480: [Tenured: 349568K->349568K(349568K), 0.0774268 secs] 506815K->506796K(506816K), [Metaspace: 12955K->12955K(1060864K)], 0.0775114 secs] [Times: user=0.08 sys=0.00, real=0.08 secs] 
2017-11-10T19:35:49.099+0500: 392.558: [Full GC (Allocation Failure) 2017-11-10T19:35:49.099+0500: 392.558: [Tenured: 349568K->349567K(349568K), 0.0765615 secs] 506815K->506796K(506816K), [Metaspace: 12955K->12955K(1060864K)], 0.0766314 secs] [Times: user=0.08 sys=0.00, real=0.08 secs] 
2017-11-10T19:35:49.176+0500: 392.635: [Full GC (Allocation Failure) 2017-11-10T19:35:49.176+0500: 392.635: [Tenured: 349567K->349567K(349568K), 0.0739489 secs] 506815K->506796K(506816K), [Metaspace: 12955K->12955K(1060864K)], 0.0740246 secs] [Times: user=0.06 sys=0.00, real=0.07 secs] 
2017-11-10T19:35:49.251+0500: 392.710: [Full GC (Allocation Failure) 2017-11-10T19:35:49.251+0500: 392.710: [Tenured: 349567K->349567K(349568K), 0.0757533 secs] 506815K->506797K(506816K), [Metaspace: 12955K->12955K(1060864K)], 0.0758775 secs] [Times: user=0.08 sys=0.00, real=0.08 secs] 
2017-11-10T19:35:49.327+0500: 392.786: [Full GC (Allocation Failure) 2017-11-10T19:35:49.327+0500: 392.786: [Tenured: 349568K->349568K(349568K), 0.0739797 secs] 506815K->506796K(506816K), [Metaspace: 12955K->12955K(1060864K)], 0.0740579 secs] [Times: user=0.08 sys=0.00, real=0.07 secs] 
2017-11-10T19:35:49.402+0500: 392.861: [Full GC (Allocation Failure) 2017-11-10T19:35:49.402+0500: 392.861: [Tenured: 349568K->349567K(349568K), 0.0754981 secs] 506815K->506796K(506816K), [Metaspace: 12955K->12955K(1060864K)], 0.0755773 secs] [Times: user=0.08 sys=0.00, real=0.08 secs] 
2017-11-10T19:35:49.478+0500: 392.937: [Full GC (Allocation Failure) 2017-11-10T19:35:49.478+0500: 392.937: [Tenured: 349567K->349567K(349568K), 0.0745448 secs] 506815K->506796K(506816K), [Metaspace: 12955K->12955K(1060864K)], 0.0746265 secs] [Times: user=0.08 sys=0.00, real=0.07 secs] 
2017-11-10T19:35:49.553+0500: 393.012: [Full GC (Allocation Failure) 2017-11-10T19:35:49.553+0500: 393.012: [Tenured: 349567K->349567K(349568K), 0.0759919 secs] 506815K->506797K(506816K), [Metaspace: 12955K->12955K(1060864K)], 0.0760701 secs] [Times: user=0.08 sys=0.00, real=0.08 secs] 
2017-11-10T19:35:49.630+0500: 393.089: [Full GC (Allocation Failure) 2017-11-10T19:35:49.630+0500: 393.089: [Tenured: 349568K->349568K(349568K), 0.0788949 secs] 506815K->506796K(506816K), [Metaspace: 12955K->12955K(1060864K)], 0.0789957 secs] [Times: user=0.08 sys=0.00, real=0.08 secs] 
2017-11-10T19:35:49.709+0500: 393.168: [Full GC (Allocation Failure) 2017-11-10T19:35:49.709+0500: 393.168: [Tenured: 349568K->349567K(349568K), 0.0738413 secs] 506815K->506796K(506816K), [Metaspace: 12955K->12955K(1060864K)], 0.0739464 secs] [Times: user=0.06 sys=0.00, real=0.07 secs] 
2017-11-10T19:35:49.784+0500: 393.243: [Full GC (Allocation Failure) 2017-11-10T19:35:49.784+0500: 393.243: [Tenured: 349567K->349567K(349568K), 0.0748831 secs] 506815K->506796K(506816K), [Metaspace: 12955K->12955K(1060864K)], 0.0749545 secs] [Times: user=0.06 sys=0.00, real=0.08 secs] 
2017-11-10T19:35:49.859+0500: 393.318: [Full GC (Allocation Failure) 2017-11-10T19:35:49.859+0500: 393.318: [Tenured: 349567K->349567K(349568K), 0.0751980 secs] 506815K->506797K(506816K), [Metaspace: 12955K->12955K(1060864K)], 0.0752684 secs] [Times: user=0.08 sys=0.00, real=0.08 secs] 
2017-11-10T19:35:49.935+0500: 393.394: [Full GC (Allocation Failure) 2017-11-10T19:35:49.935+0500: 393.394: [Tenured: 349568K->349568K(349568K), 0.0751422 secs] 506815K->506796K(506816K), [Metaspace: 12955K->12955K(1060864K)], 0.0752136 secs] [Times: user=0.08 sys=0.00, real=0.08 secs] 
2017-11-10T19:35:50.011+0500: 393.470: [Full GC (Allocation Failure) 2017-11-10T19:35:50.011+0500: 393.470: [Tenured: 349568K->349567K(349568K), 0.0736658 secs] 506815K->506796K(506816K), [Metaspace: 12955K->12955K(1060864K)], 0.0737421 secs] [Times: user=0.08 sys=0.00, real=0.07 secs] 
2017-11-10T19:35:50.085+0500: 393.544: [Full GC (Allocation Failure) 2017-11-10T19:35:50.085+0500: 393.544: [Tenured: 349567K->349567K(349568K), 0.0748572 secs] 506815K->506796K(506816K), [Metaspace: 12955K->12955K(1060864K)], 0.0749359 secs] [Times: user=0.08 sys=0.00, real=0.08 secs] 
2017-11-10T19:35:50.160+0500: 393.620: [Full GC (Allocation Failure) 2017-11-10T19:35:50.160+0500: 393.620: [Tenured: 349567K->349567K(349568K), 0.0748000 secs] 506815K->506797K(506816K), [Metaspace: 12955K->12955K(1060864K)], 0.0748714 secs] [Times: user=0.06 sys=0.00, real=0.07 secs] 
2017-11-10T19:35:50.236+0500: 393.695: [Full GC (Allocation Failure) 2017-11-10T19:35:50.236+0500: 393.695: [Tenured: 349568K->349568K(349568K), 0.0755094 secs] 506815K->506796K(506816K), [Metaspace: 12955K->12955K(1060864K)], 0.0755847 secs] [Times: user=0.08 sys=0.00, real=0.08 secs] 
2017-11-10T19:35:50.312+0500: 393.771: [Full GC (Allocation Failure) 2017-11-10T19:35:50.312+0500: 393.771: [Tenured: 349568K->349567K(349568K), 0.0763170 secs] 506815K->506796K(506816K), [Metaspace: 12955K->12955K(1060864K)], 0.0764373 secs] [Times: user=0.08 sys=0.00, real=0.08 secs] 
2017-11-10T19:35:50.389+0500: 393.848: [Full GC (Allocation Failure) 2017-11-10T19:35:50.389+0500: 393.848: [Tenured: 349567K->349567K(349568K), 0.0755465 secs] 506815K->506796K(506816K), [Metaspace: 12955K->12955K(1060864K)], 0.0756326 secs] [Times: user=0.08 sys=0.00, real=0.08 secs] 
2017-11-10T19:35:50.465+0500: 393.925: [Full GC (Allocation Failure) 2017-11-10T19:35:50.465+0500: 393.925: [Tenured: 349567K->349567K(349568K), 0.0756023 secs] 506815K->506797K(506816K), [Metaspace: 12955K->12955K(1060864K)], 0.0757030 secs] [Times: user=0.08 sys=0.00, real=0.08 secs] 
2017-11-10T19:35:50.542+0500: 394.001: [Full GC (Allocation Failure) 2017-11-10T19:35:50.542+0500: 394.001: [Tenured: 349568K->349568K(349568K), 0.0748372 secs] 506815K->506796K(506816K), [Metaspace: 12955K->12955K(1060864K)], 0.0749081 secs] [Times: user=0.08 sys=0.00, real=0.08 secs] 
2017-11-10T19:35:50.617+0500: 394.076: [Full GC (Allocation Failure) 2017-11-10T19:35:50.617+0500: 394.076: [Tenured: 349568K->349567K(349568K), 0.0780487 secs] 506815K->506796K(506816K), [Metaspace: 12955K->12955K(1060864K)], 0.0781240 secs] [Times: user=0.08 sys=0.00, real=0.08 secs] 
2017-11-10T19:35:50.696+0500: 394.155: [Full GC (Allocation Failure) 2017-11-10T19:35:50.696+0500: 394.155: [Tenured: 349567K->349567K(349568K), 0.0771310 secs] 506815K->506796K(506816K), [Metaspace: 12955K->12955K(1060864K)], 0.0772039 secs] [Times: user=0.08 sys=0.00, real=0.08 secs] 
2017-11-10T19:35:50.773+0500: 394.233: [Full GC (Allocation Failure) 2017-11-10T19:35:50.773+0500: 394.233: [Tenured: 349567K->349567K(349568K), 0.0744192 secs] 506815K->506797K(506816K), [Metaspace: 12955K->12955K(1060864K)], 0.0744920 secs] [Times: user=0.08 sys=0.00, real=0.08 secs] 
2017-11-10T19:35:50.848+0500: 394.308: [Full GC (Allocation Failure) 2017-11-10T19:35:50.848+0500: 394.308: [Tenured: 349568K->349568K(349568K), 0.0774180 secs] 506815K->506796K(506816K), [Metaspace: 12955K->12955K(1060864K)], 0.0774987 secs] [Times: user=0.08 sys=0.00, real=0.08 secs] 
2017-11-10T19:35:50.926+0500: 394.386: [Full GC (Allocation Failure) 2017-11-10T19:35:50.926+0500: 394.386: [Tenured: 349568K->349567K(349568K), 0.0763933 secs] 506815K->506796K(506816K), [Metaspace: 12955K->12955K(1060864K)], 0.0764813 secs] [Times: user=0.08 sys=0.00, real=0.08 secs] 
2017-11-10T19:35:51.004+0500: 394.463: [Full GC (Allocation Failure) 2017-11-10T19:35:51.004+0500: 394.463: [Tenured: 349567K->349567K(349568K), 0.0783885 secs] 506815K->506796K(506816K), [Metaspace: 12955K->12955K(1060864K)], 0.0784696 secs] [Times: user=0.08 sys=0.00, real=0.08 secs] 
2017-11-10T19:35:51.083+0500: 394.542: [Full GC (Allocation Failure) 2017-11-10T19:35:51.083+0500: 394.542: [Tenured: 349567K->349567K(349568K), 0.0781504 secs] 506815K->506797K(506816K), [Metaspace: 12955K->12955K(1060864K)], 0.0782291 secs] [Times: user=0.08 sys=0.00, real=0.08 secs] 
2017-11-10T19:35:51.161+0500: 394.621: [Full GC (Allocation Failure) 2017-11-10T19:35:51.161+0500: 394.621: [Tenured: 349568K->349568K(349568K), 0.0777153 secs] 506815K->506796K(506816K), [Metaspace: 12955K->12955K(1060864K)], 0.0778116 secs] [Times: user=0.08 sys=0.00, real=0.08 secs] 
2017-11-10T19:35:51.240+0500: 394.699: [Full GC (Allocation Failure) 2017-11-10T19:35:51.240+0500: 394.699: [Tenured: 349568K->349567K(349568K), 0.0752444 secs] 506815K->506796K(506816K), [Metaspace: 12955K->12955K(1060864K)], 0.0753441 secs] [Times: user=0.08 sys=0.00, real=0.08 secs] 
2017-11-10T19:35:51.316+0500: 394.775: [Full GC (Allocation Failure) 2017-11-10T19:35:51.316+0500: 394.775: [Tenured: 349567K->349567K(349568K), 0.0751031 secs] 506815K->506796K(506816K), [Metaspace: 12955K->12955K(1060864K)], 0.0751901 secs] [Times: user=0.06 sys=0.00, real=0.08 secs] 
2017-11-10T19:35:51.392+0500: 394.851: [Full GC (Allocation Failure) 2017-11-10T19:35:51.392+0500: 394.851: [Tenured: 349567K->349567K(349568K), 0.0761826 secs] 506815K->506797K(506816K), [Metaspace: 12955K->12955K(1060864K)], 0.0762901 secs] [Times: user=0.08 sys=0.00, real=0.08 secs] 
2017-11-10T19:35:51.468+0500: 394.928: [Full GC (Allocation Failure) 2017-11-10T19:35:51.468+0500: 394.928: [Tenured: 349568K->349568K(349568K), 0.0780560 secs] 506815K->506796K(506816K), [Metaspace: 12955K->12955K(1060864K)], 0.0781450 secs] [Times: user=0.08 sys=0.00, real=0.08 secs] 
2017-11-10T19:35:51.548+0500: 395.006: [Full GC (Allocation Failure) 2017-11-10T19:35:51.548+0500: 395.006: [Tenured: 349568K->349567K(349568K), 0.0760897 secs] 506815K->506796K(506816K), [Metaspace: 12955K->12955K(1060864K)], 0.0761772 secs] [Times: user=0.08 sys=0.00, real=0.08 secs] 
2017-11-10T19:35:51.624+0500: 395.083: [Full GC (Allocation Failure) 2017-11-10T19:35:51.624+0500: 395.083: [Tenured: 349567K->349567K(349568K), 0.0753539 secs] 506815K->506796K(506816K), [Metaspace: 12955K->12955K(1060864K)], 0.0754576 secs] [Times: user=0.08 sys=0.00, real=0.08 secs] 
2017-11-10T19:35:51.700+0500: 395.159: [Full GC (Allocation Failure) 2017-11-10T19:35:51.700+0500: 395.159: [Tenured: 349567K->349567K(349568K), 0.0754194 secs] 506815K->506797K(506816K), [Metaspace: 12955K->12955K(1060864K)], 0.0754893 secs] [Times: user=0.08 sys=0.00, real=0.08 secs] 
2017-11-10T19:35:51.776+0500: 395.235: [Full GC (Allocation Failure) 2017-11-10T19:35:51.776+0500: 395.235: [Tenured: 349568K->349568K(349568K), 0.0764559 secs] 506815K->506796K(506816K), [Metaspace: 12955K->12955K(1060864K)], 0.0765321 secs] [Times: user=0.08 sys=0.00, real=0.08 secs] 
2017-11-10T19:35:51.854+0500: 395.312: [Full GC (Allocation Failure) 2017-11-10T19:35:51.854+0500: 395.313: [Tenured: 349568K->349567K(349568K), 0.0788720 secs] 506815K->506796K(506816K), [Metaspace: 12955K->12955K(1060864K)], 0.0789829 secs] [Times: user=0.08 sys=0.00, real=0.08 secs] 
2017-11-10T19:35:51.933+0500: 395.392: [Full GC (Allocation Failure) 2017-11-10T19:35:51.933+0500: 395.392: [Tenured: 349567K->349567K(349568K), 0.0768108 secs] 506815K->506796K(506816K), [Metaspace: 12955K->12955K(1060864K)], 0.0768964 secs] [Times: user=0.08 sys=0.00, real=0.08 secs] 
2017-11-10T19:35:52.011+0500: 395.470: [Full GC (Allocation Failure) 2017-11-10T19:35:52.011+0500: 395.470: [Tenured: 349567K->349567K(349568K), 0.0747389 secs] 506815K->506797K(506816K), [Metaspace: 12955K->12955K(1060864K)], 0.0748401 secs] [Times: user=0.08 sys=0.00, real=0.07 secs] 
2017-11-10T19:35:52.086+0500: 395.545: [Full GC (Allocation Failure) 2017-11-10T19:35:52.086+0500: 395.545: [Tenured: 349568K->349568K(349568K), 0.0772948 secs] 506815K->506796K(506816K), [Metaspace: 12955K->12955K(1060864K)], 0.0773701 secs] [Times: user=0.08 sys=0.00, real=0.08 secs] 
2017-11-10T19:35:52.164+0500: 395.623: [Full GC (Allocation Failure) 2017-11-10T19:35:52.164+0500: 395.623: [Tenured: 349568K->349567K(349568K), 0.0749604 secs] 506815K->506796K(506816K), [Metaspace: 12955K->12955K(1060864K)], 0.0750337 secs] [Times: user=0.08 sys=0.00, real=0.08 secs] 
2017-11-10T19:35:52.239+0500: 395.698: [Full GC (Allocation Failure) 2017-11-10T19:35:52.240+0500: 395.698: [Tenured: 349567K->349567K(349568K), 0.0747355 secs] 506815K->506796K(506816K), [Metaspace: 12955K->12955K(1060864K)], 0.0748191 secs] [Times: user=0.06 sys=0.00, real=0.07 secs] 
2017-11-10T19:35:52.315+0500: 395.774: [Full GC (Allocation Failure) 2017-11-10T19:35:52.315+0500: 395.774: [Tenured: 349567K->349567K(349568K), 0.0757577 secs] 506815K->506797K(506816K), [Metaspace: 12955K->12955K(1060864K)], 0.0758325 secs] [Times: user=0.08 sys=0.00, real=0.08 secs] 
2017-11-10T19:35:52.391+0500: 395.850: [Full GC (Allocation Failure) 2017-11-10T19:35:52.391+0500: 395.850: [Tenured: 349568K->349568K(349568K), 0.0743439 secs] 506815K->506796K(506816K), [Metaspace: 12955K->12955K(1060864K)], 0.0744167 secs] [Times: user=0.08 sys=0.00, real=0.08 secs] 
2017-11-10T19:35:52.466+0500: 395.925: [Full GC (Allocation Failure) 2017-11-10T19:35:52.466+0500: 395.925: [Tenured: 349568K->349567K(349568K), 0.0748073 secs] 506815K->506796K(506816K), [Metaspace: 12955K->12955K(1060864K)], 0.0749203 secs] [Times: user=0.08 sys=0.00, real=0.07 secs] 
2017-11-10T19:35:52.542+0500: 396.001: [Full GC (Allocation Failure) 2017-11-10T19:35:52.542+0500: 396.001: [Tenured: 349567K->349567K(349568K), 0.0754610 secs] 506815K->506796K(506816K), [Metaspace: 12955K->12955K(1060864K)], 0.0755676 secs] [Times: user=0.08 sys=0.00, real=0.08 secs] 
2017-11-10T19:35:52.618+0500: 396.077: [Full GC (Allocation Failure) 2017-11-10T19:35:52.618+0500: 396.077: [Tenured: 349567K->349567K(349568K), 0.0771706 secs] 506815K->506797K(506816K), [Metaspace: 12955K->12955K(1060864K)], 0.0772611 secs] [Times: user=0.08 sys=0.00, real=0.08 secs] 
2017-11-10T19:35:52.696+0500: 396.155: [Full GC (Allocation Failure) 2017-11-10T19:35:52.696+0500: 396.155: [Tenured: 349567K->349567K(349568K), 0.0744314 secs] 506815K->506796K(506816K), [Metaspace: 12955K->12955K(1060864K)], 0.0745086 secs] [Times: user=0.08 sys=0.00, real=0.07 secs] 
2017-11-10T19:35:52.771+0500: 396.230: [Full GC (Allocation Failure) 2017-11-10T19:35:52.771+0500: 396.230: [Tenured: 349567K->349567K(349568K), 0.0763508 secs] 506815K->506796K(506816K), [Metaspace: 12955K->12955K(1060864K)], 0.0764471 secs] [Times: user=0.08 sys=0.00, real=0.08 secs] 
2017-11-10T19:35:52.848+0500: 396.307: [Full GC (Allocation Failure) 2017-11-10T19:35:52.848+0500: 396.307: [Tenured: 349567K->349567K(349568K), 0.0766221 secs] 506815K->506796K(506816K), [Metaspace: 12955K->12955K(1060864K)], 0.0767272 secs] [Times: user=0.08 sys=0.00, real=0.08 secs] 
2017-11-10T19:35:52.925+0500: 396.384: [Full GC (Allocation Failure) 2017-11-10T19:35:52.925+0500: 396.384: [Tenured: 349567K->349567K(349568K), 0.0738653 secs] 506815K->506797K(506816K), [Metaspace: 12955K->12955K(1060864K)], 0.0739733 secs] [Times: user=0.06 sys=0.00, real=0.07 secs] 
2017-11-10T19:35:53.000+0500: 396.459: [Full GC (Allocation Failure) 2017-11-10T19:35:53.000+0500: 396.459: [Tenured: 349567K->349567K(349568K), 0.0769614 secs] 506815K->506796K(506816K), [Metaspace: 12955K->12955K(1060864K)], 0.0770685 secs] [Times: user=0.06 sys=0.00, real=0.08 secs] 
2017-11-10T19:35:53.077+0500: 396.536: [Full GC (Allocation Failure) 2017-11-10T19:35:53.077+0500: 396.536: [Tenured: 349567K->349567K(349568K), 0.0746279 secs] 506815K->506796K(506816K), [Metaspace: 12955K->12955K(1060864K)], 0.0747008 secs] [Times: user=0.08 sys=0.00, real=0.08 secs] 
2017-11-10T19:35:53.152+0500: 396.612: [Full GC (Allocation Failure) 2017-11-10T19:35:53.153+0500: 396.612: [Tenured: 349567K->349567K(349568K), 0.0749633 secs] 506815K->506796K(506816K), [Metaspace: 12955K->12955K(1060864K)], 0.0750542 secs] [Times: user=0.08 sys=0.00, real=0.08 secs] 
2017-11-10T19:35:53.228+0500: 396.687: [Full GC (Allocation Failure) 2017-11-10T19:35:53.228+0500: 396.687: [Tenured: 349567K->349567K(349568K), 0.0782516 secs] 506815K->506797K(506816K), [Metaspace: 12955K->12955K(1060864K)], 0.0783518 secs] [Times: user=0.08 sys=0.00, real=0.08 secs] 
2017-11-10T19:35:53.307+0500: 396.766: [Full GC (Allocation Failure) 2017-11-10T19:35:53.307+0500: 396.767: [Tenured: 349567K->349567K(349568K), 0.0764270 secs] 506815K->506796K(506816K), [Metaspace: 12955K->12955K(1060864K)], 0.0765277 secs] [Times: user=0.08 sys=0.00, real=0.08 secs] 
2017-11-10T19:35:53.385+0500: 396.844: [Full GC (Allocation Failure) 2017-11-10T19:35:53.385+0500: 396.844: [Tenured: 349567K->349567K(349568K), 0.0784950 secs] 506815K->506796K(506816K), [Metaspace: 12955K->12955K(1060864K)], 0.0785737 secs] [Times: user=0.06 sys=0.00, real=0.08 secs] 
2017-11-10T19:35:53.464+0500: 396.923: [Full GC (Allocation Failure) 2017-11-10T19:35:53.464+0500: 396.923: [Tenured: 349567K->349567K(349568K), 0.0756081 secs] 506815K->506796K(506816K), [Metaspace: 12955K->12955K(1060864K)], 0.0756810 secs] [Times: user=0.08 sys=0.00, real=0.08 secs] 
2017-11-10T19:35:53.540+0500: 396.999: [Full GC (Allocation Failure) 2017-11-10T19:35:53.540+0500: 396.999: [Tenured: 349567K->349567K(349568K), 0.0751163 secs] 506815K->506797K(506816K), [Metaspace: 12955K->12955K(1060864K)], 0.0751911 secs] [Times: user=0.08 sys=0.00, real=0.08 secs] 
2017-11-10T19:35:53.616+0500: 397.075: [Full GC (Allocation Failure) 2017-11-10T19:35:53.616+0500: 397.075: [Tenured: 349567K->349567K(349568K), 0.0754649 secs] 506815K->506796K(506816K), [Metaspace: 12955K->12955K(1060864K)], 0.0755627 secs] [Times: user=0.08 sys=0.00, real=0.08 secs] 
2017-11-10T19:35:53.692+0500: 397.151: [Full GC (Allocation Failure) 2017-11-10T19:35:53.692+0500: 397.151: [Tenured: 349567K->349567K(349568K), 0.0750689 secs] 506815K->506796K(506816K), [Metaspace: 12955K->12955K(1060864K)], 0.0751662 secs] [Times: user=0.06 sys=0.00, real=0.08 secs] 
2017-11-10T19:35:53.768+0500: 397.227: [Full GC (Allocation Failure) 2017-11-10T19:35:53.768+0500: 397.227: [Tenured: 349567K->349567K(349568K), 0.0751261 secs] 506815K->506796K(506816K), [Metaspace: 12955K->12955K(1060864K)], 0.0752136 secs] [Times: user=0.08 sys=0.00, real=0.08 secs] 
2017-11-10T19:35:53.843+0500: 397.303: [Full GC (Allocation Failure) 2017-11-10T19:35:53.844+0500: 397.303: [Tenured: 349567K->349567K(349568K), 0.0791428 secs] 506815K->506797K(506816K), [Metaspace: 12955K->12955K(1060864K)], 0.0792636 secs] [Times: user=0.08 sys=0.00, real=0.08 secs] 
2017-11-10T19:35:53.923+0500: 397.382: [Full GC (Allocation Failure) 2017-11-10T19:35:53.923+0500: 397.382: [Tenured: 349567K->349567K(349568K), 0.0767184 secs] 506815K->506796K(506816K), [Metaspace: 12955K->12955K(1060864K)], 0.0768069 secs] [Times: user=0.08 sys=0.00, real=0.08 secs] 
2017-11-10T19:35:54.001+0500: 397.460: [Full GC (Allocation Failure) 2017-11-10T19:35:54.001+0500: 397.460: [Tenured: 349567K->349567K(349568K), 0.0772787 secs] 506815K->506796K(506816K), [Metaspace: 12955K->12955K(1060864K)], 0.0773525 secs] [Times: user=0.08 sys=0.00, real=0.08 secs] 
2017-11-10T19:35:54.079+0500: 397.538: [Full GC (Allocation Failure) 2017-11-10T19:35:54.079+0500: 397.538: [Tenured: 349567K->349567K(349568K), 0.0757421 secs] 506815K->506796K(506816K), [Metaspace: 12955K->12955K(1060864K)], 0.0758443 secs] [Times: user=0.08 sys=0.00, real=0.08 secs] 
2017-11-10T19:35:54.155+0500: 397.614: [Full GC (Allocation Failure) 2017-11-10T19:35:54.155+0500: 397.614: [Tenured: 349567K->349567K(349568K), 0.0749873 secs] 506815K->506797K(506816K), [Metaspace: 12955K->12955K(1060864K)], 0.0750914 secs] [Times: user=0.08 sys=0.00, real=0.08 secs] 
2017-11-10T19:35:54.231+0500: 397.690: [Full GC (Allocation Failure) 2017-11-10T19:35:54.231+0500: 397.690: [Tenured: 349567K->349567K(349568K), 0.0772880 secs] 506815K->506796K(506816K), [Metaspace: 12955K->12955K(1060864K)], 0.0773897 secs] [Times: user=0.08 sys=0.00, real=0.08 secs] 
2017-11-10T19:35:54.309+0500: 397.768: [Full GC (Allocation Failure) 2017-11-10T19:35:54.309+0500: 397.768: [Tenured: 349567K->349567K(349568K), 0.0750973 secs] 506815K->506796K(506816K), [Metaspace: 12955K->12955K(1060864K)], 0.0752019 secs] [Times: user=0.08 sys=0.00, real=0.08 secs] 
2017-11-10T19:35:54.385+0500: 397.844: [Full GC (Allocation Failure) 2017-11-10T19:35:54.385+0500: 397.844: [Tenured: 349567K->349567K(349568K), 0.0750229 secs] 506815K->506796K(506816K), [Metaspace: 12955K->12955K(1060864K)], 0.0751207 secs] [Times: user=0.08 sys=0.00, real=0.08 secs] 
2017-11-10T19:35:54.460+0500: 397.919: [Full GC (Allocation Failure) 2017-11-10T19:35:54.460+0500: 397.919: [Tenured: 349567K->349567K(349568K), 0.0749936 secs] 506815K->506797K(506816K), [Metaspace: 12955K->12955K(1060864K)], 0.0750728 secs] [Times: user=0.08 sys=0.00, real=0.08 secs] 
2017-11-10T19:35:54.536+0500: 397.995: [Full GC (Allocation Failure) 2017-11-10T19:35:54.536+0500: 397.995: [Tenured: 349567K->349567K(349568K), 0.0754615 secs] 506815K->506796K(506816K), [Metaspace: 12955K->12955K(1060864K)], 0.0755338 secs] [Times: user=0.06 sys=0.00, real=0.08 secs] 
2017-11-10T19:35:54.612+0500: 398.071: [Full GC (Allocation Failure) 2017-11-10T19:35:54.612+0500: 398.071: [Tenured: 349567K->349567K(349568K), 0.0767194 secs] 506815K->506796K(506816K), [Metaspace: 12955K->12955K(1060864K)], 0.0768020 secs] [Times: user=0.06 sys=0.00, real=0.08 secs] 
2017-11-10T19:35:54.689+0500: 398.149: [Full GC (Allocation Failure) 2017-11-10T19:35:54.689+0500: 398.149: [Tenured: 349567K->349567K(349568K), 0.0742261 secs] 506815K->506796K(506816K), [Metaspace: 12955K->12955K(1060864K)], 0.0743004 secs] [Times: user=0.08 sys=0.00, real=0.08 secs] 
2017-11-10T19:35:54.764+0500: 398.223: [Full GC (Allocation Failure) 2017-11-10T19:35:54.764+0500: 398.224: [Tenured: 349567K->349567K(349568K), 0.0751403 secs] 506815K->506797K(506816K), [Metaspace: 12955K->12955K(1060864K)], 0.0752542 secs] [Times: user=0.08 sys=0.00, real=0.08 secs] 
2017-11-10T19:35:54.840+0500: 398.299: [Full GC (Allocation Failure) 2017-11-10T19:35:54.840+0500: 398.299: [Tenured: 349567K->349567K(349568K), 0.0753823 secs] 506815K->506796K(506816K), [Metaspace: 12955K->12955K(1060864K)], 0.0754649 secs] [Times: user=0.08 sys=0.00, real=0.08 secs] 
2017-11-10T19:35:54.916+0500: 398.375: [Full GC (Allocation Failure) 2017-11-10T19:35:54.916+0500: 398.375: [Tenured: 349567K->349567K(349568K), 0.0749022 secs] 506815K->506796K(506816K), [Metaspace: 12955K->12955K(1060864K)], 0.0749794 secs] [Times: user=0.08 sys=0.00, real=0.08 secs] 
2017-11-10T19:35:54.992+0500: 398.451: [Full GC (Allocation Failure) 2017-11-10T19:35:54.992+0500: 398.451: [Tenured: 349567K->349567K(349568K), 0.0743879 secs] 506815K->506796K(506816K), [Metaspace: 12955K->12955K(1060864K)], 0.0744676 secs] [Times: user=0.08 sys=0.00, real=0.07 secs] 
2017-11-10T19:35:55.067+0500: 398.526: [Full GC (Allocation Failure) 2017-11-10T19:35:55.067+0500: 398.526: [Tenured: 349567K->349567K(349568K), 0.0749315 secs] 506815K->506797K(506816K), [Metaspace: 12955K->12955K(1060864K)], 0.0750132 secs] [Times: user=0.06 sys=0.00, real=0.08 secs] 
2017-11-10T19:35:55.142+0500: 398.601: [Full GC (Allocation Failure) 2017-11-10T19:35:55.142+0500: 398.601: [Tenured: 349567K->349567K(349568K), 0.0771418 secs] 506815K->506796K(506816K), [Metaspace: 12955K->12955K(1060864K)], 0.0772420 secs] [Times: user=0.08 sys=0.00, real=0.08 secs] 
2017-11-10T19:35:55.220+0500: 398.679: [Full GC (Allocation Failure) 2017-11-10T19:35:55.220+0500: 398.679: [Tenured: 349567K->349567K(349568K), 0.0774972 secs] 506815K->506796K(506816K), [Metaspace: 12955K->12955K(1060864K)], 0.0775784 secs] [Times: user=0.08 sys=0.00, real=0.08 secs] 
2017-11-10T19:35:55.298+0500: 398.758: [Full GC (Allocation Failure) 2017-11-10T19:35:55.298+0500: 398.758: [Tenured: 349567K->349567K(349568K), 0.0756042 secs] 506815K->506796K(506816K), [Metaspace: 12955K->12955K(1060864K)], 0.0756873 secs] [Times: user=0.08 sys=0.00, real=0.08 secs] 
2017-11-10T19:35:55.374+0500: 398.834: [Full GC (Allocation Failure) 2017-11-10T19:35:55.375+0500: 398.834: [Tenured: 349567K->349567K(349568K), 0.0743634 secs] 506815K->506797K(506816K), [Metaspace: 12955K->12955K(1060864K)], 0.0744353 secs] [Times: user=0.08 sys=0.00, real=0.07 secs] 
2017-11-10T19:35:55.449+0500: 398.909: [Full GC (Allocation Failure) 2017-11-10T19:35:55.449+0500: 398.909: [Tenured: 349567K->349567K(349568K), 0.0775373 secs] 506815K->506796K(506816K), [Metaspace: 12955K->12955K(1060864K)], 0.0776145 secs] [Times: user=0.08 sys=0.00, real=0.08 secs] 
2017-11-10T19:35:55.528+0500: 398.987: [Full GC (Allocation Failure) 2017-11-10T19:35:55.528+0500: 398.987: [Tenured: 349567K->349567K(349568K), 0.0820639 secs] 506815K->506796K(506816K), [Metaspace: 12955K->12955K(1060864K)], 0.0821421 secs] [Times: user=0.08 sys=0.00, real=0.08 secs] 
2017-11-10T19:35:55.611+0500: 399.070: [Full GC (Allocation Failure) 2017-11-10T19:35:55.611+0500: 399.070: [Tenured: 349567K->349567K(349568K), 0.1078093 secs] 506815K->506796K(506816K), [Metaspace: 12955K->12955K(1060864K)], 0.1079276 secs] [Times: user=0.11 sys=0.00, real=0.11 secs] 
2017-11-10T19:35:55.720+0500: 399.179: [Full GC (Allocation Failure) 2017-11-10T19:35:55.720+0500: 399.179: [Tenured: 349567K->349567K(349568K), 0.0852994 secs] 506815K->506797K(506816K), [Metaspace: 12955K->12955K(1060864K)], 0.0854436 secs] [Times: user=0.09 sys=0.00, real=0.09 secs] 
2017-11-10T19:35:55.806+0500: 399.265: [Full GC (Allocation Failure) 2017-11-10T19:35:55.806+0500: 399.265: [Tenured: 349567K->349567K(349568K), 0.0754825 secs] 506815K->506796K(506816K), [Metaspace: 12955K->12955K(1060864K)], 0.0755925 secs] [Times: user=0.08 sys=0.00, real=0.08 secs] 
2017-11-10T19:35:55.882+0500: 399.341: [Full GC (Allocation Failure) 2017-11-10T19:35:55.882+0500: 399.341: [Tenured: 349567K->349567K(349568K), 0.0844287 secs] 506815K->506796K(506816K), [Metaspace: 12955K->12955K(1060864K)], 0.0845098 secs] [Times: user=0.08 sys=0.00, real=0.09 secs] 
2017-11-10T19:35:55.967+0500: 399.426: [Full GC (Allocation Failure) 2017-11-10T19:35:55.967+0500: 399.426: [Tenured: 349567K->349567K(349568K), 0.0812133 secs] 506815K->506796K(506816K), [Metaspace: 12955K->12955K(1060864K)], 0.0812983 secs] [Times: user=0.08 sys=0.00, real=0.08 secs] 
2017-11-10T19:35:56.049+0500: 399.508: [Full GC (Allocation Failure) 2017-11-10T19:35:56.049+0500: 399.508: [Tenured: 349567K->349567K(349568K), 0.0812294 secs] 506815K->506797K(506816K), [Metaspace: 12955K->12955K(1060864K)], 0.0813027 secs] [Times: user=0.09 sys=0.00, real=0.08 secs] 
2017-11-10T19:35:56.131+0500: 399.590: [Full GC (Allocation Failure) 2017-11-10T19:35:56.131+0500: 399.590: [Tenured: 349567K->349567K(349568K), 0.0788353 secs] 506815K->506796K(506816K), [Metaspace: 12955K->12955K(1060864K)], 0.0789125 secs] [Times: user=0.08 sys=0.00, real=0.08 secs] 
2017-11-10T19:35:56.210+0500: 399.669: [Full GC (Allocation Failure) 2017-11-10T19:35:56.210+0500: 399.669: [Tenured: 349567K->349567K(349568K), 0.0801416 secs] 506815K->506796K(506816K), [Metaspace: 12955K->12955K(1060864K)], 0.0802208 secs] [Times: user=0.08 sys=0.00, real=0.08 secs] 
2017-11-10T19:35:56.291+0500: 399.750: [Full GC (Allocation Failure) 2017-11-10T19:35:56.291+0500: 399.750: [Tenured: 349567K->349567K(349568K), 0.0857599 secs] 506815K->506796K(506816K), [Metaspace: 12955K->12955K(1060864K)], 0.0858377 secs] [Times: user=0.08 sys=0.00, real=0.09 secs] 
2017-11-10T19:35:56.377+0500: 399.836: [Full GC (Allocation Failure) 2017-11-10T19:35:56.378+0500: 399.836: [Tenured: 349567K->349567K(349568K), 0.0848912 secs] 506815K->506797K(506816K), [Metaspace: 12955K->12955K(1060864K)], 0.0849880 secs] [Times: user=0.09 sys=0.00, real=0.08 secs] 
2017-11-10T19:35:56.463+0500: 399.922: [Full GC (Allocation Failure) 2017-11-10T19:35:56.463+0500: 399.922: [Tenured: 349567K->349567K(349568K), 0.0838317 secs] 506815K->506796K(506816K), [Metaspace: 12955K->12955K(1060864K)], 0.0839393 secs] [Times: user=0.08 sys=0.00, real=0.08 secs] 
2017-11-10T19:35:56.548+0500: 400.007: [Full GC (Allocation Failure) 2017-11-10T19:35:56.548+0500: 400.007: [Tenured: 349567K->349567K(349568K), 0.0798981 secs] 506815K->506796K(506816K), [Metaspace: 12955K->12955K(1060864K)], 0.0800052 secs] [Times: user=0.09 sys=0.00, real=0.08 secs] 
2017-11-10T19:35:56.628+0500: 400.087: [Full GC (Allocation Failure) 2017-11-10T19:35:56.628+0500: 400.087: [Tenured: 349567K->349567K(349568K), 0.0796884 secs] 506815K->506796K(506816K), [Metaspace: 12955K->12955K(1060864K)], 0.0797637 secs] [Times: user=0.08 sys=0.00, real=0.08 secs] 
2017-11-10T19:35:56.709+0500: 400.168: [Full GC (Allocation Failure) 2017-11-10T19:35:56.709+0500: 400.168: [Tenured: 349567K->349567K(349568K), 0.0806931 secs] 506815K->506797K(506816K), [Metaspace: 12955K->12955K(1060864K)], 0.0808133 secs] [Times: user=0.08 sys=0.00, real=0.08 secs] 
2017-11-10T19:35:56.790+0500: 400.249: [Full GC (Allocation Failure) 2017-11-10T19:35:56.790+0500: 400.249: [Tenured: 349567K->349567K(349568K), 0.0780096 secs] 506815K->506796K(506816K), [Metaspace: 12955K->12955K(1060864K)], 0.0781088 secs] [Times: user=0.08 sys=0.00, real=0.08 secs] 
2017-11-10T19:35:56.869+0500: 400.328: [Full GC (Allocation Failure) 2017-11-10T19:35:56.869+0500: 400.328: [Tenured: 349567K->349567K(349568K), 0.0788764 secs] 506815K->506796K(506816K), [Metaspace: 12955K->12955K(1060864K)], 0.0789575 secs] [Times: user=0.08 sys=0.00, real=0.08 secs] 
2017-11-10T19:35:56.948+0500: 400.407: [Full GC (Allocation Failure) 2017-11-10T19:35:56.948+0500: 400.407: [Tenured: 349567K->349567K(349568K), 0.0755324 secs] 506815K->506796K(506816K), [Metaspace: 12955K->12955K(1060864K)], 0.0756037 secs] [Times: user=0.08 sys=0.00, real=0.08 secs] 
2017-11-10T19:35:57.024+0500: 400.484: [Full GC (Allocation Failure) 2017-11-10T19:35:57.024+0500: 400.484: [Tenured: 349567K->349567K(349568K), 0.0750317 secs] 506815K->506797K(506816K), [Metaspace: 12955K->12955K(1060864K)], 0.0751075 secs] [Times: user=0.08 sys=0.00, real=0.08 secs] 
2017-11-10T19:35:57.100+0500: 400.559: [Full GC (Allocation Failure) 2017-11-10T19:35:57.100+0500: 400.559: [Tenured: 349567K->349567K(349568K), 0.0749843 secs] 506815K->506796K(506816K), [Metaspace: 12955K->12955K(1060864K)], 0.0750557 secs] [Times: user=0.08 sys=0.00, real=0.08 secs] 
2017-11-10T19:35:57.176+0500: 400.635: [Full GC (Allocation Failure) 2017-11-10T19:35:57.176+0500: 400.635: [Tenured: 349567K->349567K(349568K), 0.0740251 secs] 506815K->506796K(506816K), [Metaspace: 12955K->12955K(1060864K)], 0.0740985 secs] [Times: user=0.06 sys=0.00, real=0.07 secs] 
2017-11-10T19:35:57.250+0500: 400.709: [Full GC (Allocation Failure) 2017-11-10T19:35:57.250+0500: 400.709: [Tenured: 349567K->349567K(349568K), 0.0768993 secs] 506815K->506796K(506816K), [Metaspace: 12955K->12955K(1060864K)], 0.0769717 secs] [Times: user=0.08 sys=0.00, real=0.08 secs] 
2017-11-10T19:35:57.328+0500: 400.787: [Full GC (Allocation Failure) 2017-11-10T19:35:57.328+0500: 400.787: [Tenured: 349567K->349567K(349568K), 0.0742041 secs] 506815K->506797K(506816K), [Metaspace: 12955K->12955K(1060864K)], 0.0742769 secs] [Times: user=0.08 sys=0.00, real=0.07 secs] 
2017-11-10T19:35:57.403+0500: 400.862: [Full GC (Allocation Failure) 2017-11-10T19:35:57.403+0500: 400.862: [Tenured: 349567K->349567K(349568K), 0.0753461 secs] 506815K->506796K(506816K), [Metaspace: 12955K->12955K(1060864K)], 0.0754243 secs] [Times: user=0.08 sys=0.00, real=0.07 secs] 
2017-11-10T19:35:57.478+0500: 400.938: [Full GC (Allocation Failure) 2017-11-10T19:35:57.479+0500: 400.938: [Tenured: 349567K->349567K(349568K), 0.0752200 secs] 506815K->506796K(506816K), [Metaspace: 12955K->12955K(1060864K)], 0.0753050 secs] [Times: user=0.08 sys=0.00, real=0.08 secs] 
2017-11-10T19:35:57.555+0500: 401.014: [Full GC (Allocation Failure) 2017-11-10T19:35:57.555+0500: 401.014: [Tenured: 349567K->349567K(349568K), 0.0769741 secs] 506815K->506796K(506816K), [Metaspace: 12955K->12955K(1060864K)], 0.0770797 secs] [Times: user=0.08 sys=0.00, real=0.08 secs] 
2017-11-10T19:35:57.633+0500: 401.092: [Full GC (Allocation Failure) 2017-11-10T19:35:57.633+0500: 401.092: [Tenured: 349567K->349567K(349568K), 0.0778106 secs] 506815K->506797K(506816K), [Metaspace: 12955K->12955K(1060864K)], 0.0779142 secs] [Times: user=0.08 sys=0.00, real=0.08 secs] 
2017-11-10T19:35:57.711+0500: 401.170: [Full GC (Allocation Failure) 2017-11-10T19:35:57.711+0500: 401.170: [Tenured: 349567K->349567K(349568K), 0.0739547 secs] 506815K->506796K(506816K), [Metaspace: 12955K->12955K(1060864K)], 0.0740882 secs] [Times: user=0.08 sys=0.00, real=0.07 secs] 
2017-11-10T19:35:57.786+0500: 401.245: [Full GC (Allocation Failure) 2017-11-10T19:35:57.786+0500: 401.245: [Tenured: 349567K->349567K(349568K), 0.0753226 secs] 506815K->506796K(506816K), [Metaspace: 12955K->12955K(1060864K)], 0.0754077 secs] [Times: user=0.06 sys=0.00, real=0.08 secs] 
2017-11-10T19:35:57.862+0500: 401.321: [Full GC (Allocation Failure) 2017-11-10T19:35:57.862+0500: 401.321: [Tenured: 349567K->349567K(349568K), 0.0760022 secs] 506815K->506796K(506816K), [Metaspace: 12955K->12955K(1060864K)], 0.0760726 secs] [Times: user=0.06 sys=0.00, real=0.08 secs] 
2017-11-10T19:35:57.938+0500: 401.398: [Full GC (Allocation Failure) 2017-11-10T19:35:57.938+0500: 401.398: [Tenured: 349567K->349567K(349568K), 0.0755583 secs] 506815K->506797K(506816K), [Metaspace: 12955K->12955K(1060864K)], 0.0756653 secs] [Times: user=0.08 sys=0.00, real=0.08 secs] 
2017-11-10T19:35:58.015+0500: 401.474: [Full GC (Allocation Failure) 2017-11-10T19:35:58.015+0500: 401.474: [Tenured: 349567K->349567K(349568K), 0.0801812 secs] 506815K->506796K(506816K), [Metaspace: 12955K->12955K(1060864K)], 0.0802575 secs] [Times: user=0.08 sys=0.00, real=0.08 secs] 
2017-11-10T19:35:58.096+0500: 401.555: [Full GC (Allocation Failure) 2017-11-10T19:35:58.096+0500: 401.555: [Tenured: 349567K->349567K(349568K), 0.0789165 secs] 506815K->506796K(506816K), [Metaspace: 12955K->12955K(1060864K)], 0.0790318 secs] [Times: user=0.08 sys=0.02, real=0.08 secs] 
2017-11-10T19:35:58.175+0500: 401.634: [Full GC (Allocation Failure) 2017-11-10T19:35:58.175+0500: 401.634: [Tenured: 349567K->349567K(349568K), 0.0760701 secs] 506815K->506796K(506816K), [Metaspace: 12955K->12955K(1060864K)], 0.0761479 secs] [Times: user=0.06 sys=0.00, real=0.08 secs] 
2017-11-10T19:35:58.252+0500: 401.711: [Full GC (Allocation Failure) 2017-11-10T19:35:58.252+0500: 401.711: [Tenured: 349567K->349567K(349568K), 0.0784168 secs] 506815K->506797K(506816K), [Metaspace: 12955K->12955K(1060864K)], 0.0784897 secs] [Times: user=0.09 sys=0.00, real=0.08 secs] 
2017-11-10T19:35:58.331+0500: 401.790: [Full GC (Allocation Failure) 2017-11-10T19:35:58.331+0500: 401.790: [Tenured: 349567K->349567K(349568K), 0.0758189 secs] 506815K->506796K(506816K), [Metaspace: 12955K->12955K(1060864K)], 0.0758941 secs] [Times: user=0.06 sys=0.00, real=0.08 secs] 
2017-11-10T19:35:58.407+0500: 401.867: [Full GC (Allocation Failure) 2017-11-10T19:35:58.407+0500: 401.867: [Tenured: 349567K->349567K(349568K), 0.0763366 secs] 506815K->506796K(506816K), [Metaspace: 12955K->12955K(1060864K)], 0.0764373 secs] [Times: user=0.08 sys=0.00, real=0.08 secs] 
2017-11-10T19:35:58.484+0500: 401.944: [Full GC (Allocation Failure) 2017-11-10T19:35:58.484+0500: 401.944: [Tenured: 349567K->349567K(349568K), 0.0751950 secs] 506815K->506796K(506816K), [Metaspace: 12955K->12955K(1060864K)], 0.0752747 secs] [Times: user=0.08 sys=0.00, real=0.08 secs] 
2017-11-10T19:35:58.560+0500: 402.019: [Full GC (Allocation Failure) 2017-11-10T19:35:58.560+0500: 402.019: [Tenured: 349567K->349567K(349568K), 0.0753916 secs] 506815K->506797K(506816K), [Metaspace: 12955K->12955K(1060864K)], 0.0754732 secs] [Times: user=0.08 sys=0.00, real=0.08 secs] 
2017-11-10T19:35:58.636+0500: 402.096: [Full GC (Allocation Failure) 2017-11-10T19:35:58.636+0500: 402.096: [Tenured: 349567K->349567K(349568K), 0.0777001 secs] 506815K->506796K(506816K), [Metaspace: 12955K->12955K(1060864K)], 0.0778194 secs] [Times: user=0.08 sys=0.00, real=0.08 secs] 
2017-11-10T19:35:58.715+0500: 402.174: [Full GC (Allocation Failure) 2017-11-10T19:35:58.715+0500: 402.174: [Tenured: 349567K->349567K(349568K), 0.0767981 secs] 506815K->506796K(506816K), [Metaspace: 12955K->12955K(1060864K)], 0.0769037 secs] [Times: user=0.08 sys=0.00, real=0.08 secs] 
2017-11-10T19:35:58.792+0500: 402.251: [Full GC (Allocation Failure) 2017-11-10T19:35:58.792+0500: 402.252: [Tenured: 349567K->349567K(349568K), 0.0741586 secs] 506815K->506796K(506816K), [Metaspace: 12955K->12955K(1060864K)], 0.0742613 secs] [Times: user=0.08 sys=0.00, real=0.07 secs] 
2017-11-10T19:35:58.867+0500: 402.326: [Full GC (Allocation Failure) 2017-11-10T19:35:58.867+0500: 402.326: [Tenured: 349567K->349567K(349568K), 0.0765928 secs] 506815K->506797K(506816K), [Metaspace: 12955K->12955K(1060864K)], 0.0766617 secs] [Times: user=0.08 sys=0.00, real=0.08 secs] 
2017-11-10T19:35:58.944+0500: 402.404: [Full GC (Allocation Failure) 2017-11-10T19:35:58.944+0500: 402.404: [Tenured: 349567K->349567K(349568K), 0.0745526 secs] 506815K->506796K(506816K), [Metaspace: 12955K->12955K(1060864K)], 0.0746641 secs] [Times: user=0.08 sys=0.00, real=0.08 secs] 
2017-11-10T19:35:59.019+0500: 402.479: [Full GC (Allocation Failure) 2017-11-10T19:35:59.019+0500: 402.479: [Tenured: 349567K->349567K(349568K), 0.0750273 secs] 506815K->506796K(506816K), [Metaspace: 12955K->12955K(1060864K)], 0.0751046 secs] [Times: user=0.06 sys=0.00, real=0.08 secs] 
2017-11-10T19:35:59.095+0500: 402.554: [Full GC (Allocation Failure) 2017-11-10T19:35:59.095+0500: 402.554: [Tenured: 349567K->349567K(349568K), 0.0737083 secs] 506815K->506796K(506816K), [Metaspace: 12955K->12955K(1060864K)], 0.0737812 secs] [Times: user=0.08 sys=0.00, real=0.07 secs] 
2017-11-10T19:35:59.169+0500: 402.629: [Full GC (Allocation Failure) 2017-11-10T19:35:59.170+0500: 402.629: [Tenured: 349567K->349567K(349568K), 0.0756375 secs] 506815K->506797K(506816K), [Metaspace: 12955K->12955K(1060864K)], 0.0757367 secs] [Times: user=0.08 sys=0.00, real=0.08 secs] 
2017-11-10T19:35:59.246+0500: 402.705: [Full GC (Allocation Failure) 2017-11-10T19:35:59.246+0500: 402.705: [Tenured: 349567K->349567K(349568K), 0.0756316 secs] 506815K->506796K(506816K), [Metaspace: 12955K->12955K(1060864K)], 0.0757284 secs] [Times: user=0.08 sys=0.00, real=0.08 secs] 
2017-11-10T19:35:59.322+0500: 402.781: [Full GC (Allocation Failure) 2017-11-10T19:35:59.322+0500: 402.782: [Tenured: 349567K->349567K(349568K), 0.0771706 secs] 506815K->506796K(506816K), [Metaspace: 12955K->12955K(1060864K)], 0.0772889 secs] [Times: user=0.08 sys=0.00, real=0.08 secs] 
2017-11-10T19:35:59.400+0500: 402.859: [Full GC (Allocation Failure) 2017-11-10T19:35:59.400+0500: 402.859: [Tenured: 349567K->349567K(349568K), 0.0756096 secs] 506815K->506796K(506816K), [Metaspace: 12955K->12955K(1060864K)], 0.0756834 secs] [Times: user=0.08 sys=0.00, real=0.08 secs] 
2017-11-10T19:35:59.477+0500: 402.936: [Full GC (Allocation Failure) 2017-11-10T19:35:59.477+0500: 402.936: [Tenured: 349567K->349567K(349568K), 0.0770494 secs] 506815K->506797K(506816K), [Metaspace: 12955K->12955K(1060864K)], 0.0771310 secs] [Times: user=0.06 sys=0.00, real=0.08 secs] 
2017-11-10T19:35:59.554+0500: 403.013: [Full GC (Allocation Failure) 2017-11-10T19:35:59.554+0500: 403.013: [Tenured: 349567K->349567K(349568K), 0.0773466 secs] 506815K->506796K(506816K), [Metaspace: 12955K->12955K(1060864K)], 0.0774249 secs] [Times: user=0.08 sys=0.00, real=0.08 secs] 
2017-11-10T19:35:59.632+0500: 403.091: [Full GC (Allocation Failure) 2017-11-10T19:35:59.632+0500: 403.091: [Tenured: 349567K->349567K(349568K), 0.0786168 secs] 506815K->506796K(506816K), [Metaspace: 12955K->12955K(1060864K)], 0.0786901 secs] [Times: user=0.08 sys=0.00, real=0.08 secs] 
2017-11-10T19:35:59.712+0500: 403.171: [Full GC (Allocation Failure) 2017-11-10T19:35:59.712+0500: 403.171: [Tenured: 349567K->349567K(349568K), 0.0755069 secs] 506815K->506796K(506816K), [Metaspace: 12955K->12955K(1060864K)], 0.0756008 secs] [Times: user=0.08 sys=0.00, real=0.08 secs] 
2017-11-10T19:35:59.788+0500: 403.247: [Full GC (Allocation Failure) 2017-11-10T19:35:59.788+0500: 403.247: [Tenured: 349567K->349567K(349568K), 0.0748949 secs] 506815K->506797K(506816K), [Metaspace: 12955K->12955K(1060864K)], 0.0750205 secs] [Times: user=0.08 sys=0.00, real=0.07 secs] 
2017-11-10T19:35:59.864+0500: 403.322: [Full GC (Allocation Failure) 2017-11-10T19:35:59.864+0500: 403.322: [Tenured: 349567K->349567K(349568K), 0.0755646 secs] 506815K->506796K(506816K), [Metaspace: 12955K->12955K(1060864K)], 0.0756394 secs] [Times: user=0.06 sys=0.00, real=0.07 secs] 
2017-11-10T19:35:59.940+0500: 403.399: [Full GC (Allocation Failure) 2017-11-10T19:35:59.940+0500: 403.399: [Tenured: 349567K->349567K(349568K), 0.0763151 secs] 506815K->506796K(506816K), [Metaspace: 12955K->12955K(1060864K)], 0.0764143 secs] [Times: user=0.06 sys=0.00, real=0.08 secs] 
2017-11-10T19:36:00.017+0500: 403.476: [Full GC (Allocation Failure) 2017-11-10T19:36:00.017+0500: 403.476: [Tenured: 349567K->349567K(349568K), 0.0750718 secs] 506815K->506796K(506816K), [Metaspace: 12955K->12955K(1060864K)], 0.0751461 secs] [Times: user=0.08 sys=0.00, real=0.08 secs] 
2017-11-10T19:36:00.092+0500: 403.551: [Full GC (Allocation Failure) 2017-11-10T19:36:00.092+0500: 403.551: [Tenured: 349567K->349567K(349568K), 0.0738951 secs] 506815K->506797K(506816K), [Metaspace: 12955K->12955K(1060864K)], 0.0739679 secs] [Times: user=0.08 sys=0.00, real=0.07 secs] 
2017-11-10T19:36:00.167+0500: 403.626: [Full GC (Allocation Failure) 2017-11-10T19:36:00.167+0500: 403.626: [Tenured: 349567K->349567K(349568K), 0.0750337 secs] 506815K->506796K(506816K), [Metaspace: 12955K->12955K(1060864K)], 0.0751383 secs] [Times: user=0.08 sys=0.00, real=0.08 secs] 
2017-11-10T19:36:00.243+0500: 403.701: [Full GC (Allocation Failure) 2017-11-10T19:36:00.243+0500: 403.702: [Tenured: 349567K->349567K(349568K), 0.0754331 secs] 506815K->506796K(506816K), [Metaspace: 12955K->12955K(1060864K)], 0.0755245 secs] [Times: user=0.08 sys=0.00, real=0.08 secs] 
2017-11-10T19:36:00.319+0500: 403.778: [Full GC (Allocation Failure) 2017-11-10T19:36:00.319+0500: 403.778: [Tenured: 349567K->349567K(349568K), 0.0756991 secs] 506815K->506796K(506816K), [Metaspace: 12955K->12955K(1060864K)], 0.0758071 secs] [Times: user=0.08 sys=0.00, real=0.08 secs] 
2017-11-10T19:36:00.395+0500: 403.854: [Full GC (Allocation Failure) 2017-11-10T19:36:00.395+0500: 403.854: [Tenured: 349567K->349567K(349568K), 0.0763415 secs] 506815K->506797K(506816K), [Metaspace: 12955K->12955K(1060864K)], 0.0764217 secs] [Times: user=0.08 sys=0.00, real=0.08 secs] 
2017-11-10T19:36:00.472+0500: 403.931: [Full GC (Allocation Failure) 2017-11-10T19:36:00.472+0500: 403.931: [Tenured: 349567K->349567K(349568K), 0.0747922 secs] 506815K->506796K(506816K), [Metaspace: 12955K->12955K(1060864K)], 0.0748983 secs] [Times: user=0.06 sys=0.00, real=0.08 secs] 
2017-11-10T19:36:00.548+0500: 404.007: [Full GC (Allocation Failure) 2017-11-10T19:36:00.548+0500: 404.007: [Tenured: 349567K->349567K(349568K), 0.0749345 secs] 506815K->506796K(506816K), [Metaspace: 12955K->12955K(1060864K)], 0.0750151 secs] [Times: user=0.08 sys=0.00, real=0.07 secs] 
2017-11-10T19:36:00.623+0500: 404.082: [Full GC (Allocation Failure) 2017-11-10T19:36:00.623+0500: 404.082: [Tenured: 349567K->349567K(349568K), 0.0754214 secs] 506815K->506796K(506816K), [Metaspace: 12955K->12955K(1060864K)], 0.0754972 secs] [Times: user=0.08 sys=0.00, real=0.08 secs] 
2017-11-10T19:36:00.699+0500: 404.158: [Full GC (Allocation Failure) 2017-11-10T19:36:00.699+0500: 404.158: [Tenured: 349567K->349567K(349568K), 0.0752151 secs] 506815K->506797K(506816K), [Metaspace: 12955K->12955K(1060864K)], 0.0752899 secs] [Times: user=0.08 sys=0.00, real=0.08 secs] 
2017-11-10T19:36:00.775+0500: 404.234: [Full GC (Allocation Failure) 2017-11-10T19:36:00.775+0500: 404.234: [Tenured: 349567K->349567K(349568K), 0.0754634 secs] 506815K->506796K(506816K), [Metaspace: 12955K->12955K(1060864K)], 0.0755524 secs] [Times: user=0.08 sys=0.00, real=0.08 secs] 
2017-11-10T19:36:00.851+0500: 404.310: [Full GC (Allocation Failure) 2017-11-10T19:36:00.851+0500: 404.310: [Tenured: 349567K->349567K(349568K), 0.0786138 secs] 506815K->506796K(506816K), [Metaspace: 12955K->12955K(1060864K)], 0.0786925 secs] [Times: user=0.08 sys=0.00, real=0.08 secs] 
2017-11-10T19:36:00.930+0500: 404.389: [Full GC (Allocation Failure) 2017-11-10T19:36:00.930+0500: 404.389: [Tenured: 349567K->349567K(349568K), 0.0770523 secs] 506815K->506796K(506816K), [Metaspace: 12955K->12955K(1060864K)], 0.0771310 secs] [Times: user=0.08 sys=0.00, real=0.08 secs] 
2017-11-10T19:36:01.008+0500: 404.467: [Full GC (Allocation Failure) 2017-11-10T19:36:01.008+0500: 404.467: [Tenured: 349567K->349567K(349568K), 0.0740799 secs] 506815K->506797K(506816K), [Metaspace: 12955K->12955K(1060864K)], 0.0741640 secs] [Times: user=0.08 sys=0.00, real=0.07 secs] 
2017-11-10T19:36:01.083+0500: 404.542: [Full GC (Allocation Failure) 2017-11-10T19:36:01.083+0500: 404.542: [Tenured: 349567K->349567K(349568K), 0.0756419 secs] 506815K->506796K(506816K), [Metaspace: 12955K->12955K(1060864K)], 0.0757235 secs] [Times: user=0.06 sys=0.00, real=0.08 secs] 
2017-11-10T19:36:01.159+0500: 404.618: [Full GC (Allocation Failure) 2017-11-10T19:36:01.159+0500: 404.618: [Tenured: 349567K->349567K(349568K), 0.0755265 secs] 506815K->506796K(506816K), [Metaspace: 12955K->12955K(1060864K)], 0.0756033 secs] [Times: user=0.06 sys=0.00, real=0.08 secs] 
2017-11-10T19:36:01.235+0500: 404.694: [Full GC (Allocation Failure) 2017-11-10T19:36:01.235+0500: 404.694: [Tenured: 349567K->349567K(349568K), 0.0756575 secs] 506815K->506796K(506816K), [Metaspace: 12955K->12955K(1060864K)], 0.0757338 secs] [Times: user=0.08 sys=0.00, real=0.08 secs] 
2017-11-10T19:36:01.311+0500: 404.770: [Full GC (Allocation Failure) 2017-11-10T19:36:01.311+0500: 404.770: [Tenured: 349567K->349567K(349568K), 0.0748934 secs] 506815K->506797K(506816K), [Metaspace: 12955K->12955K(1060864K)], 0.0749648 secs] [Times: user=0.08 sys=0.00, real=0.07 secs] 
2017-11-10T19:36:01.387+0500: 404.846: [Full GC (Allocation Failure) 2017-11-10T19:36:01.387+0500: 404.846: [Tenured: 349567K->349567K(349568K), 0.0756150 secs] 506815K->506796K(506816K), [Metaspace: 12955K->12955K(1060864K)], 0.0757005 secs] [Times: user=0.08 sys=0.00, real=0.08 secs] 
2017-11-10T19:36:01.463+0500: 404.922: [Full GC (Allocation Failure) 2017-11-10T19:36:01.463+0500: 404.922: [Tenured: 349567K->349567K(349568K), 0.0747237 secs] 506815K->506796K(506816K), [Metaspace: 12955K->12955K(1060864K)], 0.0748020 secs] [Times: user=0.08 sys=0.00, real=0.08 secs] 
2017-11-10T19:36:01.539+0500: 404.998: [Full GC (Allocation Failure) 2017-11-10T19:36:01.539+0500: 404.998: [Tenured: 349567K->349567K(349568K), 0.0752107 secs] 506815K->506796K(506816K), [Metaspace: 12955K->12955K(1060864K)], 0.0753133 secs] [Times: user=0.08 sys=0.00, real=0.08 secs] 
2017-11-10T19:36:01.614+0500: 405.074: [Full GC (Allocation Failure) 2017-11-10T19:36:01.614+0500: 405.074: [Tenured: 349567K->349567K(349568K), 0.0748763 secs] 506815K->506797K(506816K), [Metaspace: 12955K->12955K(1060864K)], 0.0749824 secs] [Times: user=0.06 sys=0.00, real=0.07 secs] 
2017-11-10T19:36:01.690+0500: 405.149: [Full GC (Allocation Failure) 2017-11-10T19:36:01.690+0500: 405.149: [Tenured: 349567K->349567K(349568K), 0.0739518 secs] 506815K->506796K(506816K), [Metaspace: 12955K->12955K(1060864K)], 0.0740305 secs] [Times: user=0.06 sys=0.00, real=0.07 secs] 
2017-11-10T19:36:01.765+0500: 405.224: [Full GC (Allocation Failure) 2017-11-10T19:36:01.765+0500: 405.224: [Tenured: 349567K->349567K(349568K), 0.0756297 secs] 506815K->506796K(506816K), [Metaspace: 12955K->12955K(1060864K)], 0.0757059 secs] [Times: user=0.08 sys=0.00, real=0.07 secs] 
2017-11-10T19:36:01.841+0500: 405.300: [Full GC (Allocation Failure) 2017-11-10T19:36:01.841+0500: 405.300: [Tenured: 349567K->349567K(349568K), 0.0754747 secs] 506815K->506796K(506816K), [Metaspace: 12955K->12955K(1060864K)], 0.0755500 secs] [Times: user=0.08 sys=0.00, real=0.07 secs] 
2017-11-10T19:36:01.917+0500: 405.376: [Full GC (Allocation Failure) 2017-11-10T19:36:01.917+0500: 405.376: [Tenured: 349567K->349567K(349568K), 0.0754972 secs] 506815K->506797K(506816K), [Metaspace: 12955K->12955K(1060864K)], 0.0755754 secs] [Times: user=0.08 sys=0.00, real=0.08 secs] 
2017-11-10T19:36:01.993+0500: 405.452: [Full GC (Allocation Failure) 2017-11-10T19:36:01.993+0500: 405.452: [Tenured: 349567K->349567K(349568K), 0.0750816 secs] 506815K->506796K(506816K), [Metaspace: 12955K->12955K(1060864K)], 0.0751574 secs] [Times: user=0.08 sys=0.00, real=0.08 secs] 
2017-11-10T19:36:02.069+0500: 405.528: [Full GC (Allocation Failure) 2017-11-10T19:36:02.069+0500: 405.528: [Tenured: 349567K->349567K(349568K), 0.0748240 secs] 506815K->506796K(506816K), [Metaspace: 12955K->12955K(1060864K)], 0.0748993 secs] [Times: user=0.08 sys=0.00, real=0.07 secs] 
2017-11-10T19:36:02.144+0500: 405.603: [Full GC (Allocation Failure) 2017-11-10T19:36:02.144+0500: 405.603: [Tenured: 349567K->349567K(349568K), 0.0749027 secs] 506815K->506796K(506816K), [Metaspace: 12955K->12955K(1060864K)], 0.0750313 secs] [Times: user=0.06 sys=0.00, real=0.08 secs] 
2017-11-10T19:36:02.220+0500: 405.679: [Full GC (Allocation Failure) 2017-11-10T19:36:02.220+0500: 405.679: [Tenured: 349567K->349567K(349568K), 0.0769135 secs] 506815K->506797K(506816K), [Metaspace: 12955K->12955K(1060864K)], 0.0770127 secs] [Times: user=0.08 sys=0.00, real=0.08 secs] 
2017-11-10T19:36:02.297+0500: 405.756: [Full GC (Allocation Failure) 2017-11-10T19:36:02.297+0500: 405.756: [Tenured: 349567K->349567K(349568K), 0.0766993 secs] 506815K->506796K(506816K), [Metaspace: 12955K->12955K(1060864K)], 0.0767741 secs] [Times: user=0.08 sys=0.00, real=0.08 secs] 
2017-11-10T19:36:02.374+0500: 405.834: [Full GC (Allocation Failure) 2017-11-10T19:36:02.374+0500: 405.834: [Tenured: 349567K->349567K(349568K), 0.0742163 secs] 506815K->506796K(506816K), [Metaspace: 12955K->12955K(1060864K)], 0.0742891 secs] [Times: user=0.08 sys=0.00, real=0.07 secs] 
2017-11-10T19:36:02.449+0500: 405.909: [Full GC (Allocation Failure) 2017-11-10T19:36:02.449+0500: 405.909: [Tenured: 349567K->349567K(349568K), 0.0768421 secs] 506815K->506796K(506816K), [Metaspace: 12955K->12955K(1060864K)], 0.0769413 secs] [Times: user=0.08 sys=0.00, real=0.08 secs] 
2017-11-10T19:36:02.527+0500: 405.986: [Full GC (Allocation Failure) 2017-11-10T19:36:02.527+0500: 405.986: [Tenured: 349567K->349567K(349568K), 0.0743361 secs] 506815K->506797K(506816K), [Metaspace: 12955K->12955K(1060864K)], 0.0744079 secs] [Times: user=0.08 sys=0.00, real=0.07 secs] 
2017-11-10T19:36:02.602+0500: 406.061: [Full GC (Allocation Failure) 2017-11-10T19:36:02.602+0500: 406.061: [Tenured: 349567K->349567K(349568K), 0.0753666 secs] 506815K->506796K(506816K), [Metaspace: 12955K->12955K(1060864K)], 0.0754414 secs] [Times: user=0.08 sys=0.00, real=0.08 secs] 
2017-11-10T19:36:02.678+0500: 406.137: [Full GC (Allocation Failure) 2017-11-10T19:36:02.678+0500: 406.137: [Tenured: 349567K->349567K(349568K), 0.0752038 secs] 506815K->506796K(506816K), [Metaspace: 12955K->12955K(1060864K)], 0.0752899 secs] [Times: user=0.08 sys=0.00, real=0.08 secs] 
2017-11-10T19:36:02.754+0500: 406.214: [Full GC (Allocation Failure) 2017-11-10T19:36:02.754+0500: 406.214: [Tenured: 349567K->349567K(349568K), 0.0750181 secs] 506815K->506796K(506816K), [Metaspace: 12955K->12955K(1060864K)], 0.0751041 secs] [Times: user=0.06 sys=0.00, real=0.08 secs] 
2017-11-10T19:36:02.830+0500: 406.289: [Full GC (Allocation Failure) 2017-11-10T19:36:02.830+0500: 406.289: [Tenured: 349567K->349567K(349568K), 0.0769697 secs] 506815K->506797K(506816K), [Metaspace: 12955K->12955K(1060864K)], 0.0770479 secs] [Times: user=0.08 sys=0.00, real=0.08 secs] 
2017-11-10T19:36:02.908+0500: 406.367: [Full GC (Allocation Failure) 2017-11-10T19:36:02.908+0500: 406.367: [Tenured: 349567K->349567K(349568K), 0.0745473 secs] 506815K->506796K(506816K), [Metaspace: 12955K->12955K(1060864K)], 0.0746269 secs] [Times: user=0.08 sys=0.00, real=0.07 secs] 
2017-11-10T19:36:02.983+0500: 406.442: [Full GC (Allocation Failure) 2017-11-10T19:36:02.983+0500: 406.442: [Tenured: 349567K->349567K(349568K), 0.0764246 secs] 506815K->506796K(506816K), [Metaspace: 12955K->12955K(1060864K)], 0.0764969 secs] [Times: user=0.08 sys=0.00, real=0.08 secs] 
2017-11-10T19:36:03.060+0500: 406.519: [Full GC (Allocation Failure) 2017-11-10T19:36:03.060+0500: 406.519: [Tenured: 349567K->349567K(349568K), 0.0747237 secs] 506815K->506796K(506816K), [Metaspace: 12955K->12955K(1060864K)], 0.0747976 secs] [Times: user=0.08 sys=0.00, real=0.07 secs] 
2017-11-10T19:36:03.136+0500: 406.594: [Full GC (Allocation Failure) 2017-11-10T19:36:03.136+0500: 406.594: [Tenured: 349567K->349567K(349568K), 0.0746455 secs] 506815K->506797K(506816K), [Metaspace: 12955K->12955K(1060864K)], 0.0747228 secs] [Times: user=0.08 sys=0.00, real=0.07 secs] 
2017-11-10T19:36:03.210+0500: 406.670: [Full GC (Allocation Failure) 2017-11-10T19:36:03.210+0500: 406.670: [Tenured: 349567K->349567K(349568K), 0.0744749 secs] 506815K->506796K(506816K), [Metaspace: 12955K->12955K(1060864K)], 0.0745541 secs] [Times: user=0.08 sys=0.00, real=0.08 secs] 
2017-11-10T19:36:03.285+0500: 406.745: [Full GC (Allocation Failure) 2017-11-10T19:36:03.285+0500: 406.745: [Tenured: 349567K->349567K(349568K), 0.0753461 secs] 506815K->506796K(506816K), [Metaspace: 12955K->12955K(1060864K)], 0.0754185 secs] [Times: user=0.06 sys=0.00, real=0.08 secs] 
2017-11-10T19:36:03.362+0500: 406.821: [Full GC (Allocation Failure) 2017-11-10T19:36:03.362+0500: 406.821: [Tenured: 349567K->349567K(349568K), 0.0746225 secs] 506815K->506796K(506816K), [Metaspace: 12955K->12955K(1060864K)], 0.0747105 secs] [Times: user=0.08 sys=0.00, real=0.08 secs] 
2017-11-10T19:36:03.438+0500: 406.896: [Full GC (Allocation Failure) 2017-11-10T19:36:03.438+0500: 406.896: [Tenured: 349567K->349567K(349568K), 0.0758228 secs] 506815K->506797K(506816K), [Metaspace: 12955K->12955K(1060864K)], 0.0759127 secs] [Times: user=0.08 sys=0.00, real=0.08 secs] 
2017-11-10T19:36:03.514+0500: 406.973: [Full GC (Allocation Failure) 2017-11-10T19:36:03.514+0500: 406.973: [Tenured: 349567K->349567K(349568K), 0.0756634 secs] 506815K->506796K(506816K), [Metaspace: 12955K->12955K(1060864K)], 0.0757392 secs] [Times: user=0.08 sys=0.00, real=0.08 secs] 
2017-11-10T19:36:03.590+0500: 407.049: [Full GC (Allocation Failure) 2017-11-10T19:36:03.590+0500: 407.049: [Tenured: 349567K->349567K(349568K), 0.0744441 secs] 506815K->506796K(506816K), [Metaspace: 12955K->12955K(1060864K)], 0.0745189 secs] [Times: user=0.08 sys=0.00, real=0.08 secs] 
2017-11-10T19:36:03.665+0500: 407.124: [Full GC (Allocation Failure) 2017-11-10T19:36:03.665+0500: 407.124: [Tenured: 349567K->349567K(349568K), 0.0759655 secs] 506815K->506796K(506816K), [Metaspace: 12955K->12955K(1060864K)], 0.0760369 secs] [Times: user=0.08 sys=0.00, real=0.08 secs] 
2017-11-10T19:36:03.742+0500: 407.201: [Full GC (Allocation Failure) 2017-11-10T19:36:03.742+0500: 407.201: [Tenured: 349567K->349567K(349568K), 0.0750689 secs] 506815K->506797K(506816K), [Metaspace: 12955K->12955K(1060864K)], 0.0751491 secs] [Times: user=0.08 sys=0.00, real=0.07 secs] 
2017-11-10T19:36:03.818+0500: 407.277: [Full GC (Allocation Failure) 2017-11-10T19:36:03.818+0500: 407.277: [Tenured: 349567K->349567K(349568K), 0.0754351 secs] 506815K->506796K(506816K), [Metaspace: 12955K->12955K(1060864K)], 0.0755089 secs] [Times: user=0.08 sys=0.00, real=0.07 secs] 
2017-11-10T19:36:03.894+0500: 407.353: [Full GC (Allocation Failure) 2017-11-10T19:36:03.894+0500: 407.353: [Tenured: 349567K->349567K(349568K), 0.0760926 secs] 506815K->506796K(506816K), [Metaspace: 12955K->12955K(1060864K)], 0.0762021 secs] [Times: user=0.06 sys=0.00, real=0.08 secs] 
2017-11-10T19:36:03.971+0500: 407.430: [Full GC (Allocation Failure) 2017-11-10T19:36:03.971+0500: 407.430: [Tenured: 349567K->349567K(349568K), 0.0746167 secs] 506815K->506796K(506816K), [Metaspace: 12955K->12955K(1060864K)], 0.0747247 secs] [Times: user=0.08 sys=0.00, real=0.07 secs] 
2017-11-10T19:36:04.046+0500: 407.505: [Full GC (Allocation Failure) 2017-11-10T19:36:04.046+0500: 407.505: [Tenured: 349567K->349567K(349568K), 0.0756981 secs] 506815K->506797K(506816K), [Metaspace: 12955K->12955K(1060864K)], 0.0757861 secs] [Times: user=0.08 sys=0.00, real=0.08 secs] 
2017-11-10T19:36:04.123+0500: 407.582: [Full GC (Allocation Failure) 2017-11-10T19:36:04.123+0500: 407.582: [Tenured: 349567K->349567K(349568K), 0.0770494 secs] 506815K->506796K(506816K), [Metaspace: 12955K->12955K(1060864K)], 0.0771413 secs] [Times: user=0.06 sys=0.00, real=0.08 secs] 
2017-11-10T19:36:04.200+0500: 407.659: [Full GC (Allocation Failure) 2017-11-10T19:36:04.200+0500: 407.659: [Tenured: 349567K->349567K(349568K), 0.0760545 secs] 506815K->506796K(506816K), [Metaspace: 12955K->12955K(1060864K)], 0.0761264 secs] [Times: user=0.08 sys=0.00, real=0.08 secs] 
2017-11-10T19:36:04.277+0500: 407.736: [Full GC (Allocation Failure) 2017-11-10T19:36:04.277+0500: 407.736: [Tenured: 349567K->349567K(349568K), 0.0761914 secs] 506815K->506796K(506816K), [Metaspace: 12955K->12955K(1060864K)], 0.0763082 secs] [Times: user=0.08 sys=0.00, real=0.08 secs] 
2017-11-10T19:36:04.354+0500: 407.813: [Full GC (Allocation Failure) 2017-11-10T19:36:04.354+0500: 407.813: [Tenured: 349567K->349567K(349568K), 0.0759773 secs] 506815K->506797K(506816K), [Metaspace: 12955K->12955K(1060864K)], 0.0760951 secs] [Times: user=0.08 sys=0.00, real=0.08 secs] 
2017-11-10T19:36:04.431+0500: 407.890: [Full GC (Allocation Failure) 2017-11-10T19:36:04.431+0500: 407.890: [Tenured: 349567K->349567K(349568K), 0.0786089 secs] 506815K->506796K(506816K), [Metaspace: 12955K->12955K(1060864K)], 0.0786813 secs] [Times: user=0.08 sys=0.00, real=0.08 secs] 
2017-11-10T19:36:04.510+0500: 407.969: [Full GC (Allocation Failure) 2017-11-10T19:36:04.510+0500: 407.969: [Tenured: 349567K->349567K(349568K), 0.0738750 secs] 506815K->506796K(506816K), [Metaspace: 12955K->12955K(1060864K)], 0.0739469 secs] [Times: user=0.08 sys=0.00, real=0.07 secs] 
2017-11-10T19:36:04.584+0500: 408.043: [Full GC (Allocation Failure) 2017-11-10T19:36:04.584+0500: 408.043: [Tenured: 349567K->349567K(349568K), 0.0752395 secs] 506815K->506796K(506816K), [Metaspace: 12955K->12955K(1060864K)], 0.0753388 secs] [Times: user=0.08 sys=0.00, real=0.08 secs] 
2017-11-10T19:36:04.660+0500: 408.119: [Full GC (Allocation Failure) 2017-11-10T19:36:04.660+0500: 408.119: [Tenured: 349567K->349567K(349568K), 0.0752982 secs] 506815K->506797K(506816K), [Metaspace: 12955K->12955K(1060864K)], 0.0753774 secs] [Times: user=0.06 sys=0.00, real=0.08 secs] 
2017-11-10T19:36:04.736+0500: 408.195: [Full GC (Allocation Failure) 2017-11-10T19:36:04.736+0500: 408.195: [Tenured: 349567K->349567K(349568K), 0.0756267 secs] 506815K->506796K(506816K), [Metaspace: 12955K->12955K(1060864K)], 0.0757309 secs] [Times: user=0.08 sys=0.00, real=0.08 secs] 
2017-11-10T19:36:04.812+0500: 408.271: [Full GC (Allocation Failure) 2017-11-10T19:36:04.812+0500: 408.271: [Tenured: 349567K->349567K(349568K), 0.0770117 secs] 506815K->506796K(506816K), [Metaspace: 12955K->12955K(1060864K)], 0.0771012 secs] [Times: user=0.08 sys=0.00, real=0.08 secs] 
2017-11-10T19:36:04.890+0500: 408.349: [Full GC (Allocation Failure) 2017-11-10T19:36:04.890+0500: 408.349: [Tenured: 349567K->349567K(349568K), 0.0746475 secs] 506815K->506796K(506816K), [Metaspace: 12955K->12955K(1060864K)], 0.0747599 secs] [Times: user=0.08 sys=0.00, real=0.07 secs] 
2017-11-10T19:36:04.965+0500: 408.424: [Full GC (Allocation Failure) 2017-11-10T19:36:04.965+0500: 408.424: [Tenured: 349567K->349567K(349568K), 0.0754864 secs] 506815K->506797K(506816K), [Metaspace: 12955K->12955K(1060864K)], 0.0755602 secs] [Times: user=0.08 sys=0.00, real=0.08 secs] 
2017-11-10T19:36:05.041+0500: 408.500: [Full GC (Allocation Failure) 2017-11-10T19:36:05.041+0500: 408.500: [Tenured: 349567K->349567K(349568K), 0.0748851 secs] 506815K->506796K(506816K), [Metaspace: 12955K->12955K(1060864K)], 0.0749574 secs] [Times: user=0.08 sys=0.00, real=0.08 secs] 
2017-11-10T19:36:05.117+0500: 408.576: [Full GC (Allocation Failure) 2017-11-10T19:36:05.117+0500: 408.576: [Tenured: 349567K->349567K(349568K), 0.0761616 secs] 506815K->506796K(506816K), [Metaspace: 12955K->12955K(1060864K)], 0.0762716 secs] [Times: user=0.08 sys=0.00, real=0.08 secs] 
2017-11-10T19:36:05.194+0500: 408.653: [Full GC (Allocation Failure) 2017-11-10T19:36:05.194+0500: 408.653: [Tenured: 349567K->349567K(349568K), 0.0744573 secs] 506815K->506796K(506816K), [Metaspace: 12955K->12955K(1060864K)], 0.0745341 secs] [Times: user=0.08 sys=0.00, real=0.07 secs] 
2017-11-10T19:36:05.269+0500: 408.728: [Full GC (Allocation Failure) 2017-11-10T19:36:05.269+0500: 408.728: [Tenured: 349567K->349567K(349568K), 0.0760755 secs] 506815K->506797K(506816K), [Metaspace: 12955K->12955K(1060864K)], 0.0761943 secs] [Times: user=0.06 sys=0.00, real=0.08 secs] 
2017-11-10T19:36:05.346+0500: 408.805: [Full GC (Allocation Failure) 2017-11-10T19:36:05.346+0500: 408.805: [Tenured: 349567K->349567K(349568K), 0.0754869 secs] 506815K->506796K(506816K), [Metaspace: 12955K->12955K(1060864K)], 0.0755842 secs] [Times: user=0.08 sys=0.00, real=0.08 secs] 
2017-11-10T19:36:05.422+0500: 408.881: [Full GC (Allocation Failure) 2017-11-10T19:36:05.422+0500: 408.881: [Tenured: 349567K->349567K(349568K), 0.0753534 secs] 506815K->506796K(506816K), [Metaspace: 12955K->12955K(1060864K)], 0.0754282 secs] [Times: user=0.08 sys=0.00, real=0.08 secs] 
2017-11-10T19:36:05.498+0500: 408.957: [Full GC (Allocation Failure) 2017-11-10T19:36:05.498+0500: 408.957: [Tenured: 349567K->349567K(349568K), 0.0752693 secs] 506815K->506796K(506816K), [Metaspace: 12955K->12955K(1060864K)], 0.0753466 secs] [Times: user=0.08 sys=0.00, real=0.08 secs] 
2017-11-10T19:36:05.574+0500: 409.033: [Full GC (Allocation Failure) 2017-11-10T19:36:05.574+0500: 409.033: [Tenured: 349567K->349567K(349568K), 0.0748303 secs] 506815K->506797K(506816K), [Metaspace: 12955K->12955K(1060864K)], 0.0749266 secs] [Times: user=0.08 sys=0.00, real=0.08 secs] 
2017-11-10T19:36:05.649+0500: 409.108: [Full GC (Allocation Failure) 2017-11-10T19:36:05.649+0500: 409.108: [Tenured: 349567K->349567K(349568K), 0.0765669 secs] 506815K->506796K(506816K), [Metaspace: 12955K->12955K(1060864K)], 0.0766436 secs] [Times: user=0.08 sys=0.00, real=0.08 secs] 
2017-11-10T19:36:05.726+0500: 409.186: [Full GC (Allocation Failure) 2017-11-10T19:36:05.727+0500: 409.186: [Tenured: 349567K->349567K(349568K), 0.0741136 secs] 506815K->506796K(506816K), [Metaspace: 12955K->12955K(1060864K)], 0.0741894 secs] [Times: user=0.08 sys=0.00, real=0.08 secs] 
2017-11-10T19:36:05.801+0500: 409.260: [Full GC (Allocation Failure) 2017-11-10T19:36:05.801+0500: 409.261: [Tenured: 349567K->349567K(349568K), 0.0749139 secs] 506815K->506796K(506816K), [Metaspace: 12955K->12955K(1060864K)], 0.0750141 secs] [Times: user=0.06 sys=0.00, real=0.07 secs] 
2017-11-10T19:36:05.877+0500: 409.336: [Full GC (Allocation Failure) 2017-11-10T19:36:05.877+0500: 409.336: [Tenured: 349567K->349567K(349568K), 0.0771237 secs] 506815K->506797K(506816K), [Metaspace: 12955K->12955K(1060864K)], 0.0772078 secs] [Times: user=0.08 sys=0.00, real=0.08 secs] 
2017-11-10T19:36:05.955+0500: 409.415: [Full GC (Allocation Failure) 2017-11-10T19:36:05.955+0500: 409.415: [Tenured: 349567K->349567K(349568K), 0.0750762 secs] 506815K->506796K(506816K), [Metaspace: 12955K->12955K(1060864K)], 0.0751667 secs] [Times: user=0.06 sys=0.00, real=0.08 secs] 
2017-11-10T19:36:06.031+0500: 409.490: [Full GC (Allocation Failure) 2017-11-10T19:36:06.031+0500: 409.490: [Tenured: 349567K->349567K(349568K), 0.0766260 secs] 506815K->506796K(506816K), [Metaspace: 12955K->12955K(1060864K)], 0.0767052 secs] [Times: user=0.08 sys=0.00, real=0.08 secs] 
2017-11-10T19:36:06.108+0500: 409.568: [Full GC (Allocation Failure) 2017-11-10T19:36:06.108+0500: 409.568: [Tenured: 349567K->349567K(349568K), 0.0742021 secs] 506815K->506796K(506816K), [Metaspace: 12955K->12955K(1060864K)], 0.0742793 secs] [Times: user=0.08 sys=0.00, real=0.08 secs] 
2017-11-10T19:36:06.183+0500: 409.642: [Full GC (Allocation Failure) 2017-11-10T19:36:06.183+0500: 409.642: [Tenured: 349567K->349567K(349568K), 0.0751564 secs] 506815K->506797K(506816K), [Metaspace: 12955K->12955K(1060864K)], 0.0752605 secs] [Times: user=0.08 sys=0.00, real=0.07 secs] 
2017-11-10T19:36:06.259+0500: 409.718: [Full GC (Allocation Failure) 2017-11-10T19:36:06.259+0500: 409.718: [Tenured: 349567K->349567K(349568K), 0.0752532 secs] 506815K->506796K(506816K), [Metaspace: 12955K->12955K(1060864K)], 0.0753275 secs] [Times: user=0.08 sys=0.00, real=0.08 secs] 
2017-11-10T19:36:06.335+0500: 409.794: [Full GC (Allocation Failure) 2017-11-10T19:36:06.335+0500: 409.794: [Tenured: 349567K->349567K(349568K), 0.0755446 secs] 506815K->506796K(506816K), [Metaspace: 12955K->12955K(1060864K)], 0.0756169 secs] [Times: user=0.08 sys=0.00, real=0.08 secs] 
2017-11-10T19:36:06.411+0500: 409.870: [Full GC (Allocation Failure) 2017-11-10T19:36:06.411+0500: 409.870: [Tenured: 349567K->349567K(349568K), 0.0757841 secs] 506815K->506796K(506816K), [Metaspace: 12955K->12955K(1060864K)], 0.0758677 secs] [Times: user=0.08 sys=0.00, real=0.08 secs] 
2017-11-10T19:36:06.488+0500: 409.947: [Full GC (Allocation Failure) 2017-11-10T19:36:06.488+0500: 409.947: [Tenured: 349567K->349567K(349568K), 0.0838811 secs] 506815K->506797K(506816K), [Metaspace: 12955K->12955K(1060864K)], 0.0839769 secs] [Times: user=0.08 sys=0.00, real=0.08 secs] 
2017-11-10T19:36:06.573+0500: 410.032: [Full GC (Allocation Failure) 2017-11-10T19:36:06.573+0500: 410.032: [Tenured: 349567K->349567K(349568K), 0.0861818 secs] 506815K->506796K(506816K), [Metaspace: 12955K->12955K(1060864K)], 0.0862982 secs] [Times: user=0.09 sys=0.00, real=0.09 secs] 
2017-11-10T19:36:06.660+0500: 410.119: [Full GC (Allocation Failure) 2017-11-10T19:36:06.660+0500: 410.119: [Tenured: 349567K->349567K(349568K), 0.0768876 secs] 506815K->506796K(506816K), [Metaspace: 12955K->12955K(1060864K)], 0.0769756 secs] [Times: user=0.08 sys=0.00, real=0.08 secs] 
2017-11-10T19:36:06.737+0500: 410.197: [Full GC (Allocation Failure) 2017-11-10T19:36:06.737+0500: 410.197: [Tenured: 349567K->349567K(349568K), 0.0772953 secs] 506815K->506796K(506816K), [Metaspace: 12955K->12955K(1060864K)], 0.0773843 secs] [Times: user=0.08 sys=0.00, real=0.08 secs] 
2017-11-10T19:36:06.815+0500: 410.275: [Full GC (Allocation Failure) 2017-11-10T19:36:06.815+0500: 410.275: [Tenured: 349567K->349567K(349568K), 0.0897889 secs] 506815K->506797K(506816K), [Metaspace: 12955K->12955K(1060864K)], 0.0899047 secs] [Times: user=0.08 sys=0.00, real=0.09 secs] 
2017-11-10T19:36:06.906+0500: 410.365: [Full GC (Allocation Failure) 2017-11-10T19:36:06.906+0500: 410.366: [Tenured: 349567K->349567K(349568K), 0.0754390 secs] 506815K->506796K(506816K), [Metaspace: 12955K->12955K(1060864K)], 0.0755426 secs] [Times: user=0.08 sys=0.00, real=0.08 secs] 
2017-11-10T19:36:06.982+0500: 410.442: [Full GC (Allocation Failure) 2017-11-10T19:36:06.982+0500: 410.442: [Tenured: 349567K->349567K(349568K), 0.0748171 secs] 506815K->506796K(506816K), [Metaspace: 12955K->12955K(1060864K)], 0.0748929 secs] [Times: user=0.08 sys=0.00, real=0.07 secs] 
2017-11-10T19:36:07.058+0500: 410.517: [Full GC (Allocation Failure) 2017-11-10T19:36:07.058+0500: 410.517: [Tenured: 349567K->349567K(349568K), 0.0772914 secs] 506815K->506796K(506816K), [Metaspace: 12955K->12955K(1060864K)], 0.0774033 secs] [Times: user=0.08 sys=0.00, real=0.08 secs] 
2017-11-10T19:36:07.136+0500: 410.595: [Full GC (Allocation Failure) 2017-11-10T19:36:07.136+0500: 410.595: [Tenured: 349567K->349567K(349568K), 0.0814157 secs] 506815K->506797K(506816K), [Metaspace: 12955K->12955K(1060864K)], 0.0815237 secs] [Times: user=0.08 sys=0.00, real=0.08 secs] 
2017-11-10T19:36:07.218+0500: 410.678: [Full GC (Allocation Failure) 2017-11-10T19:36:07.218+0500: 410.678: [Tenured: 349567K->349567K(349568K), 0.0800707 secs] 506815K->506796K(506816K), [Metaspace: 12955K->12955K(1060864K)], 0.0801783 secs] [Times: user=0.08 sys=0.00, real=0.08 secs] 
2017-11-10T19:36:07.300+0500: 410.758: [Full GC (Allocation Failure) 2017-11-10T19:36:07.300+0500: 410.758: [Tenured: 349567K->349567K(349568K), 0.0790661 secs] 506815K->506796K(506816K), [Metaspace: 12955K->12955K(1060864K)], 0.0791746 secs] [Times: user=0.08 sys=0.00, real=0.08 secs] 
2017-11-10T19:36:07.379+0500: 410.838: [Full GC (Allocation Failure) 2017-11-10T19:36:07.379+0500: 410.838: [Tenured: 349567K->349567K(349568K), 0.0771056 secs] 506815K->506796K(506816K), [Metaspace: 12955K->12955K(1060864K)], 0.0772083 secs] [Times: user=0.08 sys=0.00, real=0.08 secs] 
2017-11-10T19:36:07.457+0500: 410.916: [Full GC (Allocation Failure) 2017-11-10T19:36:07.457+0500: 410.916: [Tenured: 349567K->349567K(349568K), 0.0772738 secs] 506815K->506797K(506816K), [Metaspace: 12955K->12955K(1060864K)], 0.0773554 secs] [Times: user=0.08 sys=0.00, real=0.08 secs] 
2017-11-10T19:36:07.535+0500: 410.994: [Full GC (Allocation Failure) 2017-11-10T19:36:07.535+0500: 410.994: [Tenured: 349567K->349567K(349568K), 0.0783410 secs] 506815K->506796K(506816K), [Metaspace: 12955K->12955K(1060864K)], 0.0784354 secs] [Times: user=0.08 sys=0.00, real=0.08 secs] 
2017-11-10T19:36:07.614+0500: 411.073: [Full GC (Allocation Failure) 2017-11-10T19:36:07.614+0500: 411.073: [Tenured: 349567K->349567K(349568K), 0.0770626 secs] 506815K->506796K(506816K), [Metaspace: 12955K->12955K(1060864K)], 0.0771604 secs] [Times: user=0.08 sys=0.00, real=0.08 secs] 
2017-11-10T19:36:07.692+0500: 411.151: [Full GC (Allocation Failure) 2017-11-10T19:36:07.692+0500: 411.151: [Tenured: 349567K->349567K(349568K), 0.0757181 secs] 506815K->506796K(506816K), [Metaspace: 12955K->12955K(1060864K)], 0.0758061 secs] [Times: user=0.06 sys=0.00, real=0.08 secs] 
2017-11-10T19:36:07.769+0500: 411.228: [Full GC (Allocation Failure) 2017-11-10T19:36:07.769+0500: 411.228: [Tenured: 349567K->349567K(349568K), 0.0768240 secs] 506815K->506797K(506816K), [Metaspace: 12955K->12955K(1060864K)], 0.0769277 secs] [Times: user=0.06 sys=0.00, real=0.08 secs] 
2017-11-10T19:36:07.846+0500: 411.305: [Full GC (Allocation Failure) 2017-11-10T19:36:07.846+0500: 411.305: [Tenured: 349567K->349567K(349568K), 0.0778986 secs] 506815K->506796K(506816K), [Metaspace: 12955K->12955K(1060864K)], 0.0779802 secs] [Times: user=0.08 sys=0.00, real=0.08 secs] 
2017-11-10T19:36:07.925+0500: 411.384: [Full GC (Allocation Failure) 2017-11-10T19:36:07.925+0500: 411.384: [Tenured: 349567K->349567K(349568K), 0.0773941 secs] 506815K->506796K(506816K), [Metaspace: 12955K->12955K(1060864K)], 0.0775265 secs] [Times: user=0.08 sys=0.00, real=0.08 secs] 
2017-11-10T19:36:08.003+0500: 411.462: [Full GC (Allocation Failure) 2017-11-10T19:36:08.003+0500: 411.462: [Tenured: 349567K->349567K(349568K), 0.0765409 secs] 506815K->506796K(506816K), [Metaspace: 12955K->12955K(1060864K)], 0.0766343 secs] [Times: user=0.06 sys=0.00, real=0.08 secs] 
2017-11-10T19:36:08.080+0500: 411.540: [Full GC (Allocation Failure) 2017-11-10T19:36:08.080+0500: 411.540: [Tenured: 349567K->349567K(349568K), 0.0773696 secs] 506815K->506797K(506816K), [Metaspace: 12955K->12955K(1060864K)], 0.0774434 secs] [Times: user=0.08 sys=0.01, real=0.08 secs] 
2017-11-10T19:36:08.158+0500: 411.618: [Full GC (Allocation Failure) 2017-11-10T19:36:08.159+0500: 411.618: [Tenured: 349567K->349567K(349568K), 0.0779049 secs] 506815K->506796K(506816K), [Metaspace: 12955K->12955K(1060864K)], 0.0779929 secs] [Times: user=0.09 sys=0.00, real=0.08 secs] 
2017-11-10T19:36:08.237+0500: 411.696: [Full GC (Allocation Failure) 2017-11-10T19:36:08.237+0500: 411.696: [Tenured: 349567K->349567K(349568K), 0.0790260 secs] 506815K->506796K(506816K), [Metaspace: 12955K->12955K(1060864K)], 0.0791013 secs] [Times: user=0.08 sys=0.00, real=0.08 secs] 
2017-11-10T19:36:08.317+0500: 411.776: [Full GC (Allocation Failure) 2017-11-10T19:36:08.317+0500: 411.776: [Tenured: 349567K->349567K(349568K), 0.0772860 secs] 506815K->506796K(506816K), [Metaspace: 12955K->12955K(1060864K)], 0.0773623 secs] [Times: user=0.09 sys=0.00, real=0.08 secs] 
2017-11-10T19:36:08.395+0500: 411.854: [Full GC (Allocation Failure) 2017-11-10T19:36:08.395+0500: 411.854: [Tenured: 349567K->349567K(349568K), 0.0771217 secs] 506815K->506797K(506816K), [Metaspace: 12955K->12955K(1060864K)], 0.0772073 secs] [Times: user=0.09 sys=0.00, real=0.08 secs] 
2017-11-10T19:36:08.473+0500: 411.932: [Full GC (Allocation Failure) 2017-11-10T19:36:08.473+0500: 411.932: [Tenured: 349567K->349567K(349568K), 0.0777099 secs] 506815K->506796K(506816K), [Metaspace: 12955K->12955K(1060864K)], 0.0777949 secs] [Times: user=0.13 sys=0.00, real=0.08 secs] 
2017-11-10T19:36:08.551+0500: 412.010: [Full GC (Allocation Failure) 2017-11-10T19:36:08.551+0500: 412.010: [Tenured: 349567K->349567K(349568K), 0.0761997 secs] 506815K->506796K(506816K), [Metaspace: 12955K->12955K(1060864K)], 0.0762745 secs] [Times: user=0.08 sys=0.00, real=0.08 secs] 
2017-11-10T19:36:08.628+0500: 412.087: [Full GC (Allocation Failure) 2017-11-10T19:36:08.628+0500: 412.087: [Tenured: 349567K->349567K(349568K), 0.0815203 secs] 506815K->506796K(506816K), [Metaspace: 12955K->12955K(1060864K)], 0.0816044 secs] [Times: user=0.06 sys=0.00, real=0.08 secs] 
2017-11-10T19:36:08.710+0500: 412.169: [Full GC (Allocation Failure) 2017-11-10T19:36:08.710+0500: 412.169: [Tenured: 349567K->349567K(349568K), 0.0853214 secs] 506815K->506797K(506816K), [Metaspace: 12955K->12955K(1060864K)], 0.0854025 secs] [Times: user=0.08 sys=0.00, real=0.09 secs] 
2017-11-10T19:36:08.796+0500: 412.255: [Full GC (Allocation Failure) 2017-11-10T19:36:08.796+0500: 412.255: [Tenured: 349567K->349567K(349568K), 0.0814909 secs] 506815K->506796K(506816K), [Metaspace: 12955K->12955K(1060864K)], 0.0816156 secs] [Times: user=0.09 sys=0.00, real=0.08 secs] 
2017-11-10T19:36:08.879+0500: 412.339: [Full GC (Allocation Failure) 2017-11-10T19:36:08.879+0500: 412.339: [Tenured: 349567K->349567K(349568K), 0.0804921 secs] 506815K->506796K(506816K), [Metaspace: 12955K->12955K(1060864K)], 0.0805831 secs] [Times: user=0.08 sys=0.00, real=0.08 secs] 
2017-11-10T19:36:08.960+0500: 412.420: [Full GC (Allocation Failure) 2017-11-10T19:36:08.960+0500: 412.420: [Tenured: 349567K->349567K(349568K), 0.0756292 secs] 506815K->506797K(506816K), [Metaspace: 12955K->12955K(1060864K)], 0.0757093 secs] [Times: user=0.08 sys=0.00, real=0.08 secs] 
2017-11-10T19:36:09.037+0500: 412.497: [Full GC (Allocation Failure) 2017-11-10T19:36:09.037+0500: 412.497: [Tenured: 349567K->349567K(349568K), 0.0765678 secs] 506815K->506797K(506816K), [Metaspace: 12955K->12955K(1060864K)], 0.0766690 secs] [Times: user=0.08 sys=0.00, real=0.08 secs] 
2017-11-10T19:36:09.115+0500: 412.574: [Full GC (Allocation Failure) 2017-11-10T19:36:09.115+0500: 412.574: [Tenured: 349567K->349567K(349568K), 0.0775285 secs] 506815K->506797K(506816K), [Metaspace: 12955K->12955K(1060864K)], 0.0776028 secs] [Times: user=0.08 sys=0.00, real=0.08 secs] 
2017-11-10T19:36:09.193+0500: 412.652: [Full GC (Allocation Failure) 2017-11-10T19:36:09.193+0500: 412.652: [Tenured: 349567K->349567K(349568K), 0.0742432 secs] 506815K->506796K(506816K), [Metaspace: 12955K->12955K(1060864K)], 0.0743189 secs] [Times: user=0.06 sys=0.00, real=0.07 secs] 
2017-11-10T19:36:09.268+0500: 412.727: [Full GC (Allocation Failure) 2017-11-10T19:36:09.268+0500: 412.727: [Tenured: 349567K->349567K(349568K), 0.0768499 secs] 506815K->506797K(506816K), [Metaspace: 12955K->12955K(1060864K)], 0.0769609 secs] [Times: user=0.06 sys=0.00, real=0.08 secs] 
2017-11-10T19:36:09.345+0500: 412.804: [Full GC (Allocation Failure) 2017-11-10T19:36:09.345+0500: 412.804: [Tenured: 349567K->349567K(349568K), 0.0767580 secs] 506815K->506797K(506816K), [Metaspace: 12955K->12955K(1060864K)], 0.0768636 secs] [Times: user=0.08 sys=0.00, real=0.08 secs] 
2017-11-10T19:36:09.423+0500: 412.882: [Full GC (Allocation Failure) 2017-11-10T19:36:09.423+0500: 412.882: [Tenured: 349567K->349567K(349568K), 0.0762241 secs] 506815K->506797K(506816K), [Metaspace: 12955K->12955K(1060864K)], 0.0763337 secs] [Times: user=0.08 sys=0.00, real=0.08 secs] 
2017-11-10T19:36:09.499+0500: 412.959: [Full GC (Allocation Failure) 2017-11-10T19:36:09.500+0500: 412.959: [Tenured: 349567K->349567K(349568K), 0.0757147 secs] 506815K->506796K(506816K), [Metaspace: 12955K->12955K(1060864K)], 0.0757841 secs] [Times: user=0.08 sys=0.00, real=0.08 secs] 
2017-11-10T19:36:09.576+0500: 413.035: [Full GC (Allocation Failure) 2017-11-10T19:36:09.576+0500: 413.035: [Tenured: 349567K->349567K(349568K), 0.0746719 secs] 506815K->506797K(506816K), [Metaspace: 12955K->12955K(1060864K)], 0.0747594 secs] [Times: user=0.08 sys=0.00, real=0.07 secs] 
2017-11-10T19:36:09.651+0500: 413.110: [Full GC (Allocation Failure) 2017-11-10T19:36:09.651+0500: 413.110: [Tenured: 349567K->349567K(349568K), 0.0786857 secs] 506815K->506797K(506816K), [Metaspace: 12955K->12955K(1060864K)], 0.0787615 secs] [Times: user=0.08 sys=0.00, real=0.08 secs] 
2017-11-10T19:36:09.730+0500: 413.190: [Full GC (Allocation Failure) 2017-11-10T19:36:09.730+0500: 413.190: [Tenured: 349567K->349567K(349568K), 0.0769707 secs] 506815K->506797K(506816K), [Metaspace: 12955K->12955K(1060864K)], 0.0770421 secs] [Times: user=0.06 sys=0.01, real=0.08 secs] 
2017-11-10T19:36:09.808+0500: 413.267: [Full GC (Allocation Failure) 2017-11-10T19:36:09.809+0500: 413.267: [Tenured: 349567K->349567K(349568K), 0.0751769 secs] 506815K->506796K(506816K), [Metaspace: 12955K->12955K(1060864K)], 0.0752830 secs] [Times: user=0.08 sys=0.00, real=0.08 secs] 
2017-11-10T19:36:09.885+0500: 413.343: [Full GC (Allocation Failure) 2017-11-10T19:36:09.885+0500: 413.344: [Tenured: 349567K->349567K(349568K), 0.0782095 secs] 506815K->506797K(506816K), [Metaspace: 12955K->12955K(1060864K)], 0.0782921 secs] [Times: user=0.08 sys=0.00, real=0.08 secs] 
2017-11-10T19:36:09.963+0500: 413.422: [Full GC (Allocation Failure) 2017-11-10T19:36:09.963+0500: 413.422: [Tenured: 349567K->349567K(349568K), 0.0781978 secs] 506815K->506797K(506816K), [Metaspace: 12955K->12955K(1060864K)], 0.0782726 secs] [Times: user=0.06 sys=0.00, real=0.08 secs] 
2017-11-10T19:36:10.042+0500: 413.501: [Full GC (Allocation Failure) 2017-11-10T19:36:10.042+0500: 413.501: [Tenured: 349567K->349567K(349568K), 0.0759865 secs] 506815K->506797K(506816K), [Metaspace: 12955K->12955K(1060864K)], 0.0760579 secs] [Times: user=0.08 sys=0.00, real=0.08 secs] 
2017-11-10T19:36:10.119+0500: 413.578: [Full GC (Allocation Failure) 2017-11-10T19:36:10.119+0500: 413.578: [Tenured: 349567K->349567K(349568K), 0.0761875 secs] 506815K->506796K(506816K), [Metaspace: 12955K->12955K(1060864K)], 0.0762623 secs] [Times: user=0.08 sys=0.00, real=0.08 secs] 
2017-11-10T19:36:10.196+0500: 413.655: [Full GC (Allocation Failure) 2017-11-10T19:36:10.196+0500: 413.655: [Tenured: 349567K->349567K(349568K), 0.0763713 secs] 506815K->506797K(506816K), [Metaspace: 12955K->12955K(1060864K)], 0.0764627 secs] [Times: user=0.08 sys=0.00, real=0.08 secs] 
2017-11-10T19:36:10.273+0500: 413.732: [Full GC (Allocation Failure) 2017-11-10T19:36:10.273+0500: 413.732: [Tenured: 349567K->349567K(349568K), 0.0756864 secs] 506815K->506797K(506816K), [Metaspace: 12955K->12955K(1060864K)], 0.0757651 secs] [Times: user=0.08 sys=0.00, real=0.08 secs] 
2017-11-10T19:36:10.349+0500: 413.808: [Full GC (Allocation Failure) 2017-11-10T19:36:10.349+0500: 413.808: [Tenured: 349567K->349567K(349568K), 0.0757651 secs] 506815K->506797K(506816K), [Metaspace: 12955K->12955K(1060864K)], 0.0758384 secs] [Times: user=0.08 sys=0.00, real=0.08 secs] 
2017-11-10T19:36:10.426+0500: 413.885: [Full GC (Allocation Failure) 2017-11-10T19:36:10.426+0500: 413.885: [Tenured: 349567K->349567K(349568K), 0.0780609 secs] 506815K->506796K(506816K), [Metaspace: 12955K->12955K(1060864K)], 0.0781337 secs] [Times: user=0.08 sys=0.00, real=0.08 secs] 
2017-11-10T19:36:10.504+0500: 413.963: [Full GC (Allocation Failure) 2017-11-10T19:36:10.504+0500: 413.963: [Tenured: 349567K->349567K(349568K), 0.0781680 secs] 506815K->506797K(506816K), [Metaspace: 12955K->12955K(1060864K)], 0.0782745 secs] [Times: user=0.08 sys=0.00, real=0.08 secs] 
2017-11-10T19:36:10.583+0500: 414.042: [Full GC (Allocation Failure) 2017-11-10T19:36:10.583+0500: 414.042: [Tenured: 349567K->349567K(349568K), 0.0788123 secs] 506815K->506797K(506816K), [Metaspace: 12955K->12955K(1060864K)], 0.0788984 secs] [Times: user=0.06 sys=0.00, real=0.08 secs] 
2017-11-10T19:36:10.663+0500: 414.122: [Full GC (Allocation Failure) 2017-11-10T19:36:10.663+0500: 414.122: [Tenured: 349567K->349567K(349568K), 0.0760125 secs] 506815K->506797K(506816K), [Metaspace: 12955K->12955K(1060864K)], 0.0761156 secs] [Times: user=0.08 sys=0.00, real=0.08 secs] 
2017-11-10T19:36:10.739+0500: 414.198: [Full GC (Allocation Failure) 2017-11-10T19:36:10.739+0500: 414.198: [Tenured: 349567K->349567K(349568K), 0.0765092 secs] 506815K->506796K(506816K), [Metaspace: 12955K->12955K(1060864K)], 0.0766153 secs] [Times: user=0.08 sys=0.00, real=0.08 secs] 
2017-11-10T19:36:10.816+0500: 414.275: [Full GC (Allocation Failure) 2017-11-10T19:36:10.817+0500: 414.276: [Tenured: 349567K->349567K(349568K), 0.0784574 secs] 506815K->506797K(506816K), [Metaspace: 12955K->12955K(1060864K)], 0.0785669 secs] [Times: user=0.08 sys=0.00, real=0.08 secs] 
2017-11-10T19:36:10.896+0500: 414.355: [Full GC (Allocation Failure) 2017-11-10T19:36:10.896+0500: 414.355: [Tenured: 349567K->349567K(349568K), 0.0776370 secs] 506815K->506797K(506816K), [Metaspace: 12955K->12955K(1060864K)], 0.0777094 secs] [Times: user=0.08 sys=0.00, real=0.08 secs] 
2017-11-10T19:36:10.974+0500: 414.433: [Full GC (Allocation Failure) 2017-11-10T19:36:10.974+0500: 414.433: [Tenured: 349567K->349567K(349568K), 0.0742979 secs] 506815K->506797K(506816K), [Metaspace: 12955K->12955K(1060864K)], 0.0743703 secs] [Times: user=0.06 sys=0.00, real=0.07 secs] 
2017-11-10T19:36:11.049+0500: 414.508: [Full GC (Allocation Failure) 2017-11-10T19:36:11.049+0500: 414.508: [Tenured: 349567K->349567K(349568K), 0.0774253 secs] 506815K->506796K(506816K), [Metaspace: 12955K->12955K(1060864K)], 0.0774972 secs] [Times: user=0.08 sys=0.00, real=0.08 secs] 
2017-11-10T19:36:11.127+0500: 414.586: [Full GC (Allocation Failure) 2017-11-10T19:36:11.127+0500: 414.586: [Tenured: 349567K->349567K(349568K), 0.0742207 secs] 506815K->506797K(506816K), [Metaspace: 12955K->12955K(1060864K)], 0.0742979 secs] [Times: user=0.08 sys=0.00, real=0.07 secs] 
2017-11-10T19:36:11.202+0500: 414.661: [Full GC (Allocation Failure) 2017-11-10T19:36:11.202+0500: 414.661: [Tenured: 349567K->349567K(349568K), 0.0762525 secs] 506815K->506797K(506816K), [Metaspace: 12955K->12955K(1060864K)], 0.0763542 secs] [Times: user=0.08 sys=0.00, real=0.08 secs] 
2017-11-10T19:36:11.278+0500: 414.737: [Full GC (Allocation Failure) 2017-11-10T19:36:11.278+0500: 414.737: [Tenured: 349567K->349567K(349568K), 0.0765722 secs] 506815K->506797K(506816K), [Metaspace: 12955K->12955K(1060864K)], 0.0766436 secs] [Times: user=0.08 sys=0.00, real=0.08 secs] 
2017-11-10T19:36:11.356+0500: 414.815: [Full GC (Allocation Failure) 2017-11-10T19:36:11.356+0500: 414.815: [Tenured: 349567K->349567K(349568K), 0.0762471 secs] 506815K->506796K(506816K), [Metaspace: 12955K->12955K(1060864K)], 0.0763297 secs] [Times: user=0.08 sys=0.00, real=0.08 secs] 
2017-11-10T19:36:11.432+0500: 414.892: [Full GC (Allocation Failure) 2017-11-10T19:36:11.432+0500: 414.892: [Tenured: 349567K->349567K(349568K), 0.0777524 secs] 506815K->506797K(506816K), [Metaspace: 12955K->12955K(1060864K)], 0.0778306 secs] [Times: user=0.08 sys=0.00, real=0.08 secs] 
2017-11-10T19:36:11.511+0500: 414.970: [Full GC (Allocation Failure) 2017-11-10T19:36:11.511+0500: 414.970: [Tenured: 349567K->349567K(349568K), 0.0778101 secs] 506815K->506797K(506816K), [Metaspace: 12955K->12955K(1060864K)], 0.0779020 secs] [Times: user=0.08 sys=0.00, real=0.08 secs] 
2017-11-10T19:36:11.589+0500: 415.049: [Full GC (Allocation Failure) 2017-11-10T19:36:11.589+0500: 415.049: [Tenured: 349567K->349567K(349568K), 0.0742720 secs] 506815K->506797K(506816K), [Metaspace: 12955K->12955K(1060864K)], 0.0743458 secs] [Times: user=0.08 sys=0.00, real=0.08 secs] 
2017-11-10T19:36:11.664+0500: 415.123: [Full GC (Allocation Failure) 2017-11-10T19:36:11.664+0500: 415.123: [Tenured: 349567K->349567K(349568K), 0.0781181 secs] 506815K->506796K(506816K), [Metaspace: 12955K->12955K(1060864K)], 0.0782403 secs] [Times: user=0.08 sys=0.00, real=0.08 secs] 
2017-11-10T19:36:11.743+0500: 415.202: [Full GC (Allocation Failure) 2017-11-10T19:36:11.743+0500: 415.202: [Tenured: 349567K->349567K(349568K), 0.0847543 secs] 506815K->506797K(506816K), [Metaspace: 12955K->12955K(1060864K)], 0.0848648 secs] [Times: user=0.08 sys=0.00, real=0.09 secs] 
2017-11-10T19:36:11.829+0500: 415.288: [Full GC (Allocation Failure) 2017-11-10T19:36:11.829+0500: 415.288: [Tenured: 349567K->349567K(349568K), 0.0804755 secs] 506815K->506797K(506816K), [Metaspace: 12955K->12955K(1060864K)], 0.0805572 secs] [Times: user=0.09 sys=0.00, real=0.08 secs] 
2017-11-10T19:36:11.910+0500: 415.369: [Full GC (Allocation Failure) 2017-11-10T19:36:11.910+0500: 415.369: [Tenured: 349567K->349567K(349568K), 0.0754453 secs] 506815K->506797K(506816K), [Metaspace: 12955K->12955K(1060864K)], 0.0755231 secs] [Times: user=0.06 sys=0.00, real=0.07 secs] 
2017-11-10T19:36:11.986+0500: 415.446: [Full GC (Allocation Failure) 2017-11-10T19:36:11.987+0500: 415.446: [Tenured: 349567K->349567K(349568K), 0.0751593 secs] 506815K->506796K(506816K), [Metaspace: 12955K->12955K(1060864K)], 0.0752664 secs] [Times: user=0.08 sys=0.00, real=0.08 secs] 
2017-11-10T19:36:12.062+0500: 415.521: [Full GC (Allocation Failure) 2017-11-10T19:36:12.062+0500: 415.521: [Tenured: 349567K->349567K(349568K), 0.0745350 secs] 506815K->506797K(506816K), [Metaspace: 12955K->12955K(1060864K)], 0.0746069 secs] [Times: user=0.08 sys=0.00, real=0.08 secs] 
2017-11-10T19:36:12.137+0500: 415.597: [Full GC (Allocation Failure) 2017-11-10T19:36:12.137+0500: 415.597: [Tenured: 349567K->349567K(349568K), 0.0744377 secs] 506815K->506797K(506816K), [Metaspace: 12955K->12955K(1060864K)], 0.0745135 secs] [Times: user=0.08 sys=0.00, real=0.07 secs] 
2017-11-10T19:36:12.212+0500: 415.672: [Full GC (Allocation Failure) 2017-11-10T19:36:12.212+0500: 415.672: [Tenured: 349567K->349567K(349568K), 0.0753344 secs] 506815K->506797K(506816K), [Metaspace: 12955K->12955K(1060864K)], 0.0754224 secs] [Times: user=0.08 sys=0.00, real=0.08 secs] 
2017-11-10T19:36:12.288+0500: 415.748: [Full GC (Allocation Failure) 2017-11-10T19:36:12.288+0500: 415.748: [Tenured: 349567K->349567K(349568K), 0.0742207 secs] 506815K->506796K(506816K), [Metaspace: 12955K->12955K(1060864K)], 0.0742950 secs] [Times: user=0.08 sys=0.00, real=0.07 secs] 
2017-11-10T19:36:12.363+0500: 415.822: [Full GC (Allocation Failure) 2017-11-10T19:36:12.363+0500: 415.822: [Tenured: 349567K->349567K(349568K), 0.0815550 secs] 506815K->506797K(506816K), [Metaspace: 12955K->12955K(1060864K)], 0.0816474 secs] [Times: user=0.08 sys=0.00, real=0.08 secs] 
2017-11-10T19:36:12.446+0500: 415.905: [Full GC (Allocation Failure) 2017-11-10T19:36:12.446+0500: 415.905: [Tenured: 349567K->349567K(349568K), 0.0826819 secs] 506815K->506797K(506816K), [Metaspace: 12955K->12955K(1060864K)], 0.0827772 secs] [Times: user=0.08 sys=0.00, real=0.08 secs] 
2017-11-10T19:36:12.529+0500: 415.988: [Full GC (Allocation Failure) 2017-11-10T19:36:12.529+0500: 415.988: [Tenured: 349567K->349567K(349568K), 0.0782648 secs] 506815K->506797K(506816K), [Metaspace: 12955K->12955K(1060864K)], 0.0783674 secs] [Times: user=0.08 sys=0.00, real=0.08 secs] 
2017-11-10T19:36:12.608+0500: 416.067: [Full GC (Allocation Failure) 2017-11-10T19:36:12.608+0500: 416.067: [Tenured: 349567K->349567K(349568K), 0.0738076 secs] 506815K->506796K(506816K), [Metaspace: 12955K->12955K(1060864K)], 0.0738819 secs] [Times: user=0.08 sys=0.00, real=0.07 secs] 
2017-11-10T19:36:12.682+0500: 416.142: [Full GC (Allocation Failure) 2017-11-10T19:36:12.682+0500: 416.142: [Tenured: 349567K->349567K(349568K), 0.0759724 secs] 506815K->506797K(506816K), [Metaspace: 12955K->12955K(1060864K)], 0.0760467 secs] [Times: user=0.08 sys=0.00, real=0.08 secs] 
2017-11-10T19:36:12.759+0500: 416.218: [Full GC (Allocation Failure) 2017-11-10T19:36:12.759+0500: 416.218: [Tenured: 349567K->349567K(349568K), 0.0749525 secs] 506815K->506797K(506816K), [Metaspace: 12955K->12955K(1060864K)], 0.0750249 secs] [Times: user=0.08 sys=0.00, real=0.08 secs] 
2017-11-10T19:36:12.834+0500: 416.294: [Full GC (Allocation Failure) 2017-11-10T19:36:12.834+0500: 416.294: [Tenured: 349567K->349567K(349568K), 0.0753226 secs] 506815K->506797K(506816K), [Metaspace: 12955K->12955K(1060864K)], 0.0753989 secs] [Times: user=0.08 sys=0.00, real=0.08 secs] 
2017-11-10T19:36:12.910+0500: 416.370: [Full GC (Allocation Failure) 2017-11-10T19:36:12.910+0500: 416.370: [Tenured: 349567K->349567K(349568K), 0.0743952 secs] 506815K->506796K(506816K), [Metaspace: 12955K->12955K(1060864K)], 0.0744671 secs] [Times: user=0.06 sys=0.00, real=0.07 secs] 
2017-11-10T19:36:12.985+0500: 416.445: [Full GC (Allocation Failure) 2017-11-10T19:36:12.985+0500: 416.445: [Tenured: 349567K->349567K(349568K), 0.0778116 secs] 506815K->506797K(506816K), [Metaspace: 12955K->12955K(1060864K)], 0.0778854 secs] [Times: user=0.08 sys=0.00, real=0.08 secs] 
2017-11-10T19:36:13.064+0500: 416.523: [Full GC (Allocation Failure) 2017-11-10T19:36:13.064+0500: 416.523: [Tenured: 349567K->349567K(349568K), 0.0819779 secs] 506815K->506797K(506816K), [Metaspace: 12955K->12955K(1060864K)], 0.0820781 secs] [Times: user=0.09 sys=0.00, real=0.08 secs] 
2017-11-10T19:36:13.146+0500: 416.606: [Full GC (Allocation Failure) 2017-11-10T19:36:13.146+0500: 416.606: [Tenured: 349567K->349567K(349568K), 0.0779773 secs] 506815K->506797K(506816K), [Metaspace: 12955K->12955K(1060864K)], 0.0780589 secs] [Times: user=0.08 sys=0.00, real=0.08 secs] 
2017-11-10T19:36:13.225+0500: 416.684: [Full GC (Allocation Failure) 2017-11-10T19:36:13.225+0500: 416.684: [Tenured: 349567K->349567K(349568K), 0.0750625 secs] 506815K->506796K(506816K), [Metaspace: 12955K->12955K(1060864K)], 0.0751437 secs] [Times: user=0.08 sys=0.00, real=0.08 secs] 
2017-11-10T19:36:13.301+0500: 416.760: [Full GC (Allocation Failure) 2017-11-10T19:36:13.301+0500: 416.760: [Tenured: 349567K->349567K(349568K), 0.0747619 secs] 506815K->506797K(506816K), [Metaspace: 12955K->12955K(1060864K)], 0.0748386 secs] [Times: user=0.06 sys=0.00, real=0.07 secs] 
2017-11-10T19:36:13.376+0500: 416.835: [Full GC (Allocation Failure) 2017-11-10T19:36:13.376+0500: 416.835: [Tenured: 349567K->349567K(349568K), 0.0741679 secs] 506815K->506797K(506816K), [Metaspace: 12955K->12955K(1060864K)], 0.0742412 secs] [Times: user=0.08 sys=0.00, real=0.08 secs] 
2017-11-10T19:36:13.451+0500: 416.910: [Full GC (Allocation Failure) 2017-11-10T19:36:13.451+0500: 416.910: [Tenured: 349567K->349567K(349568K), 0.0783366 secs] 506815K->506797K(506816K), [Metaspace: 12955K->12955K(1060864K)], 0.0784080 secs] [Times: user=0.08 sys=0.00, real=0.08 secs] 
2017-11-10T19:36:13.530+0500: 416.989: [Full GC (Allocation Failure) 2017-11-10T19:36:13.530+0500: 416.989: [Tenured: 349567K->349567K(349568K), 0.0762809 secs] 506815K->506796K(506816K), [Metaspace: 12955K->12955K(1060864K)], 0.0763493 secs] [Times: user=0.08 sys=0.00, real=0.08 secs] 
2017-11-10T19:36:13.607+0500: 417.066: [Full GC (Allocation Failure) 2017-11-10T19:36:13.607+0500: 417.066: [Tenured: 349567K->349567K(349568K), 0.0741229 secs] 506815K->506797K(506816K), [Metaspace: 12955K->12955K(1060864K)], 0.0741933 secs] [Times: user=0.08 sys=0.00, real=0.07 secs] 
2017-11-10T19:36:13.681+0500: 417.141: [Full GC (Allocation Failure) 2017-11-10T19:36:13.681+0500: 417.141: [Tenured: 349567K->349567K(349568K), 0.0759616 secs] 506815K->506797K(506816K), [Metaspace: 12955K->12955K(1060864K)], 0.0760374 secs] [Times: user=0.08 sys=0.00, real=0.08 secs] 
2017-11-10T19:36:13.758+0500: 417.217: [Full GC (Allocation Failure) 2017-11-10T19:36:13.758+0500: 417.217: [Tenured: 349567K->349567K(349568K), 0.0747145 secs] 506815K->506797K(506816K), [Metaspace: 12955K->12955K(1060864K)], 0.0747863 secs] [Times: user=0.08 sys=0.00, real=0.08 secs] 
2017-11-10T19:36:13.834+0500: 417.293: [Full GC (Allocation Failure) 2017-11-10T19:36:13.834+0500: 417.293: [Tenured: 349567K->349567K(349568K), 0.0788153 secs] 506815K->506796K(506816K), [Metaspace: 12955K->12955K(1060864K)], 0.0789155 secs] [Times: user=0.08 sys=0.00, real=0.08 secs] 
2017-11-10T19:36:13.913+0500: 417.372: [Full GC (Allocation Failure) 2017-11-10T19:36:13.913+0500: 417.372: [Tenured: 349567K->349567K(349568K), 0.0791971 secs] 506815K->506797K(506816K), [Metaspace: 12955K->12955K(1060864K)], 0.0793301 secs] [Times: user=0.08 sys=0.00, real=0.08 secs] 
2017-11-10T19:36:13.993+0500: 417.452: [Full GC (Allocation Failure) 2017-11-10T19:36:13.993+0500: 417.452: [Tenured: 349567K->349567K(349568K), 0.0752742 secs] 506815K->506797K(506816K), [Metaspace: 12955K->12955K(1060864K)], 0.0753852 secs] [Times: user=0.08 sys=0.00, real=0.08 secs] 
2017-11-10T19:36:14.069+0500: 417.528: [Full GC (Allocation Failure) 2017-11-10T19:36:14.069+0500: 417.528: [Tenured: 349567K->349567K(349568K), 0.0765664 secs] 506815K->506797K(506816K), [Metaspace: 12955K->12955K(1060864K)], 0.0766509 secs] [Times: user=0.08 sys=0.00, real=0.08 secs] 
2017-11-10T19:36:14.146+0500: 417.605: [Full GC (Allocation Failure) 2017-11-10T19:36:14.146+0500: 417.605: [Tenured: 349567K->349567K(349568K), 0.0770680 secs] 506815K->506796K(506816K), [Metaspace: 12955K->12955K(1060864K)], 0.0771398 secs] [Times: user=0.08 sys=0.00, real=0.08 secs] 
2017-11-10T19:36:14.224+0500: 417.683: [Full GC (Allocation Failure) 2017-11-10T19:36:14.224+0500: 417.683: [Tenured: 349567K->349567K(349568K), 0.0758565 secs] 506815K->506797K(506816K), [Metaspace: 12955K->12955K(1060864K)], 0.0759337 secs] [Times: user=0.08 sys=0.00, real=0.08 secs] 
2017-11-10T19:36:14.300+0500: 417.759: [Full GC (Allocation Failure) 2017-11-10T19:36:14.300+0500: 417.759: [Tenured: 349567K->349567K(349568K), 0.0769453 secs] 506815K->506797K(506816K), [Metaspace: 12955K->12955K(1060864K)], 0.0770166 secs] [Times: user=0.06 sys=0.00, real=0.08 secs] 
2017-11-10T19:36:14.378+0500: 417.837: [Full GC (Allocation Failure) 2017-11-10T19:36:14.378+0500: 417.837: [Tenured: 349567K->349567K(349568K), 0.0766138 secs] 506815K->506797K(506816K), [Metaspace: 12955K->12955K(1060864K)], 0.0767052 secs] [Times: user=0.06 sys=0.00, real=0.08 secs] 
2017-11-10T19:36:14.455+0500: 417.914: [Full GC (Allocation Failure) 2017-11-10T19:36:14.455+0500: 417.914: [Tenured: 349567K->349567K(349568K), 0.0776664 secs] 506815K->506796K(506816K), [Metaspace: 12955K->12955K(1060864K)], 0.0777739 secs] [Times: user=0.08 sys=0.00, real=0.08 secs] 
2017-11-10T19:36:14.534+0500: 417.993: [Full GC (Allocation Failure) 2017-11-10T19:36:14.534+0500: 417.993: [Tenured: 349567K->349567K(349568K), 0.0785522 secs] 506815K->506797K(506816K), [Metaspace: 12955K->12955K(1060864K)], 0.0786441 secs] [Times: user=0.08 sys=0.00, real=0.08 secs] 
2017-11-10T19:36:14.613+0500: 418.072: [Full GC (Allocation Failure) 2017-11-10T19:36:14.613+0500: 418.072: [Tenured: 349567K->349567K(349568K), 0.0773349 secs] 506815K->506797K(506816K), [Metaspace: 12955K->12955K(1060864K)], 0.0774087 secs] [Times: user=0.08 sys=0.00, real=0.08 secs] 
2017-11-10T19:36:14.691+0500: 418.150: [Full GC (Allocation Failure) 2017-11-10T19:36:14.691+0500: 418.150: [Tenured: 349567K->349567K(349568K), 0.0750562 secs] 506815K->506797K(506816K), [Metaspace: 12955K->12955K(1060864K)], 0.0751378 secs] [Times: user=0.06 sys=0.00, real=0.08 secs] 
2017-11-10T19:36:14.766+0500: 418.225: [Full GC (Allocation Failure) 2017-11-10T19:36:14.766+0500: 418.225: [Tenured: 349567K->349567K(349568K), 0.0764779 secs] 506815K->506796K(506816K), [Metaspace: 12955K->12955K(1060864K)], 0.0765610 secs] [Times: user=0.08 sys=0.00, real=0.08 secs] 
2017-11-10T19:36:14.843+0500: 418.302: [Full GC (Allocation Failure) 2017-11-10T19:36:14.843+0500: 418.302: [Tenured: 349567K->349567K(349568K), 0.0792069 secs] 506815K->506797K(506816K), [Metaspace: 12955K->12955K(1060864K)], 0.0793364 secs] [Times: user=0.08 sys=0.00, real=0.08 secs] 
2017-11-10T19:36:14.923+0500: 418.382: [Full GC (Allocation Failure) 2017-11-10T19:36:14.923+0500: 418.382: [Tenured: 349567K->349567K(349568K), 0.0757949 secs] 506815K->506797K(506816K), [Metaspace: 12955K->12955K(1060864K)], 0.0758775 secs] [Times: user=0.08 sys=0.00, real=0.08 secs] 
2017-11-10T19:36:15.000+0500: 418.459: [Full GC (Allocation Failure) 2017-11-10T19:36:15.000+0500: 418.459: [Tenured: 349567K->349567K(349568K), 0.0754111 secs] 506815K->506797K(506816K), [Metaspace: 12955K->12955K(1060864K)], 0.0754835 secs] [Times: user=0.08 sys=0.00, real=0.08 secs] 
2017-11-10T19:36:15.076+0500: 418.535: [Full GC (Allocation Failure) 2017-11-10T19:36:15.076+0500: 418.535: [Tenured: 349567K->349567K(349568K), 0.0755426 secs] 506815K->506796K(506816K), [Metaspace: 12955K->12955K(1060864K)], 0.0756204 secs] [Times: user=0.08 sys=0.00, real=0.08 secs] 
2017-11-10T19:36:15.152+0500: 418.611: [Full GC (Allocation Failure) 2017-11-10T19:36:15.152+0500: 418.611: [Tenured: 349567K->349567K(349568K), 0.0753065 secs] 506815K->506797K(506816K), [Metaspace: 12955K->12955K(1060864K)], 0.0753862 secs] [Times: user=0.08 sys=0.00, real=0.08 secs] 
2017-11-10T19:36:15.228+0500: 418.687: [Full GC (Allocation Failure) 2017-11-10T19:36:15.228+0500: 418.687: [Tenured: 349567K->349567K(349568K), 0.0764099 secs] 506815K->506797K(506816K), [Metaspace: 12955K->12955K(1060864K)], 0.0764955 secs] [Times: user=0.08 sys=0.00, real=0.08 secs] 
2017-11-10T19:36:15.305+0500: 418.764: [Full GC (Allocation Failure) 2017-11-10T19:36:15.305+0500: 418.764: [Tenured: 349567K->349567K(349568K), 0.0767243 secs] 506815K->506797K(506816K), [Metaspace: 12955K->12955K(1060864K)], 0.0768362 secs] [Times: user=0.08 sys=0.00, real=0.08 secs] 
2017-11-10T19:36:15.382+0500: 418.842: [Full GC (Allocation Failure) 2017-11-10T19:36:15.383+0500: 418.842: [Tenured: 349567K->349567K(349568K), 0.0758159 secs] 506815K->506796K(506816K), [Metaspace: 12955K->12955K(1060864K)], 0.0758981 secs] [Times: user=0.08 sys=0.00, real=0.08 secs] 
2017-11-10T19:36:15.459+0500: 418.918: [Full GC (Allocation Failure) 2017-11-10T19:36:15.459+0500: 418.918: [Tenured: 349567K->349567K(349568K), 0.0747536 secs] 506815K->506797K(506816K), [Metaspace: 12955K->12955K(1060864K)], 0.0748279 secs] [Times: user=0.08 sys=0.00, real=0.07 secs] 
2017-11-10T19:36:15.534+0500: 418.993: [Full GC (Allocation Failure) 2017-11-10T19:36:15.534+0500: 418.993: [Tenured: 349567K->349567K(349568K), 0.0761430 secs] 506815K->506797K(506816K), [Metaspace: 12955K->12955K(1060864K)], 0.0762285 secs] [Times: user=0.06 sys=0.00, real=0.08 secs] 
2017-11-10T19:36:15.611+0500: 419.070: [Full GC (Allocation Failure) 2017-11-10T19:36:15.611+0500: 419.070: [Tenured: 349567K->349567K(349568K), 0.0768323 secs] 506815K->506797K(506816K), [Metaspace: 12955K->12955K(1060864K)], 0.0769189 secs] [Times: user=0.08 sys=0.00, real=0.08 secs] 
2017-11-10T19:36:15.689+0500: 419.148: [Full GC (Allocation Failure) 2017-11-10T19:36:15.689+0500: 419.148: [Tenured: 349567K->349567K(349568K), 0.0756492 secs] 506815K->506796K(506816K), [Metaspace: 12955K->12955K(1060864K)], 0.0757553 secs] [Times: user=0.08 sys=0.00, real=0.08 secs] 
2017-11-10T19:36:15.765+0500: 419.224: [Full GC (Allocation Failure) 2017-11-10T19:36:15.765+0500: 419.224: [Tenured: 349567K->349567K(349568K), 0.0763019 secs] 506815K->506797K(506816K), [Metaspace: 12955K->12955K(1060864K)], 0.0763752 secs] [Times: user=0.08 sys=0.00, real=0.08 secs] 
2017-11-10T19:36:15.842+0500: 419.301: [Full GC (Allocation Failure) 2017-11-10T19:36:15.842+0500: 419.301: [Tenured: 349567K->349567K(349568K), 0.0760217 secs] 506815K->506797K(506816K), [Metaspace: 12955K->12955K(1060864K)], 0.0761009 secs] [Times: user=0.08 sys=0.00, real=0.08 secs] 
2017-11-10T19:36:15.919+0500: 419.378: [Full GC (Allocation Failure) 2017-11-10T19:36:15.919+0500: 419.378: [Tenured: 349567K->349567K(349568K), 0.0765991 secs] 506815K->506797K(506816K), [Metaspace: 12955K->12955K(1060864K)], 0.0766959 secs] [Times: user=0.08 sys=0.00, real=0.08 secs] 
2017-11-10T19:36:15.996+0500: 419.455: [Full GC (Allocation Failure) 2017-11-10T19:36:15.996+0500: 419.455: [Tenured: 349567K->349567K(349568K), 0.0768372 secs] 506815K->506796K(506816K), [Metaspace: 12955K->12955K(1060864K)], 0.0769125 secs] [Times: user=0.08 sys=0.00, real=0.08 secs] 
2017-11-10T19:36:16.074+0500: 419.533: [Full GC (Allocation Failure) 2017-11-10T19:36:16.074+0500: 419.533: [Tenured: 349567K->349567K(349568K), 0.0743546 secs] 506815K->506797K(506816K), [Metaspace: 12955K->12955K(1060864K)], 0.0744329 secs] [Times: user=0.08 sys=0.00, real=0.07 secs] 
2017-11-10T19:36:16.148+0500: 419.608: [Full GC (Allocation Failure) 2017-11-10T19:36:16.148+0500: 419.608: [Tenured: 349567K->349567K(349568K), 0.0757856 secs] 506815K->506797K(506816K), [Metaspace: 12955K->12955K(1060864K)], 0.0758594 secs] [Times: user=0.08 sys=0.00, real=0.08 secs] 
2017-11-10T19:36:16.225+0500: 419.684: [Full GC (Allocation Failure) 2017-11-10T19:36:16.225+0500: 419.684: [Tenured: 349567K->349567K(349568K), 0.0763385 secs] 506815K->506797K(506816K), [Metaspace: 12955K->12955K(1060864K)], 0.0764173 secs] [Times: user=0.08 sys=0.00, real=0.08 secs] 
2017-11-10T19:36:16.302+0500: 419.761: [Full GC (Allocation Failure) 2017-11-10T19:36:16.302+0500: 419.761: [Tenured: 349567K->349567K(349568K), 0.0774102 secs] 506815K->506796K(506816K), [Metaspace: 12955K->12955K(1060864K)], 0.0774879 secs] [Times: user=0.08 sys=0.00, real=0.08 secs] 
2017-11-10T19:36:16.380+0500: 419.839: [Full GC (Allocation Failure) 2017-11-10T19:36:16.380+0500: 419.839: [Tenured: 349567K->349567K(349568K), 0.0761386 secs] 506815K->506797K(506816K), [Metaspace: 12955K->12955K(1060864K)], 0.0762398 secs] [Times: user=0.08 sys=0.00, real=0.08 secs] 
2017-11-10T19:36:16.457+0500: 419.916: [Full GC (Allocation Failure) 2017-11-10T19:36:16.457+0500: 419.916: [Tenured: 349567K->349567K(349568K), 0.0769511 secs] 506815K->506797K(506816K), [Metaspace: 12955K->12955K(1060864K)], 0.0770264 secs] [Times: user=0.08 sys=0.00, real=0.08 secs] 
2017-11-10T19:36:16.534+0500: 419.993: [Full GC (Allocation Failure) 2017-11-10T19:36:16.534+0500: 419.993: [Tenured: 349567K->349567K(349568K), 0.0792176 secs] 506815K->506797K(506816K), [Metaspace: 12955K->12955K(1060864K)], 0.0793193 secs] [Times: user=0.08 sys=0.00, real=0.08 secs] 
2017-11-10T19:36:16.614+0500: 420.073: [Full GC (Allocation Failure) 2017-11-10T19:36:16.614+0500: 420.073: [Tenured: 349567K->349567K(349568K), 0.0759504 secs] 506815K->506796K(506816K), [Metaspace: 12955K->12955K(1060864K)], 0.0760276 secs] [Times: user=0.08 sys=0.00, real=0.08 secs] 
2017-11-10T19:36:16.691+0500: 420.150: [Full GC (Allocation Failure) 2017-11-10T19:36:16.691+0500: 420.150: [Tenured: 349567K->349567K(349568K), 0.0745771 secs] 506815K->506797K(506816K), [Metaspace: 12955K->12955K(1060864K)], 0.0746602 secs] [Times: user=0.06 sys=0.00, real=0.07 secs] 
2017-11-10T19:36:16.766+0500: 420.225: [Full GC (Allocation Failure) 2017-11-10T19:36:16.766+0500: 420.225: [Tenured: 349567K->349567K(349568K), 0.0778257 secs] 506815K->506797K(506816K), [Metaspace: 12955K->12955K(1060864K)], 0.0779348 secs] [Times: user=0.08 sys=0.00, real=0.08 secs] 
2017-11-10T19:36:16.844+0500: 420.304: [Full GC (Allocation Failure) 2017-11-10T19:36:16.844+0500: 420.304: [Tenured: 349567K->349567K(349568K), 0.0790802 secs] 506815K->506797K(506816K), [Metaspace: 12955K->12955K(1060864K)], 0.0791819 secs] [Times: user=0.08 sys=0.00, real=0.08 secs] 
2017-11-10T19:36:16.924+0500: 420.383: [Full GC (Allocation Failure) 2017-11-10T19:36:16.924+0500: 420.383: [Tenured: 349567K->349567K(349568K), 0.0780849 secs] 506815K->506796K(506816K), [Metaspace: 12955K->12955K(1060864K)], 0.0781719 secs] [Times: user=0.09 sys=0.00, real=0.08 secs] 
2017-11-10T19:36:17.003+0500: 420.462: [Full GC (Allocation Failure) 2017-11-10T19:36:17.003+0500: 420.462: [Tenured: 349567K->349567K(349568K), 0.0796258 secs] 506815K->506797K(506816K), [Metaspace: 12955K->12955K(1060864K)], 0.0797246 secs] [Times: user=0.08 sys=0.00, real=0.08 secs] 
2017-11-10T19:36:17.083+0500: 420.542: [Full GC (Allocation Failure) 2017-11-10T19:36:17.083+0500: 420.542: [Tenured: 349567K->349567K(349568K), 0.0772225 secs] 506815K->506797K(506816K), [Metaspace: 12955K->12955K(1060864K)], 0.0772982 secs] [Times: user=0.08 sys=0.00, real=0.08 secs] 
2017-11-10T19:36:17.161+0500: 420.620: [Full GC (Allocation Failure) 2017-11-10T19:36:17.161+0500: 420.621: [Tenured: 349567K->349567K(349568K), 0.0777050 secs] 506815K->506797K(506816K), [Metaspace: 12955K->12955K(1060864K)], 0.0778135 secs] [Times: user=0.08 sys=0.00, real=0.08 secs] 
2017-11-10T19:36:17.239+0500: 420.699: [Full GC (Allocation Failure) 2017-11-10T19:36:17.240+0500: 420.699: [Tenured: 349567K->349567K(349568K), 0.0752918 secs] 506815K->506796K(506816K), [Metaspace: 12955K->12955K(1060864K)], 0.0753671 secs] [Times: user=0.08 sys=0.00, real=0.08 secs] 
2017-11-10T19:36:17.315+0500: 420.775: [Full GC (Allocation Failure) 2017-11-10T19:36:17.315+0500: 420.775: [Tenured: 349567K->349567K(349568K), 0.0763899 secs] 506815K->506797K(506816K), [Metaspace: 12955K->12955K(1060864K)], 0.0764652 secs] [Times: user=0.05 sys=0.00, real=0.08 secs] 
2017-11-10T19:36:17.392+0500: 420.852: [Full GC (Allocation Failure) 2017-11-10T19:36:17.392+0500: 420.852: [Tenured: 349567K->349567K(349568K), 0.0750753 secs] 506815K->506797K(506816K), [Metaspace: 12955K->12955K(1060864K)], 0.0751481 secs] [Times: user=0.08 sys=0.00, real=0.08 secs] 
2017-11-10T19:36:17.468+0500: 420.928: [Full GC (Allocation Failure) 2017-11-10T19:36:17.468+0500: 420.928: [Tenured: 349567K->349567K(349568K), 0.0766338 secs] 506815K->506797K(506816K), [Metaspace: 12955K->12955K(1060864K)], 0.0767145 secs] [Times: user=0.08 sys=0.00, real=0.08 secs] 
2017-11-10T19:36:17.545+0500: 421.005: [Full GC (Allocation Failure) 2017-11-10T19:36:17.545+0500: 421.005: [Tenured: 349567K->349567K(349568K), 0.0755993 secs] 506815K->506796K(506816K), [Metaspace: 12955K->12955K(1060864K)], 0.0756825 secs] [Times: user=0.08 sys=0.00, real=0.08 secs] 
2017-11-10T19:36:17.622+0500: 421.081: [Full GC (Allocation Failure) 2017-11-10T19:36:17.622+0500: 421.081: [Tenured: 349567K->349567K(349568K), 0.0762721 secs] 506815K->506797K(506816K), [Metaspace: 12955K->12955K(1060864K)], 0.0763772 secs] [Times: user=0.08 sys=0.00, real=0.08 secs] 
2017-11-10T19:36:17.699+0500: 421.158: [Full GC (Allocation Failure) 2017-11-10T19:36:17.699+0500: 421.158: [Tenured: 349567K->349567K(349568K), 0.0763341 secs] 506815K->506797K(506816K), [Metaspace: 12955K->12955K(1060864K)], 0.0764080 secs] [Times: user=0.08 sys=0.00, real=0.08 secs] 
2017-11-10T19:36:17.776+0500: 421.235: [Full GC (Allocation Failure) 2017-11-10T19:36:17.776+0500: 421.235: [Tenured: 349567K->349567K(349568K), 0.0744729 secs] 506815K->506797K(506816K), [Metaspace: 12955K->12955K(1060864K)], 0.0745477 secs] [Times: user=0.08 sys=0.00, real=0.08 secs] 
2017-11-10T19:36:17.851+0500: 421.310: [Full GC (Allocation Failure) 2017-11-10T19:36:17.851+0500: 421.310: [Tenured: 349567K->349567K(349568K), 0.0784603 secs] 506815K->506796K(506816K), [Metaspace: 12955K->12955K(1060864K)], 0.0785361 secs] [Times: user=0.08 sys=0.00, real=0.08 secs] 
2017-11-10T19:36:17.930+0500: 421.389: [Full GC (Allocation Failure) 2017-11-10T19:36:17.930+0500: 421.389: [Tenured: 349567K->349567K(349568K), 0.0772728 secs] 506815K->506797K(506816K), [Metaspace: 12955K->12955K(1060864K)], 0.0773491 secs] [Times: user=0.08 sys=0.00, real=0.08 secs] 
2017-11-10T19:36:18.008+0500: 421.467: [Full GC (Allocation Failure) 2017-11-10T19:36:18.008+0500: 421.467: [Tenured: 349567K->349567K(349568K), 0.0750479 secs] 506815K->506797K(506816K), [Metaspace: 12955K->12955K(1060864K)], 0.0751227 secs] [Times: user=0.08 sys=0.00, real=0.08 secs] 
2017-11-10T19:36:18.084+0500: 421.543: [Full GC (Allocation Failure) 2017-11-10T19:36:18.084+0500: 421.543: [Tenured: 349567K->349567K(349568K), 0.0760379 secs] 506815K->506797K(506816K), [Metaspace: 12955K->12955K(1060864K)], 0.0761078 secs] [Times: user=0.08 sys=0.00, real=0.08 secs] 
2017-11-10T19:36:18.160+0500: 421.619: [Full GC (Allocation Failure) 2017-11-10T19:36:18.160+0500: 421.619: [Tenured: 349567K->349567K(349568K), 0.0744172 secs] 506815K->506796K(506816K), [Metaspace: 12955K->12955K(1060864K)], 0.0744910 secs] [Times: user=0.06 sys=0.00, real=0.07 secs] 
2017-11-10T19:36:18.235+0500: 421.694: [Full GC (Allocation Failure) 2017-11-10T19:36:18.235+0500: 421.694: [Tenured: 349567K->349567K(349568K), 0.0773163 secs] 506815K->506797K(506816K), [Metaspace: 12955K->12955K(1060864K)], 0.0773887 secs] [Times: user=0.08 sys=0.00, real=0.08 secs] 
2017-11-10T19:36:18.313+0500: 421.772: [Full GC (Allocation Failure) 2017-11-10T19:36:18.313+0500: 421.772: [Tenured: 349567K->349567K(349568K), 0.0758120 secs] 506815K->506797K(506816K), [Metaspace: 12955K->12955K(1060864K)], 0.0758912 secs] [Times: user=0.08 sys=0.00, real=0.08 secs] 
2017-11-10T19:36:18.390+0500: 421.849: [Full GC (Allocation Failure) 2017-11-10T19:36:18.390+0500: 421.849: [Tenured: 349567K->349567K(349568K), 0.0755808 secs] 506815K->506797K(506816K), [Metaspace: 12955K->12955K(1060864K)], 0.0756986 secs] [Times: user=0.08 sys=0.00, real=0.07 secs] 
2017-11-10T19:36:18.466+0500: 421.925: [Full GC (Allocation Failure) 2017-11-10T19:36:18.466+0500: 421.925: [Tenured: 349567K->349567K(349568K), 0.0766079 secs] 506815K->506796K(506816K), [Metaspace: 12955K->12955K(1060864K)], 0.0767067 secs] [Times: user=0.08 sys=0.00, real=0.08 secs] 
2017-11-10T19:36:18.543+0500: 422.002: [Full GC (Allocation Failure) 2017-11-10T19:36:18.543+0500: 422.002: [Tenured: 349567K->349567K(349568K), 0.0764896 secs] 506815K->506797K(506816K), [Metaspace: 12955K->12955K(1060864K)], 0.0765605 secs] [Times: user=0.08 sys=0.00, real=0.08 secs] 
2017-11-10T19:36:18.620+0500: 422.079: [Full GC (Allocation Failure) 2017-11-10T19:36:18.620+0500: 422.079: [Tenured: 349567K->349567K(349568K), 0.0792909 secs] 506815K->506797K(506816K), [Metaspace: 12955K->12955K(1060864K)], 0.0793760 secs] [Times: user=0.08 sys=0.00, real=0.08 secs] 
2017-11-10T19:36:18.700+0500: 422.159: [Full GC (Allocation Failure) 2017-11-10T19:36:18.700+0500: 422.159: [Tenured: 349567K->349567K(349568K), 0.0773647 secs] 506815K->506797K(506816K), [Metaspace: 12955K->12955K(1060864K)], 0.0774425 secs] [Times: user=0.08 sys=0.00, real=0.08 secs] 
2017-11-10T19:36:18.778+0500: 422.237: [Full GC (Allocation Failure) 2017-11-10T19:36:18.778+0500: 422.237: [Tenured: 349567K->349567K(349568K), 0.0753021 secs] 506815K->506796K(506816K), [Metaspace: 12955K->12955K(1060864K)], 0.0753921 secs] [Times: user=0.08 sys=0.00, real=0.08 secs] 
2017-11-10T19:36:18.854+0500: 422.313: [Full GC (Allocation Failure) 2017-11-10T19:36:18.854+0500: 422.313: [Tenured: 349567K->349567K(349568K), 0.0784051 secs] 506815K->506797K(506816K), [Metaspace: 12955K->12955K(1060864K)], 0.0785009 secs] [Times: user=0.08 sys=0.00, real=0.08 secs] 
2017-11-10T19:36:18.933+0500: 422.392: [Full GC (Allocation Failure) 2017-11-10T19:36:18.933+0500: 422.392: [Tenured: 349567K->349567K(349568K), 0.0775427 secs] 506815K->506797K(506816K), [Metaspace: 12955K->12955K(1060864K)], 0.0776434 secs] [Times: user=0.08 sys=0.00, real=0.08 secs] 
2017-11-10T19:36:19.012+0500: 422.471: [Full GC (Allocation Failure) 2017-11-10T19:36:19.012+0500: 422.471: [Tenured: 349567K->349567K(349568K), 0.0771369 secs] 506815K->506797K(506816K), [Metaspace: 12955K->12955K(1060864K)], 0.0772161 secs] [Times: user=0.08 sys=0.00, real=0.08 secs] 
2017-11-10T19:36:19.089+0500: 422.548: [Full GC (Allocation Failure) 2017-11-10T19:36:19.089+0500: 422.548: [Tenured: 349567K->349567K(349568K), 0.0756297 secs] 506815K->506796K(506816K), [Metaspace: 12955K->12955K(1060864K)], 0.0757392 secs] [Times: user=0.08 sys=0.00, real=0.08 secs] 
2017-11-10T19:36:19.166+0500: 422.625: [Full GC (Allocation Failure) 2017-11-10T19:36:19.166+0500: 422.625: [Tenured: 349567K->349567K(349568K), 0.0777485 secs] 506815K->506797K(506816K), [Metaspace: 12955K->12955K(1060864K)], 0.0778360 secs] [Times: user=0.06 sys=0.00, real=0.08 secs] 
2017-11-10T19:36:19.244+0500: 422.703: [Full GC (Allocation Failure) 2017-11-10T19:36:19.244+0500: 422.703: [Tenured: 349567K->349567K(349568K), 0.0799563 secs] 506815K->506797K(506816K), [Metaspace: 12955K->12955K(1060864K)], 0.0800614 secs] [Times: user=0.08 sys=0.00, real=0.08 secs] 
2017-11-10T19:36:19.325+0500: 422.784: [Full GC (Allocation Failure) 2017-11-10T19:36:19.325+0500: 422.784: [Tenured: 349567K->349567K(349568K), 0.0812929 secs] 506815K->506797K(506816K), [Metaspace: 12955K->12955K(1060864K)], 0.0813761 secs] [Times: user=0.08 sys=0.00, real=0.08 secs] 
2017-11-10T19:36:19.407+0500: 422.866: [Full GC (Allocation Failure) 2017-11-10T19:36:19.407+0500: 422.866: [Tenured: 349567K->349567K(349568K), 0.0781381 secs] 506815K->506796K(506816K), [Metaspace: 12955K->12955K(1060864K)], 0.0782173 secs] [Times: user=0.08 sys=0.00, real=0.08 secs] 
2017-11-10T19:36:19.488+0500: 422.947: [Full GC (Allocation Failure) 2017-11-10T19:36:19.488+0500: 422.948: [Tenured: 349567K->349567K(349568K), 0.0828755 secs] 506815K->506797K(506816K), [Metaspace: 12955K->12955K(1060864K)], 0.0830055 secs] [Times: user=0.08 sys=0.00, real=0.08 secs] 
2017-11-10T19:36:19.573+0500: 423.032: [Full GC (Allocation Failure) 2017-11-10T19:36:19.573+0500: 423.032: [Tenured: 349567K->349567K(349568K), 0.0806745 secs] 506815K->506797K(506816K), [Metaspace: 12955K->12955K(1060864K)], 0.0807825 secs] [Times: user=0.08 sys=0.00, real=0.08 secs] 
2017-11-10T19:36:19.654+0500: 423.114: [Full GC (Allocation Failure) 2017-11-10T19:36:19.655+0500: 423.114: [Tenured: 349567K->349567K(349568K), 0.0826173 secs] 506815K->506797K(506816K), [Metaspace: 12955K->12955K(1060864K)], 0.0829742 secs] [Times: user=0.09 sys=0.00, real=0.08 secs] 
2017-11-10T19:36:19.738+0500: 423.197: [Full GC (Allocation Failure) 2017-11-10T19:36:19.738+0500: 423.197: [Tenured: 349567K->349567K(349568K), 0.0798512 secs] 506815K->506796K(506816K), [Metaspace: 12955K->12955K(1060864K)], 0.0799744 secs] [Times: user=0.08 sys=0.00, real=0.08 secs] 
2017-11-10T19:36:19.819+0500: 423.278: [Full GC (Allocation Failure) 2017-11-10T19:36:19.819+0500: 423.278: [Tenured: 349567K->349567K(349568K), 0.0801763 secs] 506815K->506797K(506816K), [Metaspace: 12955K->12955K(1060864K)], 0.0802726 secs] [Times: user=0.08 sys=0.00, real=0.08 secs] 
2017-11-10T19:36:19.900+0500: 423.359: [Full GC (Allocation Failure) 2017-11-10T19:36:19.900+0500: 423.359: [Tenured: 349567K->349567K(349568K), 0.0813731 secs] 506815K->506797K(506816K), [Metaspace: 12955K->12955K(1060864K)], 0.0814777 secs] [Times: user=0.06 sys=0.00, real=0.08 secs] 
2017-11-10T19:36:19.982+0500: 423.441: [Full GC (Allocation Failure) 2017-11-10T19:36:19.982+0500: 423.441: [Tenured: 349567K->349567K(349568K), 0.0791130 secs] 506815K->506797K(506816K), [Metaspace: 12955K->12955K(1060864K)], 0.0791878 secs] [Times: user=0.08 sys=0.00, real=0.08 secs] 
2017-11-10T19:36:20.061+0500: 423.521: [Full GC (Allocation Failure) 2017-11-10T19:36:20.061+0500: 423.521: [Tenured: 349567K->349567K(349568K), 0.0815257 secs] 506815K->506806K(506816K), [Metaspace: 12955K->12955K(1060864K)], 0.0816596 secs] [Times: user=0.09 sys=0.00, real=0.08 secs] 
2017-11-10T19:36:20.144+0500: 423.603: [Full GC (Allocation Failure) 2017-11-10T19:36:20.144+0500: 423.603: [Tenured: 349568K->349568K(349568K), 0.0784021 secs] 506815K->506800K(506816K), [Metaspace: 12955K->12955K(1060864K)], 0.0785249 secs] [Times: user=0.08 sys=0.00, real=0.08 secs] 
2017-11-10T19:36:20.223+0500: 423.682: [Full GC (Allocation Failure) 2017-11-10T19:36:20.223+0500: 423.682: [Tenured: 349568K->349568K(349568K), 0.0863295 secs] 506815K->506812K(506816K), [Metaspace: 12955K->12955K(1060864K)], 0.0864429 secs] [Times: user=0.08 sys=0.00, real=0.09 secs] 
2017-11-10T19:36:20.310+0500: 423.770: [Full GC (Allocation Failure) 2017-11-10T19:36:20.310+0500: 423.770: [Tenured: 349568K->349568K(349568K), 0.0911788 secs] 506815K->506811K(506816K), [Metaspace: 12955K->12955K(1060864K)], 0.0913054 secs] [Times: user=0.09 sys=0.00, real=0.09 secs] 
2017-11-10T19:36:20.402+0500: 423.861: [Full GC (Allocation Failure) 2017-11-10T19:36:20.402+0500: 423.861: [Tenured: 349568K->349567K(349568K), 0.0954932 secs] 506815K->506813K(506816K), [Metaspace: 12955K->12955K(1060864K)], 0.0956091 secs] [Times: user=0.09 sys=0.00, real=0.10 secs] 
2017-11-10T19:36:20.498+0500: 423.957: [Full GC (Allocation Failure) 2017-11-10T19:36:20.498+0500: 423.957: [Tenured: 349568K->349568K(349568K), 0.0942236 secs] 506815K->506814K(506816K), [Metaspace: 12955K->12955K(1060864K)], 0.0943233 secs] [Times: user=0.09 sys=0.00, real=0.09 secs] 
2017-11-10T19:36:20.593+0500: 424.052: [Full GC (Allocation Failure) 2017-11-10T19:36:20.593+0500: 424.052: [Tenured: 349568K->349568K(349568K), 0.0941444 secs] 506815K->506804K(506816K), [Metaspace: 12955K->12955K(1060864K)], 0.0942832 secs] [Times: user=0.09 sys=0.00, real=0.09 secs] 
2017-11-10T19:36:20.688+0500: 424.148: [Full GC (Allocation Failure) 2017-11-10T19:36:20.688+0500: 424.148: [Tenured: 349568K->349568K(349568K), 0.0880117 secs] 506815K->506810K(506816K), [Metaspace: 12955K->12955K(1060864K)], 0.0881213 secs] [Times: user=0.09 sys=0.00, real=0.09 secs] 
2017-11-10T19:36:20.777+0500: 424.236: [Full GC (Allocation Failure) 2017-11-10T19:36:20.777+0500: 424.236: [Tenured: 349568K->349567K(349568K), 0.0855732 secs] 506815K->506813K(506816K), [Metaspace: 12955K->12955K(1060864K)], 0.0856758 secs] [Times: user=0.09 sys=0.00, real=0.09 secs] 
2017-11-10T19:36:20.863+0500: 424.322: [Full GC (Allocation Failure) 2017-11-10T19:36:20.863+0500: 424.322: [Tenured: 349567K->349567K(349568K), 0.0806398 secs] 506815K->506814K(506816K), [Metaspace: 12956K->12956K(1060864K)], 0.0807293 secs] [Times: user=0.08 sys=0.00, real=0.08 secs] 
2017-11-10T19:36:20.944+0500: 424.403: [Full GC (Allocation Failure) 2017-11-10T19:36:20.944+0500: 424.403: [Tenured: 349567K->349567K(349568K), 0.0834489 secs] 506815K->506804K(506816K), [Metaspace: 12956K->12956K(1060864K)], 0.0835643 secs] [Times: user=0.08 sys=0.00, real=0.08 secs] 
2017-11-10T19:36:21.028+0500: 424.487: [Full GC (Allocation Failure) 2017-11-10T19:36:21.028+0500: 424.488: [Tenured: 349568K->349568K(349568K), 0.0826902 secs] 506815K->506811K(506816K), [Metaspace: 12958K->12958K(1060864K)], 0.0828036 secs] [Times: user=0.08 sys=0.00, real=0.08 secs] 
2017-11-10T19:36:21.111+0500: 424.571: [Full GC (Allocation Failure) 2017-11-10T19:36:21.111+0500: 424.571: [Tenured: 349568K->349567K(349568K), 0.0829371 secs] 506815K->506813K(506816K), [Metaspace: 12958K->12958K(1060864K)], 0.0830148 secs] [Times: user=0.09 sys=0.00, real=0.08 secs] 
2017-11-10T19:36:21.195+0500: 424.654: [Full GC (Allocation Failure) 2017-11-10T19:36:21.195+0500: 424.654: [Tenured: 349568K->349568K(349568K), 0.0791497 secs] 506815K->506814K(506816K), [Metaspace: 12958K->12958K(1060864K)], 0.0792494 secs] [Times: user=0.06 sys=0.00, real=0.08 secs] 
2017-11-10T19:36:21.274+0500: 424.733: [Full GC (Allocation Failure) 2017-11-10T19:36:21.274+0500: 424.734: [Tenured: 349568K->349568K(349568K), 0.0744324 secs] 506815K->506804K(506816K), [Metaspace: 12958K->12958K(1060864K)], 0.0745052 secs] [Times: user=0.08 sys=0.00, real=0.08 secs] 
2017-11-10T19:36:21.349+0500: 424.808: [Full GC (Allocation Failure) 2017-11-10T19:36:21.349+0500: 424.808: [Tenured: 349568K->349568K(349568K), 0.0771780 secs] 506815K->506811K(506816K), [Metaspace: 12958K->12958K(1060864K)], 0.0772611 secs] [Times: user=0.08 sys=0.00, real=0.08 secs] 
2017-11-10T19:36:21.427+0500: 424.886: [Full GC (Allocation Failure) 2017-11-10T19:36:21.427+0500: 424.886: [Tenured: 349568K->349567K(349568K), 0.0781738 secs] 506815K->506813K(506816K), [Metaspace: 12958K->12958K(1060864K)], 0.0782667 secs] [Times: user=0.08 sys=0.00, real=0.08 secs] 
2017-11-10T19:36:21.505+0500: 424.965: [Full GC (Allocation Failure) 2017-11-10T19:36:21.505+0500: 424.965: [Tenured: 349568K->349568K(349568K), 0.0758819 secs] 506815K->506814K(506816K), [Metaspace: 12958K->12958K(1060864K)], 0.0759958 secs] [Times: user=0.08 sys=0.00, real=0.08 secs] 
2017-11-10T19:36:21.582+0500: 425.041: [Full GC (Allocation Failure) 2017-11-10T19:36:21.582+0500: 425.041: [Tenured: 349568K->349568K(349568K), 0.0749315 secs] 506815K->506804K(506816K), [Metaspace: 12958K->12958K(1060864K)], 0.0750039 secs] [Times: user=0.06 sys=0.00, real=0.08 secs] 
2017-11-10T19:36:21.658+0500: 425.116: [Full GC (Allocation Failure) 2017-11-10T19:36:21.658+0500: 425.116: [Tenured: 349568K->349568K(349568K), 0.0757265 secs] 506815K->506811K(506816K), [Metaspace: 12958K->12958K(1060864K)], 0.0758003 secs] [Times: user=0.08 sys=0.00, real=0.08 secs] 
2017-11-10T19:36:21.734+0500: 425.192: [Full GC (Allocation Failure) 2017-11-10T19:36:21.734+0500: 425.192: [Tenured: 349568K->349567K(349568K), 0.0759601 secs] 506815K->506813K(506816K), [Metaspace: 12958K->12958K(1060864K)], 0.0760345 secs] [Times: user=0.08 sys=0.00, real=0.08 secs] 
2017-11-10T19:36:21.810+0500: 425.269: [Full GC (Allocation Failure) 2017-11-10T19:36:21.810+0500: 425.269: [Tenured: 349568K->349568K(349568K), 0.0746993 secs] 506815K->506814K(506816K), [Metaspace: 12958K->12958K(1060864K)], 0.0747721 secs] [Times: user=0.08 sys=0.00, real=0.08 secs] 
2017-11-10T19:36:21.885+0500: 425.344: [Full GC (Allocation Failure) 2017-11-10T19:36:21.885+0500: 425.344: [Tenured: 349568K->349568K(349568K), 0.0807200 secs] 506815K->506804K(506816K), [Metaspace: 12958K->12958K(1060864K)], 0.0808041 secs] [Times: user=0.06 sys=0.00, real=0.08 secs] 
2017-11-10T19:36:21.966+0500: 425.425: [Full GC (Allocation Failure) 2017-11-10T19:36:21.966+0500: 425.425: [Tenured: 349568K->349568K(349568K), 0.0798884 secs] 506815K->506811K(506816K), [Metaspace: 12958K->12958K(1060864K)], 0.0799637 secs] [Times: user=0.08 sys=0.00, real=0.08 secs] 
2017-11-10T19:36:22.046+0500: 425.505: [Full GC (Allocation Failure) 2017-11-10T19:36:22.046+0500: 425.505: [Tenured: 349568K->349567K(349568K), 0.0866952 secs] 506815K->506813K(506816K), [Metaspace: 12958K->12958K(1060864K)], 0.0867763 secs] [Times: user=0.09 sys=0.00, real=0.09 secs] 
2017-11-10T19:36:22.133+0500: 425.592: [Full GC (Allocation Failure) 2017-11-10T19:36:22.133+0500: 425.592: [Tenured: 349568K->349568K(349568K), 0.0871078 secs] 506815K->506814K(506816K), [Metaspace: 12958K->12958K(1060864K)], 0.0872188 secs] [Times: user=0.08 sys=0.00, real=0.09 secs] 
2017-11-10T19:36:22.221+0500: 425.680: [Full GC (Allocation Failure) 2017-11-10T19:36:22.221+0500: 425.680: [Tenured: 349568K->349568K(349568K), 0.0857237 secs] 506815K->506804K(506816K), [Metaspace: 12958K->12958K(1060864K)], 0.0858127 secs] [Times: user=0.09 sys=0.00, real=0.09 secs] 
2017-11-10T19:36:22.307+0500: 425.766: [Full GC (Allocation Failure) 2017-11-10T19:36:22.307+0500: 425.766: [Tenured: 349568K->349568K(349568K), 0.0858978 secs] 506815K->506811K(506816K), [Metaspace: 12958K->12958K(1060864K)], 0.0859863 secs] [Times: user=0.09 sys=0.00, real=0.09 secs] 
2017-11-10T19:36:22.393+0500: 425.852: [Full GC (Allocation Failure) 2017-11-10T19:36:22.393+0500: 425.852: [Tenured: 349568K->349567K(349568K), 0.0851894 secs] 506815K->506813K(506816K), [Metaspace: 12958K->12958K(1060864K)], 0.0852798 secs] [Times: user=0.08 sys=0.00, real=0.09 secs] 
2017-11-10T19:36:22.479+0500: 425.938: [Full GC (Allocation Failure) 2017-11-10T19:36:22.479+0500: 425.938: [Tenured: 349568K->349568K(349568K), 0.0858616 secs] 506815K->506814K(506816K), [Metaspace: 12958K->12958K(1060864K)], 0.0859447 secs] [Times: user=0.09 sys=0.00, real=0.09 secs] 
2017-11-10T19:36:22.566+0500: 426.025: [Full GC (Allocation Failure) 2017-11-10T19:36:22.566+0500: 426.025: [Tenured: 349568K->349568K(349568K), 0.0810148 secs] 506815K->506804K(506816K), [Metaspace: 12958K->12958K(1060864K)], 0.0811169 secs] [Times: user=0.08 sys=0.00, real=0.08 secs] 
2017-11-10T19:36:22.647+0500: 426.106: [Full GC (Allocation Failure) 2017-11-10T19:36:22.647+0500: 426.106: [Tenured: 349568K->349568K(349568K), 0.0816792 secs] 506815K->506811K(506816K), [Metaspace: 12958K->12958K(1060864K)], 0.0817945 secs] [Times: user=0.08 sys=0.00, real=0.08 secs] 
2017-11-10T19:36:22.729+0500: 426.188: [Full GC (Allocation Failure) 2017-11-10T19:36:22.729+0500: 426.188: [Tenured: 349568K->349567K(349568K), 0.0795378 secs] 506815K->506813K(506816K), [Metaspace: 12958K->12958K(1060864K)], 0.0796161 secs] [Times: user=0.08 sys=0.00, real=0.08 secs] 
2017-11-10T19:36:22.809+0500: 426.268: [Full GC (Allocation Failure) 2017-11-10T19:36:22.809+0500: 426.268: [Tenured: 349568K->349568K(349568K), 0.0796351 secs] 506815K->506814K(506816K), [Metaspace: 12958K->12958K(1060864K)], 0.0797119 secs] [Times: user=0.08 sys=0.00, real=0.08 secs] 
2017-11-10T19:36:22.889+0500: 426.348: [Full GC (Allocation Failure) 2017-11-10T19:36:22.889+0500: 426.348: [Tenured: 349568K->349568K(349568K), 0.0796640 secs] 506815K->506804K(506816K), [Metaspace: 12958K->12958K(1060864K)], 0.0797559 secs] [Times: user=0.08 sys=0.00, real=0.08 secs] 
2017-11-10T19:36:22.969+0500: 426.428: [Full GC (Allocation Failure) 2017-11-10T19:36:22.969+0500: 426.429: [Tenured: 349568K->349568K(349568K), 0.0805709 secs] 506815K->506811K(506816K), [Metaspace: 12958K->12958K(1060864K)], 0.0806540 secs] [Times: user=0.09 sys=0.00, real=0.08 secs] 
2017-11-10T19:36:23.050+0500: 426.509: [Full GC (Allocation Failure) 2017-11-10T19:36:23.050+0500: 426.509: [Tenured: 349568K->349567K(349568K), 0.0818654 secs] 506815K->506813K(506816K), [Metaspace: 12958K->12958K(1060864K)], 0.0819441 secs] [Times: user=0.08 sys=0.00, real=0.08 secs] 
2017-11-10T19:36:23.133+0500: 426.592: [Full GC (Allocation Failure) 2017-11-10T19:36:23.133+0500: 426.592: [Tenured: 349568K->349568K(349568K), 0.0807337 secs] 506815K->506814K(506816K), [Metaspace: 12958K->12958K(1060864K)], 0.0808363 secs] [Times: user=0.08 sys=0.00, real=0.08 secs] 
2017-11-10T19:36:23.214+0500: 426.673: [Full GC (Allocation Failure) 2017-11-10T19:36:23.214+0500: 426.673: [Tenured: 349568K->349568K(349568K), 0.0793037 secs] 506815K->506804K(506816K), [Metaspace: 12958K->12958K(1060864K)], 0.0793907 secs] [Times: user=0.08 sys=0.00, real=0.08 secs] 
2017-11-10T19:36:23.293+0500: 426.753: [Full GC (Allocation Failure) 2017-11-10T19:36:23.293+0500: 426.753: [Tenured: 349568K->349568K(349568K), 0.0823343 secs] 506815K->506811K(506816K), [Metaspace: 12958K->12958K(1060864K)], 0.0824105 secs] [Times: user=0.08 sys=0.00, real=0.08 secs] 
2017-11-10T19:36:23.376+0500: 426.835: [Full GC (Allocation Failure) 2017-11-10T19:36:23.376+0500: 426.835: [Tenured: 349568K->349567K(349568K), 0.0817261 secs] 506815K->506813K(506816K), [Metaspace: 12958K->12958K(1060864K)], 0.0818312 secs] [Times: user=0.09 sys=0.00, real=0.08 secs] 
2017-11-10T19:36:23.458+0500: 426.917: [Full GC (Allocation Failure) 2017-11-10T19:36:23.458+0500: 426.917: [Tenured: 349568K->349568K(349568K), 0.0784378 secs] 506815K->506814K(506816K), [Metaspace: 12958K->12958K(1060864K)], 0.0785337 secs] [Times: user=0.08 sys=0.00, real=0.08 secs] 
2017-11-10T19:36:23.537+0500: 426.996: [Full GC (Allocation Failure) 2017-11-10T19:36:23.537+0500: 426.996: [Tenured: 349568K->349568K(349568K), 0.0748196 secs] 506815K->506804K(506816K), [Metaspace: 12958K->12958K(1060864K)], 0.0749012 secs] [Times: user=0.08 sys=0.00, real=0.08 secs] 
2017-11-10T19:36:23.612+0500: 427.071: [Full GC (Allocation Failure) 2017-11-10T19:36:23.612+0500: 427.071: [Tenured: 349568K->349568K(349568K), 0.0762144 secs] 506815K->506811K(506816K), [Metaspace: 12958K->12958K(1060864K)], 0.0762877 secs] [Times: user=0.06 sys=0.00, real=0.08 secs] 
2017-11-10T19:36:23.689+0500: 427.148: [Full GC (Allocation Failure) 2017-11-10T19:36:23.689+0500: 427.148: [Tenured: 349568K->349567K(349568K), 0.0763977 secs] 506815K->506813K(506816K), [Metaspace: 12958K->12958K(1060864K)], 0.0764740 secs] [Times: user=0.08 sys=0.00, real=0.08 secs] 
2017-11-10T19:36:23.766+0500: 427.225: [Full GC (Allocation Failure) 2017-11-10T19:36:23.766+0500: 427.225: [Tenured: 349568K->349568K(349568K), 0.0782002 secs] 506815K->506814K(506816K), [Metaspace: 12958K->12958K(1060864K)], 0.0783083 secs] [Times: user=0.08 sys=0.00, real=0.08 secs] 
2017-11-10T19:36:23.844+0500: 427.303: [Full GC (Allocation Failure) 2017-11-10T19:36:23.844+0500: 427.303: [Tenured: 349568K->349568K(349568K), 0.0821544 secs] 506815K->506804K(506816K), [Metaspace: 12958K->12958K(1060864K)], 0.0822512 secs] [Times: user=0.09 sys=0.00, real=0.08 secs] 
2017-11-10T19:36:23.927+0500: 427.386: [Full GC (Allocation Failure) 2017-11-10T19:36:23.927+0500: 427.386: [Tenured: 349568K->349568K(349568K), 0.0741346 secs] 506815K->506811K(506816K), [Metaspace: 12958K->12958K(1060864K)], 0.0742133 secs] [Times: user=0.06 sys=0.00, real=0.07 secs] 
2017-11-10T19:36:24.001+0500: 427.460: [Full GC (Allocation Failure) 2017-11-10T19:36:24.001+0500: 427.460: [Tenured: 349568K->349567K(349568K), 0.0754072 secs] 506815K->506813K(506816K), [Metaspace: 12958K->12958K(1060864K)], 0.0754977 secs] [Times: user=0.08 sys=0.00, real=0.08 secs] 
2017-11-10T19:36:24.077+0500: 427.536: [Full GC (Allocation Failure) 2017-11-10T19:36:24.077+0500: 427.536: [Tenured: 349568K->349568K(349568K), 0.0746054 secs] 506815K->506814K(506816K), [Metaspace: 12958K->12958K(1060864K)], 0.0746910 secs] [Times: user=0.08 sys=0.00, real=0.08 secs] 
2017-11-10T19:36:24.152+0500: 427.611: [Full GC (Allocation Failure) 2017-11-10T19:36:24.152+0500: 427.611: [Tenured: 349568K->349568K(349568K), 0.0749946 secs] 506815K->506804K(506816K), [Metaspace: 12958K->12958K(1060864K)], 0.0750880 secs] [Times: user=0.08 sys=0.00, real=0.08 secs] 
2017-11-10T19:36:24.227+0500: 427.687: [Full GC (Allocation Failure) 2017-11-10T19:36:24.228+0500: 427.687: [Tenured: 349568K->349568K(349568K), 0.0801260 secs] 506815K->506811K(506816K), [Metaspace: 12958K->12958K(1060864K)], 0.0802467 secs] [Times: user=0.08 sys=0.00, real=0.08 secs] 
2017-11-10T19:36:24.308+0500: 427.767: [Full GC (Allocation Failure) 2017-11-10T19:36:24.308+0500: 427.767: [Tenured: 349568K->349567K(349568K), 0.0753265 secs] 506815K->506813K(506816K), [Metaspace: 12958K->12958K(1060864K)], 0.0754429 secs] [Times: user=0.08 sys=0.00, real=0.08 secs] 
2017-11-10T19:36:24.384+0500: 427.843: [Full GC (Allocation Failure) 2017-11-10T19:36:24.384+0500: 427.843: [Tenured: 349568K->349568K(349568K), 0.0758570 secs] 506815K->506814K(506816K), [Metaspace: 12958K->12958K(1060864K)], 0.0759557 secs] [Times: user=0.08 sys=0.00, real=0.08 secs] 
2017-11-10T19:36:24.460+0500: 427.919: [Full GC (Allocation Failure) 2017-11-10T19:36:24.460+0500: 427.919: [Tenured: 349568K->349568K(349568K), 0.0758506 secs] 506815K->506804K(506816K), [Metaspace: 12958K->12958K(1060864K)], 0.0759245 secs] [Times: user=0.06 sys=0.00, real=0.08 secs] 
2017-11-10T19:36:24.536+0500: 427.996: [Full GC (Allocation Failure) 2017-11-10T19:36:24.536+0500: 427.996: [Tenured: 349568K->349568K(349568K), 0.0819828 secs] 506815K->506811K(506816K), [Metaspace: 12958K->12958K(1060864K)], 0.0820561 secs] [Times: user=0.08 sys=0.00, real=0.08 secs] 
2017-11-10T19:36:24.619+0500: 428.078: [Full GC (Allocation Failure) 2017-11-10T19:36:24.619+0500: 428.078: [Tenured: 349568K->349567K(349568K), 0.0828774 secs] 506815K->506813K(506816K), [Metaspace: 12958K->12958K(1060864K)], 0.0829733 secs] [Times: user=0.08 sys=0.00, real=0.08 secs] 
2017-11-10T19:36:24.702+0500: 428.162: [Full GC (Allocation Failure) 2017-11-10T19:36:24.702+0500: 428.162: [Tenured: 349568K->349568K(349568K), 0.0781078 secs] 506815K->506814K(506816K), [Metaspace: 12958K->12958K(1060864K)], 0.0782271 secs] [Times: user=0.08 sys=0.00, real=0.08 secs] 
2017-11-10T19:36:24.781+0500: 428.240: [Full GC (Allocation Failure) 2017-11-10T19:36:24.781+0500: 428.240: [Tenured: 349568K->349568K(349568K), 0.0842380 secs] 506815K->506804K(506816K), [Metaspace: 12958K->12958K(1060864K)], 0.0843192 secs] [Times: user=0.08 sys=0.00, real=0.08 secs] 
2017-11-10T19:36:24.866+0500: 428.325: [Full GC (Allocation Failure) 2017-11-10T19:36:24.866+0500: 428.325: [Tenured: 349568K->349568K(349568K), 0.0809160 secs] 506815K->506811K(506816K), [Metaspace: 12958K->12958K(1060864K)], 0.0809889 secs] [Times: user=0.08 sys=0.00, real=0.08 secs] 
2017-11-10T19:36:24.947+0500: 428.406: [Full GC (Allocation Failure) 2017-11-10T19:36:24.947+0500: 428.406: [Tenured: 349568K->349567K(349568K), 0.0804374 secs] 506815K->506813K(506816K), [Metaspace: 12958K->12958K(1060864K)], 0.0805097 secs] [Times: user=0.08 sys=0.00, real=0.08 secs] 
2017-11-10T19:36:25.028+0500: 428.487: [Full GC (Allocation Failure) 2017-11-10T19:36:25.028+0500: 428.487: [Tenured: 349568K->349568K(349568K), 0.0799260 secs] 506815K->506814K(506816K), [Metaspace: 12958K->12958K(1060864K)], 0.0800267 secs] [Times: user=0.08 sys=0.00, real=0.08 secs] 
2017-11-10T19:36:25.108+0500: 428.567: [Full GC (Allocation Failure) 2017-11-10T19:36:25.108+0500: 428.567: [Tenured: 349568K->349568K(349568K), 0.0748406 secs] 506815K->506804K(506816K), [Metaspace: 12958K->12958K(1060864K)], 0.0749159 secs] [Times: user=0.08 sys=0.00, real=0.08 secs] 
2017-11-10T19:36:25.183+0500: 428.643: [Full GC (Allocation Failure) 2017-11-10T19:36:25.183+0500: 428.643: [Tenured: 349568K->349568K(349568K), 0.0758785 secs] 506815K->506811K(506816K), [Metaspace: 12958K->12958K(1060864K)], 0.0759621 secs] [Times: user=0.08 sys=0.00, real=0.08 secs] 
2017-11-10T19:36:25.260+0500: 428.719: [Full GC (Allocation Failure) 2017-11-10T19:36:25.260+0500: 428.719: [Tenured: 349568K->349567K(349568K), 0.0782789 secs] 506815K->506813K(506816K), [Metaspace: 12958K->12958K(1060864K)], 0.0784061 secs] [Times: user=0.08 sys=0.00, real=0.08 secs] 
2017-11-10T19:36:25.339+0500: 428.798: [Full GC (Allocation Failure) 2017-11-10T19:36:25.339+0500: 428.798: [Tenured: 349568K->349568K(349568K), 0.0754889 secs] 506815K->506814K(506816K), [Metaspace: 12958K->12958K(1060864K)], 0.0755573 secs] [Times: user=0.08 sys=0.00, real=0.08 secs] 
2017-11-10T19:36:25.415+0500: 428.874: [Full GC (Allocation Failure) 2017-11-10T19:36:25.415+0500: 428.874: [Tenured: 349568K->349568K(349568K), 0.0758614 secs] 506815K->506804K(506816K), [Metaspace: 12958K->12958K(1060864K)], 0.0759406 secs] [Times: user=0.08 sys=0.00, real=0.08 secs] 
2017-11-10T19:36:25.491+0500: 428.950: [Full GC (Allocation Failure) 2017-11-10T19:36:25.491+0500: 428.950: [Tenured: 349568K->349568K(349568K), 0.0743028 secs] 506815K->506811K(506816K), [Metaspace: 12958K->12958K(1060864K)], 0.0743786 secs] [Times: user=0.08 sys=0.00, real=0.07 secs] 
2017-11-10T19:36:25.566+0500: 429.025: [Full GC (Allocation Failure) 2017-11-10T19:36:25.566+0500: 429.025: [Tenured: 349568K->349567K(349568K), 0.0750723 secs] 506815K->506813K(506816K), [Metaspace: 12958K->12958K(1060864K)], 0.0751481 secs] [Times: user=0.06 sys=0.00, real=0.08 secs] 
2017-11-10T19:36:25.641+0500: 429.100: [Full GC (Allocation Failure) 2017-11-10T19:36:25.641+0500: 429.100: [Tenured: 349568K->349568K(349568K), 0.0769971 secs] 506815K->506814K(506816K), [Metaspace: 12958K->12958K(1060864K)], 0.0770733 secs] [Times: user=0.08 sys=0.00, real=0.08 secs] 
2017-11-10T19:36:25.718+0500: 429.177: [Full GC (Allocation Failure) 2017-11-10T19:36:25.718+0500: 429.177: [Tenured: 349568K->349568K(349568K), 0.0815687 secs] 506815K->506804K(506816K), [Metaspace: 12958K->12958K(1060864K)], 0.0816440 secs] [Times: user=0.09 sys=0.00, real=0.08 secs] 
2017-11-10T19:36:25.800+0500: 429.259: [Full GC (Allocation Failure) 2017-11-10T19:36:25.801+0500: 429.259: [Tenured: 349568K->349568K(349568K), 0.0817799 secs] 506815K->506811K(506816K), [Metaspace: 12958K->12958K(1060864K)], 0.0818605 secs] [Times: user=0.08 sys=0.00, real=0.08 secs] 
2017-11-10T19:36:25.883+0500: 429.342: [Full GC (Allocation Failure) 2017-11-10T19:36:25.883+0500: 429.342: [Tenured: 349568K->349567K(349568K), 0.0819534 secs] 506815K->506813K(506816K), [Metaspace: 12958K->12958K(1060864K)], 0.0820532 secs] [Times: user=0.06 sys=0.00, real=0.08 secs] 
2017-11-10T19:36:25.965+0500: 429.424: [Full GC (Allocation Failure) 2017-11-10T19:36:25.965+0500: 429.424: [Tenured: 349568K->349568K(349568K), 0.0798072 secs] 506815K->506814K(506816K), [Metaspace: 12958K->12958K(1060864K)], 0.0798776 secs] [Times: user=0.08 sys=0.00, real=0.08 secs] 
2017-11-10T19:36:26.045+0500: 429.504: [Full GC (Allocation Failure) 2017-11-10T19:36:26.045+0500: 429.504: [Tenured: 349568K->349568K(349568K), 0.0809507 secs] 506815K->506804K(506816K), [Metaspace: 12958K->12958K(1060864K)], 0.0810236 secs] [Times: user=0.08 sys=0.00, real=0.08 secs] 
2017-11-10T19:36:26.126+0500: 429.585: [Full GC (Allocation Failure) 2017-11-10T19:36:26.126+0500: 429.585: [Tenured: 349568K->349568K(349568K), 0.0747633 secs] 506815K->506811K(506816K), [Metaspace: 12958K->12958K(1060864K)], 0.0748606 secs] [Times: user=0.08 sys=0.00, real=0.08 secs] 
2017-11-10T19:36:26.202+0500: 429.661: [Full GC (Allocation Failure) 2017-11-10T19:36:26.202+0500: 429.661: [Tenured: 349568K->349567K(349568K), 0.0761948 secs] 506815K->506813K(506816K), [Metaspace: 12958K->12958K(1060864K)], 0.0762848 secs] [Times: user=0.08 sys=0.00, real=0.08 secs] 
2017-11-10T19:36:26.278+0500: 429.737: [Full GC (Allocation Failure) 2017-11-10T19:36:26.278+0500: 429.737: [Tenured: 349568K->349568K(349568K), 0.0764368 secs] 506815K->506814K(506816K), [Metaspace: 12958K->12958K(1060864K)], 0.0765468 secs] [Times: user=0.08 sys=0.00, real=0.08 secs] 
2017-11-10T19:36:26.355+0500: 429.814: [Full GC (Allocation Failure) 2017-11-10T19:36:26.355+0500: 429.814: [Tenured: 349568K->349568K(349568K), 0.0755861 secs] 506815K->506804K(506816K), [Metaspace: 12958K->12958K(1060864K)], 0.0756683 secs] [Times: user=0.08 sys=0.00, real=0.08 secs] 
2017-11-10T19:36:26.431+0500: 429.890: [Full GC (Allocation Failure) 2017-11-10T19:36:26.431+0500: 429.890: [Tenured: 349568K->349568K(349568K), 0.0898343 secs] 506815K->506811K(506816K), [Metaspace: 12958K->12958K(1060864K)], 0.0899287 secs] [Times: user=0.09 sys=0.00, real=0.09 secs] 
2017-11-10T19:36:26.521+0500: 429.980: [Full GC (Allocation Failure) 2017-11-10T19:36:26.521+0500: 429.980: [Tenured: 349568K->349567K(349568K), 0.0873654 secs] 506815K->506813K(506816K), [Metaspace: 12958K->12958K(1060864K)], 0.0874969 secs] [Times: user=0.08 sys=0.00, real=0.09 secs] 
2017-11-10T19:36:26.609+0500: 430.068: [Full GC (Allocation Failure) 2017-11-10T19:36:26.609+0500: 430.068: [Tenured: 349568K->349568K(349568K), 0.0788431 secs] 506815K->506814K(506816K), [Metaspace: 12958K->12958K(1060864K)], 0.0789653 secs] [Times: user=0.08 sys=0.00, real=0.08 secs] 
2017-11-10T19:36:26.689+0500: 430.148: [Full GC (Allocation Failure) 2017-11-10T19:36:26.689+0500: 430.148: [Tenured: 349568K->349568K(349568K), 0.0854495 secs] 506815K->506804K(506816K), [Metaspace: 12958K->12958K(1060864K)], 0.0855355 secs] [Times: user=0.08 sys=0.00, real=0.09 secs] 
2017-11-10T19:36:26.775+0500: 430.234: [Full GC (Allocation Failure) 2017-11-10T19:36:26.775+0500: 430.234: [Tenured: 349568K->349568K(349568K), 0.0820585 secs] 506815K->506811K(506816K), [Metaspace: 12958K->12958K(1060864K)], 0.0821622 secs] [Times: user=0.08 sys=0.00, real=0.08 secs] 
2017-11-10T19:36:26.857+0500: 430.316: [Full GC (Allocation Failure) 2017-11-10T19:36:26.857+0500: 430.316: [Tenured: 349568K->349567K(349568K), 0.0790211 secs] 506815K->506813K(506816K), [Metaspace: 12958K->12958K(1060864K)], 0.0791140 secs] [Times: user=0.08 sys=0.00, real=0.08 secs] 
2017-11-10T19:36:26.936+0500: 430.395: [Full GC (Allocation Failure) 2017-11-10T19:36:26.936+0500: 430.395: [Tenured: 349567K->349567K(349568K), 0.0789541 secs] 506815K->506814K(506816K), [Metaspace: 12958K->12958K(1060864K)], 0.0790362 secs] [Times: user=0.06 sys=0.00, real=0.08 secs] 
2017-11-10T19:36:27.016+0500: 430.475: [Full GC (Allocation Failure) 2017-11-10T19:36:27.016+0500: 430.475: [Tenured: 349567K->349567K(349568K), 0.0842336 secs] 506815K->506804K(506816K), [Metaspace: 12958K->12958K(1060864K)], 0.0843162 secs] [Times: user=0.09 sys=0.00, real=0.08 secs] 
2017-11-10T19:36:27.100+0500: 430.559: [Full GC (Allocation Failure) 2017-11-10T19:36:27.100+0500: 430.559: [Tenured: 349567K->349567K(349568K), 0.0905197 secs] 506815K->506811K(506816K), [Metaspace: 12958K->12958K(1060864K)], 0.0906004 secs] [Times: user=0.09 sys=0.00, real=0.09 secs] 
2017-11-10T19:36:27.191+0500: 430.650: [Full GC (Allocation Failure) 2017-11-10T19:36:27.191+0500: 430.651: [Tenured: 349567K->349567K(349568K), 0.0872432 secs] 506815K->506813K(506816K), [Metaspace: 12958K->12958K(1060864K)], 0.0873180 secs] [Times: user=0.08 sys=0.00, real=0.09 secs] 
2017-11-10T19:36:27.279+0500: 430.738: [Full GC (Allocation Failure) 2017-11-10T19:36:27.279+0500: 430.738: [Tenured: 349567K->349567K(349568K), 0.0776199 secs] 506815K->506814K(506816K), [Metaspace: 12958K->12958K(1060864K)], 0.0776952 secs] [Times: user=0.08 sys=0.00, real=0.08 secs] 
2017-11-10T19:36:27.357+0500: 430.816: [Full GC (Allocation Failure) 2017-11-10T19:36:27.357+0500: 430.816: [Tenured: 349567K->349567K(349568K), 0.0767737 secs] 506815K->506804K(506816K), [Metaspace: 12958K->12958K(1060864K)], 0.0768519 secs] [Times: user=0.08 sys=0.00, real=0.08 secs] 
2017-11-10T19:36:27.434+0500: 430.893: [Full GC (Allocation Failure) 2017-11-10T19:36:27.434+0500: 430.893: [Tenured: 349567K->349567K(349568K), 0.0752249 secs] 506815K->506811K(506816K), [Metaspace: 12958K->12958K(1060864K)], 0.0753031 secs] [Times: user=0.08 sys=0.00, real=0.08 secs] 
2017-11-10T19:36:27.510+0500: 430.969: [Full GC (Allocation Failure) 2017-11-10T19:36:27.510+0500: 430.969: [Tenured: 349567K->349567K(349568K), 0.0765028 secs] 506815K->506813K(506816K), [Metaspace: 12958K->12958K(1060864K)], 0.0765825 secs] [Times: user=0.08 sys=0.00, real=0.08 secs] 
2017-11-10T19:36:27.587+0500: 431.046: [Full GC (Allocation Failure) 2017-11-10T19:36:27.587+0500: 431.046: [Tenured: 349567K->349567K(349568K), 0.0819774 secs] 506815K->506814K(506816K), [Metaspace: 12958K->12958K(1060864K)], 0.0820815 secs] [Times: user=0.08 sys=0.00, real=0.08 secs] 
2017-11-10T19:36:27.669+0500: 431.128: [Full GC (Allocation Failure) 2017-11-10T19:36:27.669+0500: 431.128: [Tenured: 349567K->349567K(349568K), 0.0848105 secs] 506815K->506804K(506816K), [Metaspace: 12958K->12958K(1060864K)], 0.0849625 secs] [Times: user=0.09 sys=0.00, real=0.09 secs] 
2017-11-10T19:36:27.755+0500: 431.214: [Full GC (Allocation Failure) 2017-11-10T19:36:27.755+0500: 431.214: [Tenured: 349567K->349567K(349568K), 0.0851742 secs] 506815K->506811K(506816K), [Metaspace: 12958K->12958K(1060864K)], 0.0852657 secs] [Times: user=0.08 sys=0.00, real=0.08 secs] 
2017-11-10T19:36:27.840+0500: 431.299: [Full GC (Allocation Failure) 2017-11-10T19:36:27.840+0500: 431.299: [Tenured: 349567K->349567K(349568K), 0.0879433 secs] 506815K->506813K(506816K), [Metaspace: 12958K->12958K(1060864K)], 0.0880269 secs] [Times: user=0.09 sys=0.00, real=0.09 secs] 
2017-11-10T19:36:27.928+0500: 431.388: [Full GC (Allocation Failure) 2017-11-10T19:36:27.928+0500: 431.388: [Tenured: 349567K->349567K(349568K), 0.0762657 secs] 506815K->506814K(506816K), [Metaspace: 12958K->12958K(1060864K)], 0.0763522 secs] [Times: user=0.08 sys=0.00, real=0.08 secs] 
2017-11-10T19:36:28.005+0500: 431.464: [Full GC (Allocation Failure) 2017-11-10T19:36:28.005+0500: 431.464: [Tenured: 349567K->349567K(349568K), 0.0746744 secs] 506815K->506804K(506816K), [Metaspace: 12958K->12958K(1060864K)], 0.0747585 secs] [Times: user=0.06 sys=0.00, real=0.07 secs] 
2017-11-10T19:36:28.080+0500: 431.539: [Full GC (Allocation Failure) 2017-11-10T19:36:28.080+0500: 431.539: [Tenured: 349567K->349567K(349568K), 0.0813814 secs] 506815K->506811K(506816K), [Metaspace: 12958K->12958K(1060864K)], 0.0814699 secs] [Times: user=0.08 sys=0.00, real=0.08 secs] 
2017-11-10T19:36:28.162+0500: 431.621: [Full GC (Allocation Failure) 2017-11-10T19:36:28.162+0500: 431.621: [Tenured: 349567K->349567K(349568K), 0.0830950 secs] 506815K->506813K(506816K), [Metaspace: 12958K->12958K(1060864K)], 0.0832104 secs] [Times: user=0.08 sys=0.00, real=0.08 secs] 
2017-11-10T19:36:28.245+0500: 431.705: [Full GC (Allocation Failure) 2017-11-10T19:36:28.246+0500: 431.705: [Tenured: 349567K->349567K(349568K), 0.0849816 secs] 506815K->506814K(506816K), [Metaspace: 12958K->12958K(1060864K)], 0.0850970 secs] [Times: user=0.09 sys=0.00, real=0.09 secs] 
2017-11-10T19:36:28.331+0500: 431.790: [Full GC (Allocation Failure) 2017-11-10T19:36:28.331+0500: 431.790: [Tenured: 349567K->349567K(349568K), 0.0820595 secs] 506815K->506804K(506816K), [Metaspace: 12958K->12958K(1060864K)], 0.0821695 secs] [Times: user=0.08 sys=0.00, real=0.08 secs] 
2017-11-10T19:36:28.414+0500: 431.873: [Full GC (Allocation Failure) 2017-11-10T19:36:28.414+0500: 431.873: [Tenured: 349567K->349567K(349568K), 0.0767453 secs] 506815K->506811K(506816K), [Metaspace: 12958K->12958K(1060864K)], 0.0768289 secs] [Times: user=0.08 sys=0.00, real=0.08 secs] 
2017-11-10T19:36:28.491+0500: 431.950: [Full GC (Allocation Failure) 2017-11-10T19:36:28.491+0500: 431.950: [Tenured: 349567K->349567K(349568K), 0.0762681 secs] 506815K->506813K(506816K), [Metaspace: 12958K->12958K(1060864K)], 0.0763454 secs] [Times: user=0.06 sys=0.00, real=0.08 secs] 
2017-11-10T19:36:28.567+0500: 432.027: [Full GC (Allocation Failure) 2017-11-10T19:36:28.567+0500: 432.027: [Tenured: 349567K->349567K(349568K), 0.0757773 secs] 506815K->506814K(506816K), [Metaspace: 12958K->12958K(1060864K)], 0.0758531 secs] [Times: user=0.08 sys=0.00, real=0.08 secs] 
2017-11-10T19:36:28.643+0500: 432.103: [Full GC (Allocation Failure) 2017-11-10T19:36:28.643+0500: 432.103: [Tenured: 349567K->349567K(349568K), 0.0806936 secs] 506815K->506804K(506816K), [Metaspace: 12958K->12958K(1060864K)], 0.0807733 secs] [Times: user=0.06 sys=0.00, real=0.08 secs] 
2017-11-10T19:36:28.725+0500: 432.184: [Full GC (Allocation Failure) 2017-11-10T19:36:28.725+0500: 432.184: [Tenured: 349567K->349567K(349568K), 0.0839897 secs] 506815K->506811K(506816K), [Metaspace: 12958K->12958K(1060864K)], 0.0840649 secs] [Times: user=0.08 sys=0.00, real=0.08 secs] 
2017-11-10T19:36:28.809+0500: 432.268: [Full GC (Allocation Failure) 2017-11-10T19:36:28.809+0500: 432.268: [Tenured: 349567K->349567K(349568K), 0.0791741 secs] 506815K->506813K(506816K), [Metaspace: 12958K->12958K(1060864K)], 0.0792465 secs] [Times: user=0.08 sys=0.00, real=0.08 secs] 
2017-11-10T19:36:28.889+0500: 432.348: [Full GC (Allocation Failure) 2017-11-10T19:36:28.889+0500: 432.348: [Tenured: 349567K->349567K(349568K), 0.0756605 secs] 506815K->506814K(506816K), [Metaspace: 12958K->12958K(1060864K)], 0.0757367 secs] [Times: user=0.06 sys=0.00, real=0.08 secs] 
2017-11-10T19:36:28.965+0500: 432.424: [Full GC (Allocation Failure) 2017-11-10T19:36:28.965+0500: 432.424: [Tenured: 349567K->349567K(349568K), 0.0751491 secs] 506815K->506804K(506816K), [Metaspace: 12958K->12958K(1060864K)], 0.0752249 secs] [Times: user=0.08 sys=0.00, real=0.08 secs] 
2017-11-10T19:36:29.040+0500: 432.499: [Full GC (Allocation Failure) 2017-11-10T19:36:29.040+0500: 432.500: [Tenured: 349567K->349567K(349568K), 0.0746343 secs] 506815K->506811K(506816K), [Metaspace: 12958K->12958K(1060864K)], 0.0747057 secs] [Times: user=0.08 sys=0.00, real=0.08 secs] 
2017-11-10T19:36:29.115+0500: 432.574: [Full GC (Allocation Failure) 2017-11-10T19:36:29.115+0500: 432.574: [Tenured: 349567K->349567K(349568K), 0.0743424 secs] 506815K->506813K(506816K), [Metaspace: 12958K->12958K(1060864K)], 0.0744162 secs] [Times: user=0.06 sys=0.02, real=0.08 secs] 
2017-11-10T19:36:29.190+0500: 432.649: [Full GC (Allocation Failure) 2017-11-10T19:36:29.190+0500: 432.649: [Tenured: 349567K->349567K(349568K), 0.0743610 secs] 506815K->506814K(506816K), [Metaspace: 12958K->12958K(1060864K)], 0.0744343 secs] [Times: user=0.06 sys=0.00, real=0.08 secs] 
2017-11-10T19:36:29.265+0500: 432.724: [Full GC (Allocation Failure) 2017-11-10T19:36:29.265+0500: 432.724: [Tenured: 349567K->349567K(349568K), 0.0747687 secs] 506815K->506804K(506816K), [Metaspace: 12958K->12958K(1060864K)], 0.0748523 secs] [Times: user=0.08 sys=0.00, real=0.07 secs] 
2017-11-10T19:36:29.340+0500: 432.799: [Full GC (Allocation Failure) 2017-11-10T19:36:29.340+0500: 432.799: [Tenured: 349567K->349567K(349568K), 0.0755578 secs] 506815K->506811K(506816K), [Metaspace: 12958K->12958K(1060864K)], 0.0756331 secs] [Times: user=0.08 sys=0.00, real=0.08 secs] 
2017-11-10T19:36:29.416+0500: 432.875: [Full GC (Allocation Failure) 2017-11-10T19:36:29.416+0500: 432.875: [Tenured: 349567K->349567K(349568K), 0.0770993 secs] 506815K->506813K(506816K), [Metaspace: 12958K->12958K(1060864K)], 0.0771697 secs] [Times: user=0.08 sys=0.00, real=0.08 secs] 
2017-11-10T19:36:29.494+0500: 432.952: [Full GC (Allocation Failure) 2017-11-10T19:36:29.494+0500: 432.952: [Tenured: 349567K->349567K(349568K), 0.0765918 secs] 506815K->506814K(506816K), [Metaspace: 12958K->12958K(1060864K)], 0.0766798 secs] [Times: user=0.08 sys=0.00, real=0.08 secs] 
2017-11-10T19:36:29.570+0500: 433.029: [Full GC (Allocation Failure) 2017-11-10T19:36:29.571+0500: 433.030: [Tenured: 349567K->349567K(349568K), 0.0751256 secs] 506815K->506804K(506816K), [Metaspace: 12958K->12958K(1060864K)], 0.0753300 secs] [Times: user=0.08 sys=0.00, real=0.08 secs] 
2017-11-10T19:36:29.646+0500: 433.105: [Full GC (Allocation Failure) 2017-11-10T19:36:29.646+0500: 433.105: [Tenured: 349567K->349567K(349568K), 0.0758805 secs] 506815K->506811K(506816K), [Metaspace: 12958K->12958K(1060864K)], 0.0759523 secs] [Times: user=0.08 sys=0.00, real=0.08 secs] 
2017-11-10T19:36:29.722+0500: 433.181: [Full GC (Allocation Failure) 2017-11-10T19:36:29.722+0500: 433.181: [Tenured: 349567K->349567K(349568K), 0.0756683 secs] 506815K->506813K(506816K), [Metaspace: 12958K->12958K(1060864K)], 0.0757470 secs] [Times: user=0.06 sys=0.00, real=0.08 secs] 
2017-11-10T19:36:29.798+0500: 433.257: [Full GC (Allocation Failure) 2017-11-10T19:36:29.798+0500: 433.257: [Tenured: 349567K->349567K(349568K), 0.0816449 secs] 506815K->506814K(506816K), [Metaspace: 12958K->12958K(1060864K)], 0.0817217 secs] [Times: user=0.09 sys=0.00, real=0.08 secs] 
2017-11-10T19:36:29.880+0500: 433.339: [Full GC (Allocation Failure) 2017-11-10T19:36:29.880+0500: 433.339: [Tenured: 349567K->349567K(349568K), 0.0869548 secs] 506815K->506804K(506816K), [Metaspace: 12958K->12958K(1060864K)], 0.0870252 secs] [Times: user=0.06 sys=0.00, real=0.09 secs] 
2017-11-10T19:36:29.968+0500: 433.427: [Full GC (Allocation Failure) 2017-11-10T19:36:29.968+0500: 433.427: [Tenured: 349567K->349567K(349568K), 0.0863671 secs] 506815K->506811K(506816K), [Metaspace: 12958K->12958K(1060864K)], 0.0864541 secs] [Times: user=0.09 sys=0.00, real=0.09 secs] 
2017-11-10T19:36:30.055+0500: 433.514: [Full GC (Allocation Failure) 2017-11-10T19:36:30.055+0500: 433.514: [Tenured: 349567K->349567K(349568K), 0.0775221 secs] 506815K->506813K(506816K), [Metaspace: 12958K->12958K(1060864K)], 0.0776429 secs] [Times: user=0.08 sys=0.00, real=0.08 secs] 
2017-11-10T19:36:30.133+0500: 433.592: [Full GC (Allocation Failure) 2017-11-10T19:36:30.133+0500: 433.592: [Tenured: 349567K->349567K(349568K), 0.0782467 secs] 506815K->506814K(506816K), [Metaspace: 12958K->12958K(1060864K)], 0.0783225 secs] [Times: user=0.08 sys=0.00, real=0.08 secs] 
2017-11-10T19:36:30.212+0500: 433.671: [Full GC (Allocation Failure) 2017-11-10T19:36:30.212+0500: 433.671: [Tenured: 349567K->349567K(349568K), 0.0757626 secs] 506815K->506804K(506816K), [Metaspace: 12958K->12958K(1060864K)], 0.0758531 secs] [Times: user=0.08 sys=0.00, real=0.08 secs] 
2017-11-10T19:36:30.288+0500: 433.747: [Full GC (Allocation Failure) 2017-11-10T19:36:30.288+0500: 433.747: [Tenured: 349567K->349567K(349568K), 0.0756644 secs] 506815K->506811K(506816K), [Metaspace: 12958K->12958K(1060864K)], 0.0757656 secs] [Times: user=0.08 sys=0.00, real=0.08 secs] 
2017-11-10T19:36:30.364+0500: 433.823: [Full GC (Allocation Failure) 2017-11-10T19:36:30.364+0500: 433.823: [Tenured: 349567K->349567K(349568K), 0.0808182 secs] 506815K->506813K(506816K), [Metaspace: 12958K->12958K(1060864K)], 0.0809136 secs] [Times: user=0.08 sys=0.00, real=0.08 secs] 
2017-11-10T19:36:30.446+0500: 433.905: [Full GC (Allocation Failure) 2017-11-10T19:36:30.446+0500: 433.905: [Tenured: 349567K->349567K(349568K), 0.0789037 secs] 506815K->506814K(506816K), [Metaspace: 12958K->12958K(1060864K)], 0.0789903 secs] [Times: user=0.08 sys=0.00, real=0.08 secs] 
2017-11-10T19:36:30.525+0500: 433.984: [Full GC (Allocation Failure) 2017-11-10T19:36:30.525+0500: 433.984: [Tenured: 349567K->349567K(349568K), 0.0774620 secs] 506815K->506804K(506816K), [Metaspace: 12958K->12958K(1060864K)], 0.0775725 secs] [Times: user=0.08 sys=0.00, real=0.08 secs] 
2017-11-10T19:36:30.603+0500: 434.062: [Full GC (Allocation Failure) 2017-11-10T19:36:30.603+0500: 434.062: [Tenured: 349567K->349567K(349568K), 0.0767976 secs] 506815K->506811K(506816K), [Metaspace: 12958K->12958K(1060864K)], 0.0768812 secs] [Times: user=0.08 sys=0.00, real=0.08 secs] 
2017-11-10T19:36:30.680+0500: 434.139: [Full GC (Allocation Failure) 2017-11-10T19:36:30.680+0500: 434.139: [Tenured: 349567K->349567K(349568K), 0.0781807 secs] 506815K->506813K(506816K), [Metaspace: 12958K->12958K(1060864K)], 0.0782535 secs] [Times: user=0.08 sys=0.00, real=0.08 secs] 
2017-11-10T19:36:30.759+0500: 434.218: [Full GC (Allocation Failure) 2017-11-10T19:36:30.759+0500: 434.218: [Tenured: 349567K->349567K(349568K), 0.0768763 secs] 506815K->506814K(506816K), [Metaspace: 12958K->12958K(1060864K)], 0.0769594 secs] [Times: user=0.08 sys=0.00, real=0.08 secs] 
2017-11-10T19:36:30.836+0500: 434.295: [Full GC (Allocation Failure) 2017-11-10T19:36:30.836+0500: 434.295: [Tenured: 349567K->349567K(349568K), 0.0770709 secs] 506815K->506804K(506816K), [Metaspace: 12958K->12958K(1060864K)], 0.0771731 secs] [Times: user=0.08 sys=0.00, real=0.08 secs] 
2017-11-10T19:36:30.913+0500: 434.372: [Full GC (Allocation Failure) 2017-11-10T19:36:30.913+0500: 434.372: [Tenured: 349567K->349567K(349568K), 0.0808691 secs] 506815K->506811K(506816K), [Metaspace: 12958K->12958K(1060864K)], 0.0809483 secs] [Times: user=0.08 sys=0.00, real=0.08 secs] 
2017-11-10T19:36:30.994+0500: 434.454: [Full GC (Allocation Failure) 2017-11-10T19:36:30.995+0500: 434.454: [Tenured: 349567K->349567K(349568K), 0.0803083 secs] 506815K->506813K(506816K), [Metaspace: 12958K->12958K(1060864K)], 0.0804081 secs] [Times: user=0.08 sys=0.00, real=0.08 secs] 
2017-11-10T19:36:31.075+0500: 434.534: [Full GC (Allocation Failure) 2017-11-10T19:36:31.075+0500: 434.534: [Tenured: 349567K->349567K(349568K), 0.0801015 secs] 506815K->506814K(506816K), [Metaspace: 12958K->12958K(1060864K)], 0.0801846 secs] [Times: user=0.08 sys=0.00, real=0.08 secs] 
2017-11-10T19:36:31.156+0500: 434.615: [Full GC (Allocation Failure) 2017-11-10T19:36:31.156+0500: 434.615: [Tenured: 349567K->349567K(349568K), 0.0813096 secs] 506815K->506804K(506816K), [Metaspace: 12958K->12958K(1060864K)], 0.0814210 secs] [Times: user=0.09 sys=0.00, real=0.08 secs] 
2017-11-10T19:36:31.237+0500: 434.697: [Full GC (Allocation Failure) 2017-11-10T19:36:31.238+0500: 434.697: [Tenured: 349567K->349567K(349568K), 0.0804481 secs] 506815K->506811K(506816K), [Metaspace: 12958K->12958K(1060864K)], 0.0805542 secs] [Times: user=0.08 sys=0.00, real=0.08 secs] 
2017-11-10T19:36:31.318+0500: 434.777: [Full GC (Allocation Failure) 2017-11-10T19:36:31.318+0500: 434.777: [Tenured: 349567K->349567K(349568K), 0.0805704 secs] 506815K->506813K(506816K), [Metaspace: 12958K->12958K(1060864K)], 0.0806549 secs] [Times: user=0.08 sys=0.00, real=0.08 secs] 
2017-11-10T19:36:31.399+0500: 434.858: [Full GC (Allocation Failure) 2017-11-10T19:36:31.399+0500: 434.858: [Tenured: 349567K->349567K(349568K), 0.0834137 secs] 506815K->506814K(506816K), [Metaspace: 12958K->12958K(1060864K)], 0.0834998 secs] [Times: user=0.08 sys=0.00, real=0.08 secs] 
2017-11-10T19:36:31.483+0500: 434.942: [Full GC (Allocation Failure) 2017-11-10T19:36:31.483+0500: 434.942: [Tenured: 349567K->349567K(349568K), 0.0859384 secs] 506815K->506804K(506816K), [Metaspace: 12958K->12958K(1060864K)], 0.0860586 secs] [Times: user=0.09 sys=0.00, real=0.09 secs] 
2017-11-10T19:36:31.570+0500: 435.029: [Full GC (Allocation Failure) 2017-11-10T19:36:31.570+0500: 435.029: [Tenured: 349567K->349567K(349568K), 0.0866052 secs] 506815K->506811K(506816K), [Metaspace: 12958K->12958K(1060864K)], 0.0867025 secs] [Times: user=0.08 sys=0.00, real=0.09 secs] 
2017-11-10T19:36:31.657+0500: 435.116: [Full GC (Allocation Failure) 2017-11-10T19:36:31.657+0500: 435.116: [Tenured: 349567K->349567K(349568K), 0.0848012 secs] 506815K->506813K(506816K), [Metaspace: 12958K->12958K(1060864K)], 0.0848804 secs] [Times: user=0.08 sys=0.00, real=0.08 secs] 
2017-11-10T19:36:31.742+0500: 435.201: [Full GC (Allocation Failure) 2017-11-10T19:36:31.742+0500: 435.201: [Tenured: 349567K->349567K(349568K), 0.0798991 secs] 506815K->506814K(506816K), [Metaspace: 12958K->12958K(1060864K)], 0.0799896 secs] [Times: user=0.08 sys=0.00, real=0.08 secs] 
2017-11-10T19:36:31.822+0500: 435.281: [Full GC (Allocation Failure) 2017-11-10T19:36:31.822+0500: 435.281: [Tenured: 349567K->349567K(349568K), 0.0758893 secs] 506815K->506804K(506816K), [Metaspace: 12958K->12958K(1060864K)], 0.0759944 secs] [Times: user=0.08 sys=0.00, real=0.08 secs] 
2017-11-10T19:36:31.898+0500: 435.358: [Full GC (Allocation Failure) 2017-11-10T19:36:31.898+0500: 435.358: [Tenured: 349567K->349567K(349568K), 0.0769687 secs] 506815K->506811K(506816K), [Metaspace: 12958K->12958K(1060864K)], 0.0770401 secs] [Times: user=0.08 sys=0.00, real=0.08 secs] 
2017-11-10T19:36:31.976+0500: 435.435: [Full GC (Allocation Failure) 2017-11-10T19:36:31.976+0500: 435.435: [Tenured: 349567K->349567K(349568K), 0.0766705 secs] 506815K->506813K(506816K), [Metaspace: 12958K->12958K(1060864K)], 0.0767859 secs] [Times: user=0.08 sys=0.00, real=0.08 secs] 
2017-11-10T19:36:32.053+0500: 435.512: [Full GC (Allocation Failure) 2017-11-10T19:36:32.053+0500: 435.512: [Tenured: 349567K->349567K(349568K), 0.0851004 secs] 506815K->506814K(506816K), [Metaspace: 12958K->12958K(1060864K)], 0.0851992 secs] [Times: user=0.08 sys=0.00, real=0.09 secs] 
2017-11-10T19:36:32.138+0500: 435.598: [Full GC (Allocation Failure) 2017-11-10T19:36:32.138+0500: 435.598: [Tenured: 349567K->349567K(349568K), 0.0813154 secs] 506815K->506804K(506816K), [Metaspace: 12958K->12958K(1060864K)], 0.0814528 secs] [Times: user=0.08 sys=0.00, real=0.08 secs] 
2017-11-10T19:36:32.220+0500: 435.679: [Full GC (Allocation Failure) 2017-11-10T19:36:32.220+0500: 435.679: [Tenured: 349567K->349567K(349568K), 0.0835272 secs] 506815K->506811K(506816K), [Metaspace: 12958K->12958K(1060864K)], 0.0836073 secs] [Times: user=0.09 sys=0.00, real=0.08 secs] 
2017-11-10T19:36:32.304+0500: 435.763: [Full GC (Allocation Failure) 2017-11-10T19:36:32.304+0500: 435.763: [Tenured: 349567K->349567K(349568K), 0.0833634 secs] 506815K->506813K(506816K), [Metaspace: 12958K->12958K(1060864K)], 0.0834670 secs] [Times: user=0.06 sys=0.00, real=0.08 secs] 
2017-11-10T19:36:32.388+0500: 435.848: [Full GC (Allocation Failure) 2017-11-10T19:36:32.388+0500: 435.848: [Tenured: 349567K->349567K(349568K), 0.0867866 secs] 506815K->506814K(506816K), [Metaspace: 12958K->12958K(1060864K)], 0.0868976 secs] [Times: user=0.09 sys=0.00, real=0.09 secs] 
2017-11-10T19:36:32.475+0500: 435.935: [Full GC (Allocation Failure) 2017-11-10T19:36:32.475+0500: 435.935: [Tenured: 349567K->349567K(349568K), 0.0771736 secs] 506815K->506804K(506816K), [Metaspace: 12958K->12958K(1060864K)], 0.0772586 secs] [Times: user=0.08 sys=0.00, real=0.08 secs] 
2017-11-10T19:36:32.553+0500: 436.012: [Full GC (Allocation Failure) 2017-11-10T19:36:32.553+0500: 436.012: [Tenured: 349567K->349567K(349568K), 0.0751789 secs] 506815K->506811K(506816K), [Metaspace: 12958K->12958K(1060864K)], 0.0752508 secs] [Times: user=0.08 sys=0.00, real=0.08 secs] 
2017-11-10T19:36:32.629+0500: 436.088: [Full GC (Allocation Failure) 2017-11-10T19:36:32.629+0500: 436.088: [Tenured: 349567K->349567K(349568K), 0.0775373 secs] 506815K->506813K(506816K), [Metaspace: 12958K->12958K(1060864K)], 0.0776483 secs] [Times: user=0.08 sys=0.00, real=0.08 secs] 
2017-11-10T19:36:32.707+0500: 436.166: [Full GC (Allocation Failure) 2017-11-10T19:36:32.707+0500: 436.166: [Tenured: 349567K->349567K(349568K), 0.0751398 secs] 506815K->506814K(506816K), [Metaspace: 12958K->12958K(1060864K)], 0.0752434 secs] [Times: user=0.06 sys=0.00, real=0.08 secs] 
2017-11-10T19:36:32.782+0500: 436.241: [Full GC (Allocation Failure) 2017-11-10T19:36:32.782+0500: 436.241: [Tenured: 349567K->349567K(349568K), 0.0789746 secs] 506815K->506804K(506816K), [Metaspace: 12958K->12958K(1060864K)], 0.0790597 secs] [Times: user=0.08 sys=0.00, real=0.08 secs] 
2017-11-10T19:36:32.861+0500: 436.321: [Full GC (Allocation Failure) 2017-11-10T19:36:32.862+0500: 436.321: [Tenured: 349567K->349567K(349568K), 0.0765859 secs] 506815K->506811K(506816K), [Metaspace: 12958K->12958K(1060864K)], 0.0767037 secs] [Times: user=0.08 sys=0.00, real=0.08 secs] 
2017-11-10T19:36:32.938+0500: 436.398: [Full GC (Allocation Failure) 2017-11-10T19:36:32.938+0500: 436.398: [Tenured: 349567K->349567K(349568K), 0.0767272 secs] 506815K->506813K(506816K), [Metaspace: 12958K->12958K(1060864K)], 0.0767971 secs] [Times: user=0.08 sys=0.00, real=0.08 secs] 
2017-11-10T19:36:33.016+0500: 436.475: [Full GC (Allocation Failure) 2017-11-10T19:36:33.016+0500: 436.475: [Tenured: 349567K->349567K(349568K), 0.0784989 secs] 506815K->506814K(506816K), [Metaspace: 12958K->12958K(1060864K)], 0.0785698 secs] [Times: user=0.08 sys=0.00, real=0.08 secs] 
2017-11-10T19:36:33.094+0500: 436.554: [Full GC (Allocation Failure) 2017-11-10T19:36:33.094+0500: 436.554: [Tenured: 349567K->349567K(349568K), 0.0754693 secs] 506815K->506804K(506816K), [Metaspace: 12958K->12958K(1060864K)], 0.0755421 secs] [Times: user=0.08 sys=0.00, real=0.08 secs] 
2017-11-10T19:36:33.171+0500: 436.630: [Full GC (Allocation Failure) 2017-11-10T19:36:33.171+0500: 436.630: [Tenured: 349567K->349567K(349568K), 0.0771574 secs] 506815K->506811K(506816K), [Metaspace: 12958K->12958K(1060864K)], 0.0772371 secs] [Times: user=0.08 sys=0.00, real=0.08 secs] 
2017-11-10T19:36:33.248+0500: 436.707: [Full GC (Allocation Failure) 2017-11-10T19:36:33.248+0500: 436.707: [Tenured: 349567K->349567K(349568K), 0.0787737 secs] 506815K->506813K(506816K), [Metaspace: 12958K->12958K(1060864K)], 0.0788979 secs] [Times: user=0.08 sys=0.00, real=0.08 secs] 
2017-11-10T19:36:33.328+0500: 436.786: [Full GC (Allocation Failure) 2017-11-10T19:36:33.328+0500: 436.786: [Tenured: 349567K->349567K(349568K), 0.0753187 secs] 506815K->506814K(506816K), [Metaspace: 12958K->12958K(1060864K)], 0.0753989 secs] [Times: user=0.08 sys=0.00, real=0.08 secs] 
2017-11-10T19:36:33.403+0500: 436.862: [Full GC (Allocation Failure) 2017-11-10T19:36:33.403+0500: 436.862: [Tenured: 349567K->349567K(349568K), 0.0762510 secs] 506815K->506804K(506816K), [Metaspace: 12958K->12958K(1060864K)], 0.0763351 secs] [Times: user=0.08 sys=0.00, real=0.08 secs] 
2017-11-10T19:36:33.480+0500: 436.939: [Full GC (Allocation Failure) 2017-11-10T19:36:33.480+0500: 436.939: [Tenured: 349567K->349567K(349568K), 0.0753769 secs] 506815K->506811K(506816K), [Metaspace: 12958K->12958K(1060864K)], 0.0754585 secs] [Times: user=0.08 sys=0.00, real=0.08 secs] 
2017-11-10T19:36:33.556+0500: 437.015: [Full GC (Allocation Failure) 2017-11-10T19:36:33.556+0500: 437.015: [Tenured: 349567K->349567K(349568K), 0.0783909 secs] 506815K->506813K(506816K), [Metaspace: 12958K->12958K(1060864K)], 0.0784857 secs] [Times: user=0.08 sys=0.00, real=0.08 secs] 
2017-11-10T19:36:33.635+0500: 437.094: [Full GC (Allocation Failure) 2017-11-10T19:36:33.635+0500: 437.094: [Tenured: 349567K->349567K(349568K), 0.0866893 secs] 506815K->506814K(506816K), [Metaspace: 12958K->12958K(1060864K)], 0.0868159 secs] [Times: user=0.08 sys=0.00, real=0.09 secs] 
2017-11-10T19:36:33.723+0500: 437.182: [Full GC (Allocation Failure) 2017-11-10T19:36:33.723+0500: 437.182: [Tenured: 349567K->349567K(349568K), 0.0843989 secs] 506815K->506804K(506816K), [Metaspace: 12958K->12958K(1060864K)], 0.0844922 secs] [Times: user=0.08 sys=0.00, real=0.08 secs] 
2017-11-10T19:36:33.808+0500: 437.267: [Full GC (Allocation Failure) 2017-11-10T19:36:33.808+0500: 437.267: [Tenured: 349567K->349567K(349568K), 0.0830011 secs] 506815K->506811K(506816K), [Metaspace: 12958K->12958K(1060864K)], 0.0831062 secs] [Times: user=0.08 sys=0.00, real=0.08 secs] 
2017-11-10T19:36:33.891+0500: 437.350: [Full GC (Allocation Failure) 2017-11-10T19:36:33.891+0500: 437.350: [Tenured: 349567K->349567K(349568K), 0.0831101 secs] 506815K->506813K(506816K), [Metaspace: 12958K->12958K(1060864K)], 0.0831937 secs] [Times: user=0.09 sys=0.00, real=0.08 secs] 
2017-11-10T19:36:33.975+0500: 437.434: [Full GC (Allocation Failure) 2017-11-10T19:36:33.975+0500: 437.434: [Tenured: 349567K->349567K(349568K), 0.0758922 secs] 506815K->506814K(506816K), [Metaspace: 12958K->12958K(1060864K)], 0.0759890 secs] [Times: user=0.08 sys=0.00, real=0.08 secs] 
2017-11-10T19:36:34.051+0500: 437.510: [Full GC (Allocation Failure) 2017-11-10T19:36:34.051+0500: 437.510: [Tenured: 349567K->349567K(349568K), 0.0766314 secs] 506815K->506804K(506816K), [Metaspace: 12958K->12958K(1060864K)], 0.0767047 secs] [Times: user=0.08 sys=0.00, real=0.08 secs] 
2017-11-10T19:36:34.128+0500: 437.587: [Full GC (Allocation Failure) 2017-11-10T19:36:34.128+0500: 437.587: [Tenured: 349567K->349567K(349568K), 0.0777197 secs] 506815K->506811K(506816K), [Metaspace: 12958K->12958K(1060864K)], 0.0777949 secs] [Times: user=0.08 sys=0.00, real=0.08 secs] 
2017-11-10T19:36:34.206+0500: 437.665: [Full GC (Allocation Failure) 2017-11-10T19:36:34.206+0500: 437.665: [Tenured: 349567K->349567K(349568K), 0.0755597 secs] 506815K->506813K(506816K), [Metaspace: 12958K->12958K(1060864K)], 0.0756331 secs] [Times: user=0.06 sys=0.00, real=0.08 secs] 
2017-11-10T19:36:34.282+0500: 437.741: [Full GC (Allocation Failure) 2017-11-10T19:36:34.282+0500: 437.741: [Tenured: 349567K->349567K(349568K), 0.0773178 secs] 506815K->506814K(506816K), [Metaspace: 12958K->12958K(1060864K)], 0.0773931 secs] [Times: user=0.08 sys=0.00, real=0.08 secs] 
2017-11-10T19:36:34.360+0500: 437.819: [Full GC (Allocation Failure) 2017-11-10T19:36:34.360+0500: 437.819: [Tenured: 349567K->349567K(349568K), 0.0749555 secs] 506815K->506804K(506816K), [Metaspace: 12958K->12958K(1060864K)], 0.0750606 secs] [Times: user=0.08 sys=0.00, real=0.08 secs] 
2017-11-10T19:36:34.435+0500: 437.894: [Full GC (Allocation Failure) 2017-11-10T19:36:34.435+0500: 437.894: [Tenured: 349567K->349567K(349568K), 0.0786153 secs] 506815K->506811K(506816K), [Metaspace: 12958K->12958K(1060864K)], 0.0786925 secs] [Times: user=0.08 sys=0.00, real=0.08 secs] 
2017-11-10T19:36:34.514+0500: 437.973: [Full GC (Allocation Failure) 2017-11-10T19:36:34.514+0500: 437.973: [Tenured: 349567K->349567K(349568K), 0.0810187 secs] 506815K->506813K(506816K), [Metaspace: 12958K->12958K(1060864K)], 0.0810964 secs] [Times: user=0.08 sys=0.00, real=0.08 secs] 
2017-11-10T19:36:34.595+0500: 438.055: [Full GC (Allocation Failure) 2017-11-10T19:36:34.596+0500: 438.055: [Tenured: 349567K->349567K(349568K), 0.0769433 secs] 506815K->506814K(506816K), [Metaspace: 12958K->12958K(1060864K)], 0.0770303 secs] [Times: user=0.08 sys=0.00, real=0.08 secs] 
2017-11-10T19:36:34.673+0500: 438.132: [Full GC (Allocation Failure) 2017-11-10T19:36:34.673+0500: 438.132: [Tenured: 349567K->349567K(349568K), 0.0763772 secs] 506815K->506804K(506816K), [Metaspace: 12958K->12958K(1060864K)], 0.0764808 secs] [Times: user=0.08 sys=0.00, real=0.08 secs] 
2017-11-10T19:36:34.750+0500: 438.209: [Full GC (Allocation Failure) 2017-11-10T19:36:34.750+0500: 438.209: [Tenured: 349567K->349567K(349568K), 0.0750039 secs] 506815K->506811K(506816K), [Metaspace: 12958K->12958K(1060864K)], 0.0750772 secs] [Times: user=0.08 sys=0.00, real=0.08 secs] 
2017-11-10T19:36:34.825+0500: 438.284: [Full GC (Allocation Failure) 2017-11-10T19:36:34.825+0500: 438.284: [Tenured: 349567K->349567K(349568K), 0.0747526 secs] 506815K->506813K(506816K), [Metaspace: 12958K->12958K(1060864K)], 0.0748249 secs] [Times: user=0.08 sys=0.00, real=0.08 secs] 
2017-11-10T19:36:34.900+0500: 438.359: [Full GC (Allocation Failure) 2017-11-10T19:36:34.900+0500: 438.359: [Tenured: 349567K->349567K(349568K), 0.0750674 secs] 506815K->506814K(506816K), [Metaspace: 12958K->12958K(1060864K)], 0.0751393 secs] [Times: user=0.08 sys=0.00, real=0.07 secs] 
2017-11-10T19:36:34.975+0500: 438.435: [Full GC (Allocation Failure) 2017-11-10T19:36:34.975+0500: 438.435: [Tenured: 349567K->349567K(349568K), 0.0746954 secs] 506815K->506804K(506816K), [Metaspace: 12958K->12958K(1060864K)], 0.0747707 secs] [Times: user=0.08 sys=0.00, real=0.08 secs] 
2017-11-10T19:36:35.051+0500: 438.510: [Full GC (Allocation Failure) 2017-11-10T19:36:35.051+0500: 438.510: [Tenured: 349567K->349567K(349568K), 0.0765483 secs] 506815K->506811K(506816K), [Metaspace: 12958K->12958K(1060864K)], 0.0766490 secs] [Times: user=0.08 sys=0.00, real=0.08 secs] 
2017-11-10T19:36:35.128+0500: 438.587: [Full GC (Allocation Failure) 2017-11-10T19:36:35.128+0500: 438.587: [Tenured: 349567K->349567K(349568K), 0.0758457 secs] 506815K->506813K(506816K), [Metaspace: 12958K->12958K(1060864K)], 0.0759333 secs] [Times: user=0.06 sys=0.00, real=0.08 secs] 
2017-11-10T19:36:35.204+0500: 438.663: [Full GC (Allocation Failure) 2017-11-10T19:36:35.204+0500: 438.663: [Tenured: 349567K->349567K(349568K), 0.0754126 secs] 506815K->506814K(506816K), [Metaspace: 12958K->12958K(1060864K)], 0.0755343 secs] [Times: user=0.08 sys=0.00, real=0.08 secs] 
2017-11-10T19:36:35.280+0500: 438.739: [Full GC (Allocation Failure) 2017-11-10T19:36:35.280+0500: 438.739: [Tenured: 349567K->349567K(349568K), 0.0755891 secs] 506815K->506804K(506816K), [Metaspace: 12958K->12958K(1060864K)], 0.0756649 secs] [Times: user=0.08 sys=0.00, real=0.08 secs] 
2017-11-10T19:36:35.356+0500: 438.815: [Full GC (Allocation Failure) 2017-11-10T19:36:35.356+0500: 438.815: [Tenured: 349567K->349567K(349568K), 0.0745937 secs] 506815K->506811K(506816K), [Metaspace: 12958K->12958K(1060864K)], 0.0746973 secs] [Times: user=0.08 sys=0.00, real=0.08 secs] 
2017-11-10T19:36:35.431+0500: 438.890: [Full GC (Allocation Failure) 2017-11-10T19:36:35.431+0500: 438.890: [Tenured: 349567K->349567K(349568K), 0.0771961 secs] 506815K->506813K(506816K), [Metaspace: 12958K->12958K(1060864K)], 0.0772977 secs] [Times: user=0.06 sys=0.00, real=0.08 secs] 
2017-11-10T19:36:35.508+0500: 438.968: [Full GC (Allocation Failure) 2017-11-10T19:36:35.508+0500: 438.968: [Tenured: 349567K->349567K(349568K), 0.0763913 secs] 506815K->506814K(506816K), [Metaspace: 12958K->12958K(1060864K)], 0.0764994 secs] [Times: user=0.08 sys=0.00, real=0.08 secs] 
2017-11-10T19:36:35.586+0500: 439.045: [Full GC (Allocation Failure) 2017-11-10T19:36:35.586+0500: 439.045: [Tenured: 349567K->349567K(349568K), 0.0775578 secs] 506815K->506804K(506816K), [Metaspace: 12958K->12958K(1060864K)], 0.0776654 secs] [Times: user=0.08 sys=0.00, real=0.08 secs] 
2017-11-10T19:36:35.664+0500: 439.123: [Full GC (Allocation Failure) 2017-11-10T19:36:35.664+0500: 439.123: [Tenured: 349567K->349567K(349568K), 0.0762320 secs] 506815K->506811K(506816K), [Metaspace: 12958K->12958K(1060864K)], 0.0763038 secs] [Times: user=0.08 sys=0.00, real=0.08 secs] 
2017-11-10T19:36:35.740+0500: 439.199: [Full GC (Allocation Failure) 2017-11-10T19:36:35.740+0500: 439.200: [Tenured: 349567K->349567K(349568K), 0.0750357 secs] 506815K->506813K(506816K), [Metaspace: 12958K->12958K(1060864K)], 0.0751227 secs] [Times: user=0.08 sys=0.00, real=0.08 secs] 
2017-11-10T19:36:35.816+0500: 439.275: [Full GC (Allocation Failure) 2017-11-10T19:36:35.816+0500: 439.275: [Tenured: 349567K->349567K(349568K), 0.0748533 secs] 506815K->506814K(506816K), [Metaspace: 12958K->12958K(1060864K)], 0.0749276 secs] [Times: user=0.06 sys=0.00, real=0.08 secs] 
2017-11-10T19:36:35.891+0500: 439.350: [Full GC (Allocation Failure) 2017-11-10T19:36:35.891+0500: 439.350: [Tenured: 349567K->349567K(349568K), 0.0749384 secs] 506815K->506804K(506816K), [Metaspace: 12958K->12958K(1060864K)], 0.0750122 secs] [Times: user=0.08 sys=0.00, real=0.08 secs] 
2017-11-10T19:36:35.966+0500: 439.425: [Full GC (Allocation Failure) 2017-11-10T19:36:35.966+0500: 439.426: [Tenured: 349567K->349567K(349568K), 0.0749535 secs] 506815K->506811K(506816K), [Metaspace: 12958K->12958K(1060864K)], 0.0750220 secs] [Times: user=0.08 sys=0.00, real=0.07 secs] 
2017-11-10T19:36:36.042+0500: 439.501: [Full GC (Allocation Failure) 2017-11-10T19:36:36.042+0500: 439.501: [Tenured: 349567K->349567K(349568K), 0.0756600 secs] 506815K->506813K(506816K), [Metaspace: 12958K->12958K(1060864K)], 0.0757328 secs] [Times: user=0.08 sys=0.00, real=0.08 secs] 
2017-11-10T19:36:36.118+0500: 439.577: [Full GC (Allocation Failure) 2017-11-10T19:36:36.118+0500: 439.577: [Tenured: 349567K->349567K(349568K), 0.0751408 secs] 506815K->506814K(506816K), [Metaspace: 12958K->12958K(1060864K)], 0.0752170 secs] [Times: user=0.08 sys=0.00, real=0.08 secs] 
2017-11-10T19:36:36.193+0500: 439.652: [Full GC (Allocation Failure) 2017-11-10T19:36:36.193+0500: 439.652: [Tenured: 349567K->349567K(349568K), 0.0765062 secs] 506815K->506804K(506816K), [Metaspace: 12958K->12958K(1060864K)], 0.0765835 secs] [Times: user=0.08 sys=0.00, real=0.08 secs] 
2017-11-10T19:36:36.270+0500: 439.729: [Full GC (Allocation Failure) 2017-11-10T19:36:36.270+0500: 439.729: [Tenured: 349567K->349567K(349568K), 0.0755118 secs] 506815K->506811K(506816K), [Metaspace: 12958K->12958K(1060864K)], 0.0756199 secs] [Times: user=0.06 sys=0.00, real=0.08 secs] 
2017-11-10T19:36:36.346+0500: 439.805: [Full GC (Allocation Failure) 2017-11-10T19:36:36.346+0500: 439.805: [Tenured: 349567K->349567K(349568K), 0.0765512 secs] 506815K->506813K(506816K), [Metaspace: 12958K->12958K(1060864K)], 0.0766260 secs] [Times: user=0.08 sys=0.00, real=0.08 secs] 
2017-11-10T19:36:36.423+0500: 439.882: [Full GC (Allocation Failure) 2017-11-10T19:36:36.423+0500: 439.882: [Tenured: 349567K->349567K(349568K), 0.0774121 secs] 506815K->506814K(506816K), [Metaspace: 12958K->12958K(1060864K)], 0.0774840 secs] [Times: user=0.08 sys=0.00, real=0.08 secs] 
2017-11-10T19:36:36.501+0500: 439.960: [Full GC (Allocation Failure) 2017-11-10T19:36:36.501+0500: 439.960: [Tenured: 349567K->349567K(349568K), 0.0765791 secs] 506815K->506804K(506816K), [Metaspace: 12958K->12958K(1060864K)], 0.0766544 secs] [Times: user=0.08 sys=0.00, real=0.08 secs] 
2017-11-10T19:36:36.578+0500: 440.037: [Full GC (Allocation Failure) 2017-11-10T19:36:36.578+0500: 440.037: [Tenured: 349567K->349567K(349568K), 0.0760012 secs] 506815K->506811K(506816K), [Metaspace: 12958K->12958K(1060864K)], 0.0760863 secs] [Times: user=0.08 sys=0.00, real=0.08 secs] 
2017-11-10T19:36:36.654+0500: 440.113: [Full GC (Allocation Failure) 2017-11-10T19:36:36.654+0500: 440.114: [Tenured: 349567K->349567K(349568K), 0.0759020 secs] 506815K->506813K(506816K), [Metaspace: 12958K->12958K(1060864K)], 0.0760281 secs] [Times: user=0.08 sys=0.00, real=0.08 secs] 
2017-11-10T19:36:36.730+0500: 440.190: [Full GC (Allocation Failure) 2017-11-10T19:36:36.730+0500: 440.190: [Tenured: 349567K->349567K(349568K), 0.0762183 secs] 506815K->506814K(506816K), [Metaspace: 12958K->12958K(1060864K)], 0.0762906 secs] [Times: user=0.08 sys=0.00, real=0.08 secs] 
2017-11-10T19:36:36.807+0500: 440.266: [Full GC (Allocation Failure) 2017-11-10T19:36:36.807+0500: 440.266: [Tenured: 349567K->349567K(349568K), 0.0759557 secs] 506815K->506804K(506816K), [Metaspace: 12958K->12958K(1060864K)], 0.0760340 secs] [Times: user=0.08 sys=0.00, real=0.08 secs] 
2017-11-10T19:36:36.883+0500: 440.343: [Full GC (Allocation Failure) 2017-11-10T19:36:36.883+0500: 440.343: [Tenured: 349567K->349567K(349568K), 0.0815780 secs] 506815K->506811K(506816K), [Metaspace: 12958K->12958K(1060864K)], 0.0816611 secs] [Times: user=0.08 sys=0.00, real=0.08 secs] 
2017-11-10T19:36:36.965+0500: 440.425: [Full GC (Allocation Failure) 2017-11-10T19:36:36.965+0500: 440.425: [Tenured: 349567K->349567K(349568K), 0.0811908 secs] 506815K->506813K(506816K), [Metaspace: 12958K->12958K(1060864K)], 0.0812920 secs] [Times: user=0.08 sys=0.00, real=0.08 secs] 
2017-11-10T19:36:37.047+0500: 440.506: [Full GC (Allocation Failure) 2017-11-10T19:36:37.047+0500: 440.506: [Tenured: 349567K->349567K(349568K), 0.0818933 secs] 506815K->506814K(506816K), [Metaspace: 12958K->12958K(1060864K)], 0.0819671 secs] [Times: user=0.09 sys=0.00, real=0.08 secs] 
2017-11-10T19:36:37.130+0500: 440.588: [Full GC (Allocation Failure) 2017-11-10T19:36:37.130+0500: 440.589: [Tenured: 349567K->349567K(349568K), 0.0789512 secs] 506815K->506804K(506816K), [Metaspace: 12958K->12958K(1060864K)], 0.0790538 secs] [Times: user=0.08 sys=0.00, real=0.08 secs] 
2017-11-10T19:36:37.209+0500: 440.668: [Full GC (Allocation Failure) 2017-11-10T19:36:37.209+0500: 440.668: [Tenured: 349567K->349567K(349568K), 0.0741136 secs] 506815K->506803K(506816K), [Metaspace: 12958K->12958K(1060864K)], 0.0741879 secs] [Times: user=0.06 sys=0.00, real=0.07 secs] 
2017-11-10T19:36:37.284+0500: 440.743: [Full GC (Allocation Failure) 2017-11-10T19:36:37.284+0500: 440.743: [Tenured: 349568K->349567K(349568K), 0.0754556 secs] 506815K->506798K(506816K), [Metaspace: 12958K->12958K(1060864K)], 0.0755324 secs] [Times: user=0.06 sys=0.00, real=0.08 secs] 
2017-11-10T19:36:37.360+0500: 440.819: [Full GC (Allocation Failure) 2017-11-10T19:36:37.360+0500: 440.819: [Tenured: 349567K->349567K(349568K), 0.0746133 secs] 506815K->506798K(506816K), [Metaspace: 12958K->12958K(1060864K)], 0.0746944 secs] [Times: user=0.08 sys=0.00, real=0.07 secs] 
2017-11-10T19:36:37.435+0500: 440.894: [Full GC (Allocation Failure) 2017-11-10T19:36:37.435+0500: 440.894: [Tenured: 349567K->349567K(349568K), 0.0753412 secs] 506815K->506798K(506816K), [Metaspace: 12958K->12958K(1060864K)], 0.0754277 secs] [Times: user=0.08 sys=0.00, real=0.08 secs] 
2017-11-10T19:36:37.511+0500: 440.970: [Full GC (Allocation Failure) 2017-11-10T19:36:37.511+0500: 440.970: [Tenured: 349567K->349567K(349568K), 0.0749208 secs] 506815K->506797K(506816K), [Metaspace: 12958K->12958K(1060864K)], 0.0750107 secs] [Times: user=0.08 sys=0.00, real=0.08 secs] 
2017-11-10T19:36:37.587+0500: 441.045: [Full GC (Allocation Failure) 2017-11-10T19:36:37.587+0500: 441.045: [Tenured: 349567K->349567K(349568K), 0.0752483 secs] 506815K->506796K(506816K), [Metaspace: 12958K->12958K(1060864K)], 0.0753270 secs] [Times: user=0.08 sys=0.00, real=0.08 secs] 
2017-11-10T19:36:37.662+0500: 441.121: [Full GC (Allocation Failure) 2017-11-10T19:36:37.662+0500: 441.121: [Tenured: 349567K->349567K(349568K), 0.0759122 secs] 506815K->506797K(506816K), [Metaspace: 12958K->12958K(1060864K)], 0.0759875 secs] [Times: user=0.08 sys=0.00, real=0.08 secs] 
2017-11-10T19:36:37.739+0500: 441.198: [Full GC (Allocation Failure) 2017-11-10T19:36:37.739+0500: 441.198: [Tenured: 349567K->349567K(349568K), 0.0756028 secs] 506815K->506797K(506816K), [Metaspace: 12958K->12958K(1060864K)], 0.0756761 secs] [Times: user=0.06 sys=0.00, real=0.08 secs] 
2017-11-10T19:36:37.815+0500: 441.274: [Full GC (Allocation Failure) 2017-11-10T19:36:37.815+0500: 441.274: [Tenured: 349567K->349567K(349568K), 0.0767922 secs] 506815K->506797K(506816K), [Metaspace: 12958K->12958K(1060864K)], 0.0768700 secs] [Times: user=0.06 sys=0.00, real=0.08 secs] 
2017-11-10T19:36:37.893+0500: 441.352: [Full GC (Allocation Failure) 2017-11-10T19:36:37.893+0500: 441.352: [Tenured: 349567K->349567K(349568K), 0.0746788 secs] 506815K->506796K(506816K), [Metaspace: 12958K->12958K(1060864K)], 0.0747565 secs] [Times: user=0.08 sys=0.00, real=0.07 secs] 
2017-11-10T19:36:37.968+0500: 441.427: [Full GC (Allocation Failure) 2017-11-10T19:36:37.968+0500: 441.427: [Tenured: 349567K->349567K(349568K), 0.0774141 secs] 506815K->506797K(506816K), [Metaspace: 12958K->12958K(1060864K)], 0.0775124 secs] [Times: user=0.06 sys=0.00, real=0.08 secs] 
2017-11-10T19:36:38.046+0500: 441.505: [Full GC (Allocation Failure) 2017-11-10T19:36:38.046+0500: 441.505: [Tenured: 349567K->349567K(349568K), 0.0826697 secs] 506815K->506797K(506816K), [Metaspace: 12958K->12958K(1060864K)], 0.0827973 secs] [Times: user=0.09 sys=0.00, real=0.08 secs] 
2017-11-10T19:36:38.130+0500: 441.589: [Full GC (Allocation Failure) 2017-11-10T19:36:38.130+0500: 441.589: [Tenured: 349567K->349567K(349568K), 0.0854021 secs] 506815K->506797K(506816K), [Metaspace: 12958K->12958K(1060864K)], 0.0855057 secs] [Times: user=0.08 sys=0.00, real=0.08 secs] 
2017-11-10T19:36:38.216+0500: 441.675: [Full GC (Allocation Failure) 2017-11-10T19:36:38.216+0500: 441.675: [Tenured: 349567K->349567K(349568K), 0.0792939 secs] 506815K->506796K(506816K), [Metaspace: 12958K->12958K(1060864K)], 0.0793853 secs] [Times: user=0.08 sys=0.00, real=0.08 secs] 
2017-11-10T19:36:38.296+0500: 441.755: [Full GC (Allocation Failure) 2017-11-10T19:36:38.296+0500: 441.755: [Tenured: 349567K->349567K(349568K), 0.0836494 secs] 506815K->506797K(506816K), [Metaspace: 12958K->12958K(1060864K)], 0.0837310 secs] [Times: user=0.11 sys=0.00, real=0.08 secs] 
2017-11-10T19:36:38.382+0500: 441.841: [Full GC (Allocation Failure) 2017-11-10T19:36:38.382+0500: 441.841: [Tenured: 349567K->349567K(349568K), 0.0981875 secs] 506815K->506797K(506816K), [Metaspace: 12958K->12958K(1060864K)], 0.0982813 secs] [Times: user=0.09 sys=0.00, real=0.10 secs] 
2017-11-10T19:36:38.481+0500: 441.940: [Full GC (Allocation Failure) 2017-11-10T19:36:38.481+0500: 441.940: [Tenured: 349567K->349567K(349568K), 0.0772704 secs] 506815K->506797K(506816K), [Metaspace: 12958K->12958K(1060864K)], 0.0773545 secs] [Times: user=0.08 sys=0.00, real=0.08 secs] 
2017-11-10T19:36:38.558+0500: 442.017: [Full GC (Allocation Failure) 2017-11-10T19:36:38.558+0500: 442.017: [Tenured: 349567K->349567K(349568K), 0.0780609 secs] 506815K->506796K(506816K), [Metaspace: 12958K->12958K(1060864K)], 0.0781523 secs] [Times: user=0.08 sys=0.00, real=0.08 secs] 
2017-11-10T19:36:38.637+0500: 442.096: [Full GC (Allocation Failure) 2017-11-10T19:36:38.637+0500: 442.096: [Tenured: 349567K->349567K(349568K), 0.0772596 secs] 506815K->506797K(506816K), [Metaspace: 12958K->12958K(1060864K)], 0.0773408 secs] [Times: user=0.08 sys=0.00, real=0.08 secs] 
2017-11-10T19:36:38.715+0500: 442.174: [Full GC (Allocation Failure) 2017-11-10T19:36:38.715+0500: 442.174: [Tenured: 349567K->349567K(349568K), 0.0825557 secs] 506815K->506797K(506816K), [Metaspace: 12958K->12958K(1060864K)], 0.0826379 secs] [Times: user=0.08 sys=0.00, real=0.08 secs] 
2017-11-10T19:36:38.798+0500: 442.257: [Full GC (Allocation Failure) 2017-11-10T19:36:38.798+0500: 442.257: [Tenured: 349567K->349567K(349568K), 0.0819270 secs] 506815K->506797K(506816K), [Metaspace: 12958K->12958K(1060864K)], 0.0820517 secs] [Times: user=0.09 sys=0.00, real=0.08 secs] 
2017-11-10T19:36:38.881+0500: 442.340: [Full GC (Allocation Failure) 2017-11-10T19:36:38.881+0500: 442.340: [Tenured: 349567K->349567K(349568K), 0.0844898 secs] 506815K->506796K(506816K), [Metaspace: 12958K->12958K(1060864K)], 0.0845729 secs] [Times: user=0.08 sys=0.00, real=0.08 secs] 
2017-11-10T19:36:38.966+0500: 442.425: [Full GC (Allocation Failure) 2017-11-10T19:36:38.966+0500: 442.425: [Tenured: 349567K->349567K(349568K), 0.0777397 secs] 506815K->506797K(506816K), [Metaspace: 12958K->12958K(1060864K)], 0.0778272 secs] [Times: user=0.06 sys=0.00, real=0.08 secs] 
2017-11-10T19:36:39.044+0500: 442.503: [Full GC (Allocation Failure) 2017-11-10T19:36:39.044+0500: 442.503: [Tenured: 349567K->349567K(349568K), 0.0781421 secs] 506815K->506797K(506816K), [Metaspace: 12958K->12958K(1060864K)], 0.0782173 secs] [Times: user=0.08 sys=0.00, real=0.08 secs] 
2017-11-10T19:36:39.123+0500: 442.582: [Full GC (Allocation Failure) 2017-11-10T19:36:39.123+0500: 442.582: [Tenured: 349567K->349567K(349568K), 0.0753412 secs] 506815K->506797K(506816K), [Metaspace: 12958K->12958K(1060864K)], 0.0754224 secs] [Times: user=0.08 sys=0.00, real=0.08 secs] 
2017-11-10T19:36:39.199+0500: 442.658: [Full GC (Allocation Failure) 2017-11-10T19:36:39.199+0500: 442.658: [Tenured: 349567K->349567K(349568K), 0.0759137 secs] 506815K->506796K(506816K), [Metaspace: 12958K->12958K(1060864K)], 0.0759870 secs] [Times: user=0.08 sys=0.00, real=0.08 secs] 
2017-11-10T19:36:39.275+0500: 442.735: [Full GC (Allocation Failure) 2017-11-10T19:36:39.275+0500: 442.735: [Tenured: 349567K->349567K(349568K), 0.0791614 secs] 506815K->506797K(506816K), [Metaspace: 12958K->12958K(1060864K)], 0.0792425 secs] [Times: user=0.08 sys=0.00, real=0.08 secs] 
2017-11-10T19:36:39.355+0500: 442.814: [Full GC (Allocation Failure) 2017-11-10T19:36:39.355+0500: 442.814: [Tenured: 349567K->349567K(349568K), 0.0783058 secs] 506815K->506797K(506816K), [Metaspace: 12958K->12958K(1060864K)], 0.0784090 secs] [Times: user=0.08 sys=0.00, real=0.08 secs] 
2017-11-10T19:36:39.434+0500: 442.893: [Full GC (Allocation Failure) 2017-11-10T19:36:39.434+0500: 442.893: [Tenured: 349567K->349567K(349568K), 0.0821720 secs] 506815K->506797K(506816K), [Metaspace: 12958K->12958K(1060864K)], 0.0822497 secs] [Times: user=0.08 sys=0.00, real=0.08 secs] 
2017-11-10T19:36:39.517+0500: 442.976: [Full GC (Allocation Failure) 2017-11-10T19:36:39.517+0500: 442.976: [Tenured: 349567K->349567K(349568K), 0.0793623 secs] 506815K->506796K(506816K), [Metaspace: 12958K->12958K(1060864K)], 0.0794655 secs] [Times: user=0.09 sys=0.00, real=0.08 secs] 
2017-11-10T19:36:39.597+0500: 443.056: [Full GC (Allocation Failure) 2017-11-10T19:36:39.597+0500: 443.056: [Tenured: 349567K->349567K(349568K), 0.0757607 secs] 506815K->506797K(506816K), [Metaspace: 12958K->12958K(1060864K)], 0.0758384 secs] [Times: user=0.06 sys=0.00, real=0.08 secs] 
2017-11-10T19:36:39.673+0500: 443.132: [Full GC (Allocation Failure) 2017-11-10T19:36:39.673+0500: 443.132: [Tenured: 349567K->349567K(349568K), 0.0751975 secs] 506815K->506797K(506816K), [Metaspace: 12958K->12958K(1060864K)], 0.0752830 secs] [Times: user=0.08 sys=0.00, real=0.07 secs] 
2017-11-10T19:36:39.749+0500: 443.208: [Full GC (Allocation Failure) 2017-11-10T19:36:39.749+0500: 443.208: [Tenured: 349567K->349567K(349568K), 0.0746284 secs] 506815K->506797K(506816K), [Metaspace: 12958K->12958K(1060864K)], 0.0747105 secs] [Times: user=0.08 sys=0.00, real=0.07 secs] 
2017-11-10T19:36:39.824+0500: 443.283: [Full GC (Allocation Failure) 2017-11-10T19:36:39.824+0500: 443.283: [Tenured: 349567K->349567K(349568K), 0.0743678 secs] 506815K->506796K(506816K), [Metaspace: 12958K->12958K(1060864K)], 0.0744480 secs] [Times: user=0.08 sys=0.00, real=0.08 secs] 
2017-11-10T19:36:39.899+0500: 443.358: [Full GC (Allocation Failure) 2017-11-10T19:36:39.899+0500: 443.358: [Tenured: 349567K->349567K(349568K), 0.0754644 secs] 506815K->506797K(506816K), [Metaspace: 12958K->12958K(1060864K)], 0.0755363 secs] [Times: user=0.08 sys=0.00, real=0.08 secs] 
2017-11-10T19:36:39.975+0500: 443.434: [Full GC (Allocation Failure) 2017-11-10T19:36:39.975+0500: 443.434: [Tenured: 349567K->349567K(349568K), 0.0745898 secs] 506815K->506797K(506816K), [Metaspace: 12958K->12958K(1060864K)], 0.0746631 secs] [Times: user=0.08 sys=0.00, real=0.08 secs] 
2017-11-10T19:36:40.050+0500: 443.510: [Full GC (Allocation Failure) 2017-11-10T19:36:40.050+0500: 443.510: [Tenured: 349567K->349567K(349568K), 0.0756248 secs] 506815K->506797K(506816K), [Metaspace: 12958K->12958K(1060864K)], 0.0757128 secs] [Times: user=0.06 sys=0.00, real=0.08 secs] 
2017-11-10T19:36:40.127+0500: 443.586: [Full GC (Allocation Failure) 2017-11-10T19:36:40.127+0500: 443.586: [Tenured: 349567K->349567K(349568K), 0.0749701 secs] 506815K->506796K(506816K), [Metaspace: 12958K->12958K(1060864K)], 0.0750552 secs] [Times: user=0.08 sys=0.00, real=0.07 secs] 
2017-11-10T19:36:40.202+0500: 443.661: [Full GC (Allocation Failure) 2017-11-10T19:36:40.202+0500: 443.661: [Tenured: 349567K->349567K(349568K), 0.0750366 secs] 506815K->506797K(506816K), [Metaspace: 12958K->12958K(1060864K)], 0.0751217 secs] [Times: user=0.08 sys=0.00, real=0.08 secs] 
2017-11-10T19:36:40.278+0500: 443.737: [Full GC (Allocation Failure) 2017-11-10T19:36:40.278+0500: 443.737: [Tenured: 349567K->349567K(349568K), 0.0752992 secs] 506815K->506797K(506816K), [Metaspace: 12958K->12958K(1060864K)], 0.0753715 secs] [Times: user=0.08 sys=0.00, real=0.07 secs] 
2017-11-10T19:36:40.354+0500: 443.813: [Full GC (Allocation Failure) 2017-11-10T19:36:40.354+0500: 443.813: [Tenured: 349567K->349567K(349568K), 0.0773799 secs] 506815K->506797K(506816K), [Metaspace: 12958K->12958K(1060864K)], 0.0774855 secs] [Times: user=0.08 sys=0.00, real=0.08 secs] 
2017-11-10T19:36:40.432+0500: 443.891: [Full GC (Allocation Failure) 2017-11-10T19:36:40.432+0500: 443.891: [Tenured: 349567K->349567K(349568K), 0.0760506 secs] 506815K->506796K(506816K), [Metaspace: 12958K->12958K(1060864K)], 0.0761220 secs] [Times: user=0.08 sys=0.00, real=0.08 secs] 
2017-11-10T19:36:40.508+0500: 443.968: [Full GC (Allocation Failure) 2017-11-10T19:36:40.508+0500: 443.968: [Tenured: 349567K->349567K(349568K), 0.0772078 secs] 506815K->506797K(506816K), [Metaspace: 12958K->12958K(1060864K)], 0.0772899 secs] [Times: user=0.08 sys=0.00, real=0.08 secs] 
2017-11-10T19:36:40.586+0500: 444.045: [Full GC (Allocation Failure) 2017-11-10T19:36:40.586+0500: 444.045: [Tenured: 349567K->349567K(349568K), 0.0754673 secs] 506815K->506797K(506816K), [Metaspace: 12958K->12958K(1060864K)], 0.0755397 secs] [Times: user=0.08 sys=0.00, real=0.08 secs] 
2017-11-10T19:36:40.662+0500: 444.121: [Full GC (Allocation Failure) 2017-11-10T19:36:40.662+0500: 444.121: [Tenured: 349567K->349567K(349568K), 0.0773701 secs] 506815K->506797K(506816K), [Metaspace: 12958K->12958K(1060864K)], 0.0774454 secs] [Times: user=0.08 sys=0.00, real=0.08 secs] 
2017-11-10T19:36:40.740+0500: 444.199: [Full GC (Allocation Failure) 2017-11-10T19:36:40.740+0500: 444.199: [Tenured: 349567K->349567K(349568K), 0.0747203 secs] 506815K->506796K(506816K), [Metaspace: 12958K->12958K(1060864K)], 0.0748020 secs] [Times: user=0.08 sys=0.00, real=0.08 secs] 
2017-11-10T19:36:40.815+0500: 444.275: [Full GC (Allocation Failure) 2017-11-10T19:36:40.815+0500: 444.275: [Tenured: 349567K->349567K(349568K), 0.0749721 secs] 506815K->506797K(506816K), [Metaspace: 12958K->12958K(1060864K)], 0.0750484 secs] [Times: user=0.06 sys=0.00, real=0.08 secs] 
2017-11-10T19:36:40.891+0500: 444.350: [Full GC (Allocation Failure) 2017-11-10T19:36:40.891+0500: 444.350: [Tenured: 349567K->349567K(349568K), 0.0750968 secs] 506815K->506797K(506816K), [Metaspace: 12958K->12958K(1060864K)], 0.0751828 secs] [Times: user=0.08 sys=0.00, real=0.08 secs] 
2017-11-10T19:36:40.967+0500: 444.426: [Full GC (Allocation Failure) 2017-11-10T19:36:40.967+0500: 444.426: [Tenured: 349567K->349567K(349568K), 0.0758653 secs] 506815K->506797K(506816K), [Metaspace: 12958K->12958K(1060864K)], 0.0759606 secs] [Times: user=0.08 sys=0.00, real=0.08 secs] 
2017-11-10T19:36:41.044+0500: 444.503: [Full GC (Allocation Failure) 2017-11-10T19:36:41.044+0500: 444.503: [Tenured: 349567K->349567K(349568K), 0.0748450 secs] 506815K->506796K(506816K), [Metaspace: 12958K->12958K(1060864K)], 0.0749232 secs] [Times: user=0.08 sys=0.00, real=0.08 secs] 
2017-11-10T19:36:41.119+0500: 444.578: [Full GC (Allocation Failure) 2017-11-10T19:36:41.119+0500: 444.578: [Tenured: 349567K->349567K(349568K), 0.0745966 secs] 506815K->506797K(506816K), [Metaspace: 12958K->12958K(1060864K)], 0.0746934 secs] [Times: user=0.08 sys=0.00, real=0.08 secs] 
2017-11-10T19:36:41.194+0500: 444.653: [Full GC (Allocation Failure) 2017-11-10T19:36:41.194+0500: 444.653: [Tenured: 349567K->349567K(349568K), 0.0741928 secs] 506815K->506797K(506816K), [Metaspace: 12958K->12958K(1060864K)], 0.0742960 secs] [Times: user=0.08 sys=0.00, real=0.08 secs] 
2017-11-10T19:36:41.269+0500: 444.728: [Full GC (Allocation Failure) 2017-11-10T19:36:41.269+0500: 444.728: [Tenured: 349567K->349567K(349568K), 0.0750107 secs] 506815K->506797K(506816K), [Metaspace: 12958K->12958K(1060864K)], 0.0750958 secs] [Times: user=0.06 sys=0.00, real=0.08 secs] 
2017-11-10T19:36:41.345+0500: 444.804: [Full GC (Allocation Failure) 2017-11-10T19:36:41.345+0500: 444.804: [Tenured: 349567K->349567K(349568K), 0.0746617 secs] 506815K->506796K(506816K), [Metaspace: 12958K->12958K(1060864K)], 0.0747325 secs] [Times: user=0.08 sys=0.00, real=0.07 secs] 
2017-11-10T19:36:41.420+0500: 444.879: [Full GC (Allocation Failure) 2017-11-10T19:36:41.420+0500: 444.879: [Tenured: 349567K->349567K(349568K), 0.0772523 secs] 506815K->506797K(506816K), [Metaspace: 12958K->12958K(1060864K)], 0.0773354 secs] [Times: user=0.08 sys=0.00, real=0.08 secs] 
2017-11-10T19:36:41.498+0500: 444.957: [Full GC (Allocation Failure) 2017-11-10T19:36:41.498+0500: 444.957: [Tenured: 349567K->349567K(349568K), 0.0817041 secs] 506815K->506797K(506816K), [Metaspace: 12958K->12958K(1060864K)], 0.0817989 secs] [Times: user=0.08 sys=0.00, real=0.08 secs] 
2017-11-10T19:36:41.581+0500: 445.040: [Full GC (Allocation Failure) 2017-11-10T19:36:41.581+0500: 445.040: [Tenured: 349567K->349567K(349568K), 0.0799710 secs] 506815K->506797K(506816K), [Metaspace: 12958K->12958K(1060864K)], 0.0800932 secs] [Times: user=0.08 sys=0.00, real=0.08 secs] 
2017-11-10T19:36:41.662+0500: 445.121: [Full GC (Allocation Failure) 2017-11-10T19:36:41.662+0500: 445.121: [Tenured: 349567K->349567K(349568K), 0.0787199 secs] 506815K->506796K(506816K), [Metaspace: 12958K->12958K(1060864K)], 0.0788353 secs] [Times: user=0.08 sys=0.00, real=0.08 secs] 
2017-11-10T19:36:41.741+0500: 445.200: [Full GC (Allocation Failure) 2017-11-10T19:36:41.741+0500: 445.200: [Tenured: 349567K->349567K(349568K), 0.0751168 secs] 506815K->506797K(506816K), [Metaspace: 12958K->12958K(1060864K)], 0.0752229 secs] [Times: user=0.08 sys=0.00, real=0.08 secs] 
2017-11-10T19:36:41.817+0500: 445.276: [Full GC (Allocation Failure) 2017-11-10T19:36:41.817+0500: 445.276: [Tenured: 349567K->349567K(349568K), 0.0749560 secs] 506815K->506797K(506816K), [Metaspace: 12958K->12958K(1060864K)], 0.0750249 secs] [Times: user=0.06 sys=0.00, real=0.08 secs] 
2017-11-10T19:36:41.892+0500: 445.351: [Full GC (Allocation Failure) 2017-11-10T19:36:41.892+0500: 445.351: [Tenured: 349567K->349567K(349568K), 0.0741967 secs] 506815K->506797K(506816K), [Metaspace: 12958K->12958K(1060864K)], 0.0742833 secs] [Times: user=0.08 sys=0.00, real=0.08 secs] 
2017-11-10T19:36:41.967+0500: 445.426: [Full GC (Allocation Failure) 2017-11-10T19:36:41.967+0500: 445.426: [Tenured: 349567K->349567K(349568K), 0.0749203 secs] 506815K->506796K(506816K), [Metaspace: 12958K->12958K(1060864K)], 0.0750088 secs] [Times: user=0.08 sys=0.00, real=0.08 secs] 
2017-11-10T19:36:42.043+0500: 445.502: [Full GC (Allocation Failure) 2017-11-10T19:36:42.043+0500: 445.502: [Tenured: 349567K->349567K(349568K), 0.0753393 secs] 506815K->506797K(506816K), [Metaspace: 12958K->12958K(1060864K)], 0.0754224 secs] [Times: user=0.08 sys=0.00, real=0.08 secs] 
2017-11-10T19:36:42.119+0500: 445.578: [Full GC (Allocation Failure) 2017-11-10T19:36:42.119+0500: 445.578: [Tenured: 349567K->349567K(349568K), 0.0752977 secs] 506815K->506797K(506816K), [Metaspace: 12958K->12958K(1060864K)], 0.0753823 secs] [Times: user=0.08 sys=0.00, real=0.08 secs] 
2017-11-10T19:36:42.194+0500: 445.653: [Full GC (Allocation Failure) 2017-11-10T19:36:42.194+0500: 445.653: [Tenured: 349567K->349567K(349568K), 0.0769878 secs] 506815K->506797K(506816K), [Metaspace: 12958K->12958K(1060864K)], 0.0771369 secs] [Times: user=0.08 sys=0.00, real=0.08 secs] 
2017-11-10T19:36:42.272+0500: 445.731: [Full GC (Allocation Failure) 2017-11-10T19:36:42.272+0500: 445.731: [Tenured: 349567K->349567K(349568K), 0.0775329 secs] 506815K->506796K(506816K), [Metaspace: 12958K->12958K(1060864K)], 0.0776160 secs] [Times: user=0.08 sys=0.00, real=0.08 secs] 
2017-11-10T19:36:42.350+0500: 445.809: [Full GC (Allocation Failure) 2017-11-10T19:36:42.350+0500: 445.809: [Tenured: 349567K->349567K(349568K), 0.0777025 secs] 506815K->506797K(506816K), [Metaspace: 12958K->12958K(1060864K)], 0.0777754 secs] [Times: user=0.06 sys=0.00, real=0.08 secs] 
2017-11-10T19:36:42.428+0500: 445.888: [Full GC (Allocation Failure) 2017-11-10T19:36:42.428+0500: 445.888: [Tenured: 349567K->349567K(349568K), 0.0799597 secs] 506815K->506797K(506816K), [Metaspace: 12958K->12958K(1060864K)], 0.0800345 secs] [Times: user=0.08 sys=0.00, real=0.08 secs] 
2017-11-10T19:36:42.509+0500: 445.968: [Full GC (Allocation Failure) 2017-11-10T19:36:42.509+0500: 445.968: [Tenured: 349567K->349567K(349568K), 0.0781191 secs] 506815K->506797K(506816K), [Metaspace: 12958K->12958K(1060864K)], 0.0781978 secs] [Times: user=0.08 sys=0.00, real=0.08 secs] 
2017-11-10T19:36:42.588+0500: 446.047: [Full GC (Allocation Failure) 2017-11-10T19:36:42.588+0500: 446.047: [Tenured: 349567K->349567K(349568K), 0.0769140 secs] 506815K->506796K(506816K), [Metaspace: 12958K->12958K(1060864K)], 0.0770039 secs] [Times: user=0.08 sys=0.00, real=0.08 secs] 
2017-11-10T19:36:42.666+0500: 446.125: [Full GC (Allocation Failure) 2017-11-10T19:36:42.666+0500: 446.125: [Tenured: 349567K->349567K(349568K), 0.0769184 secs] 506815K->506797K(506816K), [Metaspace: 12958K->12958K(1060864K)], 0.0770073 secs] [Times: user=0.08 sys=0.00, real=0.08 secs] 
2017-11-10T19:36:42.743+0500: 446.202: [Full GC (Allocation Failure) 2017-11-10T19:36:42.743+0500: 446.202: [Tenured: 349567K->349567K(349568K), 0.0751422 secs] 506815K->506797K(506816K), [Metaspace: 12958K->12958K(1060864K)], 0.0752444 secs] [Times: user=0.08 sys=0.00, real=0.08 secs] 
2017-11-10T19:36:42.819+0500: 446.278: [Full GC (Allocation Failure) 2017-11-10T19:36:42.819+0500: 446.278: [Tenured: 349567K->349567K(349568K), 0.0767678 secs] 506815K->506797K(506816K), [Metaspace: 12958K->12958K(1060864K)], 0.0768455 secs] [Times: user=0.08 sys=0.00, real=0.08 secs] 
2017-11-10T19:36:42.896+0500: 446.355: [Full GC (Allocation Failure) 2017-11-10T19:36:42.896+0500: 446.355: [Tenured: 349567K->349567K(349568K), 0.0754512 secs] 506815K->506796K(506816K), [Metaspace: 12958K->12958K(1060864K)], 0.0755245 secs] [Times: user=0.08 sys=0.00, real=0.08 secs] 
2017-11-10T19:36:42.972+0500: 446.431: [Full GC (Allocation Failure) 2017-11-10T19:36:42.972+0500: 446.431: [Tenured: 349567K->349567K(349568K), 0.0762144 secs] 506815K->506797K(506816K), [Metaspace: 12958K->12958K(1060864K)], 0.0763190 secs] [Times: user=0.06 sys=0.00, real=0.08 secs] 
2017-11-10T19:36:43.049+0500: 446.508: [Full GC (Allocation Failure) 2017-11-10T19:36:43.049+0500: 446.508: [Tenured: 349567K->349567K(349568K), 0.0770797 secs] 506815K->506797K(506816K), [Metaspace: 12958K->12958K(1060864K)], 0.0771501 secs] [Times: user=0.06 sys=0.00, real=0.08 secs] 
2017-11-10T19:36:43.127+0500: 446.586: [Full GC (Allocation Failure) 2017-11-10T19:36:43.127+0500: 446.586: [Tenured: 349567K->349567K(349568K), 0.0740823 secs] 506815K->506797K(506816K), [Metaspace: 12958K->12958K(1060864K)], 0.0741547 secs] [Times: user=0.08 sys=0.00, real=0.07 secs] 
2017-11-10T19:36:43.202+0500: 446.661: [Full GC (Allocation Failure) 2017-11-10T19:36:43.202+0500: 446.661: [Tenured: 349567K->349567K(349568K), 0.0758609 secs] 506815K->506796K(506816K), [Metaspace: 12958K->12958K(1060864K)], 0.0759738 secs] [Times: user=0.06 sys=0.00, real=0.08 secs] 
2017-11-10T19:36:43.278+0500: 446.737: [Full GC (Allocation Failure) 2017-11-10T19:36:43.278+0500: 446.737: [Tenured: 349567K->349567K(349568K), 0.0748601 secs] 506815K->506797K(506816K), [Metaspace: 12958K->12958K(1060864K)], 0.0749393 secs] [Times: user=0.08 sys=0.00, real=0.07 secs] 
2017-11-10T19:36:43.354+0500: 446.813: [Full GC (Allocation Failure) 2017-11-10T19:36:43.354+0500: 446.813: [Tenured: 349567K->349567K(349568K), 0.0748386 secs] 506815K->506797K(506816K), [Metaspace: 12958K->12958K(1060864K)], 0.0749188 secs] [Times: user=0.08 sys=0.00, real=0.07 secs] 
2017-11-10T19:36:43.429+0500: 446.888: [Full GC (Allocation Failure) 2017-11-10T19:36:43.429+0500: 446.889: [Tenured: 349567K->349567K(349568K), 0.0779040 secs] 506815K->506797K(506816K), [Metaspace: 12958K->12958K(1060864K)], 0.0780071 secs] [Times: user=0.05 sys=0.00, real=0.08 secs] 
2017-11-10T19:36:43.508+0500: 446.967: [Full GC (Allocation Failure) 2017-11-10T19:36:43.508+0500: 446.967: [Tenured: 349567K->349567K(349568K), 0.0744749 secs] 506815K->506796K(506816K), [Metaspace: 12958K->12958K(1060864K)], 0.0745487 secs] [Times: user=0.08 sys=0.00, real=0.07 secs] 
2017-11-10T19:36:43.583+0500: 447.042: [Full GC (Allocation Failure) 2017-11-10T19:36:43.583+0500: 447.042: [Tenured: 349567K->349567K(349568K), 0.0761753 secs] 506815K->506797K(506816K), [Metaspace: 12958K->12958K(1060864K)], 0.0762452 secs] [Times: user=0.08 sys=0.00, real=0.08 secs] 
2017-11-10T19:36:43.660+0500: 447.119: [Full GC (Allocation Failure) 2017-11-10T19:36:43.660+0500: 447.119: [Tenured: 349567K->349567K(349568K), 0.0763229 secs] 506815K->506797K(506816K), [Metaspace: 12958K->12958K(1060864K)], 0.0764016 secs] [Times: user=0.06 sys=0.00, real=0.08 secs] 
2017-11-10T19:36:43.736+0500: 447.196: [Full GC (Allocation Failure) 2017-11-10T19:36:43.737+0500: 447.196: [Tenured: 349567K->349567K(349568K), 0.0755255 secs] 506815K->506797K(506816K), [Metaspace: 12958K->12958K(1060864K)], 0.0756023 secs] [Times: user=0.06 sys=0.02, real=0.08 secs] 
2017-11-10T19:36:43.813+0500: 447.272: [Full GC (Allocation Failure) 2017-11-10T19:36:43.813+0500: 447.272: [Tenured: 349567K->349567K(349568K), 0.0810500 secs] 506815K->506796K(506816K), [Metaspace: 12958K->12958K(1060864K)], 0.0811233 secs] [Times: user=0.09 sys=0.00, real=0.08 secs] 
2017-11-10T19:36:43.894+0500: 447.353: [Full GC (Allocation Failure) 2017-11-10T19:36:43.894+0500: 447.353: [Tenured: 349567K->349567K(349568K), 0.0811952 secs] 506815K->506797K(506816K), [Metaspace: 12958K->12958K(1060864K)], 0.0812714 secs] [Times: user=0.08 sys=0.00, real=0.08 secs] 
2017-11-10T19:36:43.976+0500: 447.435: [Full GC (Allocation Failure) 2017-11-10T19:36:43.976+0500: 447.435: [Tenured: 349567K->349567K(349568K), 0.0750552 secs] 506815K->506797K(506816K), [Metaspace: 12958K->12958K(1060864K)], 0.0751359 secs] [Times: user=0.08 sys=0.00, real=0.08 secs] 
2017-11-10T19:36:44.052+0500: 447.511: [Full GC (Allocation Failure) 2017-11-10T19:36:44.052+0500: 447.511: [Tenured: 349567K->349567K(349568K), 0.0761821 secs] 506815K->506797K(506816K), [Metaspace: 12958K->12958K(1060864K)], 0.0762564 secs] [Times: user=0.08 sys=0.00, real=0.08 secs] 
2017-11-10T19:36:44.128+0500: 447.588: [Full GC (Allocation Failure) 2017-11-10T19:36:44.128+0500: 447.588: [Tenured: 349567K->349567K(349568K), 0.0741244 secs] 506815K->506796K(506816K), [Metaspace: 12958K->12958K(1060864K)], 0.0742173 secs] [Times: user=0.06 sys=0.00, real=0.08 secs] 
2017-11-10T19:36:44.204+0500: 447.662: [Full GC (Allocation Failure) 2017-11-10T19:36:44.204+0500: 447.662: [Tenured: 349567K->349567K(349568K), 0.0754546 secs] 506815K->506797K(506816K), [Metaspace: 12958K->12958K(1060864K)], 0.0755314 secs] [Times: user=0.08 sys=0.00, real=0.08 secs] 
2017-11-10T19:36:44.280+0500: 447.739: [Full GC (Allocation Failure) 2017-11-10T19:36:44.280+0500: 447.739: [Tenured: 349567K->349567K(349568K), 0.0755661 secs] 506815K->506797K(506816K), [Metaspace: 12958K->12958K(1060864K)], 0.0756688 secs] [Times: user=0.08 sys=0.00, real=0.08 secs] 
2017-11-10T19:36:44.356+0500: 447.815: [Full GC (Allocation Failure) 2017-11-10T19:36:44.356+0500: 447.815: [Tenured: 349567K->349567K(349568K), 0.0745238 secs] 506815K->506797K(506816K), [Metaspace: 12958K->12958K(1060864K)], 0.0745937 secs] [Times: user=0.08 sys=0.00, real=0.07 secs] 
2017-11-10T19:36:44.431+0500: 447.890: [Full GC (Allocation Failure) 2017-11-10T19:36:44.431+0500: 447.890: [Tenured: 349567K->349567K(349568K), 0.0777940 secs] 506815K->506796K(506816K), [Metaspace: 12958K->12958K(1060864K)], 0.0778663 secs] [Times: user=0.08 sys=0.00, real=0.08 secs] 
2017-11-10T19:36:44.509+0500: 447.968: [Full GC (Allocation Failure) 2017-11-10T19:36:44.509+0500: 447.968: [Tenured: 349567K->349567K(349568K), 0.0775847 secs] 506815K->506797K(506816K), [Metaspace: 12958K->12958K(1060864K)], 0.0776893 secs] [Times: user=0.08 sys=0.00, real=0.08 secs] 
2017-11-10T19:36:44.588+0500: 448.047: [Full GC (Allocation Failure) 2017-11-10T19:36:44.588+0500: 448.047: [Tenured: 349567K->349567K(349568K), 0.0768167 secs] 506815K->506797K(506816K), [Metaspace: 12958K->12958K(1060864K)], 0.0769335 secs] [Times: user=0.08 sys=0.00, real=0.08 secs] 
2017-11-10T19:36:44.665+0500: 448.124: [Full GC (Allocation Failure) 2017-11-10T19:36:44.665+0500: 448.124: [Tenured: 349567K->349567K(349568K), 0.0812514 secs] 506815K->506797K(506816K), [Metaspace: 12958K->12958K(1060864K)], 0.0813526 secs] [Times: user=0.06 sys=0.00, real=0.08 secs] 
2017-11-10T19:36:44.747+0500: 448.206: [Full GC (Allocation Failure) 2017-11-10T19:36:44.747+0500: 448.206: [Tenured: 349567K->349567K(349568K), 0.0794782 secs] 506815K->506796K(506816K), [Metaspace: 12958K->12958K(1060864K)], 0.0795833 secs] [Times: user=0.08 sys=0.00, real=0.08 secs] 
2017-11-10T19:36:44.827+0500: 448.286: [Full GC (Allocation Failure) 2017-11-10T19:36:44.827+0500: 448.286: [Tenured: 349567K->349567K(349568K), 0.0785258 secs] 506815K->506797K(506816K), [Metaspace: 12958K->12958K(1060864K)], 0.0786065 secs] [Times: user=0.08 sys=0.00, real=0.08 secs] 
2017-11-10T19:36:44.907+0500: 448.366: [Full GC (Allocation Failure) 2017-11-10T19:36:44.907+0500: 448.366: [Tenured: 349567K->349567K(349568K), 0.0771799 secs] 506815K->506797K(506816K), [Metaspace: 12958K->12958K(1060864K)], 0.0772723 secs] [Times: user=0.08 sys=0.00, real=0.08 secs] 
2017-11-10T19:36:44.986+0500: 448.445: [Full GC (Allocation Failure) 2017-11-10T19:36:44.986+0500: 448.445: [Tenured: 349567K->349567K(349568K), 0.0803538 secs] 506815K->506797K(506816K), [Metaspace: 12958K->12958K(1060864K)], 0.0804604 secs] [Times: user=0.09 sys=0.00, real=0.08 secs] 
2017-11-10T19:36:45.067+0500: 448.526: [Full GC (Allocation Failure) 2017-11-10T19:36:45.067+0500: 448.526: [Tenured: 349567K->349567K(349568K), 0.0781973 secs] 506815K->506796K(506816K), [Metaspace: 12958K->12958K(1060864K)], 0.0783005 secs] [Times: user=0.08 sys=0.00, real=0.08 secs] 
2017-11-10T19:36:45.146+0500: 448.605: [Full GC (Allocation Failure) 2017-11-10T19:36:45.146+0500: 448.605: [Tenured: 349567K->349567K(349568K), 0.0764867 secs] 506815K->506797K(506816K), [Metaspace: 12958K->12958K(1060864K)], 0.0765576 secs] [Times: user=0.08 sys=0.00, real=0.08 secs] 
2017-11-10T19:36:45.223+0500: 448.682: [Full GC (Allocation Failure) 2017-11-10T19:36:45.223+0500: 448.682: [Tenured: 349567K->349567K(349568K), 0.0790675 secs] 506815K->506797K(506816K), [Metaspace: 12958K->12958K(1060864K)], 0.0791399 secs] [Times: user=0.08 sys=0.00, real=0.08 secs] 
2017-11-10T19:36:45.303+0500: 448.762: [Full GC (Allocation Failure) 2017-11-10T19:36:45.303+0500: 448.762: [Tenured: 349567K->349567K(349568K), 0.0760511 secs] 506815K->506797K(506816K), [Metaspace: 12958K->12958K(1060864K)], 0.0761303 secs] [Times: user=0.08 sys=0.00, real=0.08 secs] 
2017-11-10T19:36:45.380+0500: 448.839: [Full GC (Allocation Failure) 2017-11-10T19:36:45.380+0500: 448.839: [Tenured: 349567K->349567K(349568K), 0.0764456 secs] 506815K->506796K(506816K), [Metaspace: 12958K->12958K(1060864K)], 0.0765277 secs] [Times: user=0.08 sys=0.00, real=0.08 secs] 
2017-11-10T19:36:45.457+0500: 448.916: [Full GC (Allocation Failure) 2017-11-10T19:36:45.457+0500: 448.916: [Tenured: 349567K->349567K(349568K), 0.0757069 secs] 506815K->506797K(506816K), [Metaspace: 12958K->12958K(1060864K)], 0.0757920 secs] [Times: user=0.06 sys=0.00, real=0.08 secs] 
2017-11-10T19:36:45.533+0500: 448.992: [Full GC (Allocation Failure) 2017-11-10T19:36:45.533+0500: 448.992: [Tenured: 349567K->349567K(349568K), 0.0840156 secs] 506815K->506797K(506816K), [Metaspace: 12958K->12958K(1060864K)], 0.0840987 secs] [Times: user=0.09 sys=0.00, real=0.08 secs] 
2017-11-10T19:36:45.618+0500: 449.077: [Full GC (Allocation Failure) 2017-11-10T19:36:45.618+0500: 449.077: [Tenured: 349567K->349567K(349568K), 0.0838401 secs] 506815K->506797K(506816K), [Metaspace: 12958K->12958K(1060864K)], 0.0839799 secs] [Times: user=0.08 sys=0.00, real=0.08 secs] 
2017-11-10T19:36:45.703+0500: 449.162: [Full GC (Allocation Failure) 2017-11-10T19:36:45.703+0500: 449.162: [Tenured: 349567K->349567K(349568K), 0.0863701 secs] 506815K->506796K(506816K), [Metaspace: 12958K->12958K(1060864K)], 0.0864864 secs] [Times: user=0.09 sys=0.00, real=0.09 secs] 
2017-11-10T19:36:45.790+0500: 449.250: [Full GC (Allocation Failure) 2017-11-10T19:36:45.791+0500: 449.250: [Tenured: 349567K->349567K(349568K), 0.0848609 secs] 506815K->506797K(506816K), [Metaspace: 12958K->12958K(1060864K)], 0.0849498 secs] [Times: user=0.08 sys=0.00, real=0.09 secs] 
2017-11-10T19:36:45.876+0500: 449.335: [Full GC (Allocation Failure) 2017-11-10T19:36:45.876+0500: 449.335: [Tenured: 349567K->349567K(349568K), 0.0847117 secs] 506815K->506797K(506816K), [Metaspace: 12958K->12958K(1060864K)], 0.0847831 secs] [Times: user=0.09 sys=0.00, real=0.09 secs] 
2017-11-10T19:36:45.961+0500: 449.420: [Full GC (Allocation Failure) 2017-11-10T19:36:45.961+0500: 449.420: [Tenured: 349567K->349567K(349568K), 0.0905823 secs] 506815K->506797K(506816K), [Metaspace: 12958K->12958K(1060864K)], 0.0907226 secs] [Times: user=0.09 sys=0.00, real=0.09 secs] 
2017-11-10T19:36:46.053+0500: 449.512: [Full GC (Allocation Failure) 2017-11-10T19:36:46.053+0500: 449.512: [Tenured: 349567K->349567K(349568K), 0.0930449 secs] 506815K->506796K(506816K), [Metaspace: 12958K->12958K(1060864K)], 0.0931480 secs] [Times: user=0.09 sys=0.00, real=0.09 secs] 
2017-11-10T19:36:46.147+0500: 449.606: [Full GC (Allocation Failure) 2017-11-10T19:36:46.147+0500: 449.606: [Tenured: 349567K->349567K(349568K), 0.0878328 secs] 506815K->506797K(506816K), [Metaspace: 12958K->12958K(1060864K)], 0.0879311 secs] [Times: user=0.06 sys=0.00, real=0.09 secs] 
2017-11-10T19:36:46.235+0500: 449.695: [Full GC (Allocation Failure) 2017-11-10T19:36:46.236+0500: 449.695: [Tenured: 349567K->349567K(349568K), 0.0911753 secs] 506815K->506797K(506816K), [Metaspace: 12958K->12958K(1060864K)], 0.0912868 secs] [Times: user=0.09 sys=0.00, real=0.09 secs] 
2017-11-10T19:36:46.327+0500: 449.786: [Full GC (Allocation Failure) 2017-11-10T19:36:46.327+0500: 449.786: [Tenured: 349567K->349567K(349568K), 0.0866287 secs] 506815K->506797K(506816K), [Metaspace: 12958K->12958K(1060864K)], 0.0867177 secs] [Times: user=0.09 sys=0.00, real=0.09 secs] 
2017-11-10T19:36:46.415+0500: 449.874: [Full GC (Allocation Failure) 2017-11-10T19:36:46.415+0500: 449.874: [Tenured: 349567K->349567K(349568K), 0.0858357 secs] 506815K->506796K(506816K), [Metaspace: 12958K->12958K(1060864K)], 0.0859183 secs] [Times: user=0.08 sys=0.00, real=0.09 secs] 
2017-11-10T19:36:46.501+0500: 449.960: [Full GC (Allocation Failure) 2017-11-10T19:36:46.501+0500: 449.960: [Tenured: 349567K->349567K(349568K), 0.0920221 secs] 506815K->506797K(506816K), [Metaspace: 12958K->12958K(1060864K)], 0.0921052 secs] [Times: user=0.09 sys=0.00, real=0.09 secs] 
2017-11-10T19:36:46.594+0500: 450.053: [Full GC (Allocation Failure) 2017-11-10T19:36:46.594+0500: 450.053: [Tenured: 349567K->349567K(349568K), 0.0922123 secs] 506815K->506797K(506816K), [Metaspace: 12958K->12958K(1060864K)], 0.0923135 secs] [Times: user=0.08 sys=0.00, real=0.09 secs] 
2017-11-10T19:36:46.687+0500: 450.146: [Full GC (Allocation Failure) 2017-11-10T19:36:46.687+0500: 450.146: [Tenured: 349567K->349567K(349568K), 0.0917087 secs] 506815K->506797K(506816K), [Metaspace: 12958K->12958K(1060864K)], 0.0917962 secs] [Times: user=0.09 sys=0.00, real=0.09 secs] 
2017-11-10T19:36:46.779+0500: 450.239: [Full GC (Allocation Failure) 2017-11-10T19:36:46.779+0500: 450.239: [Tenured: 349567K->349567K(349568K), 0.0916075 secs] 506815K->506796K(506816K), [Metaspace: 12958K->12958K(1060864K)], 0.0919512 secs] [Times: user=0.09 sys=0.00, real=0.09 secs] 
2017-11-10T19:36:46.872+0500: 450.331: [Full GC (Allocation Failure) 2017-11-10T19:36:46.872+0500: 450.331: [Tenured: 349567K->349567K(349568K), 0.0908864 secs] 506815K->506797K(506816K), [Metaspace: 12958K->12958K(1060864K)], 0.0909954 secs] [Times: user=0.09 sys=0.00, real=0.09 secs] 
2017-11-10T19:36:46.964+0500: 450.423: [Full GC (Allocation Failure) 2017-11-10T19:36:46.964+0500: 450.424: [Tenured: 349567K->349567K(349568K), 0.0935782 secs] 506815K->506797K(506816K), [Metaspace: 12958K->12958K(1060864K)], 0.0937029 secs] [Times: user=0.09 sys=0.00, real=0.09 secs] 
2017-11-10T19:36:47.058+0500: 450.518: [Full GC (Allocation Failure) 2017-11-10T19:36:47.058+0500: 450.518: [Tenured: 349567K->349567K(349568K), 0.0895224 secs] 506815K->506797K(506816K), [Metaspace: 12958K->12958K(1060864K)], 0.0896613 secs] [Times: user=0.09 sys=0.00, real=0.09 secs] 
2017-11-10T19:36:47.152+0500: 450.611: [Full GC (Allocation Failure) 2017-11-10T19:36:47.152+0500: 450.611: [Tenured: 349567K->349567K(349568K), 0.0957010 secs] 506815K->506796K(506816K), [Metaspace: 12958K->12958K(1060864K)], 0.0958217 secs] [Times: user=0.09 sys=0.00, real=0.10 secs] 
2017-11-10T19:36:47.248+0500: 450.707: [Full GC (Allocation Failure) 2017-11-10T19:36:47.248+0500: 450.707: [Tenured: 349567K->349567K(349568K), 0.0933797 secs] 506815K->506797K(506816K), [Metaspace: 12958K->12958K(1060864K)], 0.0934985 secs] [Times: user=0.09 sys=0.00, real=0.09 secs] 
2017-11-10T19:36:47.342+0500: 450.801: [Full GC (Allocation Failure) 2017-11-10T19:36:47.342+0500: 450.801: [Tenured: 349567K->349567K(349568K), 0.0926053 secs] 506815K->506797K(506816K), [Metaspace: 12958K->12958K(1060864K)], 0.0927080 secs] [Times: user=0.09 sys=0.00, real=0.09 secs] 
2017-11-10T19:36:47.435+0500: 450.895: [Full GC (Allocation Failure) 2017-11-10T19:36:47.436+0500: 450.895: [Tenured: 349567K->349567K(349568K), 0.0866081 secs] 506815K->506797K(506816K), [Metaspace: 12958K->12958K(1060864K)], 0.0867299 secs] [Times: user=0.09 sys=0.00, real=0.09 secs] 
2017-11-10T19:36:47.523+0500: 450.982: [Full GC (Allocation Failure) 2017-11-10T19:36:47.524+0500: 450.982: [Tenured: 349567K->349567K(349568K), 0.0864092 secs] 506815K->506796K(506816K), [Metaspace: 12958K->12958K(1060864K)], 0.0865172 secs] [Times: user=0.08 sys=0.00, real=0.09 secs] 
2017-11-10T19:36:47.611+0500: 451.069: [Full GC (Allocation Failure) 2017-11-10T19:36:47.611+0500: 451.069: [Tenured: 349567K->349567K(349568K), 0.0868105 secs] 506815K->506797K(506816K), [Metaspace: 12958K->12958K(1060864K)], 0.0868907 secs] [Times: user=0.09 sys=0.00, real=0.09 secs] 
2017-11-10T19:36:47.699+0500: 451.157: [Full GC (Allocation Failure) 2017-11-10T19:36:47.699+0500: 451.157: [Tenured: 349567K->349567K(349568K), 0.0894256 secs] 506815K->506797K(506816K), [Metaspace: 12958K->12958K(1060864K)], 0.0895371 secs] [Times: user=0.09 sys=0.00, real=0.09 secs] 
2017-11-10T19:36:47.789+0500: 451.248: [Full GC (Allocation Failure) 2017-11-10T19:36:47.789+0500: 451.248: [Tenured: 349567K->349567K(349568K), 0.0834221 secs] 506815K->506797K(506816K), [Metaspace: 12958K->12958K(1060864K)], 0.0835218 secs] [Times: user=0.08 sys=0.00, real=0.08 secs] 
2017-11-10T19:36:47.873+0500: 451.332: [Full GC (Allocation Failure) 2017-11-10T19:36:47.873+0500: 451.332: [Tenured: 349567K->349567K(349568K), 0.0880313 secs] 506815K->506796K(506816K), [Metaspace: 12958K->12958K(1060864K)], 0.0881301 secs] [Times: user=0.09 sys=0.00, real=0.09 secs] 
2017-11-10T19:36:47.963+0500: 451.422: [Full GC (Allocation Failure) 2017-11-10T19:36:47.963+0500: 451.422: [Tenured: 349567K->349567K(349568K), 0.0906625 secs] 506815K->506797K(506816K), [Metaspace: 12958K->12958K(1060864K)], 0.0907774 secs] [Times: user=0.09 sys=0.00, real=0.09 secs] 
2017-11-10T19:36:48.055+0500: 451.514: [Full GC (Allocation Failure) 2017-11-10T19:36:48.055+0500: 451.514: [Tenured: 349567K->349567K(349568K), 0.0853522 secs] 506815K->506797K(506816K), [Metaspace: 12958K->12958K(1060864K)], 0.0854671 secs] [Times: user=0.08 sys=0.00, real=0.09 secs] 
2017-11-10T19:36:48.141+0500: 451.600: [Full GC (Allocation Failure) 2017-11-10T19:36:48.141+0500: 451.600: [Tenured: 349567K->349567K(349568K), 0.0885011 secs] 506815K->506797K(506816K), [Metaspace: 12958K->12958K(1060864K)], 0.0885911 secs] [Times: user=0.09 sys=0.00, real=0.09 secs] 
2017-11-10T19:36:48.230+0500: 451.689: [Full GC (Allocation Failure) 2017-11-10T19:36:48.230+0500: 451.689: [Tenured: 349567K->349567K(349568K), 0.0909998 secs] 506815K->506796K(506816K), [Metaspace: 12958K->12958K(1060864K)], 0.0910883 secs] [Times: user=0.09 sys=0.00, real=0.09 secs] 
2017-11-10T19:36:48.322+0500: 451.781: [Full GC (Allocation Failure) 2017-11-10T19:36:48.322+0500: 451.781: [Tenured: 349567K->349567K(349568K), 0.0890824 secs] 506815K->506797K(506816K), [Metaspace: 12958K->12958K(1060864K)], 0.0891777 secs] [Times: user=0.09 sys=0.00, real=0.09 secs] 
2017-11-10T19:36:48.412+0500: 451.871: [Full GC (Allocation Failure) 2017-11-10T19:36:48.412+0500: 451.871: [Tenured: 349567K->349567K(349568K), 0.0864229 secs] 506815K->506797K(506816K), [Metaspace: 12958K->12958K(1060864K)], 0.0865128 secs] [Times: user=0.08 sys=0.00, real=0.09 secs] 
2017-11-10T19:36:48.499+0500: 451.958: [Full GC (Allocation Failure) 2017-11-10T19:36:48.499+0500: 451.958: [Tenured: 349567K->349567K(349568K), 0.0904518 secs] 506815K->506797K(506816K), [Metaspace: 12958K->12958K(1060864K)], 0.0906024 secs] [Times: user=0.09 sys=0.00, real=0.09 secs] 
2017-11-10T19:36:48.590+0500: 452.049: [Full GC (Allocation Failure) 2017-11-10T19:36:48.590+0500: 452.049: [Tenured: 349567K->349567K(349568K), 0.0847186 secs] 506815K->506796K(506816K), [Metaspace: 12958K->12958K(1060864K)], 0.0848330 secs] [Times: user=0.09 sys=0.00, real=0.09 secs] 
2017-11-10T19:36:48.676+0500: 452.135: [Full GC (Allocation Failure) 2017-11-10T19:36:48.676+0500: 452.135: [Tenured: 349567K->349567K(349568K), 0.0891851 secs] 506815K->506797K(506816K), [Metaspace: 12958K->12958K(1060864K)], 0.0892990 secs] [Times: user=0.08 sys=0.00, real=0.09 secs] 
2017-11-10T19:36:48.765+0500: 452.224: [Full GC (Allocation Failure) 2017-11-10T19:36:48.765+0500: 452.224: [Tenured: 349567K->349567K(349568K), 0.0831908 secs] 506815K->506797K(506816K), [Metaspace: 12958K->12958K(1060864K)], 0.0832754 secs] [Times: user=0.09 sys=0.00, real=0.08 secs] 
2017-11-10T19:36:48.849+0500: 452.308: [Full GC (Allocation Failure) 2017-11-10T19:36:48.849+0500: 452.308: [Tenured: 349567K->349567K(349568K), 0.0852925 secs] 506815K->506797K(506816K), [Metaspace: 12958K->12958K(1060864K)], 0.0853967 secs] [Times: user=0.08 sys=0.00, real=0.09 secs] 
2017-11-10T19:36:48.935+0500: 452.394: [Full GC (Allocation Failure) 2017-11-10T19:36:48.935+0500: 452.394: [Tenured: 349567K->349567K(349568K), 0.0827537 secs] 506815K->506796K(506816K), [Metaspace: 12958K->12958K(1060864K)], 0.0828637 secs] [Times: user=0.09 sys=0.00, real=0.08 secs] 
2017-11-10T19:36:49.019+0500: 452.478: [Full GC (Allocation Failure) 2017-11-10T19:36:49.019+0500: 452.478: [Tenured: 349567K->349567K(349568K), 0.0839036 secs] 506815K->506797K(506816K), [Metaspace: 12958K->12958K(1060864K)], 0.0839936 secs] [Times: user=0.08 sys=0.00, real=0.08 secs] 
2017-11-10T19:36:49.103+0500: 452.562: [Full GC (Allocation Failure) 2017-11-10T19:36:49.103+0500: 452.562: [Tenured: 349567K->349567K(349568K), 0.0817070 secs] 506815K->506797K(506816K), [Metaspace: 12958K->12958K(1060864K)], 0.0817999 secs] [Times: user=0.08 sys=0.00, real=0.08 secs] 
2017-11-10T19:36:49.186+0500: 452.645: [Full GC (Allocation Failure) 2017-11-10T19:36:49.186+0500: 452.645: [Tenured: 349567K->349567K(349568K), 0.0845465 secs] 506815K->506797K(506816K), [Metaspace: 12958K->12958K(1060864K)], 0.0846580 secs] [Times: user=0.09 sys=0.00, real=0.08 secs] 
2017-11-10T19:36:49.271+0500: 452.730: [Full GC (Allocation Failure) 2017-11-10T19:36:49.271+0500: 452.730: [Tenured: 349567K->349567K(349568K), 0.0837310 secs] 506815K->506796K(506816K), [Metaspace: 12958K->12958K(1060864K)], 0.0838225 secs] [Times: user=0.08 sys=0.00, real=0.08 secs] 
2017-11-10T19:36:49.356+0500: 452.815: [Full GC (Allocation Failure) 2017-11-10T19:36:49.356+0500: 452.815: [Tenured: 349567K->349567K(349568K), 0.0833272 secs] 506815K->506797K(506816K), [Metaspace: 12958K->12958K(1060864K)], 0.0834240 secs] [Times: user=0.08 sys=0.00, real=0.08 secs] 
2017-11-10T19:36:49.440+0500: 452.899: [Full GC (Allocation Failure) 2017-11-10T19:36:49.440+0500: 452.899: [Tenured: 349567K->349567K(349568K), 0.0837046 secs] 506815K->506797K(506816K), [Metaspace: 12958K->12958K(1060864K)], 0.0837868 secs] [Times: user=0.08 sys=0.00, real=0.08 secs] 
2017-11-10T19:36:49.524+0500: 452.983: [Full GC (Allocation Failure) 2017-11-10T19:36:49.524+0500: 452.984: [Tenured: 349567K->349567K(349568K), 0.0790841 secs] 506815K->506797K(506816K), [Metaspace: 12958K->12958K(1060864K)], 0.0792015 secs] [Times: user=0.08 sys=0.00, real=0.08 secs] 
2017-11-10T19:36:49.605+0500: 453.064: [Full GC (Allocation Failure) 2017-11-10T19:36:49.605+0500: 453.064: [Tenured: 349567K->349567K(349568K), 0.0774341 secs] 506815K->506796K(506816K), [Metaspace: 12958K->12958K(1060864K)], 0.0775549 secs] [Times: user=0.08 sys=0.00, real=0.08 secs] 
2017-11-10T19:36:49.683+0500: 453.142: [Full GC (Allocation Failure) 2017-11-10T19:36:49.683+0500: 453.142: [Tenured: 349567K->349567K(349568K), 0.0804012 secs] 506815K->506797K(506816K), [Metaspace: 12958K->12958K(1060864K)], 0.0804785 secs] [Times: user=0.08 sys=0.00, real=0.08 secs] 
2017-11-10T19:36:49.764+0500: 453.223: [Full GC (Allocation Failure) 2017-11-10T19:36:49.764+0500: 453.223: [Tenured: 349567K->349567K(349568K), 0.0793384 secs] 506815K->506797K(506816K), [Metaspace: 12958K->12958K(1060864K)], 0.0794459 secs] [Times: user=0.08 sys=0.00, real=0.08 secs] 
2017-11-10T19:36:49.843+0500: 453.303: [Full GC (Allocation Failure) 2017-11-10T19:36:49.844+0500: 453.303: [Tenured: 349567K->349567K(349568K), 0.0824629 secs] 506815K->506797K(506816K), [Metaspace: 12958K->12958K(1060864K)], 0.0825504 secs] [Times: user=0.09 sys=0.00, real=0.08 secs] 
2017-11-10T19:36:49.927+0500: 453.386: [Full GC (Allocation Failure) 2017-11-10T19:36:49.927+0500: 453.386: [Tenured: 349567K->349567K(349568K), 0.0834597 secs] 506815K->506796K(506816K), [Metaspace: 12958K->12958K(1060864K)], 0.0835389 secs] [Times: user=0.08 sys=0.00, real=0.08 secs] 
2017-11-10T19:36:50.011+0500: 453.470: [Full GC (Allocation Failure) 2017-11-10T19:36:50.011+0500: 453.470: [Tenured: 349567K->349567K(349568K), 0.0888521 secs] 506815K->506797K(506816K), [Metaspace: 12958K->12958K(1060864K)], 0.0889700 secs] [Times: user=0.09 sys=0.00, real=0.09 secs] 
2017-11-10T19:36:50.101+0500: 453.560: [Full GC (Allocation Failure) 2017-11-10T19:36:50.101+0500: 453.560: [Tenured: 349567K->349567K(349568K), 0.0841314 secs] 506815K->506797K(506816K), [Metaspace: 12958K->12958K(1060864K)], 0.0842321 secs] [Times: user=0.08 sys=0.00, real=0.08 secs] 
2017-11-10T19:36:50.186+0500: 453.645: [Full GC (Allocation Failure) 2017-11-10T19:36:50.186+0500: 453.645: [Tenured: 349567K->349567K(349568K), 0.0857321 secs] 506815K->506797K(506816K), [Metaspace: 12958K->12958K(1060864K)], 0.0858328 secs] [Times: user=0.09 sys=0.00, real=0.09 secs] 
2017-11-10T19:36:50.273+0500: 453.732: [Full GC (Allocation Failure) 2017-11-10T19:36:50.273+0500: 453.732: [Tenured: 349567K->349567K(349568K), 0.0964025 secs] 506815K->506796K(506816K), [Metaspace: 12958K->12958K(1060864K)], 0.0965292 secs] [Times: user=0.09 sys=0.00, real=0.10 secs] 
2017-11-10T19:36:50.370+0500: 453.829: [Full GC (Allocation Failure) 2017-11-10T19:36:50.370+0500: 453.829: [Tenured: 349567K->349567K(349568K), 0.0897659 secs] 506815K->506797K(506816K), [Metaspace: 12958K->12958K(1060864K)], 0.0898905 secs] [Times: user=0.09 sys=0.00, real=0.09 secs] 
2017-11-10T19:36:50.460+0500: 453.920: [Full GC (Allocation Failure) 2017-11-10T19:36:50.461+0500: 453.920: [Tenured: 349567K->349567K(349568K), 0.0858484 secs] 506815K->506797K(506816K), [Metaspace: 12958K->12958K(1060864K)], 0.0859345 secs] [Times: user=0.08 sys=0.00, real=0.09 secs] 
2017-11-10T19:36:50.547+0500: 454.006: [Full GC (Allocation Failure) 2017-11-10T19:36:50.547+0500: 454.006: [Tenured: 349567K->349567K(349568K), 0.0868883 secs] 506815K->506797K(506816K), [Metaspace: 12958K->12958K(1060864K)], 0.0869768 secs] [Times: user=0.09 sys=0.00, real=0.09 secs] 
2017-11-10T19:36:50.635+0500: 454.094: [Full GC (Allocation Failure) 2017-11-10T19:36:50.635+0500: 454.094: [Tenured: 349567K->349567K(349568K), 0.0852847 secs] 506815K->506796K(506816K), [Metaspace: 12958K->12958K(1060864K)], 0.0853879 secs] [Times: user=0.08 sys=0.00, real=0.09 secs] 
2017-11-10T19:36:50.721+0500: 454.180: [Full GC (Allocation Failure) 2017-11-10T19:36:50.721+0500: 454.180: [Tenured: 349567K->349567K(349568K), 0.0836865 secs] 506815K->506797K(506816K), [Metaspace: 12958K->12958K(1060864K)], 0.0837863 secs] [Times: user=0.09 sys=0.00, real=0.08 secs] 
2017-11-10T19:36:50.806+0500: 454.265: [Full GC (Allocation Failure) 2017-11-10T19:36:50.806+0500: 454.265: [Tenured: 349567K->349567K(349568K), 0.0817471 secs] 506815K->506797K(506816K), [Metaspace: 12958K->12958K(1060864K)], 0.0818483 secs] [Times: user=0.08 sys=0.00, real=0.08 secs] 
2017-11-10T19:36:50.888+0500: 454.348: [Full GC (Allocation Failure) 2017-11-10T19:36:50.888+0500: 454.348: [Tenured: 349567K->349567K(349568K), 0.0849171 secs] 506815K->506797K(506816K), [Metaspace: 12958K->12958K(1060864K)], 0.0850471 secs] [Times: user=0.09 sys=0.00, real=0.09 secs] 
2017-11-10T19:36:50.974+0500: 454.433: [Full GC (Allocation Failure) 2017-11-10T19:36:50.974+0500: 454.433: [Tenured: 349567K->349567K(349568K), 0.0866624 secs] 506815K->506796K(506816K), [Metaspace: 12958K->12958K(1060864K)], 0.0867338 secs] [Times: user=0.08 sys=0.00, real=0.09 secs] 
2017-11-10T19:36:51.062+0500: 454.521: [Full GC (Allocation Failure) 2017-11-10T19:36:51.062+0500: 454.521: [Tenured: 349567K->349567K(349568K), 0.0844409 secs] 506815K->506797K(506816K), [Metaspace: 12958K->12958K(1060864K)], 0.0845411 secs] [Times: user=0.09 sys=0.00, real=0.08 secs] 
2017-11-10T19:36:51.147+0500: 454.606: [Full GC (Allocation Failure) 2017-11-10T19:36:51.147+0500: 454.606: [Tenured: 349567K->349567K(349568K), 0.0890624 secs] 506815K->506797K(506816K), [Metaspace: 12958K->12958K(1060864K)], 0.0891694 secs] [Times: user=0.06 sys=0.00, real=0.09 secs] 
2017-11-10T19:36:51.237+0500: 454.697: [Full GC (Allocation Failure) 2017-11-10T19:36:51.237+0500: 454.697: [Tenured: 349567K->349567K(349568K), 0.0907285 secs] 506815K->506797K(506816K), [Metaspace: 12958K->12958K(1060864K)], 0.0908331 secs] [Times: user=0.08 sys=0.00, real=0.09 secs] 
2017-11-10T19:36:51.329+0500: 454.788: [Full GC (Allocation Failure) 2017-11-10T19:36:51.329+0500: 454.788: [Tenured: 349567K->349567K(349568K), 0.0840361 secs] 506815K->506796K(506816K), [Metaspace: 12958K->12958K(1060864K)], 0.0841417 secs] [Times: user=0.09 sys=0.00, real=0.08 secs] 
2017-11-10T19:36:51.414+0500: 454.873: [Full GC (Allocation Failure) 2017-11-10T19:36:51.414+0500: 454.873: [Tenured: 349567K->349567K(349568K), 0.0876407 secs] 506815K->506797K(506816K), [Metaspace: 12958K->12958K(1060864K)], 0.0877512 secs] [Times: user=0.08 sys=0.00, real=0.09 secs] 
2017-11-10T19:36:51.503+0500: 454.962: [Full GC (Allocation Failure) 2017-11-10T19:36:51.503+0500: 454.962: [Tenured: 349567K->349567K(349568K), 0.0869733 secs] 506815K->506797K(506816K), [Metaspace: 12958K->12958K(1060864K)], 0.0870741 secs] [Times: user=0.08 sys=0.00, real=0.09 secs] 
2017-11-10T19:36:51.591+0500: 455.050: [Full GC (Allocation Failure) 2017-11-10T19:36:51.591+0500: 455.050: [Tenured: 349567K->349567K(349568K), 0.0818415 secs] 506815K->506797K(506816K), [Metaspace: 12958K->12958K(1060864K)], 0.0819329 secs] [Times: user=0.08 sys=0.00, real=0.08 secs] 
2017-11-10T19:36:51.673+0500: 455.132: [Full GC (Allocation Failure) 2017-11-10T19:36:51.673+0500: 455.132: [Tenured: 349567K->349567K(349568K), 0.0909676 secs] 506815K->506796K(506816K), [Metaspace: 12958K->12958K(1060864K)], 0.0911128 secs] [Times: user=0.09 sys=0.00, real=0.09 secs] 
2017-11-10T19:36:51.765+0500: 455.224: [Full GC (Allocation Failure) 2017-11-10T19:36:51.765+0500: 455.224: [Tenured: 349567K->349567K(349568K), 0.0829537 secs] 506815K->506797K(506816K), [Metaspace: 12958K->12958K(1060864K)], 0.0830388 secs] [Times: user=0.09 sys=0.00, real=0.08 secs] 
2017-11-10T19:36:51.849+0500: 455.307: [Full GC (Allocation Failure) 2017-11-10T19:36:51.849+0500: 455.308: [Tenured: 349567K->349567K(349568K), 0.0884082 secs] 506815K->506797K(506816K), [Metaspace: 12958K->12958K(1060864K)], 0.0885143 secs] [Times: user=0.08 sys=0.00, real=0.09 secs] 
2017-11-10T19:36:51.938+0500: 455.397: [Full GC (Allocation Failure) 2017-11-10T19:36:51.938+0500: 455.397: [Tenured: 349567K->349567K(349568K), 0.0847900 secs] 506815K->506797K(506816K), [Metaspace: 12958K->12958K(1060864K)], 0.0848814 secs] [Times: user=0.09 sys=0.00, real=0.09 secs] 
2017-11-10T19:36:52.023+0500: 455.482: [Full GC (Allocation Failure) 2017-11-10T19:36:52.023+0500: 455.482: [Tenured: 349567K->349567K(349568K), 0.0828217 secs] 506815K->506796K(506816K), [Metaspace: 12958K->12958K(1060864K)], 0.0829019 secs] [Times: user=0.08 sys=0.00, real=0.08 secs] 
2017-11-10T19:36:52.107+0500: 455.566: [Full GC (Allocation Failure) 2017-11-10T19:36:52.107+0500: 455.566: [Tenured: 349567K->349567K(349568K), 0.0880181 secs] 506815K->506797K(506816K), [Metaspace: 12958K->12958K(1060864K)], 0.0881369 secs] [Times: user=0.09 sys=0.00, real=0.09 secs] 
2017-11-10T19:36:52.196+0500: 455.655: [Full GC (Allocation Failure) 2017-11-10T19:36:52.196+0500: 455.655: [Tenured: 349567K->349567K(349568K), 0.0805303 secs] 506815K->506797K(506816K), [Metaspace: 12958K->12958K(1060864K)], 0.0806114 secs] [Times: user=0.08 sys=0.00, real=0.08 secs] 
2017-11-10T19:36:52.277+0500: 455.736: [Full GC (Allocation Failure) 2017-11-10T19:36:52.277+0500: 455.736: [Tenured: 349567K->349567K(349568K), 0.0833135 secs] 506815K->506797K(506816K), [Metaspace: 12958K->12958K(1060864K)], 0.0833913 secs] [Times: user=0.08 sys=0.00, real=0.08 secs] 
2017-11-10T19:36:52.361+0500: 455.820: [Full GC (Allocation Failure) 2017-11-10T19:36:52.361+0500: 455.820: [Tenured: 349567K->349567K(349568K), 0.0829097 secs] 506815K->506796K(506816K), [Metaspace: 12958K->12958K(1060864K)], 0.0830241 secs] [Times: user=0.09 sys=0.00, real=0.08 secs] 
2017-11-10T19:36:52.445+0500: 455.904: [Full GC (Allocation Failure) 2017-11-10T19:36:52.445+0500: 455.904: [Tenured: 349567K->349567K(349568K), 0.0849889 secs] 506815K->506797K(506816K), [Metaspace: 12958K->12958K(1060864K)], 0.0850799 secs] [Times: user=0.08 sys=0.00, real=0.09 secs] 
2017-11-10T19:36:52.530+0500: 455.989: [Full GC (Allocation Failure) 2017-11-10T19:36:52.530+0500: 455.989: [Tenured: 349567K->349567K(349568K), 0.0812998 secs] 506815K->506797K(506816K), [Metaspace: 12958K->12958K(1060864K)], 0.0814298 secs] [Times: user=0.09 sys=0.00, real=0.08 secs] 
2017-11-10T19:36:52.613+0500: 456.072: [Full GC (Allocation Failure) 2017-11-10T19:36:52.613+0500: 456.072: [Tenured: 349567K->349567K(349568K), 0.0825880 secs] 506815K->506797K(506816K), [Metaspace: 12958K->12958K(1060864K)], 0.0827058 secs] [Times: user=0.08 sys=0.00, real=0.08 secs] 
2017-11-10T19:36:52.696+0500: 456.155: [Full GC (Allocation Failure) 2017-11-10T19:36:52.696+0500: 456.156: [Tenured: 349567K->349567K(349568K), 0.0810803 secs] 506815K->506796K(506816K), [Metaspace: 12958K->12958K(1060864K)], 0.0811932 secs] [Times: user=0.08 sys=0.00, real=0.08 secs] 
2017-11-10T19:36:52.778+0500: 456.237: [Full GC (Allocation Failure) 2017-11-10T19:36:52.778+0500: 456.237: [Tenured: 349567K->349567K(349568K), 0.0856265 secs] 506815K->506797K(506816K), [Metaspace: 12958K->12958K(1060864K)], 0.0857057 secs] [Times: user=0.08 sys=0.00, real=0.09 secs] 
2017-11-10T19:36:52.865+0500: 456.324: [Full GC (Allocation Failure) 2017-11-10T19:36:52.865+0500: 456.324: [Tenured: 349567K->349567K(349568K), 0.0837809 secs] 506815K->506797K(506816K), [Metaspace: 12958K->12958K(1060864K)], 0.0838611 secs] [Times: user=0.08 sys=0.00, real=0.08 secs] 
2017-11-10T19:36:52.949+0500: 456.408: [Full GC (Allocation Failure) 2017-11-10T19:36:52.949+0500: 456.408: [Tenured: 349567K->349567K(349568K), 0.0839285 secs] 506815K->506797K(506816K), [Metaspace: 12958K->12958K(1060864K)], 0.0840185 secs] [Times: user=0.08 sys=0.00, real=0.08 secs] 
2017-11-10T19:36:53.033+0500: 456.492: [Full GC (Allocation Failure) 2017-11-10T19:36:53.033+0500: 456.492: [Tenured: 349567K->349567K(349568K), 0.0828598 secs] 506815K->506796K(506816K), [Metaspace: 12958K->12958K(1060864K)], 0.0829429 secs] [Times: user=0.09 sys=0.00, real=0.08 secs] 
2017-11-10T19:36:53.117+0500: 456.576: [Full GC (Allocation Failure) 2017-11-10T19:36:53.117+0500: 456.576: [Tenured: 349567K->349567K(349568K), 0.0850315 secs] 506815K->506797K(506816K), [Metaspace: 12958K->12958K(1060864K)], 0.0851195 secs] [Times: user=0.08 sys=0.00, real=0.08 secs] 
2017-11-10T19:36:53.203+0500: 456.662: [Full GC (Allocation Failure) 2017-11-10T19:36:53.203+0500: 456.662: [Tenured: 349567K->349567K(349568K), 0.0829850 secs] 506815K->506797K(506816K), [Metaspace: 12958K->12958K(1060864K)], 0.0831033 secs] [Times: user=0.09 sys=0.00, real=0.08 secs] 
2017-11-10T19:36:53.286+0500: 456.746: [Full GC (Allocation Failure) 2017-11-10T19:36:53.287+0500: 456.746: [Tenured: 349567K->349567K(349568K), 0.0888067 secs] 506815K->506797K(506816K), [Metaspace: 12958K->12958K(1060864K)], 0.0889714 secs] [Times: user=0.08 sys=0.00, real=0.09 secs] 
2017-11-10T19:36:53.376+0500: 456.835: [Full GC (Allocation Failure) 2017-11-10T19:36:53.376+0500: 456.835: [Tenured: 349567K->349567K(349568K), 0.0825034 secs] 506815K->506796K(506816K), [Metaspace: 12958K->12958K(1060864K)], 0.0826169 secs] [Times: user=0.09 sys=0.00, real=0.08 secs] 
2017-11-10T19:36:53.459+0500: 456.918: [Full GC (Allocation Failure) 2017-11-10T19:36:53.459+0500: 456.918: [Tenured: 349567K->349567K(349568K), 0.0819911 secs] 506815K->506797K(506816K), [Metaspace: 12958K->12958K(1060864K)], 0.0820830 secs] [Times: user=0.08 sys=0.00, real=0.08 secs] 
2017-11-10T19:36:53.542+0500: 457.001: [Full GC (Allocation Failure) 2017-11-10T19:36:53.542+0500: 457.001: [Tenured: 349567K->349567K(349568K), 0.0843456 secs] 506815K->506797K(506816K), [Metaspace: 12958K->12958K(1060864K)], 0.0844331 secs] [Times: user=0.08 sys=0.00, real=0.08 secs] 
2017-11-10T19:36:53.627+0500: 457.086: [Full GC (Allocation Failure) 2017-11-10T19:36:53.627+0500: 457.086: [Tenured: 349567K->349567K(349568K), 0.0876744 secs] 506815K->506797K(506816K), [Metaspace: 12958K->12958K(1060864K)], 0.0877653 secs] [Times: user=0.09 sys=0.00, real=0.09 secs] 
2017-11-10T19:36:53.715+0500: 457.175: [Full GC (Allocation Failure) 2017-11-10T19:36:53.715+0500: 457.175: [Tenured: 349567K->349567K(349568K), 0.0882298 secs] 506815K->506796K(506816K), [Metaspace: 12958K->12958K(1060864K)], 0.0883300 secs] [Times: user=0.09 sys=0.00, real=0.09 secs] 
2017-11-10T19:36:53.805+0500: 457.264: [Full GC (Allocation Failure) 2017-11-10T19:36:53.805+0500: 457.264: [Tenured: 349567K->349567K(349568K), 0.0873004 secs] 506815K->506797K(506816K), [Metaspace: 12958K->12958K(1060864K)], 0.0874231 secs] [Times: user=0.08 sys=0.00, real=0.09 secs] 
2017-11-10T19:36:53.893+0500: 457.352: [Full GC (Allocation Failure) 2017-11-10T19:36:53.893+0500: 457.352: [Tenured: 349567K->349567K(349568K), 0.0933030 secs] 506815K->506797K(506816K), [Metaspace: 12958K->12958K(1060864K)], 0.0934022 secs] [Times: user=0.06 sys=0.00, real=0.09 secs] 
2017-11-10T19:36:53.987+0500: 457.446: [Full GC (Allocation Failure) 2017-11-10T19:36:53.987+0500: 457.446: [Tenured: 349567K->349567K(349568K), 0.0870159 secs] 506815K->506797K(506816K), [Metaspace: 12958K->12958K(1060864K)], 0.0871567 secs] [Times: user=0.08 sys=0.00, real=0.09 secs] 
2017-11-10T19:36:54.075+0500: 457.534: [Full GC (Allocation Failure) 2017-11-10T19:36:54.075+0500: 457.534: [Tenured: 349567K->349567K(349568K), 0.0959102 secs] 506815K->506796K(506816K), [Metaspace: 12958K->12958K(1060864K)], 0.0960017 secs] [Times: user=0.09 sys=0.00, real=0.10 secs] 
2017-11-10T19:36:54.172+0500: 457.632: [Full GC (Allocation Failure) 2017-11-10T19:36:54.172+0500: 457.632: [Tenured: 349567K->349567K(349568K), 0.0897776 secs] 506815K->506797K(506816K), [Metaspace: 12958K->12958K(1060864K)], 0.0899526 secs] [Times: user=0.09 sys=0.00, real=0.09 secs] 
2017-11-10T19:36:54.263+0500: 457.722: [Full GC (Allocation Failure) 2017-11-10T19:36:54.263+0500: 457.722: [Tenured: 349567K->349567K(349568K), 0.0823304 secs] 506815K->506797K(506816K), [Metaspace: 12958K->12958K(1060864K)], 0.0824101 secs] [Times: user=0.06 sys=0.00, real=0.08 secs] 
2017-11-10T19:36:54.346+0500: 457.805: [Full GC (Allocation Failure) 2017-11-10T19:36:54.346+0500: 457.805: [Tenured: 349567K->349567K(349568K), 0.0817026 secs] 506815K->506797K(506816K), [Metaspace: 12958K->12958K(1060864K)], 0.0817936 secs] [Times: user=0.09 sys=0.00, real=0.08 secs] 
2017-11-10T19:36:54.428+0500: 457.887: [Full GC (Allocation Failure) 2017-11-10T19:36:54.428+0500: 457.887: [Tenured: 349567K->349567K(349568K), 0.0836587 secs] 506815K->506796K(506816K), [Metaspace: 12958K->12958K(1060864K)], 0.0837765 secs] [Times: user=0.08 sys=0.00, real=0.08 secs] 
2017-11-10T19:36:54.513+0500: 457.972: [Full GC (Allocation Failure) 2017-11-10T19:36:54.513+0500: 457.972: [Tenured: 349567K->349567K(349568K), 0.0819955 secs] 506815K->506797K(506816K), [Metaspace: 12958K->12958K(1060864K)], 0.0820977 secs] [Times: user=0.08 sys=0.00, real=0.08 secs] 
2017-11-10T19:36:54.595+0500: 458.055: [Full GC (Allocation Failure) 2017-11-10T19:36:54.595+0500: 458.055: [Tenured: 349567K->349567K(349568K), 0.0821729 secs] 506815K->506797K(506816K), [Metaspace: 12958K->12958K(1060864K)], 0.0822551 secs] [Times: user=0.09 sys=0.00, real=0.08 secs] 
2017-11-10T19:36:54.678+0500: 458.137: [Full GC (Allocation Failure) 2017-11-10T19:36:54.678+0500: 458.137: [Tenured: 349567K->349567K(349568K), 0.0789419 secs] 506815K->506797K(506816K), [Metaspace: 12958K->12958K(1060864K)], 0.0790651 secs] [Times: user=0.08 sys=0.00, real=0.08 secs] 
2017-11-10T19:36:54.758+0500: 458.217: [Full GC (Allocation Failure) 2017-11-10T19:36:54.758+0500: 458.217: [Tenured: 349567K->349567K(349568K), 0.0771511 secs] 506815K->506796K(506816K), [Metaspace: 12958K->12958K(1060864K)], 0.0772572 secs] [Times: user=0.08 sys=0.00, real=0.08 secs] 
2017-11-10T19:36:54.835+0500: 458.295: [Full GC (Allocation Failure) 2017-11-10T19:36:54.836+0500: 458.295: [Tenured: 349567K->349567K(349568K), 0.0787013 secs] 506815K->506797K(506816K), [Metaspace: 12958K->12958K(1060864K)], 0.0787815 secs] [Times: user=0.08 sys=0.00, real=0.08 secs] 
2017-11-10T19:36:54.915+0500: 458.374: [Full GC (Allocation Failure) 2017-11-10T19:36:54.915+0500: 458.374: [Tenured: 349567K->349567K(349568K), 0.0889504 secs] 506815K->506797K(506816K), [Metaspace: 12958K->12958K(1060864K)], 0.0890325 secs] [Times: user=0.09 sys=0.00, real=0.09 secs] 
2017-11-10T19:36:55.005+0500: 458.464: [Full GC (Allocation Failure) 2017-11-10T19:36:55.005+0500: 458.464: [Tenured: 349567K->349567K(349568K), 0.0816171 secs] 506815K->506797K(506816K), [Metaspace: 12958K->12958K(1060864K)], 0.0817383 secs] [Times: user=0.08 sys=0.00, real=0.08 secs] 
2017-11-10T19:36:55.087+0500: 458.546: [Full GC (Allocation Failure) 2017-11-10T19:36:55.087+0500: 458.546: [Tenured: 349567K->349567K(349568K), 0.0794811 secs] 506815K->506796K(506816K), [Metaspace: 12958K->12958K(1060864K)], 0.0795882 secs] [Times: user=0.08 sys=0.00, real=0.08 secs] 
2017-11-10T19:36:55.167+0500: 458.626: [Full GC (Allocation Failure) 2017-11-10T19:36:55.167+0500: 458.626: [Tenured: 349567K->349567K(349568K), 0.0809233 secs] 506815K->506797K(506816K), [Metaspace: 12958K->12958K(1060864K)], 0.0810641 secs] [Times: user=0.08 sys=0.00, real=0.08 secs] 
2017-11-10T19:36:55.249+0500: 458.708: [Full GC (Allocation Failure) 2017-11-10T19:36:55.249+0500: 458.708: [Tenured: 349567K->349567K(349568K), 0.0836225 secs] 506815K->506797K(506816K), [Metaspace: 12958K->12958K(1060864K)], 0.0837232 secs] [Times: user=0.09 sys=0.00, real=0.08 secs] 
2017-11-10T19:36:55.333+0500: 458.793: [Full GC (Allocation Failure) 2017-11-10T19:36:55.333+0500: 458.793: [Tenured: 349567K->349567K(349568K), 0.0801812 secs] 506815K->506797K(506816K), [Metaspace: 12958K->12958K(1060864K)], 0.0802922 secs] [Times: user=0.08 sys=0.00, real=0.08 secs] 
2017-11-10T19:36:55.414+0500: 458.873: [Full GC (Allocation Failure) 2017-11-10T19:36:55.415+0500: 458.873: [Tenured: 349567K->349567K(349568K), 0.0796214 secs] 506815K->506796K(506816K), [Metaspace: 12958K->12958K(1060864K)], 0.0797285 secs] [Times: user=0.08 sys=0.00, real=0.08 secs] 
2017-11-10T19:36:55.495+0500: 458.954: [Full GC (Allocation Failure) 2017-11-10T19:36:55.495+0500: 458.954: [Tenured: 349567K->349567K(349568K), 0.0806765 secs] 506815K->506797K(506816K), [Metaspace: 12958K->12958K(1060864K)], 0.0807537 secs] [Times: user=0.08 sys=0.00, real=0.08 secs] 
2017-11-10T19:36:55.576+0500: 459.035: [Full GC (Allocation Failure) 2017-11-10T19:36:55.576+0500: 459.035: [Tenured: 349567K->349567K(349568K), 0.0789732 secs] 506815K->506797K(506816K), [Metaspace: 12958K->12958K(1060864K)], 0.0790450 secs] [Times: user=0.08 sys=0.00, real=0.08 secs] 
2017-11-10T19:36:55.655+0500: 459.114: [Full GC (Allocation Failure) 2017-11-10T19:36:55.655+0500: 459.114: [Tenured: 349567K->349567K(349568K), 0.0769638 secs] 506815K->506797K(506816K), [Metaspace: 12958K->12958K(1060864K)], 0.0770401 secs] [Times: user=0.08 sys=0.00, real=0.08 secs] 
2017-11-10T19:36:55.733+0500: 459.192: [Full GC (Allocation Failure) 2017-11-10T19:36:55.733+0500: 459.192: [Tenured: 349567K->349567K(349568K), 0.0747912 secs] 506815K->506796K(506816K), [Metaspace: 12958K->12958K(1060864K)], 0.0748641 secs] [Times: user=0.08 sys=0.00, real=0.08 secs] 
2017-11-10T19:36:55.808+0500: 459.267: [Full GC (Allocation Failure) 2017-11-10T19:36:55.808+0500: 459.267: [Tenured: 349567K->349567K(349568K), 0.0764041 secs] 506815K->506797K(506816K), [Metaspace: 12958K->12958K(1060864K)], 0.0764906 secs] [Times: user=0.08 sys=0.00, real=0.08 secs] 
2017-11-10T19:36:55.885+0500: 459.344: [Full GC (Allocation Failure) 2017-11-10T19:36:55.885+0500: 459.344: [Tenured: 349567K->349567K(349568K), 0.0764808 secs] 506815K->506797K(506816K), [Metaspace: 12958K->12958K(1060864K)], 0.0766157 secs] [Times: user=0.08 sys=0.00, real=0.08 secs] 
2017-11-10T19:36:55.962+0500: 459.421: [Full GC (Allocation Failure) 2017-11-10T19:36:55.963+0500: 459.421: [Tenured: 349567K->349567K(349568K), 0.0772195 secs] 506815K->506797K(506816K), [Metaspace: 12958K->12958K(1060864K)], 0.0772929 secs] [Times: user=0.08 sys=0.00, real=0.08 secs] 
2017-11-10T19:36:56.040+0500: 459.499: [Full GC (Allocation Failure) 2017-11-10T19:36:56.040+0500: 459.499: [Tenured: 349567K->349567K(349568K), 0.0780477 secs] 506815K->506796K(506816K), [Metaspace: 12958K->12958K(1060864K)], 0.0781396 secs] [Times: user=0.08 sys=0.00, real=0.08 secs] 
2017-11-10T19:36:56.119+0500: 459.578: [Full GC (Allocation Failure) 2017-11-10T19:36:56.119+0500: 459.578: [Tenured: 349567K->349567K(349568K), 0.0785302 secs] 506815K->506797K(506816K), [Metaspace: 12958K->12958K(1060864K)], 0.0786241 secs] [Times: user=0.08 sys=0.00, real=0.08 secs] 
2017-11-10T19:36:56.198+0500: 459.657: [Full GC (Allocation Failure) 2017-11-10T19:36:56.198+0500: 459.657: [Tenured: 349567K->349567K(349568K), 0.0751901 secs] 506815K->506797K(506816K), [Metaspace: 12958K->12958K(1060864K)], 0.0752957 secs] [Times: user=0.08 sys=0.00, real=0.08 secs] 
2017-11-10T19:36:56.274+0500: 459.733: [Full GC (Allocation Failure) 2017-11-10T19:36:56.274+0500: 459.733: [Tenured: 349567K->349567K(349568K), 0.0758726 secs] 506815K->506797K(506816K), [Metaspace: 12958K->12958K(1060864K)], 0.0759469 secs] [Times: user=0.08 sys=0.00, real=0.08 secs] 
2017-11-10T19:36:56.350+0500: 459.809: [Full GC (Allocation Failure) 2017-11-10T19:36:56.350+0500: 459.809: [Tenured: 349567K->349567K(349568K), 0.0782863 secs] 506815K->506796K(506816K), [Metaspace: 12958K->12958K(1060864K)], 0.0783870 secs] [Times: user=0.08 sys=0.00, real=0.08 secs] 
2017-11-10T19:36:56.429+0500: 459.888: [Full GC (Allocation Failure) 2017-11-10T19:36:56.429+0500: 459.888: [Tenured: 349567K->349567K(349568K), 0.0776639 secs] 506815K->506797K(506816K), [Metaspace: 12958K->12958K(1060864K)], 0.0777597 secs] [Times: user=0.08 sys=0.00, real=0.08 secs] 
2017-11-10T19:36:56.508+0500: 459.967: [Full GC (Allocation Failure) 2017-11-10T19:36:56.508+0500: 459.967: [Tenured: 349567K->349567K(349568K), 0.0781337 secs] 506815K->506797K(506816K), [Metaspace: 12958K->12958K(1060864K)], 0.0782354 secs] [Times: user=0.08 sys=0.00, real=0.08 secs] 
2017-11-10T19:36:56.586+0500: 460.045: [Full GC (Allocation Failure) 2017-11-10T19:36:56.586+0500: 460.045: [Tenured: 349567K->349567K(349568K), 0.0761718 secs] 506815K->506797K(506816K), [Metaspace: 12958K->12958K(1060864K)], 0.0762422 secs] [Times: user=0.08 sys=0.00, real=0.08 secs] 
2017-11-10T19:36:56.663+0500: 460.122: [Full GC (Allocation Failure) 2017-11-10T19:36:56.663+0500: 460.122: [Tenured: 349567K->349567K(349568K), 0.0769154 secs] 506815K->506796K(506816K), [Metaspace: 12958K->12958K(1060864K)], 0.0769863 secs] [Times: user=0.08 sys=0.00, real=0.08 secs] 
2017-11-10T19:36:56.740+0500: 460.200: [Full GC (Allocation Failure) 2017-11-10T19:36:56.741+0500: 460.200: [Tenured: 349567K->349567K(349568K), 0.0779128 secs] 506815K->506797K(506816K), [Metaspace: 12958K->12958K(1060864K)], 0.0779910 secs] [Times: user=0.08 sys=0.00, real=0.08 secs] 
2017-11-10T19:36:56.819+0500: 460.278: [Full GC (Allocation Failure) 2017-11-10T19:36:56.819+0500: 460.278: [Tenured: 349567K->349567K(349568K), 0.0769017 secs] 506815K->506797K(506816K), [Metaspace: 12958K->12958K(1060864K)], 0.0770103 secs] [Times: user=0.08 sys=0.00, real=0.08 secs] 
2017-11-10T19:36:56.896+0500: 460.356: [Full GC (Allocation Failure) 2017-11-10T19:36:56.896+0500: 460.356: [Tenured: 349567K->349567K(349568K), 0.0862777 secs] 506815K->506797K(506816K), [Metaspace: 12958K->12958K(1060864K)], 0.0863578 secs] [Times: user=0.08 sys=0.00, real=0.09 secs] 
2017-11-10T19:36:56.984+0500: 460.443: [Full GC (Allocation Failure) 2017-11-10T19:36:56.984+0500: 460.443: [Tenured: 349567K->349567K(349568K), 0.0858391 secs] 506815K->506796K(506816K), [Metaspace: 12958K->12958K(1060864K)], 0.0859467 secs] [Times: user=0.09 sys=0.00, real=0.09 secs] 
2017-11-10T19:36:57.071+0500: 460.530: [Full GC (Allocation Failure) 2017-11-10T19:36:57.071+0500: 460.530: [Tenured: 349567K->349567K(349568K), 0.0840317 secs] 506815K->506797K(506816K), [Metaspace: 12958K->12958K(1060864K)], 0.0841373 secs] [Times: user=0.08 sys=0.00, real=0.08 secs] 
2017-11-10T19:36:57.155+0500: 460.614: [Full GC (Allocation Failure) 2017-11-10T19:36:57.155+0500: 460.614: [Tenured: 349567K->349567K(349568K), 0.0838533 secs] 506815K->506797K(506816K), [Metaspace: 12958K->12958K(1060864K)], 0.0839290 secs] [Times: user=0.09 sys=0.00, real=0.08 secs] 
2017-11-10T19:36:57.240+0500: 460.699: [Full GC (Allocation Failure) 2017-11-10T19:36:57.240+0500: 460.699: [Tenured: 349567K->349567K(349568K), 0.0772596 secs] 506815K->506797K(506816K), [Metaspace: 12958K->12958K(1060864K)], 0.0773344 secs] [Times: user=0.08 sys=0.00, real=0.08 secs] 
2017-11-10T19:36:57.318+0500: 460.777: [Full GC (Allocation Failure) 2017-11-10T19:36:57.318+0500: 460.777: [Tenured: 349567K->349567K(349568K), 0.0748533 secs] 506815K->506796K(506816K), [Metaspace: 12958K->12958K(1060864K)], 0.0749535 secs] [Times: user=0.06 sys=0.00, real=0.07 secs] 
2017-11-10T19:36:57.393+0500: 460.852: [Full GC (Allocation Failure) 2017-11-10T19:36:57.393+0500: 460.852: [Tenured: 349567K->349567K(349568K), 0.0761845 secs] 506815K->506797K(506816K), [Metaspace: 12958K->12958K(1060864K)], 0.0762980 secs] [Times: user=0.06 sys=0.02, real=0.08 secs] 
2017-11-10T19:36:57.470+0500: 460.929: [Full GC (Allocation Failure) 2017-11-10T19:36:57.470+0500: 460.929: [Tenured: 349567K->349567K(349568K), 0.0745272 secs] 506815K->506797K(506816K), [Metaspace: 12958K->12958K(1060864K)], 0.0746049 secs] [Times: user=0.08 sys=0.00, real=0.07 secs] 
2017-11-10T19:36:57.545+0500: 461.004: [Full GC (Allocation Failure) 2017-11-10T19:36:57.545+0500: 461.004: [Tenured: 349567K->349567K(349568K), 0.0758418 secs] 506815K->506797K(506816K), [Metaspace: 12958K->12958K(1060864K)], 0.0759240 secs] [Times: user=0.08 sys=0.00, real=0.08 secs] 
2017-11-10T19:36:57.621+0500: 461.081: [Full GC (Allocation Failure) 2017-11-10T19:36:57.622+0500: 461.081: [Tenured: 349567K->349567K(349568K), 0.0751833 secs] 506815K->506796K(506816K), [Metaspace: 12958K->12958K(1060864K)], 0.0752884 secs] [Times: user=0.08 sys=0.00, real=0.08 secs] 
2017-11-10T19:36:57.697+0500: 461.156: [Full GC (Allocation Failure) 2017-11-10T19:36:57.697+0500: 461.157: [Tenured: 349567K->349567K(349568K), 0.0754405 secs] 506815K->506797K(506816K), [Metaspace: 12958K->12958K(1060864K)], 0.0755113 secs] [Times: user=0.08 sys=0.00, real=0.08 secs] 
2017-11-10T19:36:57.773+0500: 461.233: [Full GC (Allocation Failure) 2017-11-10T19:36:57.773+0500: 461.233: [Tenured: 349567K->349567K(349568K), 0.0780765 secs] 506815K->506797K(506816K), [Metaspace: 12958K->12958K(1060864K)], 0.0781611 secs] [Times: user=0.08 sys=0.00, real=0.08 secs] 
2017-11-10T19:36:57.852+0500: 461.311: [Full GC (Allocation Failure) 2017-11-10T19:36:57.852+0500: 461.311: [Tenured: 349567K->349567K(349568K), 0.0867729 secs] 506815K->506797K(506816K), [Metaspace: 12958K->12958K(1060864K)], 0.0868922 secs] [Times: user=0.08 sys=0.00, real=0.09 secs] 
2017-11-10T19:36:57.940+0500: 461.399: [Full GC (Allocation Failure) 2017-11-10T19:36:57.940+0500: 461.399: [Tenured: 349567K->349567K(349568K), 0.0803616 secs] 506815K->506796K(506816K), [Metaspace: 12958K->12958K(1060864K)], 0.0804442 secs] [Times: user=0.08 sys=0.00, real=0.08 secs] 
2017-11-10T19:36:58.021+0500: 461.480: [Full GC (Allocation Failure) 2017-11-10T19:36:58.021+0500: 461.480: [Tenured: 349567K->349567K(349568K), 0.0757802 secs] 506815K->506797K(506816K), [Metaspace: 12958K->12958K(1060864K)], 0.0758638 secs] [Times: user=0.08 sys=0.00, real=0.08 secs] 
2017-11-10T19:36:58.097+0500: 461.556: [Full GC (Allocation Failure) 2017-11-10T19:36:58.097+0500: 461.556: [Tenured: 349567K->349567K(349568K), 0.0754527 secs] 506815K->506797K(506816K), [Metaspace: 12958K->12958K(1060864K)], 0.0755226 secs] [Times: user=0.06 sys=0.00, real=0.08 secs] 
2017-11-10T19:36:58.173+0500: 461.632: [Full GC (Allocation Failure) 2017-11-10T19:36:58.173+0500: 461.632: [Tenured: 349567K->349567K(349568K), 0.0742759 secs] 506815K->506797K(506816K), [Metaspace: 12958K->12958K(1060864K)], 0.0743497 secs] [Times: user=0.08 sys=0.00, real=0.07 secs] 
2017-11-10T19:36:58.248+0500: 461.707: [Full GC (Allocation Failure) 2017-11-10T19:36:58.248+0500: 461.707: [Tenured: 349567K->349567K(349568K), 0.0785825 secs] 506815K->506796K(506816K), [Metaspace: 12958K->12958K(1060864K)], 0.0786569 secs] [Times: user=0.08 sys=0.00, real=0.08 secs] 
2017-11-10T19:36:58.327+0500: 461.786: [Full GC (Allocation Failure) 2017-11-10T19:36:58.327+0500: 461.786: [Tenured: 349567K->349567K(349568K), 0.0770851 secs] 506815K->506797K(506816K), [Metaspace: 12958K->12958K(1060864K)], 0.0771662 secs] [Times: user=0.08 sys=0.00, real=0.08 secs] 
2017-11-10T19:36:58.405+0500: 461.864: [Full GC (Allocation Failure) 2017-11-10T19:36:58.405+0500: 461.864: [Tenured: 349567K->349567K(349568K), 0.0740344 secs] 506815K->506797K(506816K), [Metaspace: 12958K->12958K(1060864K)], 0.0741082 secs] [Times: user=0.08 sys=0.00, real=0.07 secs] 
2017-11-10T19:36:58.479+0500: 461.939: [Full GC (Allocation Failure) 2017-11-10T19:36:58.480+0500: 461.939: [Tenured: 349567K->349567K(349568K), 0.0775334 secs] 506815K->506797K(506816K), [Metaspace: 12958K->12958K(1060864K)], 0.0776810 secs] [Times: user=0.08 sys=0.00, real=0.08 secs] 
2017-11-10T19:36:58.558+0500: 462.017: [Full GC (Allocation Failure) 2017-11-10T19:36:58.558+0500: 462.017: [Tenured: 349567K->349567K(349568K), 0.0837330 secs] 506815K->506796K(506816K), [Metaspace: 12958K->12958K(1060864K)], 0.0838508 secs] [Times: user=0.08 sys=0.00, real=0.08 secs] 
2017-11-10T19:36:58.642+0500: 462.102: [Full GC (Allocation Failure) 2017-11-10T19:36:58.642+0500: 462.102: [Tenured: 349567K->349567K(349568K), 0.0916853 secs] 506815K->506797K(506816K), [Metaspace: 12958K->12958K(1060864K)], 0.0918060 secs] [Times: user=0.09 sys=0.00, real=0.09 secs] 
2017-11-10T19:36:58.735+0500: 462.194: [Full GC (Allocation Failure) 2017-11-10T19:36:58.735+0500: 462.194: [Tenured: 349567K->349567K(349568K), 0.0816005 secs] 506815K->506797K(506816K), [Metaspace: 12958K->12958K(1060864K)], 0.0817227 secs] [Times: user=0.11 sys=0.00, real=0.08 secs] 
2017-11-10T19:36:58.817+0500: 462.277: [Full GC (Allocation Failure) 2017-11-10T19:36:58.817+0500: 462.277: [Tenured: 349567K->349567K(349568K), 0.0812015 secs] 506815K->506797K(506816K), [Metaspace: 12958K->12958K(1060864K)], 0.0812871 secs] [Times: user=0.08 sys=0.00, real=0.08 secs] 
2017-11-10T19:36:58.899+0500: 462.358: [Full GC (Allocation Failure) 2017-11-10T19:36:58.899+0500: 462.358: [Tenured: 349567K->349567K(349568K), 0.0804413 secs] 506815K->506796K(506816K), [Metaspace: 12958K->12958K(1060864K)], 0.0805308 secs] [Times: user=0.06 sys=0.00, real=0.08 secs] 
2017-11-10T19:36:58.980+0500: 462.440: [Full GC (Allocation Failure) 2017-11-10T19:36:58.980+0500: 462.440: [Tenured: 349567K->349567K(349568K), 0.0747589 secs] 506815K->506797K(506816K), [Metaspace: 12958K->12958K(1060864K)], 0.0748719 secs] [Times: user=0.08 sys=0.00, real=0.08 secs] 
2017-11-10T19:36:59.056+0500: 462.515: [Full GC (Allocation Failure) 2017-11-10T19:36:59.056+0500: 462.515: [Tenured: 349567K->349567K(349568K), 0.0756942 secs] 506815K->506797K(506816K), [Metaspace: 12958K->12958K(1060864K)], 0.0757934 secs] [Times: user=0.08 sys=0.00, real=0.08 secs] 
2017-11-10T19:36:59.132+0500: 462.591: [Full GC (Allocation Failure) 2017-11-10T19:36:59.132+0500: 462.591: [Tenured: 349567K->349567K(349568K), 0.0764080 secs] 506815K->506797K(506816K), [Metaspace: 12958K->12958K(1060864K)], 0.0764857 secs] [Times: user=0.08 sys=0.00, real=0.08 secs] 
2017-11-10T19:36:59.209+0500: 462.668: [Full GC (Allocation Failure) 2017-11-10T19:36:59.209+0500: 462.668: [Tenured: 349567K->349567K(349568K), 0.0754952 secs] 506815K->506796K(506816K), [Metaspace: 12958K->12958K(1060864K)], 0.0755769 secs] [Times: user=0.08 sys=0.00, real=0.07 secs] 
2017-11-10T19:36:59.285+0500: 462.744: [Full GC (Allocation Failure) 2017-11-10T19:36:59.285+0500: 462.745: [Tenured: 349567K->349567K(349568K), 0.0743331 secs] 506815K->506797K(506816K), [Metaspace: 12958K->12958K(1060864K)], 0.0744431 secs] [Times: user=0.06 sys=0.00, real=0.07 secs] 
2017-11-10T19:36:59.361+0500: 462.819: [Full GC (Allocation Failure) 2017-11-10T19:36:59.361+0500: 462.819: [Tenured: 349567K->349567K(349568K), 0.0776488 secs] 506815K->506797K(506816K), [Metaspace: 12958K->12958K(1060864K)], 0.0777245 secs] [Times: user=0.08 sys=0.00, real=0.08 secs] 
2017-11-10T19:36:59.439+0500: 462.898: [Full GC (Allocation Failure) 2017-11-10T19:36:59.439+0500: 462.898: [Tenured: 349567K->349567K(349568K), 0.0753930 secs] 506815K->506797K(506816K), [Metaspace: 12958K->12958K(1060864K)], 0.0754659 secs] [Times: user=0.08 sys=0.00, real=0.08 secs] 
2017-11-10T19:36:59.515+0500: 462.974: [Full GC (Allocation Failure) 2017-11-10T19:36:59.515+0500: 462.974: [Tenured: 349567K->349567K(349568K), 0.0768651 secs] 506815K->506796K(506816K), [Metaspace: 12958K->12958K(1060864K)], 0.0769521 secs] [Times: user=0.08 sys=0.00, real=0.08 secs] 
2017-11-10T19:36:59.592+0500: 463.051: [Full GC (Allocation Failure) 2017-11-10T19:36:59.592+0500: 463.051: [Tenured: 349567K->349567K(349568K), 0.0769467 secs] 506815K->506797K(506816K), [Metaspace: 12958K->12958K(1060864K)], 0.0770215 secs] [Times: user=0.08 sys=0.00, real=0.08 secs] 
2017-11-10T19:36:59.670+0500: 463.129: [Full GC (Allocation Failure) 2017-11-10T19:36:59.670+0500: 463.129: [Tenured: 349567K->349567K(349568K), 0.0768250 secs] 506815K->506797K(506816K), [Metaspace: 12958K->12958K(1060864K)], 0.0768934 secs] [Times: user=0.08 sys=0.00, real=0.08 secs] 
2017-11-10T19:36:59.747+0500: 463.206: [Full GC (Allocation Failure) 2017-11-10T19:36:59.747+0500: 463.206: [Tenured: 349567K->349567K(349568K), 0.0751344 secs] 506815K->506797K(506816K), [Metaspace: 12958K->12958K(1060864K)], 0.0752077 secs] [Times: user=0.08 sys=0.00, real=0.08 secs] 
2017-11-10T19:36:59.823+0500: 463.282: [Full GC (Allocation Failure) 2017-11-10T19:36:59.823+0500: 463.282: [Tenured: 349567K->349567K(349568K), 0.0747047 secs] 506815K->506796K(506816K), [Metaspace: 12958K->12958K(1060864K)], 0.0748157 secs] [Times: user=0.08 sys=0.00, real=0.08 secs] 
2017-11-10T19:36:59.898+0500: 463.357: [Full GC (Allocation Failure) 2017-11-10T19:36:59.898+0500: 463.357: [Tenured: 349567K->349567K(349568K), 0.0765893 secs] 506815K->506797K(506816K), [Metaspace: 12958K->12958K(1060864K)], 0.0766622 secs] [Times: user=0.08 sys=0.00, real=0.08 secs] 
2017-11-10T19:36:59.976+0500: 463.435: [Full GC (Allocation Failure) 2017-11-10T19:36:59.976+0500: 463.435: [Tenured: 349567K->349567K(349568K), 0.0759592 secs] 506815K->506797K(506816K), [Metaspace: 12958K->12958K(1060864K)], 0.0760525 secs] [Times: user=0.08 sys=0.00, real=0.08 secs] 
2017-11-10T19:37:00.052+0500: 463.511: [Full GC (Allocation Failure) 2017-11-10T19:37:00.052+0500: 463.511: [Tenured: 349567K->349567K(349568K), 0.0761166 secs] 506815K->506797K(506816K), [Metaspace: 12958K->12958K(1060864K)], 0.0761948 secs] [Times: user=0.08 sys=0.00, real=0.08 secs] 
2017-11-10T19:37:00.129+0500: 463.588: [Full GC (Allocation Failure) 2017-11-10T19:37:00.129+0500: 463.588: [Tenured: 349567K->349567K(349568K), 0.0760105 secs] 506815K->506796K(506816K), [Metaspace: 12958K->12958K(1060864K)], 0.0760868 secs] [Times: user=0.06 sys=0.00, real=0.08 secs] 
2017-11-10T19:37:00.206+0500: 463.665: [Full GC (Allocation Failure) 2017-11-10T19:37:00.206+0500: 463.665: [Tenured: 349567K->349567K(349568K), 0.0757959 secs] 506815K->506797K(506816K), [Metaspace: 12958K->12958K(1060864K)], 0.0758785 secs] [Times: user=0.05 sys=0.00, real=0.08 secs] 
2017-11-10T19:37:00.282+0500: 463.741: [Full GC (Allocation Failure) 2017-11-10T19:37:00.282+0500: 463.741: [Tenured: 349567K->349567K(349568K), 0.0766959 secs] 506815K->506797K(506816K), [Metaspace: 12958K->12958K(1060864K)], 0.0767781 secs] [Times: user=0.08 sys=0.00, real=0.08 secs] 
2017-11-10T19:37:00.360+0500: 463.819: [Full GC (Allocation Failure) 2017-11-10T19:37:00.360+0500: 463.819: [Tenured: 349567K->349567K(349568K), 0.0770768 secs] 506815K->506797K(506816K), [Metaspace: 12958K->12958K(1060864K)], 0.0771501 secs] [Times: user=0.08 sys=0.00, real=0.08 secs] 
2017-11-10T19:37:00.437+0500: 463.896: [Full GC (Allocation Failure) 2017-11-10T19:37:00.437+0500: 463.896: [Tenured: 349567K->349567K(349568K), 0.0772410 secs] 506815K->506796K(506816K), [Metaspace: 12958K->12958K(1060864K)], 0.0773134 secs] [Times: user=0.06 sys=0.00, real=0.08 secs] 
2017-11-10T19:37:00.515+0500: 463.974: [Full GC (Allocation Failure) 2017-11-10T19:37:00.515+0500: 463.974: [Tenured: 349567K->349567K(349568K), 0.0754346 secs] 506815K->506797K(506816K), [Metaspace: 12958K->12958K(1060864K)], 0.0755069 secs] [Times: user=0.08 sys=0.00, real=0.08 secs] 
2017-11-10T19:37:00.591+0500: 464.050: [Full GC (Allocation Failure) 2017-11-10T19:37:00.591+0500: 464.050: [Tenured: 349567K->349567K(349568K), 0.0745062 secs] 506815K->506797K(506816K), [Metaspace: 12958K->12958K(1060864K)], 0.0745825 secs] [Times: user=0.08 sys=0.00, real=0.07 secs] 
2017-11-10T19:37:00.666+0500: 464.125: [Full GC (Allocation Failure) 2017-11-10T19:37:00.666+0500: 464.125: [Tenured: 349567K->349567K(349568K), 0.0758814 secs] 506815K->506797K(506816K), [Metaspace: 12958K->12958K(1060864K)], 0.0759533 secs] [Times: user=0.08 sys=0.00, real=0.08 secs] 
2017-11-10T19:37:00.743+0500: 464.202: [Full GC (Allocation Failure) 2017-11-10T19:37:00.743+0500: 464.202: [Tenured: 349567K->349567K(349568K), 0.0752381 secs] 506815K->506796K(506816K), [Metaspace: 12958K->12958K(1060864K)], 0.0753197 secs] [Times: user=0.08 sys=0.00, real=0.08 secs] 
2017-11-10T19:37:00.819+0500: 464.278: [Full GC (Allocation Failure) 2017-11-10T19:37:00.819+0500: 464.278: [Tenured: 349567K->349567K(349568K), 0.0748069 secs] 506815K->506797K(506816K), [Metaspace: 12958K->12958K(1060864K)], 0.0748846 secs] [Times: user=0.08 sys=0.00, real=0.07 secs] 
2017-11-10T19:37:00.894+0500: 464.353: [Full GC (Allocation Failure) 2017-11-10T19:37:00.894+0500: 464.353: [Tenured: 349567K->349567K(349568K), 0.0747663 secs] 506815K->506797K(506816K), [Metaspace: 12958K->12958K(1060864K)], 0.0748900 secs] [Times: user=0.06 sys=0.00, real=0.08 secs] 
2017-11-10T19:37:00.969+0500: 464.429: [Full GC (Allocation Failure) 2017-11-10T19:37:00.970+0500: 464.429: [Tenured: 349567K->349567K(349568K), 0.0755725 secs] 506815K->506797K(506816K), [Metaspace: 12958K->12958K(1060864K)], 0.0756771 secs] [Times: user=0.08 sys=0.00, real=0.08 secs] 
2017-11-10T19:37:01.046+0500: 464.505: [Full GC (Allocation Failure) 2017-11-10T19:37:01.046+0500: 464.505: [Tenured: 349567K->349567K(349568K), 0.0758154 secs] 506815K->506796K(506816K), [Metaspace: 12958K->12958K(1060864K)], 0.0759142 secs] [Times: user=0.08 sys=0.00, real=0.08 secs] 
2017-11-10T19:37:01.122+0500: 464.581: [Full GC (Allocation Failure) 2017-11-10T19:37:01.122+0500: 464.581: [Tenured: 349567K->349567K(349568K), 0.0773540 secs] 506815K->506797K(506816K), [Metaspace: 12958K->12958K(1060864K)], 0.0774337 secs] [Times: user=0.06 sys=0.02, real=0.08 secs] 
2017-11-10T19:37:01.200+0500: 464.659: [Full GC (Allocation Failure) 2017-11-10T19:37:01.200+0500: 464.659: [Tenured: 349567K->349567K(349568K), 0.0828158 secs] 506815K->506797K(506816K), [Metaspace: 12958K->12958K(1060864K)], 0.0829405 secs] [Times: user=0.08 sys=0.00, real=0.08 secs] 
2017-11-10T19:37:01.284+0500: 464.743: [Full GC (Allocation Failure) 2017-11-10T19:37:01.284+0500: 464.743: [Tenured: 349567K->349567K(349568K), 0.0830969 secs] 506815K->506797K(506816K), [Metaspace: 12958K->12958K(1060864K)], 0.0832177 secs] [Times: user=0.08 sys=0.00, real=0.08 secs] 
2017-11-10T19:37:01.368+0500: 464.827: [Full GC (Allocation Failure) 2017-11-10T19:37:01.368+0500: 464.827: [Tenured: 349567K->349567K(349568K), 0.0835834 secs] 506815K->506796K(506816K), [Metaspace: 12958K->12958K(1060864K)], 0.0837335 secs] [Times: user=0.08 sys=0.00, real=0.08 secs] 
2017-11-10T19:37:01.452+0500: 464.911: [Full GC (Allocation Failure) 2017-11-10T19:37:01.452+0500: 464.911: [Tenured: 349567K->349567K(349568K), 0.0855140 secs] 506815K->506797K(506816K), [Metaspace: 12958K->12958K(1060864K)], 0.0856191 secs] [Times: user=0.09 sys=0.00, real=0.09 secs] 
2017-11-10T19:37:01.538+0500: 464.998: [Full GC (Allocation Failure) 2017-11-10T19:37:01.538+0500: 464.998: [Tenured: 349567K->349567K(349568K), 0.0764813 secs] 506815K->506797K(506816K), [Metaspace: 12958K->12958K(1060864K)], 0.0765937 secs] [Times: user=0.08 sys=0.00, real=0.08 secs] 
2017-11-10T19:37:01.615+0500: 465.075: [Full GC (Allocation Failure) 2017-11-10T19:37:01.616+0500: 465.075: [Tenured: 349567K->349567K(349568K), 0.0763258 secs] 506815K->506797K(506816K), [Metaspace: 12958K->12958K(1060864K)], 0.0763977 secs] [Times: user=0.08 sys=0.00, real=0.08 secs] 
2017-11-10T19:37:01.693+0500: 465.152: [Full GC (Allocation Failure) 2017-11-10T19:37:01.693+0500: 465.152: [Tenured: 349567K->349567K(349568K), 0.0780140 secs] 506815K->506796K(506816K), [Metaspace: 12958K->12958K(1060864K)], 0.0781205 secs] [Times: user=0.08 sys=0.00, real=0.08 secs] 
2017-11-10T19:37:01.771+0500: 465.231: [Full GC (Allocation Failure) 2017-11-10T19:37:01.771+0500: 465.231: [Tenured: 349567K->349567K(349568K), 0.0782046 secs] 506815K->506797K(506816K), [Metaspace: 12958K->12958K(1060864K)], 0.0782956 secs] [Times: user=0.08 sys=0.00, real=0.08 secs] 
2017-11-10T19:37:01.850+0500: 465.310: [Full GC (Allocation Failure) 2017-11-10T19:37:01.850+0500: 465.310: [Tenured: 349567K->349567K(349568K), 0.0785312 secs] 506815K->506797K(506816K), [Metaspace: 12958K->12958K(1060864K)], 0.0786383 secs] [Times: user=0.08 sys=0.00, real=0.08 secs] 
2017-11-10T19:37:01.929+0500: 465.389: [Full GC (Allocation Failure) 2017-11-10T19:37:01.929+0500: 465.389: [Tenured: 349567K->349567K(349568K), 0.0786603 secs] 506815K->506797K(506816K), [Metaspace: 12958K->12958K(1060864K)], 0.0787302 secs] [Times: user=0.08 sys=0.00, real=0.08 secs] 
2017-11-10T19:37:02.009+0500: 465.468: [Full GC (Allocation Failure) 2017-11-10T19:37:02.009+0500: 465.468: [Tenured: 349567K->349567K(349568K), 0.0773637 secs] 506815K->506796K(506816K), [Metaspace: 12958K->12958K(1060864K)], 0.0774561 secs] [Times: user=0.08 sys=0.00, real=0.08 secs] 
2017-11-10T19:37:02.087+0500: 465.546: [Full GC (Allocation Failure) 2017-11-10T19:37:02.087+0500: 465.546: [Tenured: 349567K->349567K(349568K), 0.0808226 secs] 506815K->506797K(506816K), [Metaspace: 12958K->12958K(1060864K)], 0.0809483 secs] [Times: user=0.08 sys=0.00, real=0.08 secs] 
2017-11-10T19:37:02.168+0500: 465.628: [Full GC (Allocation Failure) 2017-11-10T19:37:02.168+0500: 465.628: [Tenured: 349567K->349567K(349568K), 0.0777373 secs] 506815K->506797K(506816K), [Metaspace: 12958K->12958K(1060864K)], 0.0778174 secs] [Times: user=0.08 sys=0.00, real=0.08 secs] 
2017-11-10T19:37:02.247+0500: 465.706: [Full GC (Allocation Failure) 2017-11-10T19:37:02.247+0500: 465.706: [Tenured: 349567K->349567K(349568K), 0.0807552 secs] 506815K->506797K(506816K), [Metaspace: 12958K->12958K(1060864K)], 0.0808676 secs] [Times: user=0.08 sys=0.00, real=0.08 secs] 
2017-11-10T19:37:02.328+0500: 465.787: [Full GC (Allocation Failure) 2017-11-10T19:37:02.328+0500: 465.787: [Tenured: 349567K->349567K(349568K), 0.0766979 secs] 506815K->506796K(506816K), [Metaspace: 12958K->12958K(1060864K)], 0.0767722 secs] [Times: user=0.08 sys=0.00, real=0.08 secs] 
2017-11-10T19:37:02.405+0500: 465.865: [Full GC (Allocation Failure) 2017-11-10T19:37:02.405+0500: 465.865: [Tenured: 349567K->349567K(349568K), 0.0753495 secs] 506815K->506797K(506816K), [Metaspace: 12958K->12958K(1060864K)], 0.0754263 secs] [Times: user=0.08 sys=0.00, real=0.08 secs] 
2017-11-10T19:37:02.481+0500: 465.940: [Full GC (Allocation Failure) 2017-11-10T19:37:02.481+0500: 465.940: [Tenured: 349567K->349567K(349568K), 0.0760085 secs] 506815K->506797K(506816K), [Metaspace: 12958K->12958K(1060864K)], 0.0760843 secs] [Times: user=0.08 sys=0.00, real=0.08 secs] 
2017-11-10T19:37:02.558+0500: 466.017: [Full GC (Allocation Failure) 2017-11-10T19:37:02.558+0500: 466.017: [Tenured: 349567K->349567K(349568K), 0.0749154 secs] 506815K->506797K(506816K), [Metaspace: 12958K->12958K(1060864K)], 0.0749897 secs] [Times: user=0.08 sys=0.00, real=0.07 secs] 
2017-11-10T19:37:02.633+0500: 466.093: [Full GC (Allocation Failure) 2017-11-10T19:37:02.633+0500: 466.093: [Tenured: 349567K->349567K(349568K), 0.0761537 secs] 506815K->506796K(506816K), [Metaspace: 12958K->12958K(1060864K)], 0.0762364 secs] [Times: user=0.08 sys=0.00, real=0.08 secs] 
2017-11-10T19:37:02.711+0500: 466.170: [Full GC (Allocation Failure) 2017-11-10T19:37:02.711+0500: 466.170: [Tenured: 349567K->349567K(349568K), 0.0753779 secs] 506815K->506797K(506816K), [Metaspace: 12958K->12958K(1060864K)], 0.0754634 secs] [Times: user=0.08 sys=0.00, real=0.08 secs] 
2017-11-10T19:37:02.786+0500: 466.246: [Full GC (Allocation Failure) 2017-11-10T19:37:02.786+0500: 466.246: [Tenured: 349567K->349567K(349568K), 0.0794005 secs] 506815K->506797K(506816K), [Metaspace: 12958K->12958K(1060864K)], 0.0794787 secs] [Times: user=0.08 sys=0.00, real=0.08 secs] 
2017-11-10T19:37:02.868+0500: 466.327: [Full GC (Allocation Failure) 2017-11-10T19:37:02.868+0500: 466.327: [Tenured: 349567K->349567K(349568K), 0.0787473 secs] 506815K->506797K(506816K), [Metaspace: 12958K->12958K(1060864K)], 0.0788602 secs] [Times: user=0.06 sys=0.00, real=0.08 secs] 
2017-11-10T19:37:02.947+0500: 466.407: [Full GC (Allocation Failure) 2017-11-10T19:37:02.947+0500: 466.407: [Tenured: 349567K->349567K(349568K), 0.0763043 secs] 506815K->506796K(506816K), [Metaspace: 12958K->12958K(1060864K)], 0.0764060 secs] [Times: user=0.08 sys=0.00, real=0.08 secs] 
2017-11-10T19:37:03.024+0500: 466.483: [Full GC (Allocation Failure) 2017-11-10T19:37:03.024+0500: 466.483: [Tenured: 349567K->349567K(349568K), 0.0794621 secs] 506815K->506797K(506816K), [Metaspace: 12958K->12958K(1060864K)], 0.0795510 secs] [Times: user=0.08 sys=0.00, real=0.08 secs] 
2017-11-10T19:37:03.105+0500: 466.564: [Full GC (Allocation Failure) 2017-11-10T19:37:03.105+0500: 466.564: [Tenured: 349567K->349567K(349568K), 0.0850862 secs] 506815K->506797K(506816K), [Metaspace: 12958K->12958K(1060864K)], 0.0851874 secs] [Times: user=0.09 sys=0.00, real=0.09 secs] 
2017-11-10T19:37:03.190+0500: 466.650: [Full GC (Allocation Failure) 2017-11-10T19:37:03.190+0500: 466.650: [Tenured: 349567K->349567K(349568K), 0.0804315 secs] 506815K->506797K(506816K), [Metaspace: 12958K->12958K(1060864K)], 0.0805234 secs] [Times: user=0.08 sys=0.00, real=0.08 secs] 
2017-11-10T19:37:03.272+0500: 466.731: [Full GC (Allocation Failure) 2017-11-10T19:37:03.272+0500: 466.731: [Tenured: 349567K->349567K(349568K), 0.0826633 secs] 506815K->506796K(506816K), [Metaspace: 12958K->12958K(1060864K)], 0.0827753 secs] [Times: user=0.08 sys=0.00, real=0.08 secs] 
2017-11-10T19:37:03.356+0500: 466.815: [Full GC (Allocation Failure) 2017-11-10T19:37:03.356+0500: 466.815: [Tenured: 349567K->349567K(349568K), 0.0762721 secs] 506815K->506797K(506816K), [Metaspace: 12958K->12958K(1060864K)], 0.0764133 secs] [Times: user=0.06 sys=0.00, real=0.08 secs] 
2017-11-10T19:37:03.433+0500: 466.892: [Full GC (Allocation Failure) 2017-11-10T19:37:03.433+0500: 466.892: [Tenured: 349567K->349567K(349568K), 0.0788319 secs] 506815K->506797K(506816K), [Metaspace: 12958K->12958K(1060864K)], 0.0789321 secs] [Times: user=0.06 sys=0.00, real=0.08 secs] 
2017-11-10T19:37:03.512+0500: 466.971: [Full GC (Allocation Failure) 2017-11-10T19:37:03.512+0500: 466.971: [Tenured: 349567K->349567K(349568K), 0.0747286 secs] 506815K->506797K(506816K), [Metaspace: 12958K->12958K(1060864K)], 0.0748161 secs] [Times: user=0.08 sys=0.00, real=0.07 secs] 
2017-11-10T19:37:03.588+0500: 467.047: [Full GC (Allocation Failure) 2017-11-10T19:37:03.588+0500: 467.047: [Tenured: 349567K->349567K(349568K), 0.0751765 secs] 506815K->506796K(506816K), [Metaspace: 12958K->12958K(1060864K)], 0.0752904 secs] [Times: user=0.08 sys=0.00, real=0.08 secs] 
2017-11-10T19:37:03.664+0500: 467.123: [Full GC (Allocation Failure) 2017-11-10T19:37:03.664+0500: 467.123: [Tenured: 349567K->349567K(349568K), 0.0811541 secs] 506815K->506797K(506816K), [Metaspace: 12958K->12958K(1060864K)], 0.0812436 secs] [Times: user=0.08 sys=0.00, real=0.08 secs] 
2017-11-10T19:37:03.745+0500: 467.204: [Full GC (Allocation Failure) 2017-11-10T19:37:03.745+0500: 467.204: [Tenured: 349567K->349567K(349568K), 0.0815076 secs] 506815K->506797K(506816K), [Metaspace: 12958K->12958K(1060864K)], 0.0815858 secs] [Times: user=0.08 sys=0.00, real=0.08 secs] 
2017-11-10T19:37:03.827+0500: 467.286: [Full GC (Allocation Failure) 2017-11-10T19:37:03.828+0500: 467.286: [Tenured: 349567K->349567K(349568K), 0.0799778 secs] 506815K->506797K(506816K), [Metaspace: 12958K->12958K(1060864K)], 0.0800810 secs] [Times: user=0.08 sys=0.00, real=0.08 secs] 
2017-11-10T19:37:03.908+0500: 467.367: [Full GC (Allocation Failure) 2017-11-10T19:37:03.908+0500: 467.367: [Tenured: 349567K->349567K(349568K), 0.0802286 secs] 506815K->506796K(506816K), [Metaspace: 12958K->12958K(1060864K)], 0.0803103 secs] [Times: user=0.09 sys=0.00, real=0.08 secs] 
2017-11-10T19:37:03.989+0500: 467.448: [Full GC (Allocation Failure) 2017-11-10T19:37:03.989+0500: 467.448: [Tenured: 349567K->349567K(349568K), 0.0800609 secs] 506815K->506797K(506816K), [Metaspace: 12958K->12958K(1060864K)], 0.0801773 secs] [Times: user=0.08 sys=0.00, real=0.08 secs] 
2017-11-10T19:37:04.070+0500: 467.529: [Full GC (Allocation Failure) 2017-11-10T19:37:04.070+0500: 467.529: [Tenured: 349567K->349567K(349568K), 0.0824492 secs] 506815K->506797K(506816K), [Metaspace: 12958K->12958K(1060864K)], 0.0825450 secs] [Times: user=0.08 sys=0.00, real=0.08 secs] 
2017-11-10T19:37:04.153+0500: 467.612: [Full GC (Allocation Failure) 2017-11-10T19:37:04.153+0500: 467.612: [Tenured: 349567K->349567K(349568K), 0.0793599 secs] 506815K->506797K(506816K), [Metaspace: 12958K->12958K(1060864K)], 0.0794435 secs] [Times: user=0.08 sys=0.00, real=0.08 secs] 
2017-11-10T19:37:04.233+0500: 467.692: [Full GC (Allocation Failure) 2017-11-10T19:37:04.233+0500: 467.692: [Tenured: 349567K->349567K(349568K), 0.0803289 secs] 506815K->506796K(506816K), [Metaspace: 12958K->12958K(1060864K)], 0.0804125 secs] [Times: user=0.08 sys=0.00, real=0.08 secs] 
2017-11-10T19:37:04.314+0500: 467.773: [Full GC (Allocation Failure) 2017-11-10T19:37:04.314+0500: 467.773: [Tenured: 349567K->349567K(349568K), 0.0798962 secs] 506815K->506797K(506816K), [Metaspace: 12958K->12958K(1060864K)], 0.0799832 secs] [Times: user=0.09 sys=0.00, real=0.08 secs] 
2017-11-10T19:37:04.395+0500: 467.854: [Full GC (Allocation Failure) 2017-11-10T19:37:04.395+0500: 467.854: [Tenured: 349567K->349567K(349568K), 0.0830143 secs] 506815K->506797K(506816K), [Metaspace: 12958K->12958K(1060864K)], 0.0831312 secs] [Times: user=0.08 sys=0.00, real=0.08 secs] 
2017-11-10T19:37:04.478+0500: 467.938: [Full GC (Allocation Failure) 2017-11-10T19:37:04.479+0500: 467.938: [Tenured: 349567K->349567K(349568K), 0.0856255 secs] 506815K->506797K(506816K), [Metaspace: 12958K->12958K(1060864K)], 0.0857061 secs] [Times: user=0.08 sys=0.00, real=0.09 secs] 
2017-11-10T19:37:04.565+0500: 468.024: [Full GC (Allocation Failure) 2017-11-10T19:37:04.565+0500: 468.024: [Tenured: 349567K->349567K(349568K), 0.0841867 secs] 506815K->506796K(506816K), [Metaspace: 12958K->12958K(1060864K)], 0.0843035 secs] [Times: user=0.09 sys=0.00, real=0.08 secs] 
2017-11-10T19:37:04.650+0500: 468.109: [Full GC (Allocation Failure) 2017-11-10T19:37:04.650+0500: 468.109: [Tenured: 349567K->349567K(349568K), 0.0866507 secs] 506815K->506797K(506816K), [Metaspace: 12958K->12958K(1060864K)], 0.0867411 secs] [Times: user=0.08 sys=0.00, real=0.09 secs] 
2017-11-10T19:37:04.737+0500: 468.196: [Full GC (Allocation Failure) 2017-11-10T19:37:04.737+0500: 468.196: [Tenured: 349567K->349567K(349568K), 0.0881589 secs] 506815K->506797K(506816K), [Metaspace: 12958K->12958K(1060864K)], 0.0882811 secs] [Times: user=0.08 sys=0.00, real=0.09 secs] 
2017-11-10T19:37:04.826+0500: 468.285: [Full GC (Allocation Failure) 2017-11-10T19:37:04.826+0500: 468.285: [Tenured: 349567K->349567K(349568K), 0.0904963 secs] 506815K->506797K(506816K), [Metaspace: 12958K->12958K(1060864K)], 0.0906097 secs] [Times: user=0.09 sys=0.00, real=0.09 secs] 
2017-11-10T19:37:04.918+0500: 468.377: [Full GC (Allocation Failure) 2017-11-10T19:37:04.918+0500: 468.377: [Tenured: 349567K->349567K(349568K), 0.0879516 secs] 506815K->506796K(506816K), [Metaspace: 12958K->12958K(1060864K)], 0.0880455 secs] [Times: user=0.09 sys=0.00, real=0.09 secs] 
2017-11-10T19:37:05.006+0500: 468.465: [Full GC (Allocation Failure) 2017-11-10T19:37:05.006+0500: 468.465: [Tenured: 349567K->349567K(349568K), 0.0871821 secs] 506815K->506797K(506816K), [Metaspace: 12958K->12958K(1060864K)], 0.0872857 secs] [Times: user=0.08 sys=0.00, real=0.09 secs] 
2017-11-10T19:37:05.094+0500: 468.553: [Full GC (Allocation Failure) 2017-11-10T19:37:05.094+0500: 468.553: [Tenured: 349567K->349567K(349568K), 0.0815506 secs] 506815K->506797K(506816K), [Metaspace: 12958K->12958K(1060864K)], 0.0816533 secs] [Times: user=0.09 sys=0.00, real=0.08 secs] 
2017-11-10T19:37:05.176+0500: 468.635: [Full GC (Allocation Failure) 2017-11-10T19:37:05.176+0500: 468.635: [Tenured: 349567K->349567K(349568K), 0.0821612 secs] 506815K->506797K(506816K), [Metaspace: 12958K->12958K(1060864K)], 0.0822482 secs] [Times: user=0.08 sys=0.00, real=0.08 secs] 
2017-11-10T19:37:05.259+0500: 468.718: [Full GC (Allocation Failure) 2017-11-10T19:37:05.259+0500: 468.718: [Tenured: 349567K->349567K(349568K), 0.0834216 secs] 506815K->506796K(506816K), [Metaspace: 12958K->12958K(1060864K)], 0.0835179 secs] [Times: user=0.08 sys=0.00, real=0.08 secs] 
2017-11-10T19:37:05.343+0500: 468.802: [Full GC (Allocation Failure) 2017-11-10T19:37:05.343+0500: 468.802: [Tenured: 349567K->349567K(349568K), 0.0804217 secs] 506815K->506797K(506816K), [Metaspace: 12958K->12958K(1060864K)], 0.0805195 secs] [Times: user=0.08 sys=0.00, real=0.08 secs] 
2017-11-10T19:37:05.424+0500: 468.883: [Full GC (Allocation Failure) 2017-11-10T19:37:05.424+0500: 468.883: [Tenured: 349567K->349567K(349568K), 0.0817569 secs] 506815K->506797K(506816K), [Metaspace: 12958K->12958K(1060864K)], 0.0818405 secs] [Times: user=0.08 sys=0.00, real=0.08 secs] 
2017-11-10T19:37:05.507+0500: 468.966: [Full GC (Allocation Failure) 2017-11-10T19:37:05.507+0500: 468.966: [Tenured: 349567K->349567K(349568K), 0.0813658 secs] 506815K->506797K(506816K), [Metaspace: 12958K->12958K(1060864K)], 0.0814621 secs] [Times: user=0.08 sys=0.00, real=0.08 secs] 
2017-11-10T19:37:05.589+0500: 469.048: [Full GC (Allocation Failure) 2017-11-10T19:37:05.589+0500: 469.048: [Tenured: 349567K->349567K(349568K), 0.0860660 secs] 506815K->506796K(506816K), [Metaspace: 12958K->12958K(1060864K)], 0.0861417 secs] [Times: user=0.09 sys=0.00, real=0.09 secs] 
2017-11-10T19:37:05.676+0500: 469.135: [Full GC (Allocation Failure) 2017-11-10T19:37:05.676+0500: 469.135: [Tenured: 349567K->349567K(349568K), 0.0868135 secs] 506815K->506797K(506816K), [Metaspace: 12958K->12958K(1060864K)], 0.0868981 secs] [Times: user=0.08 sys=0.00, real=0.09 secs] 
2017-11-10T19:37:05.763+0500: 469.222: [Full GC (Allocation Failure) 2017-11-10T19:37:05.763+0500: 469.222: [Tenured: 349567K->349567K(349568K), 0.0859486 secs] 506815K->506797K(506816K), [Metaspace: 12958K->12958K(1060864K)], 0.0860572 secs] [Times: user=0.09 sys=0.00, real=0.09 secs] 
2017-11-10T19:37:05.850+0500: 469.309: [Full GC (Allocation Failure) 2017-11-10T19:37:05.850+0500: 469.309: [Tenured: 349567K->349567K(349568K), 0.0828721 secs] 506815K->506797K(506816K), [Metaspace: 12958K->12958K(1060864K)], 0.0829860 secs] [Times: user=0.06 sys=0.00, real=0.08 secs] 
2017-11-10T19:37:05.933+0500: 469.393: [Full GC (Allocation Failure) 2017-11-10T19:37:05.933+0500: 469.393: [Tenured: 349567K->349567K(349568K), 0.0818928 secs] 506815K->506796K(506816K), [Metaspace: 12958K->12958K(1060864K)], 0.0819637 secs] [Times: user=0.08 sys=0.00, real=0.08 secs] 
2017-11-10T19:37:06.016+0500: 469.475: [Full GC (Allocation Failure) 2017-11-10T19:37:06.016+0500: 469.475: [Tenured: 349567K->349567K(349568K), 0.0813932 secs] 506815K->506797K(506816K), [Metaspace: 12958K->12958K(1060864K)], 0.0814699 secs] [Times: user=0.09 sys=0.00, real=0.08 secs] 
2017-11-10T19:37:06.098+0500: 469.557: [Full GC (Allocation Failure) 2017-11-10T19:37:06.098+0500: 469.557: [Tenured: 349567K->349567K(349568K), 0.0791003 secs] 506815K->506797K(506816K), [Metaspace: 12958K->12958K(1060864K)], 0.0791883 secs] [Times: user=0.08 sys=0.00, real=0.08 secs] 
2017-11-10T19:37:06.178+0500: 469.637: [Full GC (Allocation Failure) 2017-11-10T19:37:06.178+0500: 469.637: [Tenured: 349567K->349567K(349568K), 0.0860313 secs] 506815K->506797K(506816K), [Metaspace: 12958K->12958K(1060864K)], 0.0861056 secs] [Times: user=0.08 sys=0.00, real=0.09 secs] 
2017-11-10T19:37:06.264+0500: 469.723: [Full GC (Allocation Failure) 2017-11-10T19:37:06.264+0500: 469.723: [Tenured: 349567K->349567K(349568K), 0.0845001 secs] 506815K->506796K(506816K), [Metaspace: 12958K->12958K(1060864K)], 0.0845876 secs] [Times: user=0.09 sys=0.00, real=0.09 secs] 
2017-11-10T19:37:06.349+0500: 469.809: [Full GC (Allocation Failure) 2017-11-10T19:37:06.349+0500: 469.809: [Tenured: 349567K->349567K(349568K), 0.0807161 secs] 506815K->506797K(506816K), [Metaspace: 12958K->12958K(1060864K)], 0.0808241 secs] [Times: user=0.08 sys=0.00, real=0.08 secs] 
2017-11-10T19:37:06.431+0500: 469.890: [Full GC (Allocation Failure) 2017-11-10T19:37:06.431+0500: 469.890: [Tenured: 349567K->349567K(349568K), 0.0828760 secs] 506815K->506797K(506816K), [Metaspace: 12958K->12958K(1060864K)], 0.0829894 secs] [Times: user=0.08 sys=0.00, real=0.08 secs] 
2017-11-10T19:37:06.514+0500: 469.974: [Full GC (Allocation Failure) 2017-11-10T19:37:06.514+0500: 469.974: [Tenured: 349567K->349567K(349568K), 0.0814025 secs] 506815K->506797K(506816K), [Metaspace: 12958K->12958K(1060864K)], 0.0815076 secs] [Times: user=0.08 sys=0.00, real=0.08 secs] 
2017-11-10T19:37:06.596+0500: 470.056: [Full GC (Allocation Failure) 2017-11-10T19:37:06.596+0500: 470.056: [Tenured: 349567K->349567K(349568K), 0.0763840 secs] 506815K->506796K(506816K), [Metaspace: 12958K->12958K(1060864K)], 0.0764583 secs] [Times: user=0.06 sys=0.00, real=0.08 secs] 
2017-11-10T19:37:06.673+0500: 470.133: [Full GC (Allocation Failure) 2017-11-10T19:37:06.673+0500: 470.133: [Tenured: 349567K->349567K(349568K), 0.0763821 secs] 506815K->506797K(506816K), [Metaspace: 12958K->12958K(1060864K)], 0.0764691 secs] [Times: user=0.08 sys=0.00, real=0.08 secs] 
2017-11-10T19:37:06.750+0500: 470.210: [Full GC (Allocation Failure) 2017-11-10T19:37:06.750+0500: 470.210: [Tenured: 349567K->349567K(349568K), 0.0805327 secs] 506815K->506797K(506816K), [Metaspace: 12958K->12958K(1060864K)], 0.0806193 secs] [Times: user=0.09 sys=0.00, real=0.08 secs] 
2017-11-10T19:37:06.832+0500: 470.291: [Full GC (Allocation Failure) 2017-11-10T19:37:06.832+0500: 470.291: [Tenured: 349567K->349567K(349568K), 0.0897967 secs] 506815K->506797K(506816K), [Metaspace: 12958K->12958K(1060864K)], 0.0898949 secs] [Times: user=0.08 sys=0.00, real=0.09 secs] 
2017-11-10T19:37:06.922+0500: 470.382: [Full GC (Allocation Failure) 2017-11-10T19:37:06.922+0500: 470.382: [Tenured: 349567K->349567K(349568K), 0.0991007 secs] 506815K->506796K(506816K), [Metaspace: 12958K->12958K(1060864K)], 0.0992068 secs] [Times: user=0.11 sys=0.00, real=0.10 secs] 
2017-11-10T19:37:07.022+0500: 470.481: [Full GC (Allocation Failure) 2017-11-10T19:37:07.022+0500: 470.481: [Tenured: 349567K->349567K(349568K), 0.0793467 secs] 506815K->506797K(506816K), [Metaspace: 12958K->12958K(1060864K)], 0.0794518 secs] [Times: user=0.08 sys=0.00, real=0.08 secs] 
2017-11-10T19:37:07.102+0500: 470.562: [Full GC (Allocation Failure) 2017-11-10T19:37:07.102+0500: 470.562: [Tenured: 349567K->349567K(349568K), 0.0795862 secs] 506815K->506797K(506816K), [Metaspace: 12958K->12958K(1060864K)], 0.0797055 secs] [Times: user=0.08 sys=0.00, real=0.08 secs] 
2017-11-10T19:37:07.183+0500: 470.642: [Full GC (Allocation Failure) 2017-11-10T19:37:07.183+0500: 470.642: [Tenured: 349567K->349567K(349568K), 0.0750841 secs] 506815K->506797K(506816K), [Metaspace: 12958K->12958K(1060864K)], 0.0751623 secs] [Times: user=0.08 sys=0.00, real=0.07 secs] 
2017-11-10T19:37:07.259+0500: 470.718: [Full GC (Allocation Failure) 2017-11-10T19:37:07.259+0500: 470.718: [Tenured: 349567K->349567K(349568K), 0.0761801 secs] 506815K->506796K(506816K), [Metaspace: 12958K->12958K(1060864K)], 0.0762564 secs] [Times: user=0.08 sys=0.00, real=0.08 secs] 
2017-11-10T19:37:07.335+0500: 470.794: [Full GC (Allocation Failure) 2017-11-10T19:37:07.335+0500: 470.794: [Tenured: 349567K->349567K(349568K), 0.0768089 secs] 506815K->506797K(506816K), [Metaspace: 12958K->12958K(1060864K)], 0.0768944 secs] [Times: user=0.08 sys=0.00, real=0.08 secs] 
2017-11-10T19:37:07.413+0500: 470.872: [Full GC (Allocation Failure) 2017-11-10T19:37:07.413+0500: 470.872: [Tenured: 349567K->349567K(349568K), 0.0754849 secs] 506815K->506797K(506816K), [Metaspace: 12958K->12958K(1060864K)], 0.0755641 secs] [Times: user=0.08 sys=0.00, real=0.07 secs] 
2017-11-10T19:37:07.489+0500: 470.948: [Full GC (Allocation Failure) 2017-11-10T19:37:07.489+0500: 470.948: [Tenured: 349567K->349567K(349568K), 0.0740897 secs] 506815K->506797K(506816K), [Metaspace: 12958K->12958K(1060864K)], 0.0741742 secs] [Times: user=0.06 sys=0.00, real=0.07 secs] 
2017-11-10T19:37:07.564+0500: 471.022: [Full GC (Allocation Failure) 2017-11-10T19:37:07.564+0500: 471.022: [Tenured: 349567K->349567K(349568K), 0.0748386 secs] 506815K->506796K(506816K), [Metaspace: 12958K->12958K(1060864K)], 0.0749213 secs] [Times: user=0.08 sys=0.00, real=0.07 secs] 
2017-11-10T19:37:07.639+0500: 471.098: [Full GC (Allocation Failure) 2017-11-10T19:37:07.639+0500: 471.098: [Tenured: 349567K->349567K(349568K), 0.0750283 secs] 506815K->506797K(506816K), [Metaspace: 12958K->12958K(1060864K)], 0.0751007 secs] [Times: user=0.08 sys=0.00, real=0.08 secs] 
2017-11-10T19:37:07.715+0500: 471.173: [Full GC (Allocation Failure) 2017-11-10T19:37:07.715+0500: 471.174: [Tenured: 349567K->349567K(349568K), 0.0745419 secs] 506815K->506797K(506816K), [Metaspace: 12958K->12958K(1060864K)], 0.0746152 secs] [Times: user=0.08 sys=0.00, real=0.07 secs] 
2017-11-10T19:37:07.790+0500: 471.249: [Full GC (Allocation Failure) 2017-11-10T19:37:07.790+0500: 471.249: [Tenured: 349567K->349567K(349568K), 0.0739748 secs] 506815K->506797K(506816K), [Metaspace: 12958K->12958K(1060864K)], 0.0740520 secs] [Times: user=0.08 sys=0.00, real=0.07 secs] 
2017-11-10T19:37:07.864+0500: 471.323: [Full GC (Allocation Failure) 2017-11-10T19:37:07.864+0500: 471.323: [Tenured: 349567K->349567K(349568K), 0.0752933 secs] 506815K->506796K(506816K), [Metaspace: 12958K->12958K(1060864K)], 0.0753720 secs] [Times: user=0.06 sys=0.00, real=0.08 secs] 
2017-11-10T19:37:07.940+0500: 471.399: [Full GC (Allocation Failure) 2017-11-10T19:37:07.940+0500: 471.399: [Tenured: 349567K->349567K(349568K), 0.0753407 secs] 506815K->506797K(506816K), [Metaspace: 12958K->12958K(1060864K)], 0.0754131 secs] [Times: user=0.06 sys=0.00, real=0.08 secs] 
2017-11-10T19:37:08.016+0500: 471.475: [Full GC (Allocation Failure) 2017-11-10T19:37:08.016+0500: 471.475: [Tenured: 349567K->349567K(349568K), 0.0748528 secs] 506815K->506797K(506816K), [Metaspace: 12958K->12958K(1060864K)], 0.0749384 secs] [Times: user=0.08 sys=0.00, real=0.08 secs] 
2017-11-10T19:37:08.092+0500: 471.551: [Full GC (Allocation Failure) 2017-11-10T19:37:08.092+0500: 471.551: [Tenured: 349567K->349567K(349568K), 0.0770812 secs] 506815K->506797K(506816K), [Metaspace: 12958K->12958K(1060864K)], 0.0771667 secs] [Times: user=0.08 sys=0.00, real=0.08 secs] 
2017-11-10T19:37:08.169+0500: 471.628: [Full GC (Allocation Failure) 2017-11-10T19:37:08.169+0500: 471.628: [Tenured: 349567K->349567K(349568K), 0.0746729 secs] 506815K->506796K(506816K), [Metaspace: 12958K->12958K(1060864K)], 0.0747501 secs] [Times: user=0.08 sys=0.00, real=0.08 secs] 
2017-11-10T19:37:08.245+0500: 471.704: [Full GC (Allocation Failure) 2017-11-10T19:37:08.245+0500: 471.704: [Tenured: 349567K->349567K(349568K), 0.0761753 secs] 506815K->506797K(506816K), [Metaspace: 12958K->12958K(1060864K)], 0.0762505 secs] [Times: user=0.08 sys=0.00, real=0.08 secs] 
2017-11-10T19:37:08.322+0500: 471.781: [Full GC (Allocation Failure) 2017-11-10T19:37:08.322+0500: 471.781: [Tenured: 349567K->349567K(349568K), 0.0741728 secs] 506815K->506797K(506816K), [Metaspace: 12958K->12958K(1060864K)], 0.0742544 secs] [Times: user=0.08 sys=0.00, real=0.07 secs] 
2017-11-10T19:37:08.396+0500: 471.855: [Full GC (Allocation Failure) 2017-11-10T19:37:08.396+0500: 471.855: [Tenured: 349567K->349567K(349568K), 0.0758159 secs] 506815K->506797K(506816K), [Metaspace: 12958K->12958K(1060864K)], 0.0758893 secs] [Times: user=0.08 sys=0.00, real=0.08 secs] 
2017-11-10T19:37:08.473+0500: 471.932: [Full GC (Allocation Failure) 2017-11-10T19:37:08.473+0500: 471.932: [Tenured: 349567K->349567K(349568K), 0.0748352 secs] 506815K->506796K(506816K), [Metaspace: 12958K->12958K(1060864K)], 0.0749398 secs] [Times: user=0.06 sys=0.00, real=0.08 secs] 
2017-11-10T19:37:08.548+0500: 472.007: [Full GC (Allocation Failure) 2017-11-10T19:37:08.548+0500: 472.007: [Tenured: 349567K->349567K(349568K), 0.0778267 secs] 506815K->506797K(506816K), [Metaspace: 12958K->12958K(1060864K)], 0.0778966 secs] [Times: user=0.08 sys=0.00, real=0.08 secs] 
2017-11-10T19:37:08.626+0500: 472.085: [Full GC (Allocation Failure) 2017-11-10T19:37:08.626+0500: 472.086: [Tenured: 349567K->349567K(349568K), 0.0804574 secs] 506815K->506797K(506816K), [Metaspace: 12958K->12958K(1060864K)], 0.0805386 secs] [Times: user=0.09 sys=0.00, real=0.08 secs] 
2017-11-10T19:37:08.707+0500: 472.167: [Full GC (Allocation Failure) 2017-11-10T19:37:08.707+0500: 472.167: [Tenured: 349567K->349567K(349568K), 0.0772225 secs] 506815K->506797K(506816K), [Metaspace: 12958K->12958K(1060864K)], 0.0772977 secs] [Times: user=0.08 sys=0.00, real=0.08 secs] 
2017-11-10T19:37:08.785+0500: 472.244: [Full GC (Allocation Failure) 2017-11-10T19:37:08.785+0500: 472.244: [Tenured: 349567K->349567K(349568K), 0.0791501 secs] 506815K->506796K(506816K), [Metaspace: 12958K->12958K(1060864K)], 0.0792289 secs] [Times: user=0.08 sys=0.00, real=0.08 secs] 
2017-11-10T19:37:08.865+0500: 472.324: [Full GC (Allocation Failure) 2017-11-10T19:37:08.865+0500: 472.324: [Tenured: 349567K->349567K(349568K), 0.0770342 secs] 506815K->506797K(506816K), [Metaspace: 12958K->12958K(1060864K)], 0.0771320 secs] [Times: user=0.08 sys=0.00, real=0.08 secs] 
2017-11-10T19:37:08.943+0500: 472.402: [Full GC (Allocation Failure) 2017-11-10T19:37:08.943+0500: 472.402: [Tenured: 349567K->349567K(349568K), 0.0754703 secs] 506815K->506797K(506816K), [Metaspace: 12958K->12958K(1060864K)], 0.0755451 secs] [Times: user=0.08 sys=0.00, real=0.08 secs] 
2017-11-10T19:37:09.019+0500: 472.478: [Full GC (Allocation Failure) 2017-11-10T19:37:09.019+0500: 472.478: [Tenured: 349567K->349567K(349568K), 0.0775554 secs] 506815K->506797K(506816K), [Metaspace: 12958K->12958K(1060864K)], 0.0776556 secs] [Times: user=0.08 sys=0.00, real=0.08 secs] 
2017-11-10T19:37:09.097+0500: 472.556: [Full GC (Allocation Failure) 2017-11-10T19:37:09.097+0500: 472.556: [Tenured: 349567K->349567K(349568K), 0.0777333 secs] 506815K->506796K(506816K), [Metaspace: 12958K->12958K(1060864K)], 0.0778130 secs] [Times: user=0.08 sys=0.00, real=0.08 secs] 
2017-11-10T19:37:09.176+0500: 472.635: [Full GC (Allocation Failure) 2017-11-10T19:37:09.176+0500: 472.635: [Tenured: 349567K->349567K(349568K), 0.0756629 secs] 506815K->506797K(506816K), [Metaspace: 12958K->12958K(1060864K)], 0.0757421 secs] [Times: user=0.06 sys=0.00, real=0.07 secs] 
2017-11-10T19:37:09.252+0500: 472.711: [Full GC (Allocation Failure) 2017-11-10T19:37:09.252+0500: 472.711: [Tenured: 349567K->349567K(349568K), 0.0794684 secs] 506815K->506797K(506816K), [Metaspace: 12958K->12958K(1060864K)], 0.0795432 secs] [Times: user=0.08 sys=0.02, real=0.08 secs] 
2017-11-10T19:37:09.332+0500: 472.791: [Full GC (Allocation Failure) 2017-11-10T19:37:09.332+0500: 472.791: [Tenured: 349567K->349567K(349568K), 0.0823900 secs] 506815K->506797K(506816K), [Metaspace: 12958K->12958K(1060864K)], 0.0824951 secs] [Times: user=0.08 sys=0.00, real=0.08 secs] 
2017-11-10T19:37:09.415+0500: 472.874: [Full GC (Allocation Failure) 2017-11-10T19:37:09.415+0500: 472.874: [Tenured: 349567K->349567K(349568K), 0.0825821 secs] 506815K->506796K(506816K), [Metaspace: 12958K->12958K(1060864K)], 0.0826755 secs] [Times: user=0.08 sys=0.00, real=0.08 secs] 
2017-11-10T19:37:09.498+0500: 472.957: [Full GC (Allocation Failure) 2017-11-10T19:37:09.498+0500: 472.957: [Tenured: 349567K->349567K(349568K), 0.0778033 secs] 506815K->506797K(506816K), [Metaspace: 12958K->12958K(1060864K)], 0.0778785 secs] [Times: user=0.08 sys=0.00, real=0.08 secs] 
2017-11-10T19:37:09.577+0500: 473.036: [Full GC (Allocation Failure) 2017-11-10T19:37:09.577+0500: 473.036: [Tenured: 349567K->349567K(349568K), 0.0750772 secs] 506815K->506797K(506816K), [Metaspace: 12958K->12958K(1060864K)], 0.0751554 secs] [Times: user=0.08 sys=0.00, real=0.08 secs] 
2017-11-10T19:37:09.652+0500: 473.111: [Full GC (Allocation Failure) 2017-11-10T19:37:09.652+0500: 473.112: [Tenured: 349567K->349567K(349568K), 0.0788426 secs] 506815K->506797K(506816K), [Metaspace: 12958K->12958K(1060864K)], 0.0789487 secs] [Times: user=0.08 sys=0.00, real=0.08 secs] 
2017-11-10T19:37:09.732+0500: 473.191: [Full GC (Allocation Failure) 2017-11-10T19:37:09.732+0500: 473.191: [Tenured: 349567K->349567K(349568K), 0.0819642 secs] 506815K->506796K(506816K), [Metaspace: 12958K->12958K(1060864K)], 0.0820595 secs] [Times: user=0.08 sys=0.00, real=0.08 secs] 
2017-11-10T19:37:09.814+0500: 473.274: [Full GC (Allocation Failure) 2017-11-10T19:37:09.814+0500: 473.274: [Tenured: 349567K->349567K(349568K), 0.0835247 secs] 506815K->506797K(506816K), [Metaspace: 12958K->12958K(1060864K)], 0.0835995 secs] [Times: user=0.09 sys=0.00, real=0.08 secs] 
2017-11-10T19:37:09.898+0500: 473.358: [Full GC (Allocation Failure) 2017-11-10T19:37:09.898+0500: 473.358: [Tenured: 349567K->349567K(349568K), 0.0800355 secs] 506815K->506797K(506816K), [Metaspace: 12958K->12958K(1060864K)], 0.0801211 secs] [Times: user=0.08 sys=0.00, real=0.08 secs] 
2017-11-10T19:37:09.979+0500: 473.438: [Full GC (Allocation Failure) 2017-11-10T19:37:09.979+0500: 473.438: [Tenured: 349567K->349567K(349568K), 0.0771902 secs] 506815K->506797K(506816K), [Metaspace: 12958K->12958K(1060864K)], 0.0772665 secs] [Times: user=0.08 sys=0.00, real=0.08 secs] 
2017-11-10T19:37:10.057+0500: 473.516: [Full GC (Allocation Failure) 2017-11-10T19:37:10.057+0500: 473.516: [Tenured: 349567K->349567K(349568K), 0.0779499 secs] 506815K->506796K(506816K), [Metaspace: 12958K->12958K(1060864K)], 0.0780218 secs] [Times: user=0.08 sys=0.00, real=0.08 secs] 
2017-11-10T19:37:10.135+0500: 473.595: [Full GC (Allocation Failure) 2017-11-10T19:37:10.135+0500: 473.595: [Tenured: 349567K->349567K(349568K), 0.0764446 secs] 506815K->506797K(506816K), [Metaspace: 12958K->12958K(1060864K)], 0.0765165 secs] [Times: user=0.08 sys=0.00, real=0.08 secs] 
2017-11-10T19:37:10.212+0500: 473.672: [Full GC (Allocation Failure) 2017-11-10T19:37:10.212+0500: 473.672: [Tenured: 349567K->349567K(349568K), 0.0755725 secs] 506815K->506797K(506816K), [Metaspace: 12958K->12958K(1060864K)], 0.0756492 secs] [Times: user=0.08 sys=0.00, real=0.08 secs] 
2017-11-10T19:37:10.289+0500: 473.748: [Full GC (Allocation Failure) 2017-11-10T19:37:10.289+0500: 473.748: [Tenured: 349567K->349567K(349568K), 0.0750743 secs] 506815K->506797K(506816K), [Metaspace: 12958K->12958K(1060864K)], 0.0751545 secs] [Times: user=0.08 sys=0.00, real=0.08 secs] 
2017-11-10T19:37:10.364+0500: 473.824: [Full GC (Allocation Failure) 2017-11-10T19:37:10.364+0500: 473.824: [Tenured: 349567K->349567K(349568K), 0.0864629 secs] 506815K->506796K(506816K), [Metaspace: 12958K->12958K(1060864K)], 0.0865871 secs] [Times: user=0.05 sys=0.00, real=0.09 secs] 
2017-11-10T19:37:10.452+0500: 473.911: [Full GC (Allocation Failure) 2017-11-10T19:37:10.452+0500: 473.911: [Tenured: 349567K->349567K(349568K), 0.0866927 secs] 506815K->506797K(506816K), [Metaspace: 12958K->12958K(1060864K)], 0.0868145 secs] [Times: user=0.09 sys=0.00, real=0.09 secs] 
2017-11-10T19:37:10.539+0500: 473.998: [Full GC (Allocation Failure) 2017-11-10T19:37:10.539+0500: 473.998: [Tenured: 349567K->349567K(349568K), 0.0882376 secs] 506815K->506797K(506816K), [Metaspace: 12958K->12958K(1060864K)], 0.0883452 secs] [Times: user=0.09 sys=0.00, real=0.09 secs] 
2017-11-10T19:37:10.628+0500: 474.087: [Full GC (Allocation Failure) 2017-11-10T19:37:10.628+0500: 474.087: [Tenured: 349567K->349567K(349568K), 0.0795227 secs] 506815K->506797K(506816K), [Metaspace: 12958K->12958K(1060864K)], 0.0796425 secs] [Times: user=0.08 sys=0.00, real=0.08 secs] 
2017-11-10T19:37:10.708+0500: 474.168: [Full GC (Allocation Failure) 2017-11-10T19:37:10.708+0500: 474.168: [Tenured: 349567K->349567K(349568K), 0.0778976 secs] 506815K->506796K(506816K), [Metaspace: 12958K->12958K(1060864K)], 0.0779993 secs] [Times: user=0.08 sys=0.00, real=0.08 secs] 
2017-11-10T19:37:10.787+0500: 474.246: [Full GC (Allocation Failure) 2017-11-10T19:37:10.787+0500: 474.246: [Tenured: 349567K->349567K(349568K), 0.0758585 secs] 506815K->506797K(506816K), [Metaspace: 12958K->12958K(1060864K)], 0.0759362 secs] [Times: user=0.08 sys=0.00, real=0.08 secs] 
2017-11-10T19:37:10.863+0500: 474.322: [Full GC (Allocation Failure) 2017-11-10T19:37:10.863+0500: 474.323: [Tenured: 349567K->349567K(349568K), 0.0795823 secs] 506815K->506797K(506816K), [Metaspace: 12958K->12958K(1060864K)], 0.0797148 secs] [Times: user=0.08 sys=0.00, real=0.08 secs] 
2017-11-10T19:37:10.944+0500: 474.403: [Full GC (Allocation Failure) 2017-11-10T19:37:10.944+0500: 474.403: [Tenured: 349567K->349567K(349568K), 0.0773779 secs] 506815K->506797K(506816K), [Metaspace: 12958K->12958K(1060864K)], 0.0774762 secs] [Times: user=0.08 sys=0.00, real=0.08 secs] 
2017-11-10T19:37:11.022+0500: 474.481: [Full GC (Allocation Failure) 2017-11-10T19:37:11.022+0500: 474.481: [Tenured: 349567K->349567K(349568K), 0.0823128 secs] 506815K->506796K(506816K), [Metaspace: 12958K->12958K(1060864K)], 0.0824003 secs] [Times: user=0.08 sys=0.00, real=0.08 secs] 
2017-11-10T19:37:11.106+0500: 474.564: [Full GC (Allocation Failure) 2017-11-10T19:37:11.106+0500: 474.565: [Tenured: 349567K->349567K(349568K), 0.0845049 secs] 506815K->506797K(506816K), [Metaspace: 12958K->12958K(1060864K)], 0.0846140 secs] [Times: user=0.09 sys=0.00, real=0.08 secs] 
2017-11-10T19:37:11.191+0500: 474.650: [Full GC (Allocation Failure) 2017-11-10T19:37:11.191+0500: 474.650: [Tenured: 349567K->349567K(349568K), 0.0849156 secs] 506815K->506797K(506816K), [Metaspace: 12958K->12958K(1060864K)], 0.0850046 secs] [Times: user=0.06 sys=0.00, real=0.09 secs] 
2017-11-10T19:37:11.276+0500: 474.735: [Full GC (Allocation Failure) 2017-11-10T19:37:11.276+0500: 474.735: [Tenured: 349567K->349567K(349568K), 0.0888072 secs] 506815K->506797K(506816K), [Metaspace: 12958K->12958K(1060864K)], 0.0888839 secs] [Times: user=0.09 sys=0.00, real=0.09 secs] 
2017-11-10T19:37:11.366+0500: 474.825: [Full GC (Allocation Failure) 2017-11-10T19:37:11.366+0500: 474.825: [Tenured: 349567K->349567K(349568K), 0.0791575 secs] 506815K->506796K(506816K), [Metaspace: 12958K->12958K(1060864K)], 0.0792621 secs] [Times: user=0.08 sys=0.00, real=0.08 secs] 
2017-11-10T19:37:11.445+0500: 474.904: [Full GC (Allocation Failure) 2017-11-10T19:37:11.445+0500: 474.904: [Tenured: 349567K->349567K(349568K), 0.0773765 secs] 506815K->506797K(506816K), [Metaspace: 12958K->12958K(1060864K)], 0.0774605 secs] [Times: user=0.08 sys=0.00, real=0.08 secs] 
2017-11-10T19:37:11.523+0500: 474.982: [Full GC (Allocation Failure) 2017-11-10T19:37:11.523+0500: 474.982: [Tenured: 349567K->349567K(349568K), 0.0767844 secs] 506815K->506797K(506816K), [Metaspace: 12958K->12958K(1060864K)], 0.0768949 secs] [Times: user=0.08 sys=0.00, real=0.08 secs] 
2017-11-10T19:37:11.601+0500: 475.060: [Full GC (Allocation Failure) 2017-11-10T19:37:11.601+0500: 475.060: [Tenured: 349567K->349567K(349568K), 0.0763674 secs] 506815K->506797K(506816K), [Metaspace: 12958K->12958K(1060864K)], 0.0764808 secs] [Times: user=0.08 sys=0.00, real=0.08 secs] 
2017-11-10T19:37:11.678+0500: 475.137: [Full GC (Allocation Failure) 2017-11-10T19:37:11.678+0500: 475.137: [Tenured: 349567K->349567K(349568K), 0.0805694 secs] 506815K->506796K(506816K), [Metaspace: 12958K->12958K(1060864K)], 0.0806799 secs] [Times: user=0.08 sys=0.00, real=0.08 secs] 
2017-11-10T19:37:11.759+0500: 475.218: [Full GC (Allocation Failure) 2017-11-10T19:37:11.759+0500: 475.218: [Tenured: 349567K->349567K(349568K), 0.0773965 secs] 506815K->506797K(506816K), [Metaspace: 12958K->12958K(1060864K)], 0.0774982 secs] [Times: user=0.08 sys=0.00, real=0.08 secs] 
2017-11-10T19:37:11.837+0500: 475.296: [Full GC (Allocation Failure) 2017-11-10T19:37:11.837+0500: 475.296: [Tenured: 349567K->349567K(349568K), 0.0803905 secs] 506815K->506797K(506816K), [Metaspace: 12958K->12958K(1060864K)], 0.0804804 secs] [Times: user=0.08 sys=0.00, real=0.08 secs] 
2017-11-10T19:37:11.918+0500: 475.377: [Full GC (Allocation Failure) 2017-11-10T19:37:11.919+0500: 475.377: [Tenured: 349567K->349567K(349568K), 0.0749980 secs] 506815K->506797K(506816K), [Metaspace: 12958K->12958K(1060864K)], 0.0751002 secs] [Times: user=0.08 sys=0.00, real=0.08 secs] 
2017-11-10T19:37:11.994+0500: 475.453: [Full GC (Allocation Failure) 2017-11-10T19:37:11.994+0500: 475.453: [Tenured: 349567K->349567K(349568K), 0.0755436 secs] 506815K->506796K(506816K), [Metaspace: 12958K->12958K(1060864K)], 0.0756502 secs] [Times: user=0.08 sys=0.00, real=0.08 secs] 
2017-11-10T19:37:12.070+0500: 475.529: [Full GC (Allocation Failure) 2017-11-10T19:37:12.070+0500: 475.529: [Tenured: 349567K->349567K(349568K), 0.0772430 secs] 506815K->506797K(506816K), [Metaspace: 12958K->12958K(1060864K)], 0.0773246 secs] [Times: user=0.08 sys=0.00, real=0.08 secs] 
2017-11-10T19:37:12.148+0500: 475.607: [Full GC (Allocation Failure) 2017-11-10T19:37:12.148+0500: 475.607: [Tenured: 349567K->349567K(349568K), 0.0747394 secs] 506815K->506797K(506816K), [Metaspace: 12958K->12958K(1060864K)], 0.0748377 secs] [Times: user=0.08 sys=0.00, real=0.08 secs] 
2017-11-10T19:37:12.224+0500: 475.683: [Full GC (Allocation Failure) 2017-11-10T19:37:12.224+0500: 475.683: [Tenured: 349567K->349567K(349568K), 0.0778658 secs] 506815K->506797K(506816K), [Metaspace: 12958K->12958K(1060864K)], 0.0779690 secs] [Times: user=0.08 sys=0.00, real=0.08 secs] 
2017-11-10T19:37:12.302+0500: 475.761: [Full GC (Allocation Failure) 2017-11-10T19:37:12.302+0500: 475.761: [Tenured: 349567K->349567K(349568K), 0.0771525 secs] 506815K->506796K(506816K), [Metaspace: 12958K->12958K(1060864K)], 0.0772391 secs] [Times: user=0.08 sys=0.00, real=0.08 secs] 
2017-11-10T19:37:12.380+0500: 475.839: [Full GC (Allocation Failure) 2017-11-10T19:37:12.380+0500: 475.839: [Tenured: 349567K->349567K(349568K), 0.0773813 secs] 506815K->506797K(506816K), [Metaspace: 12958K->12958K(1060864K)], 0.0774840 secs] [Times: user=0.08 sys=0.00, real=0.08 secs] 
2017-11-10T19:37:12.458+0500: 475.917: [Full GC (Allocation Failure) 2017-11-10T19:37:12.458+0500: 475.917: [Tenured: 349567K->349567K(349568K), 0.0749662 secs] 506815K->506797K(506816K), [Metaspace: 12958K->12958K(1060864K)], 0.0750435 secs] [Times: user=0.06 sys=0.00, real=0.08 secs] 
2017-11-10T19:37:12.533+0500: 475.992: [Full GC (Allocation Failure) 2017-11-10T19:37:12.533+0500: 475.992: [Tenured: 349567K->349567K(349568K), 0.0767580 secs] 506815K->506797K(506816K), [Metaspace: 12958K->12958K(1060864K)], 0.0768333 secs] [Times: user=0.08 sys=0.00, real=0.08 secs] 
2017-11-10T19:37:12.611+0500: 476.070: [Full GC (Allocation Failure) 2017-11-10T19:37:12.611+0500: 476.070: [Tenured: 349567K->349567K(349568K), 0.0744065 secs] 506815K->506796K(506816K), [Metaspace: 12958K->12958K(1060864K)], 0.0744891 secs] [Times: user=0.08 sys=0.00, real=0.07 secs] 
2017-11-10T19:37:12.686+0500: 476.145: [Full GC (Allocation Failure) 2017-11-10T19:37:12.686+0500: 476.145: [Tenured: 349567K->349567K(349568K), 0.0757269 secs] 506815K->506797K(506816K), [Metaspace: 12958K->12958K(1060864K)], 0.0759249 secs] [Times: user=0.08 sys=0.00, real=0.08 secs] 
2017-11-10T19:37:12.762+0500: 476.221: [Full GC (Allocation Failure) 2017-11-10T19:37:12.762+0500: 476.221: [Tenured: 349567K->349567K(349568K), 0.0761440 secs] 506815K->506797K(506816K), [Metaspace: 12958K->12958K(1060864K)], 0.0762564 secs] [Times: user=0.06 sys=0.00, real=0.08 secs] 
2017-11-10T19:37:12.839+0500: 476.298: [Full GC (Allocation Failure) 2017-11-10T19:37:12.839+0500: 476.298: [Tenured: 349567K->349567K(349568K), 0.0781958 secs] 506815K->506797K(506816K), [Metaspace: 12958K->12958K(1060864K)], 0.0782965 secs] [Times: user=0.06 sys=0.00, real=0.08 secs] 
2017-11-10T19:37:12.918+0500: 476.377: [Full GC (Allocation Failure) 2017-11-10T19:37:12.918+0500: 476.377: [Tenured: 349567K->349567K(349568K), 0.0747971 secs] 506815K->506796K(506816K), [Metaspace: 12958K->12958K(1060864K)], 0.0748929 secs] [Times: user=0.08 sys=0.00, real=0.08 secs] 
2017-11-10T19:37:12.993+0500: 476.453: [Full GC (Allocation Failure) 2017-11-10T19:37:12.993+0500: 476.453: [Tenured: 349567K->349567K(349568K), 0.0753881 secs] 506815K->506797K(506816K), [Metaspace: 12958K->12958K(1060864K)], 0.0754923 secs] [Times: user=0.08 sys=0.00, real=0.08 secs] 
2017-11-10T19:37:13.069+0500: 476.529: [Full GC (Allocation Failure) 2017-11-10T19:37:13.069+0500: 476.529: [Tenured: 349567K->349567K(349568K), 0.0753221 secs] 506815K->506797K(506816K), [Metaspace: 12958K->12958K(1060864K)], 0.0753930 secs] [Times: user=0.08 sys=0.00, real=0.08 secs] 
2017-11-10T19:37:13.145+0500: 476.604: [Full GC (Allocation Failure) 2017-11-10T19:37:13.145+0500: 476.604: [Tenured: 349567K->349567K(349568K), 0.0755788 secs] 506815K->506797K(506816K), [Metaspace: 12958K->12958K(1060864K)], 0.0756570 secs] [Times: user=0.06 sys=0.00, real=0.08 secs] 
2017-11-10T19:37:13.221+0500: 476.681: [Full GC (Allocation Failure) 2017-11-10T19:37:13.221+0500: 476.681: [Tenured: 349567K->349567K(349568K), 0.0771462 secs] 506815K->506796K(506816K), [Metaspace: 12958K->12958K(1060864K)], 0.0772225 secs] [Times: user=0.06 sys=0.00, real=0.08 secs] 
2017-11-10T19:37:13.299+0500: 476.758: [Full GC (Allocation Failure) 2017-11-10T19:37:13.299+0500: 476.758: [Tenured: 349567K->349567K(349568K), 0.0754634 secs] 506815K->506797K(506816K), [Metaspace: 12958K->12958K(1060864K)], 0.0755524 secs] [Times: user=0.06 sys=0.00, real=0.08 secs] 
2017-11-10T19:37:13.375+0500: 476.834: [Full GC (Allocation Failure) 2017-11-10T19:37:13.375+0500: 476.834: [Tenured: 349567K->349567K(349568K), 0.0769819 secs] 506815K->506797K(506816K), [Metaspace: 12958K->12958K(1060864K)], 0.0770645 secs] [Times: user=0.06 sys=0.00, real=0.08 secs] 
2017-11-10T19:37:13.453+0500: 476.912: [Full GC (Allocation Failure) 2017-11-10T19:37:13.453+0500: 476.912: [Tenured: 349567K->349567K(349568K), 0.0778986 secs] 506815K->506797K(506816K), [Metaspace: 12958K->12958K(1060864K)], 0.0779753 secs] [Times: user=0.08 sys=0.00, real=0.08 secs] 
2017-11-10T19:37:13.531+0500: 476.991: [Full GC (Allocation Failure) 2017-11-10T19:37:13.531+0500: 476.991: [Tenured: 349567K->349567K(349568K), 0.0747917 secs] 506815K->506796K(506816K), [Metaspace: 12958K->12958K(1060864K)], 0.0748895 secs] [Times: user=0.08 sys=0.00, real=0.08 secs] 
2017-11-10T19:37:13.607+0500: 477.066: [Full GC (Allocation Failure) 2017-11-10T19:37:13.607+0500: 477.066: [Tenured: 349567K->349567K(349568K), 0.0750220 secs] 506815K->506797K(506816K), [Metaspace: 12958K->12958K(1060864K)], 0.0750953 secs] [Times: user=0.08 sys=0.00, real=0.07 secs] 
2017-11-10T19:37:13.682+0500: 477.142: [Full GC (Allocation Failure) 2017-11-10T19:37:13.682+0500: 477.142: [Tenured: 349567K->349567K(349568K), 0.0830456 secs] 506815K->506797K(506816K), [Metaspace: 12958K->12958K(1060864K)], 0.0831463 secs] [Times: user=0.08 sys=0.00, real=0.08 secs] 
2017-11-10T19:37:13.767+0500: 477.226: [Full GC (Allocation Failure) 2017-11-10T19:37:13.767+0500: 477.226: [Tenured: 349567K->349567K(349568K), 0.0830368 secs] 506815K->506797K(506816K), [Metaspace: 12958K->12958K(1060864K)], 0.0831659 secs] [Times: user=0.09 sys=0.00, real=0.08 secs] 
2017-11-10T19:37:13.851+0500: 477.310: [Full GC (Allocation Failure) 2017-11-10T19:37:13.851+0500: 477.310: [Tenured: 349567K->349567K(349568K), 0.0793907 secs] 506815K->506796K(506816K), [Metaspace: 12958K->12958K(1060864K)], 0.0794841 secs] [Times: user=0.08 sys=0.00, real=0.08 secs] 
2017-11-10T19:37:13.931+0500: 477.390: [Full GC (Allocation Failure) 2017-11-10T19:37:13.931+0500: 477.390: [Tenured: 349567K->349567K(349568K), 0.0777417 secs] 506815K->506797K(506816K), [Metaspace: 12958K->12958K(1060864K)], 0.0778135 secs] [Times: user=0.08 sys=0.00, real=0.08 secs] 
2017-11-10T19:37:14.009+0500: 477.468: [Full GC (Allocation Failure) 2017-11-10T19:37:14.009+0500: 477.468: [Tenured: 349567K->349567K(349568K), 0.0742730 secs] 506815K->506797K(506816K), [Metaspace: 12958K->12958K(1060864K)], 0.0743815 secs] [Times: user=0.08 sys=0.00, real=0.07 secs] 
2017-11-10T19:37:14.084+0500: 477.543: [Full GC (Allocation Failure) 2017-11-10T19:37:14.084+0500: 477.543: [Tenured: 349567K->349567K(349568K), 0.0755182 secs] 506815K->506797K(506816K), [Metaspace: 12958K->12958K(1060864K)], 0.0756448 secs] [Times: user=0.08 sys=0.00, real=0.08 secs] 
2017-11-10T19:37:14.160+0500: 477.619: [Full GC (Allocation Failure) 2017-11-10T19:37:14.160+0500: 477.619: [Tenured: 349567K->349567K(349568K), 0.0747247 secs] 506815K->506796K(506816K), [Metaspace: 12958K->12958K(1060864K)], 0.0748313 secs] [Times: user=0.06 sys=0.00, real=0.07 secs] 
2017-11-10T19:37:14.236+0500: 477.695: [Full GC (Allocation Failure) 2017-11-10T19:37:14.236+0500: 477.695: [Tenured: 349567K->349567K(349568K), 0.0768998 secs] 506815K->506797K(506816K), [Metaspace: 12958K->12958K(1060864K)], 0.0770049 secs] [Times: user=0.08 sys=0.00, real=0.08 secs] 
2017-11-10T19:37:14.313+0500: 477.772: [Full GC (Allocation Failure) 2017-11-10T19:37:14.313+0500: 477.773: [Tenured: 349567K->349567K(349568K), 0.0746509 secs] 506815K->506797K(506816K), [Metaspace: 12958K->12958K(1060864K)], 0.0747335 secs] [Times: user=0.08 sys=0.00, real=0.08 secs] 
2017-11-10T19:37:14.388+0500: 477.848: [Full GC (Allocation Failure) 2017-11-10T19:37:14.388+0500: 477.848: [Tenured: 349567K->349567K(349568K), 0.0742793 secs] 506815K->506797K(506816K), [Metaspace: 12958K->12958K(1060864K)], 0.0743541 secs] [Times: user=0.08 sys=0.00, real=0.08 secs] 
2017-11-10T19:37:14.463+0500: 477.923: [Full GC (Allocation Failure) 2017-11-10T19:37:14.463+0500: 477.923: [Tenured: 349567K->349567K(349568K), 0.0772435 secs] 506815K->506796K(506816K), [Metaspace: 12958K->12958K(1060864K)], 0.0773554 secs] [Times: user=0.08 sys=0.00, real=0.08 secs] 
2017-11-10T19:37:14.541+0500: 478.001: [Full GC (Allocation Failure) 2017-11-10T19:37:14.541+0500: 478.001: [Tenured: 349567K->349567K(349568K), 0.0752268 secs] 506815K->506797K(506816K), [Metaspace: 12958K->12958K(1060864K)], 0.0753207 secs] [Times: user=0.08 sys=0.00, real=0.08 secs] 
2017-11-10T19:37:14.617+0500: 478.076: [Full GC (Allocation Failure) 2017-11-10T19:37:14.617+0500: 478.077: [Tenured: 349567K->349567K(349568K), 0.0749354 secs] 506815K->506797K(506816K), [Metaspace: 12958K->12958K(1060864K)], 0.0750117 secs] [Times: user=0.08 sys=0.00, real=0.07 secs] 
2017-11-10T19:37:14.693+0500: 478.152: [Full GC (Allocation Failure) 2017-11-10T19:37:14.693+0500: 478.152: [Tenured: 349567K->349567K(349568K), 0.0767155 secs] 506815K->506797K(506816K), [Metaspace: 12958K->12958K(1060864K)], 0.0767927 secs] [Times: user=0.08 sys=0.00, real=0.08 secs] 
2017-11-10T19:37:14.770+0500: 478.229: [Full GC (Allocation Failure) 2017-11-10T19:37:14.770+0500: 478.229: [Tenured: 349567K->349567K(349568K), 0.0746284 secs] 506815K->506796K(506816K), [Metaspace: 12958K->12958K(1060864K)], 0.0747321 secs] [Times: user=0.06 sys=0.00, real=0.08 secs] 
2017-11-10T19:37:14.845+0500: 478.305: [Full GC (Allocation Failure) 2017-11-10T19:37:14.845+0500: 478.305: [Tenured: 349567K->349567K(349568K), 0.0779186 secs] 506815K->506797K(506816K), [Metaspace: 12958K->12958K(1060864K)], 0.0780027 secs] [Times: user=0.08 sys=0.00, real=0.08 secs] 
2017-11-10T19:37:14.924+0500: 478.383: [Full GC (Allocation Failure) 2017-11-10T19:37:14.924+0500: 478.383: [Tenured: 349567K->349567K(349568K), 0.0747267 secs] 506815K->506797K(506816K), [Metaspace: 12958K->12958K(1060864K)], 0.0748386 secs] [Times: user=0.08 sys=0.00, real=0.08 secs] 
2017-11-10T19:37:15.000+0500: 478.459: [Full GC (Allocation Failure) 2017-11-10T19:37:15.000+0500: 478.459: [Tenured: 349567K->349567K(349568K), 0.0756473 secs] 506815K->506797K(506816K), [Metaspace: 12958K->12958K(1060864K)], 0.0757646 secs] [Times: user=0.08 sys=0.00, real=0.08 secs] 
2017-11-10T19:37:15.076+0500: 478.535: [Full GC (Allocation Failure) 2017-11-10T19:37:15.076+0500: 478.535: [Tenured: 349567K->349567K(349568K), 0.0769379 secs] 506815K->506796K(506816K), [Metaspace: 12958K->12958K(1060864K)], 0.0770161 secs] [Times: user=0.08 sys=0.00, real=0.08 secs] 
2017-11-10T19:37:15.154+0500: 478.613: [Full GC (Allocation Failure) 2017-11-10T19:37:15.154+0500: 478.613: [Tenured: 349567K->349567K(349568K), 0.0751989 secs] 506815K->506797K(506816K), [Metaspace: 12958K->12958K(1060864K)], 0.0753016 secs] [Times: user=0.08 sys=0.00, real=0.08 secs] 
2017-11-10T19:37:15.229+0500: 478.688: [Full GC (Allocation Failure) 2017-11-10T19:37:15.230+0500: 478.688: [Tenured: 349567K->349567K(349568K), 0.0779758 secs] 506815K->506797K(506816K), [Metaspace: 12958K->12958K(1060864K)], 0.0780746 secs] [Times: user=0.08 sys=0.00, real=0.08 secs] 
2017-11-10T19:37:15.308+0500: 478.767: [Full GC (Allocation Failure) 2017-11-10T19:37:15.308+0500: 478.767: [Tenured: 349567K->349567K(349568K), 0.0747814 secs] 506815K->506797K(506816K), [Metaspace: 12958K->12958K(1060864K)], 0.0748939 secs] [Times: user=0.08 sys=0.00, real=0.07 secs] 
2017-11-10T19:37:15.384+0500: 478.842: [Full GC (Allocation Failure) 2017-11-10T19:37:15.384+0500: 478.843: [Tenured: 349567K->349567K(349568K), 0.0754268 secs] 506815K->506796K(506816K), [Metaspace: 12958K->12958K(1060864K)], 0.0755382 secs] [Times: user=0.08 sys=0.00, real=0.08 secs] 
2017-11-10T19:37:15.460+0500: 478.919: [Full GC (Allocation Failure) 2017-11-10T19:37:15.460+0500: 478.919: [Tenured: 349567K->349567K(349568K), 0.0777314 secs] 506815K->506797K(506816K), [Metaspace: 12958K->12958K(1060864K)], 0.0778106 secs] [Times: user=0.08 sys=0.00, real=0.08 secs] 
2017-11-10T19:37:15.538+0500: 478.997: [Full GC (Allocation Failure) 2017-11-10T19:37:15.538+0500: 478.997: [Tenured: 349567K->349567K(349568K), 0.0752405 secs] 506815K->506797K(506816K), [Metaspace: 12958K->12958K(1060864K)], 0.0753500 secs] [Times: user=0.08 sys=0.00, real=0.07 secs] 
2017-11-10T19:37:15.614+0500: 479.073: [Full GC (Allocation Failure) 2017-11-10T19:37:15.614+0500: 479.073: [Tenured: 349567K->349567K(349568K), 0.0770704 secs] 506815K->506797K(506816K), [Metaspace: 12958K->12958K(1060864K)], 0.0771760 secs] [Times: user=0.08 sys=0.00, real=0.08 secs] 
2017-11-10T19:37:15.692+0500: 479.151: [Full GC (Allocation Failure) 2017-11-10T19:37:15.692+0500: 479.151: [Tenured: 349567K->349567K(349568K), 0.0753573 secs] 506815K->506796K(506816K), [Metaspace: 12958K->12958K(1060864K)], 0.0754884 secs] [Times: user=0.06 sys=0.00, real=0.08 secs] 
2017-11-10T19:37:15.768+0500: 479.227: [Full GC (Allocation Failure) 2017-11-10T19:37:15.768+0500: 479.227: [Tenured: 349567K->349567K(349568K), 0.0761332 secs] 506815K->506797K(506816K), [Metaspace: 12958K->12958K(1060864K)], 0.0762227 secs] [Times: user=0.08 sys=0.00, real=0.08 secs] 
2017-11-10T19:37:15.844+0500: 479.303: [Full GC (Allocation Failure) 2017-11-10T19:37:15.844+0500: 479.303: [Tenured: 349567K->349567K(349568K), 0.0782662 secs] 506815K->506797K(506816K), [Metaspace: 12958K->12958K(1060864K)], 0.0783440 secs] [Times: user=0.08 sys=0.00, real=0.08 secs] 
2017-11-10T19:37:15.923+0500: 479.382: [Full GC (Allocation Failure) 2017-11-10T19:37:15.923+0500: 479.382: [Tenured: 349567K->349567K(349568K), 0.0738858 secs] 506815K->506797K(506816K), [Metaspace: 12958K->12958K(1060864K)], 0.0739660 secs] [Times: user=0.08 sys=0.00, real=0.07 secs] 
2017-11-10T19:37:15.998+0500: 479.457: [Full GC (Allocation Failure) 2017-11-10T19:37:15.998+0500: 479.457: [Tenured: 349567K->349567K(349568K), 0.0812040 secs] 506815K->506796K(506816K), [Metaspace: 12958K->12958K(1060864K)], 0.0812763 secs] [Times: user=0.08 sys=0.00, real=0.08 secs] 
2017-11-10T19:37:16.080+0500: 479.539: [Full GC (Allocation Failure) 2017-11-10T19:37:16.080+0500: 479.539: [Tenured: 349567K->349567K(349568K), 0.0779040 secs] 506815K->506797K(506816K), [Metaspace: 12958K->12958K(1060864K)], 0.0779812 secs] [Times: user=0.08 sys=0.00, real=0.08 secs] 
2017-11-10T19:37:16.158+0500: 479.617: [Full GC (Allocation Failure) 2017-11-10T19:37:16.158+0500: 479.617: [Tenured: 349567K->349567K(349568K), 0.0747599 secs] 506815K->506797K(506816K), [Metaspace: 12958K->12958K(1060864K)], 0.0748357 secs] [Times: user=0.08 sys=0.00, real=0.08 secs] 
2017-11-10T19:37:16.233+0500: 479.692: [Full GC (Allocation Failure) 2017-11-10T19:37:16.234+0500: 479.693: [Tenured: 349567K->349567K(349568K), 0.0759597 secs] 506815K->506797K(506816K), [Metaspace: 12958K->12958K(1060864K)], 0.0760682 secs] [Times: user=0.08 sys=0.00, real=0.08 secs] 
2017-11-10T19:37:16.310+0500: 479.769: [Full GC (Allocation Failure) 2017-11-10T19:37:16.310+0500: 479.769: [Tenured: 349567K->349567K(349568K), 0.0743620 secs] 506815K->506796K(506816K), [Metaspace: 12958K->12958K(1060864K)], 0.0744509 secs] [Times: user=0.08 sys=0.00, real=0.07 secs] 
2017-11-10T19:37:16.385+0500: 479.844: [Full GC (Allocation Failure) 2017-11-10T19:37:16.385+0500: 479.844: [Tenured: 349567K->349567K(349568K), 0.0747800 secs] 506815K->506797K(506816K), [Metaspace: 12958K->12958K(1060864K)], 0.0749129 secs] [Times: user=0.08 sys=0.00, real=0.08 secs] 
2017-11-10T19:37:16.461+0500: 479.920: [Full GC (Allocation Failure) 2017-11-10T19:37:16.461+0500: 479.920: [Tenured: 349567K->349567K(349568K), 0.0745521 secs] 506815K->506797K(506816K), [Metaspace: 12958K->12958K(1060864K)], 0.0746529 secs] [Times: user=0.08 sys=0.00, real=0.07 secs] 
2017-11-10T19:37:16.536+0500: 479.995: [Full GC (Allocation Failure) 2017-11-10T19:37:16.536+0500: 479.995: [Tenured: 349567K->349567K(349568K), 0.0752361 secs] 506815K->506797K(506816K), [Metaspace: 12958K->12958K(1060864K)], 0.0753104 secs] [Times: user=0.06 sys=0.00, real=0.08 secs] 
2017-11-10T19:37:16.612+0500: 480.071: [Full GC (Allocation Failure) 2017-11-10T19:37:16.612+0500: 480.071: [Tenured: 349567K->349567K(349568K), 0.0770699 secs] 506815K->506796K(506816K), [Metaspace: 12958K->12958K(1060864K)], 0.0771731 secs] [Times: user=0.06 sys=0.00, real=0.08 secs] 
2017-11-10T19:37:16.689+0500: 480.148: [Full GC (Allocation Failure) 2017-11-10T19:37:16.689+0500: 480.148: [Tenured: 349567K->349567K(349568K), 0.0769022 secs] 506815K->506797K(506816K), [Metaspace: 12958K->12958K(1060864K)], 0.0769995 secs] [Times: user=0.08 sys=0.00, real=0.08 secs] 
2017-11-10T19:37:16.767+0500: 480.226: [Full GC (Allocation Failure) 2017-11-10T19:37:16.767+0500: 480.226: [Tenured: 349567K->349567K(349568K), 0.0747526 secs] 506815K->506797K(506816K), [Metaspace: 12958K->12958K(1060864K)], 0.0748562 secs] [Times: user=0.08 sys=0.00, real=0.08 secs] 
2017-11-10T19:37:16.842+0500: 480.301: [Full GC (Allocation Failure) 2017-11-10T19:37:16.842+0500: 480.301: [Tenured: 349567K->349567K(349568K), 0.0760687 secs] 506815K->506797K(506816K), [Metaspace: 12958K->12958K(1060864K)], 0.0761523 secs] [Times: user=0.08 sys=0.00, real=0.08 secs] 
2017-11-10T19:37:16.919+0500: 480.378: [Full GC (Allocation Failure) 2017-11-10T19:37:16.919+0500: 480.378: [Tenured: 349567K->349567K(349568K), 0.0748636 secs] 506815K->506796K(506816K), [Metaspace: 12958K->12958K(1060864K)], 0.0749481 secs] [Times: user=0.08 sys=0.00, real=0.08 secs] 
2017-11-10T19:37:16.995+0500: 480.454: [Full GC (Allocation Failure) 2017-11-10T19:37:16.995+0500: 480.454: [Tenured: 349567K->349567K(349568K), 0.0767927 secs] 506815K->506797K(506816K), [Metaspace: 12958K->12958K(1060864K)], 0.0768768 secs] [Times: user=0.08 sys=0.00, real=0.08 secs] 
2017-11-10T19:37:17.072+0500: 480.531: [Full GC (Allocation Failure) 2017-11-10T19:37:17.072+0500: 480.531: [Tenured: 349567K->349567K(349568K), 0.0782956 secs] 506815K->506797K(506816K), [Metaspace: 12958K->12958K(1060864K)], 0.0783992 secs] [Times: user=0.08 sys=0.00, real=0.08 secs] 
2017-11-10T19:37:17.152+0500: 480.611: [Full GC (Allocation Failure) 2017-11-10T19:37:17.152+0500: 480.611: [Tenured: 349567K->349567K(349568K), 0.0770103 secs] 506815K->506797K(506816K), [Metaspace: 12958K->12958K(1060864K)], 0.0770988 secs] [Times: user=0.08 sys=0.00, real=0.08 secs] 
2017-11-10T19:37:17.230+0500: 480.689: [Full GC (Allocation Failure) 2017-11-10T19:37:17.230+0500: 480.689: [Tenured: 349567K->349567K(349568K), 0.0789981 secs] 506815K->506796K(506816K), [Metaspace: 12958K->12958K(1060864K)], 0.0790939 secs] [Times: user=0.08 sys=0.00, real=0.08 secs] 
2017-11-10T19:37:17.309+0500: 480.768: [Full GC (Allocation Failure) 2017-11-10T19:37:17.309+0500: 480.768: [Tenured: 349567K->349567K(349568K), 0.0770846 secs] 506815K->506797K(506816K), [Metaspace: 12958K->12958K(1060864K)], 0.0771672 secs] [Times: user=0.08 sys=0.00, real=0.08 secs] 
2017-11-10T19:37:17.387+0500: 480.846: [Full GC (Allocation Failure) 2017-11-10T19:37:17.387+0500: 480.846: [Tenured: 349567K->349567K(349568K), 0.0767942 secs] 506815K->506797K(506816K), [Metaspace: 12958K->12958K(1060864K)], 0.0768753 secs] [Times: user=0.06 sys=0.01, real=0.08 secs] 
2017-11-10T19:37:17.464+0500: 480.924: [Full GC (Allocation Failure) 2017-11-10T19:37:17.464+0500: 480.924: [Tenured: 349567K->349567K(349568K), 0.0778942 secs] 506815K->506797K(506816K), [Metaspace: 12958K->12958K(1060864K)], 0.0779719 secs] [Times: user=0.08 sys=0.00, real=0.08 secs] 
2017-11-10T19:37:17.543+0500: 481.002: [Full GC (Allocation Failure) 2017-11-10T19:37:17.543+0500: 481.002: [Tenured: 349567K->349567K(349568K), 0.0786422 secs] 506815K->506796K(506816K), [Metaspace: 12958K->12958K(1060864K)], 0.0787180 secs] [Times: user=0.08 sys=0.00, real=0.08 secs] 
2017-11-10T19:37:17.622+0500: 481.081: [Full GC (Allocation Failure) 2017-11-10T19:37:17.622+0500: 481.081: [Tenured: 349567K->349567K(349568K), 0.0759748 secs] 506815K->506797K(506816K), [Metaspace: 12958K->12958K(1060864K)], 0.0760521 secs] [Times: user=0.08 sys=0.00, real=0.08 secs] 
2017-11-10T19:37:17.699+0500: 481.158: [Full GC (Allocation Failure) 2017-11-10T19:37:17.699+0500: 481.158: [Tenured: 349567K->349567K(349568K), 0.0760169 secs] 506815K->506797K(506816K), [Metaspace: 12958K->12958K(1060864K)], 0.0761171 secs] [Times: user=0.08 sys=0.00, real=0.08 secs] 
2017-11-10T19:37:17.775+0500: 481.235: [Full GC (Allocation Failure) 2017-11-10T19:37:17.776+0500: 481.235: [Tenured: 349567K->349567K(349568K), 0.0747086 secs] 506815K->506797K(506816K), [Metaspace: 12958K->12958K(1060864K)], 0.0748215 secs] [Times: user=0.08 sys=0.00, real=0.07 secs] 
2017-11-10T19:37:17.851+0500: 481.310: [Full GC (Allocation Failure) 2017-11-10T19:37:17.851+0500: 481.310: [Tenured: 349567K->349567K(349568K), 0.0768010 secs] 506815K->506796K(506816K), [Metaspace: 12958K->12958K(1060864K)], 0.0768905 secs] [Times: user=0.08 sys=0.00, real=0.08 secs] 
2017-11-10T19:37:17.928+0500: 481.388: [Full GC (Allocation Failure) 2017-11-10T19:37:17.928+0500: 481.388: [Tenured: 349567K->349567K(349568K), 0.0751725 secs] 506815K->506797K(506816K), [Metaspace: 12958K->12958K(1060864K)], 0.0752571 secs] [Times: user=0.08 sys=0.00, real=0.08 secs] 
2017-11-10T19:37:18.004+0500: 481.463: [Full GC (Allocation Failure) 2017-11-10T19:37:18.004+0500: 481.463: [Tenured: 349567K->349567K(349568K), 0.0746397 secs] 506815K->506797K(506816K), [Metaspace: 12958K->12958K(1060864K)], 0.0747233 secs] [Times: user=0.06 sys=0.00, real=0.08 secs] 
2017-11-10T19:37:18.079+0500: 481.539: [Full GC (Allocation Failure) 2017-11-10T19:37:18.080+0500: 481.539: [Tenured: 349567K->349567K(349568K), 0.0764911 secs] 506815K->506797K(506816K), [Metaspace: 12958K->12958K(1060864K)], 0.0765898 secs] [Times: user=0.09 sys=0.00, real=0.08 secs] 
2017-11-10T19:37:18.157+0500: 481.616: [Full GC (Allocation Failure) 2017-11-10T19:37:18.157+0500: 481.616: [Tenured: 349567K->349567K(349568K), 0.0751178 secs] 506815K->506796K(506816K), [Metaspace: 12958K->12958K(1060864K)], 0.0751916 secs] [Times: user=0.08 sys=0.00, real=0.08 secs] 
2017-11-10T19:37:18.232+0500: 481.692: [Full GC (Allocation Failure) 2017-11-10T19:37:18.232+0500: 481.692: [Tenured: 349567K->349567K(349568K), 0.0829693 secs] 506815K->506797K(506816K), [Metaspace: 12958K->12958K(1060864K)], 0.0830564 secs] [Times: user=0.09 sys=0.00, real=0.08 secs] 
2017-11-10T19:37:18.316+0500: 481.776: [Full GC (Allocation Failure) 2017-11-10T19:37:18.316+0500: 481.776: [Tenured: 349567K->349567K(349568K), 0.0765952 secs] 506815K->506797K(506816K), [Metaspace: 12958K->12958K(1060864K)], 0.0766935 secs] [Times: user=0.08 sys=0.00, real=0.08 secs] 
2017-11-10T19:37:18.394+0500: 481.853: [Full GC (Allocation Failure) 2017-11-10T19:37:18.394+0500: 481.853: [Tenured: 349567K->349567K(349568K), 0.0756267 secs] 506815K->506797K(506816K), [Metaspace: 12958K->12958K(1060864K)], 0.0757005 secs] [Times: user=0.06 sys=0.00, real=0.08 secs] 
2017-11-10T19:37:18.470+0500: 481.929: [Full GC (Allocation Failure) 2017-11-10T19:37:18.470+0500: 481.929: [Tenured: 349567K->349567K(349568K), 0.0747037 secs] 506815K->506796K(506816K), [Metaspace: 12958K->12958K(1060864K)], 0.0747770 secs] [Times: user=0.08 sys=0.00, real=0.08 secs] 
2017-11-10T19:37:18.545+0500: 482.005: [Full GC (Allocation Failure) 2017-11-10T19:37:18.545+0500: 482.005: [Tenured: 349567K->349567K(349568K), 0.0747761 secs] 506815K->506797K(506816K), [Metaspace: 12958K->12958K(1060864K)], 0.0748484 secs] [Times: user=0.08 sys=0.00, real=0.07 secs] 
2017-11-10T19:37:18.621+0500: 482.080: [Full GC (Allocation Failure) 2017-11-10T19:37:18.621+0500: 482.080: [Tenured: 349567K->349567K(349568K), 0.0754737 secs] 506815K->506797K(506816K), [Metaspace: 12958K->12958K(1060864K)], 0.0755764 secs] [Times: user=0.08 sys=0.00, real=0.08 secs] 
2017-11-10T19:37:18.697+0500: 482.156: [Full GC (Allocation Failure) 2017-11-10T19:37:18.697+0500: 482.156: [Tenured: 349567K->349567K(349568K), 0.0783112 secs] 506815K->506797K(506816K), [Metaspace: 12958K->12958K(1060864K)], 0.0783845 secs] [Times: user=0.08 sys=0.00, real=0.08 secs] 
2017-11-10T19:37:18.776+0500: 482.235: [Full GC (Allocation Failure) 2017-11-10T19:37:18.776+0500: 482.235: [Tenured: 349567K->349567K(349568K), 0.0786891 secs] 506815K->506796K(506816K), [Metaspace: 12958K->12958K(1060864K)], 0.0787654 secs] [Times: user=0.08 sys=0.00, real=0.08 secs] 
2017-11-10T19:37:18.856+0500: 482.314: [Full GC (Allocation Failure) 2017-11-10T19:37:18.856+0500: 482.315: [Tenured: 349567K->349567K(349568K), 0.0782154 secs] 506815K->506797K(506816K), [Metaspace: 12958K->12958K(1060864K)], 0.0784222 secs] [Times: user=0.08 sys=0.00, real=0.08 secs] 
2017-11-10T19:37:18.934+0500: 482.393: [Full GC (Allocation Failure) 2017-11-10T19:37:18.934+0500: 482.393: [Tenured: 349567K->349567K(349568K), 0.0776908 secs] 506815K->506797K(506816K), [Metaspace: 12958K->12958K(1060864K)], 0.0777866 secs] [Times: user=0.06 sys=0.00, real=0.08 secs] 
2017-11-10T19:37:19.013+0500: 482.472: [Full GC (Allocation Failure) 2017-11-10T19:37:19.013+0500: 482.472: [Tenured: 349567K->349567K(349568K), 0.0783176 secs] 506815K->506797K(506816K), [Metaspace: 12958K->12958K(1060864K)], 0.0784041 secs] [Times: user=0.08 sys=0.00, real=0.08 secs] 
2017-11-10T19:37:19.092+0500: 482.551: [Full GC (Allocation Failure) 2017-11-10T19:37:19.092+0500: 482.551: [Tenured: 349567K->349567K(349568K), 0.0783454 secs] 506815K->506796K(506816K), [Metaspace: 12958K->12958K(1060864K)], 0.0784413 secs] [Times: user=0.08 sys=0.00, real=0.08 secs] 
2017-11-10T19:37:19.171+0500: 482.630: [Full GC (Allocation Failure) 2017-11-10T19:37:19.171+0500: 482.630: [Tenured: 349567K->349567K(349568K), 0.0755705 secs] 506815K->506797K(506816K), [Metaspace: 12958K->12958K(1060864K)], 0.0756443 secs] [Times: user=0.08 sys=0.00, real=0.08 secs] 
2017-11-10T19:37:19.247+0500: 482.706: [Full GC (Allocation Failure) 2017-11-10T19:37:19.247+0500: 482.706: [Tenured: 349567K->349567K(349568K), 0.0800204 secs] 506815K->506797K(506816K), [Metaspace: 12958K->12958K(1060864K)], 0.0800952 secs] [Times: user=0.08 sys=0.00, real=0.08 secs] 
2017-11-10T19:37:19.327+0500: 482.786: [Full GC (Allocation Failure) 2017-11-10T19:37:19.327+0500: 482.786: [Tenured: 349567K->349567K(349568K), 0.0820385 secs] 506815K->506797K(506816K), [Metaspace: 12958K->12958K(1060864K)], 0.0821157 secs] [Times: user=0.09 sys=0.00, real=0.08 secs] 
2017-11-10T19:37:19.410+0500: 482.869: [Full GC (Allocation Failure) 2017-11-10T19:37:19.410+0500: 482.869: [Tenured: 349567K->349567K(349568K), 0.0759949 secs] 506815K->506796K(506816K), [Metaspace: 12958K->12958K(1060864K)], 0.0760785 secs] [Times: user=0.06 sys=0.00, real=0.08 secs] 
2017-11-10T19:37:19.487+0500: 482.946: [Full GC (Allocation Failure) 2017-11-10T19:37:19.487+0500: 482.946: [Tenured: 349567K->349567K(349568K), 0.0743507 secs] 506815K->506797K(506816K), [Metaspace: 12958K->12958K(1060864K)], 0.0744309 secs] [Times: user=0.08 sys=0.00, real=0.07 secs] 
2017-11-10T19:37:19.562+0500: 483.021: [Full GC (Allocation Failure) 2017-11-10T19:37:19.562+0500: 483.021: [Tenured: 349567K->349567K(349568K), 0.0750929 secs] 506815K->506797K(506816K), [Metaspace: 12958K->12958K(1060864K)], 0.0751681 secs] [Times: user=0.08 sys=0.00, real=0.08 secs] 
2017-11-10T19:37:19.637+0500: 483.096: [Full GC (Allocation Failure) 2017-11-10T19:37:19.637+0500: 483.096: [Tenured: 349567K->349567K(349568K), 0.0763464 secs] 506815K->506797K(506816K), [Metaspace: 12958K->12958K(1060864K)], 0.0764182 secs] [Times: user=0.08 sys=0.00, real=0.08 secs] 
2017-11-10T19:37:19.714+0500: 483.173: [Full GC (Allocation Failure) 2017-11-10T19:37:19.714+0500: 483.173: [Tenured: 349567K->349567K(349568K), 0.0746240 secs] 506815K->506796K(506816K), [Metaspace: 12958K->12958K(1060864K)], 0.0747101 secs] [Times: user=0.08 sys=0.00, real=0.08 secs] 
2017-11-10T19:37:19.790+0500: 483.249: [Full GC (Allocation Failure) 2017-11-10T19:37:19.790+0500: 483.249: [Tenured: 349567K->349567K(349568K), 0.0769976 secs] 506815K->506797K(506816K), [Metaspace: 12958K->12958K(1060864K)], 0.0771090 secs] [Times: user=0.08 sys=0.00, real=0.08 secs] 
2017-11-10T19:37:19.867+0500: 483.326: [Full GC (Allocation Failure) 2017-11-10T19:37:19.867+0500: 483.326: [Tenured: 349567K->349567K(349568K), 0.0761156 secs] 506815K->506797K(506816K), [Metaspace: 12958K->12958K(1060864K)], 0.0762129 secs] [Times: user=0.08 sys=0.00, real=0.08 secs] 
2017-11-10T19:37:19.944+0500: 483.403: [Full GC (Allocation Failure) 2017-11-10T19:37:19.944+0500: 483.403: [Tenured: 349567K->349567K(349568K), 0.0762994 secs] 506815K->506797K(506816K), [Metaspace: 12958K->12958K(1060864K)], 0.0763913 secs] [Times: user=0.08 sys=0.00, real=0.08 secs] 
2017-11-10T19:37:20.021+0500: 483.480: [Full GC (Allocation Failure) 2017-11-10T19:37:20.021+0500: 483.480: [Tenured: 349567K->349567K(349568K), 0.0754683 secs] 506815K->506796K(506816K), [Metaspace: 12958K->12958K(1060864K)], 0.0755490 secs] [Times: user=0.08 sys=0.00, real=0.08 secs] 
2017-11-10T19:37:20.097+0500: 483.556: [Full GC (Allocation Failure) 2017-11-10T19:37:20.097+0500: 483.556: [Tenured: 349567K->349567K(349568K), 0.0745883 secs] 506815K->506797K(506816K), [Metaspace: 12958K->12958K(1060864K)], 0.0746651 secs] [Times: user=0.06 sys=0.00, real=0.08 secs] 
2017-11-10T19:37:20.172+0500: 483.631: [Full GC (Allocation Failure) 2017-11-10T19:37:20.172+0500: 483.631: [Tenured: 349567K->349567K(349568K), 0.0743380 secs] 506815K->506797K(506816K), [Metaspace: 12958K->12958K(1060864K)], 0.0744201 secs] [Times: user=0.08 sys=0.00, real=0.08 secs] 
2017-11-10T19:37:20.247+0500: 483.706: [Full GC (Allocation Failure) 2017-11-10T19:37:20.247+0500: 483.706: [Tenured: 349567K->349567K(349568K), 0.0759900 secs] 506815K->506797K(506816K), [Metaspace: 12958K->12958K(1060864K)], 0.0760682 secs] [Times: user=0.08 sys=0.00, real=0.08 secs] 
2017-11-10T19:37:20.324+0500: 483.783: [Full GC (Allocation Failure) 2017-11-10T19:37:20.324+0500: 483.783: [Tenured: 349567K->349567K(349568K), 0.0781944 secs] 506815K->506796K(506816K), [Metaspace: 12958K->12958K(1060864K)], 0.0782961 secs] [Times: user=0.08 sys=0.00, real=0.08 secs] 
2017-11-10T19:37:20.403+0500: 483.862: [Full GC (Allocation Failure) 2017-11-10T19:37:20.403+0500: 483.862: [Tenured: 349567K->349567K(349568K), 0.0739567 secs] 506815K->506797K(506816K), [Metaspace: 12958K->12958K(1060864K)], 0.0740466 secs] [Times: user=0.08 sys=0.00, real=0.07 secs] 
2017-11-10T19:37:20.478+0500: 483.937: [Full GC (Allocation Failure) 2017-11-10T19:37:20.478+0500: 483.937: [Tenured: 349567K->349567K(349568K), 0.0763547 secs] 506815K->506797K(506816K), [Metaspace: 12958K->12958K(1060864K)], 0.0764696 secs] [Times: user=0.08 sys=0.00, real=0.08 secs] 
2017-11-10T19:37:20.555+0500: 484.014: [Full GC (Allocation Failure) 2017-11-10T19:37:20.555+0500: 484.014: [Tenured: 349567K->349567K(349568K), 0.0782076 secs] 506815K->506797K(506816K), [Metaspace: 12958K->12958K(1060864K)], 0.0782995 secs] [Times: user=0.08 sys=0.00, real=0.08 secs] 
2017-11-10T19:37:20.634+0500: 484.093: [Full GC (Allocation Failure) 2017-11-10T19:37:20.634+0500: 484.093: [Tenured: 349567K->349567K(349568K), 0.0771398 secs] 506815K->506796K(506816K), [Metaspace: 12958K->12958K(1060864K)], 0.0772352 secs] [Times: user=0.08 sys=0.00, real=0.08 secs] 
2017-11-10T19:37:20.711+0500: 484.171: [Full GC (Allocation Failure) 2017-11-10T19:37:20.712+0500: 484.171: [Tenured: 349567K->349567K(349568K), 0.0749046 secs] 506815K->506797K(506816K), [Metaspace: 12958K->12958K(1060864K)], 0.0750273 secs] [Times: user=0.08 sys=0.00, real=0.08 secs] 
2017-11-10T19:37:20.787+0500: 484.246: [Full GC (Allocation Failure) 2017-11-10T19:37:20.787+0500: 484.246: [Tenured: 349567K->349567K(349568K), 0.0745991 secs] 506815K->506797K(506816K), [Metaspace: 12958K->12958K(1060864K)], 0.0746807 secs] [Times: user=0.08 sys=0.00, real=0.08 secs] 
2017-11-10T19:37:20.862+0500: 484.321: [Full GC (Allocation Failure) 2017-11-10T19:37:20.862+0500: 484.321: [Tenured: 349567K->349567K(349568K), 0.0758902 secs] 506815K->506797K(506816K), [Metaspace: 12958K->12958K(1060864K)], 0.0759694 secs] [Times: user=0.06 sys=0.00, real=0.08 secs] 
2017-11-10T19:37:20.939+0500: 484.398: [Full GC (Allocation Failure) 2017-11-10T19:37:20.939+0500: 484.398: [Tenured: 349567K->349567K(349568K), 0.0771789 secs] 506815K->506806K(506816K), [Metaspace: 12958K->12958K(1060864K)], 0.0772816 secs] [Times: user=0.08 sys=0.00, real=0.08 secs] 
2017-11-10T19:37:21.016+0500: 484.476: [Full GC (Allocation Failure) 2017-11-10T19:37:21.016+0500: 484.476: [Tenured: 349567K->349567K(349568K), 0.0845118 secs] 506815K->506801K(506816K), [Metaspace: 12958K->12958K(1060864K)], 0.0845944 secs] [Times: user=0.09 sys=0.00, real=0.09 secs] 
2017-11-10T19:37:21.101+0500: 484.561: [Full GC (Allocation Failure) 2017-11-10T19:37:21.102+0500: 484.561: [Tenured: 349568K->349568K(349568K), 0.0914398 secs] 506815K->506811K(506816K), [Metaspace: 12958K->12958K(1060864K)], 0.0915581 secs] [Times: user=0.09 sys=0.00, real=0.09 secs] 
2017-11-10T19:37:21.194+0500: 484.653: [Full GC (Allocation Failure) 2017-11-10T19:37:21.194+0500: 484.653: [Tenured: 349568K->349568K(349568K), 0.0914379 secs] 506815K->506813K(506816K), [Metaspace: 12958K->12958K(1060864K)], 0.0915293 secs] [Times: user=0.08 sys=0.00, real=0.09 secs] 
2017-11-10T19:37:21.286+0500: 484.745: [Full GC (Allocation Failure) 2017-11-10T19:37:21.286+0500: 484.745: [Tenured: 349568K->349567K(349568K), 0.0913738 secs] 506815K->506814K(506816K), [Metaspace: 12958K->12958K(1060864K)], 0.0914868 secs] [Times: user=0.09 sys=0.00, real=0.09 secs] 
2017-11-10T19:37:21.378+0500: 484.837: [Full GC (Allocation Failure) 2017-11-10T19:37:21.378+0500: 484.837: [Tenured: 349567K->349567K(349568K), 0.0895938 secs] 506815K->506815K(506816K), [Metaspace: 12958K->12958K(1060864K)], 0.0897189 secs] [Times: user=0.08 sys=0.00, real=0.09 secs] 
2017-11-10T19:37:21.468+0500: 484.927: [Full GC (Allocation Failure) 2017-11-10T19:37:21.468+0500: 484.927: [Tenured: 349567K->349567K(349568K), 0.0925965 secs] 506815K->506815K(506816K), [Metaspace: 12958K->12958K(1060864K)], 0.0927144 secs] [Times: user=0.08 sys=0.00, real=0.09 secs] 
2017-11-10T19:37:21.561+0500: 485.020: [Full GC (Allocation Failure) 2017-11-10T19:37:21.561+0500: 485.020: [Tenured: 349567K->349567K(349568K), 0.0867739 secs] 506815K->506815K(506816K), [Metaspace: 12958K->12958K(1060864K)], 0.0868883 secs] [Times: user=0.09 sys=0.00, real=0.09 secs] 
2017-11-10T19:37:21.648+0500: 485.107: [Full GC (Allocation Failure) 2017-11-10T19:37:21.648+0500: 485.107: [Tenured: 349568K->349567K(349568K), 0.0851610 secs] 506815K->506815K(506816K), [Metaspace: 12958K->12958K(1060864K)], 0.0852764 secs] [Times: user=0.08 sys=0.00, real=0.09 secs] 
2017-11-10T19:37:21.734+0500: 485.193: [Full GC (Allocation Failure) 2017-11-10T19:37:21.734+0500: 485.193: [Tenured: 349567K->349567K(349568K), 0.0762765 secs] 506815K->506815K(506816K), [Metaspace: 12958K->12958K(1060864K)], 0.0763718 secs] [Times: user=0.08 sys=0.00, real=0.08 secs] 
2017-11-10T19:37:21.810+0500: 485.269: [Full GC (Allocation Failure) 2017-11-10T19:37:21.810+0500: 485.269: [Tenured: 349567K->349567K(349568K), 0.0758697 secs] 506815K->506806K(506816K), [Metaspace: 12958K->12958K(1060864K)], 0.0759440 secs] [Times: user=0.08 sys=0.00, real=0.08 secs] 
2017-11-10T19:37:21.887+0500: 485.346: [Full GC (Allocation Failure) 2017-11-10T19:37:21.887+0500: 485.346: [Tenured: 349567K->349567K(349568K), 0.0768020 secs] 506815K->506800K(506816K), [Metaspace: 12958K->12958K(1060864K)], 0.0769208 secs] [Times: user=0.08 sys=0.00, real=0.08 secs] 
2017-11-10T19:37:21.964+0500: 485.423: [Full GC (Allocation Failure) 2017-11-10T19:37:21.964+0500: 485.423: [Tenured: 349567K->349567K(349568K), 0.0756609 secs] 506815K->506798K(506816K), [Metaspace: 12958K->12958K(1060864K)], 0.0757441 secs] [Times: user=0.08 sys=0.00, real=0.08 secs] 
2017-11-10T19:37:22.040+0500: 485.500: [Full GC (Allocation Failure) 2017-11-10T19:37:22.040+0500: 485.500: [Tenured: 349567K->349567K(349568K), 0.0777426 secs] 506815K->506807K(506816K), [Metaspace: 12958K->12958K(1060864K)], 0.0778429 secs] [Times: user=0.08 sys=0.00, real=0.08 secs] 
2017-11-10T19:37:22.119+0500: 485.578: [Full GC (Allocation Failure) 2017-11-10T19:37:22.119+0500: 485.578: [Tenured: 349567K->349567K(349568K), 0.0752615 secs] 506815K->506801K(506816K), [Metaspace: 12958K->12958K(1060864K)], 0.0753749 secs] [Times: user=0.08 sys=0.00, real=0.08 secs] 
2017-11-10T19:37:22.195+0500: 485.654: [Full GC (Allocation Failure) 2017-11-10T19:37:22.195+0500: 485.654: [Tenured: 349567K->349567K(349568K), 0.0758775 secs] 506815K->506810K(506816K), [Metaspace: 12958K->12958K(1060864K)], 0.0759553 secs] [Times: user=0.08 sys=0.00, real=0.08 secs] 
2017-11-10T19:37:22.271+0500: 485.730: [Full GC (Allocation Failure) 2017-11-10T19:37:22.271+0500: 485.730: [Tenured: 349567K->349567K(349568K), 0.0747951 secs] 506815K->506814K(506816K), [Metaspace: 12958K->12958K(1060864K)], 0.0748880 secs] [Times: user=0.06 sys=0.00, real=0.08 secs] 
2017-11-10T19:37:22.346+0500: 485.806: [Full GC (Allocation Failure) 2017-11-10T19:37:22.346+0500: 485.806: [Tenured: 349567K->349567K(349568K), 0.0760066 secs] 506815K->506815K(506816K), [Metaspace: 12958K->12958K(1060864K)], 0.0760809 secs] [Times: user=0.06 sys=0.00, real=0.08 secs] 
2017-11-10T19:37:22.423+0500: 485.882: [Full GC (Allocation Failure) 2017-11-10T19:37:22.423+0500: 485.882: [Tenured: 349567K->349567K(349568K), 0.0757137 secs] 506815K->506815K(506816K), [Metaspace: 12958K->12958K(1060864K)], 0.0758252 secs] [Times: user=0.08 sys=0.00, real=0.07 secs] 
2017-11-10T19:37:22.499+0500: 485.958: [Full GC (Allocation Failure) 2017-11-10T19:37:22.499+0500: 485.958: [Tenured: 349567K->349567K(349568K), 0.0808441 secs] 506815K->506815K(506816K), [Metaspace: 12958K->12958K(1060864K)], 0.0809546 secs] [Times: user=0.08 sys=0.00, real=0.08 secs] 
2017-11-10T19:37:22.580+0500: 486.039: [Full GC (Allocation Failure) 2017-11-10T19:37:22.580+0500: 486.039: [Tenured: 349567K->349567K(349568K), 0.0799954 secs] 506815K->506804K(506816K), [Metaspace: 12958K->12958K(1060864K)], 0.0800937 secs] [Times: user=0.09 sys=0.00, real=0.08 secs] 
2017-11-10T19:37:22.660+0500: 486.120: [Full GC (Allocation Failure) 2017-11-10T19:37:22.660+0500: 486.120: [Tenured: 349567K->349567K(349568K), 0.0827122 secs] 506815K->506810K(506816K), [Metaspace: 12958K->12958K(1060864K)], 0.0828193 secs] [Times: user=0.08 sys=0.00, real=0.08 secs] 
2017-11-10T19:37:22.744+0500: 486.203: [Full GC (Allocation Failure) 2017-11-10T19:37:22.744+0500: 486.203: [Tenured: 349567K->349567K(349568K), 0.0755793 secs] 506815K->506813K(506816K), [Metaspace: 12958K->12958K(1060864K)], 0.0756908 secs] [Times: user=0.08 sys=0.00, real=0.08 secs] 
2017-11-10T19:37:22.820+0500: 486.279: [Full GC (Allocation Failure) 2017-11-10T19:37:22.820+0500: 486.279: [Tenured: 349567K->349567K(349568K), 0.0758272 secs] 506815K->506815K(506816K), [Metaspace: 12958K->12958K(1060864K)], 0.0758976 secs] [Times: user=0.08 sys=0.00, real=0.08 secs] 
2017-11-10T19:37:22.896+0500: 486.355: [Full GC (Allocation Failure) 2017-11-10T19:37:22.896+0500: 486.355: [Tenured: 349567K->349567K(349568K), 0.0777720 secs] 506815K->506815K(506816K), [Metaspace: 12958K->12958K(1060864K)], 0.0778473 secs] [Times: user=0.08 sys=0.00, real=0.08 secs] 
2017-11-10T19:37:22.974+0500: 486.433: [Full GC (Allocation Failure) 2017-11-10T19:37:22.974+0500: 486.433: [Tenured: 349568K->349568K(349568K), 0.0764124 secs] 506815K->506815K(506816K), [Metaspace: 12958K->12958K(1060864K)], 0.0764945 secs] [Times: user=0.08 sys=0.00, real=0.08 secs] 
2017-11-10T19:37:23.051+0500: 486.510: [Full GC (Allocation Failure) 2017-11-10T19:37:23.051+0500: 486.510: [Tenured: 349568K->349568K(349568K), 0.0795457 secs] 506815K->506815K(506816K), [Metaspace: 12958K->12958K(1060864K)], 0.0796317 secs] [Times: user=0.06 sys=0.00, real=0.08 secs] 
2017-11-10T19:37:23.131+0500: 486.590: [Full GC (Allocation Failure) 2017-11-10T19:37:23.131+0500: 486.590: [Tenured: 349568K->349568K(349568K), 0.0817691 secs] 506815K->506815K(506816K), [Metaspace: 12958K->12958K(1060864K)], 0.0818640 secs] [Times: user=0.08 sys=0.00, real=0.08 secs] 
2017-11-10T19:37:23.213+0500: 486.672: [Full GC (Allocation Failure) 2017-11-10T19:37:23.213+0500: 486.672: [Tenured: 349568K->349567K(349568K), 0.0803557 secs] 506815K->506815K(506816K), [Metaspace: 12958K->12958K(1060864K)], 0.0804550 secs] [Times: user=0.08 sys=0.00, real=0.08 secs] 
2017-11-10T19:37:23.294+0500: 486.753: [Full GC (Allocation Failure) 2017-11-10T19:37:23.294+0500: 486.753: [Tenured: 349567K->349567K(349568K), 0.0840234 secs] 506815K->506815K(506816K), [Metaspace: 12958K->12958K(1060864K)], 0.0841368 secs] [Times: user=0.09 sys=0.00, real=0.08 secs] 
2017-11-10T19:37:23.378+0500: 486.837: [Full GC (Allocation Failure) 2017-11-10T19:37:23.378+0500: 486.837: [Tenured: 349567K->349567K(349568K), 0.0900142 secs] 506815K->506815K(506816K), [Metaspace: 12958K->12958K(1060864K)], 0.0901164 secs] [Times: user=0.08 sys=0.00, real=0.09 secs] 
2017-11-10T19:37:23.468+0500: 486.927: [Full GC (Allocation Failure) 2017-11-10T19:37:23.468+0500: 486.927: [Tenured: 349567K->349567K(349568K), 0.0810382 secs] 506815K->506806K(506816K), [Metaspace: 12958K->12958K(1060864K)], 0.0811253 secs] [Times: user=0.09 sys=0.00, real=0.08 secs] 
2017-11-10T19:37:23.550+0500: 487.009: [Full GC (Allocation Failure) 2017-11-10T19:37:23.550+0500: 487.009: [Tenured: 349568K->349567K(349568K), 0.0827063 secs] 506815K->506800K(506816K), [Metaspace: 12958K->12958K(1060864K)], 0.0828344 secs] [Times: user=0.08 sys=0.00, real=0.08 secs] 
2017-11-10T19:37:23.634+0500: 487.093: [Full GC (Allocation Failure) 2017-11-10T19:37:23.634+0500: 487.093: [Tenured: 349567K->349567K(349568K), 0.0876842 secs] 506815K->506798K(506816K), [Metaspace: 12958K->12958K(1060864K)], 0.0877825 secs] [Times: user=0.08 sys=0.00, real=0.09 secs] 
2017-11-10T19:37:23.722+0500: 487.181: [Full GC (Allocation Failure) 2017-11-10T19:37:23.722+0500: 487.181: [Tenured: 349567K->349567K(349568K), 0.0841309 secs] 506815K->506798K(506816K), [Metaspace: 12958K->12958K(1060864K)], 0.0842390 secs] [Times: user=0.08 sys=0.00, real=0.09 secs] 
2017-11-10T19:37:23.807+0500: 487.266: [Full GC (Allocation Failure) 2017-11-10T19:37:23.807+0500: 487.266: [Tenured: 349567K->349567K(349568K), 0.0823729 secs] 506815K->506797K(506816K), [Metaspace: 12958K->12958K(1060864K)], 0.0824663 secs] [Times: user=0.08 sys=0.00, real=0.08 secs] 
2017-11-10T19:37:23.890+0500: 487.349: [Full GC (Allocation Failure) 2017-11-10T19:37:23.890+0500: 487.349: [Tenured: 349567K->349567K(349568K), 0.0851615 secs] 506815K->506796K(506816K), [Metaspace: 12958K->12958K(1060864K)], 0.0852368 secs] [Times: user=0.09 sys=0.00, real=0.09 secs] 
2017-11-10T19:37:23.976+0500: 487.435: [Full GC (Allocation Failure) 2017-11-10T19:37:23.976+0500: 487.435: [Tenured: 349567K->349567K(349568K), 0.0834098 secs] 506815K->506797K(506816K), [Metaspace: 12958K->12958K(1060864K)], 0.0835022 secs] [Times: user=0.08 sys=0.00, real=0.08 secs] 
2017-11-10T19:37:24.060+0500: 487.519: [Full GC (Allocation Failure) 2017-11-10T19:37:24.060+0500: 487.519: [Tenured: 349567K->349567K(349568K), 0.0841534 secs] 506815K->506797K(506816K), [Metaspace: 12958K->12958K(1060864K)], 0.0842546 secs] [Times: user=0.09 sys=0.00, real=0.08 secs] 
2017-11-10T19:37:24.145+0500: 487.604: [Full GC (Allocation Failure) 2017-11-10T19:37:24.145+0500: 487.604: [Tenured: 349567K->349567K(349568K), 0.0832847 secs] 506815K->506797K(506816K), [Metaspace: 12958K->12958K(1060864K)], 0.0833741 secs] [Times: user=0.08 sys=0.00, real=0.08 secs] 
2017-11-10T19:37:24.229+0500: 487.688: [Full GC (Allocation Failure) 2017-11-10T19:37:24.229+0500: 487.688: [Tenured: 349567K->349567K(349568K), 0.0817193 secs] 506815K->506796K(506816K), [Metaspace: 12958K->12958K(1060864K)], 0.0818004 secs] [Times: user=0.08 sys=0.00, real=0.08 secs] 
2017-11-10T19:37:24.311+0500: 487.770: [Full GC (Allocation Failure) 2017-11-10T19:37:24.311+0500: 487.770: [Tenured: 349567K->349567K(349568K), 0.0804452 secs] 506815K->506797K(506816K), [Metaspace: 12958K->12958K(1060864K)], 0.0805523 secs] [Times: user=0.08 sys=0.00, real=0.08 secs] 
2017-11-10T19:37:24.392+0500: 487.852: [Full GC (Allocation Failure) 2017-11-10T19:37:24.393+0500: 487.852: [Tenured: 349567K->349567K(349568K), 0.0804716 secs] 506815K->506797K(506816K), [Metaspace: 12958K->12958K(1060864K)], 0.0805919 secs] [Times: user=0.09 sys=0.00, real=0.08 secs] 
2017-11-10T19:37:24.474+0500: 487.933: [Full GC (Allocation Failure) 2017-11-10T19:37:24.474+0500: 487.933: [Tenured: 349567K->349567K(349568K), 0.0808852 secs] 506815K->506797K(506816K), [Metaspace: 12958K->12958K(1060864K)], 0.0809693 secs] [Times: user=0.08 sys=0.00, real=0.08 secs] 
2017-11-10T19:37:24.555+0500: 488.014: [Full GC (Allocation Failure) 2017-11-10T19:37:24.555+0500: 488.014: [Tenured: 349567K->349567K(349568K), 0.0838269 secs] 506815K->506796K(506816K), [Metaspace: 12958K->12958K(1060864K)], 0.0839168 secs] [Times: user=0.08 sys=0.00, real=0.08 secs] 
2017-11-10T19:37:24.640+0500: 488.099: [Full GC (Allocation Failure) 2017-11-10T19:37:24.640+0500: 488.099: [Tenured: 349567K->349567K(349568K), 0.0873117 secs] 506815K->506797K(506816K), [Metaspace: 12958K->12958K(1060864K)], 0.0874070 secs] [Times: user=0.09 sys=0.00, real=0.09 secs] 
2017-11-10T19:37:24.728+0500: 488.187: [Full GC (Allocation Failure) 2017-11-10T19:37:24.728+0500: 488.187: [Tenured: 349567K->349567K(349568K), 0.0801279 secs] 506815K->506797K(506816K), [Metaspace: 12958K->12958K(1060864K)], 0.0802135 secs] [Times: user=0.08 sys=0.00, real=0.08 secs] 
2017-11-10T19:37:24.809+0500: 488.268: [Full GC (Allocation Failure) 2017-11-10T19:37:24.809+0500: 488.268: [Tenured: 349567K->349567K(349568K), 0.0764495 secs] 506815K->506797K(506816K), [Metaspace: 12958K->12958K(1060864K)], 0.0765414 secs] [Times: user=0.06 sys=0.00, real=0.08 secs] 
2017-11-10T19:37:24.886+0500: 488.345: [Full GC (Allocation Failure) 2017-11-10T19:37:24.886+0500: 488.345: [Tenured: 349567K->349567K(349568K), 0.0773569 secs] 506815K->506796K(506816K), [Metaspace: 12958K->12958K(1060864K)], 0.0774469 secs] [Times: user=0.08 sys=0.00, real=0.08 secs] 
2017-11-10T19:37:24.964+0500: 488.423: [Full GC (Allocation Failure) 2017-11-10T19:37:24.964+0500: 488.423: [Tenured: 349567K->349567K(349568K), 0.0777778 secs] 506815K->506797K(506816K), [Metaspace: 12958K->12958K(1060864K)], 0.0778795 secs] [Times: user=0.08 sys=0.00, real=0.08 secs] 
2017-11-10T19:37:25.042+0500: 488.501: [Full GC (Allocation Failure) 2017-11-10T19:37:25.042+0500: 488.501: [Tenured: 349567K->349567K(349568K), 0.0774205 secs] 506815K->506797K(506816K), [Metaspace: 12958K->12958K(1060864K)], 0.0775314 secs] [Times: user=0.08 sys=0.00, real=0.08 secs] 
2017-11-10T19:37:25.120+0500: 488.579: [Full GC (Allocation Failure) 2017-11-10T19:37:25.120+0500: 488.579: [Tenured: 349567K->349567K(349568K), 0.0773955 secs] 506815K->506797K(506816K), [Metaspace: 12958K->12958K(1060864K)], 0.0774713 secs] [Times: user=0.08 sys=0.00, real=0.08 secs] 
2017-11-10T19:37:25.198+0500: 488.657: [Full GC (Allocation Failure) 2017-11-10T19:37:25.198+0500: 488.657: [Tenured: 349567K->349567K(349568K), 0.0750669 secs] 506815K->506796K(506816K), [Metaspace: 12958K->12958K(1060864K)], 0.0751403 secs] [Times: user=0.08 sys=0.00, real=0.08 secs] 
2017-11-10T19:37:25.274+0500: 488.733: [Full GC (Allocation Failure) 2017-11-10T19:37:25.274+0500: 488.733: [Tenured: 349567K->349567K(349568K), 0.0767952 secs] 506815K->506797K(506816K), [Metaspace: 12958K->12958K(1060864K)], 0.0768739 secs] [Times: user=0.08 sys=0.00, real=0.08 secs] 
2017-11-10T19:37:25.351+0500: 488.811: [Full GC (Allocation Failure) 2017-11-10T19:37:25.351+0500: 488.811: [Tenured: 349567K->349567K(349568K), 0.0754659 secs] 506815K->506797K(506816K), [Metaspace: 12958K->12958K(1060864K)], 0.0755485 secs] [Times: user=0.08 sys=0.00, real=0.08 secs] 
2017-11-10T19:37:25.427+0500: 488.887: [Full GC (Allocation Failure) 2017-11-10T19:37:25.427+0500: 488.887: [Tenured: 349567K->349567K(349568K), 0.0759553 secs] 506815K->506797K(506816K), [Metaspace: 12958K->12958K(1060864K)], 0.0760359 secs] [Times: user=0.08 sys=0.00, real=0.08 secs] 
2017-11-10T19:37:25.504+0500: 488.963: [Full GC (Allocation Failure) 2017-11-10T19:37:25.504+0500: 488.963: [Tenured: 349567K->349567K(349568K), 0.0808701 secs] 506815K->506796K(506816K), [Metaspace: 12958K->12958K(1060864K)], 0.0809898 secs] [Times: user=0.08 sys=0.00, real=0.08 secs] 
2017-11-10T19:37:25.586+0500: 489.045: [Full GC (Allocation Failure) 2017-11-10T19:37:25.586+0500: 489.045: [Tenured: 349567K->349567K(349568K), 0.0835570 secs] 506815K->506797K(506816K), [Metaspace: 12958K->12958K(1060864K)], 0.0836425 secs] [Times: user=0.08 sys=0.00, real=0.08 secs] 
2017-11-10T19:37:25.670+0500: 489.129: [Full GC (Allocation Failure) 2017-11-10T19:37:25.670+0500: 489.129: [Tenured: 349567K->349567K(349568K), 0.0827885 secs] 506815K->506797K(506816K), [Metaspace: 12958K->12958K(1060864K)], 0.0828867 secs] [Times: user=0.09 sys=0.00, real=0.08 secs] 
2017-11-10T19:37:25.753+0500: 489.213: [Full GC (Allocation Failure) 2017-11-10T19:37:25.753+0500: 489.213: [Tenured: 349567K->349567K(349568K), 0.0768846 secs] 506815K->506797K(506816K), [Metaspace: 12958K->12958K(1060864K)], 0.0769580 secs] [Times: user=0.06 sys=0.00, real=0.08 secs] 
2017-11-10T19:37:25.831+0500: 489.290: [Full GC (Allocation Failure) 2017-11-10T19:37:25.831+0500: 489.290: [Tenured: 349567K->349567K(349568K), 0.0821485 secs] 506815K->506796K(506816K), [Metaspace: 12958K->12958K(1060864K)], 0.0822477 secs] [Times: user=0.08 sys=0.00, real=0.08 secs] 
2017-11-10T19:37:25.914+0500: 489.373: [Full GC (Allocation Failure) 2017-11-10T19:37:25.914+0500: 489.373: [Tenured: 349567K->349567K(349568K), 0.0796175 secs] 506815K->506797K(506816K), [Metaspace: 12958K->12958K(1060864K)], 0.0797226 secs] [Times: user=0.08 sys=0.00, real=0.08 secs] 
2017-11-10T19:37:25.994+0500: 489.453: [Full GC (Allocation Failure) 2017-11-10T19:37:25.994+0500: 489.453: [Tenured: 349567K->349567K(349568K), 0.0792069 secs] 506815K->506797K(506816K), [Metaspace: 12958K->12958K(1060864K)], 0.0793051 secs] [Times: user=0.08 sys=0.00, real=0.08 secs] 
2017-11-10T19:37:26.074+0500: 489.533: [Full GC (Allocation Failure) 2017-11-10T19:37:26.074+0500: 489.533: [Tenured: 349567K->349567K(349568K), 0.0779949 secs] 506815K->506797K(506816K), [Metaspace: 12958K->12958K(1060864K)], 0.0780717 secs] [Times: user=0.08 sys=0.00, real=0.08 secs] 
2017-11-10T19:37:26.152+0500: 489.612: [Full GC (Allocation Failure) 2017-11-10T19:37:26.152+0500: 489.612: [Tenured: 349567K->349567K(349568K), 0.0778913 secs] 506815K->506796K(506816K), [Metaspace: 12958K->12958K(1060864K)], 0.0779661 secs] [Times: user=0.08 sys=0.00, real=0.08 secs] 
2017-11-10T19:37:26.231+0500: 489.690: [Full GC (Allocation Failure) 2017-11-10T19:37:26.231+0500: 489.690: [Tenured: 349567K->349567K(349568K), 0.0807625 secs] 506815K->506797K(506816K), [Metaspace: 12958K->12958K(1060864K)], 0.0808334 secs] [Times: user=0.06 sys=0.00, real=0.08 secs] 
2017-11-10T19:37:26.312+0500: 489.772: [Full GC (Allocation Failure) 2017-11-10T19:37:26.312+0500: 489.772: [Tenured: 349567K->349567K(349568K), 0.0778565 secs] 506815K->506797K(506816K), [Metaspace: 12958K->12958K(1060864K)], 0.0779274 secs] [Times: user=0.08 sys=0.00, real=0.08 secs] 
2017-11-10T19:37:26.391+0500: 489.850: [Full GC (Allocation Failure) 2017-11-10T19:37:26.391+0500: 489.850: [Tenured: 349567K->349567K(349568K), 0.0793506 secs] 506815K->506797K(506816K), [Metaspace: 12958K->12958K(1060864K)], 0.0794249 secs] [Times: user=0.06 sys=0.00, real=0.08 secs] 
2017-11-10T19:37:26.471+0500: 489.930: [Full GC (Allocation Failure) 2017-11-10T19:37:26.471+0500: 489.930: [Tenured: 349567K->349567K(349568K), 0.0776893 secs] 506815K->506796K(506816K), [Metaspace: 12958K->12958K(1060864K)], 0.0777666 secs] [Times: user=0.06 sys=0.00, real=0.08 secs] 
2017-11-10T19:37:26.549+0500: 490.008: [Full GC (Allocation Failure) 2017-11-10T19:37:26.549+0500: 490.008: [Tenured: 349567K->349567K(349568K), 0.0795320 secs] 506815K->506797K(506816K), [Metaspace: 12958K->12958K(1060864K)], 0.0796625 secs] [Times: user=0.09 sys=0.00, real=0.08 secs] 
2017-11-10T19:37:26.629+0500: 490.088: [Full GC (Allocation Failure) 2017-11-10T19:37:26.629+0500: 490.088: [Tenured: 349567K->349567K(349568K), 0.0782027 secs] 506815K->506797K(506816K), [Metaspace: 12958K->12958K(1060864K)], 0.0782819 secs] [Times: user=0.08 sys=0.00, real=0.08 secs] 
2017-11-10T19:37:26.708+0500: 490.167: [Full GC (Allocation Failure) 2017-11-10T19:37:26.708+0500: 490.167: [Tenured: 349567K->349567K(349568K), 0.0789380 secs] 506815K->506797K(506816K), [Metaspace: 12958K->12958K(1060864K)], 0.0790069 secs] [Times: user=0.06 sys=0.00, real=0.08 secs] 
2017-11-10T19:37:26.788+0500: 490.247: [Full GC (Allocation Failure) 2017-11-10T19:37:26.788+0500: 490.247: [Tenured: 349567K->349567K(349568K), 0.0840698 secs] 506815K->506796K(506816K), [Metaspace: 12958K->12958K(1060864K)], 0.0841525 secs] [Times: user=0.08 sys=0.00, real=0.08 secs] 
2017-11-10T19:37:26.873+0500: 490.332: [Full GC (Allocation Failure) 2017-11-10T19:37:26.873+0500: 490.332: [Tenured: 349567K->349567K(349568K), 0.0774097 secs] 506815K->506797K(506816K), [Metaspace: 12958K->12958K(1060864K)], 0.0774865 secs] [Times: user=0.08 sys=0.00, real=0.08 secs] 
2017-11-10T19:37:26.952+0500: 490.411: [Full GC (Allocation Failure) 2017-11-10T19:37:26.952+0500: 490.411: [Tenured: 349567K->349567K(349568K), 0.0964172 secs] 506815K->506797K(506816K), [Metaspace: 12958K->12958K(1060864K)], 0.0965150 secs] [Times: user=0.08 sys=0.00, real=0.10 secs] 
2017-11-10T19:37:27.050+0500: 490.509: [Full GC (Allocation Failure) 2017-11-10T19:37:27.050+0500: 490.509: [Tenured: 349567K->349567K(349568K), 0.0840967 secs] 506815K->506797K(506816K), [Metaspace: 12958K->12958K(1060864K)], 0.0841813 secs] [Times: user=0.06 sys=0.00, real=0.08 secs] 
2017-11-10T19:37:27.134+0500: 490.593: [Full GC (Allocation Failure) 2017-11-10T19:37:27.134+0500: 490.593: [Tenured: 349567K->349567K(349568K), 0.0865348 secs] 506815K->506796K(506816K), [Metaspace: 12958K->12958K(1060864K)], 0.0866297 secs] [Times: user=0.08 sys=0.02, real=0.09 secs] 
2017-11-10T19:37:27.222+0500: 490.681: [Full GC (Allocation Failure) 2017-11-10T19:37:27.222+0500: 490.681: [Tenured: 349567K->349567K(349568K), 0.0789292 secs] 506815K->506797K(506816K), [Metaspace: 12958K->12958K(1060864K)], 0.0790323 secs] [Times: user=0.08 sys=0.00, real=0.08 secs] 
2017-11-10T19:37:27.302+0500: 490.761: [Full GC (Allocation Failure) 2017-11-10T19:37:27.302+0500: 490.761: [Tenured: 349567K->349567K(349568K), 0.0855996 secs] 506815K->506797K(506816K), [Metaspace: 12958K->12958K(1060864K)], 0.0856998 secs] [Times: user=0.08 sys=0.00, real=0.09 secs] 
2017-11-10T19:37:27.388+0500: 490.847: [Full GC (Allocation Failure) 2017-11-10T19:37:27.388+0500: 490.847: [Tenured: 349567K->349567K(349568K), 0.0916413 secs] 506815K->506797K(506816K), [Metaspace: 12958K->12958K(1060864K)], 0.0917234 secs] [Times: user=0.08 sys=0.00, real=0.09 secs] 
2017-11-10T19:37:27.480+0500: 490.939: [Full GC (Allocation Failure) 2017-11-10T19:37:27.480+0500: 490.939: [Tenured: 349567K->349567K(349568K), 0.1054910 secs] 506815K->506796K(506816K), [Metaspace: 12958K->12958K(1060864K)], 0.1062043 secs] [Times: user=0.09 sys=0.00, real=0.11 secs] 
2017-11-10T19:37:27.587+0500: 491.046: [Full GC (Allocation Failure) 2017-11-10T19:37:27.587+0500: 491.046: [Tenured: 349567K->349567K(349568K), 0.0790103 secs] 506815K->506797K(506816K), [Metaspace: 12958K->12958K(1060864K)], 0.0790949 secs] [Times: user=0.08 sys=0.00, real=0.08 secs] 
2017-11-10T19:37:27.667+0500: 491.126: [Full GC (Allocation Failure) 2017-11-10T19:37:27.667+0500: 491.126: [Tenured: 349567K->349567K(349568K), 0.0770347 secs] 506815K->506797K(506816K), [Metaspace: 12958K->12958K(1060864K)], 0.0771100 secs] [Times: user=0.08 sys=0.00, real=0.08 secs] 
2017-11-10T19:37:27.745+0500: 491.204: [Full GC (Allocation Failure) 2017-11-10T19:37:27.745+0500: 491.204: [Tenured: 349567K->349567K(349568K), 0.0814748 secs] 506815K->506797K(506816K), [Metaspace: 12958K->12958K(1060864K)], 0.0815496 secs] [Times: user=0.08 sys=0.00, real=0.08 secs] 
2017-11-10T19:37:27.827+0500: 491.286: [Full GC (Allocation Failure) 2017-11-10T19:37:27.827+0500: 491.286: [Tenured: 349567K->349567K(349568K), 0.0891372 secs] 506815K->506796K(506816K), [Metaspace: 12958K->12958K(1060864K)], 0.0892555 secs] [Times: user=0.09 sys=0.00, real=0.09 secs] 
2017-11-10T19:37:27.917+0500: 491.376: [Full GC (Allocation Failure) 2017-11-10T19:37:27.917+0500: 491.376: [Tenured: 349567K->349567K(349568K), 0.0810329 secs] 506815K->506797K(506816K), [Metaspace: 12958K->12958K(1060864K)], 0.0811145 secs] [Times: user=0.08 sys=0.00, real=0.08 secs] 
2017-11-10T19:37:27.998+0500: 491.457: [Full GC (Allocation Failure) 2017-11-10T19:37:27.998+0500: 491.457: [Tenured: 349567K->349567K(349568K), 0.0775720 secs] 506815K->506797K(506816K), [Metaspace: 12958K->12958K(1060864K)], 0.0776473 secs] [Times: user=0.08 sys=0.00, real=0.08 secs] 
2017-11-10T19:37:28.076+0500: 491.535: [Full GC (Allocation Failure) 2017-11-10T19:37:28.076+0500: 491.535: [Tenured: 349567K->349567K(349568K), 0.0770733 secs] 506815K->506797K(506816K), [Metaspace: 12958K->12958K(1060864K)], 0.0771457 secs] [Times: user=0.08 sys=0.00, real=0.08 secs] 
2017-11-10T19:37:28.154+0500: 491.613: [Full GC (Allocation Failure) 2017-11-10T19:37:28.154+0500: 491.613: [Tenured: 349567K->349567K(349568K), 0.0759181 secs] 506815K->506796K(506816K), [Metaspace: 12958K->12958K(1060864K)], 0.0759983 secs] [Times: user=0.08 sys=0.00, real=0.08 secs] 
2017-11-10T19:37:28.230+0500: 491.690: [Full GC (Allocation Failure) 2017-11-10T19:37:28.231+0500: 491.690: [Tenured: 349567K->349567K(349568K), 0.0790392 secs] 506815K->506797K(506816K), [Metaspace: 12958K->12958K(1060864K)], 0.0791145 secs] [Times: user=0.08 sys=0.00, real=0.08 secs] 
2017-11-10T19:37:28.310+0500: 491.769: [Full GC (Allocation Failure) 2017-11-10T19:37:28.310+0500: 491.769: [Tenured: 349567K->349567K(349568K), 0.0777289 secs] 506815K->506797K(506816K), [Metaspace: 12958K->12958K(1060864K)], 0.0777998 secs] [Times: user=0.08 sys=0.00, real=0.08 secs] 
2017-11-10T19:37:28.388+0500: 491.847: [Full GC (Allocation Failure) 2017-11-10T19:37:28.388+0500: 491.847: [Tenured: 349567K->349567K(349568K), 0.0773271 secs] 506815K->506797K(506816K), [Metaspace: 12958K->12958K(1060864K)], 0.0774161 secs] [Times: user=0.08 sys=0.00, real=0.08 secs] 
2017-11-10T19:37:28.467+0500: 491.926: [Full GC (Allocation Failure) 2017-11-10T19:37:28.467+0500: 491.926: [Tenured: 349567K->349567K(349568K), 0.0771535 secs] 506815K->506807K(506816K), [Metaspace: 12958K->12958K(1060864K)], 0.0772322 secs] [Times: user=0.08 sys=0.00, real=0.08 secs] 
2017-11-10T19:37:28.544+0500: 492.003: [Full GC (Allocation Failure) 2017-11-10T19:37:28.544+0500: 492.003: [Tenured: 349567K->349567K(349568K), 0.0770831 secs] 506815K->506801K(506816K), [Metaspace: 12958K->12958K(1060864K)], 0.0771824 secs] [Times: user=0.08 sys=0.00, real=0.08 secs] 
2017-11-10T19:37:28.622+0500: 492.081: [Full GC (Allocation Failure) 2017-11-10T19:37:28.622+0500: 492.081: [Tenured: 349567K->349567K(349568K), 0.0796992 secs] 506815K->506799K(506816K), [Metaspace: 12958K->12958K(1060864K)], 0.0798155 secs] [Times: user=0.08 sys=0.00, real=0.08 secs] 
2017-11-10T19:37:28.702+0500: 492.161: [Full GC (Allocation Failure) 2017-11-10T19:37:28.702+0500: 492.162: [Tenured: 349567K->349567K(349568K), 0.0786554 secs] 506815K->506798K(506816K), [Metaspace: 12958K->12958K(1060864K)], 0.0787581 secs] [Times: user=0.08 sys=0.00, real=0.08 secs] 
2017-11-10T19:37:28.782+0500: 492.241: [Full GC (Allocation Failure) 2017-11-10T19:37:28.782+0500: 492.241: [Tenured: 349567K->349567K(349568K), 0.0802956 secs] 506815K->506807K(506816K), [Metaspace: 12958K->12958K(1060864K)], 0.0803685 secs] [Times: user=0.09 sys=0.00, real=0.08 secs] 
2017-11-10T19:37:28.862+0500: 492.321: [Full GC (Allocation Failure) 2017-11-10T19:37:28.862+0500: 492.321: [Tenured: 349567K->349567K(349568K), 0.0788397 secs] 506815K->506801K(506816K), [Metaspace: 12958K->12958K(1060864K)], 0.0789140 secs] [Times: user=0.06 sys=0.00, real=0.08 secs] 
2017-11-10T19:37:28.942+0500: 492.401: [Full GC (Allocation Failure) 2017-11-10T19:37:28.942+0500: 492.401: [Tenured: 349567K->349567K(349568K), 0.0752933 secs] 506815K->506799K(506816K), [Metaspace: 12958K->12958K(1060864K)], 0.0753691 secs] [Times: user=0.06 sys=0.00, real=0.08 secs] 
2017-11-10T19:37:29.017+0500: 492.477: [Full GC (Allocation Failure) 2017-11-10T19:37:29.018+0500: 492.477: [Tenured: 349567K->349567K(349568K), 0.0755646 secs] 506815K->506798K(506816K), [Metaspace: 12958K->12958K(1060864K)], 0.0756521 secs] [Times: user=0.08 sys=0.00, real=0.08 secs] 
2017-11-10T19:37:29.094+0500: 492.553: [Full GC (Allocation Failure) 2017-11-10T19:37:29.094+0500: 492.553: [Tenured: 349567K->349567K(349568K), 0.0756047 secs] 506815K->506807K(506816K), [Metaspace: 12958K->12958K(1060864K)], 0.0756961 secs] [Times: user=0.08 sys=0.00, real=0.07 secs] 
2017-11-10T19:37:29.170+0500: 492.629: [Full GC (Allocation Failure) 2017-11-10T19:37:29.170+0500: 492.629: [Tenured: 349567K->349567K(349568K), 0.0771237 secs] 506815K->506801K(506816K), [Metaspace: 12958K->12958K(1060864K)], 0.0771970 secs] [Times: user=0.08 sys=0.00, real=0.08 secs] 
2017-11-10T19:37:29.248+0500: 492.707: [Full GC (Allocation Failure) 2017-11-10T19:37:29.248+0500: 492.707: [Tenured: 349567K->349567K(349568K), 0.0855228 secs] 506815K->506799K(506816K), [Metaspace: 12958K->12958K(1060864K)], 0.0856783 secs] [Times: user=0.09 sys=0.00, real=0.09 secs] 
2017-11-10T19:37:29.334+0500: 492.793: [Full GC (Allocation Failure) 2017-11-10T19:37:29.334+0500: 492.793: [Tenured: 349567K->349567K(349568K), 0.0790592 secs] 506815K->506798K(506816K), [Metaspace: 12958K->12958K(1060864K)], 0.0791492 secs] [Times: user=0.08 sys=0.00, real=0.08 secs] 
2017-11-10T19:37:29.413+0500: 492.873: [Full GC (Allocation Failure) 2017-11-10T19:37:29.413+0500: 492.873: [Tenured: 349567K->349567K(349568K), 0.0811321 secs] 506815K->506807K(506816K), [Metaspace: 12958K->12958K(1060864K)], 0.0812147 secs] [Times: user=0.08 sys=0.00, real=0.08 secs] 
2017-11-10T19:37:29.495+0500: 492.954: [Full GC (Allocation Failure) 2017-11-10T19:37:29.495+0500: 492.954: [Tenured: 349567K->349567K(349568K), 0.0793056 secs] 506815K->506801K(506816K), [Metaspace: 12958K->12958K(1060864K)], 0.0793912 secs] [Times: user=0.08 sys=0.00, real=0.08 secs] 
2017-11-10T19:37:29.575+0500: 493.034: [Full GC (Allocation Failure) 2017-11-10T19:37:29.575+0500: 493.034: [Tenured: 349567K->349567K(349568K), 0.0808456 secs] 506815K->506799K(506816K), [Metaspace: 12958K->12958K(1060864K)], 0.0809180 secs] [Times: user=0.08 sys=0.00, real=0.08 secs] 
2017-11-10T19:37:29.656+0500: 493.115: [Full GC (Allocation Failure) 2017-11-10T19:37:29.656+0500: 493.115: [Tenured: 349567K->349567K(349568K), 0.0791428 secs] 506815K->506798K(506816K), [Metaspace: 12958K->12958K(1060864K)], 0.1021265 secs] [Times: user=0.08 sys=0.00, real=0.10 secs] 
2017-11-10T19:37:29.759+0500: 493.218: [Full GC (Allocation Failure) 2017-11-10T19:37:29.759+0500: 493.218: [Tenured: 349567K->349567K(349568K), 0.0760912 secs] 506815K->506807K(506816K), [Metaspace: 12958K->12958K(1060864K)], 0.0761782 secs] [Times: user=0.08 sys=0.00, real=0.08 secs] 
2017-11-10T19:37:29.835+0500: 493.295: [Full GC (Allocation Failure) 2017-11-10T19:37:29.835+0500: 493.295: [Tenured: 349567K->349567K(349568K), 0.0849166 secs] 506815K->506801K(506816K), [Metaspace: 12958K->12958K(1060864K)], 0.0849933 secs] [Times: user=0.08 sys=0.00, real=0.09 secs] 
2017-11-10T19:37:29.922+0500: 493.381: [Full GC (Allocation Failure) 2017-11-10T19:37:29.922+0500: 493.381: [Tenured: 349567K->349567K(349568K), 0.0805821 secs] 506815K->506799K(506816K), [Metaspace: 12958K->12958K(1060864K)], 0.0806916 secs] [Times: user=0.08 sys=0.00, real=0.08 secs] 
2017-11-10T19:37:30.003+0500: 493.463: [Full GC (Allocation Failure) 2017-11-10T19:37:30.003+0500: 493.463: [Tenured: 349567K->349567K(349568K), 0.0768665 secs] 506815K->506798K(506816K), [Metaspace: 12958K->12958K(1060864K)], 0.0769687 secs] [Times: user=0.08 sys=0.00, real=0.08 secs] 
2017-11-10T19:37:30.081+0500: 493.540: [Full GC (Allocation Failure) 2017-11-10T19:37:30.081+0500: 493.540: [Tenured: 349567K->349567K(349568K), 0.0788593 secs] 506815K->506807K(506816K), [Metaspace: 12958K->12958K(1060864K)], 0.0789292 secs] [Times: user=0.08 sys=0.00, real=0.08 secs] 
2017-11-10T19:37:30.160+0500: 493.619: [Full GC (Allocation Failure) 2017-11-10T19:37:30.160+0500: 493.619: [Tenured: 349567K->349567K(349568K), 0.0778409 secs] 506815K->506801K(506816K), [Metaspace: 12958K->12958K(1060864K)], 0.0779177 secs] [Times: user=0.08 sys=0.00, real=0.08 secs] 
2017-11-10T19:37:30.238+0500: 493.698: [Full GC (Allocation Failure) 2017-11-10T19:37:30.239+0500: 493.698: [Tenured: 349567K->349567K(349568K), 0.0790807 secs] 506815K->506799K(506816K), [Metaspace: 12958K->12958K(1060864K)], 0.0792127 secs] [Times: user=0.08 sys=0.00, real=0.08 secs] 
2017-11-10T19:37:30.318+0500: 493.778: [Full GC (Allocation Failure) 2017-11-10T19:37:30.318+0500: 493.778: [Tenured: 349567K->349567K(349568K), 0.0757783 secs] 506815K->506798K(506816K), [Metaspace: 12958K->12958K(1060864K)], 0.0758565 secs] [Times: user=0.08 sys=0.00, real=0.08 secs] 
2017-11-10T19:37:30.395+0500: 493.854: [Full GC (Allocation Failure) 2017-11-10T19:37:30.395+0500: 493.854: [Tenured: 349567K->349567K(349568K), 0.0754727 secs] 506815K->506807K(506816K), [Metaspace: 12958K->12958K(1060864K)], 0.0755490 secs] [Times: user=0.06 sys=0.00, real=0.08 secs] 
2017-11-10T19:37:30.471+0500: 493.930: [Full GC (Allocation Failure) 2017-11-10T19:37:30.471+0500: 493.930: [Tenured: 349567K->349567K(349568K), 0.0771100 secs] 506815K->506801K(506816K), [Metaspace: 12958K->12958K(1060864K)], 0.0772176 secs] [Times: user=0.06 sys=0.00, real=0.08 secs] 
2017-11-10T19:37:30.548+0500: 494.008: [Full GC (Allocation Failure) 2017-11-10T19:37:30.548+0500: 494.008: [Tenured: 349567K->349567K(349568K), 0.0804882 secs] 506815K->506799K(506816K), [Metaspace: 12958K->12958K(1060864K)], 0.0805601 secs] [Times: user=0.09 sys=0.00, real=0.08 secs] 
2017-11-10T19:37:30.629+0500: 494.089: [Full GC (Allocation Failure) 2017-11-10T19:37:30.629+0500: 494.089: [Tenured: 349567K->349567K(349568K), 0.0823045 secs] 506815K->506798K(506816K), [Metaspace: 12958K->12958K(1060864K)], 0.0823841 secs] [Times: user=0.08 sys=0.00, real=0.08 secs] 
2017-11-10T19:37:30.713+0500: 494.172: [Full GC (Allocation Failure) 2017-11-10T19:37:30.713+0500: 494.172: [Tenured: 349567K->349567K(349568K), 0.0800072 secs] 506815K->506807K(506816K), [Metaspace: 12958K->12958K(1060864K)], 0.0800903 secs] [Times: user=0.08 sys=0.00, real=0.08 secs] 
2017-11-10T19:37:30.793+0500: 494.252: [Full GC (Allocation Failure) 2017-11-10T19:37:30.793+0500: 494.252: [Tenured: 349567K->349567K(349568K), 0.0784901 secs] 506815K->506801K(506816K), [Metaspace: 12958K->12958K(1060864K)], 0.0785708 secs] [Times: user=0.08 sys=0.00, real=0.08 secs] 
2017-11-10T19:37:30.872+0500: 494.331: [Full GC (Allocation Failure) 2017-11-10T19:37:30.872+0500: 494.331: [Tenured: 349567K->349567K(349568K), 0.0799314 secs] 506815K->506799K(506816K), [Metaspace: 12958K->12958K(1060864K)], 0.0800023 secs] [Times: user=0.08 sys=0.00, real=0.08 secs] 
2017-11-10T19:37:30.953+0500: 494.412: [Full GC (Allocation Failure) 2017-11-10T19:37:30.953+0500: 494.412: [Tenured: 349567K->349567K(349568K), 0.0784642 secs] 506815K->506798K(506816K), [Metaspace: 12958K->12958K(1060864K)], 0.0785376 secs] [Times: user=0.08 sys=0.00, real=0.08 secs] 
2017-11-10T19:37:31.032+0500: 494.491: [Full GC (Allocation Failure) 2017-11-10T19:37:31.032+0500: 494.491: [Tenured: 349567K->349567K(349568K), 0.0809859 secs] 506815K->506807K(506816K), [Metaspace: 12958K->12958K(1060864K)], 0.0810729 secs] [Times: user=0.09 sys=0.00, real=0.08 secs] 
2017-11-10T19:37:31.113+0500: 494.572: [Full GC (Allocation Failure) 2017-11-10T19:37:31.113+0500: 494.572: [Tenured: 349567K->349567K(349568K), 0.0791624 secs] 506815K->506801K(506816K), [Metaspace: 12958K->12958K(1060864K)], 0.0792411 secs] [Times: user=0.08 sys=0.00, real=0.08 secs] 
2017-11-10T19:37:31.193+0500: 494.652: [Full GC (Allocation Failure) 2017-11-10T19:37:31.193+0500: 494.652: [Tenured: 349567K->349567K(349568K), 0.0803714 secs] 506815K->506799K(506816K), [Metaspace: 12958K->12958K(1060864K)], 0.0804574 secs] [Times: user=0.08 sys=0.00, real=0.08 secs] 
2017-11-10T19:37:31.274+0500: 494.733: [Full GC (Allocation Failure) 2017-11-10T19:37:31.274+0500: 494.733: [Tenured: 349567K->349567K(349568K), 0.0785811 secs] 506815K->506798K(506816K), [Metaspace: 12958K->12958K(1060864K)], 0.0786622 secs] [Times: user=0.08 sys=0.00, real=0.08 secs] 
2017-11-10T19:37:31.354+0500: 494.813: [Full GC (Allocation Failure) 2017-11-10T19:37:31.354+0500: 494.813: [Tenured: 349567K->349567K(349568K), 0.0792968 secs] 506815K->506807K(506816K), [Metaspace: 12958K->12958K(1060864K)], 0.0793907 secs] [Times: user=0.08 sys=0.00, real=0.08 secs] 
2017-11-10T19:37:31.433+0500: 494.892: [Full GC (Allocation Failure) 2017-11-10T19:37:31.434+0500: 494.892: [Tenured: 349567K->349567K(349568K), 0.0849875 secs] 506815K->506801K(506816K), [Metaspace: 12958K->12958K(1060864K)], 0.0850882 secs] [Times: user=0.09 sys=0.00, real=0.09 secs] 
2017-11-10T19:37:31.520+0500: 494.979: [Full GC (Allocation Failure) 2017-11-10T19:37:31.520+0500: 494.979: [Tenured: 349567K->349567K(349568K), 0.0852686 secs] 506815K->506799K(506816K), [Metaspace: 12958K->12958K(1060864K)], 0.0854808 secs] [Times: user=0.08 sys=0.00, real=0.09 secs] 
2017-11-10T19:37:31.607+0500: 495.066: [Full GC (Allocation Failure) 2017-11-10T19:37:31.607+0500: 495.066: [Tenured: 349567K->349567K(349568K), 0.0754996 secs] 506815K->506798K(506816K), [Metaspace: 12958K->12958K(1060864K)], 0.0756037 secs] [Times: user=0.08 sys=0.00, real=0.08 secs] 
2017-11-10T19:37:31.683+0500: 495.142: [Full GC (Allocation Failure) 2017-11-10T19:37:31.683+0500: 495.142: [Tenured: 349567K->349567K(349568K), 0.0756712 secs] 506815K->506807K(506816K), [Metaspace: 12958K->12958K(1060864K)], 0.0757788 secs] [Times: user=0.08 sys=0.00, real=0.08 secs] 
2017-11-10T19:37:31.759+0500: 495.218: [Full GC (Allocation Failure) 2017-11-10T19:37:31.759+0500: 495.218: [Tenured: 349567K->349567K(349568K), 0.0751217 secs] 506815K->506801K(506816K), [Metaspace: 12958K->12958K(1060864K)], 0.0752082 secs] [Times: user=0.08 sys=0.00, real=0.08 secs] 
2017-11-10T19:37:31.835+0500: 495.294: [Full GC (Allocation Failure) 2017-11-10T19:37:31.835+0500: 495.294: [Tenured: 349567K->349567K(349568K), 0.0782491 secs] 506815K->506799K(506816K), [Metaspace: 12958K->12958K(1060864K)], 0.0783572 secs] [Times: user=0.08 sys=0.00, real=0.08 secs] 
2017-11-10T19:37:31.914+0500: 495.373: [Full GC (Allocation Failure) 2017-11-10T19:37:31.914+0500: 495.373: [Tenured: 349567K->349567K(349568K), 0.0754556 secs] 506815K->506798K(506816K), [Metaspace: 12958K->12958K(1060864K)], 0.0755661 secs] [Times: user=0.08 sys=0.00, real=0.08 secs] 
2017-11-10T19:37:31.990+0500: 495.449: [Full GC (Allocation Failure) 2017-11-10T19:37:31.990+0500: 495.449: [Tenured: 349567K->349567K(349568K), 0.0749032 secs] 506815K->506807K(506816K), [Metaspace: 12958K->12958K(1060864K)], 0.0749745 secs] [Times: user=0.06 sys=0.00, real=0.08 secs] 
2017-11-10T19:37:32.065+0500: 495.524: [Full GC (Allocation Failure) 2017-11-10T19:37:32.065+0500: 495.524: [Tenured: 349567K->349567K(349568K), 0.0754248 secs] 506815K->506801K(506816K), [Metaspace: 12958K->12958K(1060864K)], 0.0754986 secs] [Times: user=0.06 sys=0.00, real=0.08 secs] 
2017-11-10T19:37:32.141+0500: 495.600: [Full GC (Allocation Failure) 2017-11-10T19:37:32.141+0500: 495.600: [Tenured: 349567K->349567K(349568K), 0.0748836 secs] 506815K->506799K(506816K), [Metaspace: 12958K->12958K(1060864K)], 0.0749569 secs] [Times: user=0.08 sys=0.00, real=0.08 secs] 
2017-11-10T19:37:32.217+0500: 495.676: [Full GC (Allocation Failure) 2017-11-10T19:37:32.217+0500: 495.676: [Tenured: 349567K->349567K(349568K), 0.0779641 secs] 506815K->506798K(506816K), [Metaspace: 12958K->12958K(1060864K)], 0.0780497 secs] [Times: user=0.08 sys=0.00, real=0.08 secs] 
2017-11-10T19:37:32.295+0500: 495.754: [Full GC (Allocation Failure) 2017-11-10T19:37:32.295+0500: 495.754: [Tenured: 349567K->349567K(349568K), 0.0778634 secs] 506815K->506807K(506816K), [Metaspace: 12958K->12958K(1060864K)], 0.0779822 secs] [Times: user=0.08 sys=0.00, real=0.08 secs] 
2017-11-10T19:37:32.374+0500: 495.833: [Full GC (Allocation Failure) 2017-11-10T19:37:32.374+0500: 495.833: [Tenured: 349567K->349567K(349568K), 0.0775647 secs] 506815K->506801K(506816K), [Metaspace: 12958K->12958K(1060864K)], 0.0776845 secs] [Times: user=0.08 sys=0.00, real=0.08 secs] 
2017-11-10T19:37:32.452+0500: 495.911: [Full GC (Allocation Failure) 2017-11-10T19:37:32.452+0500: 495.911: [Tenured: 349567K->349567K(349568K), 0.0786525 secs] 506815K->506799K(506816K), [Metaspace: 12958K->12958K(1060864K)], 0.0787473 secs] [Times: user=0.08 sys=0.00, real=0.08 secs] 
2017-11-10T19:37:32.531+0500: 495.990: [Full GC (Allocation Failure) 2017-11-10T19:37:32.531+0500: 495.990: [Tenured: 349567K->349567K(349568K), 0.0747526 secs] 506815K->506798K(506816K), [Metaspace: 12958K->12958K(1060864K)], 0.0748298 secs] [Times: user=0.08 sys=0.00, real=0.08 secs] 
2017-11-10T19:37:32.607+0500: 496.066: [Full GC (Allocation Failure) 2017-11-10T19:37:32.607+0500: 496.066: [Tenured: 349567K->349567K(349568K), 0.0741346 secs] 506815K->506807K(506816K), [Metaspace: 12958K->12958K(1060864K)], 0.0742089 secs] [Times: user=0.08 sys=0.00, real=0.07 secs] 
2017-11-10T19:37:32.681+0500: 496.140: [Full GC (Allocation Failure) 2017-11-10T19:37:32.681+0500: 496.140: [Tenured: 349567K->349567K(349568K), 0.0800502 secs] 506815K->506801K(506816K), [Metaspace: 12958K->12958K(1060864K)], 0.0801504 secs] [Times: user=0.08 sys=0.00, real=0.08 secs] 
2017-11-10T19:37:32.762+0500: 496.221: [Full GC (Allocation Failure) 2017-11-10T19:37:32.762+0500: 496.221: [Tenured: 349567K->349567K(349568K), 0.0768309 secs] 506815K->506799K(506816K), [Metaspace: 12958K->12958K(1060864K)], 0.0768998 secs] [Times: user=0.08 sys=0.00, real=0.08 secs] 
2017-11-10T19:37:32.839+0500: 496.298: [Full GC (Allocation Failure) 2017-11-10T19:37:32.839+0500: 496.298: [Tenured: 349567K->349567K(349568K), 0.0771530 secs] 506815K->506798K(506816K), [Metaspace: 12958K->12958K(1060864K)], 0.0772293 secs] [Times: user=0.08 sys=0.00, real=0.08 secs] 
2017-11-10T19:37:32.917+0500: 496.376: [Full GC (Allocation Failure) 2017-11-10T19:37:32.917+0500: 496.376: [Tenured: 349567K->349567K(349568K), 0.0766333 secs] 506815K->506807K(506816K), [Metaspace: 12958K->12958K(1060864K)], 0.0767262 secs] [Times: user=0.08 sys=0.00, real=0.08 secs] 
2017-11-10T19:37:32.994+0500: 496.453: [Full GC (Allocation Failure) 2017-11-10T19:37:32.994+0500: 496.453: [Tenured: 349567K->349567K(349568K), 0.0757494 secs] 506815K->506801K(506816K), [Metaspace: 12958K->12958K(1060864K)], 0.0758321 secs] [Times: user=0.08 sys=0.00, real=0.08 secs] 
2017-11-10T19:37:33.070+0500: 496.529: [Full GC (Allocation Failure) 2017-11-10T19:37:33.070+0500: 496.529: [Tenured: 349567K->349567K(349568K), 0.0746602 secs] 506815K->506799K(506816K), [Metaspace: 12958K->12958K(1060864K)], 0.0747311 secs] [Times: user=0.08 sys=0.00, real=0.08 secs] 
2017-11-10T19:37:33.145+0500: 496.605: [Full GC (Allocation Failure) 2017-11-10T19:37:33.145+0500: 496.605: [Tenured: 349567K->349567K(349568K), 0.0763967 secs] 506815K->506798K(506816K), [Metaspace: 12958K->12958K(1060864K)], 0.0764921 secs] [Times: user=0.06 sys=0.00, real=0.08 secs] 
2017-11-10T19:37:33.222+0500: 496.682: [Full GC (Allocation Failure) 2017-11-10T19:37:33.222+0500: 496.682: [Tenured: 349567K->349567K(349568K), 0.0761816 secs] 506815K->506807K(506816K), [Metaspace: 12958K->12958K(1060864K)], 0.0762569 secs] [Times: user=0.06 sys=0.00, real=0.08 secs] 
2017-11-10T19:37:33.299+0500: 496.758: [Full GC (Allocation Failure) 2017-11-10T19:37:33.299+0500: 496.758: [Tenured: 349567K->349567K(349568K), 0.0766896 secs] 506815K->506801K(506816K), [Metaspace: 12958K->12958K(1060864K)], 0.0767605 secs] [Times: user=0.08 sys=0.00, real=0.08 secs] 
2017-11-10T19:37:33.376+0500: 496.835: [Full GC (Allocation Failure) 2017-11-10T19:37:33.376+0500: 496.835: [Tenured: 349567K->349567K(349568K), 0.0758580 secs] 506815K->506799K(506816K), [Metaspace: 12958K->12958K(1060864K)], 0.0759489 secs] [Times: user=0.08 sys=0.00, real=0.08 secs] 
2017-11-10T19:37:33.453+0500: 496.912: [Full GC (Allocation Failure) 2017-11-10T19:37:33.453+0500: 496.912: [Tenured: 349567K->349567K(349568K), 0.0761445 secs] 506815K->506798K(506816K), [Metaspace: 12958K->12958K(1060864K)], 0.0762173 secs] [Times: user=0.08 sys=0.00, real=0.08 secs] 
2017-11-10T19:37:33.529+0500: 496.989: [Full GC (Allocation Failure) 2017-11-10T19:37:33.529+0500: 496.989: [Tenured: 349567K->349567K(349568K), 0.0791135 secs] 506815K->506807K(506816K), [Metaspace: 12958K->12958K(1060864K)], 0.0792196 secs] [Times: user=0.08 sys=0.00, real=0.08 secs] 
2017-11-10T19:37:33.609+0500: 497.068: [Full GC (Allocation Failure) 2017-11-10T19:37:33.609+0500: 497.068: [Tenured: 349567K->349567K(349568K), 0.0793237 secs] 506815K->506801K(506816K), [Metaspace: 12958K->12958K(1060864K)], 0.0794391 secs] [Times: user=0.08 sys=0.00, real=0.08 secs] 
2017-11-10T19:37:33.689+0500: 497.148: [Full GC (Allocation Failure) 2017-11-10T19:37:33.689+0500: 497.148: [Tenured: 349567K->349567K(349568K), 0.0832622 secs] 506815K->506799K(506816K), [Metaspace: 12958K->12958K(1060864K)], 0.0833688 secs] [Times: user=0.09 sys=0.00, real=0.08 secs] 
2017-11-10T19:37:33.773+0500: 497.232: [Full GC (Allocation Failure) 2017-11-10T19:37:33.773+0500: 497.232: [Tenured: 349567K->349567K(349568K), 0.0802550 secs] 506815K->506798K(506816K), [Metaspace: 12958K->12958K(1060864K)], 0.0803836 secs] [Times: user=0.08 sys=0.00, real=0.08 secs] 
2017-11-10T19:37:33.856+0500: 497.315: [Full GC (Allocation Failure) 2017-11-10T19:37:33.856+0500: 497.315: [Tenured: 349567K->349567K(349568K), 0.0781254 secs] 506815K->506807K(506816K), [Metaspace: 12958K->12958K(1060864K)], 0.0782330 secs] [Times: user=0.08 sys=0.00, real=0.08 secs] 
2017-11-10T19:37:33.935+0500: 497.394: [Full GC (Allocation Failure) 2017-11-10T19:37:33.935+0500: 497.394: [Tenured: 349567K->349567K(349568K), 0.0765747 secs] 506815K->506801K(506816K), [Metaspace: 12958K->12958K(1060864K)], 0.0766436 secs] [Times: user=0.08 sys=0.00, real=0.08 secs] 
2017-11-10T19:37:34.012+0500: 497.471: [Full GC (Allocation Failure) 2017-11-10T19:37:34.012+0500: 497.471: [Tenured: 349567K->349567K(349568K), 0.0769409 secs] 506815K->506799K(506816K), [Metaspace: 12958K->12958K(1060864K)], 0.0770215 secs] [Times: user=0.08 sys=0.00, real=0.08 secs] 
2017-11-10T19:37:34.089+0500: 497.549: [Full GC (Allocation Failure) 2017-11-10T19:37:34.089+0500: 497.549: [Tenured: 349567K->349567K(349568K), 0.0748142 secs] 506815K->506798K(506816K), [Metaspace: 12958K->12958K(1060864K)], 0.0749046 secs] [Times: user=0.08 sys=0.00, real=0.08 secs] 
2017-11-10T19:37:34.165+0500: 497.624: [Full GC (Allocation Failure) 2017-11-10T19:37:34.165+0500: 497.624: [Tenured: 349567K->349567K(349568K), 0.0762584 secs] 506815K->506807K(506816K), [Metaspace: 12958K->12958K(1060864K)], 0.0763478 secs] [Times: user=0.08 sys=0.00, real=0.08 secs] 
2017-11-10T19:37:34.242+0500: 497.701: [Full GC (Allocation Failure) 2017-11-10T19:37:34.242+0500: 497.701: [Tenured: 349567K->349567K(349568K), 0.0776698 secs] 506815K->506801K(506816K), [Metaspace: 12958K->12958K(1060864K)], 0.0777436 secs] [Times: user=0.08 sys=0.00, real=0.08 secs] 
2017-11-10T19:37:34.320+0500: 497.779: [Full GC (Allocation Failure) 2017-11-10T19:37:34.320+0500: 497.779: [Tenured: 349567K->349567K(349568K), 0.0762530 secs] 506815K->506799K(506816K), [Metaspace: 12958K->12958K(1060864K)], 0.0763297 secs] [Times: user=0.08 sys=0.00, real=0.08 secs] 
2017-11-10T19:37:34.397+0500: 497.856: [Full GC (Allocation Failure) 2017-11-10T19:37:34.397+0500: 497.856: [Tenured: 349567K->349567K(349568K), 0.0775168 secs] 506815K->506798K(506816K), [Metaspace: 12958K->12958K(1060864K)], 0.0775955 secs] [Times: user=0.08 sys=0.00, real=0.08 secs] 
2017-11-10T19:37:34.475+0500: 497.934: [Full GC (Allocation Failure) 2017-11-10T19:37:34.475+0500: 497.934: [Tenured: 349567K->349567K(349568K), 0.0772000 secs] 506815K->506807K(506816K), [Metaspace: 12958K->12958K(1060864K)], 0.0772718 secs] [Times: user=0.08 sys=0.00, real=0.08 secs] 
2017-11-10T19:37:34.552+0500: 498.012: [Full GC (Allocation Failure) 2017-11-10T19:37:34.552+0500: 498.012: [Tenured: 349567K->349567K(349568K), 0.0777192 secs] 506815K->506801K(506816K), [Metaspace: 12958K->12958K(1060864K)], 0.0778008 secs] [Times: user=0.08 sys=0.00, real=0.08 secs] 
2017-11-10T19:37:34.631+0500: 498.090: [Full GC (Allocation Failure) 2017-11-10T19:37:34.631+0500: 498.090: [Tenured: 349567K->349567K(349568K), 0.0808187 secs] 506815K->506799K(506816K), [Metaspace: 12958K->12958K(1060864K)], 0.0809292 secs] [Times: user=0.08 sys=0.00, real=0.08 secs] 
2017-11-10T19:37:34.712+0500: 498.171: [Full GC (Allocation Failure) 2017-11-10T19:37:34.712+0500: 498.171: [Tenured: 349567K->349567K(349568K), 0.0771398 secs] 506815K->506798K(506816K), [Metaspace: 12958K->12958K(1060864K)], 0.0772361 secs] [Times: user=0.08 sys=0.00, real=0.08 secs] 
2017-11-10T19:37:34.790+0500: 498.249: [Full GC (Allocation Failure) 2017-11-10T19:37:34.790+0500: 498.249: [Tenured: 349567K->349567K(349568K), 0.0783914 secs] 506815K->506807K(506816K), [Metaspace: 12958K->12958K(1060864K)], 0.0784677 secs] [Times: user=0.08 sys=0.00, real=0.08 secs] 
2017-11-10T19:37:34.869+0500: 498.328: [Full GC (Allocation Failure) 2017-11-10T19:37:34.869+0500: 498.328: [Tenured: 349567K->349567K(349568K), 0.0818288 secs] 506815K->506801K(506816K), [Metaspace: 12958K->12958K(1060864K)], 0.0819202 secs] [Times: user=0.08 sys=0.00, real=0.08 secs] 
2017-11-10T19:37:34.951+0500: 498.410: [Full GC (Allocation Failure) 2017-11-10T19:37:34.951+0500: 498.410: [Tenured: 349567K->349567K(349568K), 0.0755201 secs] 506815K->506799K(506816K), [Metaspace: 12958K->12958K(1060864K)], 0.0755925 secs] [Times: user=0.08 sys=0.00, real=0.08 secs] 
2017-11-10T19:37:35.027+0500: 498.486: [Full GC (Allocation Failure) 2017-11-10T19:37:35.027+0500: 498.486: [Tenured: 349567K->349567K(349568K), 0.0773246 secs] 506815K->506798K(506816K), [Metaspace: 12958K->12958K(1060864K)], 0.0773975 secs] [Times: user=0.08 sys=0.00, real=0.08 secs] 
2017-11-10T19:37:35.105+0500: 498.564: [Full GC (Allocation Failure) 2017-11-10T19:37:35.105+0500: 498.564: [Tenured: 349567K->349567K(349568K), 0.0753119 secs] 506815K->506807K(506816K), [Metaspace: 12958K->12958K(1060864K)], 0.0753901 secs] [Times: user=0.08 sys=0.00, real=0.08 secs] 
2017-11-10T19:37:35.181+0500: 498.640: [Full GC (Allocation Failure) 2017-11-10T19:37:35.181+0500: 498.640: [Tenured: 349567K->349567K(349568K), 0.0756776 secs] 506815K->506801K(506816K), [Metaspace: 12958K->12958K(1060864K)], 0.0757573 secs] [Times: user=0.08 sys=0.00, real=0.08 secs] 
2017-11-10T19:37:35.257+0500: 498.716: [Full GC (Allocation Failure) 2017-11-10T19:37:35.257+0500: 498.716: [Tenured: 349567K->349567K(349568K), 0.0752200 secs] 506815K->506799K(506816K), [Metaspace: 12958K->12958K(1060864K)], 0.0752928 secs] [Times: user=0.08 sys=0.00, real=0.08 secs] 
2017-11-10T19:37:35.333+0500: 498.792: [Full GC (Allocation Failure) 2017-11-10T19:37:35.333+0500: 498.792: [Tenured: 349567K->349567K(349568K), 0.0752825 secs] 506815K->506798K(506816K), [Metaspace: 12958K->12958K(1060864K)], 0.0753676 secs] [Times: user=0.06 sys=0.02, real=0.08 secs] 
2017-11-10T19:37:35.409+0500: 498.868: [Full GC (Allocation Failure) 2017-11-10T19:37:35.409+0500: 498.868: [Tenured: 349567K->349567K(349568K), 0.0787405 secs] 506815K->506807K(506816K), [Metaspace: 12958K->12958K(1060864K)], 0.0788270 secs] [Times: user=0.08 sys=0.00, real=0.08 secs] 
2017-11-10T19:37:35.489+0500: 498.948: [Full GC (Allocation Failure) 2017-11-10T19:37:35.489+0500: 498.948: [Tenured: 349567K->349567K(349568K), 0.0826379 secs] 506815K->506801K(506816K), [Metaspace: 12958K->12958K(1060864K)], 0.0827269 secs] [Times: user=0.08 sys=0.00, real=0.08 secs] 
2017-11-10T19:37:35.572+0500: 499.031: [Full GC (Allocation Failure) 2017-11-10T19:37:35.572+0500: 499.031: [Tenured: 349567K->349567K(349568K), 0.0748968 secs] 506815K->506799K(506816K), [Metaspace: 12958K->12958K(1060864K)], 0.0749975 secs] [Times: user=0.08 sys=0.00, real=0.08 secs] 
2017-11-10T19:37:35.648+0500: 499.107: [Full GC (Allocation Failure) 2017-11-10T19:37:35.648+0500: 499.107: [Tenured: 349567K->349567K(349568K), 0.0778111 secs] 506815K->506798K(506816K), [Metaspace: 12958K->12958K(1060864K)], 0.0778820 secs] [Times: user=0.08 sys=0.00, real=0.08 secs] 
2017-11-10T19:37:35.726+0500: 499.185: [Full GC (Allocation Failure) 2017-11-10T19:37:35.726+0500: 499.185: [Tenured: 349567K->349567K(349568K), 0.0763185 secs] 506815K->506807K(506816K), [Metaspace: 12958K->12958K(1060864K)], 0.0763909 secs] [Times: user=0.08 sys=0.00, real=0.08 secs] 
2017-11-10T19:37:35.803+0500: 499.262: [Full GC (Allocation Failure) 2017-11-10T19:37:35.803+0500: 499.262: [Tenured: 349567K->349567K(349568K), 0.0751109 secs] 506815K->506801K(506816K), [Metaspace: 12958K->12958K(1060864K)], 0.0751828 secs] [Times: user=0.08 sys=0.00, real=0.08 secs] 
2017-11-10T19:37:35.879+0500: 499.338: [Full GC (Allocation Failure) 2017-11-10T19:37:35.879+0500: 499.338: [Tenured: 349567K->349567K(349568K), 0.0801827 secs] 506815K->506799K(506816K), [Metaspace: 12958K->12958K(1060864K)], 0.0802545 secs] [Times: user=0.08 sys=0.00, real=0.08 secs] 
2017-11-10T19:37:35.959+0500: 499.418: [Full GC (Allocation Failure) 2017-11-10T19:37:35.959+0500: 499.418: [Tenured: 349567K->349567K(349568K), 0.0803259 secs] 506815K->506798K(506816K), [Metaspace: 12958K->12958K(1060864K)], 0.0804261 secs] [Times: user=0.08 sys=0.00, real=0.08 secs] 
2017-11-10T19:37:36.040+0500: 499.499: [Full GC (Allocation Failure) 2017-11-10T19:37:36.040+0500: 499.499: [Tenured: 349567K->349567K(349568K), 0.0786681 secs] 506815K->506807K(506816K), [Metaspace: 12958K->12958K(1060864K)], 0.0788602 secs] [Times: user=0.08 sys=0.00, real=0.08 secs] 
2017-11-10T19:37:36.120+0500: 499.579: [Full GC (Allocation Failure) 2017-11-10T19:37:36.120+0500: 499.579: [Tenured: 349567K->349567K(349568K), 0.0763126 secs] 506815K->506801K(506816K), [Metaspace: 12958K->12958K(1060864K)], 0.0763913 secs] [Times: user=0.08 sys=0.00, real=0.08 secs] 
2017-11-10T19:37:36.196+0500: 499.655: [Full GC (Allocation Failure) 2017-11-10T19:37:36.196+0500: 499.656: [Tenured: 349567K->349567K(349568K), 0.0761694 secs] 506815K->506799K(506816K), [Metaspace: 12958K->12958K(1060864K)], 0.0762422 secs] [Times: user=0.08 sys=0.00, real=0.08 secs] 
2017-11-10T19:37:36.273+0500: 499.732: [Full GC (Allocation Failure) 2017-11-10T19:37:36.273+0500: 499.732: [Tenured: 349567K->349567K(349568K), 0.0771193 secs] 506815K->506798K(506816K), [Metaspace: 12958K->12958K(1060864K)], 0.0772220 secs] [Times: user=0.08 sys=0.00, real=0.08 secs] 
2017-11-10T19:37:36.351+0500: 499.810: [Full GC (Allocation Failure) 2017-11-10T19:37:36.351+0500: 499.810: [Tenured: 349567K->349567K(349568K), 0.0770548 secs] 506815K->506807K(506816K), [Metaspace: 12958K->12958K(1060864K)], 0.0771648 secs] [Times: user=0.06 sys=0.00, real=0.08 secs] 
2017-11-10T19:37:36.429+0500: 499.888: [Full GC (Allocation Failure) 2017-11-10T19:37:36.429+0500: 499.888: [Tenured: 349567K->349567K(349568K), 0.0769971 secs] 506815K->506801K(506816K), [Metaspace: 12958K->12958K(1060864K)], 0.0770694 secs] [Times: user=0.08 sys=0.00, real=0.08 secs] 
2017-11-10T19:37:36.506+0500: 499.965: [Full GC (Allocation Failure) 2017-11-10T19:37:36.506+0500: 499.965: [Tenured: 349567K->349567K(349568K), 0.0748333 secs] 506815K->506799K(506816K), [Metaspace: 12958K->12958K(1060864K)], 0.0749076 secs] [Times: user=0.08 sys=0.00, real=0.08 secs] 
2017-11-10T19:37:36.582+0500: 500.041: [Full GC (Allocation Failure) 2017-11-10T19:37:36.582+0500: 500.041: [Tenured: 349567K->349567K(349568K), 0.0789942 secs] 506815K->506798K(506816K), [Metaspace: 12958K->12958K(1060864K)], 0.0790954 secs] [Times: user=0.08 sys=0.00, real=0.08 secs] 
2017-11-10T19:37:36.661+0500: 500.120: [Full GC (Allocation Failure) 2017-11-10T19:37:36.661+0500: 500.120: [Tenured: 349567K->349567K(349568K), 0.0775886 secs] 506815K->506807K(506816K), [Metaspace: 12958K->12958K(1060864K)], 0.0776717 secs] [Times: user=0.08 sys=0.00, real=0.08 secs] 
2017-11-10T19:37:36.739+0500: 500.198: [Full GC (Allocation Failure) 2017-11-10T19:37:36.739+0500: 500.198: [Tenured: 349567K->349567K(349568K), 0.0778932 secs] 506815K->506801K(506816K), [Metaspace: 12958K->12958K(1060864K)], 0.0779690 secs] [Times: user=0.08 sys=0.00, real=0.08 secs] 
2017-11-10T19:37:36.818+0500: 500.277: [Full GC (Allocation Failure) 2017-11-10T19:37:36.818+0500: 500.277: [Tenured: 349567K->349567K(349568K), 0.0761410 secs] 506815K->506799K(506816K), [Metaspace: 12958K->12958K(1060864K)], 0.0762188 secs] [Times: user=0.08 sys=0.00, real=0.08 secs] 
2017-11-10T19:37:36.894+0500: 500.354: [Full GC (Allocation Failure) 2017-11-10T19:37:36.894+0500: 500.354: [Tenured: 349567K->349567K(349568K), 0.0772924 secs] 506815K->506798K(506816K), [Metaspace: 12958K->12958K(1060864K)], 0.0773750 secs] [Times: user=0.08 sys=0.00, real=0.08 secs] 
2017-11-10T19:37:36.972+0500: 500.432: [Full GC (Allocation Failure) 2017-11-10T19:37:36.972+0500: 500.432: [Tenured: 349567K->349567K(349568K), 0.0770919 secs] 506815K->506807K(506816K), [Metaspace: 12958K->12958K(1060864K)], 0.0771877 secs] [Times: user=0.08 sys=0.00, real=0.08 secs] 
2017-11-10T19:37:37.050+0500: 500.509: [Full GC (Allocation Failure) 2017-11-10T19:37:37.050+0500: 500.509: [Tenured: 349567K->349567K(349568K), 0.0780325 secs] 506815K->506801K(506816K), [Metaspace: 12958K->12958K(1060864K)], 0.0781455 secs] [Times: user=0.08 sys=0.00, real=0.08 secs] 
2017-11-10T19:37:37.129+0500: 500.588: [Full GC (Allocation Failure) 2017-11-10T19:37:37.129+0500: 500.588: [Tenured: 349567K->349567K(349568K), 0.0779177 secs] 506815K->506799K(506816K), [Metaspace: 12958K->12958K(1060864K)], 0.0780022 secs] [Times: user=0.08 sys=0.00, real=0.08 secs] 
2017-11-10T19:37:37.207+0500: 500.666: [Full GC (Allocation Failure) 2017-11-10T19:37:37.207+0500: 500.666: [Tenured: 349567K->349567K(349568K), 0.0776693 secs] 506815K->506798K(506816K), [Metaspace: 12958K->12958K(1060864K)], 0.0777685 secs] [Times: user=0.08 sys=0.00, real=0.08 secs] 
2017-11-10T19:37:37.286+0500: 500.745: [Full GC (Allocation Failure) 2017-11-10T19:37:37.286+0500: 500.745: [Tenured: 349567K->349567K(349568K), 0.0780057 secs] 506815K->506807K(506816K), [Metaspace: 12958K->12958K(1060864K)], 0.0782032 secs] [Times: user=0.08 sys=0.00, real=0.08 secs] 
2017-11-10T19:37:37.364+0500: 500.824: [Full GC (Allocation Failure) 2017-11-10T19:37:37.365+0500: 500.824: [Tenured: 349567K->349567K(349568K), 0.0796889 secs] 506815K->506801K(506816K), [Metaspace: 12958K->12958K(1060864K)], 0.0797617 secs] [Times: user=0.08 sys=0.00, real=0.08 secs] 
2017-11-10T19:37:37.445+0500: 500.904: [Full GC (Allocation Failure) 2017-11-10T19:37:37.445+0500: 500.904: [Tenured: 349567K->349567K(349568K), 0.0799255 secs] 506815K->506799K(506816K), [Metaspace: 12958K->12958K(1060864K)], 0.0799993 secs] [Times: user=0.08 sys=0.00, real=0.08 secs] 
2017-11-10T19:37:37.525+0500: 500.984: [Full GC (Allocation Failure) 2017-11-10T19:37:37.525+0500: 500.984: [Tenured: 349567K->349567K(349568K), 0.0773735 secs] 506815K->506798K(506816K), [Metaspace: 12958K->12958K(1060864K)], 0.0774459 secs] [Times: user=0.08 sys=0.00, real=0.08 secs] 
2017-11-10T19:37:37.603+0500: 501.062: [Full GC (Allocation Failure) 2017-11-10T19:37:37.603+0500: 501.062: [Tenured: 349567K->349567K(349568K), 0.0746577 secs] 506815K->506807K(506816K), [Metaspace: 12958K->12958K(1060864K)], 0.0747619 secs] [Times: user=0.08 sys=0.00, real=0.08 secs] 
2017-11-10T19:37:37.678+0500: 501.138: [Full GC (Allocation Failure) 2017-11-10T19:37:37.678+0500: 501.138: [Tenured: 349567K->349567K(349568K), 0.0813521 secs] 506815K->506801K(506816K), [Metaspace: 12958K->12958K(1060864K)], 0.0814538 secs] [Times: user=0.08 sys=0.00, real=0.08 secs] 
2017-11-10T19:37:37.760+0500: 501.220: [Full GC (Allocation Failure) 2017-11-10T19:37:37.760+0500: 501.220: [Tenured: 349567K->349567K(349568K), 0.0802130 secs] 506815K->506799K(506816K), [Metaspace: 12958K->12958K(1060864K)], 0.0802893 secs] [Times: user=0.08 sys=0.00, real=0.08 secs] 
2017-11-10T19:37:37.841+0500: 501.300: [Full GC (Allocation Failure) 2017-11-10T19:37:37.841+0500: 501.300: [Tenured: 349567K->349567K(349568K), 0.0897698 secs] 506815K->506798K(506816K), [Metaspace: 12958K->12958K(1060864K)], 0.0898558 secs] [Times: user=0.08 sys=0.00, real=0.09 secs] 
2017-11-10T19:37:37.931+0500: 501.391: [Full GC (Allocation Failure) 2017-11-10T19:37:37.932+0500: 501.391: [Tenured: 349567K->349567K(349568K), 0.0913010 secs] 506815K->506807K(506816K), [Metaspace: 12958K->12958K(1060864K)], 0.0914261 secs] [Times: user=0.09 sys=0.00, real=0.09 secs] 
2017-11-10T19:37:38.023+0500: 501.483: [Full GC (Allocation Failure) 2017-11-10T19:37:38.023+0500: 501.483: [Tenured: 349567K->349567K(349568K), 0.0801749 secs] 506815K->506801K(506816K), [Metaspace: 12958K->12958K(1060864K)], 0.0802785 secs] [Times: user=0.08 sys=0.00, real=0.08 secs] 
2017-11-10T19:37:38.104+0500: 501.563: [Full GC (Allocation Failure) 2017-11-10T19:37:38.104+0500: 501.563: [Tenured: 349567K->349567K(349568K), 0.0762716 secs] 506815K->506799K(506816K), [Metaspace: 12958K->12958K(1060864K)], 0.0763791 secs] [Times: user=0.08 sys=0.00, real=0.08 secs] 
2017-11-10T19:37:38.181+0500: 501.640: [Full GC (Allocation Failure) 2017-11-10T19:37:38.181+0500: 501.640: [Tenured: 349567K->349567K(349568K), 0.0785786 secs] 506815K->506798K(506816K), [Metaspace: 12958K->12958K(1060864K)], 0.0786622 secs] [Times: user=0.08 sys=0.00, real=0.08 secs] 
2017-11-10T19:37:38.260+0500: 501.719: [Full GC (Allocation Failure) 2017-11-10T19:37:38.260+0500: 501.719: [Tenured: 349567K->349567K(349568K), 0.0784765 secs] 506815K->506807K(506816K), [Metaspace: 12958K->12958K(1060864K)], 0.0785557 secs] [Times: user=0.08 sys=0.00, real=0.08 secs] 
2017-11-10T19:37:38.339+0500: 501.798: [Full GC (Allocation Failure) 2017-11-10T19:37:38.339+0500: 501.798: [Tenured: 349567K->349567K(349568K), 0.0777524 secs] 506815K->506801K(506816K), [Metaspace: 12958K->12958K(1060864K)], 0.0778365 secs] [Times: user=0.08 sys=0.00, real=0.08 secs] 
2017-11-10T19:37:38.417+0500: 501.877: [Full GC (Allocation Failure) 2017-11-10T19:37:38.417+0500: 501.877: [Tenured: 349567K->349567K(349568K), 0.0766221 secs] 506815K->506799K(506816K), [Metaspace: 12958K->12958K(1060864K)], 0.0766989 secs] [Times: user=0.08 sys=0.00, real=0.08 secs] 
2017-11-10T19:37:38.495+0500: 501.954: [Full GC (Allocation Failure) 2017-11-10T19:37:38.495+0500: 501.954: [Tenured: 349567K->349567K(349568K), 0.0785635 secs] 506815K->506798K(506816K), [Metaspace: 12958K->12958K(1060864K)], 0.0786965 secs] [Times: user=0.08 sys=0.00, real=0.08 secs] 
2017-11-10T19:37:38.574+0500: 502.033: [Full GC (Allocation Failure) 2017-11-10T19:37:38.574+0500: 502.033: [Tenured: 349567K->349567K(349568K), 0.0765952 secs] 506815K->506807K(506816K), [Metaspace: 12958K->12958K(1060864K)], 0.0766905 secs] [Times: user=0.08 sys=0.00, real=0.08 secs] 
2017-11-10T19:37:38.651+0500: 502.110: [Full GC (Allocation Failure) 2017-11-10T19:37:38.652+0500: 502.110: [Tenured: 349567K->349567K(349568K), 0.0781357 secs] 506815K->506801K(506816K), [Metaspace: 12958K->12958K(1060864K)], 0.0782496 secs] [Times: user=0.08 sys=0.00, real=0.08 secs] 
2017-11-10T19:37:38.730+0500: 502.189: [Full GC (Allocation Failure) 2017-11-10T19:37:38.730+0500: 502.189: [Tenured: 349567K->349567K(349568K), 0.0765087 secs] 506815K->506799K(506816K), [Metaspace: 12958K->12958K(1060864K)], 0.0765810 secs] [Times: user=0.08 sys=0.00, real=0.08 secs] 
2017-11-10T19:37:38.807+0500: 502.266: [Full GC (Allocation Failure) 2017-11-10T19:37:38.807+0500: 502.266: [Tenured: 349567K->349567K(349568K), 0.0788798 secs] 506815K->506798K(506816K), [Metaspace: 12958K->12958K(1060864K)], 0.0789619 secs] [Times: user=0.08 sys=0.00, real=0.08 secs] 
2017-11-10T19:37:38.887+0500: 502.345: [Full GC (Allocation Failure) 2017-11-10T19:37:38.887+0500: 502.346: [Tenured: 349567K->349567K(349568K), 0.0755368 secs] 506815K->506807K(506816K), [Metaspace: 12958K->12958K(1060864K)], 0.0756204 secs] [Times: user=0.08 sys=0.00, real=0.07 secs] 
2017-11-10T19:37:38.963+0500: 502.421: [Full GC (Allocation Failure) 2017-11-10T19:37:38.963+0500: 502.421: [Tenured: 349567K->349567K(349568K), 0.0766622 secs] 506815K->506801K(506816K), [Metaspace: 12958K->12958K(1060864K)], 0.0767341 secs] [Times: user=0.08 sys=0.00, real=0.08 secs] 
2017-11-10T19:37:39.040+0500: 502.499: [Full GC (Allocation Failure) 2017-11-10T19:37:39.040+0500: 502.499: [Tenured: 349567K->349567K(349568K), 0.0787385 secs] 506815K->506799K(506816K), [Metaspace: 12958K->12958K(1060864K)], 0.0788245 secs] [Times: user=0.08 sys=0.00, real=0.08 secs] 
2017-11-10T19:37:39.119+0500: 502.578: [Full GC (Allocation Failure) 2017-11-10T19:37:39.119+0500: 502.578: [Tenured: 349567K->349567K(349568K), 0.0758096 secs] 506815K->506798K(506816K), [Metaspace: 12958K->12958K(1060864K)], 0.0759157 secs] [Times: user=0.08 sys=0.00, real=0.08 secs] 
2017-11-10T19:37:39.196+0500: 502.655: [Full GC (Allocation Failure) 2017-11-10T19:37:39.196+0500: 502.655: [Tenured: 349567K->349567K(349568K), 0.0786974 secs] 506815K->506807K(506816K), [Metaspace: 12958K->12958K(1060864K)], 0.0787801 secs] [Times: user=0.06 sys=0.00, real=0.08 secs] 
2017-11-10T19:37:39.275+0500: 502.734: [Full GC (Allocation Failure) 2017-11-10T19:37:39.275+0500: 502.734: [Tenured: 349567K->349567K(349568K), 0.0812617 secs] 506815K->506801K(506816K), [Metaspace: 12958K->12958K(1060864K)], 0.0813497 secs] [Times: user=0.08 sys=0.00, real=0.08 secs] 
2017-11-10T19:37:39.357+0500: 502.816: [Full GC (Allocation Failure) 2017-11-10T19:37:39.357+0500: 502.816: [Tenured: 349567K->349567K(349568K), 0.0789331 secs] 506815K->506799K(506816K), [Metaspace: 12958K->12958K(1060864K)], 0.0790323 secs] [Times: user=0.08 sys=0.00, real=0.08 secs] 
2017-11-10T19:37:39.436+0500: 502.895: [Full GC (Allocation Failure) 2017-11-10T19:37:39.436+0500: 502.895: [Tenured: 349567K->349567K(349568K), 0.0754805 secs] 506815K->506798K(506816K), [Metaspace: 12958K->12958K(1060864K)], 0.0755529 secs] [Times: user=0.08 sys=0.00, real=0.08 secs] 
2017-11-10T19:37:39.512+0500: 502.971: [Full GC (Allocation Failure) 2017-11-10T19:37:39.512+0500: 502.971: [Tenured: 349567K->349567K(349568K), 0.0770235 secs] 506815K->506807K(506816K), [Metaspace: 12958K->12958K(1060864K)], 0.0771369 secs] [Times: user=0.08 sys=0.00, real=0.08 secs] 
2017-11-10T19:37:39.590+0500: 503.049: [Full GC (Allocation Failure) 2017-11-10T19:37:39.590+0500: 503.049: [Tenured: 349567K->349567K(349568K), 0.0764427 secs] 506815K->506801K(506816K), [Metaspace: 12958K->12958K(1060864K)], 0.0765390 secs] [Times: user=0.08 sys=0.00, real=0.08 secs] 
2017-11-10T19:37:39.667+0500: 503.126: [Full GC (Allocation Failure) 2017-11-10T19:37:39.667+0500: 503.126: [Tenured: 349567K->349567K(349568K), 0.0770391 secs] 506815K->506799K(506816K), [Metaspace: 12958K->12958K(1060864K)], 0.0771550 secs] [Times: user=0.08 sys=0.00, real=0.08 secs] 
2017-11-10T19:37:39.744+0500: 503.203: [Full GC (Allocation Failure) 2017-11-10T19:37:39.744+0500: 503.203: [Tenured: 349567K->349567K(349568K), 0.0755104 secs] 506815K->506798K(506816K), [Metaspace: 12958K->12958K(1060864K)], 0.0755861 secs] [Times: user=0.08 sys=0.00, real=0.08 secs] 
2017-11-10T19:37:39.820+0500: 503.279: [Full GC (Allocation Failure) 2017-11-10T19:37:39.820+0500: 503.279: [Tenured: 349567K->349567K(349568K), 0.0814000 secs] 506815K->506807K(506816K), [Metaspace: 12958K->12958K(1060864K)], 0.0814782 secs] [Times: user=0.06 sys=0.00, real=0.08 secs] 
2017-11-10T19:37:39.903+0500: 503.362: [Full GC (Allocation Failure) 2017-11-10T19:37:39.903+0500: 503.362: [Tenured: 349567K->349567K(349568K), 0.0862420 secs] 506815K->506801K(506816K), [Metaspace: 12958K->12958K(1060864K)], 0.0864478 secs] [Times: user=0.09 sys=0.00, real=0.09 secs] 
2017-11-10T19:37:39.990+0500: 503.449: [Full GC (Allocation Failure) 2017-11-10T19:37:39.990+0500: 503.449: [Tenured: 349567K->349567K(349568K), 0.0764124 secs] 506815K->506799K(506816K), [Metaspace: 12958K->12958K(1060864K)], 0.0765229 secs] [Times: user=0.08 sys=0.00, real=0.08 secs] 
2017-11-10T19:37:40.067+0500: 503.526: [Full GC (Allocation Failure) 2017-11-10T19:37:40.067+0500: 503.526: [Tenured: 349567K->349567K(349568K), 0.0758829 secs] 506815K->506798K(506816K), [Metaspace: 12958K->12958K(1060864K)], 0.0760007 secs] [Times: user=0.06 sys=0.00, real=0.08 secs] 
2017-11-10T19:37:40.143+0500: 503.602: [Full GC (Allocation Failure) 2017-11-10T19:37:40.143+0500: 503.602: [Tenured: 349567K->349567K(349568K), 0.0788959 secs] 506815K->506807K(506816K), [Metaspace: 12958K->12958K(1060864K)], 0.0789966 secs] [Times: user=0.08 sys=0.00, real=0.08 secs] 
2017-11-10T19:37:40.223+0500: 503.682: [Full GC (Allocation Failure) 2017-11-10T19:37:40.223+0500: 503.682: [Tenured: 349567K->349567K(349568K), 0.0778355 secs] 506815K->506801K(506816K), [Metaspace: 12958K->12958K(1060864K)], 0.0779196 secs] [Times: user=0.08 sys=0.00, real=0.08 secs] 
2017-11-10T19:37:40.301+0500: 503.760: [Full GC (Allocation Failure) 2017-11-10T19:37:40.301+0500: 503.761: [Tenured: 349567K->349567K(349568K), 0.0774268 secs] 506815K->506799K(506816K), [Metaspace: 12958K->12958K(1060864K)], 0.0775422 secs] [Times: user=0.08 sys=0.00, real=0.08 secs] 
2017-11-10T19:37:40.379+0500: 503.839: [Full GC (Allocation Failure) 2017-11-10T19:37:40.379+0500: 503.839: [Tenured: 349567K->349567K(349568K), 0.0764031 secs] 506815K->506798K(506816K), [Metaspace: 12958K->12958K(1060864K)], 0.0764769 secs] [Times: user=0.08 sys=0.00, real=0.08 secs] 
2017-11-10T19:37:40.456+0500: 503.915: [Full GC (Allocation Failure) 2017-11-10T19:37:40.456+0500: 503.916: [Tenured: 349567K->349567K(349568K), 0.0752469 secs] 506815K->506807K(506816K), [Metaspace: 12958K->12958K(1060864K)], 0.0753197 secs] [Times: user=0.06 sys=0.00, real=0.08 secs] 
2017-11-10T19:37:40.532+0500: 503.991: [Full GC (Allocation Failure) 2017-11-10T19:37:40.532+0500: 503.991: [Tenured: 349567K->349567K(349568K), 0.0767326 secs] 506815K->506801K(506816K), [Metaspace: 12958K->12958K(1060864K)], 0.0768118 secs] [Times: user=0.08 sys=0.00, real=0.08 secs] 
2017-11-10T19:37:40.609+0500: 504.068: [Full GC (Allocation Failure) 2017-11-10T19:37:40.609+0500: 504.069: [Tenured: 349567K->349567K(349568K), 0.0753177 secs] 506815K->506799K(506816K), [Metaspace: 12958K->12958K(1060864K)], 0.0754991 secs] [Times: user=0.08 sys=0.00, real=0.08 secs] 
2017-11-10T19:37:40.685+0500: 504.144: [Full GC (Allocation Failure) 2017-11-10T19:37:40.685+0500: 504.145: [Tenured: 349567K->349567K(349568K), 0.0745600 secs] 506815K->506798K(506816K), [Metaspace: 12958K->12958K(1060864K)], 0.0746333 secs] [Times: user=0.08 sys=0.00, real=0.08 secs] 
2017-11-10T19:37:40.760+0500: 504.220: [Full GC (Allocation Failure) 2017-11-10T19:37:40.760+0500: 504.220: [Tenured: 349567K->349567K(349568K), 0.0751794 secs] 506815K->506807K(506816K), [Metaspace: 12958K->12958K(1060864K)], 0.0752679 secs] [Times: user=0.08 sys=0.00, real=0.08 secs] 
2017-11-10T19:37:40.836+0500: 504.295: [Full GC (Allocation Failure) 2017-11-10T19:37:40.836+0500: 504.295: [Tenured: 349567K->349567K(349568K), 0.0796737 secs] 506815K->506801K(506816K), [Metaspace: 12958K->12958K(1060864K)], 0.0797471 secs] [Times: user=0.08 sys=0.00, real=0.08 secs] 
2017-11-10T19:37:40.918+0500: 504.377: [Full GC (Allocation Failure) 2017-11-10T19:37:40.918+0500: 504.377: [Tenured: 349567K->349567K(349568K), 0.0810236 secs] 506815K->506799K(506816K), [Metaspace: 12958K->12958K(1060864K)], 0.0811546 secs] [Times: user=0.08 sys=0.00, real=0.08 secs] 
2017-11-10T19:37:40.999+0500: 504.458: [Full GC (Allocation Failure) 2017-11-10T19:37:40.999+0500: 504.458: [Tenured: 349567K->349567K(349568K), 0.0756565 secs] 506815K->506798K(506816K), [Metaspace: 12958K->12958K(1060864K)], 0.0757729 secs] [Times: user=0.08 sys=0.00, real=0.08 secs] 
2017-11-10T19:37:41.075+0500: 504.535: [Full GC (Allocation Failure) 2017-11-10T19:37:41.075+0500: 504.535: [Tenured: 349567K->349567K(349568K), 0.0751241 secs] 506815K->506807K(506816K), [Metaspace: 12958K->12958K(1060864K)], 0.0752092 secs] [Times: user=0.08 sys=0.00, real=0.08 secs] 
2017-11-10T19:37:41.151+0500: 504.610: [Full GC (Allocation Failure) 2017-11-10T19:37:41.151+0500: 504.610: [Tenured: 349567K->349567K(349568K), 0.0752117 secs] 506815K->506801K(506816K), [Metaspace: 12958K->12958K(1060864K)], 0.0753231 secs] [Times: user=0.08 sys=0.00, real=0.08 secs] 
2017-11-10T19:37:41.227+0500: 504.686: [Full GC (Allocation Failure) 2017-11-10T19:37:41.227+0500: 504.686: [Tenured: 349567K->349567K(349568K), 0.0772366 secs] 506815K->506799K(506816K), [Metaspace: 12958K->12958K(1060864K)], 0.0773134 secs] [Times: user=0.08 sys=0.00, real=0.08 secs] 
2017-11-10T19:37:41.305+0500: 504.764: [Full GC (Allocation Failure) 2017-11-10T19:37:41.305+0500: 504.764: [Tenured: 349567K->349567K(349568K), 0.0743150 secs] 506815K->506798K(506816K), [Metaspace: 12958K->12958K(1060864K)], 0.0744314 secs] [Times: user=0.08 sys=0.00, real=0.07 secs] 
2017-11-10T19:37:41.380+0500: 504.839: [Full GC (Allocation Failure) 2017-11-10T19:37:41.380+0500: 504.839: [Tenured: 349567K->349567K(349568K), 0.0774214 secs] 506815K->506807K(506816K), [Metaspace: 12958K->12958K(1060864K)], 0.0775295 secs] [Times: user=0.08 sys=0.00, real=0.08 secs] 
2017-11-10T19:37:41.458+0500: 504.917: [Full GC (Allocation Failure) 2017-11-10T19:37:41.458+0500: 504.917: [Tenured: 349567K->349567K(349568K), 0.0774195 secs] 506815K->506801K(506816K), [Metaspace: 12958K->12958K(1060864K)], 0.0774928 secs] [Times: user=0.08 sys=0.00, real=0.08 secs] 
2017-11-10T19:37:41.535+0500: 504.995: [Full GC (Allocation Failure) 2017-11-10T19:37:41.535+0500: 504.995: [Tenured: 349567K->349567K(349568K), 0.0770308 secs] 506815K->506799K(506816K), [Metaspace: 12958K->12958K(1060864K)], 0.0771051 secs] [Times: user=0.08 sys=0.00, real=0.08 secs] 
2017-11-10T19:37:41.613+0500: 505.072: [Full GC (Allocation Failure) 2017-11-10T19:37:41.613+0500: 505.072: [Tenured: 349567K->349567K(349568K), 0.0777138 secs] 506815K->506798K(506816K), [Metaspace: 12958K->12958K(1060864K)], 0.0778140 secs] [Times: user=0.08 sys=0.00, real=0.08 secs] 
2017-11-10T19:37:41.691+0500: 505.151: [Full GC (Allocation Failure) 2017-11-10T19:37:41.691+0500: 505.151: [Tenured: 349567K->349567K(349568K), 0.0786363 secs] 506815K->506807K(506816K), [Metaspace: 12958K->12958K(1060864K)], 0.0787463 secs] [Times: user=0.06 sys=0.02, real=0.08 secs] 
2017-11-10T19:37:41.770+0500: 505.230: [Full GC (Allocation Failure) 2017-11-10T19:37:41.771+0500: 505.230: [Tenured: 349567K->349567K(349568K), 0.0770132 secs] 506815K->506801K(506816K), [Metaspace: 12958K->12958K(1060864K)], 0.0771090 secs] [Times: user=0.08 sys=0.00, real=0.08 secs] 
2017-11-10T19:37:41.848+0500: 505.307: [Full GC (Allocation Failure) 2017-11-10T19:37:41.848+0500: 505.307: [Tenured: 349567K->349567K(349568K), 0.0784300 secs] 506815K->506799K(506816K), [Metaspace: 12958K->12958K(1060864K)], 0.0785087 secs] [Times: user=0.08 sys=0.00, real=0.08 secs] 
2017-11-10T19:37:41.927+0500: 505.386: [Full GC (Allocation Failure) 2017-11-10T19:37:41.927+0500: 505.387: [Tenured: 349567K->349567K(349568K), 0.0828613 secs] 506815K->506798K(506816K), [Metaspace: 12958K->12958K(1060864K)], 0.0829679 secs] [Times: user=0.08 sys=0.00, real=0.08 secs] 
2017-11-10T19:37:42.011+0500: 505.470: [Full GC (Allocation Failure) 2017-11-10T19:37:42.011+0500: 505.470: [Tenured: 349567K->349567K(349568K), 0.0791858 secs] 506815K->506807K(506816K), [Metaspace: 12958K->12958K(1060864K)], 0.0792616 secs] [Times: user=0.08 sys=0.00, real=0.08 secs] 
2017-11-10T19:37:42.090+0500: 505.550: [Full GC (Allocation Failure) 2017-11-10T19:37:42.090+0500: 505.550: [Tenured: 349567K->349567K(349568K), 0.0762051 secs] 506815K->506801K(506816K), [Metaspace: 12958K->12958K(1060864K)], 0.0762911 secs] [Times: user=0.08 sys=0.00, real=0.08 secs] 
2017-11-10T19:37:42.167+0500: 505.627: [Full GC (Allocation Failure) 2017-11-10T19:37:42.167+0500: 505.627: [Tenured: 349567K->349567K(349568K), 0.0766324 secs] 506815K->506799K(506816K), [Metaspace: 12958K->12958K(1060864K)], 0.0767336 secs] [Times: user=0.08 sys=0.00, real=0.08 secs] 
2017-11-10T19:37:42.245+0500: 505.704: [Full GC (Allocation Failure) 2017-11-10T19:37:42.245+0500: 505.704: [Tenured: 349567K->349567K(349568K), 0.0793697 secs] 506815K->506798K(506816K), [Metaspace: 12958K->12958K(1060864K)], 0.0794401 secs] [Times: user=0.08 sys=0.00, real=0.08 secs] 
2017-11-10T19:37:42.325+0500: 505.784: [Full GC (Allocation Failure) 2017-11-10T19:37:42.325+0500: 505.784: [Tenured: 349567K->349567K(349568K), 0.0769247 secs] 506815K->506807K(506816K), [Metaspace: 12958K->12958K(1060864K)], 0.0770377 secs] [Times: user=0.08 sys=0.00, real=0.08 secs] 
2017-11-10T19:37:42.402+0500: 505.861: [Full GC (Allocation Failure) 2017-11-10T19:37:42.403+0500: 505.861: [Tenured: 349567K->349567K(349568K), 0.0791795 secs] 506815K->506801K(506816K), [Metaspace: 12958K->12958K(1060864K)], 0.0792993 secs] [Times: user=0.08 sys=0.00, real=0.08 secs] 
2017-11-10T19:37:42.482+0500: 505.941: [Full GC (Allocation Failure) 2017-11-10T19:37:42.482+0500: 505.941: [Tenured: 349567K->349567K(349568K), 0.0787424 secs] 506815K->506799K(506816K), [Metaspace: 12958K->12958K(1060864K)], 0.0788289 secs] [Times: user=0.08 sys=0.00, real=0.08 secs] 
2017-11-10T19:37:42.562+0500: 506.021: [Full GC (Allocation Failure) 2017-11-10T19:37:42.562+0500: 506.021: [Tenured: 349567K->349567K(349568K), 0.0772137 secs] 506815K->506798K(506816K), [Metaspace: 12958K->12958K(1060864K)], 0.0773114 secs] [Times: user=0.08 sys=0.00, real=0.08 secs] 
2017-11-10T19:37:42.639+0500: 506.098: [Full GC (Allocation Failure) 2017-11-10T19:37:42.639+0500: 506.098: [Tenured: 349567K->349567K(349568K), 0.0789174 secs] 506815K->506807K(506816K), [Metaspace: 12958K->12958K(1060864K)], 0.0789971 secs] [Times: user=0.08 sys=0.00, real=0.08 secs] 
2017-11-10T19:37:42.719+0500: 506.178: [Full GC (Allocation Failure) 2017-11-10T19:37:42.719+0500: 506.178: [Tenured: 349567K->349567K(349568K), 0.0785019 secs] 506815K->506801K(506816K), [Metaspace: 12958K->12958K(1060864K)], 0.0785767 secs] [Times: user=0.05 sys=0.00, real=0.08 secs] 
2017-11-10T19:37:42.798+0500: 506.257: [Full GC (Allocation Failure) 2017-11-10T19:37:42.798+0500: 506.257: [Tenured: 349567K->349567K(349568K), 0.0782848 secs] 506815K->506799K(506816K), [Metaspace: 12958K->12958K(1060864K)], 0.0783665 secs] [Times: user=0.08 sys=0.00, real=0.08 secs] 
2017-11-10T19:37:42.877+0500: 506.336: [Full GC (Allocation Failure) 2017-11-10T19:37:42.877+0500: 506.336: [Tenured: 349567K->349567K(349568K), 0.0779993 secs] 506815K->506798K(506816K), [Metaspace: 12958K->12958K(1060864K)], 0.0780721 secs] [Times: user=0.08 sys=0.00, real=0.08 secs] 
2017-11-10T19:37:42.955+0500: 506.414: [Full GC (Allocation Failure) 2017-11-10T19:37:42.955+0500: 506.414: [Tenured: 349567K->349567K(349568K), 0.0774786 secs] 506815K->506807K(506816K), [Metaspace: 12958K->12958K(1060864K)], 0.0775862 secs] [Times: user=0.08 sys=0.00, real=0.08 secs] 
2017-11-10T19:37:43.034+0500: 506.493: [Full GC (Allocation Failure) 2017-11-10T19:37:43.034+0500: 506.493: [Tenured: 349567K->349567K(349568K), 0.0784667 secs] 506815K->506801K(506816K), [Metaspace: 12958K->12958K(1060864K)], 0.0785503 secs] [Times: user=0.08 sys=0.00, real=0.08 secs] 
2017-11-10T19:37:43.113+0500: 506.572: [Full GC (Allocation Failure) 2017-11-10T19:37:43.113+0500: 506.572: [Tenured: 349567K->349567K(349568K), 0.0777143 secs] 506815K->506799K(506816K), [Metaspace: 12958K->12958K(1060864K)], 0.0777857 secs] [Times: user=0.08 sys=0.00, real=0.08 secs] 
2017-11-10T19:37:43.191+0500: 506.650: [Full GC (Allocation Failure) 2017-11-10T19:37:43.191+0500: 506.650: [Tenured: 349567K->349567K(349568K), 0.0753295 secs] 506815K->506798K(506816K), [Metaspace: 12958K->12958K(1060864K)], 0.0754106 secs] [Times: user=0.06 sys=0.00, real=0.08 secs] 
2017-11-10T19:37:43.267+0500: 506.726: [Full GC (Allocation Failure) 2017-11-10T19:37:43.267+0500: 506.726: [Tenured: 349567K->349567K(349568K), 0.0771516 secs] 506815K->506807K(506816K), [Metaspace: 12958K->12958K(1060864K)], 0.0772552 secs] [Times: user=0.08 sys=0.00, real=0.08 secs] 
2017-11-10T19:37:43.345+0500: 506.804: [Full GC (Allocation Failure) 2017-11-10T19:37:43.345+0500: 506.804: [Tenured: 349567K->349567K(349568K), 0.0749027 secs] 506815K->506801K(506816K), [Metaspace: 12958K->12958K(1060864K)], 0.0750039 secs] [Times: user=0.08 sys=0.00, real=0.08 secs] 
2017-11-10T19:37:43.420+0500: 506.879: [Full GC (Allocation Failure) 2017-11-10T19:37:43.420+0500: 506.879: [Tenured: 349567K->349567K(349568K), 0.0750992 secs] 506815K->506799K(506816K), [Metaspace: 12958K->12958K(1060864K)], 0.0751706 secs] [Times: user=0.08 sys=0.00, real=0.07 secs] 
2017-11-10T19:37:43.496+0500: 506.955: [Full GC (Allocation Failure) 2017-11-10T19:37:43.496+0500: 506.955: [Tenured: 349567K->349567K(349568K), 0.0819422 secs] 506815K->506798K(506816K), [Metaspace: 12958K->12958K(1060864K)], 0.0820253 secs] [Times: user=0.08 sys=0.00, real=0.08 secs] 
2017-11-10T19:37:43.578+0500: 507.038: [Full GC (Allocation Failure) 2017-11-10T19:37:43.579+0500: 507.038: [Tenured: 349567K->349567K(349568K), 0.0815110 secs] 506815K->506807K(506816K), [Metaspace: 12958K->12958K(1060864K)], 0.0816141 secs] [Times: user=0.09 sys=0.00, real=0.08 secs] 
2017-11-10T19:37:43.660+0500: 507.119: [Full GC (Allocation Failure) 2017-11-10T19:37:43.660+0500: 507.120: [Tenured: 349567K->349567K(349568K), 0.0781396 secs] 506815K->506801K(506816K), [Metaspace: 12958K->12958K(1060864K)], 0.0782183 secs] [Times: user=0.08 sys=0.00, real=0.08 secs] 
2017-11-10T19:37:43.739+0500: 507.198: [Full GC (Allocation Failure) 2017-11-10T19:37:43.739+0500: 507.198: [Tenured: 349567K->349567K(349568K), 0.0760012 secs] 506815K->506799K(506816K), [Metaspace: 12958K->12958K(1060864K)], 0.0760780 secs] [Times: user=0.08 sys=0.00, real=0.08 secs] 
2017-11-10T19:37:43.816+0500: 507.275: [Full GC (Allocation Failure) 2017-11-10T19:37:43.816+0500: 507.275: [Tenured: 349567K->349567K(349568K), 0.0778859 secs] 506815K->506798K(506816K), [Metaspace: 12958K->12958K(1060864K)], 0.0779577 secs] [Times: user=0.08 sys=0.00, real=0.08 secs] 
2017-11-10T19:37:43.894+0500: 507.353: [Full GC (Allocation Failure) 2017-11-10T19:37:43.894+0500: 507.353: [Tenured: 349567K->349567K(349568K), 0.0757656 secs] 506815K->506807K(506816K), [Metaspace: 12958K->12958K(1060864K)], 0.0758365 secs] [Times: user=0.06 sys=0.00, real=0.08 secs] 
2017-11-10T19:37:43.970+0500: 507.429: [Full GC (Allocation Failure) 2017-11-10T19:37:43.970+0500: 507.430: [Tenured: 349567K->349567K(349568K), 0.0761117 secs] 506815K->506801K(506816K), [Metaspace: 12958K->12958K(1060864K)], 0.0761845 secs] [Times: user=0.08 sys=0.00, real=0.08 secs] 
2017-11-10T19:37:44.047+0500: 507.506: [Full GC (Allocation Failure) 2017-11-10T19:37:44.047+0500: 507.506: [Tenured: 349567K->349567K(349568K), 0.0789526 secs] 506815K->506799K(506816K), [Metaspace: 12958K->12958K(1060864K)], 0.0790489 secs] [Times: user=0.08 sys=0.00, real=0.08 secs] 
2017-11-10T19:37:44.127+0500: 507.586: [Full GC (Allocation Failure) 2017-11-10T19:37:44.127+0500: 507.586: [Tenured: 349567K->349567K(349568K), 0.0771609 secs] 506815K->506798K(506816K), [Metaspace: 12958K->12958K(1060864K)], 0.0772361 secs] [Times: user=0.08 sys=0.00, real=0.08 secs] 
2017-11-10T19:37:44.204+0500: 507.663: [Full GC (Allocation Failure) 2017-11-10T19:37:44.204+0500: 507.663: [Tenured: 349567K->349567K(349568K), 0.0782291 secs] 506815K->506807K(506816K), [Metaspace: 12958K->12958K(1060864K)], 0.0783210 secs] [Times: user=0.06 sys=0.00, real=0.08 secs] 
2017-11-10T19:37:44.283+0500: 507.742: [Full GC (Allocation Failure) 2017-11-10T19:37:44.283+0500: 507.742: [Tenured: 349567K->349567K(349568K), 0.0749266 secs] 506815K->506801K(506816K), [Metaspace: 12958K->12958K(1060864K)], 0.0750542 secs] [Times: user=0.08 sys=0.00, real=0.08 secs] 
2017-11-10T19:37:44.359+0500: 507.818: [Full GC (Allocation Failure) 2017-11-10T19:37:44.359+0500: 507.818: [Tenured: 349567K->349567K(349568K), 0.0776463 secs] 506815K->506799K(506816K), [Metaspace: 12958K->12958K(1060864K)], 0.0777226 secs] [Times: user=0.08 sys=0.00, real=0.08 secs] 
2017-11-10T19:37:44.437+0500: 507.896: [Full GC (Allocation Failure) 2017-11-10T19:37:44.437+0500: 507.896: [Tenured: 349567K->349567K(349568K), 0.0848208 secs] 506815K->506798K(506816K), [Metaspace: 12958K->12958K(1060864K)], 0.0849009 secs] [Times: user=0.09 sys=0.00, real=0.09 secs] 
2017-11-10T19:37:44.522+0500: 507.981: [Full GC (Allocation Failure) 2017-11-10T19:37:44.522+0500: 507.981: [Tenured: 349567K->349567K(349568K), 0.0808446 secs] 506815K->506807K(506816K), [Metaspace: 12958K->12958K(1060864K)], 0.0809180 secs] [Times: user=0.08 sys=0.00, real=0.08 secs] 
2017-11-10T19:37:44.604+0500: 508.063: [Full GC (Allocation Failure) 2017-11-10T19:37:44.604+0500: 508.063: [Tenured: 349567K->349567K(349568K), 0.0767849 secs] 506815K->506801K(506816K), [Metaspace: 12958K->12958K(1060864K)], 0.0768812 secs] [Times: user=0.08 sys=0.00, real=0.08 secs] 
2017-11-10T19:37:44.681+0500: 508.140: [Full GC (Allocation Failure) 2017-11-10T19:37:44.681+0500: 508.140: [Tenured: 349567K->349567K(349568K), 0.0763835 secs] 506815K->506799K(506816K), [Metaspace: 12958K->12958K(1060864K)], 0.0764657 secs] [Times: user=0.08 sys=0.00, real=0.08 secs] 
2017-11-10T19:37:44.758+0500: 508.217: [Full GC (Allocation Failure) 2017-11-10T19:37:44.758+0500: 508.217: [Tenured: 349567K->349567K(349568K), 0.0804349 secs] 506815K->506798K(506816K), [Metaspace: 12958K->12958K(1060864K)], 0.0805391 secs] [Times: user=0.08 sys=0.00, real=0.08 secs] 
2017-11-10T19:37:44.839+0500: 508.298: [Full GC (Allocation Failure) 2017-11-10T19:37:44.839+0500: 508.298: [Tenured: 349567K->349567K(349568K), 0.0782178 secs] 506815K->506807K(506816K), [Metaspace: 12958K->12958K(1060864K)], 0.0783410 secs] [Times: user=0.08 sys=0.00, real=0.08 secs] 
2017-11-10T19:37:44.918+0500: 508.377: [Full GC (Allocation Failure) 2017-11-10T19:37:44.918+0500: 508.377: [Tenured: 349567K->349567K(349568K), 0.0787713 secs] 506815K->506801K(506816K), [Metaspace: 12958K->12958K(1060864K)], 0.0788558 secs] [Times: user=0.08 sys=0.00, real=0.08 secs] 
2017-11-10T19:37:44.997+0500: 508.457: [Full GC (Allocation Failure) 2017-11-10T19:37:44.997+0500: 508.457: [Tenured: 349567K->349567K(349568K), 0.0803333 secs] 506815K->506799K(506816K), [Metaspace: 12958K->12958K(1060864K)], 0.0804364 secs] [Times: user=0.08 sys=0.00, real=0.08 secs] 
2017-11-10T19:37:45.078+0500: 508.537: [Full GC (Allocation Failure) 2017-11-10T19:37:45.078+0500: 508.537: [Tenured: 349567K->349567K(349568K), 0.0773378 secs] 506815K->506798K(506816K), [Metaspace: 12958K->12958K(1060864K)], 0.0774180 secs] [Times: user=0.08 sys=0.00, real=0.08 secs] 
2017-11-10T19:37:45.156+0500: 508.615: [Full GC (Allocation Failure) 2017-11-10T19:37:45.156+0500: 508.615: [Tenured: 349567K->349567K(349568K), 0.0766485 secs] 506815K->506807K(506816K), [Metaspace: 12958K->12958K(1060864K)], 0.0767380 secs] [Times: user=0.08 sys=0.00, real=0.08 secs] 
2017-11-10T19:37:45.233+0500: 508.692: [Full GC (Allocation Failure) 2017-11-10T19:37:45.233+0500: 508.693: [Tenured: 349567K->349567K(349568K), 0.0764657 secs] 506815K->506801K(506816K), [Metaspace: 12958K->12958K(1060864K)], 0.0765649 secs] [Times: user=0.08 sys=0.00, real=0.08 secs] 
2017-11-10T19:37:45.310+0500: 508.770: [Full GC (Allocation Failure) 2017-11-10T19:37:45.310+0500: 508.770: [Tenured: 349567K->349567K(349568K), 0.0756463 secs] 506815K->506799K(506816K), [Metaspace: 12958K->12958K(1060864K)], 0.0757372 secs] [Times: user=0.08 sys=0.00, real=0.08 secs] 
2017-11-10T19:37:45.386+0500: 508.846: [Full GC (Allocation Failure) 2017-11-10T19:37:45.387+0500: 508.846: [Tenured: 349567K->349567K(349568K), 0.0748381 secs] 506815K->506798K(506816K), [Metaspace: 12958K->12958K(1060864K)], 0.0749599 secs] [Times: user=0.08 sys=0.00, real=0.08 secs] 
2017-11-10T19:37:45.462+0500: 508.921: [Full GC (Allocation Failure) 2017-11-10T19:37:45.462+0500: 508.921: [Tenured: 349567K->349567K(349568K), 0.0751232 secs] 506815K->506807K(506816K), [Metaspace: 12958K->12958K(1060864K)], 0.0752014 secs] [Times: user=0.08 sys=0.00, real=0.08 secs] 
2017-11-10T19:37:45.537+0500: 508.997: [Full GC (Allocation Failure) 2017-11-10T19:37:45.538+0500: 508.997: [Tenured: 349567K->349567K(349568K), 0.0752493 secs] 506815K->506801K(506816K), [Metaspace: 12958K->12958K(1060864K)], 0.0753339 secs] [Times: user=0.08 sys=0.00, real=0.08 secs] 
2017-11-10T19:37:45.613+0500: 509.073: [Full GC (Allocation Failure) 2017-11-10T19:37:45.613+0500: 509.073: [Tenured: 349567K->349567K(349568K), 0.0750435 secs] 506815K->506799K(506816K), [Metaspace: 12958K->12958K(1060864K)], 0.0751212 secs] [Times: user=0.06 sys=0.00, real=0.08 secs] 
2017-11-10T19:37:45.689+0500: 509.148: [Full GC (Allocation Failure) 2017-11-10T19:37:45.689+0500: 509.148: [Tenured: 349567K->349567K(349568K), 0.0783938 secs] 506815K->506798K(506816K), [Metaspace: 12958K->12958K(1060864K)], 0.0784779 secs] [Times: user=0.08 sys=0.02, real=0.08 secs] 
2017-11-10T19:37:45.768+0500: 509.227: [Full GC (Allocation Failure) 2017-11-10T19:37:45.768+0500: 509.227: [Tenured: 349567K->349567K(349568K), 0.0806095 secs] 506815K->506807K(506816K), [Metaspace: 12958K->12958K(1060864K)], 0.0807170 secs] [Times: user=0.08 sys=0.00, real=0.08 secs] 
2017-11-10T19:37:45.849+0500: 509.309: [Full GC (Allocation Failure) 2017-11-10T19:37:45.849+0500: 509.309: [Tenured: 349567K->349567K(349568K), 0.0859569 secs] 506815K->506801K(506816K), [Metaspace: 12958K->12958K(1060864K)], 0.0860821 secs] [Times: user=0.08 sys=0.00, real=0.09 secs] 
2017-11-10T19:37:45.936+0500: 509.395: [Full GC (Allocation Failure) 2017-11-10T19:37:45.936+0500: 509.395: [Tenured: 349567K->349567K(349568K), 0.0776395 secs] 506815K->506799K(506816K), [Metaspace: 12958K->12958K(1060864K)], 0.0777187 secs] [Times: user=0.08 sys=0.00, real=0.08 secs] 
2017-11-10T19:37:46.014+0500: 509.473: [Full GC (Allocation Failure) 2017-11-10T19:37:46.014+0500: 509.473: [Tenured: 349567K->349567K(349568K), 0.0786427 secs] 506815K->506798K(506816K), [Metaspace: 12958K->12958K(1060864K)], 0.0787585 secs] [Times: user=0.08 sys=0.00, real=0.08 secs] 
2017-11-10T19:37:46.093+0500: 509.553: [Full GC (Allocation Failure) 2017-11-10T19:37:46.093+0500: 509.553: [Tenured: 349567K->349567K(349568K), 0.0768822 secs] 506815K->506807K(506816K), [Metaspace: 12958K->12958K(1060864K)], 0.0769604 secs] [Times: user=0.08 sys=0.00, real=0.08 secs] 
2017-11-10T19:37:46.171+0500: 509.630: [Full GC (Allocation Failure) 2017-11-10T19:37:46.171+0500: 509.630: [Tenured: 349567K->349567K(349568K), 0.0740657 secs] 506815K->506801K(506816K), [Metaspace: 12958K->12958K(1060864K)], 0.0741371 secs] [Times: user=0.08 sys=0.00, real=0.07 secs] 
2017-11-10T19:37:46.246+0500: 509.705: [Full GC (Allocation Failure) 2017-11-10T19:37:46.246+0500: 509.705: [Tenured: 349567K->349567K(349568K), 0.0760061 secs] 506815K->506799K(506816K), [Metaspace: 12958K->12958K(1060864K)], 0.0760877 secs] [Times: user=0.08 sys=0.00, real=0.08 secs] 
2017-11-10T19:37:46.322+0500: 509.781: [Full GC (Allocation Failure) 2017-11-10T19:37:46.322+0500: 509.781: [Tenured: 349567K->349567K(349568K), 0.0756815 secs] 506815K->506798K(506816K), [Metaspace: 12958K->12958K(1060864K)], 0.0757705 secs] [Times: user=0.08 sys=0.00, real=0.08 secs] 
2017-11-10T19:37:46.399+0500: 509.857: [Full GC (Allocation Failure) 2017-11-10T19:37:46.399+0500: 509.857: [Tenured: 349567K->349567K(349568K), 0.0762877 secs] 506815K->506807K(506816K), [Metaspace: 12958K->12958K(1060864K)], 0.0763605 secs] [Times: user=0.08 sys=0.00, real=0.08 secs] 
2017-11-10T19:37:46.475+0500: 509.934: [Full GC (Allocation Failure) 2017-11-10T19:37:46.475+0500: 509.934: [Tenured: 349567K->349567K(349568K), 0.0762813 secs] 506815K->506801K(506816K), [Metaspace: 12958K->12958K(1060864K)], 0.0763928 secs] [Times: user=0.08 sys=0.00, real=0.08 secs] 
2017-11-10T19:37:46.552+0500: 510.011: [Full GC (Allocation Failure) 2017-11-10T19:37:46.552+0500: 510.011: [Tenured: 349567K->349567K(349568K), 0.0763205 secs] 506815K->506799K(506816K), [Metaspace: 12958K->12958K(1060864K)], 0.0763933 secs] [Times: user=0.08 sys=0.00, real=0.08 secs] 
2017-11-10T19:37:46.629+0500: 510.088: [Full GC (Allocation Failure) 2017-11-10T19:37:46.629+0500: 510.088: [Tenured: 349567K->349567K(349568K), 0.0807185 secs] 506815K->506798K(506816K), [Metaspace: 12958K->12958K(1060864K)], 0.0808231 secs] [Times: user=0.06 sys=0.00, real=0.08 secs] 
2017-11-10T19:37:46.710+0500: 510.169: [Full GC (Allocation Failure) 2017-11-10T19:37:46.710+0500: 510.169: [Tenured: 349567K->349567K(349568K), 0.0785346 secs] 506815K->506807K(506816K), [Metaspace: 12958K->12958K(1060864K)], 0.0786476 secs] [Times: user=0.08 sys=0.00, real=0.08 secs] 
2017-11-10T19:37:46.789+0500: 510.248: [Full GC (Allocation Failure) 2017-11-10T19:37:46.789+0500: 510.248: [Tenured: 349567K->349567K(349568K), 0.0752434 secs] 506815K->506801K(506816K), [Metaspace: 12958K->12958K(1060864K)], 0.0753173 secs] [Times: user=0.08 sys=0.00, real=0.08 secs] 
2017-11-10T19:37:46.865+0500: 510.324: [Full GC (Allocation Failure) 2017-11-10T19:37:46.865+0500: 510.324: [Tenured: 349567K->349567K(349568K), 0.0760359 secs] 506815K->506799K(506816K), [Metaspace: 12958K->12958K(1060864K)], 0.0761181 secs] [Times: user=0.08 sys=0.00, real=0.08 secs] 
2017-11-10T19:37:46.942+0500: 510.401: [Full GC (Allocation Failure) 2017-11-10T19:37:46.942+0500: 510.401: [Tenured: 349567K->349567K(349568K), 0.0769203 secs] 506815K->506798K(506816K), [Metaspace: 12958K->12958K(1060864K)], 0.0770289 secs] [Times: user=0.08 sys=0.00, real=0.08 secs] 
2017-11-10T19:37:47.019+0500: 510.478: [Full GC (Allocation Failure) 2017-11-10T19:37:47.019+0500: 510.478: [Tenured: 349567K->349567K(349568K), 0.0782129 secs] 506815K->506807K(506816K), [Metaspace: 12958K->12958K(1060864K)], 0.0783122 secs] [Times: user=0.08 sys=0.00, real=0.08 secs] 
2017-11-10T19:37:47.098+0500: 510.557: [Full GC (Allocation Failure) 2017-11-10T19:37:47.098+0500: 510.557: [Tenured: 349567K->349567K(349568K), 0.0771853 secs] 506815K->506801K(506816K), [Metaspace: 12958K->12958K(1060864K)], 0.0772596 secs] [Times: user=0.08 sys=0.00, real=0.08 secs] 
2017-11-10T19:37:47.176+0500: 510.635: [Full GC (Allocation Failure) 2017-11-10T19:37:47.176+0500: 510.635: [Tenured: 349567K->349567K(349568K), 0.0759015 secs] 506815K->506799K(506816K), [Metaspace: 12958K->12958K(1060864K)], 0.0760076 secs] [Times: user=0.06 sys=0.00, real=0.08 secs] 
2017-11-10T19:37:47.252+0500: 510.711: [Full GC (Allocation Failure) 2017-11-10T19:37:47.252+0500: 510.711: [Tenured: 349567K->349567K(349568K), 0.0767737 secs] 506815K->506798K(506816K), [Metaspace: 12958K->12958K(1060864K)], 0.0768783 secs] [Times: user=0.06 sys=0.02, real=0.08 secs] 
2017-11-10T19:37:47.330+0500: 510.789: [Full GC (Allocation Failure) 2017-11-10T19:37:47.330+0500: 510.789: [Tenured: 349567K->349567K(349568K), 0.0784290 secs] 506815K->506807K(506816K), [Metaspace: 12958K->12958K(1060864K)], 0.0785058 secs] [Times: user=0.08 sys=0.00, real=0.08 secs] 
2017-11-10T19:37:47.409+0500: 510.868: [Full GC (Allocation Failure) 2017-11-10T19:37:47.409+0500: 510.868: [Tenured: 349567K->349567K(349568K), 0.0773056 secs] 506815K->506801K(506816K), [Metaspace: 12958K->12958K(1060864K)], 0.0773848 secs] [Times: user=0.06 sys=0.00, real=0.08 secs] 
2017-11-10T19:37:47.486+0500: 510.946: [Full GC (Allocation Failure) 2017-11-10T19:37:47.486+0500: 510.946: [Tenured: 349567K->349567K(349568K), 0.0755553 secs] 506815K->506799K(506816K), [Metaspace: 12958K->12958K(1060864K)], 0.0756477 secs] [Times: user=0.06 sys=0.01, real=0.08 secs] 
2017-11-10T19:37:47.563+0500: 511.022: [Full GC (Allocation Failure) 2017-11-10T19:37:47.563+0500: 511.022: [Tenured: 349567K->349567K(349568K), 0.0762589 secs] 506815K->506798K(506816K), [Metaspace: 12958K->12958K(1060864K)], 0.0763415 secs] [Times: user=0.08 sys=0.00, real=0.08 secs] 
2017-11-10T19:37:47.639+0500: 511.098: [Full GC (Allocation Failure) 2017-11-10T19:37:47.639+0500: 511.098: [Tenured: 349567K->349567K(349568K), 0.0791350 secs] 506815K->506807K(506816K), [Metaspace: 12958K->12958K(1060864K)], 0.0792171 secs] [Times: user=0.06 sys=0.00, real=0.08 secs] 
2017-11-10T19:37:47.719+0500: 511.178: [Full GC (Allocation Failure) 2017-11-10T19:37:47.719+0500: 511.178: [Tenured: 349567K->349567K(349568K), 0.0774473 secs] 506815K->506801K(506816K), [Metaspace: 12958K->12958K(1060864K)], 0.0775217 secs] [Times: user=0.08 sys=0.00, real=0.08 secs] 
2017-11-10T19:37:47.797+0500: 511.256: [Full GC (Allocation Failure) 2017-11-10T19:37:47.797+0500: 511.256: [Tenured: 349567K->349567K(349568K), 0.0787414 secs] 506815K->506799K(506816K), [Metaspace: 12958K->12958K(1060864K)], 0.0788436 secs] [Times: user=0.08 sys=0.00, real=0.08 secs] 
2017-11-10T19:37:47.876+0500: 511.335: [Full GC (Allocation Failure) 2017-11-10T19:37:47.876+0500: 511.335: [Tenured: 349567K->349567K(349568K), 0.0781435 secs] 506815K->506798K(506816K), [Metaspace: 12958K->12958K(1060864K)], 0.0782208 secs] [Times: user=0.08 sys=0.00, real=0.08 secs] 
2017-11-10T19:37:47.955+0500: 511.414: [Full GC (Allocation Failure) 2017-11-10T19:37:47.955+0500: 511.414: [Tenured: 349567K->349567K(349568K), 0.0791912 secs] 506815K->506807K(506816K), [Metaspace: 12958K->12958K(1060864K)], 0.0792890 secs] [Times: user=0.09 sys=0.00, real=0.08 secs] 
2017-11-10T19:37:48.035+0500: 511.494: [Full GC (Allocation Failure) 2017-11-10T19:37:48.035+0500: 511.494: [Tenured: 349567K->349567K(349568K), 0.0746802 secs] 506815K->506801K(506816K), [Metaspace: 12958K->12958K(1060864K)], 0.0747604 secs] [Times: user=0.06 sys=0.00, real=0.07 secs] 
2017-11-10T19:37:48.110+0500: 511.569: [Full GC (Allocation Failure) 2017-11-10T19:37:48.110+0500: 511.569: [Tenured: 349567K->349567K(349568K), 0.0751779 secs] 506815K->506799K(506816K), [Metaspace: 12958K->12958K(1060864K)], 0.0752493 secs] [Times: user=0.08 sys=0.00, real=0.08 secs] 
2017-11-10T19:37:48.186+0500: 511.645: [Full GC (Allocation Failure) 2017-11-10T19:37:48.186+0500: 511.645: [Tenured: 349567K->349567K(349568K), 0.0749325 secs] 506815K->506798K(506816K), [Metaspace: 12958K->12958K(1060864K)], 0.0750068 secs] [Times: user=0.08 sys=0.00, real=0.07 secs] 
2017-11-10T19:37:48.261+0500: 511.720: [Full GC (Allocation Failure) 2017-11-10T19:37:48.261+0500: 511.720: [Tenured: 349567K->349567K(349568K), 0.0762628 secs] 506815K->506807K(506816K), [Metaspace: 12958K->12958K(1060864K)], 0.0763889 secs] [Times: user=0.08 sys=0.00, real=0.08 secs] 
2017-11-10T19:37:48.338+0500: 511.797: [Full GC (Allocation Failure) 2017-11-10T19:37:48.338+0500: 511.797: [Tenured: 349567K->349567K(349568K), 0.0745389 secs] 506815K->506801K(506816K), [Metaspace: 12958K->12958K(1060864K)], 0.0746206 secs] [Times: user=0.08 sys=0.00, real=0.08 secs] 
2017-11-10T19:37:48.413+0500: 511.872: [Full GC (Allocation Failure) 2017-11-10T19:37:48.413+0500: 511.872: [Tenured: 349567K->349567K(349568K), 0.0752161 secs] 506815K->506799K(506816K), [Metaspace: 12958K->12958K(1060864K)], 0.0753177 secs] [Times: user=0.08 sys=0.00, real=0.07 secs] 
2017-11-10T19:37:48.489+0500: 511.948: [Full GC (Allocation Failure) 2017-11-10T19:37:48.489+0500: 511.948: [Tenured: 349567K->349567K(349568K), 0.0780746 secs] 506815K->506798K(506816K), [Metaspace: 12958K->12958K(1060864K)], 0.0781562 secs] [Times: user=0.08 sys=0.00, real=0.08 secs] 
2017-11-10T19:37:48.568+0500: 512.027: [Full GC (Allocation Failure) 2017-11-10T19:37:48.568+0500: 512.027: [Tenured: 349567K->349567K(349568K), 0.0767233 secs] 506815K->506807K(506816K), [Metaspace: 12958K->12958K(1060864K)], 0.0768064 secs] [Times: user=0.08 sys=0.00, real=0.08 secs] 
2017-11-10T19:37:48.645+0500: 512.104: [Full GC (Allocation Failure) 2017-11-10T19:37:48.645+0500: 512.104: [Tenured: 349567K->349567K(349568K), 0.0759103 secs] 506815K->506801K(506816K), [Metaspace: 12958K->12958K(1060864K)], 0.0760134 secs] [Times: user=0.06 sys=0.00, real=0.08 secs] 
2017-11-10T19:37:48.721+0500: 512.181: [Full GC (Allocation Failure) 2017-11-10T19:37:48.721+0500: 512.181: [Tenured: 349567K->349567K(349568K), 0.0743532 secs] 506815K->506799K(506816K), [Metaspace: 12958K->12958K(1060864K)], 0.0744245 secs] [Times: user=0.06 sys=0.00, real=0.08 secs] 
2017-11-10T19:37:48.796+0500: 512.255: [Full GC (Allocation Failure) 2017-11-10T19:37:48.796+0500: 512.255: [Tenured: 349567K->349567K(349568K), 0.0754336 secs] 506815K->506798K(506816K), [Metaspace: 12958K->12958K(1060864K)], 0.0755113 secs] [Times: user=0.08 sys=0.00, real=0.08 secs] 
2017-11-10T19:37:48.872+0500: 512.331: [Full GC (Allocation Failure) 2017-11-10T19:37:48.872+0500: 512.331: [Tenured: 349567K->349567K(349568K), 0.0754923 secs] 506815K->506807K(506816K), [Metaspace: 12958K->12958K(1060864K)], 0.0755676 secs] [Times: user=0.08 sys=0.00, real=0.08 secs] 
2017-11-10T19:37:48.948+0500: 512.407: [Full GC (Allocation Failure) 2017-11-10T19:37:48.948+0500: 512.407: [Tenured: 349567K->349567K(349568K), 0.0780472 secs] 506815K->506801K(506816K), [Metaspace: 12958K->12958K(1060864K)], 0.0781562 secs] [Times: user=0.08 sys=0.00, real=0.08 secs] 
2017-11-10T19:37:49.027+0500: 512.486: [Full GC (Allocation Failure) 2017-11-10T19:37:49.027+0500: 512.486: [Tenured: 349567K->349567K(349568K), 0.0815594 secs] 506815K->506799K(506816K), [Metaspace: 12958K->12958K(1060864K)], 0.0816694 secs] [Times: user=0.08 sys=0.00, real=0.08 secs] 
2017-11-10T19:37:49.109+0500: 512.568: [Full GC (Allocation Failure) 2017-11-10T19:37:49.109+0500: 512.569: [Tenured: 349567K->349567K(349568K), 0.0817892 secs] 506815K->506798K(506816K), [Metaspace: 12958K->12958K(1060864K)], 0.0818957 secs] [Times: user=0.09 sys=0.00, real=0.08 secs] 
2017-11-10T19:37:49.192+0500: 512.651: [Full GC (Allocation Failure) 2017-11-10T19:37:49.192+0500: 512.651: [Tenured: 349567K->349567K(349568K), 0.0814093 secs] 506815K->506807K(506816K), [Metaspace: 12958K->12958K(1060864K)], 0.0814905 secs] [Times: user=0.08 sys=0.00, real=0.08 secs] 
2017-11-10T19:37:49.273+0500: 512.733: [Full GC (Allocation Failure) 2017-11-10T19:37:49.273+0500: 512.733: [Tenured: 349567K->349567K(349568K), 0.0797085 secs] 506815K->506801K(506816K), [Metaspace: 12958K->12958K(1060864K)], 0.0798092 secs] [Times: user=0.08 sys=0.00, real=0.08 secs] 
2017-11-10T19:37:49.354+0500: 512.813: [Full GC (Allocation Failure) 2017-11-10T19:37:49.354+0500: 512.813: [Tenured: 349567K->349567K(349568K), 0.0777104 secs] 506815K->506799K(506816K), [Metaspace: 12958K->12958K(1060864K)], 0.0778321 secs] [Times: user=0.08 sys=0.00, real=0.08 secs] 
2017-11-10T19:37:49.433+0500: 512.892: [Full GC (Allocation Failure) 2017-11-10T19:37:49.433+0500: 512.892: [Tenured: 349567K->349567K(349568K), 0.0798840 secs] 506815K->506798K(506816K), [Metaspace: 12958K->12958K(1060864K)], 0.0800795 secs] [Times: user=0.08 sys=0.00, real=0.08 secs] 
2017-11-10T19:37:49.513+0500: 512.972: [Full GC (Allocation Failure) 2017-11-10T19:37:49.513+0500: 512.973: [Tenured: 349567K->349567K(349568K), 0.0827288 secs] 506815K->506807K(506816K), [Metaspace: 12958K->12958K(1060864K)], 0.0828241 secs] [Times: user=0.08 sys=0.02, real=0.08 secs] 
2017-11-10T19:37:49.596+0500: 513.056: [Full GC (Allocation Failure) 2017-11-10T19:37:49.596+0500: 513.056: [Tenured: 349567K->349567K(349568K), 0.0792983 secs] 506815K->506801K(506816K), [Metaspace: 12958K->12958K(1060864K)], 0.0793760 secs] [Times: user=0.08 sys=0.00, real=0.08 secs] 
2017-11-10T19:37:49.676+0500: 513.136: [Full GC (Allocation Failure) 2017-11-10T19:37:49.676+0500: 513.136: [Tenured: 349567K->349567K(349568K), 0.0763992 secs] 506815K->506799K(506816K), [Metaspace: 12958K->12958K(1060864K)], 0.0765145 secs] [Times: user=0.08 sys=0.00, real=0.08 secs] 
2017-11-10T19:37:49.753+0500: 513.213: [Full GC (Allocation Failure) 2017-11-10T19:37:49.753+0500: 513.213: [Tenured: 349567K->349567K(349568K), 0.0764485 secs] 506815K->506798K(506816K), [Metaspace: 12958K->12958K(1060864K)], 0.0765493 secs] [Times: user=0.06 sys=0.00, real=0.08 secs] 
2017-11-10T19:37:49.830+0500: 513.290: [Full GC (Allocation Failure) 2017-11-10T19:37:49.830+0500: 513.290: [Tenured: 349567K->349567K(349568K), 0.0757279 secs] 506815K->506807K(506816K), [Metaspace: 12958K->12958K(1060864K)], 0.0758022 secs] [Times: user=0.06 sys=0.00, real=0.08 secs] 
2017-11-10T19:37:49.906+0500: 513.366: [Full GC (Allocation Failure) 2017-11-10T19:37:49.906+0500: 513.366: [Tenured: 349567K->349567K(349568K), 0.0754889 secs] 506815K->506801K(506816K), [Metaspace: 12958K->12958K(1060864K)], 0.0755690 secs] [Times: user=0.08 sys=0.00, real=0.08 secs] 
2017-11-10T19:37:49.982+0500: 513.442: [Full GC (Allocation Failure) 2017-11-10T19:37:49.982+0500: 513.442: [Tenured: 349567K->349567K(349568K), 0.0763063 secs] 506815K->506799K(506816K), [Metaspace: 12958K->12958K(1060864K)], 0.0763855 secs] [Times: user=0.08 sys=0.00, real=0.08 secs] 
2017-11-10T19:37:50.059+0500: 513.519: [Full GC (Allocation Failure) 2017-11-10T19:37:50.059+0500: 513.519: [Tenured: 349567K->349567K(349568K), 0.0768690 secs] 506815K->506798K(506816K), [Metaspace: 12958K->12958K(1060864K)], 0.0769682 secs] [Times: user=0.08 sys=0.00, real=0.08 secs] 
2017-11-10T19:37:50.138+0500: 513.596: [Full GC (Allocation Failure) 2017-11-10T19:37:50.138+0500: 513.596: [Tenured: 349567K->349567K(349568K), 0.0758174 secs] 506815K->506807K(506816K), [Metaspace: 12958K->12958K(1060864K)], 0.0758927 secs] [Times: user=0.08 sys=0.00, real=0.08 secs] 
2017-11-10T19:37:50.214+0500: 513.673: [Full GC (Allocation Failure) 2017-11-10T19:37:50.214+0500: 513.673: [Tenured: 349567K->349567K(349568K), 0.0788534 secs] 506815K->506801K(506816K), [Metaspace: 12958K->12958K(1060864K)], 0.0789526 secs] [Times: user=0.08 sys=0.00, real=0.08 secs] 
2017-11-10T19:37:50.293+0500: 513.752: [Full GC (Allocation Failure) 2017-11-10T19:37:50.293+0500: 513.752: [Tenured: 349567K->349567K(349568K), 0.0770949 secs] 506815K->506799K(506816K), [Metaspace: 12958K->12958K(1060864K)], 0.0773809 secs] [Times: user=0.08 sys=0.00, real=0.08 secs] 
2017-11-10T19:37:50.371+0500: 513.830: [Full GC (Allocation Failure) 2017-11-10T19:37:50.371+0500: 513.830: [Tenured: 349567K->349567K(349568K), 0.0744368 secs] 506815K->506798K(506816K), [Metaspace: 12958K->12958K(1060864K)], 0.0745453 secs] [Times: user=0.08 sys=0.00, real=0.08 secs] 
2017-11-10T19:37:50.446+0500: 513.905: [Full GC (Allocation Failure) 2017-11-10T19:37:50.447+0500: 513.905: [Tenured: 349567K->349567K(349568K), 0.0793931 secs] 506815K->506807K(506816K), [Metaspace: 12958K->12958K(1060864K)], 0.0794963 secs] [Times: user=0.08 sys=0.00, real=0.08 secs] 
2017-11-10T19:37:50.526+0500: 513.985: [Full GC (Allocation Failure) 2017-11-10T19:37:50.526+0500: 513.985: [Tenured: 349567K->349567K(349568K), 0.0776224 secs] 506815K->506801K(506816K), [Metaspace: 12958K->12958K(1060864K)], 0.0776967 secs] [Times: user=0.08 sys=0.00, real=0.08 secs] 
2017-11-10T19:37:50.605+0500: 514.063: [Full GC (Allocation Failure) 2017-11-10T19:37:50.605+0500: 514.063: [Tenured: 349567K->349567K(349568K), 0.0786877 secs] 506815K->506799K(506816K), [Metaspace: 12958K->12958K(1060864K)], 0.0787781 secs] [Times: user=0.06 sys=0.00, real=0.08 secs] 
2017-11-10T19:37:50.684+0500: 514.143: [Full GC (Allocation Failure) 2017-11-10T19:37:50.684+0500: 514.143: [Tenured: 349567K->349567K(349568K), 0.0785469 secs] 506815K->506798K(506816K), [Metaspace: 12958K->12958K(1060864K)], 0.0786598 secs] [Times: user=0.08 sys=0.00, real=0.08 secs] 
2017-11-10T19:37:50.763+0500: 514.222: [Full GC (Allocation Failure) 2017-11-10T19:37:50.763+0500: 514.222: [Tenured: 349567K->349567K(349568K), 0.0762637 secs] 506815K->506807K(506816K), [Metaspace: 12958K->12958K(1060864K)], 0.0763361 secs] [Times: user=0.08 sys=0.00, real=0.08 secs] 
2017-11-10T19:37:50.840+0500: 514.299: [Full GC (Allocation Failure) 2017-11-10T19:37:50.840+0500: 514.299: [Tenured: 349567K->349567K(349568K), 0.0759513 secs] 506815K->506801K(506816K), [Metaspace: 12958K->12958K(1060864K)], 0.0760281 secs] [Times: user=0.08 sys=0.00, real=0.08 secs] 
2017-11-10T19:37:50.916+0500: 514.375: [Full GC (Allocation Failure) 2017-11-10T19:37:50.916+0500: 514.375: [Tenured: 349567K->349567K(349568K), 0.0813110 secs] 506815K->506799K(506816K), [Metaspace: 12958K->12958K(1060864K)], 0.0813985 secs] [Times: user=0.08 sys=0.00, real=0.08 secs] 
2017-11-10T19:37:50.998+0500: 514.457: [Full GC (Allocation Failure) 2017-11-10T19:37:50.999+0500: 514.458: [Tenured: 349567K->349567K(349568K), 0.0811336 secs] 506815K->506798K(506816K), [Metaspace: 12958K->12958K(1060864K)], 0.0812548 secs] [Times: user=0.08 sys=0.00, real=0.08 secs] 
2017-11-10T19:37:51.080+0500: 514.539: [Full GC (Allocation Failure) 2017-11-10T19:37:51.080+0500: 514.539: [Tenured: 349567K->349567K(349568K), 0.0792738 secs] 506815K->506807K(506816K), [Metaspace: 12958K->12958K(1060864K)], 0.0793506 secs] [Times: user=0.09 sys=0.00, real=0.08 secs] 
2017-11-10T19:37:51.160+0500: 514.619: [Full GC (Allocation Failure) 2017-11-10T19:37:51.160+0500: 514.619: [Tenured: 349567K->349567K(349568K), 0.0805679 secs] 506815K->506801K(506816K), [Metaspace: 12958K->12958K(1060864K)], 0.0806672 secs] [Times: user=0.08 sys=0.00, real=0.08 secs] 
2017-11-10T19:37:51.241+0500: 514.700: [Full GC (Allocation Failure) 2017-11-10T19:37:51.241+0500: 514.700: [Tenured: 349567K->349567K(349568K), 0.0816821 secs] 506815K->506799K(506816K), [Metaspace: 12958K->12958K(1060864K)], 0.0817804 secs] [Times: user=0.06 sys=0.00, real=0.08 secs] 
2017-11-10T19:37:51.323+0500: 514.782: [Full GC (Allocation Failure) 2017-11-10T19:37:51.324+0500: 514.783: [Tenured: 349567K->349567K(349568K), 0.0798297 secs] 506815K->506798K(506816K), [Metaspace: 12958K->12958K(1060864K)], 0.0799470 secs] [Times: user=0.06 sys=0.00, real=0.08 secs] 
2017-11-10T19:37:51.404+0500: 514.863: [Full GC (Allocation Failure) 2017-11-10T19:37:51.404+0500: 514.863: [Tenured: 349567K->349567K(349568K), 0.0795466 secs] 506815K->506807K(506816K), [Metaspace: 12958K->12958K(1060864K)], 0.0796625 secs] [Times: user=0.08 sys=0.00, real=0.08 secs] 
2017-11-10T19:37:51.484+0500: 514.943: [Full GC (Allocation Failure) 2017-11-10T19:37:51.484+0500: 514.943: [Tenured: 349567K->349567K(349568K), 0.0777314 secs] 506815K->506801K(506816K), [Metaspace: 12958K->12958K(1060864K)], 0.0781103 secs] [Times: user=0.08 sys=0.00, real=0.08 secs] 
2017-11-10T19:37:51.563+0500: 515.022: [Full GC (Allocation Failure) 2017-11-10T19:37:51.563+0500: 515.022: [Tenured: 349567K->349567K(349568K), 0.0755309 secs] 506815K->506799K(506816K), [Metaspace: 12958K->12958K(1060864K)], 0.0756262 secs] [Times: user=0.08 sys=0.00, real=0.08 secs] 
2017-11-10T19:37:51.639+0500: 515.098: [Full GC (Allocation Failure) 2017-11-10T19:37:51.639+0500: 515.098: [Tenured: 349567K->349567K(349568K), 0.0792337 secs] 506815K->506798K(506816K), [Metaspace: 12958K->12958K(1060864K)], 0.0793051 secs] [Times: user=0.08 sys=0.00, real=0.08 secs] 
2017-11-10T19:37:51.719+0500: 515.178: [Full GC (Allocation Failure) 2017-11-10T19:37:51.719+0500: 515.178: [Tenured: 349567K->349567K(349568K), 0.0773061 secs] 506815K->506807K(506816K), [Metaspace: 12958K->12958K(1060864K)], 0.0774156 secs] [Times: user=0.08 sys=0.00, real=0.08 secs] 
2017-11-10T19:37:51.797+0500: 515.256: [Full GC (Allocation Failure) 2017-11-10T19:37:51.797+0500: 515.256: [Tenured: 349567K->349567K(349568K), 0.0773613 secs] 506815K->506801K(506816K), [Metaspace: 12958K->12958K(1060864K)], 0.0774351 secs] [Times: user=0.08 sys=0.00, real=0.08 secs] 
2017-11-10T19:37:51.875+0500: 515.334: [Full GC (Allocation Failure) 2017-11-10T19:37:51.875+0500: 515.334: [Tenured: 349567K->349567K(349568K), 0.0762193 secs] 506815K->506799K(506816K), [Metaspace: 12958K->12958K(1060864K)], 0.0762945 secs] [Times: user=0.08 sys=0.00, real=0.08 secs] 
2017-11-10T19:37:51.951+0500: 515.411: [Full GC (Allocation Failure) 2017-11-10T19:37:51.951+0500: 515.411: [Tenured: 349567K->349567K(349568K), 0.0764456 secs] 506815K->506798K(506816K), [Metaspace: 12958K->12958K(1060864K)], 0.0765292 secs] [Times: user=0.08 sys=0.00, real=0.08 secs] 
2017-11-10T19:37:52.028+0500: 515.488: [Full GC (Allocation Failure) 2017-11-10T19:37:52.028+0500: 515.488: [Tenured: 349567K->349567K(349568K), 0.0792377 secs] 506815K->506807K(506816K), [Metaspace: 12958K->12958K(1060864K)], 0.0793100 secs] [Times: user=0.08 sys=0.00, real=0.08 secs] 
2017-11-10T19:37:52.108+0500: 515.567: [Full GC (Allocation Failure) 2017-11-10T19:37:52.108+0500: 515.567: [Tenured: 349567K->349567K(349568K), 0.0940148 secs] 506815K->506801K(506816K), [Metaspace: 12958K->12958K(1060864K)], 0.0940930 secs] [Times: user=0.08 sys=0.00, real=0.09 secs] 
2017-11-10T19:37:52.203+0500: 515.662: [Full GC (Allocation Failure) 2017-11-10T19:37:52.203+0500: 515.662: [Tenured: 349567K->349567K(349568K), 0.0901653 secs] 506815K->506799K(506816K), [Metaspace: 12958K->12958K(1060864K)], 0.0902914 secs] [Times: user=0.09 sys=0.00, real=0.09 secs] 
2017-11-10T19:37:52.294+0500: 515.753: [Full GC (Allocation Failure) 2017-11-10T19:37:52.294+0500: 515.753: [Tenured: 349567K->349567K(349568K), 0.0858856 secs] 506815K->506798K(506816K), [Metaspace: 12958K->12958K(1060864K)], 0.0859750 secs] [Times: user=0.09 sys=0.00, real=0.09 secs] 
2017-11-10T19:37:52.381+0500: 515.840: [Full GC (Allocation Failure) 2017-11-10T19:37:52.381+0500: 515.840: [Tenured: 349567K->349567K(349568K), 0.0795642 secs] 506815K->506807K(506816K), [Metaspace: 12958K->12958K(1060864K)], 0.0796796 secs] [Times: user=0.08 sys=0.00, real=0.08 secs] 
2017-11-10T19:37:52.461+0500: 515.920: [Full GC (Allocation Failure) 2017-11-10T19:37:52.461+0500: 515.920: [Tenured: 349567K->349567K(349568K), 0.0822609 secs] 506815K->506801K(506816K), [Metaspace: 12958K->12958K(1060864K)], 0.0823377 secs] [Times: user=0.08 sys=0.00, real=0.08 secs] 
2017-11-10T19:37:52.544+0500: 516.003: [Full GC (Allocation Failure) 2017-11-10T19:37:52.544+0500: 516.003: [Tenured: 349567K->349567K(349568K), 0.0779054 secs] 506815K->506799K(506816K), [Metaspace: 12958K->12958K(1060864K)], 0.0779817 secs] [Times: user=0.08 sys=0.00, real=0.08 secs] 
2017-11-10T19:37:52.622+0500: 516.081: [Full GC (Allocation Failure) 2017-11-10T19:37:52.622+0500: 516.081: [Tenured: 349567K->349567K(349568K), 0.0798160 secs] 506815K->506798K(506816K), [Metaspace: 12958K->12958K(1060864K)], 0.0799030 secs] [Times: user=0.08 sys=0.00, real=0.08 secs] 
2017-11-10T19:37:52.703+0500: 516.162: [Full GC (Allocation Failure) 2017-11-10T19:37:52.703+0500: 516.162: [Tenured: 349567K->349567K(349568K), 0.0822609 secs] 506815K->506807K(506816K), [Metaspace: 12958K->12958K(1060864K)], 0.0823382 secs] [Times: user=0.09 sys=0.00, real=0.08 secs] 
2017-11-10T19:37:52.785+0500: 516.245: [Full GC (Allocation Failure) 2017-11-10T19:37:52.786+0500: 516.245: [Tenured: 349567K->349567K(349568K), 0.0805826 secs] 506815K->506801K(506816K), [Metaspace: 12958K->12958K(1060864K)], 0.0806857 secs] [Times: user=0.08 sys=0.00, real=0.08 secs] 
2017-11-10T19:37:52.868+0500: 516.327: [Full GC (Allocation Failure) 2017-11-10T19:37:52.868+0500: 516.327: [Tenured: 349567K->349567K(349568K), 0.0922509 secs] 506815K->506799K(506816K), [Metaspace: 12958K->12958K(1060864K)], 0.0923550 secs] [Times: user=0.08 sys=0.00, real=0.09 secs] 
2017-11-10T19:37:52.961+0500: 516.420: [Full GC (Allocation Failure) 2017-11-10T19:37:52.961+0500: 516.420: [Tenured: 349567K->349567K(349568K), 0.0852735 secs] 506815K->506798K(506816K), [Metaspace: 12958K->12958K(1060864K)], 0.0853571 secs] [Times: user=0.08 sys=0.00, real=0.09 secs] 
2017-11-10T19:37:53.047+0500: 516.506: [Full GC (Allocation Failure) 2017-11-10T19:37:53.047+0500: 516.506: [Tenured: 349567K->349567K(349568K), 0.0855883 secs] 506815K->506807K(506816K), [Metaspace: 12958K->12958K(1060864K)], 0.0857306 secs] [Times: user=0.09 sys=0.00, real=0.09 secs] 
2017-11-10T19:37:53.133+0500: 516.592: [Full GC (Allocation Failure) 2017-11-10T19:37:53.133+0500: 516.592: [Tenured: 349567K->349567K(349568K), 0.0820209 secs] 506815K->506801K(506816K), [Metaspace: 12958K->12958K(1060864K)], 0.0821211 secs] [Times: user=0.08 sys=0.00, real=0.08 secs] 
2017-11-10T19:37:53.216+0500: 516.675: [Full GC (Allocation Failure) 2017-11-10T19:37:53.216+0500: 516.675: [Tenured: 349567K->349567K(349568K), 0.0837496 secs] 506815K->506799K(506816K), [Metaspace: 12958K->12958K(1060864K)], 0.0838655 secs] [Times: user=0.09 sys=0.00, real=0.08 secs] 
2017-11-10T19:37:53.300+0500: 516.760: [Full GC (Allocation Failure) 2017-11-10T19:37:53.300+0500: 516.760: [Tenured: 349567K->349567K(349568K), 0.0784256 secs] 506815K->506798K(506816K), [Metaspace: 12958K->12958K(1060864K)], 0.0785351 secs] [Times: user=0.08 sys=0.00, real=0.08 secs] 
2017-11-10T19:37:53.379+0500: 516.839: [Full GC (Allocation Failure) 2017-11-10T19:37:53.379+0500: 516.839: [Tenured: 349567K->349567K(349568K), 0.0799192 secs] 506815K->506807K(506816K), [Metaspace: 12958K->12958K(1060864K)], 0.0799910 secs] [Times: user=0.08 sys=0.00, real=0.08 secs] 
2017-11-10T19:37:53.460+0500: 516.919: [Full GC (Allocation Failure) 2017-11-10T19:37:53.460+0500: 516.919: [Tenured: 349567K->349567K(349568K), 0.0869465 secs] 506815K->506801K(506816K), [Metaspace: 12958K->12958K(1060864K)], 0.0870178 secs] [Times: user=0.08 sys=0.00, real=0.09 secs] 
2017-11-10T19:37:53.547+0500: 517.007: [Full GC (Allocation Failure) 2017-11-10T19:37:53.547+0500: 517.007: [Tenured: 349567K->349567K(349568K), 0.0817466 secs] 506815K->506799K(506816K), [Metaspace: 12958K->12958K(1060864K)], 0.0818337 secs] [Times: user=0.09 sys=0.00, real=0.08 secs] 
2017-11-10T19:37:53.630+0500: 517.089: [Full GC (Allocation Failure) 2017-11-10T19:37:53.630+0500: 517.089: [Tenured: 349567K->349567K(349568K), 0.0808955 secs] 506815K->506798K(506816K), [Metaspace: 12958K->12958K(1060864K)], 0.0809991 secs] [Times: user=0.08 sys=0.00, real=0.08 secs] 
2017-11-10T19:37:53.711+0500: 517.170: [Full GC (Allocation Failure) 2017-11-10T19:37:53.711+0500: 517.170: [Tenured: 349567K->349567K(349568K), 0.0822272 secs] 506815K->506807K(506816K), [Metaspace: 12958K->12958K(1060864K)], 0.0823211 secs] [Times: user=0.08 sys=0.00, real=0.08 secs] 
2017-11-10T19:37:53.794+0500: 517.253: [Full GC (Allocation Failure) 2017-11-10T19:37:53.794+0500: 517.253: [Tenured: 349567K->349567K(349568K), 0.0948161 secs] 506815K->506801K(506816K), [Metaspace: 12958K->12958K(1060864K)], 0.0949310 secs] [Times: user=0.09 sys=0.00, real=0.10 secs] 
2017-11-10T19:37:53.889+0500: 517.349: [Full GC (Allocation Failure) 2017-11-10T19:37:53.889+0500: 517.349: [Tenured: 349567K->349567K(349568K), 0.0865925 secs] 506815K->506799K(506816K), [Metaspace: 12958K->12958K(1060864K)], 0.0866727 secs] [Times: user=0.09 sys=0.00, real=0.09 secs] 
2017-11-10T19:37:53.977+0500: 517.436: [Full GC (Allocation Failure) 2017-11-10T19:37:53.977+0500: 517.436: [Tenured: 349567K->349567K(349568K), 0.0864488 secs] 506815K->506798K(506816K), [Metaspace: 12958K->12958K(1060864K)], 0.0865329 secs] [Times: user=0.08 sys=0.00, real=0.09 secs] 
2017-11-10T19:37:54.064+0500: 517.523: [Full GC (Allocation Failure) 2017-11-10T19:37:54.064+0500: 517.523: [Tenured: 349567K->349567K(349568K), 0.0841094 secs] 506815K->506807K(506816K), [Metaspace: 12958K->12958K(1060864K)], 0.0841921 secs] [Times: user=0.09 sys=0.00, real=0.08 secs] 
2017-11-10T19:37:54.149+0500: 517.608: [Full GC (Allocation Failure) 2017-11-10T19:37:54.149+0500: 517.608: [Tenured: 349567K->349567K(349568K), 0.0898573 secs] 506815K->506801K(506816K), [Metaspace: 12958K->12958K(1060864K)], 0.0899497 secs] [Times: user=0.08 sys=0.00, real=0.09 secs] 
2017-11-10T19:37:54.239+0500: 517.698: [Full GC (Allocation Failure) 2017-11-10T19:37:54.239+0500: 517.698: [Tenured: 349567K->349567K(349568K), 0.0891597 secs] 506815K->506799K(506816K), [Metaspace: 12958K->12958K(1060864K)], 0.0892496 secs] [Times: user=0.08 sys=0.00, real=0.09 secs] 
2017-11-10T19:37:54.330+0500: 517.789: [Full GC (Allocation Failure) 2017-11-10T19:37:54.330+0500: 517.789: [Tenured: 349567K->349567K(349568K), 0.0872320 secs] 506815K->506798K(506816K), [Metaspace: 12958K->12958K(1060864K)], 0.0873415 secs] [Times: user=0.09 sys=0.00, real=0.09 secs] 
2017-11-10T19:37:54.418+0500: 517.877: [Full GC (Allocation Failure) 2017-11-10T19:37:54.418+0500: 517.877: [Tenured: 349567K->349567K(349568K), 0.0824252 secs] 506815K->506807K(506816K), [Metaspace: 12958K->12958K(1060864K)], 0.0825127 secs] [Times: user=0.08 sys=0.00, real=0.08 secs] 
2017-11-10T19:37:54.502+0500: 517.961: [Full GC (Allocation Failure) 2017-11-10T19:37:54.502+0500: 517.961: [Tenured: 349567K->349567K(349568K), 0.0849973 secs] 506815K->506801K(506816K), [Metaspace: 12958K->12958K(1060864K)], 0.0851043 secs] [Times: user=0.09 sys=0.00, real=0.08 secs] 
2017-11-10T19:37:54.588+0500: 518.047: [Full GC (Allocation Failure) 2017-11-10T19:37:54.588+0500: 518.047: [Tenured: 349567K->349567K(349568K), 0.0864204 secs] 506815K->506799K(506816K), [Metaspace: 12958K->12958K(1060864K)], 0.0865094 secs] [Times: user=0.09 sys=0.00, real=0.09 secs] 
2017-11-10T19:37:54.676+0500: 518.135: [Full GC (Allocation Failure) 2017-11-10T19:37:54.676+0500: 518.135: [Tenured: 349567K->349567K(349568K), 0.0859780 secs] 506815K->506798K(506816K), [Metaspace: 12958K->12958K(1060864K)], 0.0860782 secs] [Times: user=0.08 sys=0.00, real=0.09 secs] 
2017-11-10T19:37:54.762+0500: 518.221: [Full GC (Allocation Failure) 2017-11-10T19:37:54.762+0500: 518.221: [Tenured: 349567K->349567K(349568K), 0.0809825 secs] 506815K->506807K(506816K), [Metaspace: 12958K->12958K(1060864K)], 0.0810646 secs] [Times: user=0.08 sys=0.00, real=0.08 secs] 
2017-11-10T19:37:54.844+0500: 518.303: [Full GC (Allocation Failure) 2017-11-10T19:37:54.844+0500: 518.303: [Tenured: 349567K->349567K(349568K), 0.0851659 secs] 506815K->506801K(506816K), [Metaspace: 12958K->12958K(1060864K)], 0.0852676 secs] [Times: user=0.09 sys=0.00, real=0.08 secs] 
2017-11-10T19:37:54.930+0500: 518.389: [Full GC (Allocation Failure) 2017-11-10T19:37:54.930+0500: 518.389: [Tenured: 349567K->349567K(349568K), 0.0860523 secs] 506815K->506799K(506816K), [Metaspace: 12958K->12958K(1060864K)], 0.0862156 secs] [Times: user=0.08 sys=0.00, real=0.09 secs] 
2017-11-10T19:37:55.016+0500: 518.475: [Full GC (Allocation Failure) 2017-11-10T19:37:55.016+0500: 518.475: [Tenured: 349567K->349567K(349568K), 0.0873918 secs] 506815K->506798K(506816K), [Metaspace: 12958K->12958K(1060864K)], 0.0874725 secs] [Times: user=0.09 sys=0.00, real=0.09 secs] 
2017-11-10T19:37:55.104+0500: 518.563: [Full GC (Allocation Failure) 2017-11-10T19:37:55.104+0500: 518.563: [Tenured: 349567K->349567K(349568K), 0.0852187 secs] 506815K->506807K(506816K), [Metaspace: 12958K->12958K(1060864K)], 0.0852969 secs] [Times: user=0.06 sys=0.01, real=0.09 secs] 
2017-11-10T19:37:55.190+0500: 518.649: [Full GC (Allocation Failure) 2017-11-10T19:37:55.190+0500: 518.649: [Tenured: 349567K->349567K(349568K), 0.0824687 secs] 506815K->506801K(506816K), [Metaspace: 12958K->12958K(1060864K)], 0.0825513 secs] [Times: user=0.08 sys=0.00, real=0.08 secs] 
2017-11-10T19:37:55.273+0500: 518.732: [Full GC (Allocation Failure) 2017-11-10T19:37:55.273+0500: 518.732: [Tenured: 349567K->349567K(349568K), 0.0868101 secs] 506815K->506799K(506816K), [Metaspace: 12958K->12958K(1060864K)], 0.0869196 secs] [Times: user=0.08 sys=0.00, real=0.09 secs] 
2017-11-10T19:37:55.361+0500: 518.820: [Full GC (Allocation Failure) 2017-11-10T19:37:55.361+0500: 518.820: [Tenured: 349567K->349567K(349568K), 0.0770670 secs] 506815K->506798K(506816K), [Metaspace: 12958K->12958K(1060864K)], 0.0771389 secs] [Times: user=0.08 sys=0.00, real=0.08 secs] 
2017-11-10T19:37:55.438+0500: 518.897: [Full GC (Allocation Failure) 2017-11-10T19:37:55.438+0500: 518.897: [Tenured: 349567K->349567K(349568K), 0.0795383 secs] 506815K->506807K(506816K), [Metaspace: 12958K->12958K(1060864K)], 0.0796224 secs] [Times: user=0.08 sys=0.00, real=0.08 secs] 
2017-11-10T19:37:55.518+0500: 518.977: [Full GC (Allocation Failure) 2017-11-10T19:37:55.518+0500: 518.977: [Tenured: 349567K->349567K(349568K), 0.0752381 secs] 506815K->506801K(506816K), [Metaspace: 12958K->12958K(1060864K)], 0.0753133 secs] [Times: user=0.06 sys=0.00, real=0.08 secs] 
2017-11-10T19:37:55.594+0500: 519.053: [Full GC (Allocation Failure) 2017-11-10T19:37:55.594+0500: 519.053: [Tenured: 349567K->349567K(349568K), 0.0763043 secs] 506815K->506799K(506816K), [Metaspace: 12958K->12958K(1060864K)], 0.0763801 secs] [Times: user=0.08 sys=0.00, real=0.08 secs] 
2017-11-10T19:37:55.671+0500: 519.130: [Full GC (Allocation Failure) 2017-11-10T19:37:55.671+0500: 519.130: [Tenured: 349567K->349567K(349568K), 0.0766148 secs] 506815K->506798K(506816K), [Metaspace: 12958K->12958K(1060864K)], 0.0767072 secs] [Times: user=0.08 sys=0.00, real=0.08 secs] 
2017-11-10T19:37:55.748+0500: 519.207: [Full GC (Allocation Failure) 2017-11-10T19:37:55.748+0500: 519.207: [Tenured: 349567K->349567K(349568K), 0.0756800 secs] 506815K->506807K(506816K), [Metaspace: 12958K->12958K(1060864K)], 0.0757524 secs] [Times: user=0.08 sys=0.00, real=0.08 secs] 
2017-11-10T19:37:55.824+0500: 519.283: [Full GC (Allocation Failure) 2017-11-10T19:37:55.824+0500: 519.283: [Tenured: 349567K->349567K(349568K), 0.0748171 secs] 506815K->506801K(506816K), [Metaspace: 12958K->12958K(1060864K)], 0.0748953 secs] [Times: user=0.08 sys=0.00, real=0.08 secs] 
2017-11-10T19:37:55.901+0500: 519.360: [Full GC (Allocation Failure) 2017-11-10T19:37:55.901+0500: 519.360: [Tenured: 349567K->349567K(349568K), 0.0815071 secs] 506815K->506799K(506816K), [Metaspace: 12958K->12958K(1060864K)], 0.0816029 secs] [Times: user=0.08 sys=0.00, real=0.08 secs] 
2017-11-10T19:37:55.983+0500: 519.442: [Full GC (Allocation Failure) 2017-11-10T19:37:55.983+0500: 519.442: [Tenured: 349567K->349567K(349568K), 0.0845221 secs] 506815K->506798K(506816K), [Metaspace: 12958K->12958K(1060864K)], 0.0846228 secs] [Times: user=0.09 sys=0.00, real=0.08 secs] 
2017-11-10T19:37:56.068+0500: 519.527: [Full GC (Allocation Failure) 2017-11-10T19:37:56.068+0500: 519.527: [Tenured: 349567K->349567K(349568K), 0.0846775 secs] 506815K->506807K(506816K), [Metaspace: 12958K->12958K(1060864K)], 0.0848002 secs] [Times: user=0.08 sys=0.00, real=0.09 secs] 
2017-11-10T19:37:56.153+0500: 519.612: [Full GC (Allocation Failure) 2017-11-10T19:37:56.153+0500: 519.612: [Tenured: 349567K->349567K(349568K), 0.0805518 secs] 506815K->506801K(506816K), [Metaspace: 12958K->12958K(1060864K)], 0.0806633 secs] [Times: user=0.08 sys=0.00, real=0.08 secs] 
2017-11-10T19:37:56.234+0500: 519.694: [Full GC (Allocation Failure) 2017-11-10T19:37:56.234+0500: 519.694: [Tenured: 349567K->349567K(349568K), 0.0816357 secs] 506815K->506799K(506816K), [Metaspace: 12958K->12958K(1060864K)], 0.0817300 secs] [Times: user=0.09 sys=0.00, real=0.08 secs] 
2017-11-10T19:37:56.317+0500: 519.776: [Full GC (Allocation Failure) 2017-11-10T19:37:56.317+0500: 519.776: [Tenured: 349567K->349567K(349568K), 0.0788754 secs] 506815K->506798K(506816K), [Metaspace: 12958K->12958K(1060864K)], 0.0789580 secs] [Times: user=0.08 sys=0.00, real=0.08 secs] 
2017-11-10T19:37:56.396+0500: 519.855: [Full GC (Allocation Failure) 2017-11-10T19:37:56.396+0500: 519.856: [Tenured: 349567K->349567K(349568K), 0.0790861 secs] 506815K->506807K(506816K), [Metaspace: 12958K->12958K(1060864K)], 0.0791658 secs] [Times: user=0.08 sys=0.00, real=0.08 secs] 
2017-11-10T19:37:56.476+0500: 519.935: [Full GC (Allocation Failure) 2017-11-10T19:37:56.476+0500: 519.935: [Tenured: 349567K->349567K(349568K), 0.0824565 secs] 506815K->506801K(506816K), [Metaspace: 12958K->12958K(1060864K)], 0.0825557 secs] [Times: user=0.06 sys=0.00, real=0.08 secs] 
2017-11-10T19:37:56.559+0500: 520.018: [Full GC (Allocation Failure) 2017-11-10T19:37:56.559+0500: 520.018: [Tenured: 349567K->349567K(349568K), 0.0806295 secs] 506815K->506799K(506816K), [Metaspace: 12958K->12958K(1060864K)], 0.0807371 secs] [Times: user=0.08 sys=0.00, real=0.08 secs] 
2017-11-10T19:37:56.640+0500: 520.100: [Full GC (Allocation Failure) 2017-11-10T19:37:56.640+0500: 520.100: [Tenured: 349567K->349567K(349568K), 0.0832534 secs] 506815K->506798K(506816K), [Metaspace: 12958K->12958K(1060864K)], 0.0833301 secs] [Times: user=0.09 sys=0.00, real=0.08 secs] 
2017-11-10T19:37:56.724+0500: 520.183: [Full GC (Allocation Failure) 2017-11-10T19:37:56.724+0500: 520.183: [Tenured: 349567K->349567K(349568K), 0.0796762 secs] 506815K->506807K(506816K), [Metaspace: 12958K->12958K(1060864K)], 0.0797500 secs] [Times: user=0.08 sys=0.00, real=0.08 secs] 
2017-11-10T19:37:56.804+0500: 520.264: [Full GC (Allocation Failure) 2017-11-10T19:37:56.804+0500: 520.264: [Tenured: 349567K->349567K(349568K), 0.0755260 secs] 506815K->506801K(506816K), [Metaspace: 12958K->12958K(1060864K)], 0.0756106 secs] [Times: user=0.08 sys=0.00, real=0.08 secs] 
2017-11-10T19:37:56.881+0500: 520.340: [Full GC (Allocation Failure) 2017-11-10T19:37:56.881+0500: 520.340: [Tenured: 349567K->349567K(349568K), 0.0781963 secs] 506815K->506799K(506816K), [Metaspace: 12958K->12958K(1060864K)], 0.0782990 secs] [Times: user=0.08 sys=0.00, real=0.08 secs] 
2017-11-10T19:37:56.959+0500: 520.419: [Full GC (Allocation Failure) 2017-11-10T19:37:56.959+0500: 520.419: [Tenured: 349567K->349567K(349568K), 0.0755221 secs] 506815K->506798K(506816K), [Metaspace: 12958K->12958K(1060864K)], 0.0755954 secs] [Times: user=0.08 sys=0.00, real=0.08 secs] 
2017-11-10T19:37:57.035+0500: 520.495: [Full GC (Allocation Failure) 2017-11-10T19:37:57.035+0500: 520.495: [Tenured: 349567K->349567K(349568K), 0.0751535 secs] 506815K->506807K(506816K), [Metaspace: 12958K->12958K(1060864K)], 0.0752302 secs] [Times: user=0.06 sys=0.00, real=0.08 secs] 
2017-11-10T19:37:57.111+0500: 520.570: [Full GC (Allocation Failure) 2017-11-10T19:37:57.111+0500: 520.570: [Tenured: 349567K->349567K(349568K), 0.0756536 secs] 506815K->506801K(506816K), [Metaspace: 12958K->12958K(1060864K)], 0.0757289 secs] [Times: user=0.08 sys=0.00, real=0.08 secs] 
2017-11-10T19:37:57.187+0500: 520.647: [Full GC (Allocation Failure) 2017-11-10T19:37:57.187+0500: 520.647: [Tenured: 349567K->349567K(349568K), 0.0740970 secs] 506815K->506799K(506816K), [Metaspace: 12958K->12958K(1060864K)], 0.0741733 secs] [Times: user=0.08 sys=0.00, real=0.07 secs] 
2017-11-10T19:37:57.262+0500: 520.721: [Full GC (Allocation Failure) 2017-11-10T19:37:57.262+0500: 520.721: [Tenured: 349567K->349567K(349568K), 0.0774791 secs] 506815K->506798K(506816K), [Metaspace: 12958K->12958K(1060864K)], 0.0775637 secs] [Times: user=0.08 sys=0.00, real=0.08 secs] 
2017-11-10T19:37:57.340+0500: 520.799: [Full GC (Allocation Failure) 2017-11-10T19:37:57.340+0500: 520.799: [Tenured: 349567K->349567K(349568K), 0.0826183 secs] 506815K->506807K(506816K), [Metaspace: 12958K->12958K(1060864K)], 0.0827127 secs] [Times: user=0.08 sys=0.00, real=0.08 secs] 
2017-11-10T19:37:57.423+0500: 520.882: [Full GC (Allocation Failure) 2017-11-10T19:37:57.423+0500: 520.882: [Tenured: 349567K->349567K(349568K), 0.0845964 secs] 506815K->506801K(506816K), [Metaspace: 12958K->12958K(1060864K)], 0.0846819 secs] [Times: user=0.09 sys=0.00, real=0.08 secs] 
2017-11-10T19:37:57.508+0500: 520.968: [Full GC (Allocation Failure) 2017-11-10T19:37:57.508+0500: 520.968: [Tenured: 349567K->349567K(349568K), 0.0824017 secs] 506815K->506799K(506816K), [Metaspace: 12958K->12958K(1060864K)], 0.0824893 secs] [Times: user=0.08 sys=0.00, real=0.08 secs] 
2017-11-10T19:37:57.591+0500: 521.050: [Full GC (Allocation Failure) 2017-11-10T19:37:57.591+0500: 521.050: [Tenured: 349567K->349567K(349568K), 0.0781758 secs] 506815K->506798K(506816K), [Metaspace: 12958K->12958K(1060864K)], 0.0782545 secs] [Times: user=0.08 sys=0.00, real=0.08 secs] 
2017-11-10T19:37:57.670+0500: 521.129: [Full GC (Allocation Failure) 2017-11-10T19:37:57.670+0500: 521.129: [Tenured: 349567K->349567K(349568K), 0.0763473 secs] 506815K->506807K(506816K), [Metaspace: 12958K->12958K(1060864K)], 0.0764182 secs] [Times: user=0.08 sys=0.00, real=0.08 secs] 
2017-11-10T19:37:57.747+0500: 521.206: [Full GC (Allocation Failure) 2017-11-10T19:37:57.747+0500: 521.206: [Tenured: 349567K->349567K(349568K), 0.0764813 secs] 506815K->506801K(506816K), [Metaspace: 12958K->12958K(1060864K)], 0.0765595 secs] [Times: user=0.08 sys=0.00, real=0.08 secs] 
2017-11-10T19:37:57.824+0500: 521.283: [Full GC (Allocation Failure) 2017-11-10T19:37:57.824+0500: 521.283: [Tenured: 349567K->349567K(349568K), 0.0758585 secs] 506815K->506799K(506816K), [Metaspace: 12958K->12958K(1060864K)], 0.0759337 secs] [Times: user=0.08 sys=0.00, real=0.08 secs] 
2017-11-10T19:37:57.900+0500: 521.359: [Full GC (Allocation Failure) 2017-11-10T19:37:57.900+0500: 521.359: [Tenured: 349567K->349567K(349568K), 0.0759929 secs] 506815K->506798K(506816K), [Metaspace: 12958K->12958K(1060864K)], 0.0760701 secs] [Times: user=0.08 sys=0.00, real=0.08 secs] 
2017-11-10T19:37:57.977+0500: 521.436: [Full GC (Allocation Failure) 2017-11-10T19:37:57.977+0500: 521.436: [Tenured: 349567K->349567K(349568K), 0.0746582 secs] 506815K->506807K(506816K), [Metaspace: 12958K->12958K(1060864K)], 0.0747423 secs] [Times: user=0.08 sys=0.00, real=0.08 secs] 
2017-11-10T19:37:58.052+0500: 521.511: [Full GC (Allocation Failure) 2017-11-10T19:37:58.052+0500: 521.511: [Tenured: 349567K->349567K(349568K), 0.0756658 secs] 506815K->506801K(506816K), [Metaspace: 12958K->12958K(1060864K)], 0.0757387 secs] [Times: user=0.08 sys=0.00, real=0.08 secs] 
2017-11-10T19:37:58.129+0500: 521.588: [Full GC (Allocation Failure) 2017-11-10T19:37:58.129+0500: 521.588: [Tenured: 349567K->349567K(349568K), 0.0750024 secs] 506815K->506799K(506816K), [Metaspace: 12958K->12958K(1060864K)], 0.0750733 secs] [Times: user=0.06 sys=0.00, real=0.08 secs] 
2017-11-10T19:37:58.204+0500: 521.663: [Full GC (Allocation Failure) 2017-11-10T19:37:58.204+0500: 521.663: [Tenured: 349567K->349567K(349568K), 0.0751701 secs] 506815K->506798K(506816K), [Metaspace: 12958K->12958K(1060864K)], 0.0752723 secs] [Times: user=0.08 sys=0.00, real=0.08 secs] 
2017-11-10T19:37:58.280+0500: 521.739: [Full GC (Allocation Failure) 2017-11-10T19:37:58.280+0500: 521.739: [Tenured: 349567K->349567K(349568K), 0.0788021 secs] 506815K->506807K(506816K), [Metaspace: 12958K->12958K(1060864K)], 0.0788969 secs] [Times: user=0.08 sys=0.00, real=0.08 secs] 
2017-11-10T19:37:58.359+0500: 521.818: [Full GC (Allocation Failure) 2017-11-10T19:37:58.359+0500: 521.818: [Tenured: 349567K->349567K(349568K), 0.0763234 secs] 506815K->506801K(506816K), [Metaspace: 12958K->12958K(1060864K)], 0.0764085 secs] [Times: user=0.06 sys=0.00, real=0.08 secs] 
2017-11-10T19:37:58.436+0500: 521.895: [Full GC (Allocation Failure) 2017-11-10T19:37:58.436+0500: 521.895: [Tenured: 349567K->349567K(349568K), 0.0748993 secs] 506815K->506799K(506816K), [Metaspace: 12958K->12958K(1060864K)], 0.0749814 secs] [Times: user=0.08 sys=0.00, real=0.07 secs] 
2017-11-10T19:37:58.512+0500: 521.971: [Full GC (Allocation Failure) 2017-11-10T19:37:58.512+0500: 521.971: [Tenured: 349567K->349567K(349568K), 0.0759714 secs] 506815K->506798K(506816K), [Metaspace: 12958K->12958K(1060864K)], 0.0760442 secs] [Times: user=0.08 sys=0.00, real=0.08 secs] 
2017-11-10T19:37:58.588+0500: 522.047: [Full GC (Allocation Failure) 2017-11-10T19:37:58.588+0500: 522.047: [Tenured: 349567K->349567K(349568K), 0.0787297 secs] 506815K->506807K(506816K), [Metaspace: 12958K->12958K(1060864K)], 0.0788353 secs] [Times: user=0.08 sys=0.00, real=0.08 secs] 
2017-11-10T19:37:58.667+0500: 522.126: [Full GC (Allocation Failure) 2017-11-10T19:37:58.668+0500: 522.126: [Tenured: 349567K->349567K(349568K), 0.0813037 secs] 506815K->506801K(506816K), [Metaspace: 12958K->12958K(1060864K)], 0.0814220 secs] [Times: user=0.08 sys=0.00, real=0.08 secs] 
2017-11-10T19:37:58.750+0500: 522.209: [Full GC (Allocation Failure) 2017-11-10T19:37:58.750+0500: 522.209: [Tenured: 349567K->349567K(349568K), 0.0771750 secs] 506815K->506799K(506816K), [Metaspace: 12958K->12958K(1060864K)], 0.0772728 secs] [Times: user=0.08 sys=0.00, real=0.08 secs] 
2017-11-10T19:37:58.828+0500: 522.287: [Full GC (Allocation Failure) 2017-11-10T19:37:58.828+0500: 522.287: [Tenured: 349567K->349567K(349568K), 0.0774630 secs] 506815K->506798K(506816K), [Metaspace: 12958K->12958K(1060864K)], 0.0775368 secs] [Times: user=0.08 sys=0.00, real=0.08 secs] 
2017-11-10T19:37:58.906+0500: 522.365: [Full GC (Allocation Failure) 2017-11-10T19:37:58.906+0500: 522.365: [Tenured: 349567K->349567K(349568K), 0.0771775 secs] 506815K->506807K(506816K), [Metaspace: 12958K->12958K(1060864K)], 0.0772924 secs] [Times: user=0.08 sys=0.00, real=0.08 secs] 
2017-11-10T19:37:58.984+0500: 522.443: [Full GC (Allocation Failure) 2017-11-10T19:37:58.984+0500: 522.443: [Tenured: 349567K->349567K(349568K), 0.0768861 secs] 506815K->506801K(506816K), [Metaspace: 12958K->12958K(1060864K)], 0.0769922 secs] [Times: user=0.08 sys=0.00, real=0.08 secs] 
2017-11-10T19:37:59.061+0500: 522.520: [Full GC (Allocation Failure) 2017-11-10T19:37:59.061+0500: 522.520: [Tenured: 349567K->349567K(349568K), 0.0813457 secs] 506815K->506799K(506816K), [Metaspace: 12958K->12958K(1060864K)], 0.0814269 secs] [Times: user=0.08 sys=0.00, real=0.08 secs] 
2017-11-10T19:37:59.143+0500: 522.602: [Full GC (Allocation Failure) 2017-11-10T19:37:59.143+0500: 522.602: [Tenured: 349567K->349567K(349568K), 0.0932101 secs] 506815K->506798K(506816K), [Metaspace: 12958K->12958K(1060864K)], 0.0932839 secs] [Times: user=0.08 sys=0.00, real=0.09 secs] 
2017-11-10T19:37:59.237+0500: 522.696: [Full GC (Allocation Failure) 2017-11-10T19:37:59.237+0500: 522.696: [Tenured: 349567K->349567K(349568K), 0.0748631 secs] 506815K->506807K(506816K), [Metaspace: 12958K->12958K(1060864K)], 0.0749486 secs] [Times: user=0.06 sys=0.00, real=0.08 secs] 
2017-11-10T19:37:59.312+0500: 522.771: [Full GC (Allocation Failure) 2017-11-10T19:37:59.312+0500: 522.771: [Tenured: 349567K->349567K(349568K), 0.0774205 secs] 506815K->506801K(506816K), [Metaspace: 12958K->12958K(1060864K)], 0.0775451 secs] [Times: user=0.08 sys=0.00, real=0.08 secs] 
2017-11-10T19:37:59.390+0500: 522.849: [Full GC (Allocation Failure) 2017-11-10T19:37:59.390+0500: 522.849: [Tenured: 349567K->349567K(349568K), 0.0745634 secs] 506815K->506799K(506816K), [Metaspace: 12958K->12958K(1060864K)], 0.0746827 secs] [Times: user=0.08 sys=0.00, real=0.07 secs] 
2017-11-10T19:37:59.465+0500: 522.924: [Full GC (Allocation Failure) 2017-11-10T19:37:59.465+0500: 522.924: [Tenured: 349567K->349567K(349568K), 0.0753226 secs] 506815K->506798K(506816K), [Metaspace: 12958K->12958K(1060864K)], 0.0754101 secs] [Times: user=0.08 sys=0.00, real=0.08 secs] 
2017-11-10T19:37:59.541+0500: 523.000: [Full GC (Allocation Failure) 2017-11-10T19:37:59.541+0500: 523.000: [Tenured: 349567K->349567K(349568K), 0.0762041 secs] 506815K->506807K(506816K), [Metaspace: 12958K->12958K(1060864K)], 0.0763117 secs] [Times: user=0.08 sys=0.00, real=0.08 secs] 
2017-11-10T19:37:59.618+0500: 523.077: [Full GC (Allocation Failure) 2017-11-10T19:37:59.618+0500: 523.077: [Tenured: 349567K->349567K(349568K), 0.0770494 secs] 506815K->506801K(506816K), [Metaspace: 12958K->12958K(1060864K)], 0.0771222 secs] [Times: user=0.08 sys=0.00, real=0.08 secs] 
2017-11-10T19:37:59.695+0500: 523.155: [Full GC (Allocation Failure) 2017-11-10T19:37:59.695+0500: 523.155: [Tenured: 349567K->349567K(349568K), 0.0755040 secs] 506815K->506799K(506816K), [Metaspace: 12958K->12958K(1060864K)], 0.0755920 secs] [Times: user=0.08 sys=0.00, real=0.08 secs] 
2017-11-10T19:37:59.772+0500: 523.231: [Full GC (Allocation Failure) 2017-11-10T19:37:59.772+0500: 523.231: [Tenured: 349567K->349567K(349568K), 0.0739748 secs] 506815K->506798K(506816K), [Metaspace: 12958K->12958K(1060864K)], 0.0740510 secs] [Times: user=0.06 sys=0.00, real=0.07 secs] 
2017-11-10T19:37:59.846+0500: 523.305: [Full GC (Allocation Failure) 2017-11-10T19:37:59.846+0500: 523.305: [Tenured: 349567K->349567K(349568K), 0.0769560 secs] 506815K->506807K(506816K), [Metaspace: 12958K->12958K(1060864K)], 0.0770381 secs] [Times: user=0.06 sys=0.00, real=0.08 secs] 
2017-11-10T19:37:59.924+0500: 523.383: [Full GC (Allocation Failure) 2017-11-10T19:37:59.924+0500: 523.383: [Tenured: 349567K->349567K(349568K), 0.0793359 secs] 506815K->506801K(506816K), [Metaspace: 12958K->12958K(1060864K)], 0.0794283 secs] [Times: user=0.09 sys=0.00, real=0.08 secs] 
2017-11-10T19:38:00.004+0500: 523.463: [Full GC (Allocation Failure) 2017-11-10T19:38:00.004+0500: 523.463: [Tenured: 349567K->349567K(349568K), 0.0767218 secs] 506815K->506799K(506816K), [Metaspace: 12958K->12958K(1060864K)], 0.0768157 secs] [Times: user=0.06 sys=0.00, real=0.08 secs] 
2017-11-10T19:38:00.081+0500: 523.540: [Full GC (Allocation Failure) 2017-11-10T19:38:00.081+0500: 523.540: [Tenured: 349567K->349567K(349568K), 0.0760648 secs] 506815K->506798K(506816K), [Metaspace: 12958K->12958K(1060864K)], 0.0761445 secs] [Times: user=0.06 sys=0.00, real=0.08 secs] 
2017-11-10T19:38:00.158+0500: 523.617: [Full GC (Allocation Failure) 2017-11-10T19:38:00.158+0500: 523.617: [Tenured: 349567K->349567K(349568K), 0.0750973 secs] 506815K->506807K(506816K), [Metaspace: 12958K->12958K(1060864K)], 0.0752092 secs] [Times: user=0.08 sys=0.00, real=0.08 secs] 
2017-11-10T19:38:00.234+0500: 523.693: [Full GC (Allocation Failure) 2017-11-10T19:38:00.234+0500: 523.693: [Tenured: 349567K->349567K(349568K), 0.0765292 secs] 506815K->506801K(506816K), [Metaspace: 12958K->12958K(1060864K)], 0.0766451 secs] [Times: user=0.08 sys=0.00, real=0.08 secs] 
2017-11-10T19:38:00.311+0500: 523.770: [Full GC (Allocation Failure) 2017-11-10T19:38:00.311+0500: 523.770: [Tenured: 349567K->349567K(349568K), 0.0761528 secs] 506815K->506799K(506816K), [Metaspace: 12958K->12958K(1060864K)], 0.0762354 secs] [Times: user=0.08 sys=0.00, real=0.08 secs] 
2017-11-10T19:38:00.388+0500: 523.847: [Full GC (Allocation Failure) 2017-11-10T19:38:00.388+0500: 523.847: [Tenured: 349567K->349567K(349568K), 0.0759010 secs] 506815K->506798K(506816K), [Metaspace: 12958K->12958K(1060864K)], 0.0759787 secs] [Times: user=0.08 sys=0.00, real=0.08 secs] 
2017-11-10T19:38:00.464+0500: 523.923: [Full GC (Allocation Failure) 2017-11-10T19:38:00.464+0500: 523.923: [Tenured: 349567K->349567K(349568K), 0.0756209 secs] 506815K->506807K(506816K), [Metaspace: 12958K->12958K(1060864K)], 0.0756971 secs] [Times: user=0.08 sys=0.00, real=0.08 secs] 
2017-11-10T19:38:00.540+0500: 523.999: [Full GC (Allocation Failure) 2017-11-10T19:38:00.540+0500: 523.999: [Tenured: 349567K->349567K(349568K), 0.0759821 secs] 506815K->506801K(506816K), [Metaspace: 12958K->12958K(1060864K)], 0.0760858 secs] [Times: user=0.08 sys=0.00, real=0.08 secs] 
2017-11-10T19:38:00.617+0500: 524.076: [Full GC (Allocation Failure) 2017-11-10T19:38:00.617+0500: 524.076: [Tenured: 349567K->349567K(349568K), 0.0755754 secs] 506815K->506799K(506816K), [Metaspace: 12958K->12958K(1060864K)], 0.0756521 secs] [Times: user=0.08 sys=0.00, real=0.08 secs] 
2017-11-10T19:38:00.693+0500: 524.152: [Full GC (Allocation Failure) 2017-11-10T19:38:00.693+0500: 524.152: [Tenured: 349567K->349567K(349568K), 0.0785107 secs] 506815K->506798K(506816K), [Metaspace: 12958K->12958K(1060864K)], 0.0786129 secs] [Times: user=0.08 sys=0.00, real=0.08 secs] 
2017-11-10T19:38:00.772+0500: 524.231: [Full GC (Allocation Failure) 2017-11-10T19:38:00.772+0500: 524.231: [Tenured: 349567K->349567K(349568K), 0.0739239 secs] 506815K->506807K(506816K), [Metaspace: 12958K->12958K(1060864K)], 0.0740075 secs] [Times: user=0.08 sys=0.00, real=0.07 secs] 
2017-11-10T19:38:00.847+0500: 524.306: [Full GC (Allocation Failure) 2017-11-10T19:38:00.847+0500: 524.306: [Tenured: 349567K->349567K(349568K), 0.0769765 secs] 506815K->506801K(506816K), [Metaspace: 12958K->12958K(1060864K)], 0.0770611 secs] [Times: user=0.06 sys=0.00, real=0.08 secs] 
2017-11-10T19:38:00.924+0500: 524.383: [Full GC (Allocation Failure) 2017-11-10T19:38:00.924+0500: 524.383: [Tenured: 349567K->349567K(349568K), 0.0747629 secs] 506815K->506799K(506816K), [Metaspace: 12958K->12958K(1060864K)], 0.0748401 secs] [Times: user=0.06 sys=0.00, real=0.08 secs] 
2017-11-10T19:38:00.999+0500: 524.459: [Full GC (Allocation Failure) 2017-11-10T19:38:00.999+0500: 524.459: [Tenured: 349567K->349567K(349568K), 0.0766627 secs] 506815K->506798K(506816K), [Metaspace: 12958K->12958K(1060864K)], 0.0767888 secs] [Times: user=0.08 sys=0.00, real=0.08 secs] 
2017-11-10T19:38:01.077+0500: 524.536: [Full GC (Allocation Failure) 2017-11-10T19:38:01.077+0500: 524.536: [Tenured: 349567K->349567K(349568K), 0.0887265 secs] 506815K->506807K(506816K), [Metaspace: 12958K->12958K(1060864K)], 0.0888517 secs] [Times: user=0.09 sys=0.00, real=0.09 secs] 
2017-11-10T19:38:01.166+0500: 524.625: [Full GC (Allocation Failure) 2017-11-10T19:38:01.166+0500: 524.626: [Tenured: 349567K->349567K(349568K), 0.0811047 secs] 506815K->506801K(506816K), [Metaspace: 12958K->12958K(1060864K)], 0.0812211 secs] [Times: user=0.08 sys=0.00, real=0.08 secs] 
2017-11-10T19:38:01.248+0500: 524.707: [Full GC (Allocation Failure) 2017-11-10T19:38:01.248+0500: 524.707: [Tenured: 349567K->349567K(349568K), 0.0791453 secs] 506815K->506799K(506816K), [Metaspace: 12958K->12958K(1060864K)], 0.0792592 secs] [Times: user=0.08 sys=0.00, real=0.08 secs] 
2017-11-10T19:38:01.328+0500: 524.787: [Full GC (Allocation Failure) 2017-11-10T19:38:01.328+0500: 524.787: [Tenured: 349567K->349567K(349568K), 0.0879541 secs] 506815K->506798K(506816K), [Metaspace: 12958K->12958K(1060864K)], 0.0880279 secs] [Times: user=0.09 sys=0.00, real=0.09 secs] 
2017-11-10T19:38:01.417+0500: 524.876: [Full GC (Allocation Failure) 2017-11-10T19:38:01.417+0500: 524.876: [Tenured: 349567K->349567K(349568K), 0.0897918 secs] 506815K->506807K(506816K), [Metaspace: 12958K->12958K(1060864K)], 0.0899223 secs] [Times: user=0.08 sys=0.00, real=0.09 secs] 
2017-11-10T19:38:01.507+0500: 524.967: [Full GC (Allocation Failure) 2017-11-10T19:38:01.507+0500: 524.967: [Tenured: 349567K->349567K(349568K), 0.0834529 secs] 506815K->506801K(506816K), [Metaspace: 12958K->12958K(1060864K)], 0.0835418 secs] [Times: user=0.08 sys=0.00, real=0.08 secs] 
2017-11-10T19:38:01.591+0500: 525.051: [Full GC (Allocation Failure) 2017-11-10T19:38:01.591+0500: 525.051: [Tenured: 349567K->349567K(349568K), 0.0934042 secs] 506815K->506799K(506816K), [Metaspace: 12958K->12958K(1060864K)], 0.0934912 secs] [Times: user=0.09 sys=0.00, real=0.09 secs] 
2017-11-10T19:38:01.685+0500: 525.145: [Full GC (Allocation Failure) 2017-11-10T19:38:01.686+0500: 525.145: [Tenured: 349567K->349567K(349568K), 0.0749393 secs] 506815K->506798K(506816K), [Metaspace: 12958K->12958K(1060864K)], 0.0750841 secs] [Times: user=0.08 sys=0.00, real=0.08 secs] 
2017-11-10T19:38:01.761+0500: 525.220: [Full GC (Allocation Failure) 2017-11-10T19:38:01.761+0500: 525.220: [Tenured: 349567K->349567K(349568K), 0.0759059 secs] 506815K->506807K(506816K), [Metaspace: 12958K->12958K(1060864K)], 0.0759817 secs] [Times: user=0.06 sys=0.00, real=0.08 secs] 
2017-11-10T19:38:01.838+0500: 525.297: [Full GC (Allocation Failure) 2017-11-10T19:38:01.838+0500: 525.297: [Tenured: 349567K->349567K(349568K), 0.0803073 secs] 506815K->506801K(506816K), [Metaspace: 12958K->12958K(1060864K)], 0.0804144 secs] [Times: user=0.08 sys=0.00, real=0.08 secs] 
2017-11-10T19:38:01.919+0500: 525.378: [Full GC (Allocation Failure) 2017-11-10T19:38:01.919+0500: 525.378: [Tenured: 349567K->349567K(349568K), 0.0746470 secs] 506815K->506799K(506816K), [Metaspace: 12958K->12958K(1060864K)], 0.0747462 secs] [Times: user=0.08 sys=0.00, real=0.07 secs] 
2017-11-10T19:38:01.994+0500: 525.453: [Full GC (Allocation Failure) 2017-11-10T19:38:01.994+0500: 525.453: [Tenured: 349567K->349567K(349568K), 0.0763571 secs] 506815K->506798K(506816K), [Metaspace: 12958K->12958K(1060864K)], 0.0764334 secs] [Times: user=0.08 sys=0.00, real=0.08 secs] 
2017-11-10T19:38:02.071+0500: 525.530: [Full GC (Allocation Failure) 2017-11-10T19:38:02.071+0500: 525.530: [Tenured: 349567K->349567K(349568K), 0.0755143 secs] 506815K->506807K(506816K), [Metaspace: 12958K->12958K(1060864K)], 0.0755881 secs] [Times: user=0.08 sys=0.00, real=0.07 secs] 
2017-11-10T19:38:02.147+0500: 525.606: [Full GC (Allocation Failure) 2017-11-10T19:38:02.147+0500: 525.606: [Tenured: 349567K->349567K(349568K), 0.0775803 secs] 506815K->506801K(506816K), [Metaspace: 12958K->12958K(1060864K)], 0.0777025 secs] [Times: user=0.08 sys=0.00, real=0.08 secs] 
2017-11-10T19:38:02.225+0500: 525.684: [Full GC (Allocation Failure) 2017-11-10T19:38:02.225+0500: 525.684: [Tenured: 349567K->349567K(349568K), 0.0785909 secs] 506815K->506799K(506816K), [Metaspace: 12958K->12958K(1060864K)], 0.0786681 secs] [Times: user=0.08 sys=0.00, real=0.08 secs] 
2017-11-10T19:38:02.304+0500: 525.763: [Full GC (Allocation Failure) 2017-11-10T19:38:02.304+0500: 525.763: [Tenured: 349567K->349567K(349568K), 0.0825181 secs] 506815K->506798K(506816K), [Metaspace: 12958K->12958K(1060864K)], 0.0826379 secs] [Times: user=0.08 sys=0.00, real=0.08 secs] 
2017-11-10T19:38:02.388+0500: 525.847: [Full GC (Allocation Failure) 2017-11-10T19:38:02.388+0500: 525.847: [Tenured: 349567K->349567K(349568K), 0.0810426 secs] 506815K->506807K(506816K), [Metaspace: 12958K->12958K(1060864K)], 0.0811526 secs] [Times: user=0.08 sys=0.00, real=0.08 secs] 
2017-11-10T19:38:02.469+0500: 525.928: [Full GC (Allocation Failure) 2017-11-10T19:38:02.469+0500: 525.928: [Tenured: 349567K->349567K(349568K), 0.0778609 secs] 506815K->506801K(506816K), [Metaspace: 12958K->12958K(1060864K)], 0.0779861 secs] [Times: user=0.08 sys=0.00, real=0.08 secs] 
2017-11-10T19:38:02.548+0500: 526.007: [Full GC (Allocation Failure) 2017-11-10T19:38:02.548+0500: 526.008: [Tenured: 349567K->349567K(349568K), 0.0768749 secs] 506815K->506799K(506816K), [Metaspace: 12958K->12958K(1060864K)], 0.0769756 secs] [Times: user=0.08 sys=0.00, real=0.08 secs] 
2017-11-10T19:38:02.626+0500: 526.085: [Full GC (Allocation Failure) 2017-11-10T19:38:02.626+0500: 526.085: [Tenured: 349567K->349567K(349568K), 0.0797324 secs] 506815K->506798K(506816K), [Metaspace: 12958K->12958K(1060864K)], 0.0798150 secs] [Times: user=0.08 sys=0.02, real=0.08 secs] 
2017-11-10T19:38:02.706+0500: 526.165: [Full GC (Allocation Failure) 2017-11-10T19:38:02.706+0500: 526.165: [Tenured: 349567K->349567K(349568K), 0.0751779 secs] 506815K->506807K(506816K), [Metaspace: 12958K->12958K(1060864K)], 0.0752786 secs] [Times: user=0.06 sys=0.00, real=0.07 secs] 
2017-11-10T19:38:02.782+0500: 526.241: [Full GC (Allocation Failure) 2017-11-10T19:38:02.782+0500: 526.241: [Tenured: 349567K->349567K(349568K), 0.0776170 secs] 506815K->506801K(506816K), [Metaspace: 12958K->12958K(1060864K)], 0.0777260 secs] [Times: user=0.08 sys=0.00, real=0.08 secs] 
2017-11-10T19:38:02.860+0500: 526.319: [Full GC (Allocation Failure) 2017-11-10T19:38:02.860+0500: 526.319: [Tenured: 349567K->349567K(349568K), 0.0761943 secs] 506815K->506799K(506816K), [Metaspace: 12958K->12958K(1060864K)], 0.0762716 secs] [Times: user=0.08 sys=0.00, real=0.08 secs] 
2017-11-10T19:38:02.937+0500: 526.396: [Full GC (Allocation Failure) 2017-11-10T19:38:02.937+0500: 526.396: [Tenured: 349567K->349567K(349568K), 0.0751026 secs] 506815K->506798K(506816K), [Metaspace: 12958K->12958K(1060864K)], 0.0751809 secs] [Times: user=0.08 sys=0.00, real=0.08 secs] 
2017-11-10T19:38:03.013+0500: 526.472: [Full GC (Allocation Failure) 2017-11-10T19:38:03.013+0500: 526.472: [Tenured: 349567K->349567K(349568K), 0.0898553 secs] 506815K->506807K(506816K), [Metaspace: 12958K->12958K(1060864K)], 0.0899741 secs] [Times: user=0.09 sys=0.00, real=0.09 secs] 
2017-11-10T19:38:03.104+0500: 526.563: [Full GC (Allocation Failure) 2017-11-10T19:38:03.104+0500: 526.564: [Tenured: 349567K->349567K(349568K), 0.0898754 secs] 506815K->506801K(506816K), [Metaspace: 12958K->12958K(1060864K)], 0.0899678 secs] [Times: user=0.09 sys=0.00, real=0.09 secs] 
2017-11-10T19:38:03.195+0500: 526.654: [Full GC (Allocation Failure) 2017-11-10T19:38:03.195+0500: 526.654: [Tenured: 349567K->349567K(349568K), 0.0918989 secs] 506815K->506799K(506816K), [Metaspace: 12958K->12958K(1060864K)], 0.0919913 secs] [Times: user=0.08 sys=0.00, real=0.09 secs] 
2017-11-10T19:38:03.288+0500: 526.747: [Full GC (Allocation Failure) 2017-11-10T19:38:03.288+0500: 526.747: [Tenured: 349567K->349567K(349568K), 0.0905359 secs] 506815K->506798K(506816K), [Metaspace: 12958K->12958K(1060864K)], 0.0906464 secs] [Times: user=0.09 sys=0.00, real=0.09 secs] 
2017-11-10T19:38:03.379+0500: 526.838: [Full GC (Allocation Failure) 2017-11-10T19:38:03.379+0500: 526.839: [Tenured: 349567K->349567K(349568K), 0.0873107 secs] 506815K->506807K(506816K), [Metaspace: 12958K->12958K(1060864K)], 0.0874329 secs] [Times: user=0.08 sys=0.00, real=0.09 secs] 
2017-11-10T19:38:03.467+0500: 526.926: [Full GC (Allocation Failure) 2017-11-10T19:38:03.467+0500: 526.926: [Tenured: 349567K->349567K(349568K), 0.0841833 secs] 506815K->506801K(506816K), [Metaspace: 12958K->12958K(1060864K)], 0.0843060 secs] [Times: user=0.09 sys=0.00, real=0.08 secs] 
2017-11-10T19:38:03.552+0500: 527.011: [Full GC (Allocation Failure) 2017-11-10T19:38:03.552+0500: 527.011: [Tenured: 349567K->349567K(349568K), 0.0815188 secs] 506815K->506799K(506816K), [Metaspace: 12958K->12958K(1060864K)], 0.0816449 secs] [Times: user=0.08 sys=0.00, real=0.08 secs] 
2017-11-10T19:38:03.634+0500: 527.093: [Full GC (Allocation Failure) 2017-11-10T19:38:03.634+0500: 527.093: [Tenured: 349567K->349567K(349568K), 0.0848589 secs] 506815K->506798K(506816K), [Metaspace: 12958K->12958K(1060864K)], 0.0849410 secs] [Times: user=0.08 sys=0.00, real=0.09 secs] 
2017-11-10T19:38:03.720+0500: 527.179: [Full GC (Allocation Failure) 2017-11-10T19:38:03.720+0500: 527.179: [Tenured: 349567K->349567K(349568K), 0.0814963 secs] 506815K->506807K(506816K), [Metaspace: 12958K->12958K(1060864K)], 0.0815755 secs] [Times: user=0.09 sys=0.00, real=0.08 secs] 
2017-11-10T19:38:03.802+0500: 527.261: [Full GC (Allocation Failure) 2017-11-10T19:38:03.802+0500: 527.261: [Tenured: 349567K->349567K(349568K), 0.0854241 secs] 506815K->506801K(506816K), [Metaspace: 12958K->12958K(1060864K)], 0.0855565 secs] [Times: user=0.08 sys=0.00, real=0.09 secs] 
2017-11-10T19:38:03.890+0500: 527.349: [Full GC (Allocation Failure) 2017-11-10T19:38:03.890+0500: 527.349: [Tenured: 349567K->349567K(349568K), 0.0899639 secs] 506815K->506799K(506816K), [Metaspace: 12958K->12958K(1060864K)], 0.0900973 secs] [Times: user=0.09 sys=0.00, real=0.09 secs] 
2017-11-10T19:38:03.980+0500: 527.440: [Full GC (Allocation Failure) 2017-11-10T19:38:03.980+0500: 527.440: [Tenured: 349567K->349567K(349568K), 0.0830691 secs] 506815K->506798K(506816K), [Metaspace: 12958K->12958K(1060864K)], 0.0831781 secs] [Times: user=0.08 sys=0.00, real=0.08 secs] 
2017-11-10T19:38:04.064+0500: 527.523: [Full GC (Allocation Failure) 2017-11-10T19:38:04.064+0500: 527.523: [Tenured: 349567K->349567K(349568K), 0.0871093 secs] 506815K->506807K(506816K), [Metaspace: 12958K->12958K(1060864K)], 0.0872153 secs] [Times: user=0.09 sys=0.00, real=0.09 secs] 
2017-11-10T19:38:04.152+0500: 527.611: [Full GC (Allocation Failure) 2017-11-10T19:38:04.152+0500: 527.611: [Tenured: 349567K->349567K(349568K), 0.0791604 secs] 506815K->506801K(506816K), [Metaspace: 12958K->12958K(1060864K)], 0.0792792 secs] [Times: user=0.08 sys=0.00, real=0.08 secs] 
2017-11-10T19:38:04.235+0500: 527.694: [Full GC (Allocation Failure) 2017-11-10T19:38:04.235+0500: 527.694: [Tenured: 349567K->349567K(349568K), 0.0797432 secs] 506815K->506799K(506816K), [Metaspace: 12958K->12958K(1060864K)], 0.0798444 secs] [Times: user=0.09 sys=0.00, real=0.08 secs] 
2017-11-10T19:38:04.315+0500: 527.774: [Full GC (Allocation Failure) 2017-11-10T19:38:04.315+0500: 527.775: [Tenured: 349567K->349567K(349568K), 0.0785889 secs] 506815K->506798K(506816K), [Metaspace: 12958K->12958K(1060864K)], 0.0786642 secs] [Times: user=0.08 sys=0.00, real=0.08 secs] 
2017-11-10T19:38:04.394+0500: 527.854: [Full GC (Allocation Failure) 2017-11-10T19:38:04.394+0500: 527.854: [Tenured: 349567K->349567K(349568K), 0.0804139 secs] 506815K->506807K(506816K), [Metaspace: 12958K->12958K(1060864K)], 0.0805141 secs] [Times: user=0.08 sys=0.00, real=0.08 secs] 
2017-11-10T19:38:04.475+0500: 527.935: [Full GC (Allocation Failure) 2017-11-10T19:38:04.475+0500: 527.935: [Tenured: 349567K->349567K(349568K), 0.0762320 secs] 506815K->506801K(506816K), [Metaspace: 12958K->12958K(1060864K)], 0.0763097 secs] [Times: user=0.08 sys=0.00, real=0.08 secs] 
2017-11-10T19:38:04.552+0500: 528.011: [Full GC (Allocation Failure) 2017-11-10T19:38:04.552+0500: 528.011: [Tenured: 349567K->349567K(349568K), 0.0754512 secs] 506815K->506799K(506816K), [Metaspace: 12958K->12958K(1060864K)], 0.0755236 secs] [Times: user=0.08 sys=0.00, real=0.08 secs] 
2017-11-10T19:38:04.629+0500: 528.087: [Full GC (Allocation Failure) 2017-11-10T19:38:04.629+0500: 528.087: [Tenured: 349567K->349567K(349568K), 0.0789419 secs] 506815K->506798K(506816K), [Metaspace: 12958K->12958K(1060864K)], 0.0790216 secs] [Times: user=0.08 sys=0.00, real=0.08 secs] 
2017-11-10T19:38:04.708+0500: 528.167: [Full GC (Allocation Failure) 2017-11-10T19:38:04.708+0500: 528.167: [Tenured: 349567K->349567K(349568K), 0.0832500 secs] 506815K->506807K(506816K), [Metaspace: 12958K->12958K(1060864K)], 0.0833526 secs] [Times: user=0.08 sys=0.00, real=0.08 secs] 
2017-11-10T19:38:04.792+0500: 528.251: [Full GC (Allocation Failure) 2017-11-10T19:38:04.792+0500: 528.251: [Tenured: 349567K->349567K(349568K), 0.0817672 secs] 506815K->506801K(506816K), [Metaspace: 12958K->12958K(1060864K)], 0.0818674 secs] [Times: user=0.08 sys=0.00, real=0.08 secs] 
2017-11-10T19:38:04.874+0500: 528.333: [Full GC (Allocation Failure) 2017-11-10T19:38:04.874+0500: 528.333: [Tenured: 349567K->349567K(349568K), 0.0849254 secs] 506815K->506799K(506816K), [Metaspace: 12958K->12958K(1060864K)], 0.0849987 secs] [Times: user=0.09 sys=0.00, real=0.09 secs] 
2017-11-10T19:38:04.960+0500: 528.419: [Full GC (Allocation Failure) 2017-11-10T19:38:04.960+0500: 528.419: [Tenured: 349567K->349567K(349568K), 0.0866546 secs] 506815K->506798K(506816K), [Metaspace: 12958K->12958K(1060864K)], 0.0867436 secs] [Times: user=0.06 sys=0.00, real=0.09 secs] 
2017-11-10T19:38:05.047+0500: 528.506: [Full GC (Allocation Failure) 2017-11-10T19:38:05.047+0500: 528.506: [Tenured: 349567K->349567K(349568K), 0.0842581 secs] 506815K->506807K(506816K), [Metaspace: 12958K->12958K(1060864K)], 0.0843607 secs] [Times: user=0.09 sys=0.00, real=0.09 secs] 
2017-11-10T19:38:05.132+0500: 528.591: [Full GC (Allocation Failure) 2017-11-10T19:38:05.132+0500: 528.591: [Tenured: 349567K->349567K(349568K), 0.0901756 secs] 506815K->506801K(506816K), [Metaspace: 12958K->12958K(1060864K)], 0.0902851 secs] [Times: user=0.08 sys=0.00, real=0.09 secs] 
2017-11-10T19:38:05.223+0500: 528.682: [Full GC (Allocation Failure) 2017-11-10T19:38:05.223+0500: 528.682: [Tenured: 349567K->349567K(349568K), 0.0895038 secs] 506815K->506799K(506816K), [Metaspace: 12958K->12958K(1060864K)], 0.0896407 secs] [Times: user=0.08 sys=0.00, real=0.09 secs] 
2017-11-10T19:38:05.313+0500: 528.772: [Full GC (Allocation Failure) 2017-11-10T19:38:05.313+0500: 528.772: [Tenured: 349567K->349567K(349568K), 0.0917263 secs] 506815K->506798K(506816K), [Metaspace: 12958K->12958K(1060864K)], 0.0918383 secs] [Times: user=0.08 sys=0.00, real=0.09 secs] 
2017-11-10T19:38:05.406+0500: 528.865: [Full GC (Allocation Failure) 2017-11-10T19:38:05.406+0500: 528.865: [Tenured: 349567K->349567K(349568K), 0.0900030 secs] 506815K->506807K(506816K), [Metaspace: 12958K->12958K(1060864K)], 0.0900851 secs] [Times: user=0.09 sys=0.00, real=0.09 secs] 
2017-11-10T19:38:05.496+0500: 528.955: [Full GC (Allocation Failure) 2017-11-10T19:38:05.496+0500: 528.955: [Tenured: 349567K->349567K(349568K), 0.0888218 secs] 506815K->506801K(506816K), [Metaspace: 12958K->12958K(1060864K)], 0.0889167 secs] [Times: user=0.08 sys=0.00, real=0.09 secs] 
2017-11-10T19:38:05.588+0500: 529.047: [Full GC (Allocation Failure) 2017-11-10T19:38:05.588+0500: 529.047: [Tenured: 349567K->349567K(349568K), 0.0885588 secs] 506815K->506799K(506816K), [Metaspace: 12958K->12958K(1060864K)], 0.0886625 secs] [Times: user=0.09 sys=0.00, real=0.09 secs] 
2017-11-10T19:38:05.682+0500: 529.141: [Full GC (Allocation Failure) 2017-11-10T19:38:05.682+0500: 529.141: [Tenured: 349567K->349567K(349568K), 0.0954746 secs] 506815K->506798K(506816K), [Metaspace: 12958K->12958K(1060864K)], 0.0955890 secs] [Times: user=0.08 sys=0.00, real=0.10 secs] 
2017-11-10T19:38:05.778+0500: 529.237: [Full GC (Allocation Failure) 2017-11-10T19:38:05.778+0500: 529.237: [Tenured: 349567K->349567K(349568K), 0.0921810 secs] 506815K->506807K(506816K), [Metaspace: 12958K->12958K(1060864K)], 0.0922856 secs] [Times: user=0.08 sys=0.00, real=0.09 secs] 
2017-11-10T19:38:05.871+0500: 529.330: [Full GC (Allocation Failure) 2017-11-10T19:38:05.871+0500: 529.330: [Tenured: 349567K->349567K(349568K), 0.0915493 secs] 506815K->506801K(506816K), [Metaspace: 12958K->12958K(1060864K)], 0.0916339 secs] [Times: user=0.09 sys=0.00, real=0.09 secs] 
2017-11-10T19:38:05.966+0500: 529.425: [Full GC (Allocation Failure) 2017-11-10T19:38:05.966+0500: 529.425: [Tenured: 349567K->349567K(349568K), 0.0930732 secs] 506815K->506799K(506816K), [Metaspace: 12958K->12958K(1060864K)], 0.0931901 secs] [Times: user=0.09 sys=0.00, real=0.09 secs] 
2017-11-10T19:38:06.060+0500: 529.519: [Full GC (Allocation Failure) 2017-11-10T19:38:06.060+0500: 529.519: [Tenured: 349567K->349567K(349568K), 0.0854417 secs] 506815K->506798K(506816K), [Metaspace: 12958K->12958K(1060864K)], 0.0855360 secs] [Times: user=0.09 sys=0.00, real=0.09 secs] 
2017-11-10T19:38:06.146+0500: 529.605: [Full GC (Allocation Failure) 2017-11-10T19:38:06.146+0500: 529.605: [Tenured: 349567K->349567K(349568K), 0.0885349 secs] 506815K->506807K(506816K), [Metaspace: 12958K->12958K(1060864K)], 0.0886468 secs] [Times: user=0.08 sys=0.00, real=0.09 secs] 
2017-11-10T19:38:06.235+0500: 529.694: [Full GC (Allocation Failure) 2017-11-10T19:38:06.235+0500: 529.694: [Tenured: 349567K->349567K(349568K), 0.0900084 secs] 506815K->506801K(506816K), [Metaspace: 12958K->12958K(1060864K)], 0.0901022 secs] [Times: user=0.09 sys=0.00, real=0.09 secs] 
2017-11-10T19:38:06.326+0500: 529.785: [Full GC (Allocation Failure) 2017-11-10T19:38:06.326+0500: 529.785: [Tenured: 349567K->349567K(349568K), 0.0897747 secs] 506815K->506799K(506816K), [Metaspace: 12958K->12958K(1060864K)], 0.0898602 secs] [Times: user=0.09 sys=0.00, real=0.09 secs] 
2017-11-10T19:38:06.417+0500: 529.876: [Full GC (Allocation Failure) 2017-11-10T19:38:06.417+0500: 529.876: [Tenured: 349567K->349567K(349568K), 0.0988118 secs] 506815K->506798K(506816K), [Metaspace: 12958K->12958K(1060864K)], 0.0989184 secs] [Times: user=0.08 sys=0.00, real=0.10 secs] 
2017-11-10T19:38:06.520+0500: 529.979: [Full GC (Allocation Failure) 2017-11-10T19:38:06.520+0500: 529.979: [Tenured: 349567K->349567K(349568K), 0.0963106 secs] 506815K->506807K(506816K), [Metaspace: 12958K->12958K(1060864K)], 0.0965996 secs] [Times: user=0.09 sys=0.00, real=0.10 secs] 
2017-11-10T19:38:06.617+0500: 530.076: [Full GC (Allocation Failure) 2017-11-10T19:38:06.617+0500: 530.076: [Tenured: 349567K->349567K(349568K), 0.0956834 secs] 506815K->506801K(506816K), [Metaspace: 12958K->12958K(1060864K)], 0.0957988 secs] [Times: user=0.09 sys=0.00, real=0.10 secs] 
2017-11-10T19:38:06.714+0500: 530.173: [Full GC (Allocation Failure) 2017-11-10T19:38:06.714+0500: 530.173: [Tenured: 349567K->349567K(349568K), 0.0861080 secs] 506815K->506799K(506816K), [Metaspace: 12958K->12958K(1060864K)], 0.0862087 secs] [Times: user=0.09 sys=0.00, real=0.09 secs] 
2017-11-10T19:38:06.801+0500: 530.260: [Full GC (Allocation Failure) 2017-11-10T19:38:06.801+0500: 530.260: [Tenured: 349567K->349567K(349568K), 0.0859213 secs] 506815K->506798K(506816K), [Metaspace: 12958K->12958K(1060864K)], 0.0860000 secs] [Times: user=0.08 sys=0.00, real=0.09 secs] 
2017-11-10T19:38:06.887+0500: 530.346: [Full GC (Allocation Failure) 2017-11-10T19:38:06.887+0500: 530.347: [Tenured: 349567K->349567K(349568K), 0.0858430 secs] 506815K->506807K(506816K), [Metaspace: 12958K->12958K(1060864K)], 0.0859486 secs] [Times: user=0.09 sys=0.00, real=0.09 secs] 
2017-11-10T19:38:06.976+0500: 530.435: [Full GC (Allocation Failure) 2017-11-10T19:38:06.976+0500: 530.436: [Tenured: 349567K->349567K(349568K), 0.0903486 secs] 506815K->506801K(506816K), [Metaspace: 12958K->12958K(1060864K)], 0.0904625 secs] [Times: user=0.09 sys=0.00, real=0.09 secs] 
2017-11-10T19:38:07.067+0500: 530.527: [Full GC (Allocation Failure) 2017-11-10T19:38:07.067+0500: 530.527: [Tenured: 349567K->349567K(349568K), 0.0851341 secs] 506815K->506799K(506816K), [Metaspace: 12958K->12958K(1060864K)], 0.0852446 secs] [Times: user=0.08 sys=0.00, real=0.09 secs] 
2017-11-10T19:38:07.153+0500: 530.612: [Full GC (Allocation Failure) 2017-11-10T19:38:07.153+0500: 530.612: [Tenured: 349567K->349567K(349568K), 0.0900929 secs] 506815K->506798K(506816K), [Metaspace: 12958K->12958K(1060864K)], 0.0901746 secs] [Times: user=0.09 sys=0.00, real=0.09 secs] 
2017-11-10T19:38:07.244+0500: 530.703: [Full GC (Allocation Failure) 2017-11-10T19:38:07.244+0500: 530.703: [Tenured: 349567K->349567K(349568K), 0.0884835 secs] 506815K->506807K(506816K), [Metaspace: 12958K->12958K(1060864K)], 0.0885671 secs] [Times: user=0.09 sys=0.00, real=0.09 secs] 
2017-11-10T19:38:07.333+0500: 530.792: [Full GC (Allocation Failure) 2017-11-10T19:38:07.333+0500: 530.792: [Tenured: 349567K->349567K(349568K), 0.0888952 secs] 506815K->506801K(506816K), [Metaspace: 12958K->12958K(1060864K)], 0.0889993 secs] [Times: user=0.08 sys=0.00, real=0.09 secs] 
2017-11-10T19:38:07.423+0500: 530.882: [Full GC (Allocation Failure) 2017-11-10T19:38:07.423+0500: 530.882: [Tenured: 349567K->349567K(349568K), 0.0888570 secs] 506815K->506799K(506816K), [Metaspace: 12958K->12958K(1060864K)], 0.0889631 secs] [Times: user=0.09 sys=0.00, real=0.09 secs] 
2017-11-10T19:38:07.512+0500: 530.971: [Full GC (Allocation Failure) 2017-11-10T19:38:07.512+0500: 530.971: [Tenured: 349567K->349567K(349568K), 0.0845235 secs] 506815K->506798K(506816K), [Metaspace: 12958K->12958K(1060864K)], 0.0846047 secs] [Times: user=0.09 sys=0.00, real=0.08 secs] 
2017-11-10T19:38:07.597+0500: 531.056: [Full GC (Allocation Failure) 2017-11-10T19:38:07.597+0500: 531.056: [Tenured: 349567K->349567K(349568K), 0.0891171 secs] 506815K->506807K(506816K), [Metaspace: 12958K->12958K(1060864K)], 0.0892276 secs] [Times: user=0.08 sys=0.00, real=0.09 secs] 
2017-11-10T19:38:07.687+0500: 531.146: [Full GC (Allocation Failure) 2017-11-10T19:38:07.687+0500: 531.146: [Tenured: 349567K->349567K(349568K), 0.0876695 secs] 506815K->506801K(506816K), [Metaspace: 12958K->12958K(1060864K)], 0.0877473 secs] [Times: user=0.09 sys=0.00, real=0.09 secs] 
2017-11-10T19:38:07.775+0500: 531.234: [Full GC (Allocation Failure) 2017-11-10T19:38:07.775+0500: 531.234: [Tenured: 349567K->349567K(349568K), 0.0808798 secs] 506815K->506799K(506816K), [Metaspace: 12958K->12958K(1060864K)], 0.0809693 secs] [Times: user=0.08 sys=0.00, real=0.08 secs] 
2017-11-10T19:38:07.857+0500: 531.316: [Full GC (Allocation Failure) 2017-11-10T19:38:07.857+0500: 531.316: [Tenured: 349567K->349567K(349568K), 0.0823934 secs] 506815K->506798K(506816K), [Metaspace: 12958K->12958K(1060864K)], 0.0825010 secs] [Times: user=0.08 sys=0.00, real=0.08 secs] 
2017-11-10T19:38:07.940+0500: 531.399: [Full GC (Allocation Failure) 2017-11-10T19:38:07.940+0500: 531.399: [Tenured: 349567K->349567K(349568K), 0.0851376 secs] 506815K->506807K(506816K), [Metaspace: 12958K->12958K(1060864K)], 0.0852217 secs] [Times: user=0.08 sys=0.00, real=0.09 secs] 
2017-11-10T19:38:08.025+0500: 531.485: [Full GC (Allocation Failure) 2017-11-10T19:38:08.026+0500: 531.485: [Tenured: 349567K->349567K(349568K), 0.0854901 secs] 506815K->506801K(506816K), [Metaspace: 12958K->12958K(1060864K)], 0.0856142 secs] [Times: user=0.08 sys=0.00, real=0.09 secs] 
2017-11-10T19:38:08.112+0500: 531.571: [Full GC (Allocation Failure) 2017-11-10T19:38:08.112+0500: 531.571: [Tenured: 349567K->349567K(349568K), 0.0854729 secs] 506815K->506799K(506816K), [Metaspace: 12958K->12958K(1060864K)], 0.0855673 secs] [Times: user=0.08 sys=0.02, real=0.09 secs] 
2017-11-10T19:38:08.198+0500: 531.657: [Full GC (Allocation Failure) 2017-11-10T19:38:08.198+0500: 531.657: [Tenured: 349567K->349567K(349568K), 0.0858685 secs] 506815K->506798K(506816K), [Metaspace: 12958K->12958K(1060864K)], 0.0859770 secs] [Times: user=0.09 sys=0.00, real=0.09 secs] 
2017-11-10T19:38:08.285+0500: 531.744: [Full GC (Allocation Failure) 2017-11-10T19:38:08.285+0500: 531.744: [Tenured: 349567K->349567K(349568K), 0.0786163 secs] 506815K->506807K(506816K), [Metaspace: 12958K->12958K(1060864K)], 0.0787331 secs] [Times: user=0.08 sys=0.00, real=0.08 secs] 
2017-11-10T19:38:08.364+0500: 531.823: [Full GC (Allocation Failure) 2017-11-10T19:38:08.364+0500: 531.823: [Tenured: 349567K->349567K(349568K), 0.0794078 secs] 506815K->506801K(506816K), [Metaspace: 12958K->12958K(1060864K)], 0.0795080 secs] [Times: user=0.08 sys=0.00, real=0.08 secs] 
2017-11-10T19:38:08.444+0500: 531.903: [Full GC (Allocation Failure) 2017-11-10T19:38:08.444+0500: 531.903: [Tenured: 349567K->349567K(349568K), 0.0809033 secs] 506815K->506799K(506816K), [Metaspace: 12958K->12958K(1060864K)], 0.0809845 secs] [Times: user=0.08 sys=0.00, real=0.08 secs] 
2017-11-10T19:38:08.526+0500: 531.985: [Full GC (Allocation Failure) 2017-11-10T19:38:08.526+0500: 531.985: [Tenured: 349567K->349567K(349568K), 0.0803919 secs] 506815K->506798K(506816K), [Metaspace: 12958K->12958K(1060864K)], 0.0805748 secs] [Times: user=0.08 sys=0.00, real=0.08 secs] 
2017-11-10T19:38:08.607+0500: 532.066: [Full GC (Allocation Failure) 2017-11-10T19:38:08.607+0500: 532.066: [Tenured: 349567K->349567K(349568K), 0.0836826 secs] 506815K->506807K(506816K), [Metaspace: 12958K->12958K(1060864K)], 0.0837633 secs] [Times: user=0.09 sys=0.00, real=0.08 secs] 
2017-11-10T19:38:08.691+0500: 532.150: [Full GC (Allocation Failure) 2017-11-10T19:38:08.691+0500: 532.150: [Tenured: 349567K->349567K(349568K), 0.0801626 secs] 506815K->506801K(506816K), [Metaspace: 12958K->12958K(1060864K)], 0.0802697 secs] [Times: user=0.08 sys=0.00, real=0.08 secs] 
2017-11-10T19:38:08.772+0500: 532.231: [Full GC (Allocation Failure) 2017-11-10T19:38:08.772+0500: 532.231: [Tenured: 349567K->349567K(349568K), 0.0819192 secs] 506815K->506799K(506816K), [Metaspace: 12958K->12958K(1060864K)], 0.0820224 secs] [Times: user=0.08 sys=0.00, real=0.08 secs] 
2017-11-10T19:38:08.855+0500: 532.314: [Full GC (Allocation Failure) 2017-11-10T19:38:08.855+0500: 532.314: [Tenured: 349567K->349567K(349568K), 0.0819481 secs] 506815K->506798K(506816K), [Metaspace: 12958K->12958K(1060864K)], 0.0821382 secs] [Times: user=0.08 sys=0.00, real=0.08 secs] 
2017-11-10T19:38:08.938+0500: 532.397: [Full GC (Allocation Failure) 2017-11-10T19:38:08.938+0500: 532.397: [Tenured: 349567K->349567K(349568K), 0.0841221 secs] 506815K->506807K(506816K), [Metaspace: 12958K->12958K(1060864K)], 0.0842361 secs] [Times: user=0.09 sys=0.00, real=0.08 secs] 
2017-11-10T19:38:09.022+0500: 532.481: [Full GC (Allocation Failure) 2017-11-10T19:38:09.022+0500: 532.481: [Tenured: 349567K->349567K(349568K), 0.0859129 secs] 506815K->506801K(506816K), [Metaspace: 12958K->12958K(1060864K)], 0.0860361 secs] [Times: user=0.08 sys=0.00, real=0.09 secs] 
2017-11-10T19:38:09.109+0500: 532.568: [Full GC (Allocation Failure) 2017-11-10T19:38:09.109+0500: 532.568: [Tenured: 349567K->349567K(349568K), 0.0910233 secs] 506815K->506799K(506816K), [Metaspace: 12958K->12958K(1060864K)], 0.0911186 secs] [Times: user=0.09 sys=0.00, real=0.09 secs] 
2017-11-10T19:38:09.201+0500: 532.660: [Full GC (Allocation Failure) 2017-11-10T19:38:09.201+0500: 532.660: [Tenured: 349567K->349567K(349568K), 0.0889064 secs] 506815K->506798K(506816K), [Metaspace: 12958K->12958K(1060864K)], 0.0890096 secs] [Times: user=0.09 sys=0.00, real=0.09 secs] 
2017-11-10T19:38:09.290+0500: 532.749: [Full GC (Allocation Failure) 2017-11-10T19:38:09.290+0500: 532.749: [Tenured: 349567K->349567K(349568K), 0.0829757 secs] 506815K->506807K(506816K), [Metaspace: 12958K->12958K(1060864K)], 0.0830554 secs] [Times: user=0.08 sys=0.00, real=0.08 secs] 
2017-11-10T19:38:09.374+0500: 532.833: [Full GC (Allocation Failure) 2017-11-10T19:38:09.374+0500: 532.833: [Tenured: 349567K->349567K(349568K), 0.0892213 secs] 506815K->506801K(506816K), [Metaspace: 12958K->12958K(1060864K)], 0.0893073 secs] [Times: user=0.09 sys=0.00, real=0.09 secs] 
2017-11-10T19:38:09.464+0500: 532.923: [Full GC (Allocation Failure) 2017-11-10T19:38:09.464+0500: 532.923: [Tenured: 349567K->349567K(349568K), 0.0838229 secs] 506815K->506799K(506816K), [Metaspace: 12958K->12958K(1060864K)], 0.0839237 secs] [Times: user=0.08 sys=0.00, real=0.08 secs] 
2017-11-10T19:38:09.551+0500: 533.010: [Full GC (Allocation Failure) 2017-11-10T19:38:09.551+0500: 533.010: [Tenured: 349567K->349567K(349568K), 0.0882127 secs] 506815K->506798K(506816K), [Metaspace: 12958K->12958K(1060864K)], 0.0883222 secs] [Times: user=0.08 sys=0.00, real=0.09 secs] 
2017-11-10T19:38:09.640+0500: 533.099: [Full GC (Allocation Failure) 2017-11-10T19:38:09.640+0500: 533.099: [Tenured: 349567K->349567K(349568K), 0.0842395 secs] 506815K->506807K(506816K), [Metaspace: 12958K->12958K(1060864K)], 0.0843133 secs] [Times: user=0.09 sys=0.00, real=0.08 secs] 
2017-11-10T19:38:09.724+0500: 533.183: [Full GC (Allocation Failure) 2017-11-10T19:38:09.724+0500: 533.184: [Tenured: 349567K->349567K(349568K), 0.0808725 secs] 506815K->506801K(506816K), [Metaspace: 12958K->12958K(1060864K)], 0.0809605 secs] [Times: user=0.08 sys=0.00, real=0.08 secs] 
2017-11-10T19:38:09.806+0500: 533.265: [Full GC (Allocation Failure) 2017-11-10T19:38:09.806+0500: 533.265: [Tenured: 349567K->349567K(349568K), 0.0876436 secs] 506815K->506799K(506816K), [Metaspace: 12958K->12958K(1060864K)], 0.0877409 secs] [Times: user=0.09 sys=0.00, real=0.09 secs] 
2017-11-10T19:38:09.894+0500: 533.353: [Full GC (Allocation Failure) 2017-11-10T19:38:09.894+0500: 533.353: [Tenured: 349567K->349567K(349568K), 0.0903648 secs] 506815K->506798K(506816K), [Metaspace: 12958K->12958K(1060864K)], 0.0904577 secs] [Times: user=0.08 sys=0.00, real=0.09 secs] 
2017-11-10T19:38:09.985+0500: 533.444: [Full GC (Allocation Failure) 2017-11-10T19:38:09.985+0500: 533.444: [Tenured: 349567K->349567K(349568K), 0.0887241 secs] 506815K->506807K(506816K), [Metaspace: 12958K->12958K(1060864K)], 0.0888673 secs] [Times: user=0.09 sys=0.00, real=0.09 secs] 
2017-11-10T19:38:10.075+0500: 533.534: [Full GC (Allocation Failure) 2017-11-10T19:38:10.075+0500: 533.534: [Tenured: 349567K->349567K(349568K), 0.0891000 secs] 506815K->506801K(506816K), [Metaspace: 12958K->12958K(1060864K)], 0.0891885 secs] [Times: user=0.09 sys=0.00, real=0.09 secs] 
2017-11-10T19:38:10.164+0500: 533.624: [Full GC (Allocation Failure) 2017-11-10T19:38:10.164+0500: 533.624: [Tenured: 349567K->349567K(349568K), 0.0838689 secs] 506815K->506799K(506816K), [Metaspace: 12958K->12958K(1060864K)], 0.0839779 secs] [Times: user=0.08 sys=0.00, real=0.08 secs] 
2017-11-10T19:38:10.249+0500: 533.708: [Full GC (Allocation Failure) 2017-11-10T19:38:10.249+0500: 533.708: [Tenured: 349567K->349567K(349568K), 0.0899981 secs] 506815K->506798K(506816K), [Metaspace: 12958K->12958K(1060864K)], 0.0901233 secs] [Times: user=0.09 sys=0.00, real=0.09 secs] 
2017-11-10T19:38:10.340+0500: 533.799: [Full GC (Allocation Failure) 2017-11-10T19:38:10.340+0500: 533.799: [Tenured: 349567K->349567K(349568K), 0.0964167 secs] 506815K->506807K(506816K), [Metaspace: 12958K->12958K(1060864K)], 0.0965257 secs] [Times: user=0.09 sys=0.00, real=0.10 secs] 
2017-11-10T19:38:10.437+0500: 533.896: [Full GC (Allocation Failure) 2017-11-10T19:38:10.437+0500: 533.896: [Tenured: 349567K->349567K(349568K), 0.0872936 secs] 506815K->506801K(506816K), [Metaspace: 12958K->12958K(1060864K)], 0.0874036 secs] [Times: user=0.09 sys=0.00, real=0.09 secs] 
2017-11-10T19:38:10.525+0500: 533.984: [Full GC (Allocation Failure) 2017-11-10T19:38:10.525+0500: 533.984: [Tenured: 349567K->349567K(349568K), 0.0873938 secs] 506815K->506799K(506816K), [Metaspace: 12958K->12958K(1060864K)], 0.0875737 secs] [Times: user=0.09 sys=0.00, real=0.09 secs] 
2017-11-10T19:38:10.613+0500: 534.072: [Full GC (Allocation Failure) 2017-11-10T19:38:10.613+0500: 534.072: [Tenured: 349567K->349567K(349568K), 0.0891890 secs] 506815K->506798K(506816K), [Metaspace: 12958K->12958K(1060864K)], 0.0892711 secs] [Times: user=0.08 sys=0.00, real=0.09 secs] 
2017-11-10T19:38:10.703+0500: 534.162: [Full GC (Allocation Failure) 2017-11-10T19:38:10.703+0500: 534.162: [Tenured: 349567K->349567K(349568K), 0.0861315 secs] 506815K->506807K(506816K), [Metaspace: 12958K->12958K(1060864K)], 0.0862156 secs] [Times: user=0.09 sys=0.00, real=0.09 secs] 
2017-11-10T19:38:10.790+0500: 534.249: [Full GC (Allocation Failure) 2017-11-10T19:38:10.790+0500: 534.249: [Tenured: 349567K->349567K(349568K), 0.0905828 secs] 506815K->506801K(506816K), [Metaspace: 12958K->12958K(1060864K)], 0.0907241 secs] [Times: user=0.09 sys=0.00, real=0.09 secs] 
2017-11-10T19:38:10.882+0500: 534.341: [Full GC (Allocation Failure) 2017-11-10T19:38:10.883+0500: 534.341: [Tenured: 349567K->349567K(349568K), 0.0897414 secs] 506815K->506799K(506816K), [Metaspace: 12958K->12958K(1060864K)], 0.0898725 secs] [Times: user=0.09 sys=0.00, real=0.09 secs] 
2017-11-10T19:38:10.973+0500: 534.432: [Full GC (Allocation Failure) 2017-11-10T19:38:10.973+0500: 534.432: [Tenured: 349567K->349567K(349568K), 0.0881599 secs] 506815K->506798K(506816K), [Metaspace: 12958K->12958K(1060864K)], 0.0882909 secs] [Times: user=0.06 sys=0.00, real=0.09 secs] 
2017-11-10T19:38:11.062+0500: 534.521: [Full GC (Allocation Failure) 2017-11-10T19:38:11.062+0500: 534.521: [Tenured: 349567K->349567K(349568K), 0.0905354 secs] 506815K->506807K(506816K), [Metaspace: 12958K->12958K(1060864K)], 0.0906234 secs] [Times: user=0.09 sys=0.00, real=0.09 secs] 
2017-11-10T19:38:11.153+0500: 534.612: [Full GC (Allocation Failure) 2017-11-10T19:38:11.153+0500: 534.612: [Tenured: 349567K->349567K(349568K), 0.0892961 secs] 506815K->506801K(506816K), [Metaspace: 12958K->12958K(1060864K)], 0.0894251 secs] [Times: user=0.09 sys=0.00, real=0.09 secs] 
2017-11-10T19:38:11.243+0500: 534.702: [Full GC (Allocation Failure) 2017-11-10T19:38:11.243+0500: 534.702: [Tenured: 349567K->349567K(349568K), 0.0925711 secs] 506815K->506799K(506816K), [Metaspace: 12958K->12958K(1060864K)], 0.0926782 secs] [Times: user=0.09 sys=0.00, real=0.09 secs] 
2017-11-10T19:38:11.337+0500: 534.795: [Full GC (Allocation Failure) 2017-11-10T19:38:11.337+0500: 534.795: [Tenured: 349567K->349567K(349568K), 0.0889793 secs] 506815K->506798K(506816K), [Metaspace: 12958K->12958K(1060864K)], 0.0891015 secs] [Times: user=0.09 sys=0.00, real=0.09 secs] 
2017-11-10T19:38:11.426+0500: 534.885: [Full GC (Allocation Failure) 2017-11-10T19:38:11.426+0500: 534.885: [Tenured: 349567K->349567K(349568K), 0.0852070 secs] 506815K->506807K(506816K), [Metaspace: 12958K->12958K(1060864K)], 0.0853361 secs] [Times: user=0.08 sys=0.00, real=0.09 secs] 
2017-11-10T19:38:11.512+0500: 534.971: [Full GC (Allocation Failure) 2017-11-10T19:38:11.512+0500: 534.971: [Tenured: 349567K->349567K(349568K), 0.0920153 secs] 506815K->506801K(506816K), [Metaspace: 12958K->12958K(1060864K)], 0.0921311 secs] [Times: user=0.09 sys=0.00, real=0.09 secs] 
2017-11-10T19:38:11.605+0500: 535.064: [Full GC (Allocation Failure) 2017-11-10T19:38:11.605+0500: 535.064: [Tenured: 349567K->349567K(349568K), 0.0887402 secs] 506815K->506799K(506816K), [Metaspace: 12958K->12958K(1060864K)], 0.0888248 secs] [Times: user=0.08 sys=0.00, real=0.09 secs] 
2017-11-10T19:38:11.694+0500: 535.153: [Full GC (Allocation Failure) 2017-11-10T19:38:11.694+0500: 535.153: [Tenured: 349567K->349567K(349568K), 0.0884097 secs] 506815K->506798K(506816K), [Metaspace: 12958K->12958K(1060864K)], 0.0885006 secs] [Times: user=0.08 sys=0.00, real=0.09 secs] 
2017-11-10T19:38:11.783+0500: 535.242: [Full GC (Allocation Failure) 2017-11-10T19:38:11.783+0500: 535.242: [Tenured: 349567K->349567K(349568K), 0.0878216 secs] 506815K->506807K(506816K), [Metaspace: 12958K->12958K(1060864K)], 0.0879951 secs] [Times: user=0.09 sys=0.00, real=0.09 secs] 
2017-11-10T19:38:11.874+0500: 535.333: [Full GC (Allocation Failure) 2017-11-10T19:38:11.874+0500: 535.333: [Tenured: 349567K->349567K(349568K), 0.0890189 secs] 506815K->506801K(506816K), [Metaspace: 12958K->12958K(1060864K)], 0.0891342 secs] [Times: user=0.09 sys=0.00, real=0.09 secs] 
2017-11-10T19:38:11.963+0500: 535.422: [Full GC (Allocation Failure) 2017-11-10T19:38:11.963+0500: 535.422: [Tenured: 349567K->349567K(349568K), 0.0863696 secs] 506815K->506799K(506816K), [Metaspace: 12958K->12958K(1060864K)], 0.0864854 secs] [Times: user=0.09 sys=0.00, real=0.09 secs] 
2017-11-10T19:38:12.050+0500: 535.509: [Full GC (Allocation Failure) 2017-11-10T19:38:12.050+0500: 535.509: [Tenured: 349567K->349567K(349568K), 0.0878538 secs] 506815K->506798K(506816K), [Metaspace: 12958K->12958K(1060864K)], 0.0879355 secs] [Times: user=0.08 sys=0.00, real=0.09 secs] 
2017-11-10T19:38:12.139+0500: 535.598: [Full GC (Allocation Failure) 2017-11-10T19:38:12.139+0500: 535.598: [Tenured: 349567K->349567K(349568K), 0.0829258 secs] 506815K->506807K(506816K), [Metaspace: 12958K->12958K(1060864K)], 0.0830045 secs] [Times: user=0.09 sys=0.00, real=0.08 secs] 
2017-11-10T19:38:12.222+0500: 535.681: [Full GC (Allocation Failure) 2017-11-10T19:38:12.222+0500: 535.681: [Tenured: 349567K->349567K(349568K), 0.0888561 secs] 506815K->506801K(506816K), [Metaspace: 12958K->12958K(1060864K)], 0.0889670 secs] [Times: user=0.08 sys=0.00, real=0.09 secs] 
2017-11-10T19:38:12.312+0500: 535.771: [Full GC (Allocation Failure) 2017-11-10T19:38:12.312+0500: 535.771: [Tenured: 349567K->349567K(349568K), 0.0880870 secs] 506815K->506799K(506816K), [Metaspace: 12958K->12958K(1060864K)], 0.0882009 secs] [Times: user=0.09 sys=0.00, real=0.09 secs] 
2017-11-10T19:38:12.401+0500: 535.860: [Full GC (Allocation Failure) 2017-11-10T19:38:12.401+0500: 535.860: [Tenured: 349567K->349567K(349568K), 0.0902323 secs] 506815K->506798K(506816K), [Metaspace: 12958K->12958K(1060864K)], 0.0903618 secs] [Times: user=0.09 sys=0.00, real=0.09 secs] 
2017-11-10T19:38:12.492+0500: 535.951: [Full GC (Allocation Failure) 2017-11-10T19:38:12.492+0500: 535.951: [Tenured: 349567K->349567K(349568K), 0.0902293 secs] 506815K->506807K(506816K), [Metaspace: 12958K->12958K(1060864K)], 0.0903511 secs] [Times: user=0.09 sys=0.00, real=0.09 secs] 
2017-11-10T19:38:12.585+0500: 536.044: [Full GC (Allocation Failure) 2017-11-10T19:38:12.585+0500: 536.044: [Tenured: 349567K->349567K(349568K), 0.0918740 secs] 506815K->506801K(506816K), [Metaspace: 12958K->12958K(1060864K)], 0.0919933 secs] [Times: user=0.09 sys=0.00, real=0.09 secs] 
2017-11-10T19:38:12.677+0500: 536.136: [Full GC (Allocation Failure) 2017-11-10T19:38:12.677+0500: 536.136: [Tenured: 349567K->349567K(349568K), 0.0923506 secs] 506815K->506799K(506816K), [Metaspace: 12958K->12958K(1060864K)], 0.0924548 secs] [Times: user=0.09 sys=0.00, real=0.09 secs] 
2017-11-10T19:38:12.770+0500: 536.229: [Full GC (Allocation Failure) 2017-11-10T19:38:12.770+0500: 536.229: [Tenured: 349567K->349567K(349568K), 0.0952062 secs] 506815K->506798K(506816K), [Metaspace: 12958K->12958K(1060864K)], 0.0953289 secs] [Times: user=0.09 sys=0.00, real=0.10 secs] 
2017-11-10T19:38:12.866+0500: 536.326: [Full GC (Allocation Failure) 2017-11-10T19:38:12.866+0500: 536.326: [Tenured: 349567K->349567K(349568K), 0.0932101 secs] 506815K->506807K(506816K), [Metaspace: 12958K->12958K(1060864K)], 0.0933260 secs] [Times: user=0.09 sys=0.00, real=0.09 secs] 
2017-11-10T19:38:12.960+0500: 536.419: [Full GC (Allocation Failure) 2017-11-10T19:38:12.960+0500: 536.419: [Tenured: 349567K->349567K(349568K), 0.0897507 secs] 506815K->506801K(506816K), [Metaspace: 12958K->12958K(1060864K)], 0.0898412 secs] [Times: user=0.09 sys=0.00, real=0.09 secs] 
2017-11-10T19:38:13.051+0500: 536.510: [Full GC (Allocation Failure) 2017-11-10T19:38:13.051+0500: 536.510: [Tenured: 349567K->349567K(349568K), 0.0854407 secs] 506815K->506799K(506816K), [Metaspace: 12958K->12958K(1060864K)], 0.0855502 secs] [Times: user=0.08 sys=0.00, real=0.08 secs] 
2017-11-10T19:38:13.137+0500: 536.596: [Full GC (Allocation Failure) 2017-11-10T19:38:13.137+0500: 536.596: [Tenured: 349567K->349567K(349568K), 0.0899365 secs] 506815K->506798K(506816K), [Metaspace: 12958K->12958K(1060864K)], 0.0900181 secs] [Times: user=0.09 sys=0.00, real=0.09 secs] 
2017-11-10T19:38:13.228+0500: 536.687: [Full GC (Allocation Failure) 2017-11-10T19:38:13.228+0500: 536.687: [Tenured: 349567K->349567K(349568K), 0.0881110 secs] 506815K->506807K(506816K), [Metaspace: 12958K->12958K(1060864K)], 0.0882269 secs] [Times: user=0.09 sys=0.00, real=0.09 secs] 
2017-11-10T19:38:13.317+0500: 536.776: [Full GC (Allocation Failure) 2017-11-10T19:38:13.317+0500: 536.776: [Tenured: 349567K->349567K(349568K), 0.0849327 secs] 506815K->506801K(506816K), [Metaspace: 12958K->12958K(1060864K)], 0.0850505 secs] [Times: user=0.08 sys=0.00, real=0.09 secs] 
2017-11-10T19:38:13.402+0500: 536.861: [Full GC (Allocation Failure) 2017-11-10T19:38:13.402+0500: 536.861: [Tenured: 349567K->349567K(349568K), 0.0952488 secs] 506815K->506799K(506816K), [Metaspace: 12958K->12958K(1060864K)], 0.0953421 secs] [Times: user=0.09 sys=0.00, real=0.10 secs] 
2017-11-10T19:38:13.499+0500: 536.958: [Full GC (Allocation Failure) 2017-11-10T19:38:13.499+0500: 536.958: [Tenured: 349567K->349567K(349568K), 0.0859125 secs] 506815K->506798K(506816K), [Metaspace: 12958K->12958K(1060864K)], 0.0860303 secs] [Times: user=0.09 sys=0.00, real=0.09 secs] 
2017-11-10T19:38:13.586+0500: 537.045: [Full GC (Allocation Failure) 2017-11-10T19:38:13.586+0500: 537.045: [Tenured: 349567K->349567K(349568K), 0.1004305 secs] 506815K->506807K(506816K), [Metaspace: 12958K->12958K(1060864K)], 0.1005429 secs] [Times: user=0.09 sys=0.00, real=0.10 secs] 
2017-11-10T19:38:13.687+0500: 537.146: [Full GC (Allocation Failure) 2017-11-10T19:38:13.687+0500: 537.146: [Tenured: 349567K->349567K(349568K), 0.0956472 secs] 506815K->506801K(506816K), [Metaspace: 12958K->12958K(1060864K)], 0.0957425 secs] [Times: user=0.09 sys=0.00, real=0.10 secs] 
2017-11-10T19:38:13.783+0500: 537.242: [Full GC (Allocation Failure) 2017-11-10T19:38:13.783+0500: 537.243: [Tenured: 349567K->349567K(349568K), 0.0859736 secs] 506815K->506799K(506816K), [Metaspace: 12958K->12958K(1060864K)], 0.0860982 secs] [Times: user=0.09 sys=0.00, real=0.09 secs] 
2017-11-10T19:38:13.870+0500: 537.329: [Full GC (Allocation Failure) 2017-11-10T19:38:13.870+0500: 537.329: [Tenured: 349567K->349567K(349568K), 0.0856294 secs] 506815K->506798K(506816K), [Metaspace: 12958K->12958K(1060864K)], 0.0857330 secs] [Times: user=0.09 sys=0.00, real=0.09 secs] 
2017-11-10T19:38:13.956+0500: 537.415: [Full GC (Allocation Failure) 2017-11-10T19:38:13.956+0500: 537.415: [Tenured: 349567K->349567K(349568K), 0.0850628 secs] 506815K->506807K(506816K), [Metaspace: 12958K->12958K(1060864K)], 0.0851605 secs] [Times: user=0.08 sys=0.00, real=0.08 secs] 
2017-11-10T19:38:14.042+0500: 537.501: [Full GC (Allocation Failure) 2017-11-10T19:38:14.042+0500: 537.501: [Tenured: 349567K->349567K(349568K), 0.0885114 secs] 506815K->506801K(506816K), [Metaspace: 12958K->12958K(1060864K)], 0.0885999 secs] [Times: user=0.09 sys=0.00, real=0.09 secs] 
2017-11-10T19:38:14.131+0500: 537.590: [Full GC (Allocation Failure) 2017-11-10T19:38:14.131+0500: 537.590: [Tenured: 349567K->349567K(349568K), 0.0933597 secs] 506815K->506799K(506816K), [Metaspace: 12958K->12958K(1060864K)], 0.0934790 secs] [Times: user=0.09 sys=0.00, real=0.09 secs] 
2017-11-10T19:38:14.225+0500: 537.685: [Full GC (Allocation Failure) 2017-11-10T19:38:14.225+0500: 537.685: [Tenured: 349567K->349567K(349568K), 0.0932971 secs] 506815K->506798K(506816K), [Metaspace: 12958K->12958K(1060864K)], 0.0934247 secs] [Times: user=0.09 sys=0.00, real=0.09 secs] 
2017-11-10T19:38:14.320+0500: 537.779: [Full GC (Allocation Failure) 2017-11-10T19:38:14.320+0500: 537.779: [Tenured: 349567K->349567K(349568K), 0.0890242 secs] 506815K->506807K(506816K), [Metaspace: 12958K->12958K(1060864K)], 0.0891523 secs] [Times: user=0.09 sys=0.00, real=0.09 secs] 
2017-11-10T19:38:14.409+0500: 537.869: [Full GC (Allocation Failure) 2017-11-10T19:38:14.410+0500: 537.869: [Tenured: 349567K->349567K(349568K), 0.0856925 secs] 506815K->506801K(506816K), [Metaspace: 12958K->12958K(1060864K)], 0.0858069 secs] [Times: user=0.08 sys=0.00, real=0.09 secs] 
2017-11-10T19:38:14.496+0500: 537.955: [Full GC (Allocation Failure) 2017-11-10T19:38:14.496+0500: 537.955: [Tenured: 349567K->349567K(349568K), 0.0865671 secs] 506815K->506799K(506816K), [Metaspace: 12958K->12958K(1060864K)], 0.0866565 secs] [Times: user=0.09 sys=0.00, real=0.09 secs] 
2017-11-10T19:38:14.583+0500: 538.043: [Full GC (Allocation Failure) 2017-11-10T19:38:14.584+0500: 538.043: [Tenured: 349567K->349567K(349568K), 0.0875820 secs] 506815K->506798K(506816K), [Metaspace: 12958K->12958K(1060864K)], 0.0876993 secs] [Times: user=0.08 sys=0.00, real=0.09 secs] 
2017-11-10T19:38:14.672+0500: 538.131: [Full GC (Allocation Failure) 2017-11-10T19:38:14.672+0500: 538.131: [Tenured: 349567K->349567K(349568K), 0.0884879 secs] 506815K->506807K(506816K), [Metaspace: 12958K->12958K(1060864K)], 0.0885842 secs] [Times: user=0.09 sys=0.00, real=0.09 secs] 
2017-11-10T19:38:14.761+0500: 538.220: [Full GC (Allocation Failure) 2017-11-10T19:38:14.762+0500: 538.220: [Tenured: 349567K->349567K(349568K), 0.0872916 secs] 506815K->506801K(506816K), [Metaspace: 12958K->12958K(1060864K)], 0.0874608 secs] [Times: user=0.09 sys=0.00, real=0.09 secs] 
2017-11-10T19:38:14.850+0500: 538.309: [Full GC (Allocation Failure) 2017-11-10T19:38:14.850+0500: 538.309: [Tenured: 349567K->349567K(349568K), 0.0832333 secs] 506815K->506799K(506816K), [Metaspace: 12958K->12958K(1060864K)], 0.0833805 secs] [Times: user=0.08 sys=0.00, real=0.08 secs] 
2017-11-10T19:38:14.934+0500: 538.393: [Full GC (Allocation Failure) 2017-11-10T19:38:14.934+0500: 538.393: [Tenured: 349567K->349567K(349568K), 0.0827982 secs] 506815K->506798K(506816K), [Metaspace: 12958K->12958K(1060864K)], 0.0828853 secs] [Times: user=0.08 sys=0.00, real=0.08 secs] 
2017-11-10T19:38:15.017+0500: 538.476: [Full GC (Allocation Failure) 2017-11-10T19:38:15.017+0500: 538.476: [Tenured: 349567K->349567K(349568K), 0.0793051 secs] 506815K->506807K(506816K), [Metaspace: 12958K->12958K(1060864K)], 0.0794205 secs] [Times: user=0.09 sys=0.00, real=0.08 secs] 
2017-11-10T19:38:15.097+0500: 538.556: [Full GC (Allocation Failure) 2017-11-10T19:38:15.097+0500: 538.556: [Tenured: 349567K->349567K(349568K), 0.0822135 secs] 506815K->506801K(506816K), [Metaspace: 12958K->12958K(1060864K)], 0.0823040 secs] [Times: user=0.08 sys=0.00, real=0.08 secs] 
2017-11-10T19:38:15.180+0500: 538.639: [Full GC (Allocation Failure) 2017-11-10T19:38:15.180+0500: 538.639: [Tenured: 349567K->349567K(349568K), 0.0821153 secs] 506815K->506799K(506816K), [Metaspace: 12958K->12958K(1060864K)], 0.0822292 secs] [Times: user=0.08 sys=0.00, real=0.08 secs] 
2017-11-10T19:38:15.263+0500: 538.722: [Full GC (Allocation Failure) 2017-11-10T19:38:15.263+0500: 538.722: [Tenured: 349567K->349567K(349568K), 0.0885221 secs] 506815K->506798K(506816K), [Metaspace: 12958K->12958K(1060864K)], 0.0886038 secs] [Times: user=0.09 sys=0.00, real=0.09 secs] 
2017-11-10T19:38:15.354+0500: 538.813: [Full GC (Allocation Failure) 2017-11-10T19:38:15.354+0500: 538.813: [Tenured: 349567K->349567K(349568K), 0.0906092 secs] 506815K->506807K(506816K), [Metaspace: 12958K->12958K(1060864K)], 0.0907158 secs] [Times: user=0.08 sys=0.00, real=0.09 secs] 
2017-11-10T19:38:15.446+0500: 538.905: [Full GC (Allocation Failure) 2017-11-10T19:38:15.446+0500: 538.905: [Tenured: 349567K->349567K(349568K), 0.0869166 secs] 506815K->506801K(506816K), [Metaspace: 12958K->12958K(1060864K)], 0.0870051 secs] [Times: user=0.08 sys=0.00, real=0.09 secs] 
2017-11-10T19:38:15.553+0500: 539.012: [Full GC (Allocation Failure) 2017-11-10T19:38:15.553+0500: 539.012: [Tenured: 349567K->349567K(349568K), 0.0756629 secs] 506815K->506799K(506816K), [Metaspace: 12958K->12958K(1060864K)], 0.0757739 secs] [Times: user=0.08 sys=0.00, real=0.08 secs] 
2017-11-10T19:38:15.656+0500: 539.115: [Full GC (Allocation Failure) 2017-11-10T19:38:15.656+0500: 539.115: [Tenured: 349567K->349567K(349568K), 0.0857741 secs] 506815K->506798K(506816K), [Metaspace: 12958K->12958K(1060864K)], 0.0858807 secs] [Times: user=0.09 sys=0.00, real=0.09 secs] 
2017-11-10T19:38:15.742+0500: 539.201: [Full GC (Allocation Failure) 2017-11-10T19:38:15.742+0500: 539.201: [Tenured: 349567K->349567K(349568K), 0.0850769 secs] 506815K->506807K(506816K), [Metaspace: 12958K->12958K(1060864K)], 0.0851899 secs] [Times: user=0.08 sys=0.00, real=0.09 secs] 
2017-11-10T19:38:15.828+0500: 539.287: [Full GC (Allocation Failure) 2017-11-10T19:38:15.828+0500: 539.287: [Tenured: 349567K->349567K(349568K), 0.0855551 secs] 506815K->506801K(506816K), [Metaspace: 12958K->12958K(1060864K)], 0.0856724 secs] [Times: user=0.09 sys=0.00, real=0.09 secs] 
2017-11-10T19:38:15.915+0500: 539.374: [Full GC (Allocation Failure) 2017-11-10T19:38:15.915+0500: 539.374: [Tenured: 349567K->349567K(349568K), 0.0888487 secs] 506815K->506799K(506816K), [Metaspace: 12958K->12958K(1060864K)], 0.0890022 secs] [Times: user=0.09 sys=0.00, real=0.09 secs] 
2017-11-10T19:38:16.004+0500: 539.464: [Full GC (Allocation Failure) 2017-11-10T19:38:16.005+0500: 539.464: [Tenured: 349567K->349567K(349568K), 0.0923482 secs] 506815K->506798K(506816K), [Metaspace: 12958K->12958K(1060864K)], 0.0924689 secs] [Times: user=0.09 sys=0.00, real=0.09 secs] 
2017-11-10T19:38:16.098+0500: 539.557: [Full GC (Allocation Failure) 2017-11-10T19:38:16.098+0500: 539.557: [Tenured: 349567K->349567K(349568K), 0.0899375 secs] 506815K->506807K(506816K), [Metaspace: 12958K->12958K(1060864K)], 0.0900294 secs] [Times: user=0.08 sys=0.00, real=0.09 secs] 
2017-11-10T19:38:16.189+0500: 539.648: [Full GC (Allocation Failure) 2017-11-10T19:38:16.189+0500: 539.648: [Tenured: 349567K->349567K(349568K), 0.0895659 secs] 506815K->506801K(506816K), [Metaspace: 12958K->12958K(1060864K)], 0.0896593 secs] [Times: user=0.09 sys=0.00, real=0.09 secs] 
2017-11-10T19:38:16.280+0500: 539.739: [Full GC (Allocation Failure) 2017-11-10T19:38:16.280+0500: 539.739: [Tenured: 349567K->349567K(349568K), 0.0942382 secs] 506815K->506799K(506816K), [Metaspace: 12958K->12958K(1060864K)], 0.0943267 secs] [Times: user=0.09 sys=0.00, real=0.09 secs] 
2017-11-10T19:38:16.375+0500: 539.834: [Full GC (Allocation Failure) 2017-11-10T19:38:16.375+0500: 539.834: [Tenured: 349567K->349567K(349568K), 0.0886106 secs] 506815K->506798K(506816K), [Metaspace: 12958K->12958K(1060864K)], 0.0886928 secs] [Times: user=0.09 sys=0.00, real=0.09 secs] 
2017-11-10T19:38:16.464+0500: 539.923: [Full GC (Allocation Failure) 2017-11-10T19:38:16.464+0500: 539.923: [Tenured: 349567K->349567K(349568K), 0.0904313 secs] 506815K->506807K(506816K), [Metaspace: 12958K->12958K(1060864K)], 0.0905349 secs] [Times: user=0.09 sys=0.00, real=0.09 secs] 
2017-11-10T19:38:16.555+0500: 540.014: [Full GC (Allocation Failure) 2017-11-10T19:38:16.555+0500: 540.014: [Tenured: 349567K->349567K(349568K), 0.0927442 secs] 506815K->506801K(506816K), [Metaspace: 12958K->12958K(1060864K)], 0.0928190 secs] [Times: user=0.09 sys=0.00, real=0.09 secs] 
2017-11-10T19:38:16.649+0500: 540.108: [Full GC (Allocation Failure) 2017-11-10T19:38:16.649+0500: 540.108: [Tenured: 349567K->349567K(349568K), 0.0835164 secs] 506815K->506799K(506816K), [Metaspace: 12958K->12958K(1060864K)], 0.0836543 secs] [Times: user=0.08 sys=0.00, real=0.08 secs] 
2017-11-10T19:38:16.733+0500: 540.192: [Full GC (Allocation Failure) 2017-11-10T19:38:16.733+0500: 540.192: [Tenured: 349567K->349567K(349568K), 0.0785351 secs] 506815K->506798K(506816K), [Metaspace: 12958K->12958K(1060864K)], 0.0786236 secs] [Times: user=0.08 sys=0.00, real=0.08 secs] 
2017-11-10T19:38:16.812+0500: 540.271: [Full GC (Allocation Failure) 2017-11-10T19:38:16.812+0500: 540.271: [Tenured: 349567K->349567K(349568K), 0.0798473 secs] 506815K->506807K(506816K), [Metaspace: 12958K->12958K(1060864K)], 0.0799226 secs] [Times: user=0.08 sys=0.00, real=0.08 secs] 
2017-11-10T19:38:16.893+0500: 540.352: [Full GC (Allocation Failure) 2017-11-10T19:38:16.893+0500: 540.352: [Tenured: 349567K->349567K(349568K), 0.0794885 secs] 506815K->506801K(506816K), [Metaspace: 12958K->12958K(1060864K)], 0.0796014 secs] [Times: user=0.09 sys=0.00, real=0.08 secs] 
2017-11-10T19:38:16.973+0500: 540.432: [Full GC (Allocation Failure) 2017-11-10T19:38:16.973+0500: 540.432: [Tenured: 349567K->349567K(349568K), 0.0781381 secs] 506815K->506799K(506816K), [Metaspace: 12958K->12958K(1060864K)], 0.0782369 secs] [Times: user=0.08 sys=0.00, real=0.08 secs] 
2017-11-10T19:38:17.051+0500: 540.511: [Full GC (Allocation Failure) 2017-11-10T19:38:17.051+0500: 540.511: [Tenured: 349567K->349567K(349568K), 0.0789169 secs] 506815K->506798K(506816K), [Metaspace: 12958K->12958K(1060864K)], 0.0789908 secs] [Times: user=0.08 sys=0.00, real=0.08 secs] 
2017-11-10T19:38:17.131+0500: 540.590: [Full GC (Allocation Failure) 2017-11-10T19:38:17.131+0500: 540.590: [Tenured: 349567K->349567K(349568K), 0.0830867 secs] 506815K->506807K(506816K), [Metaspace: 12958K->12958K(1060864K)], 0.0831849 secs] [Times: user=0.08 sys=0.00, real=0.08 secs] 
2017-11-10T19:38:17.215+0500: 540.674: [Full GC (Allocation Failure) 2017-11-10T19:38:17.215+0500: 540.674: [Tenured: 349567K->349567K(349568K), 0.0778399 secs] 506815K->506801K(506816K), [Metaspace: 12958K->12958K(1060864K)], 0.0779367 secs] [Times: user=0.08 sys=0.00, real=0.08 secs] 
2017-11-10T19:38:17.293+0500: 540.752: [Full GC (Allocation Failure) 2017-11-10T19:38:17.293+0500: 540.752: [Tenured: 349567K->349567K(349568K), 0.0798766 secs] 506815K->506799K(506816K), [Metaspace: 12958K->12958K(1060864K)], 0.0799837 secs] [Times: user=0.08 sys=0.00, real=0.08 secs] 
2017-11-10T19:38:17.373+0500: 540.833: [Full GC (Allocation Failure) 2017-11-10T19:38:17.373+0500: 540.833: [Tenured: 349567K->349567K(349568K), 0.0827220 secs] 506815K->506798K(506816K), [Metaspace: 12958K->12958K(1060864K)], 0.0828129 secs] [Times: user=0.09 sys=0.00, real=0.08 secs] 
2017-11-10T19:38:17.457+0500: 540.916: [Full GC (Allocation Failure) 2017-11-10T19:38:17.457+0500: 540.916: [Tenured: 349567K->349567K(349568K), 0.0839691 secs] 506815K->506807K(506816K), [Metaspace: 12958K->12958K(1060864K)], 0.0840498 secs] [Times: user=0.06 sys=0.02, real=0.08 secs] 
2017-11-10T19:38:17.542+0500: 541.001: [Full GC (Allocation Failure) 2017-11-10T19:38:17.542+0500: 541.001: [Tenured: 349567K->349567K(349568K), 0.0800081 secs] 506815K->506801K(506816K), [Metaspace: 12958K->12958K(1060864K)], 0.0800829 secs] [Times: user=0.08 sys=0.00, real=0.08 secs] 
2017-11-10T19:38:17.622+0500: 541.081: [Full GC (Allocation Failure) 2017-11-10T19:38:17.622+0500: 541.081: [Tenured: 349567K->349567K(349568K), 0.0791858 secs] 506815K->506799K(506816K), [Metaspace: 12958K->12958K(1060864K)], 0.0792743 secs] [Times: user=0.08 sys=0.00, real=0.08 secs] 
2017-11-10T19:38:17.702+0500: 541.161: [Full GC (Allocation Failure) 2017-11-10T19:38:17.702+0500: 541.161: [Tenured: 349567K->349567K(349568K), 0.0815521 secs] 506815K->506798K(506816K), [Metaspace: 12958K->12958K(1060864K)], 0.0816713 secs] [Times: user=0.09 sys=0.00, real=0.08 secs] 
2017-11-10T19:38:17.784+0500: 541.244: [Full GC (Allocation Failure) 2017-11-10T19:38:17.784+0500: 541.244: [Tenured: 349567K->349567K(349568K), 0.0803567 secs] 506815K->506807K(506816K), [Metaspace: 12958K->12958K(1060864K)], 0.0804838 secs] [Times: user=0.08 sys=0.00, real=0.08 secs] 
2017-11-10T19:38:17.866+0500: 541.325: [Full GC (Allocation Failure) 2017-11-10T19:38:17.866+0500: 541.325: [Tenured: 349567K->349567K(349568K), 0.0813247 secs] 506815K->506801K(506816K), [Metaspace: 12958K->12958K(1060864K)], 0.0814592 secs] [Times: user=0.08 sys=0.00, real=0.08 secs] 
2017-11-10T19:38:17.948+0500: 541.407: [Full GC (Allocation Failure) 2017-11-10T19:38:17.948+0500: 541.407: [Tenured: 349567K->349567K(349568K), 0.0801225 secs] 506815K->506799K(506816K), [Metaspace: 12958K->12958K(1060864K)], 0.0801949 secs] [Times: user=0.08 sys=0.00, real=0.08 secs] 
2017-11-10T19:38:18.029+0500: 541.488: [Full GC (Allocation Failure) 2017-11-10T19:38:18.029+0500: 541.488: [Tenured: 349567K->349567K(349568K), 0.0803381 secs] 506815K->506798K(506816K), [Metaspace: 12958K->12958K(1060864K)], 0.0804389 secs] [Times: user=0.08 sys=0.00, real=0.08 secs] 
2017-11-10T19:38:18.110+0500: 541.569: [Full GC (Allocation Failure) 2017-11-10T19:38:18.110+0500: 541.569: [Tenured: 349567K->349567K(349568K), 0.0806109 secs] 506815K->506807K(506816K), [Metaspace: 12958K->12958K(1060864K)], 0.0806857 secs] [Times: user=0.09 sys=0.00, real=0.08 secs] 
2017-11-10T19:38:18.191+0500: 541.650: [Full GC (Allocation Failure) 2017-11-10T19:38:18.191+0500: 541.650: [Tenured: 349567K->349567K(349568K), 0.0783855 secs] 506815K->506801K(506816K), [Metaspace: 12958K->12958K(1060864K)], 0.0784569 secs] [Times: user=0.08 sys=0.00, real=0.08 secs] 
2017-11-10T19:38:18.270+0500: 541.729: [Full GC (Allocation Failure) 2017-11-10T19:38:18.270+0500: 541.729: [Tenured: 349567K->349567K(349568K), 0.0817466 secs] 506815K->506799K(506816K), [Metaspace: 12958K->12958K(1060864K)], 0.0818146 secs] [Times: user=0.08 sys=0.00, real=0.08 secs] 
2017-11-10T19:38:18.352+0500: 541.811: [Full GC (Allocation Failure) 2017-11-10T19:38:18.352+0500: 541.811: [Tenured: 349567K->349567K(349568K), 0.0802550 secs] 506815K->506798K(506816K), [Metaspace: 12958K->12958K(1060864K)], 0.0803245 secs] [Times: user=0.08 sys=0.00, real=0.08 secs] 
2017-11-10T19:38:18.433+0500: 541.892: [Full GC (Allocation Failure) 2017-11-10T19:38:18.433+0500: 541.892: [Tenured: 349567K->349567K(349568K), 0.0800996 secs] 506815K->506807K(506816K), [Metaspace: 12958K->12958K(1060864K)], 0.0801959 secs] [Times: user=0.06 sys=0.00, real=0.08 secs] 
2017-11-10T19:38:18.514+0500: 541.973: [Full GC (Allocation Failure) 2017-11-10T19:38:18.514+0500: 541.973: [Tenured: 349567K->349567K(349568K), 0.0799113 secs] 506815K->506801K(506816K), [Metaspace: 12958K->12958K(1060864K)], 0.0800072 secs] [Times: user=0.08 sys=0.00, real=0.08 secs] 
2017-11-10T19:38:18.595+0500: 542.054: [Full GC (Allocation Failure) 2017-11-10T19:38:18.595+0500: 542.054: [Tenured: 349567K->349567K(349568K), 0.0812734 secs] 506815K->506799K(506816K), [Metaspace: 12958K->12958K(1060864K)], 0.0814548 secs] [Times: user=0.09 sys=0.00, real=0.08 secs] 
2017-11-10T19:38:18.677+0500: 542.136: [Full GC (Allocation Failure) 2017-11-10T19:38:18.677+0500: 542.136: [Tenured: 349567K->349567K(349568K), 0.0893669 secs] 506815K->506798K(506816K), [Metaspace: 12958K->12958K(1060864K)], 0.0894491 secs] [Times: user=0.08 sys=0.00, real=0.09 secs] 
2017-11-10T19:38:18.770+0500: 542.229: [Full GC (Allocation Failure) 2017-11-10T19:38:18.770+0500: 542.229: [Tenured: 349567K->349567K(349568K), 0.0904826 secs] 506815K->506807K(506816K), [Metaspace: 12958K->12958K(1060864K)], 0.0905897 secs] [Times: user=0.08 sys=0.00, real=0.09 secs] 
2017-11-10T19:38:18.862+0500: 542.320: [Full GC (Allocation Failure) 2017-11-10T19:38:18.862+0500: 542.321: [Tenured: 349567K->349567K(349568K), 0.0908683 secs] 506815K->506801K(506816K), [Metaspace: 12958K->12958K(1060864K)], 0.0909925 secs] [Times: user=0.09 sys=0.00, real=0.09 secs] 
2017-11-10T19:38:18.953+0500: 542.412: [Full GC (Allocation Failure) 2017-11-10T19:38:18.953+0500: 542.412: [Tenured: 349567K->349567K(349568K), 0.0936477 secs] 506815K->506799K(506816K), [Metaspace: 12958K->12958K(1060864K)], 0.0937596 secs] [Times: user=0.09 sys=0.00, real=0.09 secs] 
2017-11-10T19:38:19.049+0500: 542.508: [Full GC (Allocation Failure) 2017-11-10T19:38:19.049+0500: 542.508: [Tenured: 349567K->349567K(349568K), 0.0855360 secs] 506815K->506798K(506816K), [Metaspace: 12958K->12958K(1060864K)], 0.0856563 secs] [Times: user=0.09 sys=0.02, real=0.09 secs] 
2017-11-10T19:38:19.135+0500: 542.594: [Full GC (Allocation Failure) 2017-11-10T19:38:19.135+0500: 542.594: [Tenured: 349567K->349567K(349568K), 0.0834837 secs] 506815K->506807K(506816K), [Metaspace: 12958K->12958K(1060864K)], 0.0835731 secs] [Times: user=0.08 sys=0.00, real=0.08 secs] 
2017-11-10T19:38:19.219+0500: 542.678: [Full GC (Allocation Failure) 2017-11-10T19:38:19.219+0500: 542.678: [Tenured: 349567K->349567K(349568K), 0.0834587 secs] 506815K->506801K(506816K), [Metaspace: 12958K->12958K(1060864K)], 0.0835374 secs] [Times: user=0.09 sys=0.00, real=0.08 secs] 
2017-11-10T19:38:19.303+0500: 542.762: [Full GC (Allocation Failure) 2017-11-10T19:38:19.303+0500: 542.762: [Tenured: 349567K->349567K(349568K), 0.0817266 secs] 506815K->506799K(506816K), [Metaspace: 12958K->12958K(1060864K)], 0.0818332 secs] [Times: user=0.08 sys=0.00, real=0.08 secs] 
2017-11-10T19:38:19.385+0500: 542.844: [Full GC (Allocation Failure) 2017-11-10T19:38:19.385+0500: 542.844: [Tenured: 349567K->349567K(349568K), 0.0825279 secs] 506815K->506798K(506816K), [Metaspace: 12958K->12958K(1060864K)], 0.0826120 secs] [Times: user=0.08 sys=0.00, real=0.08 secs] 
2017-11-10T19:38:19.470+0500: 542.929: [Full GC (Allocation Failure) 2017-11-10T19:38:19.470+0500: 542.929: [Tenured: 349567K->349567K(349568K), 0.0851366 secs] 506815K->506807K(506816K), [Metaspace: 12958K->12958K(1060864K)], 0.0852529 secs] [Times: user=0.09 sys=0.00, real=0.09 secs] 
2017-11-10T19:38:19.556+0500: 543.015: [Full GC (Allocation Failure) 2017-11-10T19:38:19.556+0500: 543.015: [Tenured: 349567K->349567K(349568K), 0.0809981 secs] 506815K->506801K(506816K), [Metaspace: 12958K->12958K(1060864K)], 0.0810817 secs] [Times: user=0.06 sys=0.00, real=0.08 secs] 
2017-11-10T19:38:19.638+0500: 543.097: [Full GC (Allocation Failure) 2017-11-10T19:38:19.638+0500: 543.097: [Tenured: 349567K->349567K(349568K), 0.0884337 secs] 506815K->506799K(506816K), [Metaspace: 12958K->12958K(1060864K)], 0.0885950 secs] [Times: user=0.09 sys=0.00, real=0.09 secs] 
2017-11-10T19:38:19.727+0500: 543.186: [Full GC (Allocation Failure) 2017-11-10T19:38:19.727+0500: 543.186: [Tenured: 349567K->349567K(349568K), 0.0810016 secs] 506815K->506798K(506816K), [Metaspace: 12958K->12958K(1060864K)], 0.0810749 secs] [Times: user=0.08 sys=0.00, real=0.08 secs] 
2017-11-10T19:38:19.808+0500: 543.267: [Full GC (Allocation Failure) 2017-11-10T19:38:19.808+0500: 543.267: [Tenured: 349567K->349567K(349568K), 0.0833521 secs] 506815K->506807K(506816K), [Metaspace: 12958K->12958K(1060864K)], 0.0834333 secs] [Times: user=0.08 sys=0.00, real=0.08 secs] 
2017-11-10T19:38:19.892+0500: 543.351: [Full GC (Allocation Failure) 2017-11-10T19:38:19.892+0500: 543.351: [Tenured: 349567K->349567K(349568K), 0.0815931 secs] 506815K->506801K(506816K), [Metaspace: 12958K->12958K(1060864K)], 0.0816963 secs] [Times: user=0.09 sys=0.00, real=0.08 secs] 
2017-11-10T19:38:19.974+0500: 543.433: [Full GC (Allocation Failure) 2017-11-10T19:38:19.974+0500: 543.433: [Tenured: 349567K->349567K(349568K), 0.0834817 secs] 506815K->506799K(506816K), [Metaspace: 12958K->12958K(1060864K)], 0.0835594 secs] [Times: user=0.08 sys=0.00, real=0.08 secs] 
2017-11-10T19:38:20.058+0500: 543.517: [Full GC (Allocation Failure) 2017-11-10T19:38:20.058+0500: 543.517: [Tenured: 349567K->349567K(349568K), 0.0834685 secs] 506815K->506798K(506816K), [Metaspace: 12958K->12958K(1060864K)], 0.0835389 secs] [Times: user=0.08 sys=0.00, real=0.08 secs] 
2017-11-10T19:38:20.142+0500: 543.601: [Full GC (Allocation Failure) 2017-11-10T19:38:20.142+0500: 543.601: [Tenured: 349567K->349567K(349568K), 0.0829889 secs] 506815K->506807K(506816K), [Metaspace: 12958K->12958K(1060864K)], 0.0830671 secs] [Times: user=0.09 sys=0.00, real=0.08 secs] 
2017-11-10T19:38:20.226+0500: 543.685: [Full GC (Allocation Failure) 2017-11-10T19:38:20.226+0500: 543.685: [Tenured: 349567K->349567K(349568K), 0.0854509 secs] 506815K->506801K(506816K), [Metaspace: 12958K->12958K(1060864K)], 0.0855233 secs] [Times: user=0.05 sys=0.00, real=0.09 secs] 
2017-11-10T19:38:20.312+0500: 543.771: [Full GC (Allocation Failure) 2017-11-10T19:38:20.312+0500: 543.771: [Tenured: 349567K->349567K(349568K), 0.0874373 secs] 506815K->506799K(506816K), [Metaspace: 12958K->12958K(1060864K)], 0.0875395 secs] [Times: user=0.09 sys=0.00, real=0.09 secs] 
2017-11-10T19:38:20.401+0500: 543.860: [Full GC (Allocation Failure) 2017-11-10T19:38:20.401+0500: 543.860: [Tenured: 349567K->349567K(349568K), 0.0908473 secs] 506815K->506798K(506816K), [Metaspace: 12958K->12958K(1060864K)], 0.0909456 secs] [Times: user=0.06 sys=0.00, real=0.09 secs] 
2017-11-10T19:38:20.493+0500: 543.952: [Full GC (Allocation Failure) 2017-11-10T19:38:20.493+0500: 543.952: [Tenured: 349567K->349567K(349568K), 0.0933841 secs] 506815K->506807K(506816K), [Metaspace: 12958K->12958K(1060864K)], 0.0934829 secs] [Times: user=0.08 sys=0.01, real=0.09 secs] 
2017-11-10T19:38:20.587+0500: 544.046: [Full GC (Allocation Failure) 2017-11-10T19:38:20.587+0500: 544.046: [Tenured: 349567K->349567K(349568K), 0.0936291 secs] 506815K->506801K(506816K), [Metaspace: 12958K->12958K(1060864K)], 0.0937215 secs] [Times: user=0.08 sys=0.00, real=0.09 secs] 
2017-11-10T19:38:20.682+0500: 544.141: [Full GC (Allocation Failure) 2017-11-10T19:38:20.682+0500: 544.141: [Tenured: 349567K->349567K(349568K), 0.0900563 secs] 506815K->506799K(506816K), [Metaspace: 12958K->12958K(1060864K)], 0.0901614 secs] [Times: user=0.09 sys=0.00, real=0.09 secs] 
2017-11-10T19:38:20.773+0500: 544.232: [Full GC (Allocation Failure) 2017-11-10T19:38:20.773+0500: 544.232: [Tenured: 349567K->349567K(349568K), 0.0901443 secs] 506815K->506798K(506816K), [Metaspace: 12958K->12958K(1060864K)], 0.0902538 secs] [Times: user=0.09 sys=0.00, real=0.09 secs] 
2017-11-10T19:38:20.864+0500: 544.323: [Full GC (Allocation Failure) 2017-11-10T19:38:20.864+0500: 544.323: [Tenured: 349567K->349567K(349568K), 0.0951368 secs] 506815K->506807K(506816K), [Metaspace: 12958K->12958K(1060864K)], 0.0952356 secs] [Times: user=0.09 sys=0.00, real=0.10 secs] 
2017-11-10T19:38:20.959+0500: 544.418: [Full GC (Allocation Failure) 2017-11-10T19:38:20.959+0500: 544.418: [Tenured: 349567K->349567K(349568K), 0.0958853 secs] 506815K->506801K(506816K), [Metaspace: 12958K->12958K(1060864K)], 0.0959870 secs] [Times: user=0.08 sys=0.00, real=0.10 secs] 
2017-11-10T19:38:21.058+0500: 544.516: [Full GC (Allocation Failure) 2017-11-10T19:38:21.058+0500: 544.517: [Tenured: 349567K->349567K(349568K), 0.0921487 secs] 506815K->506799K(506816K), [Metaspace: 12958K->12958K(1060864K)], 0.0923369 secs] [Times: user=0.08 sys=0.00, real=0.09 secs] 
2017-11-10T19:38:21.151+0500: 544.610: [Full GC (Allocation Failure) 2017-11-10T19:38:21.151+0500: 544.610: [Tenured: 349567K->349567K(349568K), 0.0956643 secs] 506815K->506798K(506816K), [Metaspace: 12958K->12958K(1060864K)], 0.0958129 secs] [Times: user=0.09 sys=0.00, real=0.10 secs] 
2017-11-10T19:38:21.247+0500: 544.706: [Full GC (Allocation Failure) 2017-11-10T19:38:21.247+0500: 544.706: [Tenured: 349567K->349567K(349568K), 0.0948435 secs] 506815K->506807K(506816K), [Metaspace: 12958K->12958K(1060864K)], 0.0949794 secs] [Times: user=0.09 sys=0.00, real=0.10 secs] 
2017-11-10T19:38:21.343+0500: 544.802: [Full GC (Allocation Failure) 2017-11-10T19:38:21.343+0500: 544.802: [Tenured: 349567K->349567K(349568K), 0.0945453 secs] 506815K->506801K(506816K), [Metaspace: 12958K->12958K(1060864K)], 0.0946675 secs] [Times: user=0.09 sys=0.00, real=0.09 secs] 
2017-11-10T19:38:21.440+0500: 544.899: [Full GC (Allocation Failure) 2017-11-10T19:38:21.440+0500: 544.899: [Tenured: 349567K->349567K(349568K), 0.0896906 secs] 506815K->506799K(506816K), [Metaspace: 12958K->12958K(1060864K)], 0.0898930 secs] [Times: user=0.06 sys=0.00, real=0.09 secs] 
2017-11-10T19:38:21.531+0500: 544.990: [Full GC (Allocation Failure) 2017-11-10T19:38:21.531+0500: 544.990: [Tenured: 349567K->349567K(349568K), 0.0955133 secs] 506815K->506798K(506816K), [Metaspace: 12958K->12958K(1060864K)], 0.0956022 secs] [Times: user=0.08 sys=0.00, real=0.10 secs] 
2017-11-10T19:38:21.629+0500: 545.088: [Full GC (Allocation Failure) 2017-11-10T19:38:21.629+0500: 545.088: [Tenured: 349567K->349567K(349568K), 0.0960931 secs] 506815K->506807K(506816K), [Metaspace: 12958K->12958K(1060864K)], 0.0961948 secs] [Times: user=0.08 sys=0.00, real=0.10 secs] 
2017-11-10T19:38:21.725+0500: 545.184: [Full GC (Allocation Failure) 2017-11-10T19:38:21.725+0500: 545.184: [Tenured: 349567K->349567K(349568K), 0.0950625 secs] 506815K->506801K(506816K), [Metaspace: 12958K->12958K(1060864K)], 0.0951583 secs] [Times: user=0.09 sys=0.00, real=0.10 secs] 
2017-11-10T19:38:21.821+0500: 545.280: [Full GC (Allocation Failure) 2017-11-10T19:38:21.821+0500: 545.280: [Tenured: 349567K->349567K(349568K), 0.0964348 secs] 506815K->506799K(506816K), [Metaspace: 12958K->12958K(1060864K)], 0.0965321 secs] [Times: user=0.09 sys=0.00, real=0.10 secs] 
2017-11-10T19:38:21.918+0500: 545.377: [Full GC (Allocation Failure) 2017-11-10T19:38:21.918+0500: 545.377: [Tenured: 349567K->349567K(349568K), 0.0921091 secs] 506815K->506798K(506816K), [Metaspace: 12958K->12958K(1060864K)], 0.0922167 secs] [Times: user=0.09 sys=0.00, real=0.09 secs] 
2017-11-10T19:38:22.011+0500: 545.470: [Full GC (Allocation Failure) 2017-11-10T19:38:22.011+0500: 545.470: [Tenured: 349567K->349567K(349568K), 0.0898011 secs] 506815K->506807K(506816K), [Metaspace: 12958K->12958K(1060864K)], 0.0899199 secs] [Times: user=0.09 sys=0.00, real=0.09 secs] 
2017-11-10T19:38:22.101+0500: 545.561: [Full GC (Allocation Failure) 2017-11-10T19:38:22.101+0500: 545.561: [Tenured: 349567K->349567K(349568K), 0.0933890 secs] 506815K->506801K(506816K), [Metaspace: 12958K->12958K(1060864K)], 0.0935020 secs] [Times: user=0.09 sys=0.00, real=0.09 secs] 
2017-11-10T19:38:22.196+0500: 545.655: [Full GC (Allocation Failure) 2017-11-10T19:38:22.196+0500: 545.655: [Tenured: 349567K->349567K(349568K), 0.0924465 secs] 506815K->506799K(506816K), [Metaspace: 12958K->12958K(1060864K)], 0.0925877 secs] [Times: user=0.09 sys=0.00, real=0.09 secs] 
2017-11-10T19:38:22.290+0500: 545.749: [Full GC (Allocation Failure) 2017-11-10T19:38:22.290+0500: 545.749: [Tenured: 349567K->349567K(349568K), 0.0921301 secs] 506815K->506798K(506816K), [Metaspace: 12958K->12958K(1060864K)], 0.0922343 secs] [Times: user=0.09 sys=0.00, real=0.09 secs] 
2017-11-10T19:38:22.383+0500: 545.842: [Full GC (Allocation Failure) 2017-11-10T19:38:22.383+0500: 545.842: [Tenured: 349567K->349567K(349568K), 0.0936164 secs] 506815K->506807K(506816K), [Metaspace: 12958K->12958K(1060864K)], 0.0937396 secs] [Times: user=0.08 sys=0.00, real=0.09 secs] 
2017-11-10T19:38:22.478+0500: 545.937: [Full GC (Allocation Failure) 2017-11-10T19:38:22.478+0500: 545.937: [Tenured: 349567K->349567K(349568K), 0.0900705 secs] 506815K->506801K(506816K), [Metaspace: 12958K->12958K(1060864K)], 0.0901790 secs] [Times: user=0.09 sys=0.00, real=0.09 secs] 
2017-11-10T19:38:22.572+0500: 546.031: [Full GC (Allocation Failure) 2017-11-10T19:38:22.572+0500: 546.031: [Tenured: 349567K->349567K(349568K), 0.0960085 secs] 506815K->506799K(506816K), [Metaspace: 12958K->12958K(1060864K)], 0.0961865 secs] [Times: user=0.09 sys=0.00, real=0.10 secs] 
2017-11-10T19:38:22.669+0500: 546.128: [Full GC (Allocation Failure) 2017-11-10T19:38:22.669+0500: 546.128: [Tenured: 349567K->349567K(349568K), 0.0925560 secs] 506815K->506798K(506816K), [Metaspace: 12958K->12958K(1060864K)], 0.0926753 secs] [Times: user=0.09 sys=0.00, real=0.09 secs] 
2017-11-10T19:38:22.762+0500: 546.222: [Full GC (Allocation Failure) 2017-11-10T19:38:22.762+0500: 546.222: [Tenured: 349567K->349567K(349568K), 0.0917420 secs] 506815K->506807K(506816K), [Metaspace: 12958K->12958K(1060864K)], 0.0918925 secs] [Times: user=0.09 sys=0.00, real=0.09 secs] 
2017-11-10T19:38:22.855+0500: 546.314: [Full GC (Allocation Failure) 2017-11-10T19:38:22.855+0500: 546.314: [Tenured: 349567K->349567K(349568K), 0.0943746 secs] 506815K->506801K(506816K), [Metaspace: 12958K->12958K(1060864K)], 0.0944841 secs] [Times: user=0.08 sys=0.00, real=0.09 secs] 
2017-11-10T19:38:22.950+0500: 546.409: [Full GC (Allocation Failure) 2017-11-10T19:38:22.950+0500: 546.409: [Tenured: 349567K->349567K(349568K), 0.0884552 secs] 506815K->506799K(506816K), [Metaspace: 12958K->12958K(1060864K)], 0.0885534 secs] [Times: user=0.08 sys=0.00, real=0.09 secs] 
2017-11-10T19:38:23.039+0500: 546.499: [Full GC (Allocation Failure) 2017-11-10T19:38:23.039+0500: 546.499: [Tenured: 349567K->349567K(349568K), 0.0909201 secs] 506815K->506798K(506816K), [Metaspace: 12958K->12958K(1060864K)], 0.0910541 secs] [Times: user=0.09 sys=0.00, real=0.09 secs] 
2017-11-10T19:38:23.131+0500: 546.590: [Full GC (Allocation Failure) 2017-11-10T19:38:23.131+0500: 546.590: [Tenured: 349567K->349567K(349568K), 0.0895684 secs] 506815K->506807K(506816K), [Metaspace: 12958K->12958K(1060864K)], 0.0896710 secs] [Times: user=0.09 sys=0.00, real=0.09 secs] 
2017-11-10T19:38:23.221+0500: 546.681: [Full GC (Allocation Failure) 2017-11-10T19:38:23.221+0500: 546.681: [Tenured: 349567K->349567K(349568K), 0.0895229 secs] 506815K->506801K(506816K), [Metaspace: 12958K->12958K(1060864K)], 0.0896221 secs] [Times: user=0.08 sys=0.00, real=0.09 secs] 
2017-11-10T19:38:23.312+0500: 546.771: [Full GC (Allocation Failure) 2017-11-10T19:38:23.312+0500: 546.771: [Tenured: 349567K->349567K(349568K), 0.0908175 secs] 506815K->506799K(506816K), [Metaspace: 12958K->12958K(1060864K)], 0.0909578 secs] [Times: user=0.09 sys=0.00, real=0.09 secs] 
2017-11-10T19:38:23.403+0500: 546.863: [Full GC (Allocation Failure) 2017-11-10T19:38:23.403+0500: 546.863: [Tenured: 349567K->349567K(349568K), 0.0880582 secs] 506815K->506798K(506816K), [Metaspace: 12958K->12958K(1060864K)], 0.0881750 secs] [Times: user=0.09 sys=0.00, real=0.09 secs] 
2017-11-10T19:38:23.492+0500: 546.951: [Full GC (Allocation Failure) 2017-11-10T19:38:23.492+0500: 546.951: [Tenured: 349567K->349567K(349568K), 0.0834700 secs] 506815K->506807K(506816K), [Metaspace: 12958K->12958K(1060864K)], 0.0836025 secs] [Times: user=0.08 sys=0.00, real=0.08 secs] 
2017-11-10T19:38:23.576+0500: 547.035: [Full GC (Allocation Failure) 2017-11-10T19:38:23.576+0500: 547.036: [Tenured: 349567K->349567K(349568K), 0.0802785 secs] 506815K->506801K(506816K), [Metaspace: 12958K->12958K(1060864K)], 0.0805469 secs] [Times: user=0.08 sys=0.00, real=0.08 secs] 
2017-11-10T19:38:23.657+0500: 547.117: [Full GC (Allocation Failure) 2017-11-10T19:38:23.657+0500: 547.117: [Tenured: 349567K->349567K(349568K), 0.0825122 secs] 506815K->506798K(506816K), [Metaspace: 12958K->12958K(1060864K)], 0.0826027 secs] [Times: user=0.09 sys=0.00, real=0.08 secs] 
2017-11-10T19:38:23.741+0500: 547.200: [Full GC (Allocation Failure) 2017-11-10T19:38:23.741+0500: 547.200: [Tenured: 349567K->349567K(349568K), 0.0849161 secs] 506815K->506807K(506816K), [Metaspace: 12958K->12958K(1060864K)], 0.0850364 secs] [Times: user=0.08 sys=0.00, real=0.09 secs] 
2017-11-10T19:38:23.826+0500: 547.285: [Full GC (Allocation Failure) 2017-11-10T19:38:23.826+0500: 547.285: [Tenured: 349567K->349567K(349568K), 0.0832426 secs] 506815K->506813K(506816K), [Metaspace: 12958K->12958K(1060864K)], 0.0833409 secs] [Times: user=0.09 sys=0.00, real=0.08 secs] 
2017-11-10T19:38:23.910+0500: 547.369: [Full GC (Allocation Failure) 2017-11-10T19:38:23.910+0500: 547.369: [Tenured: 349567K->349567K(349568K), 0.0877414 secs] 506815K->506804K(506816K), [Metaspace: 12958K->12958K(1060864K)], 0.0878553 secs] [Times: user=0.08 sys=0.00, real=0.09 secs] 
2017-11-10T19:38:23.998+0500: 547.457: [Full GC (Allocation Failure) 2017-11-10T19:38:23.998+0500: 547.457: [Tenured: 349568K->349568K(349568K), 0.0841696 secs] 506815K->506812K(506816K), [Metaspace: 12958K->12958K(1060864K)], 0.0842576 secs] [Times: user=0.09 sys=0.00, real=0.09 secs] 
2017-11-10T19:38:24.083+0500: 547.542: [Full GC (Allocation Failure) 2017-11-10T19:38:24.083+0500: 547.542: [Tenured: 349568K->349568K(349568K), 0.0834313 secs] 506815K->506814K(506816K), [Metaspace: 12958K->12958K(1060864K)], 0.0836225 secs] [Times: user=0.08 sys=0.00, real=0.08 secs] 
2017-11-10T19:38:24.167+0500: 547.626: [Full GC (Allocation Failure) 2017-11-10T19:38:24.167+0500: 547.626: [Tenured: 349568K->349567K(349568K), 0.0848662 secs] 506815K->506813K(506816K), [Metaspace: 12958K->12958K(1060864K)], 0.0849787 secs] [Times: user=0.08 sys=0.00, real=0.09 secs] 
2017-11-10T19:38:24.252+0500: 547.711: [Full GC (Allocation Failure) 2017-11-10T19:38:24.252+0500: 547.711: [Tenured: 349567K->349567K(349568K), 0.0878915 secs] 506815K->506814K(506816K), [Metaspace: 12958K->12958K(1060864K)], 0.0880142 secs] [Times: user=0.09 sys=0.00, real=0.09 secs] 
2017-11-10T19:38:24.340+0500: 547.799: [Full GC (Allocation Failure) 2017-11-10T19:38:24.340+0500: 547.799: [Tenured: 349567K->349567K(349568K), 0.0940495 secs] 506815K->506815K(506816K), [Metaspace: 12958K->12958K(1060864K)], 0.0941708 secs] [Times: user=0.09 sys=0.00, real=0.10 secs] 
2017-11-10T19:38:24.435+0500: 547.894: [Full GC (Allocation Failure) 2017-11-10T19:38:24.435+0500: 547.894: [Tenured: 349567K->349567K(349568K), 0.0854343 secs] 506815K->506815K(506816K), [Metaspace: 12958K->12958K(1060864K)], 0.0855565 secs] [Times: user=0.09 sys=0.00, real=0.09 secs] 
2017-11-10T19:38:24.521+0500: 547.980: [Full GC (Allocation Failure) 2017-11-10T19:38:24.521+0500: 547.980: [Tenured: 349567K->349567K(349568K), 0.0840439 secs] 506815K->506815K(506816K), [Metaspace: 12958K->12958K(1060864K)], 0.0841578 secs] [Times: user=0.08 sys=0.00, real=0.08 secs] 
2017-11-10T19:38:24.605+0500: 548.064: [Full GC (Allocation Failure) 2017-11-10T19:38:24.605+0500: 548.064: [Tenured: 349567K->349567K(349568K), 0.0860845 secs] 506815K->506815K(506816K), [Metaspace: 12958K->12958K(1060864K)], 0.0861985 secs] [Times: user=0.09 sys=0.00, real=0.09 secs] 
2017-11-10T19:38:24.692+0500: 548.151: [Full GC (Allocation Failure) 2017-11-10T19:38:24.692+0500: 548.151: [Tenured: 349568K->349568K(349568K), 0.0862283 secs] 506815K->506815K(506816K), [Metaspace: 12958K->12958K(1060864K)], 0.0863622 secs] [Times: user=0.08 sys=0.00, real=0.09 secs] 
2017-11-10T19:38:24.778+0500: 548.237: [Full GC (Allocation Failure) 2017-11-10T19:38:24.778+0500: 548.237: [Tenured: 349568K->349568K(349568K), 0.0883769 secs] 506815K->506815K(506816K), [Metaspace: 12958K->12958K(1060864K)], 0.0885089 secs] [Times: user=0.09 sys=0.00, real=0.09 secs] 
2017-11-10T19:38:24.867+0500: 548.326: [Full GC (Allocation Failure) 2017-11-10T19:38:24.867+0500: 548.326: [Tenured: 349568K->349567K(349568K), 0.0874622 secs] 506815K->506815K(506816K), [Metaspace: 12958K->12958K(1060864K)], 0.0875908 secs] [Times: user=0.08 sys=0.00, real=0.09 secs] 
2017-11-10T19:38:24.955+0500: 548.414: [Full GC (Allocation Failure) 2017-11-10T19:38:24.955+0500: 548.414: [Tenured: 349568K->349568K(349568K), 0.0941913 secs] 506815K->506815K(506816K), [Metaspace: 12958K->12958K(1060864K)], 0.0943585 secs] [Times: user=0.11 sys=0.00, real=0.09 secs] 
2017-11-10T19:38:25.049+0500: 548.508: [Full GC (Allocation Failure) 2017-11-10T19:38:25.049+0500: 548.508: [Tenured: 349568K->349568K(349568K), 0.0848838 secs] 506815K->506806K(506816K), [Metaspace: 12958K->12958K(1060864K)], 0.0849679 secs] [Times: user=0.08 sys=0.00, real=0.09 secs] 
2017-11-10T19:38:25.135+0500: 548.594: [Full GC (Allocation Failure) 2017-11-10T19:38:25.135+0500: 548.594: [Tenured: 349568K->349568K(349568K), 0.0852569 secs] 506815K->506801K(506816K), [Metaspace: 12959K->12959K(1060864K)], 0.0853727 secs] [Times: user=0.08 sys=0.00, real=0.09 secs] 
2017-11-10T19:38:25.222+0500: 548.681: [Full GC (Allocation Failure) 2017-11-10T19:38:25.222+0500: 548.681: [Tenured: 349568K->349567K(349568K), 0.0819544 secs] 506815K->506797K(506816K), [Metaspace: 12960K->12960K(1060864K)], 0.0820615 secs] [Times: user=0.08 sys=0.00, real=0.08 secs] 
2017-11-10T19:38:25.306+0500: 548.765: [Full GC (Allocation Failure) 2017-11-10T19:38:25.306+0500: 548.765: [Tenured: 349567K->349567K(349568K), 0.0849870 secs] 506815K->506807K(506816K), [Metaspace: 12960K->12960K(1060864K)], 0.0851043 secs] [Times: user=0.08 sys=0.00, real=0.09 secs] 
2017-11-10T19:38:25.391+0500: 548.851: [Full GC (Allocation Failure) 2017-11-10T19:38:25.391+0500: 548.851: [Tenured: 349567K->349567K(349568K), 0.0919493 secs] 506815K->506815K(506816K), [Metaspace: 12960K->12960K(1060864K)], 0.0920475 secs] [Times: user=0.09 sys=0.00, real=0.09 secs] 
2017-11-10T19:38:25.484+0500: 548.943: [Full GC (Allocation Failure) 2017-11-10T19:38:25.484+0500: 548.943: [Tenured: 349567K->349567K(349568K), 0.0831248 secs] 506815K->506815K(506816K), [Metaspace: 12960K->12960K(1060864K)], 0.0832241 secs] [Times: user=0.09 sys=0.00, real=0.08 secs] 
2017-11-10T19:38:25.567+0500: 549.026: [Full GC (Allocation Failure) 2017-11-10T19:38:25.567+0500: 549.026: [Tenured: 349567K->349567K(349568K), 0.0825582 secs] 506815K->506815K(506816K), [Metaspace: 12960K->12960K(1060864K)], 0.0826672 secs] [Times: user=0.08 sys=0.00, real=0.08 secs] 
2017-11-10T19:38:25.650+0500: 549.109: [Full GC (Allocation Failure) 2017-11-10T19:38:25.650+0500: 549.109: [Tenured: 349567K->349567K(349568K), 0.0826477 secs] 506815K->506815K(506816K), [Metaspace: 12960K->12960K(1060864K)], 0.0827577 secs] [Times: user=0.08 sys=0.00, real=0.08 secs] 
2017-11-10T19:38:25.733+0500: 549.192: [Full GC (Allocation Failure) 2017-11-10T19:38:25.733+0500: 549.192: [Tenured: 349567K->349567K(349568K), 0.0822165 secs] 506815K->506815K(506816K), [Metaspace: 12960K->12960K(1060864K)], 0.0822991 secs] [Times: user=0.09 sys=0.00, real=0.08 secs] 
2017-11-10T19:38:25.816+0500: 549.275: [Full GC (Allocation Failure) 2017-11-10T19:38:25.816+0500: 549.275: [Tenured: 349567K->349567K(349568K), 0.0857433 secs] 506815K->506815K(506816K), [Metaspace: 12960K->12960K(1060864K)], 0.0858201 secs] [Times: user=0.08 sys=0.00, real=0.09 secs] 
2017-11-10T19:38:25.901+0500: 549.361: [Full GC (Allocation Failure) 2017-11-10T19:38:25.902+0500: 549.361: [Tenured: 349567K->349567K(349568K), 0.0817051 secs] 506815K->506814K(506816K), [Metaspace: 12960K->12960K(1060864K)], 0.0817867 secs] [Times: user=0.08 sys=0.00, real=0.08 secs] 
2017-11-10T19:38:25.984+0500: 549.443: [Full GC (Allocation Failure) 2017-11-10T19:38:25.984+0500: 549.443: [Tenured: 349567K->349567K(349568K), 0.0821089 secs] 506815K->506804K(506816K), [Metaspace: 12960K->12960K(1060864K)], 0.0822189 secs] [Times: user=0.09 sys=0.00, real=0.08 secs] 
2017-11-10T19:38:26.066+0500: 549.525: [Full GC (Allocation Failure) 2017-11-10T19:38:26.066+0500: 549.525: [Tenured: 349567K->349567K(349568K), 0.0789565 secs] 506815K->506810K(506816K), [Metaspace: 12960K->12960K(1060864K)], 0.0790475 secs] [Times: user=0.08 sys=0.00, real=0.08 secs] 
2017-11-10T19:38:26.146+0500: 549.605: [Full GC (Allocation Failure) 2017-11-10T19:38:26.146+0500: 549.605: [Tenured: 349567K->349567K(349568K), 0.0807073 secs] 506815K->506812K(506816K), [Metaspace: 12960K->12960K(1060864K)], 0.0808089 secs] [Times: user=0.08 sys=0.00, real=0.08 secs] 
2017-11-10T19:38:26.227+0500: 549.686: [Full GC (Allocation Failure) 2017-11-10T19:38:26.227+0500: 549.686: [Tenured: 349567K->349567K(349568K), 0.0861897 secs] 506815K->506814K(506816K), [Metaspace: 12960K->12960K(1060864K)], 0.0862649 secs] [Times: user=0.08 sys=0.00, real=0.09 secs] 
2017-11-10T19:38:26.313+0500: 549.772: [Full GC (Allocation Failure) 2017-11-10T19:38:26.313+0500: 549.772: [Tenured: 349568K->349568K(349568K), 0.0820209 secs] 506815K->506814K(506816K), [Metaspace: 12960K->12960K(1060864K)], 0.0821065 secs] [Times: user=0.09 sys=0.00, real=0.08 secs] 
2017-11-10T19:38:26.396+0500: 549.855: [Full GC (Allocation Failure) 2017-11-10T19:38:26.396+0500: 549.855: [Tenured: 349568K->349568K(349568K), 0.0889294 secs] 506815K->506815K(506816K), [Metaspace: 12960K->12960K(1060864K)], 0.0890091 secs] [Times: user=0.06 sys=0.00, real=0.09 secs] 
2017-11-10T19:38:26.485+0500: 549.944: [Full GC (Allocation Failure) 2017-11-10T19:38:26.485+0500: 549.944: [Tenured: 349568K->349568K(349568K), 0.0910482 secs] 506815K->506815K(506816K), [Metaspace: 12960K->12960K(1060864K)], 0.0911353 secs] [Times: user=0.09 sys=0.00, real=0.09 secs] 
2017-11-10T19:38:26.576+0500: 550.035: [Full GC (Allocation Failure) 2017-11-10T19:38:26.576+0500: 550.035: [Tenured: 349568K->349567K(349568K), 0.0844165 secs] 506815K->506815K(506816K), [Metaspace: 12960K->12960K(1060864K)], 0.0845353 secs] [Times: user=0.08 sys=0.00, real=0.09 secs] 
2017-11-10T19:38:26.661+0500: 550.120: [Full GC (Allocation Failure) 2017-11-10T19:38:26.661+0500: 550.120: [Tenured: 349568K->349568K(349568K), 0.0878059 secs] 506815K->506815K(506816K), [Metaspace: 12960K->12960K(1060864K)], 0.0878910 secs] [Times: user=0.08 sys=0.00, real=0.09 secs] 
2017-11-10T19:38:26.749+0500: 550.208: [Full GC (Allocation Failure) 2017-11-10T19:38:26.749+0500: 550.208: [Tenured: 349568K->349567K(349568K), 0.0874143 secs] 506815K->506806K(506816K), [Metaspace: 12960K->12960K(1060864K)], 0.0875013 secs] [Times: user=0.09 sys=0.00, real=0.09 secs] 
2017-11-10T19:38:26.838+0500: 550.297: [Full GC (Allocation Failure) 2017-11-10T19:38:26.838+0500: 550.297: [Tenured: 349568K->349568K(349568K), 0.0861158 secs] 506815K->506801K(506816K), [Metaspace: 12960K->12960K(1060864K)], 0.0862273 secs] [Times: user=0.08 sys=0.00, real=0.09 secs] 
2017-11-10T19:38:26.924+0500: 550.384: [Full GC (Allocation Failure) 2017-11-10T19:38:26.924+0500: 550.384: [Tenured: 349568K->349567K(349568K), 0.0861266 secs] 506815K->506798K(506816K), [Metaspace: 12960K->12960K(1060864K)], 0.0862244 secs] [Times: user=0.08 sys=0.00, real=0.09 secs] 
2017-11-10T19:38:27.011+0500: 550.471: [Full GC (Allocation Failure) 2017-11-10T19:38:27.011+0500: 550.471: [Tenured: 349567K->349567K(349568K), 0.0911480 secs] 506815K->506798K(506816K), [Metaspace: 12960K->12960K(1060864K)], 0.0912604 secs] [Times: user=0.09 sys=0.00, real=0.09 secs] 
2017-11-10T19:38:27.104+0500: 550.563: [Full GC (Allocation Failure) 2017-11-10T19:38:27.104+0500: 550.563: [Tenured: 349567K->349567K(349568K), 0.0924626 secs] 506815K->506797K(506816K), [Metaspace: 12960K->12960K(1060864K)], 0.0925604 secs] [Times: user=0.09 sys=0.00, real=0.09 secs] 
2017-11-10T19:38:27.198+0500: 550.656: [Full GC (Allocation Failure) 2017-11-10T19:38:27.198+0500: 550.656: [Tenured: 349567K->349567K(349568K), 0.0919458 secs] 506815K->506808K(506816K), [Metaspace: 12960K->12960K(1060864K)], 0.0920593 secs] [Times: user=0.09 sys=0.00, real=0.09 secs] 
2017-11-10T19:38:27.290+0500: 550.749: [Full GC (Allocation Failure) 2017-11-10T19:38:27.290+0500: 550.749: [Tenured: 349567K->349567K(349568K), 0.0936946 secs] 506815K->506801K(506816K), [Metaspace: 12960K->12960K(1060864K)], 0.0937870 secs] [Times: user=0.08 sys=0.00, real=0.09 secs] 
2017-11-10T19:38:27.385+0500: 550.844: [Full GC (Allocation Failure) 2017-11-10T19:38:27.385+0500: 550.844: [Tenured: 349567K->349567K(349568K), 0.0923976 secs] 506815K->506798K(506816K), [Metaspace: 12960K->12960K(1060864K)], 0.0925017 secs] [Times: user=0.09 sys=0.00, real=0.09 secs] 
2017-11-10T19:38:27.478+0500: 550.937: [Full GC (Allocation Failure) 2017-11-10T19:38:27.478+0500: 550.937: [Tenured: 349567K->349567K(349568K), 0.0915141 secs] 506815K->506798K(506816K), [Metaspace: 12960K->12960K(1060864K)], 0.0916051 secs] [Times: user=0.09 sys=0.00, real=0.09 secs] 
2017-11-10T19:38:27.570+0500: 551.029: [Full GC (Allocation Failure) 2017-11-10T19:38:27.570+0500: 551.029: [Tenured: 349567K->349567K(349568K), 0.0847528 secs] 506815K->506808K(506816K), [Metaspace: 12960K->12960K(1060864K)], 0.0848506 secs] [Times: user=0.08 sys=0.00, real=0.09 secs] 
2017-11-10T19:38:27.655+0500: 551.114: [Full GC (Allocation Failure) 2017-11-10T19:38:27.655+0500: 551.114: [Tenured: 349567K->349567K(349568K), 0.0822062 secs] 506815K->506801K(506816K), [Metaspace: 12960K->12960K(1060864K)], 0.0822937 secs] [Times: user=0.09 sys=0.00, real=0.08 secs] 
2017-11-10T19:38:27.738+0500: 551.197: [Full GC (Allocation Failure) 2017-11-10T19:38:27.738+0500: 551.197: [Tenured: 349567K->349567K(349568K), 0.0890321 secs] 506815K->506798K(506816K), [Metaspace: 12960K->12960K(1060864K)], 0.0891548 secs] [Times: user=0.08 sys=0.00, real=0.09 secs] 
2017-11-10T19:38:27.828+0500: 551.287: [Full GC (Allocation Failure) 2017-11-10T19:38:27.828+0500: 551.287: [Tenured: 349567K->349567K(349568K), 0.0908189 secs] 506815K->506798K(506816K), [Metaspace: 12960K->12960K(1060864K)], 0.0909329 secs] [Times: user=0.09 sys=0.00, real=0.09 secs] 
2017-11-10T19:38:27.919+0500: 551.378: [Full GC (Allocation Failure) 2017-11-10T19:38:27.920+0500: 551.378: [Tenured: 349567K->349567K(349568K), 0.0897434 secs] 506815K->506808K(506816K), [Metaspace: 12960K->12960K(1060864K)], 0.0898353 secs] [Times: user=0.09 sys=0.00, real=0.09 secs] 
2017-11-10T19:38:28.010+0500: 551.469: [Full GC (Allocation Failure) 2017-11-10T19:38:28.010+0500: 551.469: [Tenured: 349567K->349567K(349568K), 0.0852720 secs] 506815K->506801K(506816K), [Metaspace: 12960K->12960K(1060864K)], 0.0853571 secs] [Times: user=0.08 sys=0.00, real=0.09 secs] 
2017-11-10T19:38:28.096+0500: 551.555: [Full GC (Allocation Failure) 2017-11-10T19:38:28.096+0500: 551.555: [Tenured: 349567K->349567K(349568K), 0.0841021 secs] 506815K->506798K(506816K), [Metaspace: 12960K->12960K(1060864K)], 0.0841881 secs] [Times: user=0.09 sys=0.00, real=0.08 secs] 
2017-11-10T19:38:28.180+0500: 551.639: [Full GC (Allocation Failure) 2017-11-10T19:38:28.181+0500: 551.640: [Tenured: 349567K->349567K(349568K), 0.0867920 secs] 506815K->506798K(506816K), [Metaspace: 12960K->12960K(1060864K)], 0.0869245 secs] [Times: user=0.08 sys=0.00, real=0.09 secs] 
2017-11-10T19:38:28.268+0500: 551.727: [Full GC (Allocation Failure) 2017-11-10T19:38:28.268+0500: 551.727: [Tenured: 349567K->349567K(349568K), 0.0838836 secs] 506815K->506808K(506816K), [Metaspace: 12960K->12960K(1060864K)], 0.0839765 secs] [Times: user=0.09 sys=0.00, real=0.08 secs] 
2017-11-10T19:38:28.352+0500: 551.811: [Full GC (Allocation Failure) 2017-11-10T19:38:28.352+0500: 551.811: [Tenured: 349567K->349567K(349568K), 0.0849264 secs] 506815K->506801K(506816K), [Metaspace: 12960K->12960K(1060864K)], 0.0850207 secs] [Times: user=0.08 sys=0.00, real=0.09 secs] 
2017-11-10T19:38:28.438+0500: 551.897: [Full GC (Allocation Failure) 2017-11-10T19:38:28.438+0500: 551.897: [Tenured: 349567K->349567K(349568K), 0.0862557 secs] 506815K->506798K(506816K), [Metaspace: 12960K->12960K(1060864K)], 0.0863657 secs] [Times: user=0.09 sys=0.00, real=0.09 secs] 
2017-11-10T19:38:28.525+0500: 551.984: [Full GC (Allocation Failure) 2017-11-10T19:38:28.525+0500: 551.984: [Tenured: 349567K->349567K(349568K), 0.0855839 secs] 506815K->506798K(506816K), [Metaspace: 12960K->12960K(1060864K)], 0.0856871 secs] [Times: user=0.08 sys=0.00, real=0.09 secs] 
2017-11-10T19:38:28.612+0500: 552.071: [Full GC (Allocation Failure) 2017-11-10T19:38:28.612+0500: 552.071: [Tenured: 349567K->349567K(349568K), 0.0856030 secs] 506815K->506808K(506816K), [Metaspace: 12960K->12960K(1060864K)], 0.0856885 secs] [Times: user=0.08 sys=0.00, real=0.09 secs] 
2017-11-10T19:38:28.698+0500: 552.157: [Full GC (Allocation Failure) 2017-11-10T19:38:28.698+0500: 552.157: [Tenured: 349567K->349567K(349568K), 0.0839046 secs] 506815K->506801K(506816K), [Metaspace: 12960K->12960K(1060864K)], 0.0840165 secs] [Times: user=0.08 sys=0.00, real=0.08 secs] 
2017-11-10T19:38:28.783+0500: 552.242: [Full GC (Allocation Failure) 2017-11-10T19:38:28.783+0500: 552.242: [Tenured: 349567K->349567K(349568K), 0.0845768 secs] 506815K->506798K(506816K), [Metaspace: 12960K->12960K(1060864K)], 0.0846834 secs] [Times: user=0.09 sys=0.00, real=0.09 secs] 
2017-11-10T19:38:28.868+0500: 552.327: [Full GC (Allocation Failure) 2017-11-10T19:38:28.868+0500: 552.327: [Tenured: 349567K->349567K(349568K), 0.0842033 secs] 506815K->506798K(506816K), [Metaspace: 12960K->12960K(1060864K)], 0.0842889 secs] [Times: user=0.08 sys=0.00, real=0.09 secs] 
2017-11-10T19:38:28.953+0500: 552.412: [Full GC (Allocation Failure) 2017-11-10T19:38:28.953+0500: 552.412: [Tenured: 349567K->349567K(349568K), 0.0804076 secs] 506815K->506808K(506816K), [Metaspace: 12960K->12960K(1060864K)], 0.0805044 secs] [Times: user=0.08 sys=0.02, real=0.08 secs] 
2017-11-10T19:38:29.034+0500: 552.493: [Full GC (Allocation Failure) 2017-11-10T19:38:29.034+0500: 552.493: [Tenured: 349567K->349567K(349568K), 0.0809092 secs] 506815K->506801K(506816K), [Metaspace: 12960K->12960K(1060864K)], 0.0810241 secs] [Times: user=0.08 sys=0.00, real=0.08 secs] 
2017-11-10T19:38:29.116+0500: 552.575: [Full GC (Allocation Failure) 2017-11-10T19:38:29.116+0500: 552.575: [Tenured: 349567K->349567K(349568K), 0.0793266 secs] 506815K->506798K(506816K), [Metaspace: 12960K->12960K(1060864K)], 0.0794376 secs] [Times: user=0.08 sys=0.00, real=0.08 secs] 
2017-11-10T19:38:29.196+0500: 552.655: [Full GC (Allocation Failure) 2017-11-10T19:38:29.196+0500: 552.655: [Tenured: 349567K->349567K(349568K), 0.0845573 secs] 506815K->506798K(506816K), [Metaspace: 12960K->12960K(1060864K)], 0.0846668 secs] [Times: user=0.08 sys=0.00, real=0.08 secs] 
2017-11-10T19:38:29.281+0500: 552.740: [Full GC (Allocation Failure) 2017-11-10T19:38:29.281+0500: 552.740: [Tenured: 349567K->349567K(349568K), 0.0809996 secs] 506815K->506808K(506816K), [Metaspace: 12960K->12960K(1060864K)], 0.0811042 secs] [Times: user=0.09 sys=0.00, real=0.08 secs] 
2017-11-10T19:38:29.362+0500: 552.822: [Full GC (Allocation Failure) 2017-11-10T19:38:29.363+0500: 552.822: [Tenured: 349567K->349567K(349568K), 0.0794924 secs] 506815K->506801K(506816K), [Metaspace: 12960K->12960K(1060864K)], 0.0796170 secs] [Times: user=0.08 sys=0.00, real=0.08 secs] 
2017-11-10T19:38:29.443+0500: 552.902: [Full GC (Allocation Failure) 2017-11-10T19:38:29.443+0500: 552.902: [Tenured: 349567K->349567K(349568K), 0.0800267 secs] 506815K->506798K(506816K), [Metaspace: 12960K->12960K(1060864K)], 0.0801133 secs] [Times: user=0.08 sys=0.00, real=0.08 secs] 
2017-11-10T19:38:29.523+0500: 552.982: [Full GC (Allocation Failure) 2017-11-10T19:38:29.523+0500: 552.982: [Tenured: 349567K->349567K(349568K), 0.0840610 secs] 506815K->506798K(506816K), [Metaspace: 12960K->12960K(1060864K)], 0.0841681 secs] [Times: user=0.08 sys=0.00, real=0.08 secs] 
2017-11-10T19:38:29.608+0500: 553.067: [Full GC (Allocation Failure) 2017-11-10T19:38:29.608+0500: 553.067: [Tenured: 349567K->349567K(349568K), 0.0797226 secs] 506815K->506808K(506816K), [Metaspace: 12960K->12960K(1060864K)], 0.0798678 secs] [Times: user=0.08 sys=0.00, real=0.08 secs] 
2017-11-10T19:38:29.688+0500: 553.147: [Full GC (Allocation Failure) 2017-11-10T19:38:29.688+0500: 553.147: [Tenured: 349567K->349567K(349568K), 0.0814601 secs] 506815K->506801K(506816K), [Metaspace: 12960K->12960K(1060864K)], 0.0815447 secs] [Times: user=0.09 sys=0.00, real=0.08 secs] 
2017-11-10T19:38:29.770+0500: 553.230: [Full GC (Allocation Failure) 2017-11-10T19:38:29.770+0500: 553.230: [Tenured: 349567K->349567K(349568K), 0.0782804 secs] 506815K->506798K(506816K), [Metaspace: 12960K->12960K(1060864K)], 0.0783591 secs] [Times: user=0.08 sys=0.00, real=0.08 secs] 
2017-11-10T19:38:29.849+0500: 553.308: [Full GC (Allocation Failure) 2017-11-10T19:38:29.849+0500: 553.308: [Tenured: 349567K->349567K(349568K), 0.0794572 secs] 506815K->506798K(506816K), [Metaspace: 12960K->12960K(1060864K)], 0.0795422 secs] [Times: user=0.08 sys=0.00, real=0.08 secs] 
2017-11-10T19:38:29.929+0500: 553.389: [Full GC (Allocation Failure) 2017-11-10T19:38:29.930+0500: 553.389: [Tenured: 349567K->349567K(349568K), 0.0802492 secs] 506815K->506808K(506816K), [Metaspace: 12960K->12960K(1060864K)], 0.0803611 secs] [Times: user=0.08 sys=0.00, real=0.08 secs] 
2017-11-10T19:38:30.010+0500: 553.469: [Full GC (Allocation Failure) 2017-11-10T19:38:30.010+0500: 553.469: [Tenured: 349567K->349567K(349568K), 0.0830720 secs] 506815K->506801K(506816K), [Metaspace: 12960K->12960K(1060864K)], 0.0831497 secs] [Times: user=0.08 sys=0.00, real=0.08 secs] 
2017-11-10T19:38:30.094+0500: 553.553: [Full GC (Allocation Failure) 2017-11-10T19:38:30.094+0500: 553.553: [Tenured: 349567K->349567K(349568K), 0.0807972 secs] 506815K->506798K(506816K), [Metaspace: 12960K->12960K(1060864K)], 0.0808715 secs] [Times: user=0.09 sys=0.00, real=0.08 secs] 
2017-11-10T19:38:30.175+0500: 553.634: [Full GC (Allocation Failure) 2017-11-10T19:38:30.175+0500: 553.634: [Tenured: 349567K->349567K(349568K), 0.0760980 secs] 506815K->506798K(506816K), [Metaspace: 12960K->12960K(1060864K)], 0.0761738 secs] [Times: user=0.06 sys=0.00, real=0.08 secs] 
2017-11-10T19:38:30.252+0500: 553.711: [Full GC (Allocation Failure) 2017-11-10T19:38:30.252+0500: 553.711: [Tenured: 349567K->349567K(349568K), 0.0753104 secs] 506815K->506808K(506816K), [Metaspace: 12960K->12960K(1060864K)], 0.0754057 secs] [Times: user=0.08 sys=0.00, real=0.07 secs] 
2017-11-10T19:38:30.328+0500: 553.787: [Full GC (Allocation Failure) 2017-11-10T19:38:30.328+0500: 553.787: [Tenured: 349567K->349567K(349568K), 0.0734482 secs] 506815K->506801K(506816K), [Metaspace: 12960K->12960K(1060864K)], 0.0735206 secs] [Times: user=0.08 sys=0.00, real=0.07 secs] 
2017-11-10T19:38:30.402+0500: 553.861: [Full GC (Allocation Failure) 2017-11-10T19:38:30.402+0500: 553.861: [Tenured: 349567K->349567K(349568K), 0.0734849 secs] 506815K->506798K(506816K), [Metaspace: 12960K->12960K(1060864K)], 0.0735558 secs] [Times: user=0.08 sys=0.00, real=0.07 secs] 
2017-11-10T19:38:30.476+0500: 553.935: [Full GC (Allocation Failure) 2017-11-10T19:38:30.476+0500: 553.935: [Tenured: 349567K->349567K(349568K), 0.0768597 secs] 506815K->506798K(506816K), [Metaspace: 12960K->12960K(1060864K)], 0.0769629 secs] [Times: user=0.06 sys=0.00, real=0.08 secs] 
2017-11-10T19:38:30.553+0500: 554.012: [Full GC (Allocation Failure) 2017-11-10T19:38:30.553+0500: 554.012: [Tenured: 349567K->349567K(349568K), 0.0751681 secs] 506815K->506808K(506816K), [Metaspace: 12960K->12960K(1060864K)], 0.0752483 secs] [Times: user=0.08 sys=0.00, real=0.08 secs] 
2017-11-10T19:38:30.629+0500: 554.088: [Full GC (Allocation Failure) 2017-11-10T19:38:30.629+0500: 554.088: [Tenured: 349567K->349567K(349568K), 0.0749672 secs] 506815K->506801K(506816K), [Metaspace: 12960K->12960K(1060864K)], 0.0750357 secs] [Times: user=0.06 sys=0.00, real=0.08 secs] 
2017-11-10T19:38:30.704+0500: 554.163: [Full GC (Allocation Failure) 2017-11-10T19:38:30.704+0500: 554.163: [Tenured: 349567K->349567K(349568K), 0.0731402 secs] 506815K->506798K(506816K), [Metaspace: 12960K->12960K(1060864K)], 0.0732111 secs] [Times: user=0.08 sys=0.00, real=0.07 secs] 
2017-11-10T19:38:30.778+0500: 554.237: [Full GC (Allocation Failure) 2017-11-10T19:38:30.778+0500: 554.237: [Tenured: 349567K->349567K(349568K), 0.0733324 secs] 506815K->506798K(506816K), [Metaspace: 12960K->12960K(1060864K)], 0.0734028 secs] [Times: user=0.08 sys=0.00, real=0.07 secs] 
2017-11-10T19:38:30.852+0500: 554.311: [Full GC (Allocation Failure) 2017-11-10T19:38:30.852+0500: 554.311: [Tenured: 349567K->349567K(349568K), 0.0744016 secs] 506815K->506808K(506816K), [Metaspace: 12960K->12960K(1060864K)], 0.0744729 secs] [Times: user=0.08 sys=0.00, real=0.07 secs] 
2017-11-10T19:38:30.927+0500: 554.386: [Full GC (Allocation Failure) 2017-11-10T19:38:30.927+0500: 554.386: [Tenured: 349567K->349567K(349568K), 0.0774840 secs] 506815K->506801K(506816K), [Metaspace: 12960K->12960K(1060864K)], 0.0776429 secs] [Times: user=0.08 sys=0.00, real=0.08 secs] 
2017-11-10T19:38:31.005+0500: 554.464: [Full GC (Allocation Failure) 2017-11-10T19:38:31.005+0500: 554.464: [Tenured: 349567K->349567K(349568K), 0.0732111 secs] 506815K->506798K(506816K), [Metaspace: 12960K->12960K(1060864K)], 0.0732854 secs] [Times: user=0.06 sys=0.00, real=0.07 secs] 
2017-11-10T19:38:31.079+0500: 554.538: [Full GC (Allocation Failure) 2017-11-10T19:38:31.079+0500: 554.538: [Tenured: 349567K->349567K(349568K), 0.0746621 secs] 506815K->506798K(506816K), [Metaspace: 12960K->12960K(1060864K)], 0.0747443 secs] [Times: user=0.08 sys=0.00, real=0.08 secs] 
2017-11-10T19:38:31.154+0500: 554.613: [Full GC (Allocation Failure) 2017-11-10T19:38:31.154+0500: 554.613: [Tenured: 349567K->349567K(349568K), 0.0750899 secs] 506815K->506808K(506816K), [Metaspace: 12960K->12960K(1060864K)], 0.0751765 secs] [Times: user=0.08 sys=0.00, real=0.08 secs] 
2017-11-10T19:38:31.230+0500: 554.689: [Full GC (Allocation Failure) 2017-11-10T19:38:31.230+0500: 554.689: [Tenured: 349567K->349567K(349568K), 0.0752513 secs] 506815K->506801K(506816K), [Metaspace: 12960K->12960K(1060864K)], 0.0753593 secs] [Times: user=0.08 sys=0.00, real=0.08 secs] 
2017-11-10T19:38:31.306+0500: 554.764: [Full GC (Allocation Failure) 2017-11-10T19:38:31.306+0500: 554.764: [Tenured: 349567K->349567K(349568K), 0.0734121 secs] 506815K->506798K(506816K), [Metaspace: 12960K->12960K(1060864K)], 0.0734932 secs] [Times: user=0.08 sys=0.00, real=0.07 secs] 
2017-11-10T19:38:31.380+0500: 554.839: [Full GC (Allocation Failure) 2017-11-10T19:38:31.380+0500: 554.839: [Tenured: 349567K->349567K(349568K), 0.0741195 secs] 506815K->506798K(506816K), [Metaspace: 12960K->12960K(1060864K)], 0.0741923 secs] [Times: user=0.06 sys=0.00, real=0.07 secs] 
2017-11-10T19:38:31.454+0500: 554.913: [Full GC (Allocation Failure) 2017-11-10T19:38:31.454+0500: 554.913: [Tenured: 349567K->349567K(349568K), 0.0751476 secs] 506815K->506808K(506816K), [Metaspace: 12960K->12960K(1060864K)], 0.0752195 secs] [Times: user=0.08 sys=0.00, real=0.08 secs] 
2017-11-10T19:38:31.530+0500: 554.989: [Full GC (Allocation Failure) 2017-11-10T19:38:31.530+0500: 554.989: [Tenured: 349567K->349567K(349568K), 0.0756213 secs] 506815K->506801K(506816K), [Metaspace: 12960K->12960K(1060864K)], 0.0757299 secs] [Times: user=0.08 sys=0.00, real=0.08 secs] 
2017-11-10T19:38:31.606+0500: 555.065: [Full GC (Allocation Failure) 2017-11-10T19:38:31.606+0500: 555.065: [Tenured: 349567K->349567K(349568K), 0.0748572 secs] 506815K->506798K(506816K), [Metaspace: 12960K->12960K(1060864K)], 0.0749398 secs] [Times: user=0.08 sys=0.00, real=0.08 secs] 
2017-11-10T19:38:31.682+0500: 555.141: [Full GC (Allocation Failure) 2017-11-10T19:38:31.682+0500: 555.141: [Tenured: 349567K->349567K(349568K), 0.0754688 secs] 506815K->506798K(506816K), [Metaspace: 12960K->12960K(1060864K)], 0.0755475 secs] [Times: user=0.06 sys=0.00, real=0.08 secs] 
2017-11-10T19:38:31.758+0500: 555.217: [Full GC (Allocation Failure) 2017-11-10T19:38:31.758+0500: 555.217: [Tenured: 349567K->349567K(349568K), 0.0735377 secs] 506815K->506808K(506816K), [Metaspace: 12960K->12960K(1060864K)], 0.0736477 secs] [Times: user=0.08 sys=0.00, real=0.07 secs] 
2017-11-10T19:38:31.832+0500: 555.291: [Full GC (Allocation Failure) 2017-11-10T19:38:31.832+0500: 555.291: [Tenured: 349567K->349567K(349568K), 0.0746137 secs] 506815K->506801K(506816K), [Metaspace: 12960K->12960K(1060864K)], 0.0747159 secs] [Times: user=0.06 sys=0.00, real=0.07 secs] 
2017-11-10T19:38:31.907+0500: 555.366: [Full GC (Allocation Failure) 2017-11-10T19:38:31.907+0500: 555.366: [Tenured: 349567K->349567K(349568K), 0.0756013 secs] 506815K->506798K(506816K), [Metaspace: 12960K->12960K(1060864K)], 0.0756776 secs] [Times: user=0.06 sys=0.00, real=0.08 secs] 
2017-11-10T19:38:31.983+0500: 555.442: [Full GC (Allocation Failure) 2017-11-10T19:38:31.983+0500: 555.442: [Tenured: 349567K->349567K(349568K), 0.0859775 secs] 506815K->506798K(506816K), [Metaspace: 12960K->12960K(1060864K)], 0.0860938 secs] [Times: user=0.09 sys=0.00, real=0.09 secs] 
2017-11-10T19:38:32.070+0500: 555.529: [Full GC (Allocation Failure) 2017-11-10T19:38:32.070+0500: 555.529: [Tenured: 349567K->349567K(349568K), 0.0777495 secs] 506815K->506808K(506816K), [Metaspace: 12960K->12960K(1060864K)], 0.0778477 secs] [Times: user=0.08 sys=0.00, real=0.08 secs] 
2017-11-10T19:38:32.148+0500: 555.607: [Full GC (Allocation Failure) 2017-11-10T19:38:32.148+0500: 555.607: [Tenured: 349567K->349567K(349568K), 0.0731862 secs] 506815K->506801K(506816K), [Metaspace: 12960K->12960K(1060864K)], 0.0732678 secs] [Times: user=0.08 sys=0.00, real=0.07 secs] 
2017-11-10T19:38:32.222+0500: 555.681: [Full GC (Allocation Failure) 2017-11-10T19:38:32.222+0500: 555.681: [Tenured: 349567K->349567K(349568K), 0.0744094 secs] 506815K->506798K(506816K), [Metaspace: 12960K->12960K(1060864K)], 0.0744827 secs] [Times: user=0.06 sys=0.00, real=0.07 secs] 
2017-11-10T19:38:32.297+0500: 555.756: [Full GC (Allocation Failure) 2017-11-10T19:38:32.297+0500: 555.756: [Tenured: 349567K->349567K(349568K), 0.0741288 secs] 506815K->506798K(506816K), [Metaspace: 12960K->12960K(1060864K)], 0.0742319 secs] [Times: user=0.08 sys=0.00, real=0.07 secs] 
2017-11-10T19:38:32.372+0500: 555.831: [Full GC (Allocation Failure) 2017-11-10T19:38:32.372+0500: 555.831: [Tenured: 349567K->349567K(349568K), 0.0731265 secs] 506815K->506808K(506816K), [Metaspace: 12960K->12960K(1060864K)], 0.0732292 secs] [Times: user=0.08 sys=0.00, real=0.07 secs] 
2017-11-10T19:38:32.445+0500: 555.904: [Full GC (Allocation Failure) 2017-11-10T19:38:32.445+0500: 555.904: [Tenured: 349567K->349567K(349568K), 0.0750885 secs] 506815K->506801K(506816K), [Metaspace: 12960K->12960K(1060864K)], 0.0751623 secs] [Times: user=0.08 sys=0.00, real=0.08 secs] 
2017-11-10T19:38:32.521+0500: 555.980: [Full GC (Allocation Failure) 2017-11-10T19:38:32.521+0500: 555.980: [Tenured: 349567K->349567K(349568K), 0.0731632 secs] 506815K->506798K(506816K), [Metaspace: 12960K->12960K(1060864K)], 0.0732361 secs] [Times: user=0.06 sys=0.00, real=0.07 secs] 
2017-11-10T19:38:32.595+0500: 556.054: [Full GC (Allocation Failure) 2017-11-10T19:38:32.595+0500: 556.054: [Tenured: 349567K->349567K(349568K), 0.0830862 secs] 506815K->506798K(506816K), [Metaspace: 12960K->12960K(1060864K)], 0.0831654 secs] [Times: user=0.09 sys=0.00, real=0.08 secs] 
2017-11-10T19:38:32.678+0500: 556.137: [Full GC (Allocation Failure) 2017-11-10T19:38:32.678+0500: 556.137: [Tenured: 349567K->349567K(349568K), 0.0750137 secs] 506815K->506808K(506816K), [Metaspace: 12960K->12960K(1060864K)], 0.0751065 secs] [Times: user=0.08 sys=0.00, real=0.08 secs] 
2017-11-10T19:38:32.754+0500: 556.213: [Full GC (Allocation Failure) 2017-11-10T19:38:32.754+0500: 556.213: [Tenured: 349567K->349567K(349568K), 0.0820292 secs] 506815K->506801K(506816K), [Metaspace: 12960K->12960K(1060864K)], 0.0821387 secs] [Times: user=0.08 sys=0.00, real=0.08 secs] 
2017-11-10T19:38:32.836+0500: 556.295: [Full GC (Allocation Failure) 2017-11-10T19:38:32.836+0500: 556.295: [Tenured: 349567K->349567K(349568K), 0.0922098 secs] 506815K->506798K(506816K), [Metaspace: 12960K->12960K(1060864K)], 0.0923506 secs] [Times: user=0.09 sys=0.00, real=0.09 secs] 
2017-11-10T19:38:32.930+0500: 556.389: [Full GC (Allocation Failure) 2017-11-10T19:38:32.930+0500: 556.389: [Tenured: 349567K->349567K(349568K), 0.0874129 secs] 506815K->506798K(506816K), [Metaspace: 12960K->12960K(1060864K)], 0.0875116 secs] [Times: user=0.08 sys=0.00, real=0.09 secs] 
2017-11-10T19:38:33.018+0500: 556.477: [Full GC (Allocation Failure) 2017-11-10T19:38:33.018+0500: 556.477: [Tenured: 349567K->349567K(349568K), 0.0841500 secs] 506815K->506808K(506816K), [Metaspace: 12960K->12960K(1060864K)], 0.0842967 secs] [Times: user=0.08 sys=0.00, real=0.09 secs] 
2017-11-10T19:38:33.103+0500: 556.562: [Full GC (Allocation Failure) 2017-11-10T19:38:33.103+0500: 556.562: [Tenured: 349567K->349567K(349568K), 0.0859677 secs] 506815K->506801K(506816K), [Metaspace: 12960K->12960K(1060864K)], 0.0860797 secs] [Times: user=0.08 sys=0.00, real=0.09 secs] 
2017-11-10T19:38:33.190+0500: 556.649: [Full GC (Allocation Failure) 2017-11-10T19:38:33.190+0500: 556.649: [Tenured: 349567K->349567K(349568K), 0.0859384 secs] 506815K->506798K(506816K), [Metaspace: 12960K->12960K(1060864K)], 0.0860215 secs] [Times: user=0.08 sys=0.00, real=0.09 secs] 
2017-11-10T19:38:33.276+0500: 556.735: [Full GC (Allocation Failure) 2017-11-10T19:38:33.276+0500: 556.735: [Tenured: 349567K->349567K(349568K), 0.0847157 secs] 506815K->506798K(506816K), [Metaspace: 12960K->12960K(1060864K)], 0.0848320 secs] [Times: user=0.08 sys=0.00, real=0.09 secs] 
2017-11-10T19:38:33.362+0500: 556.821: [Full GC (Allocation Failure) 2017-11-10T19:38:33.362+0500: 556.821: [Tenured: 349567K->349567K(349568K), 0.0855482 secs] 506815K->506808K(506816K), [Metaspace: 12960K->12960K(1060864K)], 0.0856631 secs] [Times: user=0.08 sys=0.00, real=0.09 secs] 
2017-11-10T19:38:33.448+0500: 556.907: [Full GC (Allocation Failure) 2017-11-10T19:38:33.448+0500: 556.907: [Tenured: 349567K->349567K(349568K), 0.0859965 secs] 506815K->506801K(506816K), [Metaspace: 12960K->12960K(1060864K)], 0.0863705 secs] [Times: user=0.09 sys=0.00, real=0.09 secs] 
2017-11-10T19:38:33.535+0500: 556.994: [Full GC (Allocation Failure) 2017-11-10T19:38:33.535+0500: 556.994: [Tenured: 349567K->349567K(349568K), 0.0836993 secs] 506815K->506798K(506816K), [Metaspace: 12960K->12960K(1060864K)], 0.0838259 secs] [Times: user=0.08 sys=0.00, real=0.08 secs] 
2017-11-10T19:38:33.619+0500: 557.078: [Full GC (Allocation Failure) 2017-11-10T19:38:33.619+0500: 557.078: [Tenured: 349567K->349567K(349568K), 0.0875106 secs] 506815K->506798K(506816K), [Metaspace: 12960K->12960K(1060864K)], 0.0876011 secs] [Times: user=0.09 sys=0.00, real=0.09 secs] 
2017-11-10T19:38:33.708+0500: 557.167: [Full GC (Allocation Failure) 2017-11-10T19:38:33.708+0500: 557.167: [Tenured: 349567K->349567K(349568K), 0.0869719 secs] 506815K->506808K(506816K), [Metaspace: 12960K->12960K(1060864K)], 0.0870941 secs] [Times: user=0.08 sys=0.00, real=0.09 secs] 
2017-11-10T19:38:33.795+0500: 557.254: [Full GC (Allocation Failure) 2017-11-10T19:38:33.795+0500: 557.254: [Tenured: 349567K->349567K(349568K), 0.0860889 secs] 506815K->506801K(506816K), [Metaspace: 12960K->12960K(1060864K)], 0.0862033 secs] [Times: user=0.09 sys=0.00, real=0.09 secs] 
2017-11-10T19:38:33.882+0500: 557.341: [Full GC (Allocation Failure) 2017-11-10T19:38:33.882+0500: 557.341: [Tenured: 349567K->349567K(349568K), 0.0864840 secs] 506815K->506798K(506816K), [Metaspace: 12960K->12960K(1060864K)], 0.0865940 secs] [Times: user=0.08 sys=0.00, real=0.09 secs] 
2017-11-10T19:38:33.969+0500: 557.428: [Full GC (Allocation Failure) 2017-11-10T19:38:33.969+0500: 557.429: [Tenured: 349567K->349567K(349568K), 0.0854876 secs] 506815K->506798K(506816K), [Metaspace: 12960K->12960K(1060864K)], 0.0855952 secs] [Times: user=0.09 sys=0.00, real=0.09 secs] 
2017-11-10T19:38:34.055+0500: 557.515: [Full GC (Allocation Failure) 2017-11-10T19:38:34.055+0500: 557.515: [Tenured: 349567K->349567K(349568K), 0.0893591 secs] 506815K->506808K(506816K), [Metaspace: 12960K->12960K(1060864K)], 0.0894755 secs] [Times: user=0.09 sys=0.00, real=0.09 secs] 
2017-11-10T19:38:34.146+0500: 557.605: [Full GC (Allocation Failure) 2017-11-10T19:38:34.146+0500: 557.605: [Tenured: 349567K->349567K(349568K), 0.0926024 secs] 506815K->506801K(506816K), [Metaspace: 12960K->12960K(1060864K)], 0.0927119 secs] [Times: user=0.09 sys=0.00, real=0.09 secs] 
2017-11-10T19:38:34.239+0500: 557.699: [Full GC (Allocation Failure) 2017-11-10T19:38:34.239+0500: 557.699: [Tenured: 349567K->349567K(349568K), 0.0856538 secs] 506815K->506798K(506816K), [Metaspace: 12960K->12960K(1060864K)], 0.0857658 secs] [Times: user=0.08 sys=0.00, real=0.09 secs] 
2017-11-10T19:38:34.326+0500: 557.785: [Full GC (Allocation Failure) 2017-11-10T19:38:34.326+0500: 557.785: [Tenured: 349567K->349567K(349568K), 0.0801802 secs] 506815K->506798K(506816K), [Metaspace: 12960K->12960K(1060864K)], 0.0802751 secs] [Times: user=0.08 sys=0.00, real=0.08 secs] 
2017-11-10T19:38:34.406+0500: 557.866: [Full GC (Allocation Failure) 2017-11-10T19:38:34.407+0500: 557.866: [Tenured: 349567K->349567K(349568K), 0.0831175 secs] 506815K->506808K(506816K), [Metaspace: 12960K->12960K(1060864K)], 0.0832353 secs] [Times: user=0.09 sys=0.00, real=0.08 secs] 
2017-11-10T19:38:34.490+0500: 557.949: [Full GC (Allocation Failure) 2017-11-10T19:38:34.490+0500: 557.950: [Tenured: 349567K->349567K(349568K), 0.0810783 secs] 506815K->506801K(506816K), [Metaspace: 12960K->12960K(1060864K)], 0.0811971 secs] [Times: user=0.08 sys=0.00, real=0.08 secs] 
2017-11-10T19:38:34.572+0500: 558.031: [Full GC (Allocation Failure) 2017-11-10T19:38:34.572+0500: 558.031: [Tenured: 349567K->349567K(349568K), 0.0753735 secs] 506815K->506798K(506816K), [Metaspace: 12960K->12960K(1060864K)], 0.0754507 secs] [Times: user=0.08 sys=0.00, real=0.08 secs] 
2017-11-10T19:38:34.648+0500: 558.107: [Full GC (Allocation Failure) 2017-11-10T19:38:34.648+0500: 558.107: [Tenured: 349567K->349567K(349568K), 0.0737831 secs] 506815K->506798K(506816K), [Metaspace: 12960K->12960K(1060864K)], 0.0738868 secs] [Times: user=0.08 sys=0.00, real=0.07 secs] 
2017-11-10T19:38:34.722+0500: 558.182: [Full GC (Allocation Failure) 2017-11-10T19:38:34.722+0500: 558.182: [Tenured: 349567K->349567K(349568K), 0.0738467 secs] 506815K->506808K(506816K), [Metaspace: 12960K->12960K(1060864K)], 0.0739200 secs] [Times: user=0.06 sys=0.00, real=0.07 secs] 
2017-11-10T19:38:34.796+0500: 558.256: [Full GC (Allocation Failure) 2017-11-10T19:38:34.796+0500: 558.256: [Tenured: 349567K->349567K(349568K), 0.0729017 secs] 506815K->506801K(506816K), [Metaspace: 12960K->12960K(1060864K)], 0.0729750 secs] [Times: user=0.08 sys=0.00, real=0.07 secs] 
2017-11-10T19:38:34.870+0500: 558.329: [Full GC (Allocation Failure) 2017-11-10T19:38:34.870+0500: 558.329: [Tenured: 349567K->349567K(349568K), 0.0743766 secs] 506815K->506798K(506816K), [Metaspace: 12960K->12960K(1060864K)], 0.0744485 secs] [Times: user=0.08 sys=0.00, real=0.07 secs] 
2017-11-10T19:38:34.945+0500: 558.404: [Full GC (Allocation Failure) 2017-11-10T19:38:34.945+0500: 558.405: [Tenured: 349567K->349567K(349568K), 0.0738574 secs] 506815K->506798K(506816K), [Metaspace: 12960K->12960K(1060864K)], 0.0739611 secs] [Times: user=0.08 sys=0.00, real=0.07 secs] 
2017-11-10T19:38:35.020+0500: 558.479: [Full GC (Allocation Failure) 2017-11-10T19:38:35.020+0500: 558.479: [Tenured: 349567K->349567K(349568K), 0.0735485 secs] 506815K->506808K(506816K), [Metaspace: 12960K->12960K(1060864K)], 0.0736257 secs] [Times: user=0.06 sys=0.00, real=0.07 secs] 
2017-11-10T19:38:35.093+0500: 558.553: [Full GC (Allocation Failure) 2017-11-10T19:38:35.093+0500: 558.553: [Tenured: 349567K->349567K(349568K), 0.0775045 secs] 506815K->506801K(506816K), [Metaspace: 12960K->12960K(1060864K)], 0.0775813 secs] [Times: user=0.08 sys=0.00, real=0.08 secs] 
2017-11-10T19:38:35.171+0500: 558.631: [Full GC (Allocation Failure) 2017-11-10T19:38:35.171+0500: 558.631: [Tenured: 349567K->349567K(349568K), 0.0759758 secs] 506815K->506798K(506816K), [Metaspace: 12960K->12960K(1060864K)], 0.0760545 secs] [Times: user=0.08 sys=0.00, real=0.08 secs] 
2017-11-10T19:38:35.248+0500: 558.708: [Full GC (Allocation Failure) 2017-11-10T19:38:35.248+0500: 558.708: [Tenured: 349567K->349567K(349568K), 0.0741953 secs] 506815K->506798K(506816K), [Metaspace: 12960K->12960K(1060864K)], 0.0743776 secs] [Times: user=0.08 sys=0.00, real=0.08 secs] 
2017-11-10T19:38:35.324+0500: 558.783: [Full GC (Allocation Failure) 2017-11-10T19:38:35.324+0500: 558.783: [Tenured: 349567K->349567K(349568K), 0.0743815 secs] 506815K->506808K(506816K), [Metaspace: 12960K->12960K(1060864K)], 0.0744514 secs] [Times: user=0.08 sys=0.00, real=0.07 secs] 
2017-11-10T19:38:35.399+0500: 558.858: [Full GC (Allocation Failure) 2017-11-10T19:38:35.399+0500: 558.858: [Tenured: 349567K->349567K(349568K), 0.0760609 secs] 506815K->506801K(506816K), [Metaspace: 12960K->12960K(1060864K)], 0.0761616 secs] [Times: user=0.08 sys=0.00, real=0.08 secs] 
2017-11-10T19:38:35.475+0500: 558.934: [Full GC (Allocation Failure) 2017-11-10T19:38:35.475+0500: 558.934: [Tenured: 349567K->349567K(349568K), 0.0751339 secs] 506815K->506798K(506816K), [Metaspace: 12960K->12960K(1060864K)], 0.0752180 secs] [Times: user=0.08 sys=0.00, real=0.08 secs] 
2017-11-10T19:38:35.551+0500: 559.010: [Full GC (Allocation Failure) 2017-11-10T19:38:35.551+0500: 559.010: [Tenured: 349567K->349567K(349568K), 0.0753397 secs] 506815K->506798K(506816K), [Metaspace: 12960K->12960K(1060864K)], 0.0754106 secs] [Times: user=0.06 sys=0.00, real=0.07 secs] 
2017-11-10T19:38:35.627+0500: 559.086: [Full GC (Allocation Failure) 2017-11-10T19:38:35.627+0500: 559.086: [Tenured: 349567K->349567K(349568K), 0.0750572 secs] 506815K->506808K(506816K), [Metaspace: 12960K->12960K(1060864K)], 0.0751608 secs] [Times: user=0.08 sys=0.00, real=0.07 secs] 
2017-11-10T19:38:35.702+0500: 559.162: [Full GC (Allocation Failure) 2017-11-10T19:38:35.703+0500: 559.162: [Tenured: 349567K->349567K(349568K), 0.0746626 secs] 506815K->506801K(506816K), [Metaspace: 12960K->12960K(1060864K)], 0.0747506 secs] [Times: user=0.08 sys=0.00, real=0.08 secs] 
2017-11-10T19:38:35.778+0500: 559.237: [Full GC (Allocation Failure) 2017-11-10T19:38:35.778+0500: 559.237: [Tenured: 349567K->349567K(349568K), 0.0747345 secs] 506815K->506798K(506816K), [Metaspace: 12960K->12960K(1060864K)], 0.0748494 secs] [Times: user=0.08 sys=0.00, real=0.07 secs] 
2017-11-10T19:38:35.853+0500: 559.312: [Full GC (Allocation Failure) 2017-11-10T19:38:35.853+0500: 559.312: [Tenured: 349567K->349567K(349568K), 0.0740427 secs] 506815K->506798K(506816K), [Metaspace: 12960K->12960K(1060864K)], 0.0741156 secs] [Times: user=0.08 sys=0.00, real=0.07 secs] 
2017-11-10T19:38:35.928+0500: 559.387: [Full GC (Allocation Failure) 2017-11-10T19:38:35.928+0500: 559.387: [Tenured: 349567K->349567K(349568K), 0.0732185 secs] 506815K->506808K(506816K), [Metaspace: 12960K->12960K(1060864K)], 0.0732884 secs] [Times: user=0.06 sys=0.00, real=0.07 secs] 
2017-11-10T19:38:36.001+0500: 559.461: [Full GC (Allocation Failure) 2017-11-10T19:38:36.001+0500: 559.461: [Tenured: 349567K->349567K(349568K), 0.0728943 secs] 506815K->506801K(506816K), [Metaspace: 12960K->12960K(1060864K)], 0.0729691 secs] [Times: user=0.08 sys=0.00, real=0.07 secs] 
2017-11-10T19:38:36.075+0500: 559.534: [Full GC (Allocation Failure) 2017-11-10T19:38:36.075+0500: 559.534: [Tenured: 349567K->349567K(349568K), 0.0735636 secs] 506815K->506798K(506816K), [Metaspace: 12960K->12960K(1060864K)], 0.0736374 secs] [Times: user=0.08 sys=0.00, real=0.07 secs] 
2017-11-10T19:38:36.149+0500: 559.608: [Full GC (Allocation Failure) 2017-11-10T19:38:36.149+0500: 559.608: [Tenured: 349567K->349567K(349568K), 0.0746338 secs] 506815K->506798K(506816K), [Metaspace: 12960K->12960K(1060864K)], 0.0747096 secs] [Times: user=0.08 sys=0.00, real=0.08 secs] 
2017-11-10T19:38:36.224+0500: 559.683: [Full GC (Allocation Failure) 2017-11-10T19:38:36.224+0500: 559.683: [Tenured: 349567K->349567K(349568K), 0.0745991 secs] 506815K->506808K(506816K), [Metaspace: 12960K->12960K(1060864K)], 0.0747066 secs] [Times: user=0.08 sys=0.00, real=0.08 secs] 
2017-11-10T19:38:36.299+0500: 559.758: [Full GC (Allocation Failure) 2017-11-10T19:38:36.299+0500: 559.759: [Tenured: 349567K->349567K(349568K), 0.0773315 secs] 506815K->506801K(506816K), [Metaspace: 12960K->12960K(1060864K)], 0.0774293 secs] [Times: user=0.06 sys=0.00, real=0.08 secs] 
2017-11-10T19:38:36.377+0500: 559.836: [Full GC (Allocation Failure) 2017-11-10T19:38:36.377+0500: 559.836: [Tenured: 349567K->349567K(349568K), 0.0734443 secs] 506815K->506798K(506816K), [Metaspace: 12960K->12960K(1060864K)], 0.0735172 secs] [Times: user=0.08 sys=0.00, real=0.07 secs] 
2017-11-10T19:38:36.451+0500: 559.910: [Full GC (Allocation Failure) 2017-11-10T19:38:36.451+0500: 559.910: [Tenured: 349567K->349567K(349568K), 0.0732087 secs] 506815K->506798K(506816K), [Metaspace: 12960K->12960K(1060864K)], 0.0732830 secs] [Times: user=0.08 sys=0.00, real=0.07 secs] 
2017-11-10T19:38:36.525+0500: 559.984: [Full GC (Allocation Failure) 2017-11-10T19:38:36.525+0500: 559.984: [Tenured: 349567K->349567K(349568K), 0.0737000 secs] 506815K->506808K(506816K), [Metaspace: 12960K->12960K(1060864K)], 0.0738017 secs] [Times: user=0.08 sys=0.00, real=0.07 secs] 
2017-11-10T19:38:36.599+0500: 560.058: [Full GC (Allocation Failure) 2017-11-10T19:38:36.599+0500: 560.058: [Tenured: 349567K->349567K(349568K), 0.0729295 secs] 506815K->506801K(506816K), [Metaspace: 12960K->12960K(1060864K)], 0.0730185 secs] [Times: user=0.06 sys=0.00, real=0.07 secs] 
2017-11-10T19:38:36.672+0500: 560.132: [Full GC (Allocation Failure) 2017-11-10T19:38:36.672+0500: 560.132: [Tenured: 349567K->349567K(349568K), 0.0767712 secs] 506815K->506798K(506816K), [Metaspace: 12960K->12960K(1060864K)], 0.0768431 secs] [Times: user=0.08 sys=0.00, real=0.08 secs] 
2017-11-10T19:38:36.749+0500: 560.209: [Full GC (Allocation Failure) 2017-11-10T19:38:36.749+0500: 560.209: [Tenured: 349567K->349567K(349568K), 0.0762393 secs] 506815K->506798K(506816K), [Metaspace: 12960K->12960K(1060864K)], 0.0763107 secs] [Times: user=0.08 sys=0.00, real=0.08 secs] 
2017-11-10T19:38:36.826+0500: 560.286: [Full GC (Allocation Failure) 2017-11-10T19:38:36.826+0500: 560.286: [Tenured: 349567K->349567K(349568K), 0.0776893 secs] 506815K->506808K(506816K), [Metaspace: 12960K->12960K(1060864K)], 0.0777607 secs] [Times: user=0.08 sys=0.00, real=0.08 secs] 
2017-11-10T19:38:36.904+0500: 560.364: [Full GC (Allocation Failure) 2017-11-10T19:38:36.904+0500: 560.364: [Tenured: 349567K->349567K(349568K), 0.0789008 secs] 506815K->506801K(506816K), [Metaspace: 12960K->12960K(1060864K)], 0.0790054 secs] [Times: user=0.08 sys=0.00, real=0.08 secs] 
2017-11-10T19:38:36.984+0500: 560.444: [Full GC (Allocation Failure) 2017-11-10T19:38:36.984+0500: 560.444: [Tenured: 349567K->349567K(349568K), 0.0827005 secs] 506815K->506798K(506816K), [Metaspace: 12960K->12960K(1060864K)], 0.0827836 secs] [Times: user=0.09 sys=0.00, real=0.08 secs] 
2017-11-10T19:38:37.068+0500: 560.527: [Full GC (Allocation Failure) 2017-11-10T19:38:37.068+0500: 560.527: [Tenured: 349567K->349567K(349568K), 0.0808686 secs] 506815K->506798K(506816K), [Metaspace: 12960K->12960K(1060864K)], 0.0809673 secs] [Times: user=0.08 sys=0.00, real=0.08 secs] 
2017-11-10T19:38:37.150+0500: 560.608: [Full GC (Allocation Failure) 2017-11-10T19:38:37.150+0500: 560.609: [Tenured: 349567K->349567K(349568K), 0.0744358 secs] 506815K->506808K(506816K), [Metaspace: 12960K->12960K(1060864K)], 0.0745140 secs] [Times: user=0.08 sys=0.00, real=0.07 secs] 
2017-11-10T19:38:37.224+0500: 560.683: [Full GC (Allocation Failure) 2017-11-10T19:38:37.224+0500: 560.683: [Tenured: 349567K->349567K(349568K), 0.0753329 secs] 506815K->506801K(506816K), [Metaspace: 12960K->12960K(1060864K)], 0.0754053 secs] [Times: user=0.08 sys=0.00, real=0.08 secs] 
2017-11-10T19:38:37.300+0500: 560.759: [Full GC (Allocation Failure) 2017-11-10T19:38:37.300+0500: 560.759: [Tenured: 349567K->349567K(349568K), 0.0758790 secs] 506815K->506798K(506816K), [Metaspace: 12960K->12960K(1060864K)], 0.0759509 secs] [Times: user=0.06 sys=0.00, real=0.08 secs] 
2017-11-10T19:38:37.377+0500: 560.836: [Full GC (Allocation Failure) 2017-11-10T19:38:37.377+0500: 560.836: [Tenured: 349567K->349567K(349568K), 0.0740271 secs] 506815K->506798K(506816K), [Metaspace: 12960K->12960K(1060864K)], 0.0741244 secs] [Times: user=0.08 sys=0.00, real=0.07 secs] 
2017-11-10T19:38:37.451+0500: 560.910: [Full GC (Allocation Failure) 2017-11-10T19:38:37.451+0500: 560.910: [Tenured: 349567K->349567K(349568K), 0.0728704 secs] 506815K->506808K(506816K), [Metaspace: 12960K->12960K(1060864K)], 0.0729510 secs] [Times: user=0.08 sys=0.00, real=0.07 secs] 
2017-11-10T19:38:37.525+0500: 560.984: [Full GC (Allocation Failure) 2017-11-10T19:38:37.525+0500: 560.984: [Tenured: 349567K->349567K(349568K), 0.0734761 secs] 506815K->506801K(506816K), [Metaspace: 12960K->12960K(1060864K)], 0.0735719 secs] [Times: user=0.08 sys=0.00, real=0.07 secs] 
2017-11-10T19:38:37.599+0500: 561.058: [Full GC (Allocation Failure) 2017-11-10T19:38:37.599+0500: 561.058: [Tenured: 349567K->349567K(349568K), 0.0731393 secs] 506815K->506798K(506816K), [Metaspace: 12960K->12960K(1060864K)], 0.0732326 secs] [Times: user=0.06 sys=0.00, real=0.07 secs] 
2017-11-10T19:38:37.672+0500: 561.132: [Full GC (Allocation Failure) 2017-11-10T19:38:37.672+0500: 561.132: [Tenured: 349567K->349567K(349568K), 0.0736697 secs] 506815K->506798K(506816K), [Metaspace: 12960K->12960K(1060864K)], 0.0737484 secs] [Times: user=0.08 sys=0.00, real=0.08 secs] 
2017-11-10T19:38:37.747+0500: 561.206: [Full GC (Allocation Failure) 2017-11-10T19:38:37.747+0500: 561.206: [Tenured: 349567K->349567K(349568K), 0.0749418 secs] 506815K->506808K(506816K), [Metaspace: 12960K->12960K(1060864K)], 0.0750469 secs] [Times: user=0.08 sys=0.00, real=0.08 secs] 
2017-11-10T19:38:37.822+0500: 561.281: [Full GC (Allocation Failure) 2017-11-10T19:38:37.823+0500: 561.281: [Tenured: 349567K->349567K(349568K), 0.0747409 secs] 506815K->506801K(506816K), [Metaspace: 12960K->12960K(1060864K)], 0.0748264 secs] [Times: user=0.08 sys=0.00, real=0.08 secs] 
2017-11-10T19:38:37.897+0500: 561.357: [Full GC (Allocation Failure) 2017-11-10T19:38:37.897+0500: 561.357: [Tenured: 349567K->349567K(349568K), 0.0748205 secs] 506815K->506798K(506816K), [Metaspace: 12960K->12960K(1060864K)], 0.0749252 secs] [Times: user=0.08 sys=0.00, real=0.07 secs] 
2017-11-10T19:38:37.973+0500: 561.432: [Full GC (Allocation Failure) 2017-11-10T19:38:37.973+0500: 561.432: [Tenured: 349567K->349567K(349568K), 0.0757827 secs] 506815K->506798K(506816K), [Metaspace: 12960K->12960K(1060864K)], 0.0758863 secs] [Times: user=0.08 sys=0.00, real=0.08 secs] 
2017-11-10T19:38:38.049+0500: 561.509: [Full GC (Allocation Failure) 2017-11-10T19:38:38.049+0500: 561.509: [Tenured: 349567K->349567K(349568K), 0.0769912 secs] 506815K->506808K(506816K), [Metaspace: 12960K->12960K(1060864K)], 0.0770650 secs] [Times: user=0.06 sys=0.00, real=0.08 secs] 
2017-11-10T19:38:38.127+0500: 561.586: [Full GC (Allocation Failure) 2017-11-10T19:38:38.127+0500: 561.586: [Tenured: 349567K->349567K(349568K), 0.0740452 secs] 506815K->506801K(506816K), [Metaspace: 12960K->12960K(1060864K)], 0.0741239 secs] [Times: user=0.08 sys=0.00, real=0.07 secs] 
2017-11-10T19:38:38.201+0500: 561.661: [Full GC (Allocation Failure) 2017-11-10T19:38:38.201+0500: 561.661: [Tenured: 349567K->349567K(349568K), 0.0735812 secs] 506815K->506798K(506816K), [Metaspace: 12960K->12960K(1060864K)], 0.0737015 secs] [Times: user=0.08 sys=0.00, real=0.08 secs] 
2017-11-10T19:38:38.276+0500: 561.735: [Full GC (Allocation Failure) 2017-11-10T19:38:38.276+0500: 561.735: [Tenured: 349567K->349567K(349568K), 0.0748636 secs] 506815K->506798K(506816K), [Metaspace: 12960K->12960K(1060864K)], 0.0749408 secs] [Times: user=0.08 sys=0.00, real=0.08 secs] 
2017-11-10T19:38:38.352+0500: 561.810: [Full GC (Allocation Failure) 2017-11-10T19:38:38.352+0500: 561.811: [Tenured: 349567K->349567K(349568K), 0.0735568 secs] 506815K->506808K(506816K), [Metaspace: 12960K->12960K(1060864K)], 0.0736858 secs] [Times: user=0.08 sys=0.00, real=0.07 secs] 
2017-11-10T19:38:38.426+0500: 561.885: [Full GC (Allocation Failure) 2017-11-10T19:38:38.426+0500: 561.885: [Tenured: 349567K->349567K(349568K), 0.0743654 secs] 506815K->506801K(506816K), [Metaspace: 12960K->12960K(1060864K)], 0.0744661 secs] [Times: user=0.06 sys=0.00, real=0.07 secs] 
2017-11-10T19:38:38.501+0500: 561.960: [Full GC (Allocation Failure) 2017-11-10T19:38:38.501+0500: 561.960: [Tenured: 349567K->349567K(349568K), 0.0744465 secs] 506815K->506798K(506816K), [Metaspace: 12960K->12960K(1060864K)], 0.0745179 secs] [Times: user=0.08 sys=0.00, real=0.07 secs] 
2017-11-10T19:38:38.575+0500: 562.034: [Full GC (Allocation Failure) 2017-11-10T19:38:38.575+0500: 562.034: [Tenured: 349567K->349567K(349568K), 0.0738545 secs] 506815K->506798K(506816K), [Metaspace: 12960K->12960K(1060864K)], 0.0739273 secs] [Times: user=0.08 sys=0.00, real=0.07 secs] 
2017-11-10T19:38:38.650+0500: 562.109: [Full GC (Allocation Failure) 2017-11-10T19:38:38.650+0500: 562.109: [Tenured: 349567K->349567K(349568K), 0.0739327 secs] 506815K->506808K(506816K), [Metaspace: 12960K->12960K(1060864K)], 0.0740065 secs] [Times: user=0.08 sys=0.00, real=0.07 secs] 
2017-11-10T19:38:38.724+0500: 562.183: [Full GC (Allocation Failure) 2017-11-10T19:38:38.724+0500: 562.183: [Tenured: 349567K->349567K(349568K), 0.0733984 secs] 506815K->506801K(506816K), [Metaspace: 12960K->12960K(1060864K)], 0.0735079 secs] [Times: user=0.06 sys=0.00, real=0.07 secs] 
2017-11-10T19:38:38.798+0500: 562.257: [Full GC (Allocation Failure) 2017-11-10T19:38:38.798+0500: 562.257: [Tenured: 349567K->349567K(349568K), 0.0727599 secs] 506815K->506798K(506816K), [Metaspace: 12960K->12960K(1060864K)], 0.0728743 secs] [Times: user=0.08 sys=0.00, real=0.07 secs] 
2017-11-10T19:38:38.872+0500: 562.331: [Full GC (Allocation Failure) 2017-11-10T19:38:38.872+0500: 562.331: [Tenured: 349567K->349567K(349568K), 0.0748606 secs] 506815K->506798K(506816K), [Metaspace: 12960K->12960K(1060864K)], 0.0749477 secs] [Times: user=0.08 sys=0.00, real=0.08 secs] 
2017-11-10T19:38:38.947+0500: 562.406: [Full GC (Allocation Failure) 2017-11-10T19:38:38.947+0500: 562.406: [Tenured: 349567K->349567K(349568K), 0.0751149 secs] 506815K->506808K(506816K), [Metaspace: 12960K->12960K(1060864K)], 0.0752234 secs] [Times: user=0.08 sys=0.00, real=0.08 secs] 
2017-11-10T19:38:39.023+0500: 562.482: [Full GC (Allocation Failure) 2017-11-10T19:38:39.023+0500: 562.482: [Tenured: 349567K->349567K(349568K), 0.0750694 secs] 506815K->506801K(506816K), [Metaspace: 12960K->12960K(1060864K)], 0.0751525 secs] [Times: user=0.08 sys=0.00, real=0.08 secs] 
2017-11-10T19:38:39.098+0500: 562.558: [Full GC (Allocation Failure) 2017-11-10T19:38:39.098+0500: 562.558: [Tenured: 349567K->349567K(349568K), 0.0727501 secs] 506815K->506798K(506816K), [Metaspace: 12960K->12960K(1060864K)], 0.0728445 secs] [Times: user=0.06 sys=0.00, real=0.07 secs] 
2017-11-10T19:38:39.172+0500: 562.631: [Full GC (Allocation Failure) 2017-11-10T19:38:39.172+0500: 562.631: [Tenured: 349567K->349567K(349568K), 0.0725961 secs] 506815K->506798K(506816K), [Metaspace: 12960K->12960K(1060864K)], 0.0726685 secs] [Times: user=0.08 sys=0.00, real=0.07 secs] 
2017-11-10T19:38:39.245+0500: 562.704: [Full GC (Allocation Failure) 2017-11-10T19:38:39.245+0500: 562.704: [Tenured: 349567K->349567K(349568K), 0.0744842 secs] 506815K->506808K(506816K), [Metaspace: 12960K->12960K(1060864K)], 0.0745536 secs] [Times: user=0.08 sys=0.00, real=0.08 secs] 
2017-11-10T19:38:39.320+0500: 562.779: [Full GC (Allocation Failure) 2017-11-10T19:38:39.320+0500: 562.779: [Tenured: 349567K->349567K(349568K), 0.0753393 secs] 506815K->506801K(506816K), [Metaspace: 12960K->12960K(1060864K)], 0.0754150 secs] [Times: user=0.08 sys=0.00, real=0.08 secs] 
2017-11-10T19:38:39.396+0500: 562.855: [Full GC (Allocation Failure) 2017-11-10T19:38:39.396+0500: 562.855: [Tenured: 349567K->349567K(349568K), 0.0734277 secs] 506815K->506798K(506816K), [Metaspace: 12960K->12960K(1060864K)], 0.0735348 secs] [Times: user=0.06 sys=0.00, real=0.07 secs] 
2017-11-10T19:38:39.470+0500: 562.929: [Full GC (Allocation Failure) 2017-11-10T19:38:39.470+0500: 562.929: [Tenured: 349567K->349567K(349568K), 0.0735348 secs] 506815K->506798K(506816K), [Metaspace: 12960K->12960K(1060864K)], 0.0736066 secs] [Times: user=0.08 sys=0.00, real=0.07 secs] 
2017-11-10T19:38:39.544+0500: 563.003: [Full GC (Allocation Failure) 2017-11-10T19:38:39.544+0500: 563.003: [Tenured: 349567K->349567K(349568K), 0.0731701 secs] 506815K->506808K(506816K), [Metaspace: 12960K->12960K(1060864K)], 0.0732424 secs] [Times: user=0.08 sys=0.00, real=0.07 secs] 
2017-11-10T19:38:39.618+0500: 563.077: [Full GC (Allocation Failure) 2017-11-10T19:38:39.618+0500: 563.077: [Tenured: 349567K->349567K(349568K), 0.0727213 secs] 506815K->506801K(506816K), [Metaspace: 12960K->12960K(1060864K)], 0.0727951 secs] [Times: user=0.08 sys=0.00, real=0.07 secs] 
2017-11-10T19:38:39.691+0500: 563.150: [Full GC (Allocation Failure) 2017-11-10T19:38:39.691+0500: 563.150: [Tenured: 349567K->349567K(349568K), 0.0738496 secs] 506815K->506798K(506816K), [Metaspace: 12960K->12960K(1060864K)], 0.0739239 secs] [Times: user=0.06 sys=0.00, real=0.07 secs] 
2017-11-10T19:38:39.765+0500: 563.225: [Full GC (Allocation Failure) 2017-11-10T19:38:39.765+0500: 563.225: [Tenured: 349567K->349567K(349568K), 0.0731598 secs] 506815K->506798K(506816K), [Metaspace: 12960K->12960K(1060864K)], 0.0732395 secs] [Times: user=0.08 sys=0.00, real=0.07 secs] 
2017-11-10T19:38:39.840+0500: 563.298: [Full GC (Allocation Failure) 2017-11-10T19:38:39.840+0500: 563.298: [Tenured: 349567K->349567K(349568K), 0.0748729 secs] 506815K->506808K(506816K), [Metaspace: 12960K->12960K(1060864K)], 0.0749506 secs] [Times: user=0.08 sys=0.00, real=0.07 secs] 
2017-11-10T19:38:39.915+0500: 563.374: [Full GC (Allocation Failure) 2017-11-10T19:38:39.915+0500: 563.374: [Tenured: 349567K->349567K(349568K), 0.0753715 secs] 506815K->506801K(506816K), [Metaspace: 12960K->12960K(1060864K)], 0.0754585 secs] [Times: user=0.08 sys=0.00, real=0.08 secs] 
2017-11-10T19:38:39.991+0500: 563.450: [Full GC (Allocation Failure) 2017-11-10T19:38:39.991+0500: 563.450: [Tenured: 349567K->349567K(349568K), 0.0743463 secs] 506815K->506798K(506816K), [Metaspace: 12960K->12960K(1060864K)], 0.0744280 secs] [Times: user=0.08 sys=0.00, real=0.07 secs] 
2017-11-10T19:38:40.065+0500: 563.525: [Full GC (Allocation Failure) 2017-11-10T19:38:40.065+0500: 563.525: [Tenured: 349567K->349567K(349568K), 0.0755309 secs] 506815K->506798K(506816K), [Metaspace: 12960K->12960K(1060864K)], 0.0756424 secs] [Times: user=0.06 sys=0.00, real=0.08 secs] 
2017-11-10T19:38:40.142+0500: 563.601: [Full GC (Allocation Failure) 2017-11-10T19:38:40.142+0500: 563.601: [Tenured: 349567K->349567K(349568K), 0.0742393 secs] 506815K->506808K(506816K), [Metaspace: 12960K->12960K(1060864K)], 0.0743092 secs] [Times: user=0.08 sys=0.00, real=0.07 secs] 
2017-11-10T19:38:40.217+0500: 563.676: [Full GC (Allocation Failure) 2017-11-10T19:38:40.217+0500: 563.676: [Tenured: 349567K->349567K(349568K), 0.0730293 secs] 506815K->506801K(506816K), [Metaspace: 12960K->12960K(1060864K)], 0.0730977 secs] [Times: user=0.08 sys=0.00, real=0.07 secs] 
2017-11-10T19:38:40.290+0500: 563.749: [Full GC (Allocation Failure) 2017-11-10T19:38:40.290+0500: 563.749: [Tenured: 349567K->349567K(349568K), 0.0735089 secs] 506815K->506798K(506816K), [Metaspace: 12960K->12960K(1060864K)], 0.0735827 secs] [Times: user=0.08 sys=0.00, real=0.07 secs] 
2017-11-10T19:38:40.364+0500: 563.823: [Full GC (Allocation Failure) 2017-11-10T19:38:40.365+0500: 563.824: [Tenured: 349567K->349567K(349568K), 0.0732585 secs] 506815K->506798K(506816K), [Metaspace: 12960K->12960K(1060864K)], 0.0733803 secs] [Times: user=0.06 sys=0.00, real=0.07 secs] 
2017-11-10T19:38:40.438+0500: 563.897: [Full GC (Allocation Failure) 2017-11-10T19:38:40.438+0500: 563.897: [Tenured: 349567K->349567K(349568K), 0.0726117 secs] 506815K->506808K(506816K), [Metaspace: 12960K->12960K(1060864K)], 0.0727232 secs] [Times: user=0.08 sys=0.00, real=0.07 secs] 
2017-11-10T19:38:40.511+0500: 563.970: [Full GC (Allocation Failure) 2017-11-10T19:38:40.511+0500: 563.970: [Tenured: 349567K->349567K(349568K), 0.0743077 secs] 506815K->506801K(506816K), [Metaspace: 12960K->12960K(1060864K)], 0.0744397 secs] [Times: user=0.08 sys=0.00, real=0.08 secs] 
2017-11-10T19:38:40.586+0500: 564.045: [Full GC (Allocation Failure) 2017-11-10T19:38:40.586+0500: 564.045: [Tenured: 349567K->349567K(349568K), 0.0751139 secs] 506815K->506798K(506816K), [Metaspace: 12960K->12960K(1060864K)], 0.0751901 secs] [Times: user=0.08 sys=0.00, real=0.08 secs] 
2017-11-10T19:38:40.662+0500: 564.121: [Full GC (Allocation Failure) 2017-11-10T19:38:40.662+0500: 564.121: [Tenured: 349567K->349567K(349568K), 0.0734541 secs] 506815K->506798K(506816K), [Metaspace: 12960K->12960K(1060864K)], 0.0735646 secs] [Times: user=0.06 sys=0.00, real=0.07 secs] 
2017-11-10T19:38:40.736+0500: 564.195: [Full GC (Allocation Failure) 2017-11-10T19:38:40.736+0500: 564.195: [Tenured: 349567K->349567K(349568K), 0.0731564 secs] 506815K->506808K(506816K), [Metaspace: 12960K->12960K(1060864K)], 0.0732566 secs] [Times: user=0.08 sys=0.00, real=0.07 secs] 
2017-11-10T19:38:40.809+0500: 564.269: [Full GC (Allocation Failure) 2017-11-10T19:38:40.809+0500: 564.269: [Tenured: 349567K->349567K(349568K), 0.0745771 secs] 506815K->506801K(506816K), [Metaspace: 12960K->12960K(1060864K)], 0.0746548 secs] [Times: user=0.08 sys=0.00, real=0.08 secs] 
2017-11-10T19:38:40.885+0500: 564.344: [Full GC (Allocation Failure) 2017-11-10T19:38:40.885+0500: 564.344: [Tenured: 349567K->349567K(349568K), 0.0739454 secs] 506815K->506798K(506816K), [Metaspace: 12960K->12960K(1060864K)], 0.0740413 secs] [Times: user=0.08 sys=0.00, real=0.07 secs] 
2017-11-10T19:38:40.959+0500: 564.419: [Full GC (Allocation Failure) 2017-11-10T19:38:40.959+0500: 564.419: [Tenured: 349567K->349567K(349568K), 0.0741136 secs] 506815K->506798K(506816K), [Metaspace: 12960K->12960K(1060864K)], 0.0742182 secs] [Times: user=0.06 sys=0.00, real=0.07 secs] 
2017-11-10T19:38:41.034+0500: 564.493: [Full GC (Allocation Failure) 2017-11-10T19:38:41.034+0500: 564.493: [Tenured: 349567K->349567K(349568K), 0.0730165 secs] 506815K->506808K(506816K), [Metaspace: 12960K->12960K(1060864K)], 0.0730933 secs] [Times: user=0.06 sys=0.00, real=0.07 secs] 
2017-11-10T19:38:41.107+0500: 564.567: [Full GC (Allocation Failure) 2017-11-10T19:38:41.108+0500: 564.567: [Tenured: 349567K->349567K(349568K), 0.0742637 secs] 506815K->506801K(506816K), [Metaspace: 12960K->12960K(1060864K)], 0.0743365 secs] [Times: user=0.08 sys=0.00, real=0.07 secs] 
2017-11-10T19:38:41.182+0500: 564.642: [Full GC (Allocation Failure) 2017-11-10T19:38:41.182+0500: 564.642: [Tenured: 349567K->349567K(349568K), 0.0729109 secs] 506815K->506798K(506816K), [Metaspace: 12960K->12960K(1060864K)], 0.0729818 secs] [Times: user=0.08 sys=0.00, real=0.07 secs] 
2017-11-10T19:38:41.256+0500: 564.715: [Full GC (Allocation Failure) 2017-11-10T19:38:41.256+0500: 564.715: [Tenured: 349567K->349567K(349568K), 0.0731070 secs] 506815K->506798K(506816K), [Metaspace: 12960K->12960K(1060864K)], 0.0731779 secs] [Times: user=0.06 sys=0.00, real=0.07 secs] 
2017-11-10T19:38:41.329+0500: 564.789: [Full GC (Allocation Failure) 2017-11-10T19:38:41.329+0500: 564.789: [Tenured: 349567K->349567K(349568K), 0.0744852 secs] 506815K->506808K(506816K), [Metaspace: 12960K->12960K(1060864K)], 0.0745893 secs] [Times: user=0.08 sys=0.00, real=0.08 secs] 
2017-11-10T19:38:41.404+0500: 564.864: [Full GC (Allocation Failure) 2017-11-10T19:38:41.404+0500: 564.864: [Tenured: 349567K->349567K(349568K), 0.0777451 secs] 506815K->506801K(506816K), [Metaspace: 12960K->12960K(1060864K)], 0.0778209 secs] [Times: user=0.08 sys=0.00, real=0.08 secs] 
2017-11-10T19:38:41.483+0500: 564.942: [Full GC (Allocation Failure) 2017-11-10T19:38:41.483+0500: 564.942: [Tenured: 349567K->349567K(349568K), 0.0754981 secs] 506815K->506798K(506816K), [Metaspace: 12960K->12960K(1060864K)], 0.0756013 secs] [Times: user=0.08 sys=0.00, real=0.08 secs] 
2017-11-10T19:38:41.559+0500: 565.018: [Full GC (Allocation Failure) 2017-11-10T19:38:41.559+0500: 565.018: [Tenured: 349567K->349567K(349568K), 0.0733270 secs] 506815K->506798K(506816K), [Metaspace: 12960K->12960K(1060864K)], 0.0734013 secs] [Times: user=0.08 sys=0.00, real=0.07 secs] 
2017-11-10T19:38:41.633+0500: 565.092: [Full GC (Allocation Failure) 2017-11-10T19:38:41.633+0500: 565.092: [Tenured: 349567K->349567K(349568K), 0.0748073 secs] 506815K->506808K(506816K), [Metaspace: 12960K->12960K(1060864K)], 0.0748777 secs] [Times: user=0.08 sys=0.00, real=0.08 secs] 
2017-11-10T19:38:41.708+0500: 565.167: [Full GC (Allocation Failure) 2017-11-10T19:38:41.708+0500: 565.167: [Tenured: 349567K->349567K(349568K), 0.0768411 secs] 506815K->506801K(506816K), [Metaspace: 12960K->12960K(1060864K)], 0.0769135 secs] [Times: user=0.08 sys=0.00, real=0.08 secs] 
2017-11-10T19:38:41.785+0500: 565.245: [Full GC (Allocation Failure) 2017-11-10T19:38:41.785+0500: 565.245: [Tenured: 349567K->349567K(349568K), 0.0746089 secs] 506815K->506798K(506816K), [Metaspace: 12960K->12960K(1060864K)], 0.0746817 secs] [Times: user=0.06 sys=0.00, real=0.07 secs] 
2017-11-10T19:38:41.860+0500: 565.320: [Full GC (Allocation Failure) 2017-11-10T19:38:41.860+0500: 565.320: [Tenured: 349567K->349567K(349568K), 0.0747526 secs] 506815K->506798K(506816K), [Metaspace: 12960K->12960K(1060864K)], 0.0748396 secs] [Times: user=0.08 sys=0.00, real=0.08 secs] 
2017-11-10T19:38:41.936+0500: 565.395: [Full GC (Allocation Failure) 2017-11-10T19:38:41.936+0500: 565.395: [Tenured: 349567K->349567K(349568K), 0.0813091 secs] 506815K->506808K(506816K), [Metaspace: 12960K->12960K(1060864K)], 0.0814381 secs] [Times: user=0.08 sys=0.00, real=0.08 secs] 
2017-11-10T19:38:42.018+0500: 565.477: [Full GC (Allocation Failure) 2017-11-10T19:38:42.018+0500: 565.477: [Tenured: 349567K->349567K(349568K), 0.0739841 secs] 506815K->506801K(506816K), [Metaspace: 12960K->12960K(1060864K)], 0.0740823 secs] [Times: user=0.08 sys=0.00, real=0.07 secs] 
2017-11-10T19:38:42.092+0500: 565.552: [Full GC (Allocation Failure) 2017-11-10T19:38:42.092+0500: 565.552: [Tenured: 349567K->349567K(349568K), 0.0728190 secs] 506815K->506798K(506816K), [Metaspace: 12960K->12960K(1060864K)], 0.0729256 secs] [Times: user=0.08 sys=0.00, real=0.07 secs] 
2017-11-10T19:38:42.166+0500: 565.625: [Full GC (Allocation Failure) 2017-11-10T19:38:42.166+0500: 565.625: [Tenured: 349567K->349567K(349568K), 0.0745546 secs] 506815K->506798K(506816K), [Metaspace: 12960K->12960K(1060864K)], 0.0746338 secs] [Times: user=0.08 sys=0.00, real=0.07 secs] 
2017-11-10T19:38:42.241+0500: 565.700: [Full GC (Allocation Failure) 2017-11-10T19:38:42.241+0500: 565.700: [Tenured: 349567K->349567K(349568K), 0.0760677 secs] 506815K->506808K(506816K), [Metaspace: 12960K->12960K(1060864K)], 0.0761498 secs] [Times: user=0.08 sys=0.00, real=0.08 secs] 
2017-11-10T19:38:42.318+0500: 565.777: [Full GC (Allocation Failure) 2017-11-10T19:38:42.318+0500: 565.777: [Tenured: 349567K->349567K(349568K), 0.0749887 secs] 506815K->506801K(506816K), [Metaspace: 12960K->12960K(1060864K)], 0.0750767 secs] [Times: user=0.06 sys=0.00, real=0.07 secs] 
2017-11-10T19:38:42.393+0500: 565.852: [Full GC (Allocation Failure) 2017-11-10T19:38:42.393+0500: 565.852: [Tenured: 349567K->349567K(349568K), 0.0731280 secs] 506815K->506798K(506816K), [Metaspace: 12960K->12960K(1060864K)], 0.0732033 secs] [Times: user=0.06 sys=0.00, real=0.07 secs] 
2017-11-10T19:38:42.467+0500: 565.926: [Full GC (Allocation Failure) 2017-11-10T19:38:42.467+0500: 565.926: [Tenured: 349567K->349567K(349568K), 0.0727574 secs] 506815K->506798K(506816K), [Metaspace: 12960K->12960K(1060864K)], 0.0728317 secs] [Times: user=0.08 sys=0.00, real=0.07 secs] 
2017-11-10T19:38:42.540+0500: 565.999: [Full GC (Allocation Failure) 2017-11-10T19:38:42.540+0500: 565.999: [Tenured: 349567K->349567K(349568K), 0.0745267 secs] 506815K->506808K(506816K), [Metaspace: 12960K->12960K(1060864K)], 0.0745981 secs] [Times: user=0.08 sys=0.00, real=0.08 secs] 
2017-11-10T19:38:42.615+0500: 566.074: [Full GC (Allocation Failure) 2017-11-10T19:38:42.615+0500: 566.075: [Tenured: 349567K->349567K(349568K), 0.0737078 secs] 506815K->506801K(506816K), [Metaspace: 12960K->12960K(1060864K)], 0.0737851 secs] [Times: user=0.06 sys=0.00, real=0.07 secs] 
2017-11-10T19:38:42.690+0500: 566.149: [Full GC (Allocation Failure) 2017-11-10T19:38:42.690+0500: 566.149: [Tenured: 349567K->349567K(349568K), 0.0750132 secs] 506815K->506798K(506816K), [Metaspace: 12960K->12960K(1060864K)], 0.0750885 secs] [Times: user=0.06 sys=0.00, real=0.08 secs] 
2017-11-10T19:38:42.765+0500: 566.224: [Full GC (Allocation Failure) 2017-11-10T19:38:42.765+0500: 566.224: [Tenured: 349567K->349567K(349568K), 0.0754840 secs] 506815K->506798K(506816K), [Metaspace: 12960K->12960K(1060864K)], 0.0755822 secs] [Times: user=0.08 sys=0.00, real=0.08 secs] 
2017-11-10T19:38:42.841+0500: 566.300: [Full GC (Allocation Failure) 2017-11-10T19:38:42.841+0500: 566.300: [Tenured: 349567K->349567K(349568K), 0.0745316 secs] 506815K->506808K(506816K), [Metaspace: 12960K->12960K(1060864K)], 0.0746020 secs] [Times: user=0.08 sys=0.00, real=0.07 secs] 
2017-11-10T19:38:42.916+0500: 566.376: [Full GC (Allocation Failure) 2017-11-10T19:38:42.916+0500: 566.376: [Tenured: 349567K->349567K(349568K), 0.0741209 secs] 506815K->506801K(506816K), [Metaspace: 12960K->12960K(1060864K)], 0.0742021 secs] [Times: user=0.08 sys=0.00, real=0.07 secs] 
2017-11-10T19:38:42.991+0500: 566.450: [Full GC (Allocation Failure) 2017-11-10T19:38:42.991+0500: 566.450: [Tenured: 349567K->349567K(349568K), 0.0731798 secs] 506815K->506798K(506816K), [Metaspace: 12960K->12960K(1060864K)], 0.0732595 secs] [Times: user=0.06 sys=0.00, real=0.07 secs] 
2017-11-10T19:38:43.065+0500: 566.524: [Full GC (Allocation Failure) 2017-11-10T19:38:43.065+0500: 566.524: [Tenured: 349567K->349567K(349568K), 0.0743854 secs] 506815K->506798K(506816K), [Metaspace: 12960K->12960K(1060864K)], 0.0744901 secs] [Times: user=0.06 sys=0.00, real=0.08 secs] 
2017-11-10T19:38:43.140+0500: 566.599: [Full GC (Allocation Failure) 2017-11-10T19:38:43.140+0500: 566.599: [Tenured: 349567K->349567K(349568K), 0.0737191 secs] 506815K->506808K(506816K), [Metaspace: 12960K->12960K(1060864K)], 0.0737939 secs] [Times: user=0.08 sys=0.00, real=0.07 secs] 
2017-11-10T19:38:43.214+0500: 566.673: [Full GC (Allocation Failure) 2017-11-10T19:38:43.214+0500: 566.673: [Tenured: 349567K->349567K(349568K), 0.0730454 secs] 506815K->506801K(506816K), [Metaspace: 12960K->12960K(1060864K)], 0.0731217 secs] [Times: user=0.08 sys=0.00, real=0.07 secs] 
2017-11-10T19:38:43.288+0500: 566.747: [Full GC (Allocation Failure) 2017-11-10T19:38:43.288+0500: 566.747: [Tenured: 349567K->349567K(349568K), 0.0741405 secs] 506815K->506798K(506816K), [Metaspace: 12960K->12960K(1060864K)], 0.0742163 secs] [Times: user=0.08 sys=0.00, real=0.07 secs] 
2017-11-10T19:38:43.363+0500: 566.822: [Full GC (Allocation Failure) 2017-11-10T19:38:43.363+0500: 566.822: [Tenured: 349567K->349567K(349568K), 0.0804041 secs] 506815K->506798K(506816K), [Metaspace: 12960K->12960K(1060864K)], 0.0805112 secs] [Times: user=0.08 sys=0.00, real=0.08 secs] 
2017-11-10T19:38:43.444+0500: 566.903: [Full GC (Allocation Failure) 2017-11-10T19:38:43.444+0500: 566.903: [Tenured: 349567K->349567K(349568K), 0.0771012 secs] 506815K->506808K(506816K), [Metaspace: 12960K->12960K(1060864K)], 0.0772112 secs] [Times: user=0.08 sys=0.00, real=0.08 secs] 
2017-11-10T19:38:43.521+0500: 566.980: [Full GC (Allocation Failure) 2017-11-10T19:38:43.521+0500: 566.980: [Tenured: 349567K->349567K(349568K), 0.0827572 secs] 506815K->506801K(506816K), [Metaspace: 12960K->12960K(1060864K)], 0.0828369 secs] [Times: user=0.08 sys=0.00, real=0.08 secs] 
2017-11-10T19:38:43.604+0500: 567.064: [Full GC (Allocation Failure) 2017-11-10T19:38:43.605+0500: 567.064: [Tenured: 349567K->349567K(349568K), 0.0763063 secs] 506815K->506798K(506816K), [Metaspace: 12960K->12960K(1060864K)], 0.0764036 secs] [Times: user=0.08 sys=0.00, real=0.08 secs] 
2017-11-10T19:38:43.681+0500: 567.140: [Full GC (Allocation Failure) 2017-11-10T19:38:43.681+0500: 567.141: [Tenured: 349567K->349567K(349568K), 0.0742490 secs] 506815K->506798K(506816K), [Metaspace: 12960K->12960K(1060864K)], 0.0743321 secs] [Times: user=0.08 sys=0.00, real=0.08 secs] 
2017-11-10T19:38:43.756+0500: 567.215: [Full GC (Allocation Failure) 2017-11-10T19:38:43.756+0500: 567.215: [Tenured: 349567K->349567K(349568K), 0.0737709 secs] 506815K->506808K(506816K), [Metaspace: 12960K->12960K(1060864K)], 0.0738398 secs] [Times: user=0.06 sys=0.00, real=0.07 secs] 
2017-11-10T19:38:43.830+0500: 567.290: [Full GC (Allocation Failure) 2017-11-10T19:38:43.830+0500: 567.290: [Tenured: 349567K->349567K(349568K), 0.0745653 secs] 506815K->506801K(506816K), [Metaspace: 12960K->12960K(1060864K)], 0.0746734 secs] [Times: user=0.06 sys=0.00, real=0.08 secs] 
2017-11-10T19:38:43.906+0500: 567.365: [Full GC (Allocation Failure) 2017-11-10T19:38:43.906+0500: 567.365: [Tenured: 349567K->349567K(349568K), 0.0760408 secs] 506815K->506798K(506816K), [Metaspace: 12960K->12960K(1060864K)], 0.0761166 secs] [Times: user=0.08 sys=0.00, real=0.08 secs] 
2017-11-10T19:38:43.982+0500: 567.441: [Full GC (Allocation Failure) 2017-11-10T19:38:43.982+0500: 567.441: [Tenured: 349567K->349567K(349568K), 0.0729036 secs] 506815K->506798K(506816K), [Metaspace: 12960K->12960K(1060864K)], 0.0730087 secs] [Times: user=0.08 sys=0.00, real=0.07 secs] 
2017-11-10T19:38:44.055+0500: 567.515: [Full GC (Allocation Failure) 2017-11-10T19:38:44.055+0500: 567.515: [Tenured: 349567K->349567K(349568K), 0.0728396 secs] 506815K->506808K(506816K), [Metaspace: 12960K->12960K(1060864K)], 0.0729300 secs] [Times: user=0.08 sys=0.00, real=0.07 secs] 
2017-11-10T19:38:44.129+0500: 567.588: [Full GC (Allocation Failure) 2017-11-10T19:38:44.129+0500: 567.588: [Tenured: 349567K->349567K(349568K), 0.0743610 secs] 506815K->506801K(506816K), [Metaspace: 12960K->12960K(1060864K)], 0.0744661 secs] [Times: user=0.06 sys=0.00, real=0.07 secs] 
2017-11-10T19:38:44.204+0500: 567.663: [Full GC (Allocation Failure) 2017-11-10T19:38:44.204+0500: 567.663: [Tenured: 349567K->349567K(349568K), 0.0725624 secs] 506815K->506798K(506816K), [Metaspace: 12960K->12960K(1060864K)], 0.0726337 secs] [Times: user=0.08 sys=0.00, real=0.07 secs] 
2017-11-10T19:38:44.277+0500: 567.736: [Full GC (Allocation Failure) 2017-11-10T19:38:44.277+0500: 567.736: [Tenured: 349567K->349567K(349568K), 0.0732067 secs] 506815K->506798K(506816K), [Metaspace: 12960K->12960K(1060864K)], 0.0733084 secs] [Times: user=0.08 sys=0.00, real=0.07 secs] 
2017-11-10T19:38:44.351+0500: 567.810: [Full GC (Allocation Failure) 2017-11-10T19:38:44.351+0500: 567.810: [Tenured: 349567K->349567K(349568K), 0.0752801 secs] 506815K->506808K(506816K), [Metaspace: 12960K->12960K(1060864K)], 0.0753578 secs] [Times: user=0.08 sys=0.00, real=0.08 secs] 
2017-11-10T19:38:44.427+0500: 567.886: [Full GC (Allocation Failure) 2017-11-10T19:38:44.427+0500: 567.886: [Tenured: 349567K->349567K(349568K), 0.0735920 secs] 506815K->506801K(506816K), [Metaspace: 12960K->12960K(1060864K)], 0.0736604 secs] [Times: user=0.06 sys=0.00, real=0.07 secs] 
2017-11-10T19:38:44.500+0500: 567.960: [Full GC (Allocation Failure) 2017-11-10T19:38:44.500+0500: 567.960: [Tenured: 349567K->349567K(349568K), 0.0746631 secs] 506815K->506798K(506816K), [Metaspace: 12960K->12960K(1060864K)], 0.0747394 secs] [Times: user=0.08 sys=0.00, real=0.08 secs] 
2017-11-10T19:38:44.576+0500: 568.035: [Full GC (Allocation Failure) 2017-11-10T19:38:44.576+0500: 568.035: [Tenured: 349567K->349567K(349568K), 0.0739606 secs] 506815K->506798K(506816K), [Metaspace: 12960K->12960K(1060864K)], 0.0740339 secs] [Times: user=0.08 sys=0.00, real=0.07 secs] 
2017-11-10T19:38:44.650+0500: 568.110: [Full GC (Allocation Failure) 2017-11-10T19:38:44.650+0500: 568.110: [Tenured: 349567K->349567K(349568K), 0.0741708 secs] 506815K->506808K(506816K), [Metaspace: 12960K->12960K(1060864K)], 0.0742422 secs] [Times: user=0.08 sys=0.00, real=0.07 secs] 
2017-11-10T19:38:44.725+0500: 568.184: [Full GC (Allocation Failure) 2017-11-10T19:38:44.725+0500: 568.184: [Tenured: 349567K->349567K(349568K), 0.0733871 secs] 506815K->506801K(506816K), [Metaspace: 12960K->12960K(1060864K)], 0.0734849 secs] [Times: user=0.06 sys=0.00, real=0.07 secs] 
2017-11-10T19:38:44.799+0500: 568.258: [Full GC (Allocation Failure) 2017-11-10T19:38:44.799+0500: 568.258: [Tenured: 349567K->349567K(349568K), 0.0739523 secs] 506815K->506798K(506816K), [Metaspace: 12960K->12960K(1060864K)], 0.0740344 secs] [Times: user=0.06 sys=0.00, real=0.07 secs] 
2017-11-10T19:38:44.873+0500: 568.333: [Full GC (Allocation Failure) 2017-11-10T19:38:44.873+0500: 568.333: [Tenured: 349567K->349567K(349568K), 0.0753578 secs] 506815K->506798K(506816K), [Metaspace: 12960K->12960K(1060864K)], 0.0754361 secs] [Times: user=0.08 sys=0.00, real=0.08 secs] 
2017-11-10T19:38:44.949+0500: 568.409: [Full GC (Allocation Failure) 2017-11-10T19:38:44.949+0500: 568.409: [Tenured: 349567K->349567K(349568K), 0.0734575 secs] 506815K->506808K(506816K), [Metaspace: 12960K->12960K(1060864K)], 0.0735489 secs] [Times: user=0.08 sys=0.00, real=0.07 secs] 
2017-11-10T19:38:45.024+0500: 568.483: [Full GC (Allocation Failure) 2017-11-10T19:38:45.024+0500: 568.483: [Tenured: 349567K->349567K(349568K), 0.0756707 secs] 506815K->506801K(506816K), [Metaspace: 12960K->12960K(1060864K)], 0.0757797 secs] [Times: user=0.06 sys=0.00, real=0.08 secs] 
2017-11-10T19:38:45.099+0500: 568.559: [Full GC (Allocation Failure) 2017-11-10T19:38:45.099+0500: 568.559: [Tenured: 349567K->349567K(349568K), 0.0753226 secs] 506815K->506798K(506816K), [Metaspace: 12960K->12960K(1060864K)], 0.0754268 secs] [Times: user=0.08 sys=0.00, real=0.08 secs] 
2017-11-10T19:38:45.175+0500: 568.635: [Full GC (Allocation Failure) 2017-11-10T19:38:45.175+0500: 568.635: [Tenured: 349567K->349567K(349568K), 0.0739650 secs] 506815K->506798K(506816K), [Metaspace: 12960K->12960K(1060864K)], 0.0740383 secs] [Times: user=0.06 sys=0.00, real=0.07 secs] 
2017-11-10T19:38:45.250+0500: 568.710: [Full GC (Allocation Failure) 2017-11-10T19:38:45.250+0500: 568.710: [Tenured: 349567K->349567K(349568K), 0.0735895 secs] 506815K->506808K(506816K), [Metaspace: 12960K->12960K(1060864K)], 0.0736624 secs] [Times: user=0.08 sys=0.00, real=0.07 secs] 
2017-11-10T19:38:45.324+0500: 568.784: [Full GC (Allocation Failure) 2017-11-10T19:38:45.324+0500: 568.784: [Tenured: 349567K->349567K(349568K), 0.0759997 secs] 506815K->506801K(506816K), [Metaspace: 12960K->12960K(1060864K)], 0.0761053 secs] [Times: user=0.08 sys=0.00, real=0.08 secs] 
2017-11-10T19:38:45.400+0500: 568.860: [Full GC (Allocation Failure) 2017-11-10T19:38:45.400+0500: 568.860: [Tenured: 349567K->349567K(349568K), 0.0732488 secs] 506815K->506798K(506816K), [Metaspace: 12960K->12960K(1060864K)], 0.0733363 secs] [Times: user=0.08 sys=0.00, real=0.07 secs] 
2017-11-10T19:38:45.475+0500: 568.934: [Full GC (Allocation Failure) 2017-11-10T19:38:45.475+0500: 568.934: [Tenured: 349567K->349567K(349568K), 0.0740222 secs] 506815K->506798K(506816K), [Metaspace: 12960K->12960K(1060864K)], 0.0740965 secs] [Times: user=0.06 sys=0.00, real=0.07 secs] 
2017-11-10T19:38:45.550+0500: 569.009: [Full GC (Allocation Failure) 2017-11-10T19:38:45.550+0500: 569.009: [Tenured: 349567K->349567K(349568K), 0.0732483 secs] 506815K->506808K(506816K), [Metaspace: 12960K->12960K(1060864K)], 0.0733265 secs] [Times: user=0.06 sys=0.00, real=0.07 secs] 
2017-11-10T19:38:45.624+0500: 569.082: [Full GC (Allocation Failure) 2017-11-10T19:38:45.624+0500: 569.083: [Tenured: 349567K->349567K(349568K), 0.0752601 secs] 506815K->506801K(506816K), [Metaspace: 12960K->12960K(1060864K)], 0.0753622 secs] [Times: user=0.08 sys=0.00, real=0.07 secs] 
2017-11-10T19:38:45.699+0500: 569.158: [Full GC (Allocation Failure) 2017-11-10T19:38:45.699+0500: 569.158: [Tenured: 349567K->349567K(349568K), 0.0742080 secs] 506815K->506798K(506816K), [Metaspace: 12960K->12960K(1060864K)], 0.0742833 secs] [Times: user=0.08 sys=0.00, real=0.07 secs] 
2017-11-10T19:38:45.773+0500: 569.233: [Full GC (Allocation Failure) 2017-11-10T19:38:45.774+0500: 569.233: [Tenured: 349567K->349567K(349568K), 0.0733338 secs] 506815K->506798K(506816K), [Metaspace: 12960K->12960K(1060864K)], 0.0734106 secs] [Times: user=0.08 sys=0.00, real=0.07 secs] 
2017-11-10T19:38:45.848+0500: 569.307: [Full GC (Allocation Failure) 2017-11-10T19:38:45.848+0500: 569.307: [Tenured: 349567K->349567K(349568K), 0.0746934 secs] 506815K->506808K(506816K), [Metaspace: 12960K->12960K(1060864K)], 0.0747922 secs] [Times: user=0.06 sys=0.00, real=0.08 secs] 
2017-11-10T19:38:45.923+0500: 569.382: [Full GC (Allocation Failure) 2017-11-10T19:38:45.923+0500: 569.382: [Tenured: 349567K->349567K(349568K), 0.0731872 secs] 506815K->506801K(506816K), [Metaspace: 12960K->12960K(1060864K)], 0.0733294 secs] [Times: user=0.08 sys=0.00, real=0.07 secs] 
2017-11-10T19:38:45.997+0500: 569.456: [Full GC (Allocation Failure) 2017-11-10T19:38:45.997+0500: 569.456: [Tenured: 349567K->349567K(349568K), 0.0735573 secs] 506815K->506798K(506816K), [Metaspace: 12960K->12960K(1060864K)], 0.0736374 secs] [Times: user=0.08 sys=0.00, real=0.07 secs] 
2017-11-10T19:38:46.071+0500: 569.530: [Full GC (Allocation Failure) 2017-11-10T19:38:46.071+0500: 569.530: [Tenured: 349567K->349567K(349568K), 0.0729515 secs] 506815K->506798K(506816K), [Metaspace: 12960K->12960K(1060864K)], 0.0730239 secs] [Times: user=0.08 sys=0.00, real=0.07 secs] 
2017-11-10T19:38:46.145+0500: 569.604: [Full GC (Allocation Failure) 2017-11-10T19:38:46.145+0500: 569.604: [Tenured: 349567K->349567K(349568K), 0.0730170 secs] 506815K->506808K(506816K), [Metaspace: 12960K->12960K(1060864K)], 0.0730928 secs] [Times: user=0.06 sys=0.00, real=0.07 secs] 
2017-11-10T19:38:46.218+0500: 569.678: [Full GC (Allocation Failure) 2017-11-10T19:38:46.218+0500: 569.678: [Tenured: 349567K->349567K(349568K), 0.0754869 secs] 506815K->506801K(506816K), [Metaspace: 12960K->12960K(1060864K)], 0.0755925 secs] [Times: user=0.08 sys=0.00, real=0.08 secs] 
2017-11-10T19:38:46.294+0500: 569.754: [Full GC (Allocation Failure) 2017-11-10T19:38:46.295+0500: 569.754: [Tenured: 349567K->349567K(349568K), 0.0735128 secs] 506815K->506798K(506816K), [Metaspace: 12960K->12960K(1060864K)], 0.0736042 secs] [Times: user=0.08 sys=0.00, real=0.07 secs] 
2017-11-10T19:38:46.369+0500: 569.828: [Full GC (Allocation Failure) 2017-11-10T19:38:46.369+0500: 569.828: [Tenured: 349567K->349567K(349568K), 0.0734409 secs] 506815K->506798K(506816K), [Metaspace: 12960K->12960K(1060864K)], 0.0735211 secs] [Times: user=0.08 sys=0.00, real=0.07 secs] 
2017-11-10T19:38:46.443+0500: 569.902: [Full GC (Allocation Failure) 2017-11-10T19:38:46.443+0500: 569.902: [Tenured: 349567K->349567K(349568K), 0.0746274 secs] 506815K->506808K(506816K), [Metaspace: 12960K->12960K(1060864K)], 0.0747555 secs] [Times: user=0.06 sys=0.00, real=0.07 secs] 
2017-11-10T19:38:46.518+0500: 569.977: [Full GC (Allocation Failure) 2017-11-10T19:38:46.518+0500: 569.977: [Tenured: 349567K->349567K(349568K), 0.0751633 secs] 506815K->506801K(506816K), [Metaspace: 12960K->12960K(1060864K)], 0.0752341 secs] [Times: user=0.06 sys=0.00, real=0.08 secs] 
2017-11-10T19:38:46.594+0500: 570.053: [Full GC (Allocation Failure) 2017-11-10T19:38:46.594+0500: 570.053: [Tenured: 349567K->349567K(349568K), 0.0745942 secs] 506815K->506798K(506816K), [Metaspace: 12960K->12960K(1060864K)], 0.0746719 secs] [Times: user=0.08 sys=0.00, real=0.07 secs] 
2017-11-10T19:38:46.669+0500: 570.128: [Full GC (Allocation Failure) 2017-11-10T19:38:46.669+0500: 570.128: [Tenured: 349567K->349567K(349568K), 0.0741992 secs] 506815K->506798K(506816K), [Metaspace: 12960K->12960K(1060864K)], 0.0742803 secs] [Times: user=0.08 sys=0.00, real=0.07 secs] 
2017-11-10T19:38:46.744+0500: 570.203: [Full GC (Allocation Failure) 2017-11-10T19:38:46.744+0500: 570.203: [Tenured: 349567K->349567K(349568K), 0.0740515 secs] 506815K->506808K(506816K), [Metaspace: 12960K->12960K(1060864K)], 0.0741244 secs] [Times: user=0.09 sys=0.00, real=0.07 secs] 
2017-11-10T19:38:46.818+0500: 570.277: [Full GC (Allocation Failure) 2017-11-10T19:38:46.818+0500: 570.277: [Tenured: 349567K->349567K(349568K), 0.0735103 secs] 506815K->506801K(506816K), [Metaspace: 12960K->12960K(1060864K)], 0.0735988 secs] [Times: user=0.06 sys=0.00, real=0.07 secs] 
2017-11-10T19:38:46.892+0500: 570.352: [Full GC (Allocation Failure) 2017-11-10T19:38:46.892+0500: 570.352: [Tenured: 349567K->349567K(349568K), 0.0753637 secs] 506815K->506798K(506816K), [Metaspace: 12960K->12960K(1060864K)], 0.0754400 secs] [Times: user=0.09 sys=0.00, real=0.08 secs] 
2017-11-10T19:38:46.968+0500: 570.428: [Full GC (Allocation Failure) 2017-11-10T19:38:46.968+0500: 570.428: [Tenured: 349567K->349567K(349568K), 0.0807982 secs] 506815K->506798K(506816K), [Metaspace: 12960K->12960K(1060864K)], 0.0808725 secs] [Times: user=0.08 sys=0.00, real=0.08 secs] 
2017-11-10T19:38:47.050+0500: 570.509: [Full GC (Allocation Failure) 2017-11-10T19:38:47.050+0500: 570.509: [Tenured: 349567K->349567K(349568K), 0.0740002 secs] 506815K->506808K(506816K), [Metaspace: 12960K->12960K(1060864K)], 0.0741073 secs] [Times: user=0.06 sys=0.00, real=0.07 secs] 
2017-11-10T19:38:47.125+0500: 570.583: [Full GC (Allocation Failure) 2017-11-10T19:38:47.125+0500: 570.583: [Tenured: 349567K->349567K(349568K), 0.0783669 secs] 506815K->506801K(506816K), [Metaspace: 12960K->12960K(1060864K)], 0.0784711 secs] [Times: user=0.08 sys=0.00, real=0.08 secs] 
2017-11-10T19:38:47.203+0500: 570.662: [Full GC (Allocation Failure) 2017-11-10T19:38:47.203+0500: 570.662: [Tenured: 349567K->349567K(349568K), 0.0768675 secs] 506815K->506798K(506816K), [Metaspace: 12960K->12960K(1060864K)], 0.0769453 secs] [Times: user=0.08 sys=0.00, real=0.08 secs] 
2017-11-10T19:38:47.281+0500: 570.740: [Full GC (Allocation Failure) 2017-11-10T19:38:47.281+0500: 570.740: [Tenured: 349567K->349567K(349568K), 0.0791257 secs] 506815K->506798K(506816K), [Metaspace: 12960K->12960K(1060864K)], 0.0792225 secs] [Times: user=0.08 sys=0.00, real=0.08 secs] 
2017-11-10T19:38:47.360+0500: 570.820: [Full GC (Allocation Failure) 2017-11-10T19:38:47.360+0500: 570.820: [Tenured: 349567K->349567K(349568K), 0.0819402 secs] 506815K->506808K(506816K), [Metaspace: 12960K->12960K(1060864K)], 0.0820224 secs] [Times: user=0.08 sys=0.00, real=0.08 secs] 
2017-11-10T19:38:47.443+0500: 570.902: [Full GC (Allocation Failure) 2017-11-10T19:38:47.443+0500: 570.902: [Tenured: 349567K->349567K(349568K), 0.0849220 secs] 506815K->506801K(506816K), [Metaspace: 12960K->12960K(1060864K)], 0.0850422 secs] [Times: user=0.08 sys=0.00, real=0.09 secs] 
2017-11-10T19:38:47.529+0500: 570.988: [Full GC (Allocation Failure) 2017-11-10T19:38:47.529+0500: 570.988: [Tenured: 349567K->349567K(349568K), 0.0753833 secs] 506815K->506798K(506816K), [Metaspace: 12960K->12960K(1060864K)], 0.0754566 secs] [Times: user=0.08 sys=0.00, real=0.08 secs] 
2017-11-10T19:38:47.604+0500: 571.064: [Full GC (Allocation Failure) 2017-11-10T19:38:47.604+0500: 571.064: [Tenured: 349567K->349567K(349568K), 0.0733490 secs] 506815K->506798K(506816K), [Metaspace: 12960K->12960K(1060864K)], 0.0734370 secs] [Times: user=0.08 sys=0.00, real=0.07 secs] 
2017-11-10T19:38:47.678+0500: 571.138: [Full GC (Allocation Failure) 2017-11-10T19:38:47.678+0500: 571.138: [Tenured: 349567K->349567K(349568K), 0.0753837 secs] 506815K->506808K(506816K), [Metaspace: 12960K->12960K(1060864K)], 0.0754849 secs] [Times: user=0.08 sys=0.00, real=0.08 secs] 
2017-11-10T19:38:47.754+0500: 571.214: [Full GC (Allocation Failure) 2017-11-10T19:38:47.754+0500: 571.214: [Tenured: 349567K->349567K(349568K), 0.0746240 secs] 506815K->506801K(506816K), [Metaspace: 12960K->12960K(1060864K)], 0.0747203 secs] [Times: user=0.06 sys=0.00, real=0.08 secs] 
2017-11-10T19:38:47.830+0500: 571.289: [Full GC (Allocation Failure) 2017-11-10T19:38:47.830+0500: 571.289: [Tenured: 349567K->349567K(349568K), 0.0783933 secs] 506815K->506798K(506816K), [Metaspace: 12960K->12960K(1060864K)], 0.0784862 secs] [Times: user=0.08 sys=0.00, real=0.08 secs] 
2017-11-10T19:38:47.908+0500: 571.368: [Full GC (Allocation Failure) 2017-11-10T19:38:47.908+0500: 571.368: [Tenured: 349567K->349567K(349568K), 0.0770616 secs] 506815K->506798K(506816K), [Metaspace: 12960K->12960K(1060864K)], 0.0771384 secs] [Times: user=0.08 sys=0.00, real=0.08 secs] 
2017-11-10T19:38:47.986+0500: 571.446: [Full GC (Allocation Failure) 2017-11-10T19:38:47.986+0500: 571.446: [Tenured: 349567K->349567K(349568K), 0.0752513 secs] 506815K->506808K(506816K), [Metaspace: 12960K->12960K(1060864K)], 0.0753241 secs] [Times: user=0.08 sys=0.00, real=0.08 secs] 
2017-11-10T19:38:48.062+0500: 571.521: [Full GC (Allocation Failure) 2017-11-10T19:38:48.062+0500: 571.521: [Tenured: 349567K->349567K(349568K), 0.0802824 secs] 506815K->506801K(506816K), [Metaspace: 12960K->12960K(1060864K)], 0.0803914 secs] [Times: user=0.08 sys=0.00, real=0.08 secs] 
2017-11-10T19:38:48.143+0500: 571.602: [Full GC (Allocation Failure) 2017-11-10T19:38:48.143+0500: 571.602: [Tenured: 349567K->349567K(349568K), 0.0761445 secs] 506815K->506798K(506816K), [Metaspace: 12960K->12960K(1060864K)], 0.0762266 secs] [Times: user=0.06 sys=0.00, real=0.08 secs] 
2017-11-10T19:38:48.220+0500: 571.679: [Full GC (Allocation Failure) 2017-11-10T19:38:48.220+0500: 571.679: [Tenured: 349567K->349567K(349568K), 0.0756570 secs] 506815K->506798K(506816K), [Metaspace: 12960K->12960K(1060864K)], 0.0757313 secs] [Times: user=0.08 sys=0.00, real=0.08 secs] 
2017-11-10T19:38:48.295+0500: 571.755: [Full GC (Allocation Failure) 2017-11-10T19:38:48.295+0500: 571.755: [Tenured: 349567K->349567K(349568K), 0.0836939 secs] 506815K->506808K(506816K), [Metaspace: 12960K->12960K(1060864K)], 0.0837858 secs] [Times: user=0.09 sys=0.00, real=0.08 secs] 
2017-11-10T19:38:48.380+0500: 571.840: [Full GC (Allocation Failure) 2017-11-10T19:38:48.380+0500: 571.840: [Tenured: 349567K->349567K(349568K), 0.0829043 secs] 506815K->506801K(506816K), [Metaspace: 12960K->12960K(1060864K)], 0.0830080 secs] [Times: user=0.08 sys=0.00, real=0.08 secs] 
2017-11-10T19:38:48.464+0500: 571.924: [Full GC (Allocation Failure) 2017-11-10T19:38:48.464+0500: 571.924: [Tenured: 349567K->349567K(349568K), 0.0801714 secs] 506815K->506798K(506816K), [Metaspace: 12960K->12960K(1060864K)], 0.0802756 secs] [Times: user=0.08 sys=0.00, real=0.08 secs] 
2017-11-10T19:38:48.545+0500: 572.004: [Full GC (Allocation Failure) 2017-11-10T19:38:48.545+0500: 572.004: [Tenured: 349567K->349567K(349568K), 0.0771843 secs] 506815K->506798K(506816K), [Metaspace: 12960K->12960K(1060864K)], 0.0772704 secs] [Times: user=0.08 sys=0.00, real=0.08 secs] 
2017-11-10T19:38:48.623+0500: 572.082: [Full GC (Allocation Failure) 2017-11-10T19:38:48.623+0500: 572.082: [Tenured: 349567K->349567K(349568K), 0.0782389 secs] 506815K->506808K(506816K), [Metaspace: 12960K->12960K(1060864K)], 0.0783518 secs] [Times: user=0.08 sys=0.00, real=0.08 secs] 
2017-11-10T19:38:48.701+0500: 572.161: [Full GC (Allocation Failure) 2017-11-10T19:38:48.701+0500: 572.161: [Tenured: 349567K->349567K(349568K), 0.0807263 secs] 506815K->506801K(506816K), [Metaspace: 12960K->12960K(1060864K)], 0.0808041 secs] [Times: user=0.08 sys=0.00, real=0.08 secs] 
2017-11-10T19:38:48.783+0500: 572.242: [Full GC (Allocation Failure) 2017-11-10T19:38:48.783+0500: 572.242: [Tenured: 349567K->349567K(349568K), 0.0793305 secs] 506815K->506798K(506816K), [Metaspace: 12960K->12960K(1060864K)], 0.0794117 secs] [Times: user=0.09 sys=0.00, real=0.08 secs] 
2017-11-10T19:38:48.864+0500: 572.324: [Full GC (Allocation Failure) 2017-11-10T19:38:48.864+0500: 572.324: [Tenured: 349567K->349567K(349568K), 0.0872598 secs] 506815K->506798K(506816K), [Metaspace: 12960K->12960K(1060864K)], 0.0873713 secs] [Times: user=0.08 sys=0.00, real=0.09 secs] 
2017-11-10T19:38:48.952+0500: 572.412: [Full GC (Allocation Failure) 2017-11-10T19:38:48.952+0500: 572.412: [Tenured: 349567K->349567K(349568K), 0.0861232 secs] 506815K->506808K(506816K), [Metaspace: 12960K->12960K(1060864K)], 0.0862112 secs] [Times: user=0.09 sys=0.00, real=0.09 secs] 
2017-11-10T19:38:49.039+0500: 572.498: [Full GC (Allocation Failure) 2017-11-10T19:38:49.039+0500: 572.498: [Tenured: 349567K->349567K(349568K), 0.0782638 secs] 506815K->506801K(506816K), [Metaspace: 12960K->12960K(1060864K)], 0.0783469 secs] [Times: user=0.08 sys=0.00, real=0.08 secs] 
2017-11-10T19:38:49.118+0500: 572.577: [Full GC (Allocation Failure) 2017-11-10T19:38:49.118+0500: 572.577: [Tenured: 349567K->349567K(349568K), 0.0813677 secs] 506815K->506798K(506816K), [Metaspace: 12960K->12960K(1060864K)], 0.0814562 secs] [Times: user=0.08 sys=0.00, real=0.08 secs] 
2017-11-10T19:38:49.199+0500: 572.659: [Full GC (Allocation Failure) 2017-11-10T19:38:49.199+0500: 572.659: [Tenured: 349567K->349567K(349568K), 0.0787957 secs] 506815K->506798K(506816K), [Metaspace: 12960K->12960K(1060864K)], 0.0788793 secs] [Times: user=0.08 sys=0.00, real=0.08 secs] 
2017-11-10T19:38:49.280+0500: 572.739: [Full GC (Allocation Failure) 2017-11-10T19:38:49.280+0500: 572.739: [Tenured: 349567K->349567K(349568K), 0.0772078 secs] 506815K->506808K(506816K), [Metaspace: 12960K->12960K(1060864K)], 0.0773095 secs] [Times: user=0.08 sys=0.00, real=0.08 secs] 
2017-11-10T19:38:49.357+0500: 572.816: [Full GC (Allocation Failure) 2017-11-10T19:38:49.358+0500: 572.816: [Tenured: 349567K->349567K(349568K), 0.0772948 secs] 506815K->506801K(506816K), [Metaspace: 12960K->12960K(1060864K)], 0.0773994 secs] [Times: user=0.08 sys=0.00, real=0.08 secs] 
2017-11-10T19:38:49.435+0500: 572.894: [Full GC (Allocation Failure) 2017-11-10T19:38:49.435+0500: 572.894: [Tenured: 349567K->349567K(349568K), 0.0772542 secs] 506815K->506798K(506816K), [Metaspace: 12960K->12960K(1060864K)], 0.0773339 secs] [Times: user=0.08 sys=0.00, real=0.08 secs] 
2017-11-10T19:38:49.513+0500: 572.972: [Full GC (Allocation Failure) 2017-11-10T19:38:49.513+0500: 572.972: [Tenured: 349567K->349567K(349568K), 0.0741053 secs] 506815K->506798K(506816K), [Metaspace: 12960K->12960K(1060864K)], 0.0742173 secs] [Times: user=0.08 sys=0.00, real=0.07 secs] 
2017-11-10T19:38:49.588+0500: 573.047: [Full GC (Allocation Failure) 2017-11-10T19:38:49.588+0500: 573.047: [Tenured: 349567K->349567K(349568K), 0.0764837 secs] 506815K->506808K(506816K), [Metaspace: 12960K->12960K(1060864K)], 0.0765903 secs] [Times: user=0.06 sys=0.00, real=0.08 secs] 
2017-11-10T19:38:49.665+0500: 573.124: [Full GC (Allocation Failure) 2017-11-10T19:38:49.665+0500: 573.124: [Tenured: 349567K->349567K(349568K), 0.0777138 secs] 506815K->506801K(506816K), [Metaspace: 12960K->12960K(1060864K)], 0.0778037 secs] [Times: user=0.08 sys=0.00, real=0.08 secs] 
2017-11-10T19:38:49.743+0500: 573.202: [Full GC (Allocation Failure) 2017-11-10T19:38:49.743+0500: 573.202: [Tenured: 349567K->349567K(349568K), 0.0760403 secs] 506815K->506798K(506816K), [Metaspace: 12960K->12960K(1060864K)], 0.0761415 secs] [Times: user=0.08 sys=0.00, real=0.08 secs] 
2017-11-10T19:38:49.820+0500: 573.279: [Full GC (Allocation Failure) 2017-11-10T19:38:49.820+0500: 573.279: [Tenured: 349567K->349567K(349568K), 0.0743781 secs] 506815K->506798K(506816K), [Metaspace: 12960K->12960K(1060864K)], 0.0745028 secs] [Times: user=0.08 sys=0.00, real=0.08 secs] 
2017-11-10T19:38:49.895+0500: 573.354: [Full GC (Allocation Failure) 2017-11-10T19:38:49.895+0500: 573.354: [Tenured: 349567K->349567K(349568K), 0.0769301 secs] 506815K->506808K(506816K), [Metaspace: 12960K->12960K(1060864K)], 0.0770949 secs] [Times: user=0.08 sys=0.00, real=0.08 secs] 
2017-11-10T19:38:49.971+0500: 573.431: [Full GC (Allocation Failure) 2017-11-10T19:38:49.971+0500: 573.431: [Tenured: 349567K->349567K(349568K), 0.0744783 secs] 506815K->506801K(506816K), [Metaspace: 12960K->12960K(1060864K)], 0.0745585 secs] [Times: user=0.06 sys=0.00, real=0.08 secs] 
2017-11-10T19:38:50.047+0500: 573.507: [Full GC (Allocation Failure) 2017-11-10T19:38:50.047+0500: 573.507: [Tenured: 349567K->349567K(349568K), 0.0747687 secs] 506815K->506798K(506816K), [Metaspace: 12960K->12960K(1060864K)], 0.0748528 secs] [Times: user=0.08 sys=0.00, real=0.08 secs] 
2017-11-10T19:38:50.123+0500: 573.582: [Full GC (Allocation Failure) 2017-11-10T19:38:50.123+0500: 573.582: [Tenured: 349567K->349567K(349568K), 0.0744446 secs] 506815K->506798K(506816K), [Metaspace: 12960K->12960K(1060864K)], 0.0745389 secs] [Times: user=0.08 sys=0.00, real=0.07 secs] 
2017-11-10T19:38:50.197+0500: 573.657: [Full GC (Allocation Failure) 2017-11-10T19:38:50.197+0500: 573.657: [Tenured: 349567K->349567K(349568K), 0.0751701 secs] 506815K->506808K(506816K), [Metaspace: 12960K->12960K(1060864K)], 0.0752483 secs] [Times: user=0.06 sys=0.00, real=0.08 secs] 
2017-11-10T19:38:50.273+0500: 573.732: [Full GC (Allocation Failure) 2017-11-10T19:38:50.273+0500: 573.732: [Tenured: 349567K->349567K(349568K), 0.0736130 secs] 506815K->506801K(506816K), [Metaspace: 12960K->12960K(1060864K)], 0.0737000 secs] [Times: user=0.08 sys=0.00, real=0.07 secs] 
2017-11-10T19:38:50.348+0500: 573.807: [Full GC (Allocation Failure) 2017-11-10T19:38:50.348+0500: 573.807: [Tenured: 349567K->349567K(349568K), 0.0736589 secs] 506815K->506798K(506816K), [Metaspace: 12960K->12960K(1060864K)], 0.0737636 secs] [Times: user=0.06 sys=0.00, real=0.07 secs] 
2017-11-10T19:38:50.422+0500: 573.881: [Full GC (Allocation Failure) 2017-11-10T19:38:50.422+0500: 573.881: [Tenured: 349567K->349567K(349568K), 0.0751276 secs] 506815K->506798K(506816K), [Metaspace: 12960K->12960K(1060864K)], 0.0752087 secs] [Times: user=0.08 sys=0.00, real=0.08 secs] 
2017-11-10T19:38:50.498+0500: 573.957: [Full GC (Allocation Failure) 2017-11-10T19:38:50.498+0500: 573.957: [Tenured: 349567K->349567K(349568K), 0.0781812 secs] 506815K->506808K(506816K), [Metaspace: 12960K->12960K(1060864K)], 0.0782921 secs] [Times: user=0.08 sys=0.00, real=0.08 secs] 
2017-11-10T19:38:50.576+0500: 574.035: [Full GC (Allocation Failure) 2017-11-10T19:38:50.576+0500: 574.036: [Tenured: 349567K->349567K(349568K), 0.0816806 secs] 506815K->506801K(506816K), [Metaspace: 12960K->12960K(1060864K)], 0.0818131 secs] [Times: user=0.08 sys=0.00, real=0.08 secs] 
2017-11-10T19:38:50.659+0500: 574.118: [Full GC (Allocation Failure) 2017-11-10T19:38:50.659+0500: 574.118: [Tenured: 349567K->349567K(349568K), 0.0765395 secs] 506815K->506798K(506816K), [Metaspace: 12960K->12960K(1060864K)], 0.0766270 secs] [Times: user=0.06 sys=0.00, real=0.08 secs] 
2017-11-10T19:38:50.736+0500: 574.195: [Full GC (Allocation Failure) 2017-11-10T19:38:50.736+0500: 574.195: [Tenured: 349567K->349567K(349568K), 0.0836073 secs] 506815K->506798K(506816K), [Metaspace: 12960K->12960K(1060864K)], 0.0836807 secs] [Times: user=0.09 sys=0.00, real=0.08 secs] 
2017-11-10T19:38:50.820+0500: 574.279: [Full GC (Allocation Failure) 2017-11-10T19:38:50.820+0500: 574.279: [Tenured: 349567K->349567K(349568K), 0.0793379 secs] 506815K->506808K(506816K), [Metaspace: 12960K->12960K(1060864K)], 0.0794958 secs] [Times: user=0.08 sys=0.00, real=0.08 secs] 
2017-11-10T19:38:50.900+0500: 574.359: [Full GC (Allocation Failure) 2017-11-10T19:38:50.900+0500: 574.359: [Tenured: 349567K->349567K(349568K), 0.0843118 secs] 506815K->506801K(506816K), [Metaspace: 12960K->12960K(1060864K)], 0.0844233 secs] [Times: user=0.08 sys=0.00, real=0.08 secs] 
2017-11-10T19:38:50.985+0500: 574.444: [Full GC (Allocation Failure) 2017-11-10T19:38:50.985+0500: 574.445: [Tenured: 349567K->349567K(349568K), 0.0835726 secs] 506815K->506798K(506816K), [Metaspace: 12960K->12960K(1060864K)], 0.0837105 secs] [Times: user=0.09 sys=0.00, real=0.08 secs] 
2017-11-10T19:38:51.070+0500: 574.529: [Full GC (Allocation Failure) 2017-11-10T19:38:51.070+0500: 574.529: [Tenured: 349567K->349567K(349568K), 0.0793281 secs] 506815K->506798K(506816K), [Metaspace: 12960K->12960K(1060864K)], 0.0794225 secs] [Times: user=0.08 sys=0.00, real=0.08 secs] 
2017-11-10T19:38:51.150+0500: 574.609: [Full GC (Allocation Failure) 2017-11-10T19:38:51.150+0500: 574.609: [Tenured: 349567K->349567K(349568K), 0.0780306 secs] 506815K->506808K(506816K), [Metaspace: 12960K->12960K(1060864K)], 0.0781616 secs] [Times: user=0.08 sys=0.00, real=0.08 secs] 
2017-11-10T19:38:51.228+0500: 574.687: [Full GC (Allocation Failure) 2017-11-10T19:38:51.228+0500: 574.687: [Tenured: 349567K->349567K(349568K), 0.0781039 secs] 506815K->506801K(506816K), [Metaspace: 12960K->12960K(1060864K)], 0.0782061 secs] [Times: user=0.08 sys=0.00, real=0.08 secs] 
2017-11-10T19:38:51.307+0500: 574.766: [Full GC (Allocation Failure) 2017-11-10T19:38:51.307+0500: 574.766: [Tenured: 349567K->349567K(349568K), 0.0813228 secs] 506815K->506798K(506816K), [Metaspace: 12960K->12960K(1060864K)], 0.0814122 secs] [Times: user=0.08 sys=0.00, real=0.08 secs] 
2017-11-10T19:38:51.389+0500: 574.848: [Full GC (Allocation Failure) 2017-11-10T19:38:51.389+0500: 574.848: [Tenured: 349567K->349567K(349568K), 0.0804105 secs] 506815K->506798K(506816K), [Metaspace: 12960K->12960K(1060864K)], 0.0805210 secs] [Times: user=0.08 sys=0.00, real=0.08 secs] 
2017-11-10T19:38:51.470+0500: 574.929: [Full GC (Allocation Failure) 2017-11-10T19:38:51.470+0500: 574.929: [Tenured: 349567K->349567K(349568K), 0.0794234 secs] 506815K->506808K(506816K), [Metaspace: 12960K->12960K(1060864K)], 0.0795657 secs] [Times: user=0.08 sys=0.00, real=0.08 secs] 
2017-11-10T19:38:51.550+0500: 575.009: [Full GC (Allocation Failure) 2017-11-10T19:38:51.550+0500: 575.009: [Tenured: 349567K->349567K(349568K), 0.0776581 secs] 506815K->506801K(506816K), [Metaspace: 12960K->12960K(1060864K)], 0.0777412 secs] [Times: user=0.08 sys=0.00, real=0.08 secs] 
2017-11-10T19:38:51.628+0500: 575.088: [Full GC (Allocation Failure) 2017-11-10T19:38:51.628+0500: 575.088: [Tenured: 349567K->349567K(349568K), 0.0781577 secs] 506815K->506798K(506816K), [Metaspace: 12960K->12960K(1060864K)], 0.0782662 secs] [Times: user=0.08 sys=0.00, real=0.08 secs] 
2017-11-10T19:38:51.707+0500: 575.166: [Full GC (Allocation Failure) 2017-11-10T19:38:51.707+0500: 575.166: [Tenured: 349567K->349567K(349568K), 0.0761801 secs] 506815K->506798K(506816K), [Metaspace: 12960K->12960K(1060864K)], 0.0762603 secs] [Times: user=0.06 sys=0.00, real=0.08 secs] 
2017-11-10T19:38:51.784+0500: 575.243: [Full GC (Allocation Failure) 2017-11-10T19:38:51.784+0500: 575.243: [Tenured: 349567K->349567K(349568K), 0.0765101 secs] 506815K->506808K(506816K), [Metaspace: 12960K->12960K(1060864K)], 0.0765884 secs] [Times: user=0.06 sys=0.00, real=0.08 secs] 
2017-11-10T19:38:51.861+0500: 575.320: [Full GC (Allocation Failure) 2017-11-10T19:38:51.861+0500: 575.320: [Tenured: 349567K->349567K(349568K), 0.0768763 secs] 506815K->506801K(506816K), [Metaspace: 12960K->12960K(1060864K)], 0.0769589 secs] [Times: user=0.08 sys=0.00, real=0.08 secs] 
2017-11-10T19:38:51.938+0500: 575.398: [Full GC (Allocation Failure) 2017-11-10T19:38:51.939+0500: 575.398: [Tenured: 349567K->349567K(349568K), 0.0779871 secs] 506815K->506798K(506816K), [Metaspace: 12960K->12960K(1060864K)], 0.0780966 secs] [Times: user=0.08 sys=0.00, real=0.08 secs] 
2017-11-10T19:38:52.017+0500: 575.476: [Full GC (Allocation Failure) 2017-11-10T19:38:52.017+0500: 575.476: [Tenured: 349567K->349567K(349568K), 0.0793335 secs] 506815K->506798K(506816K), [Metaspace: 12960K->12960K(1060864K)], 0.0794493 secs] [Times: user=0.08 sys=0.00, real=0.08 secs] 
2017-11-10T19:38:52.097+0500: 575.556: [Full GC (Allocation Failure) 2017-11-10T19:38:52.097+0500: 575.556: [Tenured: 349567K->349567K(349568K), 0.0796566 secs] 506815K->506808K(506816K), [Metaspace: 12960K->12960K(1060864K)], 0.0797622 secs] [Times: user=0.08 sys=0.00, real=0.08 secs] 
2017-11-10T19:38:52.177+0500: 575.637: [Full GC (Allocation Failure) 2017-11-10T19:38:52.177+0500: 575.637: [Tenured: 349567K->349567K(349568K), 0.0801069 secs] 506815K->506801K(506816K), [Metaspace: 12960K->12960K(1060864K)], 0.0802120 secs] [Times: user=0.08 sys=0.00, real=0.08 secs] 
2017-11-10T19:38:52.258+0500: 575.717: [Full GC (Allocation Failure) 2017-11-10T19:38:52.258+0500: 575.717: [Tenured: 349567K->349567K(349568K), 0.0827357 secs] 506815K->506798K(506816K), [Metaspace: 12960K->12960K(1060864K)], 0.0828212 secs] [Times: user=0.08 sys=0.00, real=0.08 secs] 
2017-11-10T19:38:52.341+0500: 575.801: [Full GC (Allocation Failure) 2017-11-10T19:38:52.342+0500: 575.801: [Tenured: 349567K->349567K(349568K), 0.0808285 secs] 506815K->506798K(506816K), [Metaspace: 12960K->12960K(1060864K)], 0.0809483 secs] [Times: user=0.08 sys=0.00, real=0.08 secs] 
2017-11-10T19:38:52.423+0500: 575.882: [Full GC (Allocation Failure) 2017-11-10T19:38:52.423+0500: 575.882: [Tenured: 349567K->349567K(349568K), 0.0821485 secs] 506815K->506808K(506816K), [Metaspace: 12960K->12960K(1060864K)], 0.0822590 secs] [Times: user=0.09 sys=0.00, real=0.08 secs] 
2017-11-10T19:38:52.506+0500: 575.965: [Full GC (Allocation Failure) 2017-11-10T19:38:52.506+0500: 575.965: [Tenured: 349567K->349567K(349568K), 0.0857316 secs] 506815K->506801K(506816K), [Metaspace: 12960K->12960K(1060864K)], 0.0858601 secs] [Times: user=0.08 sys=0.00, real=0.09 secs] 
2017-11-10T19:38:52.593+0500: 576.052: [Full GC (Allocation Failure) 2017-11-10T19:38:52.593+0500: 576.052: [Tenured: 349567K->349567K(349568K), 0.0893503 secs] 506815K->506798K(506816K), [Metaspace: 12960K->12960K(1060864K)], 0.0894535 secs] [Times: user=0.09 sys=0.00, real=0.09 secs] 
2017-11-10T19:38:52.683+0500: 576.142: [Full GC (Allocation Failure) 2017-11-10T19:38:52.683+0500: 576.142: [Tenured: 349567K->349567K(349568K), 0.0791976 secs] 506815K->506798K(506816K), [Metaspace: 12960K->12960K(1060864K)], 0.0792865 secs] [Times: user=0.08 sys=0.00, real=0.08 secs] 
2017-11-10T19:38:52.762+0500: 576.222: [Full GC (Allocation Failure) 2017-11-10T19:38:52.762+0500: 576.222: [Tenured: 349567K->349567K(349568K), 0.0736687 secs] 506815K->506808K(506816K), [Metaspace: 12960K->12960K(1060864K)], 0.0737474 secs] [Times: user=0.08 sys=0.00, real=0.07 secs] 
2017-11-10T19:38:52.837+0500: 576.296: [Full GC (Allocation Failure) 2017-11-10T19:38:52.837+0500: 576.296: [Tenured: 349567K->349567K(349568K), 0.0730825 secs] 506815K->506801K(506816K), [Metaspace: 12960K->12960K(1060864K)], 0.0731671 secs] [Times: user=0.08 sys=0.00, real=0.07 secs] 
2017-11-10T19:38:52.910+0500: 576.370: [Full GC (Allocation Failure) 2017-11-10T19:38:52.910+0500: 576.370: [Tenured: 349567K->349567K(349568K), 0.0822766 secs] 506815K->506798K(506816K), [Metaspace: 12960K->12960K(1060864K)], 0.0823646 secs] [Times: user=0.08 sys=0.00, real=0.08 secs] 
2017-11-10T19:38:52.993+0500: 576.453: [Full GC (Allocation Failure) 2017-11-10T19:38:52.993+0500: 576.453: [Tenured: 349567K->349567K(349568K), 0.0786094 secs] 506815K->506798K(506816K), [Metaspace: 12960K->12960K(1060864K)], 0.0787170 secs] [Times: user=0.08 sys=0.00, real=0.08 secs] 
2017-11-10T19:38:53.073+0500: 576.532: [Full GC (Allocation Failure) 2017-11-10T19:38:53.073+0500: 576.532: [Tenured: 349567K->349567K(349568K), 0.0789776 secs] 506815K->506808K(506816K), [Metaspace: 12960K->12960K(1060864K)], 0.0790661 secs] [Times: user=0.08 sys=0.00, real=0.08 secs] 
2017-11-10T19:38:53.152+0500: 576.611: [Full GC (Allocation Failure) 2017-11-10T19:38:53.152+0500: 576.611: [Tenured: 349567K->349567K(349568K), 0.0769404 secs] 506815K->506801K(506816K), [Metaspace: 12960K->12960K(1060864K)], 0.0770215 secs] [Times: user=0.08 sys=0.00, real=0.08 secs] 
2017-11-10T19:38:53.229+0500: 576.689: [Full GC (Allocation Failure) 2017-11-10T19:38:53.229+0500: 576.689: [Tenured: 349567K->349567K(349568K), 0.0775075 secs] 506815K->506798K(506816K), [Metaspace: 12960K->12960K(1060864K)], 0.0776180 secs] [Times: user=0.08 sys=0.00, real=0.08 secs] 
2017-11-10T19:38:53.307+0500: 576.767: [Full GC (Allocation Failure) 2017-11-10T19:38:53.307+0500: 576.767: [Tenured: 349567K->349567K(349568K), 0.0795857 secs] 506815K->506798K(506816K), [Metaspace: 12960K->12960K(1060864K)], 0.0796635 secs] [Times: user=0.08 sys=0.00, real=0.08 secs] 
2017-11-10T19:38:53.387+0500: 576.847: [Full GC (Allocation Failure) 2017-11-10T19:38:53.387+0500: 576.847: [Tenured: 349567K->349567K(349568K), 0.0780316 secs] 506815K->506808K(506816K), [Metaspace: 12960K->12960K(1060864K)], 0.0781381 secs] [Times: user=0.08 sys=0.00, real=0.08 secs] 
2017-11-10T19:38:53.466+0500: 576.925: [Full GC (Allocation Failure) 2017-11-10T19:38:53.466+0500: 576.925: [Tenured: 349567K->349567K(349568K), 0.0766808 secs] 506815K->506801K(506816K), [Metaspace: 12960K->12960K(1060864K)], 0.0767644 secs] [Times: user=0.08 sys=0.00, real=0.08 secs] 
2017-11-10T19:38:53.543+0500: 577.003: [Full GC (Allocation Failure) 2017-11-10T19:38:53.543+0500: 577.003: [Tenured: 349567K->349567K(349568K), 0.0785112 secs] 506815K->506798K(506816K), [Metaspace: 12960K->12960K(1060864K)], 0.0786148 secs] [Times: user=0.08 sys=0.00, real=0.08 secs] 
2017-11-10T19:38:53.622+0500: 577.082: [Full GC (Allocation Failure) 2017-11-10T19:38:53.622+0500: 577.082: [Tenured: 349567K->349567K(349568K), 0.0783889 secs] 506815K->506798K(506816K), [Metaspace: 12960K->12960K(1060864K)], 0.0784647 secs] [Times: user=0.08 sys=0.00, real=0.08 secs] 
2017-11-10T19:38:53.701+0500: 577.161: [Full GC (Allocation Failure) 2017-11-10T19:38:53.701+0500: 577.161: [Tenured: 349567K->349567K(349568K), 0.0809620 secs] 506815K->506808K(506816K), [Metaspace: 12960K->12960K(1060864K)], 0.0810739 secs] [Times: user=0.08 sys=0.00, real=0.08 secs] 
2017-11-10T19:38:53.783+0500: 577.243: [Full GC (Allocation Failure) 2017-11-10T19:38:53.783+0500: 577.243: [Tenured: 349567K->349567K(349568K), 0.0828002 secs] 506815K->506801K(506816K), [Metaspace: 12960K->12960K(1060864K)], 0.0829141 secs] [Times: user=0.09 sys=0.00, real=0.08 secs] 
2017-11-10T19:38:53.867+0500: 577.326: [Full GC (Allocation Failure) 2017-11-10T19:38:53.867+0500: 577.326: [Tenured: 349567K->349567K(349568K), 0.0779485 secs] 506815K->506798K(506816K), [Metaspace: 12960K->12960K(1060864K)], 0.0780394 secs] [Times: user=0.08 sys=0.00, real=0.08 secs] 
2017-11-10T19:38:53.945+0500: 577.405: [Full GC (Allocation Failure) 2017-11-10T19:38:53.945+0500: 577.405: [Tenured: 349567K->349567K(349568K), 0.0797881 secs] 506815K->506798K(506816K), [Metaspace: 12960K->12960K(1060864K)], 0.0798996 secs] [Times: user=0.08 sys=0.00, real=0.08 secs] 
2017-11-10T19:38:54.025+0500: 577.485: [Full GC (Allocation Failure) 2017-11-10T19:38:54.025+0500: 577.485: [Tenured: 349567K->349567K(349568K), 0.0769066 secs] 506815K->506808K(506816K), [Metaspace: 12960K->12960K(1060864K)], 0.0769893 secs] [Times: user=0.08 sys=0.00, real=0.08 secs] 
2017-11-10T19:38:54.103+0500: 577.563: [Full GC (Allocation Failure) 2017-11-10T19:38:54.103+0500: 577.563: [Tenured: 349567K->349567K(349568K), 0.0791516 secs] 506815K->506801K(506816K), [Metaspace: 12960K->12960K(1060864K)], 0.0792269 secs] [Times: user=0.08 sys=0.00, real=0.08 secs] 
2017-11-10T19:38:54.183+0500: 577.642: [Full GC (Allocation Failure) 2017-11-10T19:38:54.183+0500: 577.642: [Tenured: 349567K->349567K(349568K), 0.0772738 secs] 506815K->506798K(506816K), [Metaspace: 12960K->12960K(1060864K)], 0.0774175 secs] [Times: user=0.08 sys=0.00, real=0.08 secs] 
2017-11-10T19:38:54.261+0500: 577.720: [Full GC (Allocation Failure) 2017-11-10T19:38:54.261+0500: 577.720: [Tenured: 349567K->349567K(349568K), 0.0774048 secs] 506815K->506798K(506816K), [Metaspace: 12960K->12960K(1060864K)], 0.0774899 secs] [Times: user=0.08 sys=0.00, real=0.08 secs] 
2017-11-10T19:38:54.339+0500: 577.798: [Full GC (Allocation Failure) 2017-11-10T19:38:54.339+0500: 577.798: [Tenured: 349567K->349567K(349568K), 0.0727877 secs] 506815K->506808K(506816K), [Metaspace: 12960K->12960K(1060864K)], 0.0728713 secs] [Times: user=0.08 sys=0.00, real=0.07 secs] 
2017-11-10T19:38:54.412+0500: 577.872: [Full GC (Allocation Failure) 2017-11-10T19:38:54.412+0500: 577.872: [Tenured: 349567K->349567K(349568K), 0.0745272 secs] 506815K->506801K(506816K), [Metaspace: 12960K->12960K(1060864K)], 0.0746392 secs] [Times: user=0.08 sys=0.00, real=0.08 secs] 
2017-11-10T19:38:54.487+0500: 577.947: [Full GC (Allocation Failure) 2017-11-10T19:38:54.487+0500: 577.947: [Tenured: 349567K->349567K(349568K), 0.0740696 secs] 506815K->506798K(506816K), [Metaspace: 12960K->12960K(1060864K)], 0.0741420 secs] [Times: user=0.06 sys=0.00, real=0.08 secs] 
2017-11-10T19:38:54.562+0500: 578.021: [Full GC (Allocation Failure) 2017-11-10T19:38:54.562+0500: 578.021: [Tenured: 349567K->349567K(349568K), 0.0848354 secs] 506815K->506798K(506816K), [Metaspace: 12960K->12960K(1060864K)], 0.0849493 secs] [Times: user=0.09 sys=0.00, real=0.09 secs] 
2017-11-10T19:38:54.647+0500: 578.107: [Full GC (Allocation Failure) 2017-11-10T19:38:54.647+0500: 578.107: [Tenured: 349567K->349567K(349568K), 0.0838376 secs] 506815K->506808K(506816K), [Metaspace: 12960K->12960K(1060864K)], 0.0839246 secs] [Times: user=0.08 sys=0.00, real=0.08 secs] 
2017-11-10T19:38:54.735+0500: 578.194: [Full GC (Allocation Failure) 2017-11-10T19:38:54.735+0500: 578.194: [Tenured: 349567K->349567K(349568K), 0.0875874 secs] 506815K->506801K(506816K), [Metaspace: 12960K->12960K(1060864K)], 0.0876866 secs] [Times: user=0.09 sys=0.00, real=0.09 secs] 
2017-11-10T19:38:54.823+0500: 578.283: [Full GC (Allocation Failure) 2017-11-10T19:38:54.823+0500: 578.283: [Tenured: 349567K->349567K(349568K), 0.0784853 secs] 506815K->506798K(506816K), [Metaspace: 12960K->12960K(1060864K)], 0.0786109 secs] [Times: user=0.08 sys=0.00, real=0.08 secs] 
2017-11-10T19:38:54.903+0500: 578.362: [Full GC (Allocation Failure) 2017-11-10T19:38:54.903+0500: 578.362: [Tenured: 349567K->349567K(349568K), 0.0778414 secs] 506815K->506798K(506816K), [Metaspace: 12960K->12960K(1060864K)], 0.0779436 secs] [Times: user=0.08 sys=0.00, real=0.08 secs] 
2017-11-10T19:38:54.981+0500: 578.440: [Full GC (Allocation Failure) 2017-11-10T19:38:54.981+0500: 578.440: [Tenured: 349567K->349567K(349568K), 0.0753314 secs] 506815K->506808K(506816K), [Metaspace: 12960K->12960K(1060864K)], 0.0754150 secs] [Times: user=0.08 sys=0.00, real=0.08 secs] 
2017-11-10T19:38:55.057+0500: 578.516: [Full GC (Allocation Failure) 2017-11-10T19:38:55.057+0500: 578.516: [Tenured: 349567K->349567K(349568K), 0.0786124 secs] 506815K->506801K(506816K), [Metaspace: 12960K->12960K(1060864K)], 0.0787023 secs] [Times: user=0.06 sys=0.00, real=0.08 secs] 
2017-11-10T19:38:55.136+0500: 578.595: [Full GC (Allocation Failure) 2017-11-10T19:38:55.136+0500: 578.595: [Tenured: 349567K->349567K(349568K), 0.0811228 secs] 506815K->506798K(506816K), [Metaspace: 12960K->12960K(1060864K)], 0.0812054 secs] [Times: user=0.08 sys=0.00, real=0.08 secs] 
2017-11-10T19:38:55.218+0500: 578.677: [Full GC (Allocation Failure) 2017-11-10T19:38:55.218+0500: 578.677: [Tenured: 349567K->349567K(349568K), 0.0793061 secs] 506815K->506798K(506816K), [Metaspace: 12960K->12960K(1060864K)], 0.0793833 secs] [Times: user=0.08 sys=0.00, real=0.08 secs] 
2017-11-10T19:38:55.297+0500: 578.757: [Full GC (Allocation Failure) 2017-11-10T19:38:55.297+0500: 578.757: [Tenured: 349567K->349567K(349568K), 0.0753652 secs] 506815K->506808K(506816K), [Metaspace: 12960K->12960K(1060864K)], 0.0754449 secs] [Times: user=0.08 sys=0.00, real=0.08 secs] 
2017-11-10T19:38:55.374+0500: 578.833: [Full GC (Allocation Failure) 2017-11-10T19:38:55.374+0500: 578.833: [Tenured: 349567K->349567K(349568K), 0.0735489 secs] 506815K->506801K(506816K), [Metaspace: 12960K->12960K(1060864K)], 0.0736237 secs] [Times: user=0.08 sys=0.00, real=0.07 secs] 
2017-11-10T19:38:55.448+0500: 578.907: [Full GC (Allocation Failure) 2017-11-10T19:38:55.448+0500: 578.907: [Tenured: 349567K->349567K(349568K), 0.0734497 secs] 506815K->506798K(506816K), [Metaspace: 12960K->12960K(1060864K)], 0.0735812 secs] [Times: user=0.08 sys=0.00, real=0.07 secs] 
2017-11-10T19:38:55.522+0500: 578.981: [Full GC (Allocation Failure) 2017-11-10T19:38:55.522+0500: 578.981: [Tenured: 349567K->349567K(349568K), 0.0743405 secs] 506815K->506798K(506816K), [Metaspace: 12960K->12960K(1060864K)], 0.0744294 secs] [Times: user=0.06 sys=0.00, real=0.07 secs] 
2017-11-10T19:38:55.597+0500: 579.056: [Full GC (Allocation Failure) 2017-11-10T19:38:55.597+0500: 579.056: [Tenured: 349567K->349567K(349568K), 0.0739728 secs] 506815K->506808K(506816K), [Metaspace: 12960K->12960K(1060864K)], 0.0740965 secs] [Times: user=0.06 sys=0.00, real=0.07 secs] 
2017-11-10T19:38:55.672+0500: 579.130: [Full GC (Allocation Failure) 2017-11-10T19:38:55.672+0500: 579.130: [Tenured: 349567K->349567K(349568K), 0.0741879 secs] 506815K->506801K(506816K), [Metaspace: 12960K->12960K(1060864K)], 0.0742637 secs] [Times: user=0.08 sys=0.00, real=0.07 secs] 
2017-11-10T19:38:55.746+0500: 579.205: [Full GC (Allocation Failure) 2017-11-10T19:38:55.746+0500: 579.205: [Tenured: 349567K->349567K(349568K), 0.0734507 secs] 506815K->506798K(506816K), [Metaspace: 12960K->12960K(1060864K)], 0.0735533 secs] [Times: user=0.08 sys=0.00, real=0.07 secs] 
2017-11-10T19:38:55.820+0500: 579.279: [Full GC (Allocation Failure) 2017-11-10T19:38:55.820+0500: 579.279: [Tenured: 349567K->349567K(349568K), 0.0733593 secs] 506815K->506798K(506816K), [Metaspace: 12960K->12960K(1060864K)], 0.0734512 secs] [Times: user=0.08 sys=0.00, real=0.07 secs] 
2017-11-10T19:38:55.894+0500: 579.353: [Full GC (Allocation Failure) 2017-11-10T19:38:55.894+0500: 579.353: [Tenured: 349567K->349567K(349568K), 0.0743703 secs] 506815K->506808K(506816K), [Metaspace: 12960K->12960K(1060864K)], 0.0744725 secs] [Times: user=0.06 sys=0.00, real=0.08 secs] 
2017-11-10T19:38:55.969+0500: 579.428: [Full GC (Allocation Failure) 2017-11-10T19:38:55.969+0500: 579.428: [Tenured: 349567K->349567K(349568K), 0.0735392 secs] 506815K->506801K(506816K), [Metaspace: 12960K->12960K(1060864K)], 0.0736399 secs] [Times: user=0.08 sys=0.00, real=0.07 secs] 
2017-11-10T19:38:56.043+0500: 579.502: [Full GC (Allocation Failure) 2017-11-10T19:38:56.043+0500: 579.502: [Tenured: 349567K->349567K(349568K), 0.0750058 secs] 506815K->506798K(506816K), [Metaspace: 12960K->12960K(1060864K)], 0.0750865 secs] [Times: user=0.08 sys=0.00, real=0.08 secs] 
2017-11-10T19:38:56.119+0500: 579.578: [Full GC (Allocation Failure) 2017-11-10T19:38:56.119+0500: 579.578: [Tenured: 349567K->349567K(349568K), 0.0749643 secs] 506815K->506798K(506816K), [Metaspace: 12960K->12960K(1060864K)], 0.0750381 secs] [Times: user=0.08 sys=0.00, real=0.08 secs] 
2017-11-10T19:38:56.194+0500: 579.653: [Full GC (Allocation Failure) 2017-11-10T19:38:56.194+0500: 579.653: [Tenured: 349567K->349567K(349568K), 0.0733671 secs] 506815K->506808K(506816K), [Metaspace: 12960K->12960K(1060864K)], 0.0734477 secs] [Times: user=0.06 sys=0.00, real=0.07 secs] 
2017-11-10T19:38:56.268+0500: 579.727: [Full GC (Allocation Failure) 2017-11-10T19:38:56.268+0500: 579.727: [Tenured: 349567K->349567K(349568K), 0.0741967 secs] 506815K->506801K(506816K), [Metaspace: 12960K->12960K(1060864K)], 0.0742754 secs] [Times: user=0.06 sys=0.00, real=0.07 secs] 
2017-11-10T19:38:56.343+0500: 579.802: [Full GC (Allocation Failure) 2017-11-10T19:38:56.343+0500: 579.802: [Tenured: 349567K->349567K(349568K), 0.0760569 secs] 506815K->506798K(506816K), [Metaspace: 12960K->12960K(1060864K)], 0.0761278 secs] [Times: user=0.08 sys=0.00, real=0.08 secs] 
2017-11-10T19:38:56.419+0500: 579.879: [Full GC (Allocation Failure) 2017-11-10T19:38:56.420+0500: 579.879: [Tenured: 349567K->349567K(349568K), 0.0768485 secs] 506815K->506798K(506816K), [Metaspace: 12960K->12960K(1060864K)], 0.0769433 secs] [Times: user=0.08 sys=0.00, real=0.08 secs] 
2017-11-10T19:38:56.497+0500: 579.956: [Full GC (Allocation Failure) 2017-11-10T19:38:56.497+0500: 579.956: [Tenured: 349567K->349567K(349568K), 0.0741449 secs] 506815K->506808K(506816K), [Metaspace: 12960K->12960K(1060864K)], 0.0742466 secs] [Times: user=0.08 sys=0.00, real=0.07 secs] 
2017-11-10T19:38:56.572+0500: 580.031: [Full GC (Allocation Failure) 2017-11-10T19:38:56.572+0500: 580.031: [Tenured: 349567K->349567K(349568K), 0.0735240 secs] 506815K->506801K(506816K), [Metaspace: 12960K->12960K(1060864K)], 0.0735949 secs] [Times: user=0.08 sys=0.00, real=0.07 secs] 
2017-11-10T19:38:56.646+0500: 580.105: [Full GC (Allocation Failure) 2017-11-10T19:38:56.646+0500: 580.105: [Tenured: 349567K->349567K(349568K), 0.0741723 secs] 506815K->506798K(506816K), [Metaspace: 12960K->12960K(1060864K)], 0.0742515 secs] [Times: user=0.06 sys=0.00, real=0.07 secs] 
2017-11-10T19:38:56.721+0500: 580.180: [Full GC (Allocation Failure) 2017-11-10T19:38:56.721+0500: 580.180: [Tenured: 349567K->349567K(349568K), 0.0732571 secs] 506815K->506798K(506816K), [Metaspace: 12960K->12960K(1060864K)], 0.0733348 secs] [Times: user=0.08 sys=0.00, real=0.07 secs] 
2017-11-10T19:38:56.794+0500: 580.253: [Full GC (Allocation Failure) 2017-11-10T19:38:56.794+0500: 580.253: [Tenured: 349567K->349567K(349568K), 0.0729633 secs] 506815K->506808K(506816K), [Metaspace: 12960K->12960K(1060864K)], 0.0730713 secs] [Times: user=0.08 sys=0.00, real=0.07 secs] 
2017-11-10T19:38:56.868+0500: 580.327: [Full GC (Allocation Failure) 2017-11-10T19:38:56.868+0500: 580.327: [Tenured: 349567K->349567K(349568K), 0.0742358 secs] 506815K->506801K(506816K), [Metaspace: 12960K->12960K(1060864K)], 0.0743204 secs] [Times: user=0.08 sys=0.00, real=0.07 secs] 
2017-11-10T19:38:56.942+0500: 580.402: [Full GC (Allocation Failure) 2017-11-10T19:38:56.942+0500: 580.402: [Tenured: 349567K->349567K(349568K), 0.0778922 secs] 506815K->506798K(506816K), [Metaspace: 12960K->12960K(1060864K)], 0.0779734 secs] [Times: user=0.08 sys=0.00, real=0.08 secs] 
2017-11-10T19:38:57.021+0500: 580.480: [Full GC (Allocation Failure) 2017-11-10T19:38:57.021+0500: 580.480: [Tenured: 349567K->349567K(349568K), 0.0811111 secs] 506815K->506798K(506816K), [Metaspace: 12960K->12960K(1060864K)], 0.0812348 secs] [Times: user=0.08 sys=0.00, real=0.08 secs] 
2017-11-10T19:38:57.103+0500: 580.562: [Full GC (Allocation Failure) 2017-11-10T19:38:57.103+0500: 580.562: [Tenured: 349567K->349567K(349568K), 0.0790289 secs] 506815K->506808K(506816K), [Metaspace: 12960K->12960K(1060864K)], 0.0791311 secs] [Times: user=0.08 sys=0.00, real=0.08 secs] 
2017-11-10T19:38:57.182+0500: 580.641: [Full GC (Allocation Failure) 2017-11-10T19:38:57.183+0500: 580.641: [Tenured: 349567K->349567K(349568K), 0.0769213 secs] 506815K->506801K(506816K), [Metaspace: 12960K->12960K(1060864K)], 0.0770274 secs] [Times: user=0.08 sys=0.00, real=0.08 secs] 
2017-11-10T19:38:57.260+0500: 580.719: [Full GC (Allocation Failure) 2017-11-10T19:38:57.260+0500: 580.719: [Tenured: 349567K->349567K(349568K), 0.0824203 secs] 506815K->506798K(506816K), [Metaspace: 12960K->12960K(1060864K)], 0.0824922 secs] [Times: user=0.08 sys=0.00, real=0.08 secs] 
2017-11-10T19:38:57.343+0500: 580.802: [Full GC (Allocation Failure) 2017-11-10T19:38:57.343+0500: 580.802: [Tenured: 349567K->349567K(349568K), 0.0732952 secs] 506815K->506798K(506816K), [Metaspace: 12960K->12960K(1060864K)], 0.0734003 secs] [Times: user=0.08 sys=0.00, real=0.07 secs] 
2017-11-10T19:38:57.417+0500: 580.876: [Full GC (Allocation Failure) 2017-11-10T19:38:57.417+0500: 580.876: [Tenured: 349567K->349567K(349568K), 0.0741894 secs] 506815K->506808K(506816K), [Metaspace: 12960K->12960K(1060864K)], 0.0742671 secs] [Times: user=0.06 sys=0.00, real=0.07 secs] 
2017-11-10T19:38:57.491+0500: 580.950: [Full GC (Allocation Failure) 2017-11-10T19:38:57.491+0500: 580.950: [Tenured: 349567K->349567K(349568K), 0.0735988 secs] 506815K->506801K(506816K), [Metaspace: 12960K->12960K(1060864K)], 0.0736731 secs] [Times: user=0.08 sys=0.00, real=0.07 secs] 
2017-11-10T19:38:57.565+0500: 581.025: [Full GC (Allocation Failure) 2017-11-10T19:38:57.565+0500: 581.025: [Tenured: 349567K->349567K(349568K), 0.0746201 secs] 506815K->506798K(506816K), [Metaspace: 12960K->12960K(1060864K)], 0.0746910 secs] [Times: user=0.06 sys=0.00, real=0.08 secs] 
2017-11-10T19:38:57.641+0500: 581.100: [Full GC (Allocation Failure) 2017-11-10T19:38:57.641+0500: 581.100: [Tenured: 349567K->349567K(349568K), 0.0774806 secs] 506815K->506798K(506816K), [Metaspace: 12960K->12960K(1060864K)], 0.0775505 secs] [Times: user=0.08 sys=0.00, real=0.08 secs] 
2017-11-10T19:38:57.719+0500: 581.178: [Full GC (Allocation Failure) 2017-11-10T19:38:57.719+0500: 581.178: [Tenured: 349567K->349567K(349568K), 0.0776033 secs] 506815K->506808K(506816K), [Metaspace: 12960K->12960K(1060864K)], 0.0776766 secs] [Times: user=0.08 sys=0.00, real=0.08 secs] 
2017-11-10T19:38:57.797+0500: 581.256: [Full GC (Allocation Failure) 2017-11-10T19:38:57.797+0500: 581.256: [Tenured: 349567K->349567K(349568K), 0.0783171 secs] 506815K->506801K(506816K), [Metaspace: 12960K->12960K(1060864K)], 0.0783968 secs] [Times: user=0.08 sys=0.00, real=0.08 secs] 
2017-11-10T19:38:57.876+0500: 581.335: [Full GC (Allocation Failure) 2017-11-10T19:38:57.876+0500: 581.335: [Tenured: 349567K->349567K(349568K), 0.0750014 secs] 506815K->506798K(506816K), [Metaspace: 12960K->12960K(1060864K)], 0.0751105 secs] [Times: user=0.08 sys=0.00, real=0.08 secs] 
2017-11-10T19:38:57.951+0500: 581.410: [Full GC (Allocation Failure) 2017-11-10T19:38:57.951+0500: 581.410: [Tenured: 349567K->349567K(349568K), 0.0731720 secs] 506815K->506798K(506816K), [Metaspace: 12960K->12960K(1060864K)], 0.0732493 secs] [Times: user=0.08 sys=0.00, real=0.07 secs] 
2017-11-10T19:38:58.025+0500: 581.484: [Full GC (Allocation Failure) 2017-11-10T19:38:58.025+0500: 581.484: [Tenured: 349567K->349567K(349568K), 0.0745756 secs] 506815K->506808K(506816K), [Metaspace: 12960K->12960K(1060864K)], 0.0746475 secs] [Times: user=0.08 sys=0.00, real=0.07 secs] 
2017-11-10T19:38:58.100+0500: 581.559: [Full GC (Allocation Failure) 2017-11-10T19:38:58.100+0500: 581.559: [Tenured: 349567K->349567K(349568K), 0.0748465 secs] 506815K->506801K(506816K), [Metaspace: 12960K->12960K(1060864K)], 0.0749266 secs] [Times: user=0.08 sys=0.00, real=0.08 secs] 
2017-11-10T19:38:58.176+0500: 581.635: [Full GC (Allocation Failure) 2017-11-10T19:38:58.176+0500: 581.635: [Tenured: 349567K->349567K(349568K), 0.0746876 secs] 506815K->506798K(506816K), [Metaspace: 12960K->12960K(1060864K)], 0.0747692 secs] [Times: user=0.06 sys=0.00, real=0.07 secs] 
2017-11-10T19:38:58.250+0500: 581.710: [Full GC (Allocation Failure) 2017-11-10T19:38:58.250+0500: 581.710: [Tenured: 349567K->349567K(349568K), 0.0746910 secs] 506815K->506798K(506816K), [Metaspace: 12960K->12960K(1060864K)], 0.0747633 secs] [Times: user=0.08 sys=0.00, real=0.08 secs] 
2017-11-10T19:38:58.326+0500: 581.785: [Full GC (Allocation Failure) 2017-11-10T19:38:58.326+0500: 581.785: [Tenured: 349567K->349567K(349568K), 0.0733553 secs] 506815K->506808K(506816K), [Metaspace: 12960K->12960K(1060864K)], 0.0734688 secs] [Times: user=0.08 sys=0.00, real=0.07 secs] 
2017-11-10T19:38:58.399+0500: 581.859: [Full GC (Allocation Failure) 2017-11-10T19:38:58.400+0500: 581.859: [Tenured: 349567K->349567K(349568K), 0.0763009 secs] 506815K->506801K(506816K), [Metaspace: 12960K->12960K(1060864K)], 0.0763889 secs] [Times: user=0.08 sys=0.00, real=0.08 secs] 
2017-11-10T19:38:58.476+0500: 581.936: [Full GC (Allocation Failure) 2017-11-10T19:38:58.476+0500: 581.936: [Tenured: 349567K->349567K(349568K), 0.0786212 secs] 506815K->506798K(506816K), [Metaspace: 12960K->12960K(1060864K)], 0.0787312 secs] [Times: user=0.08 sys=0.00, real=0.08 secs] 
2017-11-10T19:38:58.555+0500: 582.015: [Full GC (Allocation Failure) 2017-11-10T19:38:58.555+0500: 582.015: [Tenured: 349567K->349567K(349568K), 0.0879795 secs] 506815K->506798K(506816K), [Metaspace: 12960K->12960K(1060864K)], 0.0880724 secs] [Times: user=0.09 sys=0.00, real=0.09 secs] 
2017-11-10T19:38:58.644+0500: 582.104: [Full GC (Allocation Failure) 2017-11-10T19:38:58.644+0500: 582.104: [Tenured: 349567K->349567K(349568K), 0.0832211 secs] 506815K->506808K(506816K), [Metaspace: 12960K->12960K(1060864K)], 0.0833419 secs] [Times: user=0.08 sys=0.00, real=0.08 secs] 
2017-11-10T19:38:58.728+0500: 582.188: [Full GC (Allocation Failure) 2017-11-10T19:38:58.728+0500: 582.188: [Tenured: 349567K->349567K(349568K), 0.0824355 secs] 506815K->506801K(506816K), [Metaspace: 12960K->12960K(1060864K)], 0.0825205 secs] [Times: user=0.08 sys=0.00, real=0.08 secs] 
2017-11-10T19:38:58.811+0500: 582.271: [Full GC (Allocation Failure) 2017-11-10T19:38:58.811+0500: 582.271: [Tenured: 349567K->349567K(349568K), 0.0830085 secs] 506815K->506798K(506816K), [Metaspace: 12960K->12960K(1060864K)], 0.0831145 secs] [Times: user=0.09 sys=0.00, real=0.08 secs] 
2017-11-10T19:38:58.895+0500: 582.355: [Full GC (Allocation Failure) 2017-11-10T19:38:58.895+0500: 582.355: [Tenured: 349567K->349567K(349568K), 0.0801690 secs] 506815K->506798K(506816K), [Metaspace: 12960K->12960K(1060864K)], 0.0802712 secs] [Times: user=0.08 sys=0.00, real=0.08 secs] 
2017-11-10T19:38:58.976+0500: 582.436: [Full GC (Allocation Failure) 2017-11-10T19:38:58.976+0500: 582.436: [Tenured: 349567K->349567K(349568K), 0.0771173 secs] 506815K->506808K(506816K), [Metaspace: 12960K->12960K(1060864K)], 0.0771975 secs] [Times: user=0.08 sys=0.00, real=0.08 secs] 
2017-11-10T19:38:59.054+0500: 582.513: [Full GC (Allocation Failure) 2017-11-10T19:38:59.054+0500: 582.513: [Tenured: 349567K->349567K(349568K), 0.0828173 secs] 506815K->506801K(506816K), [Metaspace: 12960K->12960K(1060864K)], 0.0829024 secs] [Times: user=0.08 sys=0.00, real=0.08 secs] 
2017-11-10T19:38:59.138+0500: 582.597: [Full GC (Allocation Failure) 2017-11-10T19:38:59.138+0500: 582.597: [Tenured: 349567K->349567K(349568K), 0.0835775 secs] 506815K->506798K(506816K), [Metaspace: 12960K->12960K(1060864K)], 0.0838401 secs] [Times: user=0.09 sys=0.00, real=0.08 secs] 
2017-11-10T19:38:59.222+0500: 582.681: [Full GC (Allocation Failure) 2017-11-10T19:38:59.222+0500: 582.681: [Tenured: 349567K->349567K(349568K), 0.0776321 secs] 506815K->506798K(506816K), [Metaspace: 12960K->12960K(1060864K)], 0.0777216 secs] [Times: user=0.08 sys=0.00, real=0.08 secs] 
2017-11-10T19:38:59.300+0500: 582.759: [Full GC (Allocation Failure) 2017-11-10T19:38:59.300+0500: 582.759: [Tenured: 349567K->349567K(349568K), 0.0756301 secs] 506815K->506808K(506816K), [Metaspace: 12960K->12960K(1060864K)], 0.0757049 secs] [Times: user=0.06 sys=0.00, real=0.08 secs] 
2017-11-10T19:38:59.376+0500: 582.835: [Full GC (Allocation Failure) 2017-11-10T19:38:59.376+0500: 582.836: [Tenured: 349567K->349567K(349568K), 0.0750924 secs] 506815K->506801K(506816K), [Metaspace: 12960K->12960K(1060864K)], 0.0751960 secs] [Times: user=0.08 sys=0.00, real=0.08 secs] 
2017-11-10T19:38:59.452+0500: 582.911: [Full GC (Allocation Failure) 2017-11-10T19:38:59.452+0500: 582.911: [Tenured: 349567K->349567K(349568K), 0.0776737 secs] 506815K->506798K(506816K), [Metaspace: 12960K->12960K(1060864K)], 0.0777544 secs] [Times: user=0.08 sys=0.00, real=0.08 secs] 
2017-11-10T19:38:59.530+0500: 582.990: [Full GC (Allocation Failure) 2017-11-10T19:38:59.530+0500: 582.990: [Tenured: 349567K->349567K(349568K), 0.0804814 secs] 506815K->506798K(506816K), [Metaspace: 12960K->12960K(1060864K)], 0.0805909 secs] [Times: user=0.08 sys=0.00, real=0.08 secs] 
2017-11-10T19:38:59.611+0500: 583.071: [Full GC (Allocation Failure) 2017-11-10T19:38:59.611+0500: 583.071: [Tenured: 349567K->349567K(349568K), 0.0780853 secs] 506815K->506808K(506816K), [Metaspace: 12960K->12960K(1060864K)], 0.0781846 secs] [Times: user=0.08 sys=0.00, real=0.08 secs] 
2017-11-10T19:38:59.690+0500: 583.149: [Full GC (Allocation Failure) 2017-11-10T19:38:59.690+0500: 583.149: [Tenured: 349567K->349567K(349568K), 0.0737337 secs] 506815K->506801K(506816K), [Metaspace: 12960K->12960K(1060864K)], 0.0738144 secs] [Times: user=0.06 sys=0.00, real=0.07 secs] 
2017-11-10T19:38:59.764+0500: 583.224: [Full GC (Allocation Failure) 2017-11-10T19:38:59.764+0500: 583.224: [Tenured: 349567K->349567K(349568K), 0.0734165 secs] 506815K->506798K(506816K), [Metaspace: 12960K->12960K(1060864K)], 0.0735005 secs] [Times: user=0.08 sys=0.00, real=0.07 secs] 
2017-11-10T19:38:59.838+0500: 583.298: [Full GC (Allocation Failure) 2017-11-10T19:38:59.838+0500: 583.298: [Tenured: 349567K->349567K(349568K), 0.0730092 secs] 506815K->506798K(506816K), [Metaspace: 12960K->12960K(1060864K)], 0.0730909 secs] [Times: user=0.08 sys=0.00, real=0.07 secs] 
2017-11-10T19:38:59.912+0500: 583.371: [Full GC (Allocation Failure) 2017-11-10T19:38:59.912+0500: 583.371: [Tenured: 349567K->349567K(349568K), 0.0751716 secs] 506815K->506808K(506816K), [Metaspace: 12960K->12960K(1060864K)], 0.0752777 secs] [Times: user=0.08 sys=0.00, real=0.08 secs] 
2017-11-10T19:38:59.987+0500: 583.447: [Full GC (Allocation Failure) 2017-11-10T19:38:59.987+0500: 583.447: [Tenured: 349567K->349567K(349568K), 0.0788690 secs] 506815K->506801K(506816K), [Metaspace: 12960K->12960K(1060864K)], 0.0789649 secs] [Times: user=0.08 sys=0.00, real=0.08 secs] 
2017-11-10T19:39:00.067+0500: 583.527: [Full GC (Allocation Failure) 2017-11-10T19:39:00.067+0500: 583.527: [Tenured: 349567K->349567K(349568K), 0.0731314 secs] 506815K->506798K(506816K), [Metaspace: 12960K->12960K(1060864K)], 0.0732062 secs] [Times: user=0.06 sys=0.00, real=0.07 secs] 
2017-11-10T19:39:00.141+0500: 583.600: [Full GC (Allocation Failure) 2017-11-10T19:39:00.141+0500: 583.600: [Tenured: 349567K->349567K(349568K), 0.0760506 secs] 506815K->506798K(506816K), [Metaspace: 12960K->12960K(1060864K)], 0.0761606 secs] [Times: user=0.08 sys=0.00, real=0.08 secs] 
2017-11-10T19:39:00.217+0500: 583.677: [Full GC (Allocation Failure) 2017-11-10T19:39:00.217+0500: 583.677: [Tenured: 349567K->349567K(349568K), 0.0748665 secs] 506815K->506808K(506816K), [Metaspace: 12960K->12960K(1060864K)], 0.0749447 secs] [Times: user=0.08 sys=0.00, real=0.08 secs] 
2017-11-10T19:39:00.293+0500: 583.752: [Full GC (Allocation Failure) 2017-11-10T19:39:00.293+0500: 583.752: [Tenured: 349567K->349567K(349568K), 0.0748161 secs] 506815K->506801K(506816K), [Metaspace: 12960K->12960K(1060864K)], 0.0748914 secs] [Times: user=0.08 sys=0.00, real=0.08 secs] 
2017-11-10T19:39:00.368+0500: 583.828: [Full GC (Allocation Failure) 2017-11-10T19:39:00.368+0500: 583.828: [Tenured: 349567K->349567K(349568K), 0.0726069 secs] 506815K->506798K(506816K), [Metaspace: 12960K->12960K(1060864K)], 0.0726944 secs] [Times: user=0.08 sys=0.00, real=0.07 secs] 
2017-11-10T19:39:00.441+0500: 583.901: [Full GC (Allocation Failure) 2017-11-10T19:39:00.441+0500: 583.901: [Tenured: 349567K->349567K(349568K), 0.0749281 secs] 506815K->506798K(506816K), [Metaspace: 12960K->12960K(1060864K)], 0.0750000 secs] [Times: user=0.06 sys=0.00, real=0.08 secs] 
2017-11-10T19:39:00.517+0500: 583.976: [Full GC (Allocation Failure) 2017-11-10T19:39:00.517+0500: 583.976: [Tenured: 349567K->349567K(349568K), 0.0826750 secs] 506815K->506808K(506816K), [Metaspace: 12960K->12960K(1060864K)], 0.0827909 secs] [Times: user=0.09 sys=0.00, real=0.08 secs] 
2017-11-10T19:39:00.600+0500: 584.060: [Full GC (Allocation Failure) 2017-11-10T19:39:00.600+0500: 584.060: [Tenured: 349567K->349567K(349568K), 0.0855287 secs] 506815K->506801K(506816K), [Metaspace: 12960K->12960K(1060864K)], 0.0856480 secs] [Times: user=0.08 sys=0.00, real=0.09 secs] 
2017-11-10T19:39:00.686+0500: 584.146: [Full GC (Allocation Failure) 2017-11-10T19:39:00.686+0500: 584.146: [Tenured: 349567K->349567K(349568K), 0.0814513 secs] 506815K->506798K(506816K), [Metaspace: 12960K->12960K(1060864K)], 0.0815618 secs] [Times: user=0.09 sys=0.00, real=0.08 secs] 
2017-11-10T19:39:00.769+0500: 584.228: [Full GC (Allocation Failure) 2017-11-10T19:39:00.769+0500: 584.228: [Tenured: 349567K->349567K(349568K), 0.0792191 secs] 506815K->506798K(506816K), [Metaspace: 12960K->12960K(1060864K)], 0.0793345 secs] [Times: user=0.08 sys=0.00, real=0.08 secs] 
2017-11-10T19:39:00.848+0500: 584.308: [Full GC (Allocation Failure) 2017-11-10T19:39:00.848+0500: 584.308: [Tenured: 349567K->349567K(349568K), 0.0733035 secs] 506815K->506808K(506816K), [Metaspace: 12960K->12960K(1060864K)], 0.0733769 secs] [Times: user=0.06 sys=0.00, real=0.07 secs] 
2017-11-10T19:39:00.922+0500: 584.382: [Full GC (Allocation Failure) 2017-11-10T19:39:00.922+0500: 584.382: [Tenured: 349567K->349567K(349568K), 0.0766407 secs] 506815K->506801K(506816K), [Metaspace: 12960K->12960K(1060864K)], 0.0767253 secs] [Times: user=0.08 sys=0.00, real=0.08 secs] 
2017-11-10T19:39:00.999+0500: 584.459: [Full GC (Allocation Failure) 2017-11-10T19:39:00.999+0500: 584.459: [Tenured: 349567K->349567K(349568K), 0.0806642 secs] 506815K->506798K(506816K), [Metaspace: 12960K->12960K(1060864K)], 0.0807703 secs] [Times: user=0.08 sys=0.00, real=0.08 secs] 
2017-11-10T19:39:01.081+0500: 584.540: [Full GC (Allocation Failure) 2017-11-10T19:39:01.081+0500: 584.540: [Tenured: 349567K->349567K(349568K), 0.0785126 secs] 506815K->506798K(506816K), [Metaspace: 12960K->12960K(1060864K)], 0.0786226 secs] [Times: user=0.06 sys=0.00, real=0.08 secs] 
2017-11-10T19:39:01.160+0500: 584.620: [Full GC (Allocation Failure) 2017-11-10T19:39:01.160+0500: 584.620: [Tenured: 349567K->349567K(349568K), 0.0777959 secs] 506815K->506808K(506816K), [Metaspace: 12960K->12960K(1060864K)], 0.0779123 secs] [Times: user=0.08 sys=0.00, real=0.08 secs] 
2017-11-10T19:39:01.238+0500: 584.698: [Full GC (Allocation Failure) 2017-11-10T19:39:01.238+0500: 584.698: [Tenured: 349567K->349567K(349568K), 0.0803406 secs] 506815K->506801K(506816K), [Metaspace: 12960K->12960K(1060864K)], 0.0804305 secs] [Times: user=0.08 sys=0.00, real=0.08 secs] 
2017-11-10T19:39:01.319+0500: 584.779: [Full GC (Allocation Failure) 2017-11-10T19:39:01.319+0500: 584.779: [Tenured: 349567K->349567K(349568K), 0.0781205 secs] 506815K->506798K(506816K), [Metaspace: 12960K->12960K(1060864K)], 0.0782291 secs] [Times: user=0.08 sys=0.00, real=0.08 secs] 
2017-11-10T19:39:01.398+0500: 584.858: [Full GC (Allocation Failure) 2017-11-10T19:39:01.398+0500: 584.858: [Tenured: 349567K->349567K(349568K), 0.0770719 secs] 506815K->506798K(506816K), [Metaspace: 12960K->12960K(1060864K)], 0.0771731 secs] [Times: user=0.08 sys=0.00, real=0.08 secs] 
2017-11-10T19:39:01.477+0500: 584.936: [Full GC (Allocation Failure) 2017-11-10T19:39:01.477+0500: 584.936: [Tenured: 349567K->349567K(349568K), 0.0772225 secs] 506815K->506808K(506816K), [Metaspace: 12960K->12960K(1060864K)], 0.0773061 secs] [Times: user=0.08 sys=0.00, real=0.08 secs] 
2017-11-10T19:39:01.554+0500: 585.013: [Full GC (Allocation Failure) 2017-11-10T19:39:01.554+0500: 585.013: [Tenured: 349567K->349567K(349568K), 0.0879404 secs] 506815K->506801K(506816K), [Metaspace: 12960K->12960K(1060864K)], 0.0880259 secs] [Times: user=0.08 sys=0.00, real=0.09 secs] 
2017-11-10T19:39:01.645+0500: 585.104: [Full GC (Allocation Failure) 2017-11-10T19:39:01.645+0500: 585.104: [Tenured: 349567K->349567K(349568K), 0.0869944 secs] 506815K->506798K(506816K), [Metaspace: 12960K->12960K(1060864K)], 0.0870956 secs] [Times: user=0.08 sys=0.00, real=0.09 secs] 
2017-11-10T19:39:01.733+0500: 585.192: [Full GC (Allocation Failure) 2017-11-10T19:39:01.733+0500: 585.192: [Tenured: 349567K->349567K(349568K), 0.0833057 secs] 506815K->506798K(506816K), [Metaspace: 12960K->12960K(1060864K)], 0.0834157 secs] [Times: user=0.09 sys=0.00, real=0.08 secs] 
2017-11-10T19:39:01.816+0500: 585.276: [Full GC (Allocation Failure) 2017-11-10T19:39:01.816+0500: 585.276: [Tenured: 349567K->349567K(349568K), 0.0913582 secs] 506815K->506808K(506816K), [Metaspace: 12960K->12960K(1060864K)], 0.0914545 secs] [Times: user=0.08 sys=0.00, real=0.09 secs] 
2017-11-10T19:39:01.908+0500: 585.368: [Full GC (Allocation Failure) 2017-11-10T19:39:01.908+0500: 585.368: [Tenured: 349567K->349567K(349568K), 0.0865197 secs] 506815K->506801K(506816K), [Metaspace: 12960K->12960K(1060864K)], 0.0866081 secs] [Times: user=0.08 sys=0.02, real=0.09 secs] 
2017-11-10T19:39:01.995+0500: 585.455: [Full GC (Allocation Failure) 2017-11-10T19:39:01.995+0500: 585.455: [Tenured: 349567K->349567K(349568K), 0.0896916 secs] 506815K->506798K(506816K), [Metaspace: 12960K->12960K(1060864K)], 0.0897845 secs] [Times: user=0.09 sys=0.00, real=0.09 secs] 
2017-11-10T19:39:02.085+0500: 585.545: [Full GC (Allocation Failure) 2017-11-10T19:39:02.085+0500: 585.545: [Tenured: 349567K->349567K(349568K), 0.0877458 secs] 506815K->506798K(506816K), [Metaspace: 12960K->12960K(1060864K)], 0.0878416 secs] [Times: user=0.08 sys=0.00, real=0.09 secs] 
2017-11-10T19:39:02.182+0500: 585.641: [Full GC (Allocation Failure) 2017-11-10T19:39:02.182+0500: 585.641: [Tenured: 349567K->349567K(349568K), 0.0904322 secs] 506815K->506808K(506816K), [Metaspace: 12960K->12960K(1060864K)], 0.0905496 secs] [Times: user=0.09 sys=0.00, real=0.09 secs] 
2017-11-10T19:39:02.273+0500: 585.732: [Full GC (Allocation Failure) 2017-11-10T19:39:02.273+0500: 585.732: [Tenured: 349567K->349567K(349568K), 0.0891367 secs] 506815K->506801K(506816K), [Metaspace: 12960K->12960K(1060864K)], 0.0892340 secs] [Times: user=0.09 sys=0.00, real=0.09 secs] 
2017-11-10T19:39:02.363+0500: 585.823: [Full GC (Allocation Failure) 2017-11-10T19:39:02.364+0500: 585.823: [Tenured: 349567K->349567K(349568K), 0.0865754 secs] 506815K->506798K(506816K), [Metaspace: 12960K->12960K(1060864K)], 0.0866810 secs] [Times: user=0.08 sys=0.00, real=0.09 secs] 
2017-11-10T19:39:02.451+0500: 585.910: [Full GC (Allocation Failure) 2017-11-10T19:39:02.451+0500: 585.910: [Tenured: 349567K->349567K(349568K), 0.0923443 secs] 506815K->506798K(506816K), [Metaspace: 12960K->12960K(1060864K)], 0.0924362 secs] [Times: user=0.08 sys=0.00, real=0.09 secs] 
2017-11-10T19:39:02.543+0500: 586.003: [Full GC (Allocation Failure) 2017-11-10T19:39:02.543+0500: 586.003: [Tenured: 349567K->349567K(349568K), 0.0910438 secs] 506815K->506808K(506816K), [Metaspace: 12960K->12960K(1060864K)], 0.0912345 secs] [Times: user=0.08 sys=0.00, real=0.09 secs] 
2017-11-10T19:39:02.635+0500: 586.095: [Full GC (Allocation Failure) 2017-11-10T19:39:02.635+0500: 586.095: [Tenured: 349567K->349567K(349568K), 0.0899301 secs] 506815K->506801K(506816K), [Metaspace: 12960K->12960K(1060864K)], 0.0900240 secs] [Times: user=0.08 sys=0.00, real=0.09 secs] 
2017-11-10T19:39:02.744+0500: 586.203: [Full GC (Allocation Failure) 2017-11-10T19:39:02.744+0500: 586.204: [Tenured: 349567K->349567K(349568K), 0.0886957 secs] 506815K->506798K(506816K), [Metaspace: 12960K->12960K(1060864K)], 0.0888160 secs] [Times: user=0.09 sys=0.00, real=0.09 secs] 
2017-11-10T19:39:02.834+0500: 586.293: [Full GC (Allocation Failure) 2017-11-10T19:39:02.834+0500: 586.293: [Tenured: 349567K->349567K(349568K), 0.0906058 secs] 506815K->506798K(506816K), [Metaspace: 12960K->12960K(1060864K)], 0.0907182 secs] [Times: user=0.09 sys=0.00, real=0.09 secs] 
2017-11-10T19:39:02.926+0500: 586.385: [Full GC (Allocation Failure) 2017-11-10T19:39:02.926+0500: 586.385: [Tenured: 349567K->349567K(349568K), 0.0924592 secs] 506815K->506808K(506816K), [Metaspace: 12960K->12960K(1060864K)], 0.0926489 secs] [Times: user=0.08 sys=0.02, real=0.09 secs] 
2017-11-10T19:39:03.019+0500: 586.478: [Full GC (Allocation Failure) 2017-11-10T19:39:03.019+0500: 586.478: [Tenured: 349567K->349567K(349568K), 0.0896319 secs] 506815K->506801K(506816K), [Metaspace: 12960K->12960K(1060864K)], 0.0897385 secs] [Times: user=0.08 sys=0.00, real=0.09 secs] 
2017-11-10T19:39:03.109+0500: 586.568: [Full GC (Allocation Failure) 2017-11-10T19:39:03.109+0500: 586.568: [Tenured: 349567K->349567K(349568K), 0.0865500 secs] 506815K->506798K(506816K), [Metaspace: 12960K->12960K(1060864K)], 0.0866458 secs] [Times: user=0.09 sys=0.00, real=0.09 secs] 
2017-11-10T19:39:03.196+0500: 586.655: [Full GC (Allocation Failure) 2017-11-10T19:39:03.196+0500: 586.655: [Tenured: 349567K->349567K(349568K), 0.0885261 secs] 506815K->506798K(506816K), [Metaspace: 12960K->12960K(1060864K)], 0.0886346 secs] [Times: user=0.06 sys=0.00, real=0.09 secs] 
2017-11-10T19:39:03.285+0500: 586.744: [Full GC (Allocation Failure) 2017-11-10T19:39:03.285+0500: 586.744: [Tenured: 349567K->349567K(349568K), 0.0863945 secs] 506815K->506808K(506816K), [Metaspace: 12960K->12960K(1060864K)], 0.0865157 secs] [Times: user=0.08 sys=0.00, real=0.09 secs] 
2017-11-10T19:39:03.372+0500: 586.831: [Full GC (Allocation Failure) 2017-11-10T19:39:03.372+0500: 586.831: [Tenured: 349567K->349567K(349568K), 0.0827586 secs] 506815K->506801K(506816K), [Metaspace: 12960K->12960K(1060864K)], 0.0828378 secs] [Times: user=0.08 sys=0.00, real=0.08 secs] 
2017-11-10T19:39:03.455+0500: 586.915: [Full GC (Allocation Failure) 2017-11-10T19:39:03.456+0500: 586.915: [Tenured: 349567K->349567K(349568K), 0.0901027 secs] 506815K->506798K(506816K), [Metaspace: 12960K->12960K(1060864K)], 0.0902113 secs] [Times: user=0.08 sys=0.00, real=0.09 secs] 
2017-11-10T19:39:03.547+0500: 587.006: [Full GC (Allocation Failure) 2017-11-10T19:39:03.547+0500: 587.006: [Tenured: 349567K->349567K(349568K), 0.0863754 secs] 506815K->506798K(506816K), [Metaspace: 12960K->12960K(1060864K)], 0.0864698 secs] [Times: user=0.09 sys=0.00, real=0.09 secs] 
2017-11-10T19:39:03.634+0500: 587.093: [Full GC (Allocation Failure) 2017-11-10T19:39:03.634+0500: 587.093: [Tenured: 349567K->349567K(349568K), 0.0854074 secs] 506815K->506808K(506816K), [Metaspace: 12960K->12960K(1060864K)], 0.0855096 secs] [Times: user=0.08 sys=0.00, real=0.09 secs] 
2017-11-10T19:39:03.720+0500: 587.179: [Full GC (Allocation Failure) 2017-11-10T19:39:03.720+0500: 587.179: [Tenured: 349567K->349567K(349568K), 0.0861183 secs] 506815K->506801K(506816K), [Metaspace: 12960K->12960K(1060864K)], 0.0862513 secs] [Times: user=0.09 sys=0.00, real=0.09 secs] 
2017-11-10T19:39:03.807+0500: 587.266: [Full GC (Allocation Failure) 2017-11-10T19:39:03.807+0500: 587.266: [Tenured: 349567K->349567K(349568K), 0.0814083 secs] 506815K->506798K(506816K), [Metaspace: 12960K->12960K(1060864K)], 0.0815154 secs] [Times: user=0.08 sys=0.00, real=0.08 secs] 
2017-11-10T19:39:03.889+0500: 587.348: [Full GC (Allocation Failure) 2017-11-10T19:39:03.889+0500: 587.348: [Tenured: 349567K->349567K(349568K), 0.0775036 secs] 506815K->506798K(506816K), [Metaspace: 12960K->12960K(1060864K)], 0.0775764 secs] [Times: user=0.08 sys=0.00, real=0.08 secs] 
2017-11-10T19:39:03.967+0500: 587.426: [Full GC (Allocation Failure) 2017-11-10T19:39:03.967+0500: 587.426: [Tenured: 349567K->349567K(349568K), 0.0829889 secs] 506815K->506808K(506816K), [Metaspace: 12960K->12960K(1060864K)], 0.0830725 secs] [Times: user=0.09 sys=0.00, real=0.08 secs] 
2017-11-10T19:39:04.051+0500: 587.510: [Full GC (Allocation Failure) 2017-11-10T19:39:04.051+0500: 587.510: [Tenured: 349567K->349567K(349568K), 0.0845900 secs] 506815K->506801K(506816K), [Metaspace: 12960K->12960K(1060864K)], 0.0846702 secs] [Times: user=0.06 sys=0.00, real=0.08 secs] 
2017-11-10T19:39:04.136+0500: 587.595: [Full GC (Allocation Failure) 2017-11-10T19:39:04.136+0500: 587.595: [Tenured: 349567K->349567K(349568K), 0.0765859 secs] 506815K->506798K(506816K), [Metaspace: 12960K->12960K(1060864K)], 0.0766915 secs] [Times: user=0.08 sys=0.00, real=0.08 secs] 
2017-11-10T19:39:04.213+0500: 587.672: [Full GC (Allocation Failure) 2017-11-10T19:39:04.213+0500: 587.672: [Tenured: 349567K->349567K(349568K), 0.0759880 secs] 506815K->506798K(506816K), [Metaspace: 12960K->12960K(1060864K)], 0.0760873 secs] [Times: user=0.08 sys=0.00, real=0.08 secs] 
2017-11-10T19:39:04.289+0500: 587.749: [Full GC (Allocation Failure) 2017-11-10T19:39:04.289+0500: 587.749: [Tenured: 349567K->349567K(349568K), 0.0760139 secs] 506815K->506808K(506816K), [Metaspace: 12960K->12960K(1060864K)], 0.0760936 secs] [Times: user=0.08 sys=0.00, real=0.08 secs] 
2017-11-10T19:39:04.366+0500: 587.825: [Full GC (Allocation Failure) 2017-11-10T19:39:04.366+0500: 587.825: [Tenured: 349567K->349567K(349568K), 0.0759469 secs] 506815K->506801K(506816K), [Metaspace: 12960K->12960K(1060864K)], 0.0760178 secs] [Times: user=0.08 sys=0.00, real=0.08 secs] 
2017-11-10T19:39:04.442+0500: 587.902: [Full GC (Allocation Failure) 2017-11-10T19:39:04.442+0500: 587.902: [Tenured: 349567K->349567K(349568K), 0.0758849 secs] 506815K->506798K(506816K), [Metaspace: 12960K->12960K(1060864K)], 0.0759621 secs] [Times: user=0.08 sys=0.00, real=0.08 secs] 
2017-11-10T19:39:04.519+0500: 587.978: [Full GC (Allocation Failure) 2017-11-10T19:39:04.519+0500: 587.978: [Tenured: 349567K->349567K(349568K), 0.0751427 secs] 506815K->506798K(506816K), [Metaspace: 12960K->12960K(1060864K)], 0.0752170 secs] [Times: user=0.06 sys=0.00, real=0.08 secs] 
2017-11-10T19:39:04.595+0500: 588.054: [Full GC (Allocation Failure) 2017-11-10T19:39:04.595+0500: 588.054: [Tenured: 349567K->349567K(349568K), 0.0821069 secs] 506815K->506808K(506816K), [Metaspace: 12960K->12960K(1060864K)], 0.0822047 secs] [Times: user=0.09 sys=0.00, real=0.08 secs] 
2017-11-10T19:39:04.677+0500: 588.137: [Full GC (Allocation Failure) 2017-11-10T19:39:04.677+0500: 588.137: [Tenured: 349567K->349567K(349568K), 0.0807909 secs] 506815K->506801K(506816K), [Metaspace: 12960K->12960K(1060864K)], 0.0808657 secs] [Times: user=0.08 sys=0.00, real=0.08 secs] 
2017-11-10T19:39:04.759+0500: 588.218: [Full GC (Allocation Failure) 2017-11-10T19:39:04.759+0500: 588.218: [Tenured: 349567K->349567K(349568K), 0.0755666 secs] 506815K->506798K(506816K), [Metaspace: 12960K->12960K(1060864K)], 0.0756649 secs] [Times: user=0.08 sys=0.00, real=0.08 secs] 
2017-11-10T19:39:04.835+0500: 588.294: [Full GC (Allocation Failure) 2017-11-10T19:39:04.835+0500: 588.294: [Tenured: 349567K->349567K(349568K), 0.0747105 secs] 506815K->506798K(506816K), [Metaspace: 12960K->12960K(1060864K)], 0.0747863 secs] [Times: user=0.08 sys=0.00, real=0.08 secs] 
2017-11-10T19:39:04.910+0500: 588.369: [Full GC (Allocation Failure) 2017-11-10T19:39:04.910+0500: 588.369: [Tenured: 349567K->349567K(349568K), 0.0760374 secs] 506815K->506808K(506816K), [Metaspace: 12960K->12960K(1060864K)], 0.0761244 secs] [Times: user=0.06 sys=0.00, real=0.08 secs] 
2017-11-10T19:39:04.986+0500: 588.446: [Full GC (Allocation Failure) 2017-11-10T19:39:04.987+0500: 588.446: [Tenured: 349567K->349567K(349568K), 0.0749765 secs] 506815K->506801K(506816K), [Metaspace: 12960K->12960K(1060864K)], 0.0750562 secs] [Times: user=0.08 sys=0.00, real=0.08 secs] 
2017-11-10T19:39:05.062+0500: 588.522: [Full GC (Allocation Failure) 2017-11-10T19:39:05.062+0500: 588.522: [Tenured: 349567K->349567K(349568K), 0.0863520 secs] 506815K->506798K(506816K), [Metaspace: 12960K->12960K(1060864K)], 0.0864649 secs] [Times: user=0.09 sys=0.00, real=0.09 secs] 
2017-11-10T19:39:05.151+0500: 588.610: [Full GC (Allocation Failure) 2017-11-10T19:39:05.151+0500: 588.610: [Tenured: 349567K->349567K(349568K), 0.0827298 secs] 506815K->506798K(506816K), [Metaspace: 12960K->12960K(1060864K)], 0.0828320 secs] [Times: user=0.08 sys=0.00, real=0.08 secs] 
2017-11-10T19:39:05.234+0500: 588.693: [Full GC (Allocation Failure) 2017-11-10T19:39:05.234+0500: 588.693: [Tenured: 349567K->349567K(349568K), 0.0824580 secs] 506815K->506808K(506816K), [Metaspace: 12960K->12960K(1060864K)], 0.0825543 secs] [Times: user=0.08 sys=0.00, real=0.08 secs] 
2017-11-10T19:39:05.317+0500: 588.776: [Full GC (Allocation Failure) 2017-11-10T19:39:05.317+0500: 588.776: [Tenured: 349567K->349567K(349568K), 0.0830686 secs] 506815K->506801K(506816K), [Metaspace: 12960K->12960K(1060864K)], 0.0831869 secs] [Times: user=0.08 sys=0.00, real=0.08 secs] 
2017-11-10T19:39:05.401+0500: 588.860: [Full GC (Allocation Failure) 2017-11-10T19:39:05.401+0500: 588.860: [Tenured: 349567K->349567K(349568K), 0.0825518 secs] 506815K->506798K(506816K), [Metaspace: 12960K->12960K(1060864K)], 0.0826569 secs] [Times: user=0.08 sys=0.00, real=0.08 secs] 
2017-11-10T19:39:05.484+0500: 588.943: [Full GC (Allocation Failure) 2017-11-10T19:39:05.484+0500: 588.943: [Tenured: 349567K->349567K(349568K), 0.0805660 secs] 506815K->506798K(506816K), [Metaspace: 12960K->12960K(1060864K)], 0.0806789 secs] [Times: user=0.09 sys=0.00, real=0.08 secs] 
2017-11-10T19:39:05.566+0500: 589.025: [Full GC (Allocation Failure) 2017-11-10T19:39:05.566+0500: 589.025: [Tenured: 349567K->349567K(349568K), 0.0803166 secs] 506815K->506808K(506816K), [Metaspace: 12960K->12960K(1060864K)], 0.0804286 secs] [Times: user=0.08 sys=0.00, real=0.08 secs] 
2017-11-10T19:39:05.647+0500: 589.106: [Full GC (Allocation Failure) 2017-11-10T19:39:05.647+0500: 589.106: [Tenured: 349567K->349567K(349568K), 0.0814152 secs] 506815K->506801K(506816K), [Metaspace: 12960K->12960K(1060864K)], 0.0815276 secs] [Times: user=0.08 sys=0.00, real=0.08 secs] 
2017-11-10T19:39:05.730+0500: 589.189: [Full GC (Allocation Failure) 2017-11-10T19:39:05.730+0500: 589.189: [Tenured: 349567K->349567K(349568K), 0.0782736 secs] 506815K->506798K(506816K), [Metaspace: 12960K->12960K(1060864K)], 0.0783831 secs] [Times: user=0.08 sys=0.00, real=0.08 secs] 
2017-11-10T19:39:05.809+0500: 589.268: [Full GC (Allocation Failure) 2017-11-10T19:39:05.809+0500: 589.268: [Tenured: 349567K->349567K(349568K), 0.0808500 secs] 506815K->506798K(506816K), [Metaspace: 12960K->12960K(1060864K)], 0.0809590 secs] [Times: user=0.08 sys=0.00, real=0.08 secs] 
2017-11-10T19:39:05.890+0500: 589.349: [Full GC (Allocation Failure) 2017-11-10T19:39:05.890+0500: 589.349: [Tenured: 349567K->349567K(349568K), 0.0796571 secs] 506815K->506808K(506816K), [Metaspace: 12960K->12960K(1060864K)], 0.0797676 secs] [Times: user=0.08 sys=0.00, real=0.08 secs] 
2017-11-10T19:39:05.970+0500: 589.429: [Full GC (Allocation Failure) 2017-11-10T19:39:05.970+0500: 589.429: [Tenured: 349567K->349567K(349568K), 0.0780819 secs] 506815K->506801K(506816K), [Metaspace: 12960K->12960K(1060864K)], 0.0781621 secs] [Times: user=0.08 sys=0.00, real=0.08 secs] 
2017-11-10T19:39:06.049+0500: 589.508: [Full GC (Allocation Failure) 2017-11-10T19:39:06.049+0500: 589.508: [Tenured: 349567K->349567K(349568K), 0.0802120 secs] 506815K->506798K(506816K), [Metaspace: 12960K->12960K(1060864K)], 0.0802946 secs] [Times: user=0.09 sys=0.00, real=0.08 secs] 
2017-11-10T19:39:06.130+0500: 589.589: [Full GC (Allocation Failure) 2017-11-10T19:39:06.130+0500: 589.589: [Tenured: 349567K->349567K(349568K), 0.0862121 secs] 506815K->506798K(506816K), [Metaspace: 12960K->12960K(1060864K)], 0.0863236 secs] [Times: user=0.08 sys=0.00, real=0.09 secs] 
2017-11-10T19:39:06.217+0500: 589.676: [Full GC (Allocation Failure) 2017-11-10T19:39:06.217+0500: 589.676: [Tenured: 349567K->349567K(349568K), 0.0837599 secs] 506815K->506808K(506816K), [Metaspace: 12960K->12960K(1060864K)], 0.0838601 secs] [Times: user=0.09 sys=0.00, real=0.08 secs] 
2017-11-10T19:39:06.301+0500: 589.760: [Full GC (Allocation Failure) 2017-11-10T19:39:06.301+0500: 589.760: [Tenured: 349567K->349567K(349568K), 0.0796532 secs] 506815K->506801K(506816K), [Metaspace: 12960K->12960K(1060864K)], 0.0797373 secs] [Times: user=0.08 sys=0.00, real=0.08 secs] 
2017-11-10T19:39:06.382+0500: 589.841: [Full GC (Allocation Failure) 2017-11-10T19:39:06.382+0500: 589.841: [Tenured: 349567K->349567K(349568K), 0.0829077 secs] 506815K->506798K(506816K), [Metaspace: 12960K->12960K(1060864K)], 0.0830016 secs] [Times: user=0.08 sys=0.00, real=0.08 secs] 
2017-11-10T19:39:06.465+0500: 589.924: [Full GC (Allocation Failure) 2017-11-10T19:39:06.465+0500: 589.924: [Tenured: 349567K->349567K(349568K), 0.0814254 secs] 506815K->506798K(506816K), [Metaspace: 12960K->12960K(1060864K)], 0.0815081 secs] [Times: user=0.08 sys=0.00, real=0.08 secs] 
2017-11-10T19:39:06.547+0500: 590.006: [Full GC (Allocation Failure) 2017-11-10T19:39:06.547+0500: 590.006: [Tenured: 349567K->349567K(349568K), 0.0798517 secs] 506815K->506808K(506816K), [Metaspace: 12960K->12960K(1060864K)], 0.0799245 secs] [Times: user=0.08 sys=0.00, real=0.08 secs] 
2017-11-10T19:39:06.628+0500: 590.087: [Full GC (Allocation Failure) 2017-11-10T19:39:06.628+0500: 590.087: [Tenured: 349567K->349567K(349568K), 0.0782789 secs] 506815K->506801K(506816K), [Metaspace: 12960K->12960K(1060864K)], 0.0783533 secs] [Times: user=0.08 sys=0.00, real=0.08 secs] 
2017-11-10T19:39:06.706+0500: 590.165: [Full GC (Allocation Failure) 2017-11-10T19:39:06.706+0500: 590.165: [Tenured: 349567K->349567K(349568K), 0.0773877 secs] 506815K->506798K(506816K), [Metaspace: 12960K->12960K(1060864K)], 0.0774664 secs] [Times: user=0.08 sys=0.00, real=0.08 secs] 
2017-11-10T19:39:06.784+0500: 590.243: [Full GC (Allocation Failure) 2017-11-10T19:39:06.784+0500: 590.243: [Tenured: 349567K->349567K(349568K), 0.0784804 secs] 506815K->506798K(506816K), [Metaspace: 12960K->12960K(1060864K)], 0.0785674 secs] [Times: user=0.08 sys=0.00, real=0.08 secs] 
2017-11-10T19:39:06.864+0500: 590.323: [Full GC (Allocation Failure) 2017-11-10T19:39:06.864+0500: 590.323: [Tenured: 349567K->349567K(349568K), 0.0760511 secs] 506815K->506808K(506816K), [Metaspace: 12960K->12960K(1060864K)], 0.0761508 secs] [Times: user=0.08 sys=0.00, real=0.08 secs] 
2017-11-10T19:39:06.940+0500: 590.399: [Full GC (Allocation Failure) 2017-11-10T19:39:06.940+0500: 590.399: [Tenured: 349567K->349567K(349568K), 0.0787727 secs] 506815K->506801K(506816K), [Metaspace: 12960K->12960K(1060864K)], 0.0788573 secs] [Times: user=0.08 sys=0.00, real=0.08 secs] 
2017-11-10T19:39:07.020+0500: 590.479: [Full GC (Allocation Failure) 2017-11-10T19:39:07.020+0500: 590.479: [Tenured: 349567K->349567K(349568K), 0.0797520 secs] 506815K->506798K(506816K), [Metaspace: 12960K->12960K(1060864K)], 0.0798336 secs] [Times: user=0.08 sys=0.00, real=0.08 secs] 
2017-11-10T19:39:07.100+0500: 590.559: [Full GC (Allocation Failure) 2017-11-10T19:39:07.100+0500: 590.559: [Tenured: 349567K->349567K(349568K), 0.0806882 secs] 506815K->506798K(506816K), [Metaspace: 12960K->12960K(1060864K)], 0.0807718 secs] [Times: user=0.08 sys=0.00, real=0.08 secs] 
2017-11-10T19:39:07.182+0500: 590.641: [Full GC (Allocation Failure) 2017-11-10T19:39:07.182+0500: 590.641: [Tenured: 349567K->349567K(349568K), 0.0883691 secs] 506815K->506808K(506816K), [Metaspace: 12960K->12960K(1060864K)], 0.0884806 secs] [Times: user=0.09 sys=0.00, real=0.09 secs] 
2017-11-10T19:39:07.271+0500: 590.730: [Full GC (Allocation Failure) 2017-11-10T19:39:07.271+0500: 590.730: [Tenured: 349567K->349567K(349568K), 0.0821109 secs] 506815K->506801K(506816K), [Metaspace: 12960K->12960K(1060864K)], 0.0822101 secs] [Times: user=0.08 sys=0.00, real=0.08 secs] 
2017-11-10T19:39:07.354+0500: 590.813: [Full GC (Allocation Failure) 2017-11-10T19:39:07.354+0500: 590.813: [Tenured: 349567K->349567K(349568K), 0.0811277 secs] 506815K->506798K(506816K), [Metaspace: 12960K->12960K(1060864K)], 0.0812343 secs] [Times: user=0.08 sys=0.00, real=0.08 secs] 
2017-11-10T19:39:07.435+0500: 590.894: [Full GC (Allocation Failure) 2017-11-10T19:39:07.435+0500: 590.894: [Tenured: 349567K->349567K(349568K), 0.0819075 secs] 506815K->506798K(506816K), [Metaspace: 12960K->12960K(1060864K)], 0.0819823 secs] [Times: user=0.08 sys=0.00, real=0.08 secs] 
2017-11-10T19:39:07.518+0500: 590.977: [Full GC (Allocation Failure) 2017-11-10T19:39:07.518+0500: 590.977: [Tenured: 349567K->349567K(349568K), 0.0853708 secs] 506815K->506808K(506816K), [Metaspace: 12960K->12960K(1060864K)], 0.0854588 secs] [Times: user=0.09 sys=0.00, real=0.09 secs] 
2017-11-10T19:39:07.605+0500: 591.064: [Full GC (Allocation Failure) 2017-11-10T19:39:07.605+0500: 591.064: [Tenured: 349567K->349567K(349568K), 0.0846643 secs] 506815K->506801K(506816K), [Metaspace: 12960K->12960K(1060864K)], 0.0847807 secs] [Times: user=0.09 sys=0.00, real=0.09 secs] 
2017-11-10T19:39:07.690+0500: 591.149: [Full GC (Allocation Failure) 2017-11-10T19:39:07.690+0500: 591.149: [Tenured: 349567K->349567K(349568K), 0.0858914 secs] 506815K->506798K(506816K), [Metaspace: 12960K->12960K(1060864K)], 0.0860185 secs] [Times: user=0.08 sys=0.00, real=0.09 secs] 
2017-11-10T19:39:07.779+0500: 591.238: [Full GC (Allocation Failure) 2017-11-10T19:39:07.779+0500: 591.238: [Tenured: 349567K->349567K(349568K), 0.0955973 secs] 506815K->506798K(506816K), [Metaspace: 12960K->12960K(1060864K)], 0.0957025 secs] [Times: user=0.09 sys=0.00, real=0.10 secs] 
2017-11-10T19:39:07.875+0500: 591.334: [Full GC (Allocation Failure) 2017-11-10T19:39:07.875+0500: 591.334: [Tenured: 349567K->349567K(349568K), 0.0860889 secs] 506815K->506808K(506816K), [Metaspace: 12960K->12960K(1060864K)], 0.0862033 secs] [Times: user=0.09 sys=0.00, real=0.09 secs] 
2017-11-10T19:39:07.962+0500: 591.421: [Full GC (Allocation Failure) 2017-11-10T19:39:07.962+0500: 591.421: [Tenured: 349567K->349567K(349568K), 0.0834592 secs] 506815K->506801K(506816K), [Metaspace: 12960K->12960K(1060864K)], 0.0835604 secs] [Times: user=0.08 sys=0.00, real=0.08 secs] 
2017-11-10T19:39:08.046+0500: 591.505: [Full GC (Allocation Failure) 2017-11-10T19:39:08.046+0500: 591.505: [Tenured: 349567K->349567K(349568K), 0.0816943 secs] 506815K->506798K(506816K), [Metaspace: 12960K->12960K(1060864K)], 0.0818004 secs] [Times: user=0.09 sys=0.00, real=0.08 secs] 
2017-11-10T19:39:08.128+0500: 591.588: [Full GC (Allocation Failure) 2017-11-10T19:39:08.128+0500: 591.588: [Tenured: 349567K->349567K(349568K), 0.0888072 secs] 506815K->506798K(506816K), [Metaspace: 12960K->12960K(1060864K)], 0.0888927 secs] [Times: user=0.08 sys=0.00, real=0.09 secs] 
2017-11-10T19:39:08.218+0500: 591.677: [Full GC (Allocation Failure) 2017-11-10T19:39:08.218+0500: 591.677: [Tenured: 349567K->349567K(349568K), 0.0872999 secs] 506815K->506808K(506816K), [Metaspace: 12960K->12960K(1060864K)], 0.0874114 secs] [Times: user=0.09 sys=0.00, real=0.09 secs] 
2017-11-10T19:39:08.306+0500: 591.765: [Full GC (Allocation Failure) 2017-11-10T19:39:08.306+0500: 591.765: [Tenured: 349567K->349567K(349568K), 0.0770914 secs] 506815K->506801K(506816K), [Metaspace: 12960K->12960K(1060864K)], 0.0771956 secs] [Times: user=0.08 sys=0.00, real=0.08 secs] 
2017-11-10T19:39:08.383+0500: 591.843: [Full GC (Allocation Failure) 2017-11-10T19:39:08.383+0500: 591.843: [Tenured: 349567K->349567K(349568K), 0.0748054 secs] 506815K->506798K(506816K), [Metaspace: 12960K->12960K(1060864K)], 0.0748777 secs] [Times: user=0.08 sys=0.00, real=0.08 secs] 
2017-11-10T19:39:08.459+0500: 591.918: [Full GC (Allocation Failure) 2017-11-10T19:39:08.459+0500: 591.918: [Tenured: 349567K->349567K(349568K), 0.0745996 secs] 506815K->506798K(506816K), [Metaspace: 12960K->12960K(1060864K)], 0.0746778 secs] [Times: user=0.06 sys=0.00, real=0.07 secs] 
2017-11-10T19:39:08.534+0500: 591.993: [Full GC (Allocation Failure) 2017-11-10T19:39:08.534+0500: 591.993: [Tenured: 349567K->349567K(349568K), 0.0771809 secs] 506815K->506808K(506816K), [Metaspace: 12960K->12960K(1060864K)], 0.0772826 secs] [Times: user=0.06 sys=0.00, real=0.08 secs] 
2017-11-10T19:39:08.612+0500: 592.071: [Full GC (Allocation Failure) 2017-11-10T19:39:08.612+0500: 592.071: [Tenured: 349567K->349567K(349568K), 0.0857233 secs] 506815K->506801K(506816K), [Metaspace: 12960K->12960K(1060864K)], 0.0858142 secs] [Times: user=0.08 sys=0.00, real=0.09 secs] 
2017-11-10T19:39:08.699+0500: 592.158: [Full GC (Allocation Failure) 2017-11-10T19:39:08.699+0500: 592.158: [Tenured: 349567K->349567K(349568K), 0.0877570 secs] 506815K->506798K(506816K), [Metaspace: 12960K->12960K(1060864K)], 0.0879472 secs] [Times: user=0.09 sys=0.00, real=0.09 secs] 
2017-11-10T19:39:08.787+0500: 592.247: [Full GC (Allocation Failure) 2017-11-10T19:39:08.787+0500: 592.247: [Tenured: 349567K->349567K(349568K), 0.0842898 secs] 506815K->506798K(506816K), [Metaspace: 12960K->12960K(1060864K)], 0.0843725 secs] [Times: user=0.08 sys=0.00, real=0.09 secs] 
2017-11-10T19:39:08.872+0500: 592.331: [Full GC (Allocation Failure) 2017-11-10T19:39:08.872+0500: 592.331: [Tenured: 349567K->349567K(349568K), 0.0846721 secs] 506815K->506808K(506816K), [Metaspace: 12960K->12960K(1060864K)], 0.0847538 secs] [Times: user=0.09 sys=0.00, real=0.09 secs] 
2017-11-10T19:39:08.957+0500: 592.417: [Full GC (Allocation Failure) 2017-11-10T19:39:08.957+0500: 592.417: [Tenured: 349567K->349567K(349568K), 0.0815594 secs] 506815K->506801K(506816K), [Metaspace: 12960K->12960K(1060864K)], 0.0816435 secs] [Times: user=0.08 sys=0.00, real=0.08 secs] 
2017-11-10T19:39:09.039+0500: 592.499: [Full GC (Allocation Failure) 2017-11-10T19:39:09.039+0500: 592.499: [Tenured: 349567K->349567K(349568K), 0.0810622 secs] 506815K->506798K(506816K), [Metaspace: 12960K->12960K(1060864K)], 0.0811409 secs] [Times: user=0.08 sys=0.00, real=0.08 secs] 
2017-11-10T19:39:09.122+0500: 592.581: [Full GC (Allocation Failure) 2017-11-10T19:39:09.122+0500: 592.581: [Tenured: 349567K->349567K(349568K), 0.0783904 secs] 506815K->506798K(506816K), [Metaspace: 12960K->12960K(1060864K)], 0.0784911 secs] [Times: user=0.08 sys=0.00, real=0.08 secs] 
2017-11-10T19:39:09.201+0500: 592.660: [Full GC (Allocation Failure) 2017-11-10T19:39:09.201+0500: 592.660: [Tenured: 349567K->349567K(349568K), 0.0861046 secs] 506815K->506808K(506816K), [Metaspace: 12960K->12960K(1060864K)], 0.0861853 secs] [Times: user=0.09 sys=0.00, real=0.09 secs] 
2017-11-10T19:39:09.287+0500: 592.746: [Full GC (Allocation Failure) 2017-11-10T19:39:09.287+0500: 592.746: [Tenured: 349567K->349567K(349568K), 0.0805215 secs] 506815K->506801K(506816K), [Metaspace: 12960K->12960K(1060864K)], 0.0806061 secs] [Times: user=0.06 sys=0.00, real=0.08 secs] 
2017-11-10T19:39:09.368+0500: 592.827: [Full GC (Allocation Failure) 2017-11-10T19:39:09.368+0500: 592.827: [Tenured: 349567K->349567K(349568K), 0.0794889 secs] 506815K->506798K(506816K), [Metaspace: 12960K->12960K(1060864K)], 0.0795887 secs] [Times: user=0.08 sys=0.00, real=0.08 secs] 
2017-11-10T19:39:09.448+0500: 592.907: [Full GC (Allocation Failure) 2017-11-10T19:39:09.448+0500: 592.907: [Tenured: 349567K->349567K(349568K), 0.0789282 secs] 506815K->506798K(506816K), [Metaspace: 12960K->12960K(1060864K)], 0.0790431 secs] [Times: user=0.08 sys=0.00, real=0.08 secs] 
2017-11-10T19:39:09.528+0500: 592.987: [Full GC (Allocation Failure) 2017-11-10T19:39:09.528+0500: 592.987: [Tenured: 349567K->349567K(349568K), 0.0801920 secs] 506815K->506808K(506816K), [Metaspace: 12960K->12960K(1060864K)], 0.0802966 secs] [Times: user=0.08 sys=0.00, real=0.08 secs] 
2017-11-10T19:39:09.609+0500: 593.068: [Full GC (Allocation Failure) 2017-11-10T19:39:09.609+0500: 593.068: [Tenured: 349567K->349567K(349568K), 0.0783655 secs] 506815K->506801K(506816K), [Metaspace: 12960K->12960K(1060864K)], 0.0784364 secs] [Times: user=0.08 sys=0.00, real=0.08 secs] 
2017-11-10T19:39:09.688+0500: 593.147: [Full GC (Allocation Failure) 2017-11-10T19:39:09.688+0500: 593.147: [Tenured: 349567K->349567K(349568K), 0.0805259 secs] 506815K->506798K(506816K), [Metaspace: 12960K->12960K(1060864K)], 0.0805992 secs] [Times: user=0.09 sys=0.00, real=0.08 secs] 
2017-11-10T19:39:09.769+0500: 593.228: [Full GC (Allocation Failure) 2017-11-10T19:39:09.769+0500: 593.228: [Tenured: 349567K->349567K(349568K), 0.0810754 secs] 506815K->506798K(506816K), [Metaspace: 12960K->12960K(1060864K)], 0.0811585 secs] [Times: user=0.08 sys=0.00, real=0.08 secs] 
2017-11-10T19:39:09.850+0500: 593.309: [Full GC (Allocation Failure) 2017-11-10T19:39:09.850+0500: 593.309: [Tenured: 349567K->349567K(349568K), 0.0811262 secs] 506815K->506808K(506816K), [Metaspace: 12960K->12960K(1060864K)], 0.0812030 secs] [Times: user=0.08 sys=0.00, real=0.08 secs] 
2017-11-10T19:39:09.932+0500: 593.391: [Full GC (Allocation Failure) 2017-11-10T19:39:09.932+0500: 593.391: [Tenured: 349567K->349567K(349568K), 0.0780604 secs] 506815K->506801K(506816K), [Metaspace: 12960K->12960K(1060864K)], 0.0781460 secs] [Times: user=0.08 sys=0.00, real=0.08 secs] 
2017-11-10T19:39:10.011+0500: 593.470: [Full GC (Allocation Failure) 2017-11-10T19:39:10.011+0500: 593.470: [Tenured: 349567K->349567K(349568K), 0.0787009 secs] 506815K->506798K(506816K), [Metaspace: 12960K->12960K(1060864K)], 0.0788162 secs] [Times: user=0.08 sys=0.00, real=0.08 secs] 
2017-11-10T19:39:10.090+0500: 593.549: [Full GC (Allocation Failure) 2017-11-10T19:39:10.090+0500: 593.549: [Tenured: 349567K->349567K(349568K), 0.0774420 secs] 506815K->506798K(506816K), [Metaspace: 12960K->12960K(1060864K)], 0.0775813 secs] [Times: user=0.08 sys=0.00, real=0.08 secs] 
2017-11-10T19:39:10.168+0500: 593.627: [Full GC (Allocation Failure) 2017-11-10T19:39:10.168+0500: 593.627: [Tenured: 349567K->349567K(349568K), 0.0780868 secs] 506815K->506808K(506816K), [Metaspace: 12960K->12960K(1060864K)], 0.0781846 secs] [Times: user=0.08 sys=0.00, real=0.08 secs] 
2017-11-10T19:39:10.247+0500: 593.706: [Full GC (Allocation Failure) 2017-11-10T19:39:10.247+0500: 593.706: [Tenured: 349567K->349567K(349568K), 0.0770411 secs] 506815K->506801K(506816K), [Metaspace: 12960K->12960K(1060864K)], 0.0771398 secs] [Times: user=0.08 sys=0.00, real=0.08 secs] 
2017-11-10T19:39:10.324+0500: 593.783: [Full GC (Allocation Failure) 2017-11-10T19:39:10.324+0500: 593.783: [Tenured: 349567K->349567K(349568K), 0.0775085 secs] 506815K->506798K(506816K), [Metaspace: 12960K->12960K(1060864K)], 0.0776189 secs] [Times: user=0.08 sys=0.00, real=0.08 secs] 
2017-11-10T19:39:10.403+0500: 593.862: [Full GC (Allocation Failure) 2017-11-10T19:39:10.403+0500: 593.862: [Tenured: 349567K->349567K(349568K), 0.0796190 secs] 506815K->506798K(506816K), [Metaspace: 12960K->12960K(1060864K)], 0.0797246 secs] [Times: user=0.08 sys=0.00, real=0.08 secs] 
2017-11-10T19:39:10.483+0500: 593.942: [Full GC (Allocation Failure) 2017-11-10T19:39:10.483+0500: 593.942: [Tenured: 349567K->349567K(349568K), 0.0783880 secs] 506815K->506808K(506816K), [Metaspace: 12960K->12960K(1060864K)], 0.0784999 secs] [Times: user=0.08 sys=0.00, real=0.08 secs] 
2017-11-10T19:39:10.562+0500: 594.021: [Full GC (Allocation Failure) 2017-11-10T19:39:10.562+0500: 594.021: [Tenured: 349567K->349567K(349568K), 0.0841016 secs] 506815K->506801K(506816K), [Metaspace: 12960K->12960K(1060864K)], 0.0841833 secs] [Times: user=0.09 sys=0.00, real=0.08 secs] 
2017-11-10T19:39:10.646+0500: 594.106: [Full GC (Allocation Failure) 2017-11-10T19:39:10.647+0500: 594.106: [Tenured: 349567K->349567K(349568K), 0.0871039 secs] 506815K->506798K(506816K), [Metaspace: 12960K->12960K(1060864K)], 0.0871885 secs] [Times: user=0.08 sys=0.00, real=0.09 secs] 
2017-11-10T19:39:10.734+0500: 594.193: [Full GC (Allocation Failure) 2017-11-10T19:39:10.734+0500: 594.193: [Tenured: 349567K->349567K(349568K), 0.0877086 secs] 506815K->506798K(506816K), [Metaspace: 12960K->12960K(1060864K)], 0.0878240 secs] [Times: user=0.09 sys=0.00, real=0.09 secs] 
2017-11-10T19:39:10.823+0500: 594.282: [Full GC (Allocation Failure) 2017-11-10T19:39:10.823+0500: 594.282: [Tenured: 349567K->349567K(349568K), 0.0812783 secs] 506815K->506808K(506816K), [Metaspace: 12960K->12960K(1060864K)], 0.0813516 secs] [Times: user=0.08 sys=0.00, real=0.08 secs] 
2017-11-10T19:39:10.904+0500: 594.363: [Full GC (Allocation Failure) 2017-11-10T19:39:10.904+0500: 594.363: [Tenured: 349567K->349567K(349568K), 0.0830818 secs] 506815K->506801K(506816K), [Metaspace: 12960K->12960K(1060864K)], 0.0831605 secs] [Times: user=0.09 sys=0.00, real=0.08 secs] 
2017-11-10T19:39:10.988+0500: 594.447: [Full GC (Allocation Failure) 2017-11-10T19:39:10.988+0500: 594.447: [Tenured: 349567K->349567K(349568K), 0.0855492 secs] 506815K->506798K(506816K), [Metaspace: 12960K->12960K(1060864K)], 0.0856460 secs] [Times: user=0.08 sys=0.00, real=0.09 secs] 
2017-11-10T19:39:11.074+0500: 594.533: [Full GC (Allocation Failure) 2017-11-10T19:39:11.074+0500: 594.533: [Tenured: 349567K->349567K(349568K), 0.0848340 secs] 506815K->506798K(506816K), [Metaspace: 12960K->12960K(1060864K)], 0.0849459 secs] [Times: user=0.08 sys=0.00, real=0.09 secs] 
2017-11-10T19:39:11.160+0500: 594.619: [Full GC (Allocation Failure) 2017-11-10T19:39:11.160+0500: 594.619: [Tenured: 349567K->349567K(349568K), 0.0834133 secs] 506815K->506808K(506816K), [Metaspace: 12960K->12960K(1060864K)], 0.0834983 secs] [Times: user=0.08 sys=0.00, real=0.08 secs] 
2017-11-10T19:39:11.244+0500: 594.703: [Full GC (Allocation Failure) 2017-11-10T19:39:11.244+0500: 594.703: [Tenured: 349567K->349567K(349568K), 0.0829385 secs] 506815K->506801K(506816K), [Metaspace: 12960K->12960K(1060864K)], 0.0830187 secs] [Times: user=0.08 sys=0.00, real=0.08 secs] 
2017-11-10T19:39:11.327+0500: 594.786: [Full GC (Allocation Failure) 2017-11-10T19:39:11.327+0500: 594.786: [Tenured: 349567K->349567K(349568K), 0.0839232 secs] 506815K->506798K(506816K), [Metaspace: 12960K->12960K(1060864K)], 0.0840400 secs] [Times: user=0.09 sys=0.00, real=0.08 secs] 
2017-11-10T19:39:11.412+0500: 594.871: [Full GC (Allocation Failure) 2017-11-10T19:39:11.412+0500: 594.871: [Tenured: 349567K->349567K(349568K), 0.0878553 secs] 506815K->506798K(506816K), [Metaspace: 12960K->12960K(1060864K)], 0.0879775 secs] [Times: user=0.08 sys=0.00, real=0.09 secs] 
2017-11-10T19:39:11.500+0500: 594.960: [Full GC (Allocation Failure) 2017-11-10T19:39:11.500+0500: 594.960: [Tenured: 349567K->349567K(349568K), 0.0858851 secs] 506815K->506808K(506816K), [Metaspace: 12960K->12960K(1060864K)], 0.0859672 secs] [Times: user=0.09 sys=0.00, real=0.09 secs] 
2017-11-10T19:39:11.588+0500: 595.047: [Full GC (Allocation Failure) 2017-11-10T19:39:11.588+0500: 595.047: [Tenured: 349567K->349567K(349568K), 0.0882611 secs] 506815K->506801K(506816K), [Metaspace: 12960K->12960K(1060864K)], 0.0883647 secs] [Times: user=0.09 sys=0.00, real=0.09 secs] 
2017-11-10T19:39:11.677+0500: 595.136: [Full GC (Allocation Failure) 2017-11-10T19:39:11.677+0500: 595.136: [Tenured: 349567K->349567K(349568K), 0.0844399 secs] 506815K->506798K(506816K), [Metaspace: 12960K->12960K(1060864K)], 0.0845240 secs] [Times: user=0.08 sys=0.00, real=0.08 secs] 
2017-11-10T19:39:11.762+0500: 595.221: [Full GC (Allocation Failure) 2017-11-10T19:39:11.762+0500: 595.221: [Tenured: 349567K->349567K(349568K), 0.0815477 secs] 506815K->506798K(506816K), [Metaspace: 12960K->12960K(1060864K)], 0.0816586 secs] [Times: user=0.08 sys=0.00, real=0.08 secs] 
2017-11-10T19:39:11.844+0500: 595.303: [Full GC (Allocation Failure) 2017-11-10T19:39:11.844+0500: 595.303: [Tenured: 349567K->349567K(349568K), 0.0803792 secs] 506815K->506808K(506816K), [Metaspace: 12960K->12960K(1060864K)], 0.0804569 secs] [Times: user=0.09 sys=0.00, real=0.08 secs] 
2017-11-10T19:39:11.925+0500: 595.384: [Full GC (Allocation Failure) 2017-11-10T19:39:11.925+0500: 595.384: [Tenured: 349567K->349567K(349568K), 0.0807048 secs] 506815K->506801K(506816K), [Metaspace: 12960K->12960K(1060864K)], 0.0807869 secs] [Times: user=0.08 sys=0.00, real=0.08 secs] 
2017-11-10T19:39:12.007+0500: 595.466: [Full GC (Allocation Failure) 2017-11-10T19:39:12.007+0500: 595.466: [Tenured: 349567K->349567K(349568K), 0.0864189 secs] 506815K->506798K(506816K), [Metaspace: 12960K->12960K(1060864K)], 0.0865055 secs] [Times: user=0.08 sys=0.00, real=0.09 secs] 
2017-11-10T19:39:12.094+0500: 595.553: [Full GC (Allocation Failure) 2017-11-10T19:39:12.094+0500: 595.553: [Tenured: 349567K->349567K(349568K), 0.0871234 secs] 506815K->506798K(506816K), [Metaspace: 12960K->12960K(1060864K)], 0.0872222 secs] [Times: user=0.09 sys=0.00, real=0.09 secs] 
2017-11-10T19:39:12.181+0500: 595.641: [Full GC (Allocation Failure) 2017-11-10T19:39:12.181+0500: 595.641: [Tenured: 349567K->349567K(349568K), 0.0863109 secs] 506815K->506808K(506816K), [Metaspace: 12960K->12960K(1060864K)], 0.0864233 secs] [Times: user=0.09 sys=0.00, real=0.09 secs] 
2017-11-10T19:39:12.268+0500: 595.728: [Full GC (Allocation Failure) 2017-11-10T19:39:12.268+0500: 595.728: [Tenured: 349567K->349567K(349568K), 0.0850251 secs] 506815K->506801K(506816K), [Metaspace: 12960K->12960K(1060864K)], 0.0851058 secs] [Times: user=0.08 sys=0.00, real=0.09 secs] 
2017-11-10T19:39:12.354+0500: 595.813: [Full GC (Allocation Failure) 2017-11-10T19:39:12.354+0500: 595.813: [Tenured: 349567K->349567K(349568K), 0.0833174 secs] 506815K->506798K(506816K), [Metaspace: 12960K->12960K(1060864K)], 0.0834074 secs] [Times: user=0.08 sys=0.00, real=0.08 secs] 
2017-11-10T19:39:12.438+0500: 595.897: [Full GC (Allocation Failure) 2017-11-10T19:39:12.438+0500: 595.897: [Tenured: 349567K->349567K(349568K), 0.0822966 secs] 506815K->506798K(506816K), [Metaspace: 12960K->12960K(1060864K)], 0.0823876 secs] [Times: user=0.09 sys=0.00, real=0.08 secs] 
2017-11-10T19:39:12.521+0500: 595.980: [Full GC (Allocation Failure) 2017-11-10T19:39:12.521+0500: 595.980: [Tenured: 349567K->349567K(349568K), 0.0814465 secs] 506815K->506808K(506816K), [Metaspace: 12960K->12960K(1060864K)], 0.0815305 secs] [Times: user=0.08 sys=0.00, real=0.08 secs] 
2017-11-10T19:39:12.603+0500: 596.062: [Full GC (Allocation Failure) 2017-11-10T19:39:12.603+0500: 596.062: [Tenured: 349567K->349567K(349568K), 0.0842111 secs] 506815K->506801K(506816K), [Metaspace: 12960K->12960K(1060864K)], 0.0843138 secs] [Times: user=0.08 sys=0.00, real=0.08 secs] 
2017-11-10T19:39:12.688+0500: 596.147: [Full GC (Allocation Failure) 2017-11-10T19:39:12.688+0500: 596.147: [Tenured: 349567K->349567K(349568K), 0.0785742 secs] 506815K->506798K(506816K), [Metaspace: 12960K->12960K(1060864K)], 0.0786534 secs] [Times: user=0.08 sys=0.00, real=0.08 secs] 
2017-11-10T19:39:12.767+0500: 596.226: [Full GC (Allocation Failure) 2017-11-10T19:39:12.767+0500: 596.226: [Tenured: 349567K->349567K(349568K), 0.0791932 secs] 506815K->506798K(506816K), [Metaspace: 12960K->12960K(1060864K)], 0.0792733 secs] [Times: user=0.09 sys=0.00, real=0.08 secs] 
2017-11-10T19:39:12.847+0500: 596.306: [Full GC (Allocation Failure) 2017-11-10T19:39:12.847+0500: 596.306: [Tenured: 349567K->349567K(349568K), 0.0777035 secs] 506815K->506808K(506816K), [Metaspace: 12960K->12960K(1060864K)], 0.0778072 secs] [Times: user=0.08 sys=0.00, real=0.08 secs] 
2017-11-10T19:39:12.925+0500: 596.384: [Full GC (Allocation Failure) 2017-11-10T19:39:12.925+0500: 596.384: [Tenured: 349567K->349567K(349568K), 0.0795325 secs] 506815K->506801K(506816K), [Metaspace: 12960K->12960K(1060864K)], 0.0796033 secs] [Times: user=0.08 sys=0.00, real=0.08 secs] 
2017-11-10T19:39:13.006+0500: 596.465: [Full GC (Allocation Failure) 2017-11-10T19:39:13.006+0500: 596.465: [Tenured: 349567K->349567K(349568K), 0.0798879 secs] 506815K->506798K(506816K), [Metaspace: 12960K->12960K(1060864K)], 0.0799905 secs] [Times: user=0.08 sys=0.00, real=0.08 secs] 
2017-11-10T19:39:13.086+0500: 596.545: [Full GC (Allocation Failure) 2017-11-10T19:39:13.086+0500: 596.545: [Tenured: 349567K->349567K(349568K), 0.0795158 secs] 506815K->506798K(506816K), [Metaspace: 12960K->12960K(1060864K)], 0.0796224 secs] [Times: user=0.08 sys=0.00, real=0.08 secs] 
2017-11-10T19:39:13.166+0500: 596.625: [Full GC (Allocation Failure) 2017-11-10T19:39:13.166+0500: 596.625: [Tenured: 349567K->349567K(349568K), 0.0789243 secs] 506815K->506808K(506816K), [Metaspace: 12960K->12960K(1060864K)], 0.0790084 secs] [Times: user=0.08 sys=0.00, real=0.08 secs] 
2017-11-10T19:39:13.246+0500: 596.705: [Full GC (Allocation Failure) 2017-11-10T19:39:13.246+0500: 596.705: [Tenured: 349567K->349567K(349568K), 0.0803738 secs] 506815K->506801K(506816K), [Metaspace: 12960K->12960K(1060864K)], 0.0804594 secs] [Times: user=0.08 sys=0.00, real=0.08 secs] 
2017-11-10T19:39:13.327+0500: 596.786: [Full GC (Allocation Failure) 2017-11-10T19:39:13.327+0500: 596.786: [Tenured: 349567K->349567K(349568K), 0.0809434 secs] 506815K->506798K(506816K), [Metaspace: 12960K->12960K(1060864K)], 0.0810470 secs] [Times: user=0.08 sys=0.00, real=0.08 secs] 
2017-11-10T19:39:13.408+0500: 596.867: [Full GC (Allocation Failure) 2017-11-10T19:39:13.408+0500: 596.867: [Tenured: 349567K->349567K(349568K), 0.0798097 secs] 506815K->506798K(506816K), [Metaspace: 12960K->12960K(1060864K)], 0.0798830 secs] [Times: user=0.09 sys=0.00, real=0.08 secs] 
2017-11-10T19:39:13.489+0500: 596.948: [Full GC (Allocation Failure) 2017-11-10T19:39:13.489+0500: 596.948: [Tenured: 349567K->349567K(349568K), 0.0801846 secs] 506815K->506808K(506816K), [Metaspace: 12960K->12960K(1060864K)], 0.0802545 secs] [Times: user=0.08 sys=0.00, real=0.08 secs] 
2017-11-10T19:39:13.569+0500: 597.028: [Full GC (Allocation Failure) 2017-11-10T19:39:13.569+0500: 597.028: [Tenured: 349567K->349567K(349568K), 0.0819686 secs] 506815K->506801K(506816K), [Metaspace: 12960K->12960K(1060864K)], 0.0820747 secs] [Times: user=0.08 sys=0.00, real=0.08 secs] 
2017-11-10T19:39:13.652+0500: 597.111: [Full GC (Allocation Failure) 2017-11-10T19:39:13.652+0500: 597.111: [Tenured: 349567K->349567K(349568K), 0.0766529 secs] 506815K->506798K(506816K), [Metaspace: 12960K->12960K(1060864K)], 0.0767341 secs] [Times: user=0.08 sys=0.00, real=0.08 secs] 
2017-11-10T19:39:13.729+0500: 597.188: [Full GC (Allocation Failure) 2017-11-10T19:39:13.729+0500: 597.188: [Tenured: 349567K->349567K(349568K), 0.0779225 secs] 506815K->506798K(506816K), [Metaspace: 12960K->12960K(1060864K)], 0.0780179 secs] [Times: user=0.08 sys=0.00, real=0.08 secs] 
2017-11-10T19:39:13.808+0500: 597.267: [Full GC (Allocation Failure) 2017-11-10T19:39:13.808+0500: 597.267: [Tenured: 349567K->349567K(349568K), 0.0793882 secs] 506815K->506808K(506816K), [Metaspace: 12960K->12960K(1060864K)], 0.0794826 secs] [Times: user=0.08 sys=0.00, real=0.08 secs] 
2017-11-10T19:39:13.888+0500: 597.347: [Full GC (Allocation Failure) 2017-11-10T19:39:13.888+0500: 597.347: [Tenured: 349567K->349567K(349568K), 0.0807185 secs] 506815K->506801K(506816K), [Metaspace: 12960K->12960K(1060864K)], 0.0807835 secs] [Times: user=0.08 sys=0.00, real=0.08 secs] 
2017-11-10T19:39:13.969+0500: 597.428: [Full GC (Allocation Failure) 2017-11-10T19:39:13.969+0500: 597.428: [Tenured: 349567K->349567K(349568K), 0.0795721 secs] 506815K->506798K(506816K), [Metaspace: 12960K->12960K(1060864K)], 0.0796693 secs] [Times: user=0.08 sys=0.00, real=0.08 secs] 
2017-11-10T19:39:14.049+0500: 597.508: [Full GC (Allocation Failure) 2017-11-10T19:39:14.049+0500: 597.508: [Tenured: 349567K->349567K(349568K), 0.0783127 secs] 506815K->506798K(506816K), [Metaspace: 12960K->12960K(1060864K)], 0.0783841 secs] [Times: user=0.08 sys=0.00, real=0.08 secs] 
2017-11-10T19:39:14.128+0500: 597.587: [Full GC (Allocation Failure) 2017-11-10T19:39:14.128+0500: 597.587: [Tenured: 349567K->349567K(349568K), 0.0779426 secs] 506815K->506808K(506816K), [Metaspace: 12960K->12960K(1060864K)], 0.0780379 secs] [Times: user=0.08 sys=0.00, real=0.08 secs] 
2017-11-10T19:39:14.206+0500: 597.665: [Full GC (Allocation Failure) 2017-11-10T19:39:14.206+0500: 597.665: [Tenured: 349567K->349567K(349568K), 0.0792381 secs] 506815K->506801K(506816K), [Metaspace: 12960K->12960K(1060864K)], 0.0793110 secs] [Times: user=0.08 sys=0.00, real=0.08 secs] 
2017-11-10T19:39:14.286+0500: 597.745: [Full GC (Allocation Failure) 2017-11-10T19:39:14.286+0500: 597.745: [Tenured: 349567K->349567K(349568K), 0.0818131 secs] 506815K->506798K(506816K), [Metaspace: 12960K->12960K(1060864K)], 0.0819065 secs] [Times: user=0.08 sys=0.00, real=0.08 secs] 
2017-11-10T19:39:14.368+0500: 597.827: [Full GC (Allocation Failure) 2017-11-10T19:39:14.368+0500: 597.827: [Tenured: 349567K->349567K(349568K), 0.0818341 secs] 506815K->506798K(506816K), [Metaspace: 12960K->12960K(1060864K)], 0.0819036 secs] [Times: user=0.08 sys=0.00, real=0.08 secs] 
2017-11-10T19:39:14.451+0500: 597.910: [Full GC (Allocation Failure) 2017-11-10T19:39:14.451+0500: 597.910: [Tenured: 349567K->349567K(349568K), 0.0806427 secs] 506815K->506808K(506816K), [Metaspace: 12960K->12960K(1060864K)], 0.0807503 secs] [Times: user=0.08 sys=0.00, real=0.08 secs] 
2017-11-10T19:39:14.532+0500: 597.991: [Full GC (Allocation Failure) 2017-11-10T19:39:14.532+0500: 597.991: [Tenured: 349567K->349567K(349568K), 0.0805146 secs] 506815K->506801K(506816K), [Metaspace: 12960K->12960K(1060864K)], 0.0805909 secs] [Times: user=0.09 sys=0.00, real=0.08 secs] 
2017-11-10T19:39:14.613+0500: 598.072: [Full GC (Allocation Failure) 2017-11-10T19:39:14.613+0500: 598.072: [Tenured: 349567K->349567K(349568K), 0.0827860 secs] 506815K->506798K(506816K), [Metaspace: 12960K->12960K(1060864K)], 0.0828735 secs] [Times: user=0.08 sys=0.00, real=0.08 secs] 
2017-11-10T19:39:14.697+0500: 598.156: [Full GC (Allocation Failure) 2017-11-10T19:39:14.697+0500: 598.156: [Tenured: 349567K->349567K(349568K), 0.0793789 secs] 506815K->506798K(506816K), [Metaspace: 12960K->12960K(1060864K)], 0.0794723 secs] [Times: user=0.08 sys=0.00, real=0.08 secs] 
2017-11-10T19:39:14.777+0500: 598.236: [Full GC (Allocation Failure) 2017-11-10T19:39:14.777+0500: 598.236: [Tenured: 349567K->349567K(349568K), 0.0809962 secs] 506815K->506808K(506816K), [Metaspace: 12960K->12960K(1060864K)], 0.0810930 secs] [Times: user=0.08 sys=0.00, real=0.08 secs] 
2017-11-10T19:39:14.858+0500: 598.317: [Full GC (Allocation Failure) 2017-11-10T19:39:14.858+0500: 598.317: [Tenured: 349567K->349567K(349568K), 0.0793144 secs] 506815K->506801K(506816K), [Metaspace: 12960K->12960K(1060864K)], 0.0793936 secs] [Times: user=0.08 sys=0.00, real=0.08 secs] 
2017-11-10T19:39:14.938+0500: 598.397: [Full GC (Allocation Failure) 2017-11-10T19:39:14.938+0500: 598.397: [Tenured: 349567K->349567K(349568K), 0.0785865 secs] 506815K->506798K(506816K), [Metaspace: 12960K->12960K(1060864K)], 0.0786642 secs] [Times: user=0.08 sys=0.00, real=0.08 secs] 
2017-11-10T19:39:15.017+0500: 598.476: [Full GC (Allocation Failure) 2017-11-10T19:39:15.017+0500: 598.476: [Tenured: 349567K->349567K(349568K), 0.0790299 secs] 506815K->506798K(506816K), [Metaspace: 12960K->12960K(1060864K)], 0.0791379 secs] [Times: user=0.09 sys=0.00, real=0.08 secs] 
2017-11-10T19:39:15.097+0500: 598.556: [Full GC (Allocation Failure) 2017-11-10T19:39:15.097+0500: 598.556: [Tenured: 349567K->349567K(349568K), 0.0804115 secs] 506815K->506808K(506816K), [Metaspace: 12960K->12960K(1060864K)], 0.0805195 secs] [Times: user=0.08 sys=0.00, real=0.08 secs] 
2017-11-10T19:39:15.178+0500: 598.637: [Full GC (Allocation Failure) 2017-11-10T19:39:15.178+0500: 598.637: [Tenured: 349567K->349567K(349568K), 0.0808373 secs] 506815K->506801K(506816K), [Metaspace: 12960K->12960K(1060864K)], 0.0809497 secs] [Times: user=0.08 sys=0.00, real=0.08 secs] 
2017-11-10T19:39:15.260+0500: 598.719: [Full GC (Allocation Failure) 2017-11-10T19:39:15.260+0500: 598.719: [Tenured: 349567K->349567K(349568K), 0.0814381 secs] 506815K->506798K(506816K), [Metaspace: 12960K->12960K(1060864K)], 0.0815301 secs] [Times: user=0.08 sys=0.00, real=0.08 secs] 
2017-11-10T19:39:15.342+0500: 598.801: [Full GC (Allocation Failure) 2017-11-10T19:39:15.342+0500: 598.801: [Tenured: 349567K->349567K(349568K), 0.0837687 secs] 506815K->506798K(506816K), [Metaspace: 12960K->12960K(1060864K)], 0.0838723 secs] [Times: user=0.09 sys=0.00, real=0.08 secs] 
2017-11-10T19:39:15.426+0500: 598.885: [Full GC (Allocation Failure) 2017-11-10T19:39:15.426+0500: 598.885: [Tenured: 349567K->349567K(349568K), 0.0801480 secs] 506815K->506808K(506816K), [Metaspace: 12960K->12960K(1060864K)], 0.0802164 secs] [Times: user=0.08 sys=0.00, real=0.08 secs] 
2017-11-10T19:39:15.507+0500: 598.966: [Full GC (Allocation Failure) 2017-11-10T19:39:15.507+0500: 598.966: [Tenured: 349567K->349567K(349568K), 0.0797133 secs] 506815K->506801K(506816K), [Metaspace: 12960K->12960K(1060864K)], 0.0798004 secs] [Times: user=0.08 sys=0.00, real=0.08 secs] 
2017-11-10T19:39:15.587+0500: 599.046: [Full GC (Allocation Failure) 2017-11-10T19:39:15.587+0500: 599.046: [Tenured: 349567K->349567K(349568K), 0.0790431 secs] 506815K->506798K(506816K), [Metaspace: 12960K->12960K(1060864K)], 0.0791149 secs] [Times: user=0.08 sys=0.00, real=0.08 secs] 
2017-11-10T19:39:15.667+0500: 599.126: [Full GC (Allocation Failure) 2017-11-10T19:39:15.667+0500: 599.126: [Tenured: 349567K->349567K(349568K), 0.0800565 secs] 506815K->506798K(506816K), [Metaspace: 12960K->12960K(1060864K)], 0.0801377 secs] [Times: user=0.08 sys=0.00, real=0.08 secs] 
2017-11-10T19:39:15.748+0500: 599.207: [Full GC (Allocation Failure) 2017-11-10T19:39:15.748+0500: 599.207: [Tenured: 349567K->349567K(349568K), 0.0804672 secs] 506815K->506808K(506816K), [Metaspace: 12960K->12960K(1060864K)], 0.0805992 secs] [Times: user=0.08 sys=0.00, real=0.08 secs] 
2017-11-10T19:39:15.829+0500: 599.288: [Full GC (Allocation Failure) 2017-11-10T19:39:15.829+0500: 599.288: [Tenured: 349567K->349567K(349568K), 0.0802076 secs] 506815K->506801K(506816K), [Metaspace: 12960K->12960K(1060864K)], 0.0803010 secs] [Times: user=0.09 sys=0.00, real=0.08 secs] 
2017-11-10T19:39:15.910+0500: 599.370: [Full GC (Allocation Failure) 2017-11-10T19:39:15.910+0500: 599.370: [Tenured: 349567K->349567K(349568K), 0.0806823 secs] 506815K->506798K(506816K), [Metaspace: 12960K->12960K(1060864K)], 0.0807825 secs] [Times: user=0.08 sys=0.00, real=0.08 secs] 
2017-11-10T19:39:15.992+0500: 599.451: [Full GC (Allocation Failure) 2017-11-10T19:39:15.992+0500: 599.451: [Tenured: 349567K->349567K(349568K), 0.0790191 secs] 506815K->506798K(506816K), [Metaspace: 12960K->12960K(1060864K)], 0.0790944 secs] [Times: user=0.08 sys=0.00, real=0.08 secs] 
2017-11-10T19:39:16.071+0500: 599.530: [Full GC (Allocation Failure) 2017-11-10T19:39:16.071+0500: 599.531: [Tenured: 349567K->349567K(349568K), 0.0781347 secs] 506815K->506808K(506816K), [Metaspace: 12960K->12960K(1060864K)], 0.0782320 secs] [Times: user=0.08 sys=0.00, real=0.08 secs] 
2017-11-10T19:39:16.150+0500: 599.609: [Full GC (Allocation Failure) 2017-11-10T19:39:16.150+0500: 599.609: [Tenured: 349567K->349567K(349568K), 0.0766993 secs] 506815K->506801K(506816K), [Metaspace: 12960K->12960K(1060864K)], 0.0767952 secs] [Times: user=0.08 sys=0.00, real=0.08 secs] 
2017-11-10T19:39:16.227+0500: 599.686: [Full GC (Allocation Failure) 2017-11-10T19:39:16.227+0500: 599.686: [Tenured: 349567K->349567K(349568K), 0.0782789 secs] 506815K->506798K(506816K), [Metaspace: 12960K->12960K(1060864K)], 0.0783523 secs] [Times: user=0.08 sys=0.00, real=0.08 secs] 
2017-11-10T19:39:16.306+0500: 599.765: [Full GC (Allocation Failure) 2017-11-10T19:39:16.306+0500: 599.765: [Tenured: 349567K->349567K(349568K), 0.0783171 secs] 506815K->506798K(506816K), [Metaspace: 12960K->12960K(1060864K)], 0.0783909 secs] [Times: user=0.08 sys=0.00, real=0.08 secs] 
2017-11-10T19:39:16.385+0500: 599.844: [Full GC (Allocation Failure) 2017-11-10T19:39:16.385+0500: 599.844: [Tenured: 349567K->349567K(349568K), 0.0808930 secs] 506815K->506808K(506816K), [Metaspace: 12960K->12960K(1060864K)], 0.0809654 secs] [Times: user=0.08 sys=0.00, real=0.08 secs] 
2017-11-10T19:39:16.466+0500: 599.925: [Full GC (Allocation Failure) 2017-11-10T19:39:16.466+0500: 599.925: [Tenured: 349567K->349567K(349568K), 0.0827660 secs] 506815K->506801K(506816K), [Metaspace: 12960K->12960K(1060864K)], 0.0828398 secs] [Times: user=0.08 sys=0.00, real=0.08 secs] 
2017-11-10T19:39:16.549+0500: 600.009: [Full GC (Allocation Failure) 2017-11-10T19:39:16.549+0500: 600.009: [Tenured: 349567K->349567K(349568K), 0.0791057 secs] 506815K->506798K(506816K), [Metaspace: 12960K->12960K(1060864K)], 0.0791893 secs] [Times: user=0.08 sys=0.00, real=0.08 secs] 
2017-11-10T19:39:16.629+0500: 600.089: [Full GC (Allocation Failure) 2017-11-10T19:39:16.629+0500: 600.089: [Tenured: 349567K->349567K(349568K), 0.0782017 secs] 506815K->506798K(506816K), [Metaspace: 12960K->12960K(1060864K)], 0.0783430 secs] [Times: user=0.08 sys=0.00, real=0.08 secs] 
2017-11-10T19:39:16.708+0500: 600.167: [Full GC (Allocation Failure) 2017-11-10T19:39:16.708+0500: 600.167: [Tenured: 349567K->349567K(349568K), 0.0784505 secs] 506815K->506808K(506816K), [Metaspace: 12960K->12960K(1060864K)], 0.0785288 secs] [Times: user=0.08 sys=0.00, real=0.08 secs] 
2017-11-10T19:39:16.787+0500: 600.246: [Full GC (Allocation Failure) 2017-11-10T19:39:16.787+0500: 600.246: [Tenured: 349567K->349567K(349568K), 0.0793481 secs] 506815K->506801K(506816K), [Metaspace: 12960K->12960K(1060864K)], 0.0794278 secs] [Times: user=0.08 sys=0.00, real=0.08 secs] 
2017-11-10T19:39:16.867+0500: 600.326: [Full GC (Allocation Failure) 2017-11-10T19:39:16.867+0500: 600.326: [Tenured: 349567K->349567K(349568K), 0.0797344 secs] 506815K->506798K(506816K), [Metaspace: 12960K->12960K(1060864K)], 0.0798590 secs] [Times: user=0.08 sys=0.00, real=0.08 secs] 
2017-11-10T19:39:16.948+0500: 600.407: [Full GC (Allocation Failure) 2017-11-10T19:39:16.948+0500: 600.407: [Tenured: 349567K->349567K(349568K), 0.0824775 secs] 506815K->506798K(506816K), [Metaspace: 12960K->12960K(1060864K)], 0.0825606 secs] [Times: user=0.08 sys=0.00, real=0.08 secs] 
2017-11-10T19:39:17.031+0500: 600.490: [Full GC (Allocation Failure) 2017-11-10T19:39:17.031+0500: 600.490: [Tenured: 349567K->349567K(349568K), 0.0767727 secs] 506815K->506808K(506816K), [Metaspace: 12960K->12960K(1060864K)], 0.0768822 secs] [Times: user=0.08 sys=0.00, real=0.08 secs] 
2017-11-10T19:39:17.108+0500: 600.567: [Full GC (Allocation Failure) 2017-11-10T19:39:17.108+0500: 600.567: [Tenured: 349567K->349567K(349568K), 0.0776620 secs] 506815K->506801K(506816K), [Metaspace: 12960K->12960K(1060864K)], 0.0777509 secs] [Times: user=0.08 sys=0.00, real=0.08 secs] 
2017-11-10T19:39:17.187+0500: 600.646: [Full GC (Allocation Failure) 2017-11-10T19:39:17.187+0500: 600.646: [Tenured: 349567K->349567K(349568K), 0.0796679 secs] 506815K->506798K(506816K), [Metaspace: 12960K->12960K(1060864K)], 0.0797485 secs] [Times: user=0.08 sys=0.00, real=0.08 secs] 
2017-11-10T19:39:17.267+0500: 600.726: [Full GC (Allocation Failure) 2017-11-10T19:39:17.267+0500: 600.726: [Tenured: 349567K->349567K(349568K), 0.0813883 secs] 506815K->506798K(506816K), [Metaspace: 12960K->12960K(1060864K)], 0.0814694 secs] [Times: user=0.09 sys=0.00, real=0.08 secs] 
2017-11-10T19:39:17.349+0500: 600.808: [Full GC (Allocation Failure) 2017-11-10T19:39:17.349+0500: 600.808: [Tenured: 349567K->349567K(349568K), 0.0802883 secs] 506815K->506808K(506816K), [Metaspace: 12960K->12960K(1060864K)], 0.0803944 secs] [Times: user=0.08 sys=0.00, real=0.08 secs] 
2017-11-10T19:39:17.430+0500: 600.889: [Full GC (Allocation Failure) 2017-11-10T19:39:17.430+0500: 600.889: [Tenured: 349567K->349567K(349568K), 0.0870897 secs] 506815K->506801K(506816K), [Metaspace: 12960K->12960K(1060864K)], 0.0872300 secs] [Times: user=0.08 sys=0.00, real=0.09 secs] 
2017-11-10T19:39:17.518+0500: 600.977: [Full GC (Allocation Failure) 2017-11-10T19:39:17.518+0500: 600.977: [Tenured: 349567K->349567K(349568K), 0.0797564 secs] 506815K->506798K(506816K), [Metaspace: 12960K->12960K(1060864K)], 0.0798458 secs] [Times: user=0.08 sys=0.00, real=0.08 secs] 
2017-11-10T19:39:17.598+0500: 601.057: [Full GC (Allocation Failure) 2017-11-10T19:39:17.598+0500: 601.057: [Tenured: 349567K->349567K(349568K), 0.0766837 secs] 506815K->506798K(506816K), [Metaspace: 12960K->12960K(1060864K)], 0.0768108 secs] [Times: user=0.08 sys=0.00, real=0.08 secs] 
2017-11-10T19:39:17.676+0500: 601.135: [Full GC (Allocation Failure) 2017-11-10T19:39:17.676+0500: 601.135: [Tenured: 349567K->349567K(349568K), 0.0842698 secs] 506815K->506808K(506816K), [Metaspace: 12960K->12960K(1060864K)], 0.0843681 secs] [Times: user=0.08 sys=0.00, real=0.08 secs] 
2017-11-10T19:39:17.760+0500: 601.219: [Full GC (Allocation Failure) 2017-11-10T19:39:17.761+0500: 601.219: [Tenured: 349567K->349567K(349568K), 0.0838322 secs] 506815K->506801K(506816K), [Metaspace: 12960K->12960K(1060864K)], 0.0839315 secs] [Times: user=0.08 sys=0.00, real=0.08 secs] 
2017-11-10T19:39:17.845+0500: 601.304: [Full GC (Allocation Failure) 2017-11-10T19:39:17.845+0500: 601.304: [Tenured: 349567K->349567K(349568K), 0.0888047 secs] 506815K->506798K(506816K), [Metaspace: 12960K->12960K(1060864K)], 0.0889274 secs] [Times: user=0.09 sys=0.00, real=0.09 secs] 
2017-11-10T19:39:17.935+0500: 601.394: [Full GC (Allocation Failure) 2017-11-10T19:39:17.935+0500: 601.394: [Tenured: 349567K->349567K(349568K), 0.0905457 secs] 506815K->506798K(506816K), [Metaspace: 12960K->12960K(1060864K)], 0.0906351 secs] [Times: user=0.08 sys=0.00, real=0.09 secs] 
2017-11-10T19:39:18.026+0500: 601.485: [Full GC (Allocation Failure) 2017-11-10T19:39:18.026+0500: 601.485: [Tenured: 349567K->349567K(349568K), 0.0905994 secs] 506815K->506808K(506816K), [Metaspace: 12960K->12960K(1060864K)], 0.0906982 secs] [Times: user=0.09 sys=0.00, real=0.09 secs] 
2017-11-10T19:39:18.117+0500: 601.576: [Full GC (Allocation Failure) 2017-11-10T19:39:18.117+0500: 601.576: [Tenured: 349567K->349567K(349568K), 0.0898236 secs] 506815K->506801K(506816K), [Metaspace: 12960K->12960K(1060864K)], 0.0899517 secs] [Times: user=0.09 sys=0.00, real=0.09 secs] 
2017-11-10T19:39:18.208+0500: 601.667: [Full GC (Allocation Failure) 2017-11-10T19:39:18.208+0500: 601.667: [Tenured: 349567K->349567K(349568K), 0.0981264 secs] 506815K->506798K(506816K), [Metaspace: 12960K->12960K(1060864K)], 0.0982359 secs] [Times: user=0.09 sys=0.00, real=0.10 secs] 
2017-11-10T19:39:18.307+0500: 601.766: [Full GC (Allocation Failure) 2017-11-10T19:39:18.307+0500: 601.766: [Tenured: 349567K->349567K(349568K), 0.0868105 secs] 506815K->506798K(506816K), [Metaspace: 12960K->12960K(1060864K)], 0.0869391 secs] [Times: user=0.09 sys=0.00, real=0.09 secs] 
2017-11-10T19:39:18.394+0500: 601.853: [Full GC (Allocation Failure) 2017-11-10T19:39:18.394+0500: 601.853: [Tenured: 349567K->349567K(349568K), 0.0842013 secs] 506815K->506808K(506816K), [Metaspace: 12960K->12960K(1060864K)], 0.0843006 secs] [Times: user=0.08 sys=0.00, real=0.09 secs] 
2017-11-10T19:39:18.479+0500: 601.938: [Full GC (Allocation Failure) 2017-11-10T19:39:18.479+0500: 601.938: [Tenured: 349567K->349567K(349568K), 0.0863598 secs] 506815K->506801K(506816K), [Metaspace: 12960K->12960K(1060864K)], 0.0865412 secs] [Times: user=0.09 sys=0.00, real=0.09 secs] 
2017-11-10T19:39:18.566+0500: 602.025: [Full GC (Allocation Failure) 2017-11-10T19:39:18.566+0500: 602.025: [Tenured: 349567K->349567K(349568K), 0.0885686 secs] 506815K->506798K(506816K), [Metaspace: 12960K->12960K(1060864K)], 0.0886551 secs] [Times: user=0.08 sys=0.00, real=0.09 secs] 
2017-11-10T19:39:18.655+0500: 602.115: [Full GC (Allocation Failure) 2017-11-10T19:39:18.656+0500: 602.115: [Tenured: 349567K->349567K(349568K), 0.0886507 secs] 506815K->506798K(506816K), [Metaspace: 12960K->12960K(1060864K)], 0.0887803 secs] [Times: user=0.09 sys=0.00, real=0.09 secs] 
2017-11-10T19:39:18.745+0500: 602.204: [Full GC (Allocation Failure) 2017-11-10T19:39:18.745+0500: 602.204: [Tenured: 349567K->349567K(349568K), 0.0860391 secs] 506815K->506808K(506816K), [Metaspace: 12960K->12960K(1060864K)], 0.0864478 secs] [Times: user=0.09 sys=0.00, real=0.09 secs] 
2017-11-10T19:39:18.833+0500: 602.292: [Full GC (Allocation Failure) 2017-11-10T19:39:18.833+0500: 602.292: [Tenured: 349567K->349567K(349568K), 0.0884625 secs] 506815K->506801K(506816K), [Metaspace: 12960K->12960K(1060864K)], 0.0885676 secs] [Times: user=0.08 sys=0.00, real=0.09 secs] 
2017-11-10T19:39:18.923+0500: 602.382: [Full GC (Allocation Failure) 2017-11-10T19:39:18.923+0500: 602.382: [Tenured: 349567K->349567K(349568K), 0.0899649 secs] 506815K->506798K(506816K), [Metaspace: 12960K->12960K(1060864K)], 0.0901985 secs] [Times: user=0.09 sys=0.00, real=0.09 secs] 
2017-11-10T19:39:19.014+0500: 602.473: [Full GC (Allocation Failure) 2017-11-10T19:39:19.014+0500: 602.473: [Tenured: 349567K->349567K(349568K), 0.0919991 secs] 506815K->506798K(506816K), [Metaspace: 12960K->12960K(1060864K)], 0.0921023 secs] [Times: user=0.09 sys=0.00, real=0.09 secs] 
2017-11-10T19:39:19.107+0500: 602.566: [Full GC (Allocation Failure) 2017-11-10T19:39:19.107+0500: 602.566: [Tenured: 349567K->349567K(349568K), 0.0916877 secs] 506815K->506808K(506816K), [Metaspace: 12960K->12960K(1060864K)], 0.0917894 secs] [Times: user=0.09 sys=0.00, real=0.09 secs] 
2017-11-10T19:39:19.199+0500: 602.658: [Full GC (Allocation Failure) 2017-11-10T19:39:19.199+0500: 602.658: [Tenured: 349567K->349567K(349568K), 0.0931959 secs] 506815K->506801K(506816K), [Metaspace: 12960K->12960K(1060864K)], 0.0933294 secs] [Times: user=0.08 sys=0.00, real=0.09 secs] 
2017-11-10T19:39:19.293+0500: 602.752: [Full GC (Allocation Failure) 2017-11-10T19:39:19.293+0500: 602.752: [Tenured: 349567K->349567K(349568K), 0.0964045 secs] 506815K->506798K(506816K), [Metaspace: 12960K->12960K(1060864K)], 0.0965257 secs] [Times: user=0.09 sys=0.00, real=0.10 secs] 
2017-11-10T19:39:19.390+0500: 602.849: [Full GC (Allocation Failure) 2017-11-10T19:39:19.390+0500: 602.849: [Tenured: 349567K->349567K(349568K), 0.0894735 secs] 506815K->506798K(506816K), [Metaspace: 12960K->12960K(1060864K)], 0.0895645 secs] [Times: user=0.09 sys=0.00, real=0.09 secs] 
2017-11-10T19:39:19.480+0500: 602.939: [Full GC (Allocation Failure) 2017-11-10T19:39:19.480+0500: 602.939: [Tenured: 349567K->349567K(349568K), 0.0909940 secs] 506815K->506808K(506816K), [Metaspace: 12960K->12960K(1060864K)], 0.0910849 secs] [Times: user=0.09 sys=0.00, real=0.09 secs] 
2017-11-10T19:39:19.572+0500: 603.031: [Full GC (Allocation Failure) 2017-11-10T19:39:19.572+0500: 603.031: [Tenured: 349567K->349567K(349568K), 0.0948826 secs] 506815K->506801K(506816K), [Metaspace: 12960K->12960K(1060864K)], 0.0949965 secs] [Times: user=0.09 sys=0.00, real=0.10 secs] 
2017-11-10T19:39:19.667+0500: 603.127: [Full GC (Allocation Failure) 2017-11-10T19:39:19.668+0500: 603.127: [Tenured: 349567K->349567K(349568K), 0.0892027 secs] 506815K->506798K(506816K), [Metaspace: 12960K->12960K(1060864K)], 0.0893181 secs] [Times: user=0.09 sys=0.00, real=0.09 secs] 
2017-11-10T19:39:19.757+0500: 603.217: [Full GC (Allocation Failure) 2017-11-10T19:39:19.757+0500: 603.217: [Tenured: 349567K->349567K(349568K), 0.0897258 secs] 506815K->506798K(506816K), [Metaspace: 12960K->12960K(1060864K)], 0.0898343 secs] [Times: user=0.09 sys=0.00, real=0.09 secs] 
2017-11-10T19:39:19.848+0500: 603.307: [Full GC (Allocation Failure) 2017-11-10T19:39:19.848+0500: 603.307: [Tenured: 349567K->349567K(349568K), 0.0904782 secs] 506815K->506808K(506816K), [Metaspace: 12960K->12960K(1060864K)], 0.0905906 secs] [Times: user=0.08 sys=0.00, real=0.09 secs] 
2017-11-10T19:39:19.939+0500: 603.398: [Full GC (Allocation Failure) 2017-11-10T19:39:19.939+0500: 603.398: [Tenured: 349567K->349567K(349568K), 0.0881144 secs] 506815K->506801K(506816K), [Metaspace: 12960K->12960K(1060864K)], 0.0882322 secs] [Times: user=0.09 sys=0.00, real=0.09 secs] 
2017-11-10T19:39:20.028+0500: 603.487: [Full GC (Allocation Failure) 2017-11-10T19:39:20.028+0500: 603.487: [Tenured: 349567K->349567K(349568K), 0.0878323 secs] 506815K->506798K(506816K), [Metaspace: 12960K->12960K(1060864K)], 0.0879281 secs] [Times: user=0.09 sys=0.00, real=0.09 secs] 
2017-11-10T19:39:20.116+0500: 603.576: [Full GC (Allocation Failure) 2017-11-10T19:39:20.116+0500: 603.576: [Tenured: 349567K->349567K(349568K), 0.0872667 secs] 506815K->506798K(506816K), [Metaspace: 12960K->12960K(1060864K)], 0.0873723 secs] [Times: user=0.08 sys=0.00, real=0.09 secs] 
2017-11-10T19:39:20.204+0500: 603.663: [Full GC (Allocation Failure) 2017-11-10T19:39:20.204+0500: 603.663: [Tenured: 349567K->349567K(349568K), 0.0784760 secs] 506815K->506808K(506816K), [Metaspace: 12960K->12960K(1060864K)], 0.0785796 secs] [Times: user=0.08 sys=0.00, real=0.08 secs] 
2017-11-10T19:39:20.283+0500: 603.742: [Full GC (Allocation Failure) 2017-11-10T19:39:20.283+0500: 603.742: [Tenured: 349567K->349567K(349568K), 0.0821060 secs] 506815K->506801K(506816K), [Metaspace: 12960K->12960K(1060864K)], 0.0821861 secs] [Times: user=0.09 sys=0.00, real=0.08 secs] 
2017-11-10T19:39:20.366+0500: 603.825: [Full GC (Allocation Failure) 2017-11-10T19:39:20.366+0500: 603.825: [Tenured: 349567K->349567K(349568K), 0.0844116 secs] 506815K->506798K(506816K), [Metaspace: 12960K->12960K(1060864K)], 0.0845103 secs] [Times: user=0.08 sys=0.00, real=0.08 secs] 
2017-11-10T19:39:20.451+0500: 603.910: [Full GC (Allocation Failure) 2017-11-10T19:39:20.451+0500: 603.910: [Tenured: 349567K->349567K(349568K), 0.0769316 secs] 506815K->506798K(506816K), [Metaspace: 12960K->12960K(1060864K)], 0.0770181 secs] [Times: user=0.08 sys=0.00, real=0.08 secs] 
2017-11-10T19:39:20.529+0500: 603.989: [Full GC (Allocation Failure) 2017-11-10T19:39:20.529+0500: 603.989: [Tenured: 349567K->349567K(349568K), 0.0775647 secs] 506815K->506808K(506816K), [Metaspace: 12960K->12960K(1060864K)], 0.0776571 secs] [Times: user=0.08 sys=0.00, real=0.08 secs] 
2017-11-10T19:39:20.607+0500: 604.067: [Full GC (Allocation Failure) 2017-11-10T19:39:20.607+0500: 604.067: [Tenured: 349567K->349567K(349568K), 0.0785816 secs] 506815K->506801K(506816K), [Metaspace: 12960K->12960K(1060864K)], 0.0786549 secs] [Times: user=0.08 sys=0.00, real=0.08 secs] 
2017-11-10T19:39:20.686+0500: 604.146: [Full GC (Allocation Failure) 2017-11-10T19:39:20.686+0500: 604.146: [Tenured: 349567K->349567K(349568K), 0.0786441 secs] 506815K->506798K(506816K), [Metaspace: 12960K->12960K(1060864K)], 0.0787160 secs] [Times: user=0.08 sys=0.00, real=0.08 secs] 
2017-11-10T19:39:20.766+0500: 604.225: [Full GC (Allocation Failure) 2017-11-10T19:39:20.766+0500: 604.225: [Tenured: 349567K->349567K(349568K), 0.0771271 secs] 506815K->506798K(506816K), [Metaspace: 12960K->12960K(1060864K)], 0.0772181 secs] [Times: user=0.08 sys=0.00, real=0.08 secs] 
2017-11-10T19:39:20.843+0500: 604.303: [Full GC (Allocation Failure) 2017-11-10T19:39:20.844+0500: 604.303: [Tenured: 349567K->349567K(349568K), 0.0792469 secs] 506815K->506808K(506816K), [Metaspace: 12960K->12960K(1060864K)], 0.0793359 secs] [Times: user=0.08 sys=0.00, real=0.08 secs] 
2017-11-10T19:39:20.924+0500: 604.383: [Full GC (Allocation Failure) 2017-11-10T19:39:20.924+0500: 604.383: [Tenured: 349567K->349567K(349568K), 0.0769325 secs] 506815K->506801K(506816K), [Metaspace: 12960K->12960K(1060864K)], 0.0770181 secs] [Times: user=0.08 sys=0.00, real=0.08 secs] 
2017-11-10T19:39:21.001+0500: 604.460: [Full GC (Allocation Failure) 2017-11-10T19:39:21.001+0500: 604.460: [Tenured: 349567K->349567K(349568K), 0.0781958 secs] 506815K->506798K(506816K), [Metaspace: 12960K->12960K(1060864K)], 0.0782638 secs] [Times: user=0.08 sys=0.00, real=0.08 secs] 
2017-11-10T19:39:21.080+0500: 604.539: [Full GC (Allocation Failure) 2017-11-10T19:39:21.080+0500: 604.539: [Tenured: 349567K->349567K(349568K), 0.0783625 secs] 506815K->506798K(506816K), [Metaspace: 12960K->12960K(1060864K)], 0.0784540 secs] [Times: user=0.08 sys=0.00, real=0.08 secs] 
2017-11-10T19:39:21.159+0500: 604.618: [Full GC (Allocation Failure) 2017-11-10T19:39:21.159+0500: 604.618: [Tenured: 349567K->349567K(349568K), 0.0789903 secs] 506815K->506808K(506816K), [Metaspace: 12960K->12960K(1060864K)], 0.0790705 secs] [Times: user=0.08 sys=0.00, real=0.08 secs] 
2017-11-10T19:39:21.238+0500: 604.697: [Full GC (Allocation Failure) 2017-11-10T19:39:21.238+0500: 604.697: [Tenured: 349567K->349567K(349568K), 0.0774185 secs] 506815K->506801K(506816K), [Metaspace: 12960K->12960K(1060864K)], 0.0775031 secs] [Times: user=0.08 sys=0.00, real=0.08 secs] 
2017-11-10T19:39:21.316+0500: 604.775: [Full GC (Allocation Failure) 2017-11-10T19:39:21.317+0500: 604.775: [Tenured: 349567K->349567K(349568K), 0.0786515 secs] 506815K->506798K(506816K), [Metaspace: 12960K->12960K(1060864K)], 0.0787835 secs] [Times: user=0.08 sys=0.00, real=0.08 secs] 
2017-11-10T19:39:21.396+0500: 604.855: [Full GC (Allocation Failure) 2017-11-10T19:39:21.396+0500: 604.855: [Tenured: 349567K->349567K(349568K), 0.0785175 secs] 506815K->506798K(506816K), [Metaspace: 12960K->12960K(1060864K)], 0.0786177 secs] [Times: user=0.08 sys=0.00, real=0.08 secs] 
2017-11-10T19:39:21.475+0500: 604.934: [Full GC (Allocation Failure) 2017-11-10T19:39:21.475+0500: 604.934: [Tenured: 349567K->349567K(349568K), 0.0768313 secs] 506815K->506808K(506816K), [Metaspace: 12960K->12960K(1060864K)], 0.0769032 secs] [Times: user=0.08 sys=0.00, real=0.08 secs] 
2017-11-10T19:39:21.552+0500: 605.011: [Full GC (Allocation Failure) 2017-11-10T19:39:21.552+0500: 605.011: [Tenured: 349567K->349567K(349568K), 0.0772987 secs] 506815K->506801K(506816K), [Metaspace: 12960K->12960K(1060864K)], 0.0773843 secs] [Times: user=0.08 sys=0.00, real=0.08 secs] 
2017-11-10T19:39:21.630+0500: 605.089: [Full GC (Allocation Failure) 2017-11-10T19:39:21.630+0500: 605.089: [Tenured: 349567K->349567K(349568K), 0.0782085 secs] 506815K->506798K(506816K), [Metaspace: 12960K->12960K(1060864K)], 0.0783127 secs] [Times: user=0.08 sys=0.00, real=0.08 secs] 
2017-11-10T19:39:21.709+0500: 605.168: [Full GC (Allocation Failure) 2017-11-10T19:39:21.709+0500: 605.168: [Tenured: 349567K->349567K(349568K), 0.0787620 secs] 506815K->506798K(506816K), [Metaspace: 12960K->12960K(1060864K)], 0.0788734 secs] [Times: user=0.08 sys=0.00, real=0.08 secs] 
2017-11-10T19:39:21.789+0500: 605.248: [Full GC (Allocation Failure) 2017-11-10T19:39:21.789+0500: 605.248: [Tenured: 349567K->349567K(349568K), 0.0806383 secs] 506815K->506808K(506816K), [Metaspace: 12960K->12960K(1060864K)], 0.0807366 secs] [Times: user=0.06 sys=0.00, real=0.08 secs] 
2017-11-10T19:39:21.870+0500: 605.329: [Full GC (Allocation Failure) 2017-11-10T19:39:21.870+0500: 605.329: [Tenured: 349567K->349567K(349568K), 0.0846325 secs] 506815K->506801K(506816K), [Metaspace: 12960K->12960K(1060864K)], 0.0847152 secs] [Times: user=0.08 sys=0.00, real=0.09 secs] 
2017-11-10T19:39:21.955+0500: 605.414: [Full GC (Allocation Failure) 2017-11-10T19:39:21.955+0500: 605.414: [Tenured: 349567K->349567K(349568K), 0.0842918 secs] 506815K->506798K(506816K), [Metaspace: 12960K->12960K(1060864K)], 0.0843813 secs] [Times: user=0.09 sys=0.00, real=0.09 secs] 
2017-11-10T19:39:22.040+0500: 605.499: [Full GC (Allocation Failure) 2017-11-10T19:39:22.040+0500: 605.499: [Tenured: 349567K->349567K(349568K), 0.0872882 secs] 506815K->506798K(506816K), [Metaspace: 12960K->12960K(1060864K)], 0.0873967 secs] [Times: user=0.08 sys=0.00, real=0.09 secs] 
2017-11-10T19:39:22.129+0500: 605.588: [Full GC (Allocation Failure) 2017-11-10T19:39:22.129+0500: 605.588: [Tenured: 349567K->349567K(349568K), 0.0860415 secs] 506815K->506808K(506816K), [Metaspace: 12960K->12960K(1060864K)], 0.0861437 secs] [Times: user=0.08 sys=0.00, real=0.09 secs] 
2017-11-10T19:39:22.216+0500: 605.675: [Full GC (Allocation Failure) 2017-11-10T19:39:22.216+0500: 605.675: [Tenured: 349567K->349567K(349568K), 0.0813751 secs] 506815K->506801K(506816K), [Metaspace: 12960K->12960K(1060864K)], 0.0814900 secs] [Times: user=0.08 sys=0.00, real=0.08 secs] 
2017-11-10T19:39:22.298+0500: 605.757: [Full GC (Allocation Failure) 2017-11-10T19:39:22.298+0500: 605.757: [Tenured: 349567K->349567K(349568K), 0.0817750 secs] 506815K->506798K(506816K), [Metaspace: 12960K->12960K(1060864K)], 0.0818781 secs] [Times: user=0.09 sys=0.00, real=0.08 secs] 
2017-11-10T19:39:22.381+0500: 605.840: [Full GC (Allocation Failure) 2017-11-10T19:39:22.381+0500: 605.840: [Tenured: 349567K->349567K(349568K), 0.0827185 secs] 506815K->506798K(506816K), [Metaspace: 12960K->12960K(1060864K)], 0.0828315 secs] [Times: user=0.08 sys=0.00, real=0.08 secs] 
2017-11-10T19:39:22.465+0500: 605.924: [Full GC (Allocation Failure) 2017-11-10T19:39:22.465+0500: 605.924: [Tenured: 349567K->349567K(349568K), 0.0832553 secs] 506815K->506808K(506816K), [Metaspace: 12960K->12960K(1060864K)], 0.0833546 secs] [Times: user=0.08 sys=0.00, real=0.08 secs] 
2017-11-10T19:39:22.549+0500: 606.008: [Full GC (Allocation Failure) 2017-11-10T19:39:22.549+0500: 606.008: [Tenured: 349567K->349567K(349568K), 0.0794811 secs] 506815K->506801K(506816K), [Metaspace: 12960K->12960K(1060864K)], 0.0796029 secs] [Times: user=0.09 sys=0.00, real=0.08 secs] 
2017-11-10T19:39:22.629+0500: 606.088: [Full GC (Allocation Failure) 2017-11-10T19:39:22.629+0500: 606.088: [Tenured: 349567K->349567K(349568K), 0.0818498 secs] 506815K->506798K(506816K), [Metaspace: 12960K->12960K(1060864K)], 0.0819554 secs] [Times: user=0.08 sys=0.00, real=0.08 secs] 
2017-11-10T19:39:22.712+0500: 606.171: [Full GC (Allocation Failure) 2017-11-10T19:39:22.712+0500: 606.171: [Tenured: 349567K->349567K(349568K), 0.0811448 secs] 506815K->506798K(506816K), [Metaspace: 12960K->12960K(1060864K)], 0.0812411 secs] [Times: user=0.08 sys=0.00, real=0.08 secs] 
2017-11-10T19:39:22.794+0500: 606.253: [Full GC (Allocation Failure) 2017-11-10T19:39:22.794+0500: 606.253: [Tenured: 349567K->349567K(349568K), 0.0857609 secs] 506815K->506808K(506816K), [Metaspace: 12960K->12960K(1060864K)], 0.0858367 secs] [Times: user=0.09 sys=0.00, real=0.09 secs] 
2017-11-10T19:39:22.880+0500: 606.339: [Full GC (Allocation Failure) 2017-11-10T19:39:22.880+0500: 606.339: [Tenured: 349567K->349567K(349568K), 0.0855649 secs] 506815K->506801K(506816K), [Metaspace: 12960K->12960K(1060864K)], 0.0856602 secs] [Times: user=0.08 sys=0.00, real=0.08 secs] 
2017-11-10T19:39:22.966+0500: 606.425: [Full GC (Allocation Failure) 2017-11-10T19:39:22.966+0500: 606.425: [Tenured: 349567K->349567K(349568K), 0.0798937 secs] 506815K->506798K(506816K), [Metaspace: 12960K->12960K(1060864K)], 0.0799749 secs] [Times: user=0.08 sys=0.00, real=0.08 secs] 
2017-11-10T19:39:23.046+0500: 606.506: [Full GC (Allocation Failure) 2017-11-10T19:39:23.046+0500: 606.506: [Tenured: 349567K->349567K(349568K), 0.0777319 secs] 506815K->506798K(506816K), [Metaspace: 12960K->12960K(1060864K)], 0.0778101 secs] [Times: user=0.08 sys=0.00, real=0.08 secs] 
2017-11-10T19:39:23.125+0500: 606.584: [Full GC (Allocation Failure) 2017-11-10T19:39:23.125+0500: 606.584: [Tenured: 349567K->349567K(349568K), 0.0857418 secs] 506815K->506808K(506816K), [Metaspace: 12960K->12960K(1060864K)], 0.0858132 secs] [Times: user=0.09 sys=0.00, real=0.09 secs] 
2017-11-10T19:39:23.211+0500: 606.670: [Full GC (Allocation Failure) 2017-11-10T19:39:23.211+0500: 606.670: [Tenured: 349567K->349567K(349568K), 0.0807889 secs] 506815K->506801K(506816K), [Metaspace: 12960K->12960K(1060864K)], 0.0808681 secs] [Times: user=0.08 sys=0.00, real=0.08 secs] 
2017-11-10T19:39:23.292+0500: 606.751: [Full GC (Allocation Failure) 2017-11-10T19:39:23.292+0500: 606.751: [Tenured: 349567K->349567K(349568K), 0.0777241 secs] 506815K->506798K(506816K), [Metaspace: 12960K->12960K(1060864K)], 0.0777974 secs] [Times: user=0.08 sys=0.00, real=0.08 secs] 
2017-11-10T19:39:23.371+0500: 606.830: [Full GC (Allocation Failure) 2017-11-10T19:39:23.371+0500: 606.830: [Tenured: 349567K->349567K(349568K), 0.0791516 secs] 506815K->506798K(506816K), [Metaspace: 12960K->12960K(1060864K)], 0.0792523 secs] [Times: user=0.08 sys=0.00, real=0.08 secs] 
2017-11-10T19:39:23.450+0500: 606.909: [Full GC (Allocation Failure) 2017-11-10T19:39:23.450+0500: 606.910: [Tenured: 349567K->349567K(349568K), 0.0768279 secs] 506815K->506808K(506816K), [Metaspace: 12960K->12960K(1060864K)], 0.0769360 secs] [Times: user=0.08 sys=0.00, real=0.08 secs] 
2017-11-10T19:39:23.528+0500: 606.987: [Full GC (Allocation Failure) 2017-11-10T19:39:23.528+0500: 606.987: [Tenured: 349567K->349567K(349568K), 0.0784310 secs] 506815K->506801K(506816K), [Metaspace: 12960K->12960K(1060864K)], 0.0785146 secs] [Times: user=0.08 sys=0.00, real=0.08 secs] 
2017-11-10T19:39:23.607+0500: 607.066: [Full GC (Allocation Failure) 2017-11-10T19:39:23.607+0500: 607.066: [Tenured: 349567K->349567K(349568K), 0.0772308 secs] 506815K->506798K(506816K), [Metaspace: 12960K->12960K(1060864K)], 0.0773373 secs] [Times: user=0.08 sys=0.00, real=0.08 secs] 
2017-11-10T19:39:23.684+0500: 607.144: [Full GC (Allocation Failure) 2017-11-10T19:39:23.684+0500: 607.144: [Tenured: 349567K->349567K(349568K), 0.0773119 secs] 506815K->506798K(506816K), [Metaspace: 12960K->12960K(1060864K)], 0.0773813 secs] [Times: user=0.08 sys=0.00, real=0.08 secs] 
2017-11-10T19:39:23.762+0500: 607.222: [Full GC (Allocation Failure) 2017-11-10T19:39:23.762+0500: 607.222: [Tenured: 349567K->349567K(349568K), 0.0777641 secs] 506815K->506808K(506816K), [Metaspace: 12960K->12960K(1060864K)], 0.0778673 secs] [Times: user=0.08 sys=0.00, real=0.08 secs] 
2017-11-10T19:39:23.841+0500: 607.300: [Full GC (Allocation Failure) 2017-11-10T19:39:23.841+0500: 607.300: [Tenured: 349567K->349567K(349568K), 0.0787488 secs] 506815K->506801K(506816K), [Metaspace: 12960K->12960K(1060864K)], 0.0788641 secs] [Times: user=0.08 sys=0.00, real=0.08 secs] 
2017-11-10T19:39:23.920+0500: 607.379: [Full GC (Allocation Failure) 2017-11-10T19:39:23.920+0500: 607.379: [Tenured: 349567K->349567K(349568K), 0.0777710 secs] 506815K->506798K(506816K), [Metaspace: 12960K->12960K(1060864K)], 0.0778653 secs] [Times: user=0.08 sys=0.00, real=0.08 secs] 
2017-11-10T19:39:23.998+0500: 607.458: [Full GC (Allocation Failure) 2017-11-10T19:39:23.998+0500: 607.458: [Tenured: 349567K->349567K(349568K), 0.0803787 secs] 506815K->506798K(506816K), [Metaspace: 12960K->12960K(1060864K)], 0.0804838 secs] [Times: user=0.08 sys=0.00, real=0.08 secs] 
2017-11-10T19:39:24.079+0500: 607.539: [Full GC (Allocation Failure) 2017-11-10T19:39:24.079+0500: 607.539: [Tenured: 349567K->349567K(349568K), 0.0786916 secs] 506815K->506808K(506816K), [Metaspace: 12960K->12960K(1060864K)], 0.0787722 secs] [Times: user=0.08 sys=0.00, real=0.08 secs] 
2017-11-10T19:39:24.158+0500: 607.618: [Full GC (Allocation Failure) 2017-11-10T19:39:24.158+0500: 607.618: [Tenured: 349567K->349567K(349568K), 0.0820287 secs] 506815K->506801K(506816K), [Metaspace: 12960K->12960K(1060864K)], 0.0821040 secs] [Times: user=0.09 sys=0.00, real=0.08 secs] 
2017-11-10T19:39:24.241+0500: 607.700: [Full GC (Allocation Failure) 2017-11-10T19:39:24.241+0500: 607.700: [Tenured: 349567K->349567K(349568K), 0.1014117 secs] 506815K->506798K(506816K), [Metaspace: 12960K->12960K(1060864K)], 0.1015173 secs] [Times: user=0.06 sys=0.00, real=0.10 secs] 
2017-11-10T19:39:24.344+0500: 607.803: [Full GC (Allocation Failure) 2017-11-10T19:39:24.344+0500: 607.804: [Tenured: 349567K->349567K(349568K), 0.0866639 secs] 506815K->506798K(506816K), [Metaspace: 12960K->12960K(1060864K)], 0.0867651 secs] [Times: user=0.09 sys=0.00, real=0.09 secs] 
2017-11-10T19:39:24.432+0500: 607.891: [Full GC (Allocation Failure) 2017-11-10T19:39:24.432+0500: 607.891: [Tenured: 349567K->349567K(349568K), 0.0914745 secs] 506815K->506808K(506816K), [Metaspace: 12960K->12960K(1060864K)], 0.0916041 secs] [Times: user=0.08 sys=0.00, real=0.09 secs] 
2017-11-10T19:39:24.524+0500: 607.983: [Full GC (Allocation Failure) 2017-11-10T19:39:24.524+0500: 607.983: [Tenured: 349567K->349567K(349568K), 0.0949672 secs] 506815K->506801K(506816K), [Metaspace: 12960K->12960K(1060864K)], 0.0951016 secs] [Times: user=0.09 sys=0.00, real=0.10 secs] 
2017-11-10T19:39:24.621+0500: 608.080: [Full GC (Allocation Failure) 2017-11-10T19:39:24.621+0500: 608.080: [Tenured: 349567K->349567K(349568K), 0.1009986 secs] 506815K->506798K(506816K), [Metaspace: 12960K->12960K(1060864K)], 0.1011013 secs] [Times: user=0.11 sys=0.00, real=0.10 secs] 
2017-11-10T19:39:24.723+0500: 608.182: [Full GC (Allocation Failure) 2017-11-10T19:39:24.723+0500: 608.182: [Tenured: 349567K->349567K(349568K), 0.0987345 secs] 506815K->506798K(506816K), [Metaspace: 12960K->12960K(1060864K)], 0.0988460 secs] [Times: user=0.09 sys=0.00, real=0.10 secs] 
2017-11-10T19:39:24.823+0500: 608.282: [Full GC (Allocation Failure) 2017-11-10T19:39:24.823+0500: 608.282: [Tenured: 349567K->349567K(349568K), 0.0884214 secs] 506815K->506808K(506816K), [Metaspace: 12960K->12960K(1060864K)], 0.0885089 secs] [Times: user=0.09 sys=0.00, real=0.09 secs] 
2017-11-10T19:39:24.914+0500: 608.373: [Full GC (Allocation Failure) 2017-11-10T19:39:24.914+0500: 608.373: [Tenured: 349567K->349567K(349568K), 0.0876153 secs] 506815K->506801K(506816K), [Metaspace: 12960K->12960K(1060864K)], 0.0877081 secs] [Times: user=0.08 sys=0.00, real=0.09 secs] 
2017-11-10T19:39:25.003+0500: 608.461: [Full GC (Allocation Failure) 2017-11-10T19:39:25.003+0500: 608.461: [Tenured: 349567K->349567K(349568K), 0.0968817 secs] 506815K->506798K(506816K), [Metaspace: 12960K->12960K(1060864K)], 0.0969657 secs] [Times: user=0.08 sys=0.00, real=0.10 secs] 
2017-11-10T19:39:25.100+0500: 608.559: [Full GC (Allocation Failure) 2017-11-10T19:39:25.100+0500: 608.559: [Tenured: 349567K->349567K(349568K), 0.0911524 secs] 506815K->506798K(506816K), [Metaspace: 12960K->12960K(1060864K)], 0.0912629 secs] [Times: user=0.09 sys=0.00, real=0.09 secs] 
2017-11-10T19:39:25.192+0500: 608.651: [Full GC (Allocation Failure) 2017-11-10T19:39:25.192+0500: 608.651: [Tenured: 349567K->349567K(349568K), 0.0949696 secs] 506815K->506808K(506816K), [Metaspace: 12960K->12960K(1060864K)], 0.0950610 secs] [Times: user=0.09 sys=0.00, real=0.10 secs] 
2017-11-10T19:39:25.288+0500: 608.747: [Full GC (Allocation Failure) 2017-11-10T19:39:25.288+0500: 608.747: [Tenured: 349567K->349567K(349568K), 0.0900260 secs] 506815K->506801K(506816K), [Metaspace: 12960K->12960K(1060864K)], 0.0901174 secs] [Times: user=0.09 sys=0.00, real=0.09 secs] 
2017-11-10T19:39:25.379+0500: 608.838: [Full GC (Allocation Failure) 2017-11-10T19:39:25.379+0500: 608.838: [Tenured: 349567K->349567K(349568K), 0.0923506 secs] 506815K->506798K(506816K), [Metaspace: 12960K->12960K(1060864K)], 0.0924611 secs] [Times: user=0.09 sys=0.00, real=0.09 secs] 
2017-11-10T19:39:25.472+0500: 608.931: [Full GC (Allocation Failure) 2017-11-10T19:39:25.472+0500: 608.931: [Tenured: 349567K->349567K(349568K), 0.0913606 secs] 506815K->506798K(506816K), [Metaspace: 12960K->12960K(1060864K)], 0.0914701 secs] [Times: user=0.08 sys=0.00, real=0.09 secs] 
2017-11-10T19:39:25.564+0500: 609.023: [Full GC (Allocation Failure) 2017-11-10T19:39:25.564+0500: 609.023: [Tenured: 349567K->349567K(349568K), 0.0920387 secs] 506815K->506808K(506816K), [Metaspace: 12960K->12960K(1060864K)], 0.0921272 secs] [Times: user=0.09 sys=0.00, real=0.09 secs] 
2017-11-10T19:39:25.657+0500: 609.116: [Full GC (Allocation Failure) 2017-11-10T19:39:25.657+0500: 609.116: [Tenured: 349567K->349567K(349568K), 0.0917390 secs] 506815K->506801K(506816K), [Metaspace: 12960K->12960K(1060864K)], 0.0918476 secs] [Times: user=0.09 sys=0.00, real=0.09 secs] 
2017-11-10T19:39:25.749+0500: 609.208: [Full GC (Allocation Failure) 2017-11-10T19:39:25.749+0500: 609.208: [Tenured: 349567K->349567K(349568K), 0.0923423 secs] 506815K->506798K(506816K), [Metaspace: 12960K->12960K(1060864K)], 0.0924562 secs] [Times: user=0.09 sys=0.00, real=0.09 secs] 
2017-11-10T19:39:25.842+0500: 609.301: [Full GC (Allocation Failure) 2017-11-10T19:39:25.843+0500: 609.302: [Tenured: 349567K->349567K(349568K), 0.0883056 secs] 506815K->506798K(506816K), [Metaspace: 12960K->12960K(1060864K)], 0.0884170 secs] [Times: user=0.09 sys=0.00, real=0.09 secs] 
2017-11-10T19:39:25.932+0500: 609.391: [Full GC (Allocation Failure) 2017-11-10T19:39:25.932+0500: 609.391: [Tenured: 349567K->349567K(349568K), 0.0844517 secs] 506815K->506808K(506816K), [Metaspace: 12960K->12960K(1060864K)], 0.0845421 secs] [Times: user=0.08 sys=0.00, real=0.09 secs] 
2017-11-10T19:39:26.017+0500: 609.476: [Full GC (Allocation Failure) 2017-11-10T19:39:26.017+0500: 609.476: [Tenured: 349567K->349567K(349568K), 0.0887514 secs] 506815K->506801K(506816K), [Metaspace: 12960K->12960K(1060864K)], 0.0888414 secs] [Times: user=0.09 sys=0.00, real=0.09 secs] 
2017-11-10T19:39:26.106+0500: 609.565: [Full GC (Allocation Failure) 2017-11-10T19:39:26.106+0500: 609.565: [Tenured: 349567K->349567K(349568K), 0.0941356 secs] 506815K->506798K(506816K), [Metaspace: 12960K->12960K(1060864K)], 0.0942231 secs] [Times: user=0.09 sys=0.00, real=0.10 secs] 
2017-11-10T19:39:26.201+0500: 609.660: [Full GC (Allocation Failure) 2017-11-10T19:39:26.201+0500: 609.660: [Tenured: 349567K->349567K(349568K), 0.0921556 secs] 506815K->506798K(506816K), [Metaspace: 12960K->12960K(1060864K)], 0.0922724 secs] [Times: user=0.09 sys=0.00, real=0.09 secs] 
2017-11-10T19:39:26.295+0500: 609.754: [Full GC (Allocation Failure) 2017-11-10T19:39:26.295+0500: 609.754: [Tenured: 349567K->349567K(349568K), 0.0927413 secs] 506815K->506808K(506816K), [Metaspace: 12960K->12960K(1060864K)], 0.0928469 secs] [Times: user=0.08 sys=0.00, real=0.09 secs] 
2017-11-10T19:39:26.388+0500: 609.847: [Full GC (Allocation Failure) 2017-11-10T19:39:26.388+0500: 609.847: [Tenured: 349567K->349567K(349568K), 0.0894065 secs] 506815K->506801K(506816K), [Metaspace: 12960K->12960K(1060864K)], 0.0894843 secs] [Times: user=0.09 sys=0.00, real=0.09 secs] 
2017-11-10T19:39:26.478+0500: 609.937: [Full GC (Allocation Failure) 2017-11-10T19:39:26.478+0500: 609.937: [Tenured: 349567K->349567K(349568K), 0.0894779 secs] 506815K->506798K(506816K), [Metaspace: 12960K->12960K(1060864K)], 0.0895737 secs] [Times: user=0.09 sys=0.00, real=0.09 secs] 
2017-11-10T19:39:26.568+0500: 610.027: [Full GC (Allocation Failure) 2017-11-10T19:39:26.568+0500: 610.027: [Tenured: 349567K->349567K(349568K), 0.0910311 secs] 506815K->506798K(506816K), [Metaspace: 12960K->12960K(1060864K)], 0.0911397 secs] [Times: user=0.09 sys=0.00, real=0.09 secs] 
2017-11-10T19:39:26.660+0500: 610.119: [Full GC (Allocation Failure) 2017-11-10T19:39:26.660+0500: 610.119: [Tenured: 349568K->349568K(349568K), 0.0904523 secs] 506815K->506807K(506816K), [Metaspace: 12960K->12960K(1060864K)], 0.0905936 secs] [Times: user=0.08 sys=0.00, real=0.09 secs] 
2017-11-10T19:39:26.751+0500: 610.210: [Full GC (Allocation Failure) 2017-11-10T19:39:26.751+0500: 610.210: [Tenured: 349568K->349567K(349568K), 0.0932125 secs] 506815K->506811K(506816K), [Metaspace: 12960K->12960K(1060864K)], 0.0933118 secs] [Times: user=0.09 sys=0.00, real=0.09 secs] 
2017-11-10T19:39:26.845+0500: 610.304: [Full GC (Allocation Failure) 2017-11-10T19:39:26.845+0500: 610.304: [Tenured: 349567K->349567K(349568K), 0.0925814 secs] 506815K->506815K(506816K), [Metaspace: 12960K->12960K(1060864K)], 0.0926929 secs] [Times: user=0.09 sys=0.00, real=0.09 secs] 
2017-11-10T19:39:26.938+0500: 610.397: [Full GC (Allocation Failure) 2017-11-10T19:39:26.938+0500: 610.397: [Tenured: 349567K->349567K(349568K), 0.0981816 secs] 506815K->506815K(506816K), [Metaspace: 12960K->12960K(1060864K)], 0.0982711 secs] [Times: user=0.11 sys=0.00, real=0.10 secs] 
2017-11-10T19:39:27.037+0500: 610.496: [Full GC (Allocation Failure) 2017-11-10T19:39:27.037+0500: 610.496: [Tenured: 349567K->349567K(349568K), 0.0959141 secs] 506815K->506815K(506816K), [Metaspace: 12960K->12960K(1060864K)], 0.0960051 secs] [Times: user=0.09 sys=0.00, real=0.10 secs] 
2017-11-10T19:39:27.133+0500: 610.592: [Full GC (Allocation Failure) 2017-11-10T19:39:27.133+0500: 610.592: [Tenured: 349567K->349567K(349568K), 0.0946064 secs] 506815K->506814K(506816K), [Metaspace: 12960K->12960K(1060864K)], 0.0947002 secs] [Times: user=0.09 sys=0.00, real=0.10 secs] 
2017-11-10T19:39:27.228+0500: 610.687: [Full GC (Allocation Failure) 2017-11-10T19:39:27.228+0500: 610.687: [Tenured: 349567K->349567K(349568K), 0.0945203 secs] 506815K->506804K(506816K), [Metaspace: 12960K->12960K(1060864K)], 0.0946577 secs] [Times: user=0.09 sys=0.00, real=0.10 secs] 
2017-11-10T19:39:27.323+0500: 610.782: [Full GC (Allocation Failure) 2017-11-10T19:39:27.323+0500: 610.782: [Tenured: 349567K->349567K(349568K), 0.0803445 secs] 506815K->506810K(506816K), [Metaspace: 12960K->12960K(1060864K)], 0.0804560 secs] [Times: user=0.08 sys=0.00, real=0.08 secs] 
2017-11-10T19:39:27.404+0500: 610.863: [Full GC (Allocation Failure) 2017-11-10T19:39:27.404+0500: 610.863: [Tenured: 349568K->349568K(349568K), 0.0774674 secs] 506815K->506813K(506816K), [Metaspace: 12960K->12960K(1060864K)], 0.0775481 secs] [Times: user=0.08 sys=0.00, real=0.08 secs] 
2017-11-10T19:39:27.482+0500: 610.941: [Full GC (Allocation Failure) 2017-11-10T19:39:27.482+0500: 610.941: [Tenured: 349568K->349567K(349568K), 0.0769130 secs] 506815K->506814K(506816K), [Metaspace: 12960K->12960K(1060864K)], 0.0769966 secs] [Times: user=0.08 sys=0.00, real=0.08 secs] 
2017-11-10T19:39:27.559+0500: 611.018: [Full GC (Allocation Failure) 2017-11-10T19:39:27.559+0500: 611.018: [Tenured: 349567K->349567K(349568K), 0.0768181 secs] 506815K->506815K(506816K), [Metaspace: 12960K->12960K(1060864K)], 0.0769252 secs] [Times: user=0.08 sys=0.00, real=0.08 secs] 
2017-11-10T19:39:27.636+0500: 611.096: [Full GC (Allocation Failure) 2017-11-10T19:39:27.636+0500: 611.096: [Tenured: 349567K->349567K(349568K), 0.0779196 secs] 506815K->506815K(506816K), [Metaspace: 12960K->12960K(1060864K)], 0.0780599 secs] [Times: user=0.08 sys=0.00, real=0.08 secs] 
2017-11-10T19:39:27.715+0500: 611.174: [Full GC (Allocation Failure) 2017-11-10T19:39:27.715+0500: 611.174: [Tenured: 349567K->349567K(349568K), 0.0789521 secs] 506815K->506815K(506816K), [Metaspace: 12960K->12960K(1060864K)], 0.0790827 secs] [Times: user=0.08 sys=0.00, real=0.08 secs] 
2017-11-10T19:39:27.794+0500: 611.253: [Full GC (Allocation Failure) 2017-11-10T19:39:27.794+0500: 611.253: [Tenured: 349567K->349567K(349568K), 0.0785615 secs] 506815K->506806K(506816K), [Metaspace: 12960K->12960K(1060864K)], 0.0786363 secs] [Times: user=0.08 sys=0.00, real=0.08 secs] 
2017-11-10T19:39:27.873+0500: 611.332: [Full GC (Allocation Failure) 2017-11-10T19:39:27.873+0500: 611.332: [Tenured: 349567K->349567K(349568K), 0.0820835 secs] 506815K->506800K(506816K), [Metaspace: 12963K->12963K(1060864K)], 0.0821847 secs] [Times: user=0.09 sys=0.00, real=0.08 secs] 
2017-11-10T19:39:27.956+0500: 611.415: [Full GC (Allocation Failure) 2017-11-10T19:39:27.956+0500: 611.415: [Tenured: 349567K->349567K(349568K), 0.0806926 secs] 506815K->506798K(506816K), [Metaspace: 12963K->12963K(1060864K)], 0.0807879 secs] [Times: user=0.08 sys=0.00, real=0.08 secs] 
2017-11-10T19:39:28.037+0500: 611.497: [Full GC (Allocation Failure) 2017-11-10T19:39:28.037+0500: 611.497: [Tenured: 349567K->349567K(349568K), 0.0791037 secs] 506815K->506807K(506816K), [Metaspace: 12963K->12963K(1060864K)], 0.0791844 secs] [Times: user=0.08 sys=0.00, real=0.08 secs] 
2017-11-10T19:39:28.117+0500: 611.576: [Full GC (Allocation Failure) 2017-11-10T19:39:28.117+0500: 611.576: [Tenured: 349567K->349567K(349568K), 0.0760838 secs] 506815K->506801K(506816K), [Metaspace: 12963K->12963K(1060864K)], 0.0761650 secs] [Times: user=0.08 sys=0.00, real=0.08 secs] 
2017-11-10T19:39:28.193+0500: 611.653: [Full GC (Allocation Failure) 2017-11-10T19:39:28.193+0500: 611.653: [Tenured: 349567K->349567K(349568K), 0.0789023 secs] 506815K->506811K(506816K), [Metaspace: 12963K->12963K(1060864K)], 0.0790113 secs] [Times: user=0.08 sys=0.00, real=0.08 secs] 
2017-11-10T19:39:28.273+0500: 611.732: [Full GC (Allocation Failure) 2017-11-10T19:39:28.273+0500: 611.732: [Tenured: 349568K->349568K(349568K), 0.0792714 secs] 506815K->506814K(506816K), [Metaspace: 12963K->12963K(1060864K)], 0.0793829 secs] [Times: user=0.08 sys=0.00, real=0.08 secs] 
2017-11-10T19:39:28.352+0500: 611.812: [Full GC (Allocation Failure) 2017-11-10T19:39:28.352+0500: 611.812: [Tenured: 349568K->349568K(349568K), 0.0770113 secs] 506815K->506815K(506816K), [Metaspace: 12963K->12963K(1060864K)], 0.0770988 secs] [Times: user=0.08 sys=0.00, real=0.08 secs] 
2017-11-10T19:39:28.430+0500: 611.889: [Full GC (Allocation Failure) 2017-11-10T19:39:28.430+0500: 611.889: [Tenured: 349568K->349567K(349568K), 0.0776321 secs] 506815K->506815K(506816K), [Metaspace: 12963K->12963K(1060864K)], 0.0777265 secs] [Times: user=0.08 sys=0.00, real=0.08 secs] 
2017-11-10T19:39:28.508+0500: 611.967: [Full GC (Allocation Failure) 2017-11-10T19:39:28.508+0500: 611.967: [Tenured: 349568K->349568K(349568K), 0.0778345 secs] 506815K->506815K(506816K), [Metaspace: 12963K->12963K(1060864K)], 0.0779074 secs] [Times: user=0.08 sys=0.00, real=0.08 secs] 
2017-11-10T19:39:28.586+0500: 612.045: [Full GC (Allocation Failure) 2017-11-10T19:39:28.586+0500: 612.045: [Tenured: 349568K->349568K(349568K), 0.0816850 secs] 506815K->506815K(506816K), [Metaspace: 12963K->12963K(1060864K)], 0.0817862 secs] [Times: user=0.08 sys=0.00, real=0.08 secs] 
2017-11-10T19:39:28.668+0500: 612.127: [Full GC (Allocation Failure) 2017-11-10T19:39:28.668+0500: 612.127: [Tenured: 349568K->349568K(349568K), 0.0770088 secs] 506815K->506815K(506816K), [Metaspace: 12963K->12963K(1060864K)], 0.0770983 secs] [Times: user=0.08 sys=0.00, real=0.08 secs] 
2017-11-10T19:39:28.746+0500: 612.205: [Full GC (Allocation Failure) 2017-11-10T19:39:28.746+0500: 612.205: [Tenured: 349568K->349568K(349568K), 0.0783581 secs] 506815K->506815K(506816K), [Metaspace: 12963K->12963K(1060864K)], 0.0785043 secs] [Times: user=0.08 sys=0.00, real=0.08 secs] 
2017-11-10T19:39:28.824+0500: 612.283: [Full GC (Allocation Failure) 2017-11-10T19:39:28.824+0500: 612.283: [Tenured: 349568K->349568K(349568K), 0.0775300 secs] 506815K->506815K(506816K), [Metaspace: 12963K->12963K(1060864K)], 0.0776165 secs] [Times: user=0.08 sys=0.00, real=0.08 secs] 
2017-11-10T19:39:28.902+0500: 612.361: [Full GC (Allocation Failure) 2017-11-10T19:39:28.902+0500: 612.361: [Tenured: 349568K->349568K(349568K), 0.0781597 secs] 506815K->506815K(506816K), [Metaspace: 12963K->12963K(1060864K)], 0.0782423 secs] [Times: user=0.08 sys=0.00, real=0.08 secs] 
2017-11-10T19:39:28.981+0500: 612.439: [Full GC (Allocation Failure) 2017-11-10T19:39:28.981+0500: 612.439: [Tenured: 349568K->349568K(349568K), 0.0769350 secs] 506815K->506814K(506816K), [Metaspace: 12963K->12963K(1060864K)], 0.0770117 secs] [Times: user=0.08 sys=0.00, real=0.08 secs] 
2017-11-10T19:39:29.058+0500: 612.517: [Full GC (Allocation Failure) 2017-11-10T19:39:29.058+0500: 612.517: [Tenured: 349568K->349567K(349568K), 0.0773021 secs] 506815K->506815K(506816K), [Metaspace: 12963K->12963K(1060864K)], 0.0774014 secs] [Times: user=0.08 sys=0.00, real=0.08 secs] 
2017-11-10T19:39:29.135+0500: 612.594: [Full GC (Allocation Failure) 2017-11-10T19:39:29.136+0500: 612.594: [Tenured: 349567K->349567K(349568K), 0.0759489 secs] 506815K->506813K(506816K), [Metaspace: 12963K->12963K(1060864K)], 0.0760384 secs] [Times: user=0.08 sys=0.00, real=0.08 secs] 
2017-11-10T19:39:29.213+0500: 612.672: [Full GC (Allocation Failure) 2017-11-10T19:39:29.213+0500: 612.672: [Tenured: 349567K->349567K(349568K), 0.0778458 secs] 506815K->506815K(506816K), [Metaspace: 12963K->12963K(1060864K)], 0.0779602 secs] [Times: user=0.08 sys=0.00, real=0.08 secs] 
2017-11-10T19:39:29.291+0500: 612.750: [Full GC (Allocation Failure) 2017-11-10T19:39:29.291+0500: 612.750: [Tenured: 349567K->349567K(349568K), 0.0769482 secs] 506815K->506815K(506816K), [Metaspace: 12963K->12963K(1060864K)], 0.0770333 secs] [Times: user=0.08 sys=0.00, real=0.08 secs] 
2017-11-10T19:39:29.368+0500: 612.827: [Full GC (Allocation Failure) 2017-11-10T19:39:29.368+0500: 612.827: [Tenured: 349567K->349567K(349568K), 0.0797109 secs] 506815K->506815K(506816K), [Metaspace: 12963K->12963K(1060864K)], 0.0798160 secs] [Times: user=0.08 sys=0.00, real=0.08 secs] 
2017-11-10T19:39:29.448+0500: 612.907: [Full GC (Allocation Failure) 2017-11-10T19:39:29.448+0500: 612.907: [Tenured: 349567K->349567K(349568K), 0.0761112 secs] 506815K->506815K(506816K), [Metaspace: 12963K->12963K(1060864K)], 0.0761924 secs] [Times: user=0.08 sys=0.00, real=0.08 secs] 
2017-11-10T19:39:29.525+0500: 612.984: [Full GC (Allocation Failure) 2017-11-10T19:39:29.525+0500: 612.984: [Tenured: 349567K->349567K(349568K), 0.0765004 secs] 506815K->506815K(506816K), [Metaspace: 12963K->12963K(1060864K)], 0.0765791 secs] [Times: user=0.08 sys=0.00, real=0.08 secs] 
2017-11-10T19:39:29.601+0500: 613.060: [Full GC (Allocation Failure) 2017-11-10T19:39:29.601+0500: 613.060: [Tenured: 349567K->349567K(349568K), 0.0764495 secs] 506815K->506806K(506816K), [Metaspace: 12963K->12963K(1060864K)], 0.0765233 secs] [Times: user=0.08 sys=0.00, real=0.08 secs] 
2017-11-10T19:39:29.679+0500: 613.138: [Full GC (Allocation Failure) 2017-11-10T19:39:29.679+0500: 613.138: [Tenured: 349567K->349567K(349568K), 0.0804530 secs] 506815K->506800K(506816K), [Metaspace: 12963K->12963K(1060864K)], 0.0805640 secs] [Times: user=0.06 sys=0.00, real=0.08 secs] 
2017-11-10T19:39:29.760+0500: 613.219: [Full GC (Allocation Failure) 2017-11-10T19:39:29.760+0500: 613.219: [Tenured: 349567K->349567K(349568K), 0.0780350 secs] 506815K->506799K(506816K), [Metaspace: 12963K->12963K(1060864K)], 0.0781181 secs] [Times: user=0.08 sys=0.00, real=0.08 secs] 
2017-11-10T19:39:29.838+0500: 613.297: [Full GC (Allocation Failure) 2017-11-10T19:39:29.838+0500: 613.297: [Tenured: 349567K->349567K(349568K), 0.0785400 secs] 506815K->506797K(506816K), [Metaspace: 12963K->12963K(1060864K)], 0.0786402 secs] [Times: user=0.08 sys=0.00, real=0.08 secs] 
2017-11-10T19:39:29.917+0500: 613.376: [Full GC (Allocation Failure) 2017-11-10T19:39:29.917+0500: 613.376: [Tenured: 349567K->349567K(349568K), 0.0761811 secs] 506815K->506808K(506816K), [Metaspace: 12963K->12963K(1060864K)], 0.0762677 secs] [Times: user=0.08 sys=0.00, real=0.08 secs] 
2017-11-10T19:39:29.994+0500: 613.453: [Full GC (Allocation Failure) 2017-11-10T19:39:29.994+0500: 613.453: [Tenured: 349567K->349567K(349568K), 0.0784799 secs] 506815K->506801K(506816K), [Metaspace: 12963K->12963K(1060864K)], 0.0786138 secs] [Times: user=0.08 sys=0.00, real=0.08 secs] 
2017-11-10T19:39:30.073+0500: 613.532: [Full GC (Allocation Failure) 2017-11-10T19:39:30.073+0500: 613.532: [Tenured: 349568K->349568K(349568K), 0.0769242 secs] 506815K->506798K(506816K), [Metaspace: 12963K->12963K(1060864K)], 0.0770044 secs] [Times: user=0.08 sys=0.00, real=0.08 secs] 
2017-11-10T19:39:30.151+0500: 613.610: [Full GC (Allocation Failure) 2017-11-10T19:39:30.151+0500: 613.610: [Tenured: 349568K->349568K(349568K), 0.0757025 secs] 506815K->506798K(506816K), [Metaspace: 12963K->12963K(1060864K)], 0.0758081 secs] [Times: user=0.08 sys=0.00, real=0.08 secs] 
2017-11-10T19:39:30.227+0500: 613.686: [Full GC (Allocation Failure) 2017-11-10T19:39:30.227+0500: 613.686: [Tenured: 349568K->349568K(349568K), 0.0776043 secs] 506815K->506808K(506816K), [Metaspace: 12963K->12963K(1060864K)], 0.0776903 secs] [Times: user=0.08 sys=0.00, real=0.08 secs] 
2017-11-10T19:39:30.305+0500: 613.764: [Full GC (Allocation Failure) 2017-11-10T19:39:30.305+0500: 613.764: [Tenured: 349568K->349567K(349568K), 0.0782296 secs] 506815K->506801K(506816K), [Metaspace: 12963K->12963K(1060864K)], 0.0783542 secs] [Times: user=0.08 sys=0.00, real=0.08 secs] 
2017-11-10T19:39:30.384+0500: 613.843: [Full GC (Allocation Failure) 2017-11-10T19:39:30.384+0500: 613.843: [Tenured: 349568K->349568K(349568K), 0.0765942 secs] 506815K->506798K(506816K), [Metaspace: 12963K->12963K(1060864K)], 0.0766690 secs] [Times: user=0.08 sys=0.00, real=0.08 secs] 
2017-11-10T19:39:30.462+0500: 613.921: [Full GC (Allocation Failure) 2017-11-10T19:39:30.462+0500: 613.921: [Tenured: 349568K->349568K(349568K), 0.0819657 secs] 506815K->506798K(506816K), [Metaspace: 12963K->12963K(1060864K)], 0.0820732 secs] [Times: user=0.08 sys=0.00, real=0.08 secs] 
2017-11-10T19:39:30.544+0500: 614.003: [Full GC (Allocation Failure) 2017-11-10T19:39:30.544+0500: 614.003: [Tenured: 349568K->349568K(349568K), 0.0820786 secs] 506815K->506808K(506816K), [Metaspace: 12963K->12963K(1060864K)], 0.0821857 secs] [Times: user=0.08 sys=0.00, real=0.08 secs] 
2017-11-10T19:39:30.627+0500: 614.086: [Full GC (Allocation Failure) 2017-11-10T19:39:30.627+0500: 614.086: [Tenured: 349568K->349567K(349568K), 0.0840278 secs] 506815K->506801K(506816K), [Metaspace: 12963K->12963K(1060864K)], 0.0841314 secs] [Times: user=0.09 sys=0.00, real=0.08 secs] 
2017-11-10T19:39:30.712+0500: 614.171: [Full GC (Allocation Failure) 2017-11-10T19:39:30.712+0500: 614.171: [Tenured: 349568K->349568K(349568K), 0.0842248 secs] 506815K->506798K(506816K), [Metaspace: 12963K->12963K(1060864K)], 0.0843353 secs] [Times: user=0.08 sys=0.00, real=0.08 secs] 
2017-11-10T19:39:30.797+0500: 614.256: [Full GC (Allocation Failure) 2017-11-10T19:39:30.797+0500: 614.256: [Tenured: 349568K->349568K(349568K), 0.0819510 secs] 506815K->506798K(506816K), [Metaspace: 12963K->12963K(1060864K)], 0.0820468 secs] [Times: user=0.09 sys=0.00, real=0.08 secs] 
2017-11-10T19:39:30.880+0500: 614.339: [Full GC (Allocation Failure) 2017-11-10T19:39:30.880+0500: 614.339: [Tenured: 349568K->349568K(349568K), 0.0817232 secs] 506815K->506808K(506816K), [Metaspace: 12963K->12963K(1060864K)], 0.0817999 secs] [Times: user=0.08 sys=0.00, real=0.08 secs] 
2017-11-10T19:39:30.962+0500: 614.421: [Full GC (Allocation Failure) 2017-11-10T19:39:30.962+0500: 614.421: [Tenured: 349568K->349567K(349568K), 0.0815555 secs] 506815K->506801K(506816K), [Metaspace: 12963K->12963K(1060864K)], 0.0816562 secs] [Times: user=0.08 sys=0.00, real=0.08 secs] 
2017-11-10T19:39:31.044+0500: 614.503: [Full GC (Allocation Failure) 2017-11-10T19:39:31.044+0500: 614.503: [Tenured: 349568K->349568K(349568K), 0.0786539 secs] 506815K->506798K(506816K), [Metaspace: 12963K->12963K(1060864K)], 0.0787546 secs] [Times: user=0.08 sys=0.00, real=0.08 secs] 
2017-11-10T19:39:31.123+0500: 614.582: [Full GC (Allocation Failure) 2017-11-10T19:39:31.123+0500: 614.582: [Tenured: 349568K->349568K(349568K), 0.0776600 secs] 506815K->506798K(506816K), [Metaspace: 12963K->12963K(1060864K)], 0.0777348 secs] [Times: user=0.08 sys=0.00, real=0.08 secs] 
2017-11-10T19:39:31.202+0500: 614.661: [Full GC (Allocation Failure) 2017-11-10T19:39:31.202+0500: 614.661: [Tenured: 349568K->349568K(349568K), 0.0776121 secs] 506815K->506808K(506816K), [Metaspace: 12963K->12963K(1060864K)], 0.0777109 secs] [Times: user=0.08 sys=0.00, real=0.08 secs] 
2017-11-10T19:39:31.280+0500: 614.739: [Full GC (Allocation Failure) 2017-11-10T19:39:31.280+0500: 614.739: [Tenured: 349568K->349567K(349568K), 0.0777505 secs] 506815K->506801K(506816K), [Metaspace: 12963K->12963K(1060864K)], 0.0778272 secs] [Times: user=0.08 sys=0.00, real=0.08 secs] 
2017-11-10T19:39:31.358+0500: 614.817: [Full GC (Allocation Failure) 2017-11-10T19:39:31.358+0500: 614.817: [Tenured: 349568K->349568K(349568K), 0.0780389 secs] 506815K->506798K(506816K), [Metaspace: 12963K->12963K(1060864K)], 0.0781381 secs] [Times: user=0.08 sys=0.00, real=0.08 secs] 
2017-11-10T19:39:31.437+0500: 614.896: [Full GC (Allocation Failure) 2017-11-10T19:39:31.437+0500: 614.896: [Tenured: 349568K->349568K(349568K), 0.0766451 secs] 506815K->506798K(506816K), [Metaspace: 12963K->12963K(1060864K)], 0.0767404 secs] [Times: user=0.08 sys=0.00, real=0.08 secs] 
2017-11-10T19:39:31.514+0500: 614.974: [Full GC (Allocation Failure) 2017-11-10T19:39:31.514+0500: 614.974: [Tenured: 349568K->349568K(349568K), 0.0769941 secs] 506815K->506808K(506816K), [Metaspace: 12963K->12963K(1060864K)], 0.0771037 secs] [Times: user=0.08 sys=0.00, real=0.08 secs] 
2017-11-10T19:39:31.592+0500: 615.051: [Full GC (Allocation Failure) 2017-11-10T19:39:31.592+0500: 615.051: [Tenured: 349568K->349567K(349568K), 0.0787986 secs] 506815K->506801K(506816K), [Metaspace: 12963K->12963K(1060864K)], 0.0788778 secs] [Times: user=0.08 sys=0.00, real=0.08 secs] 
2017-11-10T19:39:31.671+0500: 615.130: [Full GC (Allocation Failure) 2017-11-10T19:39:31.671+0500: 615.130: [Tenured: 349568K->349568K(349568K), 0.0775490 secs] 506815K->506798K(506816K), [Metaspace: 12963K->12963K(1060864K)], 0.0776497 secs] [Times: user=0.08 sys=0.00, real=0.08 secs] 
2017-11-10T19:39:31.749+0500: 615.209: [Full GC (Allocation Failure) 2017-11-10T19:39:31.749+0500: 615.209: [Tenured: 349568K->349568K(349568K), 0.0796327 secs] 506815K->506798K(506816K), [Metaspace: 12963K->12963K(1060864K)], 0.0797261 secs] [Times: user=0.08 sys=0.00, real=0.08 secs] 
2017-11-10T19:39:31.830+0500: 615.289: [Full GC (Allocation Failure) 2017-11-10T19:39:31.830+0500: 615.289: [Tenured: 349568K->349568K(349568K), 0.0774312 secs] 506815K->506808K(506816K), [Metaspace: 12963K->12963K(1060864K)], 0.0775280 secs] [Times: user=0.08 sys=0.00, real=0.08 secs] 
2017-11-10T19:39:31.908+0500: 615.367: [Full GC (Allocation Failure) 2017-11-10T19:39:31.908+0500: 615.367: [Tenured: 349568K->349567K(349568K), 0.0775217 secs] 506815K->506801K(506816K), [Metaspace: 12963K->12963K(1060864K)], 0.0775969 secs] [Times: user=0.08 sys=0.00, real=0.08 secs] 
2017-11-10T19:39:31.986+0500: 615.445: [Full GC (Allocation Failure) 2017-11-10T19:39:31.986+0500: 615.445: [Tenured: 349568K->349568K(349568K), 0.0858890 secs] 506815K->506798K(506816K), [Metaspace: 12963K->12963K(1060864K)], 0.0859609 secs] [Times: user=0.09 sys=0.00, real=0.09 secs] 
2017-11-10T19:39:32.072+0500: 615.532: [Full GC (Allocation Failure) 2017-11-10T19:39:32.072+0500: 615.532: [Tenured: 349568K->349568K(349568K), 0.0767649 secs] 506815K->506798K(506816K), [Metaspace: 12963K->12963K(1060864K)], 0.0768406 secs] [Times: user=0.08 sys=0.00, real=0.08 secs] 
2017-11-10T19:39:32.150+0500: 615.609: [Full GC (Allocation Failure) 2017-11-10T19:39:32.150+0500: 615.609: [Tenured: 349568K->349568K(349568K), 0.0756062 secs] 506815K->506808K(506816K), [Metaspace: 12963K->12963K(1060864K)], 0.0756815 secs] [Times: user=0.08 sys=0.00, real=0.07 secs] 
2017-11-10T19:39:32.226+0500: 615.685: [Full GC (Allocation Failure) 2017-11-10T19:39:32.226+0500: 615.685: [Tenured: 349568K->349567K(349568K), 0.0775138 secs] 506815K->506801K(506816K), [Metaspace: 12963K->12963K(1060864K)], 0.0775867 secs] [Times: user=0.08 sys=0.00, real=0.08 secs] 
2017-11-10T19:39:32.304+0500: 615.763: [Full GC (Allocation Failure) 2017-11-10T19:39:32.304+0500: 615.763: [Tenured: 349568K->349568K(349568K), 0.0774029 secs] 506815K->506798K(506816K), [Metaspace: 12963K->12963K(1060864K)], 0.0775001 secs] [Times: user=0.08 sys=0.00, real=0.08 secs] 
2017-11-10T19:39:32.382+0500: 615.841: [Full GC (Allocation Failure) 2017-11-10T19:39:32.382+0500: 615.841: [Tenured: 349568K->349568K(349568K), 0.0778238 secs] 506815K->506798K(506816K), [Metaspace: 12963K->12963K(1060864K)], 0.0779260 secs] [Times: user=0.08 sys=0.00, real=0.08 secs] 
2017-11-10T19:39:32.460+0500: 615.920: [Full GC (Allocation Failure) 2017-11-10T19:39:32.461+0500: 615.920: [Tenured: 349568K->349568K(349568K), 0.0785469 secs] 506815K->506808K(506816K), [Metaspace: 12963K->12963K(1060864K)], 0.0786525 secs] [Times: user=0.08 sys=0.00, real=0.08 secs] 
2017-11-10T19:39:32.540+0500: 615.999: [Full GC (Allocation Failure) 2017-11-10T19:39:32.540+0500: 615.999: [Tenured: 349568K->349567K(349568K), 0.0773887 secs] 506815K->506801K(506816K), [Metaspace: 12963K->12963K(1060864K)], 0.0774625 secs] [Times: user=0.08 sys=0.00, real=0.08 secs] 
2017-11-10T19:39:32.617+0500: 616.077: [Full GC (Allocation Failure) 2017-11-10T19:39:32.617+0500: 616.077: [Tenured: 349568K->349568K(349568K), 0.0771325 secs] 506815K->506798K(506816K), [Metaspace: 12963K->12963K(1060864K)], 0.0772190 secs] [Times: user=0.08 sys=0.00, real=0.08 secs] 
2017-11-10T19:39:32.696+0500: 616.155: [Full GC (Allocation Failure) 2017-11-10T19:39:32.696+0500: 616.155: [Tenured: 349568K->349568K(349568K), 0.0776649 secs] 506815K->506798K(506816K), [Metaspace: 12963K->12963K(1060864K)], 0.0777617 secs] [Times: user=0.08 sys=0.00, real=0.08 secs] 
2017-11-10T19:39:32.775+0500: 616.233: [Full GC (Allocation Failure) 2017-11-10T19:39:32.775+0500: 616.233: [Tenured: 349568K->349568K(349568K), 0.0780780 secs] 506815K->506808K(506816K), [Metaspace: 12963K->12963K(1060864K)], 0.0781548 secs] [Times: user=0.08 sys=0.00, real=0.08 secs] 
2017-11-10T19:39:32.853+0500: 616.312: [Full GC (Allocation Failure) 2017-11-10T19:39:32.853+0500: 616.312: [Tenured: 349568K->349567K(349568K), 0.0796273 secs] 506815K->506801K(506816K), [Metaspace: 12963K->12963K(1060864K)], 0.0797305 secs] [Times: user=0.08 sys=0.00, real=0.08 secs] 
2017-11-10T19:39:32.933+0500: 616.392: [Full GC (Allocation Failure) 2017-11-10T19:39:32.933+0500: 616.392: [Tenured: 349568K->349568K(349568K), 0.0763967 secs] 506815K->506798K(506816K), [Metaspace: 12963K->12963K(1060864K)], 0.0764979 secs] [Times: user=0.08 sys=0.00, real=0.08 secs] 
2017-11-10T19:39:33.011+0500: 616.470: [Full GC (Allocation Failure) 2017-11-10T19:39:33.011+0500: 616.470: [Tenured: 349568K->349568K(349568K), 0.0773124 secs] 506815K->506798K(506816K), [Metaspace: 12963K->12963K(1060864K)], 0.0774097 secs] [Times: user=0.08 sys=0.00, real=0.08 secs] 
2017-11-10T19:39:33.089+0500: 616.548: [Full GC (Allocation Failure) 2017-11-10T19:39:33.089+0500: 616.548: [Tenured: 349568K->349568K(349568K), 0.0770147 secs] 506815K->506808K(506816K), [Metaspace: 12963K->12963K(1060864K)], 0.0770895 secs] [Times: user=0.08 sys=0.00, real=0.08 secs] 
2017-11-10T19:39:33.167+0500: 616.626: [Full GC (Allocation Failure) 2017-11-10T19:39:33.167+0500: 616.626: [Tenured: 349568K->349567K(349568K), 0.0782208 secs] 506815K->506801K(506816K), [Metaspace: 12963K->12963K(1060864K)], 0.0783029 secs] [Times: user=0.08 sys=0.00, real=0.08 secs] 
2017-11-10T19:39:33.247+0500: 616.706: [Full GC (Allocation Failure) 2017-11-10T19:39:33.247+0500: 616.706: [Tenured: 349568K->349568K(349568K), 0.0770440 secs] 506815K->506798K(506816K), [Metaspace: 12963K->12963K(1060864K)], 0.0771755 secs] [Times: user=0.08 sys=0.00, real=0.08 secs] 
2017-11-10T19:39:33.325+0500: 616.784: [Full GC (Allocation Failure) 2017-11-10T19:39:33.325+0500: 616.784: [Tenured: 349568K->349568K(349568K), 0.0770269 secs] 506815K->506798K(506816K), [Metaspace: 12963K->12963K(1060864K)], 0.0771252 secs] [Times: user=0.08 sys=0.00, real=0.08 secs] 
2017-11-10T19:39:33.402+0500: 616.861: [Full GC (Allocation Failure) 2017-11-10T19:39:33.402+0500: 616.861: [Tenured: 349568K->349568K(349568K), 0.0774473 secs] 506815K->506808K(506816K), [Metaspace: 12963K->12963K(1060864K)], 0.0775246 secs] [Times: user=0.08 sys=0.00, real=0.08 secs] 
2017-11-10T19:39:33.480+0500: 616.939: [Full GC (Allocation Failure) 2017-11-10T19:39:33.480+0500: 616.939: [Tenured: 349568K->349567K(349568K), 0.0776659 secs] 506815K->506801K(506816K), [Metaspace: 12963K->12963K(1060864K)], 0.0777661 secs] [Times: user=0.08 sys=0.00, real=0.08 secs] 
2017-11-10T19:39:33.558+0500: 617.017: [Full GC (Allocation Failure) 2017-11-10T19:39:33.558+0500: 617.017: [Tenured: 349568K->349568K(349568K), 0.0787791 secs] 506815K->506798K(506816K), [Metaspace: 12963K->12963K(1060864K)], 0.0788597 secs] [Times: user=0.06 sys=0.00, real=0.08 secs] 
2017-11-10T19:39:33.638+0500: 617.097: [Full GC (Allocation Failure) 2017-11-10T19:39:33.638+0500: 617.097: [Tenured: 349568K->349568K(349568K), 0.0778341 secs] 506815K->506798K(506816K), [Metaspace: 12963K->12963K(1060864K)], 0.0779529 secs] [Times: user=0.08 sys=0.00, real=0.08 secs] 
2017-11-10T19:39:33.716+0500: 617.175: [Full GC (Allocation Failure) 2017-11-10T19:39:33.716+0500: 617.175: [Tenured: 349568K->349568K(349568K), 0.0769052 secs] 506815K->506808K(506816K), [Metaspace: 12963K->12963K(1060864K)], 0.0770176 secs] [Times: user=0.08 sys=0.00, real=0.08 secs] 
2017-11-10T19:39:33.793+0500: 617.252: [Full GC (Allocation Failure) 2017-11-10T19:39:33.793+0500: 617.252: [Tenured: 349568K->349567K(349568K), 0.0790186 secs] 506815K->506801K(506816K), [Metaspace: 12963K->12963K(1060864K)], 0.0791101 secs] [Times: user=0.08 sys=0.00, real=0.08 secs] 
2017-11-10T19:39:33.873+0500: 617.332: [Full GC (Allocation Failure) 2017-11-10T19:39:33.873+0500: 617.332: [Tenured: 349568K->349568K(349568K), 0.0790367 secs] 506815K->506798K(506816K), [Metaspace: 12963K->12963K(1060864K)], 0.0791115 secs] [Times: user=0.08 sys=0.00, real=0.08 secs] 
2017-11-10T19:39:33.953+0500: 617.412: [Full GC (Allocation Failure) 2017-11-10T19:39:33.953+0500: 617.412: [Tenured: 349568K->349568K(349568K), 0.0772376 secs] 506815K->506798K(506816K), [Metaspace: 12963K->12963K(1060864K)], 0.0773530 secs] [Times: user=0.08 sys=0.00, real=0.08 secs] 
2017-11-10T19:39:34.031+0500: 617.490: [Full GC (Allocation Failure) 2017-11-10T19:39:34.031+0500: 617.490: [Tenured: 349568K->349568K(349568K), 0.0762598 secs] 506815K->506808K(506816K), [Metaspace: 12963K->12963K(1060864K)], 0.0763429 secs] [Times: user=0.08 sys=0.00, real=0.08 secs] 
2017-11-10T19:39:34.107+0500: 617.566: [Full GC (Allocation Failure) 2017-11-10T19:39:34.107+0500: 617.566: [Tenured: 349568K->349567K(349568K), 0.0774894 secs] 506815K->506801K(506816K), [Metaspace: 12963K->12963K(1060864K)], 0.0775715 secs] [Times: user=0.08 sys=0.00, real=0.08 secs] 
2017-11-10T19:39:34.185+0500: 617.644: [Full GC (Allocation Failure) 2017-11-10T19:39:34.185+0500: 617.644: [Tenured: 349568K->349568K(349568K), 0.0767433 secs] 506815K->506798K(506816K), [Metaspace: 12963K->12963K(1060864K)], 0.0768338 secs] [Times: user=0.08 sys=0.00, real=0.08 secs] 
2017-11-10T19:39:34.263+0500: 617.722: [Full GC (Allocation Failure) 2017-11-10T19:39:34.263+0500: 617.722: [Tenured: 349568K->349568K(349568K), 0.0782276 secs] 506815K->506798K(506816K), [Metaspace: 12963K->12963K(1060864K)], 0.0783273 secs] [Times: user=0.08 sys=0.00, real=0.08 secs] 
2017-11-10T19:39:34.342+0500: 617.801: [Full GC (Allocation Failure) 2017-11-10T19:39:34.342+0500: 617.801: [Tenured: 349568K->349568K(349568K), 0.0782618 secs] 506815K->506808K(506816K), [Metaspace: 12963K->12963K(1060864K)], 0.0783371 secs] [Times: user=0.08 sys=0.00, real=0.08 secs] 
2017-11-10T19:39:34.421+0500: 617.880: [Full GC (Allocation Failure) 2017-11-10T19:39:34.421+0500: 617.880: [Tenured: 349568K->349567K(349568K), 0.0783669 secs] 506815K->506801K(506816K), [Metaspace: 12963K->12963K(1060864K)], 0.0784730 secs] [Times: user=0.08 sys=0.00, real=0.08 secs] 
2017-11-10T19:39:34.499+0500: 617.959: [Full GC (Allocation Failure) 2017-11-10T19:39:34.500+0500: 617.959: [Tenured: 349568K->349568K(349568K), 0.0768436 secs] 506815K->506798K(506816K), [Metaspace: 12963K->12963K(1060864K)], 0.0769223 secs] [Times: user=0.08 sys=0.00, real=0.08 secs] 
2017-11-10T19:39:34.578+0500: 618.037: [Full GC (Allocation Failure) 2017-11-10T19:39:34.578+0500: 618.037: [Tenured: 349568K->349568K(349568K), 0.0861970 secs] 506815K->506798K(506816K), [Metaspace: 12963K->12963K(1060864K)], 0.0863104 secs] [Times: user=0.09 sys=0.00, real=0.09 secs] 
2017-11-10T19:39:34.665+0500: 618.124: [Full GC (Allocation Failure) 2017-11-10T19:39:34.665+0500: 618.124: [Tenured: 349568K->349568K(349568K), 0.0908287 secs] 506815K->506808K(506816K), [Metaspace: 12963K->12963K(1060864K)], 0.0909270 secs] [Times: user=0.09 sys=0.00, real=0.09 secs] 
2017-11-10T19:39:34.756+0500: 618.215: [Full GC (Allocation Failure) 2017-11-10T19:39:34.756+0500: 618.215: [Tenured: 349568K->349567K(349568K), 0.0833199 secs] 506815K->506801K(506816K), [Metaspace: 12963K->12963K(1060864K)], 0.0833957 secs] [Times: user=0.08 sys=0.00, real=0.08 secs] 
2017-11-10T19:39:34.840+0500: 618.299: [Full GC (Allocation Failure) 2017-11-10T19:39:34.840+0500: 618.299: [Tenured: 349568K->349568K(349568K), 0.0779318 secs] 506815K->506798K(506816K), [Metaspace: 12963K->12963K(1060864K)], 0.0780409 secs] [Times: user=0.08 sys=0.00, real=0.08 secs] 
2017-11-10T19:39:34.918+0500: 618.377: [Full GC (Allocation Failure) 2017-11-10T19:39:34.918+0500: 618.377: [Tenured: 349568K->349568K(349568K), 0.0771594 secs] 506815K->506798K(506816K), [Metaspace: 12963K->12963K(1060864K)], 0.0772777 secs] [Times: user=0.08 sys=0.00, real=0.08 secs] 
2017-11-10T19:39:34.996+0500: 618.455: [Full GC (Allocation Failure) 2017-11-10T19:39:34.996+0500: 618.455: [Tenured: 349568K->349568K(349568K), 0.0786085 secs] 506815K->506808K(506816K), [Metaspace: 12963K->12963K(1060864K)], 0.0786965 secs] [Times: user=0.08 sys=0.00, real=0.08 secs] 
2017-11-10T19:39:35.075+0500: 618.535: [Full GC (Allocation Failure) 2017-11-10T19:39:35.075+0500: 618.535: [Tenured: 349568K->349567K(349568K), 0.0773701 secs] 506815K->506801K(506816K), [Metaspace: 12963K->12963K(1060864K)], 0.0774513 secs] [Times: user=0.08 sys=0.00, real=0.08 secs] 
2017-11-10T19:39:35.153+0500: 618.613: [Full GC (Allocation Failure) 2017-11-10T19:39:35.153+0500: 618.613: [Tenured: 349568K->349568K(349568K), 0.0776874 secs] 506815K->506798K(506816K), [Metaspace: 12963K->12963K(1060864K)], 0.0777749 secs] [Times: user=0.08 sys=0.00, real=0.08 secs] 
2017-11-10T19:39:35.232+0500: 618.691: [Full GC (Allocation Failure) 2017-11-10T19:39:35.232+0500: 618.691: [Tenured: 349568K->349568K(349568K), 0.0770675 secs] 506815K->506798K(506816K), [Metaspace: 12963K->12963K(1060864K)], 0.0771736 secs] [Times: user=0.08 sys=0.00, real=0.08 secs] 
2017-11-10T19:39:35.309+0500: 618.769: [Full GC (Allocation Failure) 2017-11-10T19:39:35.309+0500: 618.769: [Tenured: 349568K->349568K(349568K), 0.0780369 secs] 506815K->506808K(506816K), [Metaspace: 12963K->12963K(1060864K)], 0.0781201 secs] [Times: user=0.08 sys=0.00, real=0.08 secs] 
2017-11-10T19:39:35.388+0500: 618.847: [Full GC (Allocation Failure) 2017-11-10T19:39:35.388+0500: 618.847: [Tenured: 349568K->349567K(349568K), 0.0782403 secs] 506815K->506801K(506816K), [Metaspace: 12963K->12963K(1060864K)], 0.0783161 secs] [Times: user=0.08 sys=0.00, real=0.08 secs] 
2017-11-10T19:39:35.467+0500: 618.926: [Full GC (Allocation Failure) 2017-11-10T19:39:35.467+0500: 618.926: [Tenured: 349568K->349568K(349568K), 0.0757832 secs] 506815K->506798K(506816K), [Metaspace: 12963K->12963K(1060864K)], 0.0758702 secs] [Times: user=0.08 sys=0.00, real=0.08 secs] 
2017-11-10T19:39:35.543+0500: 619.002: [Full GC (Allocation Failure) 2017-11-10T19:39:35.543+0500: 619.002: [Tenured: 349568K->349568K(349568K), 0.0764862 secs] 506815K->506798K(506816K), [Metaspace: 12963K->12963K(1060864K)], 0.0765654 secs] [Times: user=0.08 sys=0.00, real=0.08 secs] 
2017-11-10T19:39:35.620+0500: 619.079: [Full GC (Allocation Failure) 2017-11-10T19:39:35.620+0500: 619.079: [Tenured: 349568K->349568K(349568K), 0.0771389 secs] 506815K->506808K(506816K), [Metaspace: 12963K->12963K(1060864K)], 0.0772449 secs] [Times: user=0.08 sys=0.00, real=0.08 secs] 
2017-11-10T19:39:35.698+0500: 619.157: [Full GC (Allocation Failure) 2017-11-10T19:39:35.698+0500: 619.157: [Tenured: 349568K->349567K(349568K), 0.0767409 secs] 506815K->506801K(506816K), [Metaspace: 12963K->12963K(1060864K)], 0.0768128 secs] [Times: user=0.08 sys=0.00, real=0.08 secs] 
2017-11-10T19:39:35.775+0500: 619.234: [Full GC (Allocation Failure) 2017-11-10T19:39:35.775+0500: 619.234: [Tenured: 349568K->349568K(349568K), 0.0778561 secs] 506815K->506798K(506816K), [Metaspace: 12963K->12963K(1060864K)], 0.0779309 secs] [Times: user=0.08 sys=0.00, real=0.08 secs] 
2017-11-10T19:39:35.853+0500: 619.313: [Full GC (Allocation Failure) 2017-11-10T19:39:35.853+0500: 619.313: [Tenured: 349568K->349568K(349568K), 0.0776370 secs] 506815K->506798K(506816K), [Metaspace: 12963K->12963K(1060864K)], 0.0777255 secs] [Times: user=0.08 sys=0.00, real=0.08 secs] 
2017-11-10T19:39:35.932+0500: 619.391: [Full GC (Allocation Failure) 2017-11-10T19:39:35.932+0500: 619.391: [Tenured: 349568K->349568K(349568K), 0.0756008 secs] 506815K->506808K(506816K), [Metaspace: 12963K->12963K(1060864K)], 0.0756722 secs] [Times: user=0.08 sys=0.00, real=0.08 secs] 
2017-11-10T19:39:36.008+0500: 619.467: [Full GC (Allocation Failure) 2017-11-10T19:39:36.008+0500: 619.467: [Tenured: 349568K->349567K(349568K), 0.0773285 secs] 506815K->506801K(506816K), [Metaspace: 12963K->12963K(1060864K)], 0.0774058 secs] [Times: user=0.08 sys=0.00, real=0.08 secs] 
2017-11-10T19:39:36.086+0500: 619.545: [Full GC (Allocation Failure) 2017-11-10T19:39:36.086+0500: 619.545: [Tenured: 349568K->349568K(349568K), 0.0769604 secs] 506815K->506798K(506816K), [Metaspace: 12963K->12963K(1060864K)], 0.0770323 secs] [Times: user=0.08 sys=0.00, real=0.08 secs] 
2017-11-10T19:39:36.163+0500: 619.622: [Full GC (Allocation Failure) 2017-11-10T19:39:36.163+0500: 619.622: [Tenured: 349568K->349568K(349568K), 0.0773173 secs] 506815K->506798K(506816K), [Metaspace: 12963K->12963K(1060864K)], 0.0773911 secs] [Times: user=0.08 sys=0.00, real=0.08 secs] 
2017-11-10T19:39:36.241+0500: 619.700: [Full GC (Allocation Failure) 2017-11-10T19:39:36.241+0500: 619.700: [Tenured: 349568K->349568K(349568K), 0.0768822 secs] 506815K->506808K(506816K), [Metaspace: 12963K->12963K(1060864K)], 0.0769589 secs] [Times: user=0.08 sys=0.00, real=0.08 secs] 
2017-11-10T19:39:36.318+0500: 619.778: [Full GC (Allocation Failure) 2017-11-10T19:39:36.318+0500: 619.778: [Tenured: 349568K->349567K(349568K), 0.0762652 secs] 506815K->506801K(506816K), [Metaspace: 12963K->12963K(1060864K)], 0.0763576 secs] [Times: user=0.08 sys=0.00, real=0.08 secs] 
2017-11-10T19:39:36.395+0500: 619.855: [Full GC (Allocation Failure) 2017-11-10T19:39:36.395+0500: 619.855: [Tenured: 349568K->349568K(349568K), 0.0777959 secs] 506815K->506798K(506816K), [Metaspace: 12963K->12963K(1060864K)], 0.0779269 secs] [Times: user=0.08 sys=0.00, real=0.08 secs] 
2017-11-10T19:39:36.474+0500: 619.933: [Full GC (Allocation Failure) 2017-11-10T19:39:36.474+0500: 619.933: [Tenured: 349568K->349568K(349568K), 0.0771012 secs] 506815K->506798K(506816K), [Metaspace: 12963K->12963K(1060864K)], 0.0771985 secs] [Times: user=0.08 sys=0.00, real=0.08 secs] 
2017-11-10T19:39:36.551+0500: 620.011: [Full GC (Allocation Failure) 2017-11-10T19:39:36.551+0500: 620.011: [Tenured: 349568K->349568K(349568K), 0.0777177 secs] 506815K->506808K(506816K), [Metaspace: 12963K->12963K(1060864K)], 0.0778106 secs] [Times: user=0.08 sys=0.00, real=0.08 secs] 
2017-11-10T19:39:36.630+0500: 620.089: [Full GC (Allocation Failure) 2017-11-10T19:39:36.630+0500: 620.089: [Tenured: 349568K->349567K(349568K), 0.0769834 secs] 506815K->506801K(506816K), [Metaspace: 12963K->12963K(1060864K)], 0.0770924 secs] [Times: user=0.08 sys=0.00, real=0.08 secs] 
2017-11-10T19:39:36.708+0500: 620.167: [Full GC (Allocation Failure) 2017-11-10T19:39:36.708+0500: 620.167: [Tenured: 349568K->349568K(349568K), 0.0779040 secs] 506815K->506798K(506816K), [Metaspace: 12963K->12963K(1060864K)], 0.0780017 secs] [Times: user=0.08 sys=0.00, real=0.08 secs] 
2017-11-10T19:39:36.786+0500: 620.245: [Full GC (Allocation Failure) 2017-11-10T19:39:36.786+0500: 620.245: [Tenured: 349568K->349568K(349568K), 0.0785449 secs] 506815K->506798K(506816K), [Metaspace: 12963K->12963K(1060864K)], 0.0786221 secs] [Times: user=0.08 sys=0.00, real=0.08 secs] 
2017-11-10T19:39:36.865+0500: 620.324: [Full GC (Allocation Failure) 2017-11-10T19:39:36.865+0500: 620.324: [Tenured: 349568K->349568K(349568K), 0.0777593 secs] 506815K->506808K(506816K), [Metaspace: 12963K->12963K(1060864K)], 0.0778385 secs] [Times: user=0.08 sys=0.00, real=0.08 secs] 
2017-11-10T19:39:36.944+0500: 620.402: [Full GC (Allocation Failure) 2017-11-10T19:39:36.944+0500: 620.402: [Tenured: 349568K->349567K(349568K), 0.0830138 secs] 506815K->506801K(506816K), [Metaspace: 12963K->12963K(1060864K)], 0.0830955 secs] [Times: user=0.08 sys=0.00, real=0.08 secs] 
2017-11-10T19:39:37.027+0500: 620.486: [Full GC (Allocation Failure) 2017-11-10T19:39:37.027+0500: 620.486: [Tenured: 349568K->349568K(349568K), 0.0809287 secs] 506815K->506798K(506816K), [Metaspace: 12963K->12963K(1060864K)], 0.0810299 secs] [Times: user=0.06 sys=0.00, real=0.08 secs] 
2017-11-10T19:39:37.109+0500: 620.568: [Full GC (Allocation Failure) 2017-11-10T19:39:37.109+0500: 620.568: [Tenured: 349568K->349568K(349568K), 0.0795960 secs] 506815K->506798K(506816K), [Metaspace: 12963K->12963K(1060864K)], 0.0796684 secs] [Times: user=0.08 sys=0.00, real=0.08 secs] 
2017-11-10T19:39:37.189+0500: 620.648: [Full GC (Allocation Failure) 2017-11-10T19:39:37.189+0500: 620.648: [Tenured: 349568K->349568K(349568K), 0.0775754 secs] 506815K->506808K(506816K), [Metaspace: 12963K->12963K(1060864K)], 0.0776561 secs] [Times: user=0.08 sys=0.00, real=0.08 secs] 
2017-11-10T19:39:37.267+0500: 620.726: [Full GC (Allocation Failure) 2017-11-10T19:39:37.267+0500: 620.726: [Tenured: 349568K->349567K(349568K), 0.0755338 secs] 506815K->506801K(506816K), [Metaspace: 12963K->12963K(1060864K)], 0.0756101 secs] [Times: user=0.08 sys=0.00, real=0.08 secs] 
2017-11-10T19:39:37.343+0500: 620.802: [Full GC (Allocation Failure) 2017-11-10T19:39:37.343+0500: 620.802: [Tenured: 349568K->349568K(349568K), 0.0769751 secs] 506815K->506798K(506816K), [Metaspace: 12963K->12963K(1060864K)], 0.0770474 secs] [Times: user=0.08 sys=0.00, real=0.08 secs] 
2017-11-10T19:39:37.420+0500: 620.879: [Full GC (Allocation Failure) 2017-11-10T19:39:37.420+0500: 620.879: [Tenured: 349568K->349568K(349568K), 0.0768441 secs] 506815K->506798K(506816K), [Metaspace: 12963K->12963K(1060864K)], 0.0769218 secs] [Times: user=0.08 sys=0.00, real=0.08 secs] 
2017-11-10T19:39:37.498+0500: 620.957: [Full GC (Allocation Failure) 2017-11-10T19:39:37.498+0500: 620.957: [Tenured: 349568K->349568K(349568K), 0.0768480 secs] 506815K->506808K(506816K), [Metaspace: 12963K->12963K(1060864K)], 0.0769492 secs] [Times: user=0.08 sys=0.00, real=0.08 secs] 
2017-11-10T19:39:37.575+0500: 621.034: [Full GC (Allocation Failure) 2017-11-10T19:39:37.575+0500: 621.034: [Tenured: 349568K->349567K(349568K), 0.0789517 secs] 506815K->506801K(506816K), [Metaspace: 12963K->12963K(1060864K)], 0.0790309 secs] [Times: user=0.06 sys=0.00, real=0.08 secs] 
2017-11-10T19:39:37.655+0500: 621.114: [Full GC (Allocation Failure) 2017-11-10T19:39:37.655+0500: 621.114: [Tenured: 349568K->349568K(349568K), 0.0781909 secs] 506815K->506798K(506816K), [Metaspace: 12963K->12963K(1060864K)], 0.0782643 secs] [Times: user=0.08 sys=0.00, real=0.08 secs] 
2017-11-10T19:39:37.733+0500: 621.192: [Full GC (Allocation Failure) 2017-11-10T19:39:37.733+0500: 621.192: [Tenured: 349568K->349568K(349568K), 0.0758281 secs] 506815K->506798K(506816K), [Metaspace: 12963K->12963K(1060864K)], 0.0759044 secs] [Times: user=0.08 sys=0.00, real=0.08 secs] 
2017-11-10T19:39:37.810+0500: 621.269: [Full GC (Allocation Failure) 2017-11-10T19:39:37.810+0500: 621.269: [Tenured: 349568K->349568K(349568K), 0.0780257 secs] 506815K->506808K(506816K), [Metaspace: 12963K->12963K(1060864K)], 0.0781450 secs] [Times: user=0.08 sys=0.00, real=0.08 secs] 
2017-11-10T19:39:37.888+0500: 621.347: [Full GC (Allocation Failure) 2017-11-10T19:39:37.888+0500: 621.347: [Tenured: 349568K->349567K(349568K), 0.0780575 secs] 506815K->506801K(506816K), [Metaspace: 12963K->12963K(1060864K)], 0.0781289 secs] [Times: user=0.08 sys=0.00, real=0.08 secs] 
2017-11-10T19:39:37.967+0500: 621.426: [Full GC (Allocation Failure) 2017-11-10T19:39:37.967+0500: 621.426: [Tenured: 349568K->349568K(349568K), 0.0772713 secs] 506815K->506798K(506816K), [Metaspace: 12963K->12963K(1060864K)], 0.0773452 secs] [Times: user=0.08 sys=0.00, real=0.08 secs] 
2017-11-10T19:39:38.045+0500: 621.504: [Full GC (Allocation Failure) 2017-11-10T19:39:38.045+0500: 621.504: [Tenured: 349568K->349568K(349568K), 0.0797666 secs] 506815K->506798K(506816K), [Metaspace: 12963K->12963K(1060864K)], 0.0798786 secs] [Times: user=0.08 sys=0.00, real=0.08 secs] 
2017-11-10T19:39:38.125+0500: 621.584: [Full GC (Allocation Failure) 2017-11-10T19:39:38.125+0500: 621.584: [Tenured: 349568K->349568K(349568K), 0.0895498 secs] 506815K->506808K(506816K), [Metaspace: 12963K->12963K(1060864K)], 0.0896324 secs] [Times: user=0.09 sys=0.00, real=0.09 secs] 
2017-11-10T19:39:38.215+0500: 621.674: [Full GC (Allocation Failure) 2017-11-10T19:39:38.215+0500: 621.674: [Tenured: 349568K->349567K(349568K), 0.0908678 secs] 506815K->506801K(506816K), [Metaspace: 12963K->12963K(1060864K)], 0.0909910 secs] [Times: user=0.09 sys=0.00, real=0.09 secs] 
2017-11-10T19:39:38.307+0500: 621.766: [Full GC (Allocation Failure) 2017-11-10T19:39:38.307+0500: 621.766: [Tenured: 349568K->349568K(349568K), 0.0818909 secs] 506815K->506798K(506816K), [Metaspace: 12963K->12963K(1060864K)], 0.0819740 secs] [Times: user=0.08 sys=0.00, real=0.08 secs] 
2017-11-10T19:39:38.389+0500: 621.848: [Full GC (Allocation Failure) 2017-11-10T19:39:38.389+0500: 621.848: [Tenured: 349568K->349568K(349568K), 0.0780433 secs] 506815K->506798K(506816K), [Metaspace: 12963K->12963K(1060864K)], 0.0781181 secs] [Times: user=0.08 sys=0.00, real=0.08 secs] 
2017-11-10T19:39:38.468+0500: 621.927: [Full GC (Allocation Failure) 2017-11-10T19:39:38.468+0500: 621.927: [Tenured: 349568K->349568K(349568K), 0.0770572 secs] 506815K->506808K(506816K), [Metaspace: 12963K->12963K(1060864K)], 0.0771657 secs] [Times: user=0.08 sys=0.00, real=0.08 secs] 
2017-11-10T19:39:38.546+0500: 622.005: [Full GC (Allocation Failure) 2017-11-10T19:39:38.546+0500: 622.005: [Tenured: 349568K->349567K(349568K), 0.0767321 secs] 506815K->506801K(506816K), [Metaspace: 12963K->12963K(1060864K)], 0.0768416 secs] [Times: user=0.08 sys=0.00, real=0.08 secs] 
2017-11-10T19:39:38.623+0500: 622.082: [Full GC (Allocation Failure) 2017-11-10T19:39:38.623+0500: 622.082: [Tenured: 349568K->349568K(349568K), 0.0770152 secs] 506815K->506798K(506816K), [Metaspace: 12963K->12963K(1060864K)], 0.0771345 secs] [Times: user=0.08 sys=0.00, real=0.08 secs] 
2017-11-10T19:39:38.701+0500: 622.160: [Full GC (Allocation Failure) 2017-11-10T19:39:38.701+0500: 622.160: [Tenured: 349568K->349568K(349568K), 0.0775837 secs] 506815K->506798K(506816K), [Metaspace: 12963K->12963K(1060864K)], 0.0776947 secs] [Times: user=0.08 sys=0.00, real=0.08 secs] 
2017-11-10T19:39:38.779+0500: 622.238: [Full GC (Allocation Failure) 2017-11-10T19:39:38.779+0500: 622.238: [Tenured: 349568K->349568K(349568K), 0.0782858 secs] 506815K->506808K(506816K), [Metaspace: 12963K->12963K(1060864K)], 0.0783660 secs] [Times: user=0.08 sys=0.00, real=0.08 secs] 
2017-11-10T19:39:38.858+0500: 622.317: [Full GC (Allocation Failure) 2017-11-10T19:39:38.858+0500: 622.317: [Tenured: 349568K->349567K(349568K), 0.0770401 secs] 506815K->506801K(506816K), [Metaspace: 12963K->12963K(1060864K)], 0.0771134 secs] [Times: user=0.08 sys=0.00, real=0.08 secs] 
2017-11-10T19:39:38.935+0500: 622.394: [Full GC (Allocation Failure) 2017-11-10T19:39:38.935+0500: 622.394: [Tenured: 349568K->349568K(349568K), 0.0778253 secs] 506815K->506798K(506816K), [Metaspace: 12963K->12963K(1060864K)], 0.0779221 secs] [Times: user=0.08 sys=0.00, real=0.08 secs] 
2017-11-10T19:39:39.014+0500: 622.473: [Full GC (Allocation Failure) 2017-11-10T19:39:39.014+0500: 622.473: [Tenured: 349568K->349568K(349568K), 0.0772386 secs] 506815K->506798K(506816K), [Metaspace: 12963K->12963K(1060864K)], 0.0773393 secs] [Times: user=0.06 sys=0.01, real=0.08 secs] 
2017-11-10T19:39:39.091+0500: 622.551: [Full GC (Allocation Failure) 2017-11-10T19:39:39.091+0500: 622.551: [Tenured: 349568K->349568K(349568K), 0.0771007 secs] 506815K->506808K(506816K), [Metaspace: 12963K->12963K(1060864K)], 0.0771794 secs] [Times: user=0.08 sys=0.00, real=0.08 secs] 
2017-11-10T19:39:39.169+0500: 622.628: [Full GC (Allocation Failure) 2017-11-10T19:39:39.169+0500: 622.628: [Tenured: 349568K->349567K(349568K), 0.0767482 secs] 506815K->506801K(506816K), [Metaspace: 12963K->12963K(1060864K)], 0.0768255 secs] [Times: user=0.08 sys=0.00, real=0.08 secs] 
2017-11-10T19:39:39.246+0500: 622.705: [Full GC (Allocation Failure) 2017-11-10T19:39:39.246+0500: 622.705: [Tenured: 349568K->349568K(349568K), 0.0765962 secs] 506815K->506798K(506816K), [Metaspace: 12963K->12963K(1060864K)], 0.0766710 secs] [Times: user=0.08 sys=0.00, real=0.08 secs] 
2017-11-10T19:39:39.323+0500: 622.783: [Full GC (Allocation Failure) 2017-11-10T19:39:39.323+0500: 622.783: [Tenured: 349568K->349568K(349568K), 0.0765331 secs] 506815K->506798K(506816K), [Metaspace: 12963K->12963K(1060864K)], 0.0766446 secs] [Times: user=0.08 sys=0.00, real=0.08 secs] 
2017-11-10T19:39:39.400+0500: 622.860: [Full GC (Allocation Failure) 2017-11-10T19:39:39.400+0500: 622.860: [Tenured: 349568K->349568K(349568K), 0.0779387 secs] 506815K->506808K(506816K), [Metaspace: 12963K->12963K(1060864K)], 0.0780423 secs] [Times: user=0.08 sys=0.00, real=0.08 secs] 
2017-11-10T19:39:39.479+0500: 622.938: [Full GC (Allocation Failure) 2017-11-10T19:39:39.479+0500: 622.938: [Tenured: 349568K->349567K(349568K), 0.0777426 secs] 506815K->506801K(506816K), [Metaspace: 12963K->12963K(1060864K)], 0.0778404 secs] [Times: user=0.08 sys=0.00, real=0.08 secs] 
2017-11-10T19:39:39.557+0500: 623.016: [Full GC (Allocation Failure) 2017-11-10T19:39:39.557+0500: 623.016: [Tenured: 349568K->349568K(349568K), 0.0787444 secs] 506815K->506798K(506816K), [Metaspace: 12963K->12963K(1060864K)], 0.0788211 secs] [Times: user=0.08 sys=0.00, real=0.08 secs] 
2017-11-10T19:39:39.637+0500: 623.096: [Full GC (Allocation Failure) 2017-11-10T19:39:39.637+0500: 623.096: [Tenured: 349568K->349568K(349568K), 0.0780360 secs] 506815K->506798K(506816K), [Metaspace: 12963K->12963K(1060864K)], 0.0781812 secs] [Times: user=0.08 sys=0.00, real=0.08 secs] 
2017-11-10T19:39:39.715+0500: 623.175: [Full GC (Allocation Failure) 2017-11-10T19:39:39.715+0500: 623.175: [Tenured: 349568K->349568K(349568K), 0.0774855 secs] 506815K->506808K(506816K), [Metaspace: 12963K->12963K(1060864K)], 0.0775642 secs] [Times: user=0.08 sys=0.00, real=0.08 secs] 
2017-11-10T19:39:39.793+0500: 623.253: [Full GC (Allocation Failure) 2017-11-10T19:39:39.793+0500: 623.253: [Tenured: 349568K->349567K(349568K), 0.0776727 secs] 506815K->506801K(506816K), [Metaspace: 12963K->12963K(1060864K)], 0.0777539 secs] [Times: user=0.08 sys=0.00, real=0.08 secs] 
2017-11-10T19:39:39.871+0500: 623.331: [Full GC (Allocation Failure) 2017-11-10T19:39:39.872+0500: 623.331: [Tenured: 349568K->349568K(349568K), 0.0794704 secs] 506815K->506798K(506816K), [Metaspace: 12963K->12963K(1060864K)], 0.0795774 secs] [Times: user=0.08 sys=0.00, real=0.08 secs] 
2017-11-10T19:39:39.951+0500: 623.411: [Full GC (Allocation Failure) 2017-11-10T19:39:39.952+0500: 623.411: [Tenured: 349568K->349568K(349568K), 0.0748953 secs] 506815K->506798K(506816K), [Metaspace: 12963K->12963K(1060864K)], 0.0749741 secs] [Times: user=0.08 sys=0.00, real=0.08 secs] 
2017-11-10T19:39:40.027+0500: 623.487: [Full GC (Allocation Failure) 2017-11-10T19:39:40.027+0500: 623.487: [Tenured: 349568K->349568K(349568K), 0.0781421 secs] 506815K->506808K(506816K), [Metaspace: 12963K->12963K(1060864K)], 0.0782442 secs] [Times: user=0.06 sys=0.00, real=0.08 secs] 
2017-11-10T19:39:40.106+0500: 623.565: [Full GC (Allocation Failure) 2017-11-10T19:39:40.106+0500: 623.565: [Tenured: 349568K->349567K(349568K), 0.0780858 secs] 506815K->506801K(506816K), [Metaspace: 12963K->12963K(1060864K)], 0.0781621 secs] [Times: user=0.08 sys=0.00, real=0.08 secs] 
2017-11-10T19:39:40.185+0500: 623.644: [Full GC (Allocation Failure) 2017-11-10T19:39:40.185+0500: 623.644: [Tenured: 349568K->349568K(349568K), 0.0768841 secs] 506815K->506798K(506816K), [Metaspace: 12963K->12963K(1060864K)], 0.0769888 secs] [Times: user=0.08 sys=0.00, real=0.08 secs] 
2017-11-10T19:39:40.262+0500: 623.722: [Full GC (Allocation Failure) 2017-11-10T19:39:40.262+0500: 623.722: [Tenured: 349568K->349568K(349568K), 0.0780027 secs] 506815K->506798K(506816K), [Metaspace: 12963K->12963K(1060864K)], 0.0781157 secs] [Times: user=0.08 sys=0.00, real=0.08 secs] 
2017-11-10T19:39:40.341+0500: 623.800: [Full GC (Allocation Failure) 2017-11-10T19:39:40.342+0500: 623.800: [Tenured: 349568K->349568K(349568K), 0.0833595 secs] 506815K->506808K(506816K), [Metaspace: 12963K->12963K(1060864K)], 0.0834465 secs] [Times: user=0.09 sys=0.00, real=0.08 secs] 
2017-11-10T19:39:40.425+0500: 623.884: [Full GC (Allocation Failure) 2017-11-10T19:39:40.425+0500: 623.884: [Tenured: 349568K->349567K(349568K), 0.0778218 secs] 506815K->506801K(506816K), [Metaspace: 12963K->12963K(1060864K)], 0.0779059 secs] [Times: user=0.08 sys=0.00, real=0.08 secs] 
2017-11-10T19:39:40.504+0500: 623.963: [Full GC (Allocation Failure) 2017-11-10T19:39:40.504+0500: 623.963: [Tenured: 349568K->349568K(349568K), 0.0790093 secs] 506815K->506798K(506816K), [Metaspace: 12963K->12963K(1060864K)], 0.0790876 secs] [Times: user=0.08 sys=0.00, real=0.08 secs] 
2017-11-10T19:39:40.583+0500: 624.042: [Full GC (Allocation Failure) 2017-11-10T19:39:40.583+0500: 624.042: [Tenured: 349568K->349568K(349568K), 0.0802526 secs] 506815K->506798K(506816K), [Metaspace: 12963K->12963K(1060864K)], 0.0803435 secs] [Times: user=0.06 sys=0.00, real=0.08 secs] 
2017-11-10T19:39:40.665+0500: 624.124: [Full GC (Allocation Failure) 2017-11-10T19:39:40.665+0500: 624.124: [Tenured: 349568K->349568K(349568K), 0.0804134 secs] 506815K->506808K(506816K), [Metaspace: 12963K->12963K(1060864K)], 0.0805181 secs] [Times: user=0.08 sys=0.00, real=0.08 secs] 
2017-11-10T19:39:40.746+0500: 624.205: [Full GC (Allocation Failure) 2017-11-10T19:39:40.746+0500: 624.205: [Tenured: 349568K->349567K(349568K), 0.0774200 secs] 506815K->506801K(506816K), [Metaspace: 12963K->12963K(1060864K)], 0.0775202 secs] [Times: user=0.08 sys=0.00, real=0.08 secs] 
2017-11-10T19:39:40.824+0500: 624.283: [Full GC (Allocation Failure) 2017-11-10T19:39:40.824+0500: 624.283: [Tenured: 349568K->349568K(349568K), 0.0772792 secs] 506815K->506798K(506816K), [Metaspace: 12963K->12963K(1060864K)], 0.0773579 secs] [Times: user=0.08 sys=0.00, real=0.08 secs] 
2017-11-10T19:39:40.902+0500: 624.361: [Full GC (Allocation Failure) 2017-11-10T19:39:40.902+0500: 624.361: [Tenured: 349568K->349568K(349568K), 0.0769306 secs] 506815K->506798K(506816K), [Metaspace: 12963K->12963K(1060864K)], 0.0770113 secs] [Times: user=0.08 sys=0.00, real=0.08 secs] 
2017-11-10T19:39:40.980+0500: 624.439: [Full GC (Allocation Failure) 2017-11-10T19:39:40.980+0500: 624.439: [Tenured: 349568K->349568K(349568K), 0.0772503 secs] 506815K->506808K(506816K), [Metaspace: 12963K->12963K(1060864K)], 0.0773540 secs] [Times: user=0.08 sys=0.00, real=0.08 secs] 
2017-11-10T19:39:41.058+0500: 624.517: [Full GC (Allocation Failure) 2017-11-10T19:39:41.058+0500: 624.517: [Tenured: 349568K->349567K(349568K), 0.0769692 secs] 506815K->506801K(506816K), [Metaspace: 12963K->12963K(1060864K)], 0.0770411 secs] [Times: user=0.06 sys=0.02, real=0.08 secs] 
2017-11-10T19:39:41.135+0500: 624.594: [Full GC (Allocation Failure) 2017-11-10T19:39:41.135+0500: 624.594: [Tenured: 349568K->349568K(349568K), 0.0771183 secs] 506815K->506798K(506816K), [Metaspace: 12963K->12963K(1060864K)], 0.0771931 secs] [Times: user=0.08 sys=0.00, real=0.08 secs] 
2017-11-10T19:39:41.213+0500: 624.672: [Full GC (Allocation Failure) 2017-11-10T19:39:41.213+0500: 624.672: [Tenured: 349568K->349568K(349568K), 0.0772000 secs] 506815K->506798K(506816K), [Metaspace: 12963K->12963K(1060864K)], 0.0773075 secs] [Times: user=0.08 sys=0.00, real=0.08 secs] 
2017-11-10T19:39:41.291+0500: 624.750: [Full GC (Allocation Failure) 2017-11-10T19:39:41.291+0500: 624.750: [Tenured: 349568K->349568K(349568K), 0.0773862 secs] 506815K->506808K(506816K), [Metaspace: 12963K->12963K(1060864K)], 0.0774625 secs] [Times: user=0.08 sys=0.00, real=0.08 secs] 
2017-11-10T19:39:41.369+0500: 624.828: [Full GC (Allocation Failure) 2017-11-10T19:39:41.369+0500: 624.828: [Tenured: 349568K->349567K(349568K), 0.0780017 secs] 506815K->506801K(506816K), [Metaspace: 12963K->12963K(1060864K)], 0.0780819 secs] [Times: user=0.08 sys=0.00, real=0.08 secs] 
2017-11-10T19:39:41.447+0500: 624.906: [Full GC (Allocation Failure) 2017-11-10T19:39:41.447+0500: 624.906: [Tenured: 349568K->349568K(349568K), 0.0774571 secs] 506815K->506798K(506816K), [Metaspace: 12963K->12963K(1060864K)], 0.0775515 secs] [Times: user=0.08 sys=0.00, real=0.08 secs] 
2017-11-10T19:39:41.525+0500: 624.984: [Full GC (Allocation Failure) 2017-11-10T19:39:41.525+0500: 624.984: [Tenured: 349568K->349568K(349568K), 0.0767605 secs] 506815K->506798K(506816K), [Metaspace: 12963K->12963K(1060864K)], 0.0768509 secs] [Times: user=0.08 sys=0.00, real=0.08 secs] 
2017-11-10T19:39:41.603+0500: 625.062: [Full GC (Allocation Failure) 2017-11-10T19:39:41.603+0500: 625.062: [Tenured: 349568K->349568K(349568K), 0.0776419 secs] 506815K->506808K(506816K), [Metaspace: 12963K->12963K(1060864K)], 0.0777216 secs] [Times: user=0.08 sys=0.00, real=0.08 secs] 
2017-11-10T19:39:41.681+0500: 625.140: [Full GC (Allocation Failure) 2017-11-10T19:39:41.681+0500: 625.140: [Tenured: 349568K->349567K(349568K), 0.0786837 secs] 506815K->506801K(506816K), [Metaspace: 12963K->12963K(1060864K)], 0.0787918 secs] [Times: user=0.08 sys=0.00, real=0.08 secs] 
2017-11-10T19:39:41.760+0500: 625.219: [Full GC (Allocation Failure) 2017-11-10T19:39:41.760+0500: 625.219: [Tenured: 349568K->349568K(349568K), 0.0776766 secs] 506815K->506798K(506816K), [Metaspace: 12963K->12963K(1060864K)], 0.0777588 secs] [Times: user=0.08 sys=0.00, real=0.08 secs] 
2017-11-10T19:39:41.838+0500: 625.297: [Full GC (Allocation Failure) 2017-11-10T19:39:41.838+0500: 625.297: [Tenured: 349568K->349568K(349568K), 0.0781157 secs] 506815K->506798K(506816K), [Metaspace: 12963K->12963K(1060864K)], 0.0781939 secs] [Times: user=0.08 sys=0.00, real=0.08 secs] 
2017-11-10T19:39:41.917+0500: 625.376: [Full GC (Allocation Failure) 2017-11-10T19:39:41.917+0500: 625.376: [Tenured: 349568K->349568K(349568K), 0.0767712 secs] 506815K->506808K(506816K), [Metaspace: 12963K->12963K(1060864K)], 0.0768709 secs] [Times: user=0.08 sys=0.00, real=0.08 secs] 
2017-11-10T19:39:41.994+0500: 625.453: [Full GC (Allocation Failure) 2017-11-10T19:39:41.994+0500: 625.453: [Tenured: 349568K->349567K(349568K), 0.0840273 secs] 506815K->506801K(506816K), [Metaspace: 12963K->12963K(1060864K)], 0.0841559 secs] [Times: user=0.08 sys=0.00, real=0.08 secs] 
2017-11-10T19:39:42.079+0500: 625.538: [Full GC (Allocation Failure) 2017-11-10T19:39:42.079+0500: 625.538: [Tenured: 349568K->349568K(349568K), 0.0772704 secs] 506815K->506798K(506816K), [Metaspace: 12963K->12963K(1060864K)], 0.0773432 secs] [Times: user=0.08 sys=0.00, real=0.08 secs] 
2017-11-10T19:39:42.157+0500: 625.616: [Full GC (Allocation Failure) 2017-11-10T19:39:42.157+0500: 625.616: [Tenured: 349568K->349568K(349568K), 0.0768524 secs] 506815K->506798K(506816K), [Metaspace: 12963K->12963K(1060864K)], 0.0769443 secs] [Times: user=0.08 sys=0.00, real=0.08 secs] 
2017-11-10T19:39:42.234+0500: 625.693: [Full GC (Allocation Failure) 2017-11-10T19:39:42.234+0500: 625.693: [Tenured: 349568K->349568K(349568K), 0.0752669 secs] 506815K->506808K(506816K), [Metaspace: 12963K->12963K(1060864K)], 0.0753481 secs] [Times: user=0.08 sys=0.00, real=0.08 secs] 
2017-11-10T19:39:42.310+0500: 625.769: [Full GC (Allocation Failure) 2017-11-10T19:39:42.310+0500: 625.769: [Tenured: 349568K->349567K(349568K), 0.0796478 secs] 506815K->506801K(506816K), [Metaspace: 12963K->12963K(1060864K)], 0.0797603 secs] [Times: user=0.08 sys=0.00, real=0.08 secs] 
2017-11-10T19:39:42.390+0500: 625.849: [Full GC (Allocation Failure) 2017-11-10T19:39:42.390+0500: 625.849: [Tenured: 349568K->349568K(349568K), 0.0789116 secs] 506815K->506798K(506816K), [Metaspace: 12963K->12963K(1060864K)], 0.0789834 secs] [Times: user=0.08 sys=0.00, real=0.08 secs] 
2017-11-10T19:39:42.470+0500: 625.929: [Full GC (Allocation Failure) 2017-11-10T19:39:42.470+0500: 625.929: [Tenured: 349568K->349568K(349568K), 0.0780697 secs] 506815K->506798K(506816K), [Metaspace: 12963K->12963K(1060864K)], 0.0781636 secs] [Times: user=0.08 sys=0.00, real=0.08 secs] 
2017-11-10T19:39:42.548+0500: 626.008: [Full GC (Allocation Failure) 2017-11-10T19:39:42.548+0500: 626.008: [Tenured: 349568K->349568K(349568K), 0.0771609 secs] 506815K->506808K(506816K), [Metaspace: 12963K->12963K(1060864K)], 0.0772650 secs] [Times: user=0.08 sys=0.00, real=0.08 secs] 
2017-11-10T19:39:42.626+0500: 626.085: [Full GC (Allocation Failure) 2017-11-10T19:39:42.626+0500: 626.085: [Tenured: 349568K->349567K(349568K), 0.0780849 secs] 506815K->506801K(506816K), [Metaspace: 12963K->12963K(1060864K)], 0.0781621 secs] [Times: user=0.08 sys=0.00, real=0.08 secs] 
2017-11-10T19:39:42.705+0500: 626.164: [Full GC (Allocation Failure) 2017-11-10T19:39:42.705+0500: 626.164: [Tenured: 349568K->349568K(349568K), 0.0779470 secs] 506815K->506798K(506816K), [Metaspace: 12963K->12963K(1060864K)], 0.0780198 secs] [Times: user=0.08 sys=0.00, real=0.08 secs] 
2017-11-10T19:39:42.783+0500: 626.242: [Full GC (Allocation Failure) 2017-11-10T19:39:42.783+0500: 626.242: [Tenured: 349568K->349568K(349568K), 0.0777451 secs] 506815K->506798K(506816K), [Metaspace: 12963K->12963K(1060864K)], 0.0778414 secs] [Times: user=0.08 sys=0.00, real=0.08 secs] 
2017-11-10T19:39:42.862+0500: 626.321: [Full GC (Allocation Failure) 2017-11-10T19:39:42.862+0500: 626.321: [Tenured: 349568K->349568K(349568K), 0.0786373 secs] 506815K->506808K(506816K), [Metaspace: 12963K->12963K(1060864K)], 0.0787517 secs] [Times: user=0.08 sys=0.00, real=0.08 secs] 
2017-11-10T19:39:42.941+0500: 626.400: [Full GC (Allocation Failure) 2017-11-10T19:39:42.941+0500: 626.400: [Tenured: 349568K->349567K(349568K), 0.0769467 secs] 506815K->506801K(506816K), [Metaspace: 12963K->12963K(1060864K)], 0.0770220 secs] [Times: user=0.08 sys=0.00, real=0.08 secs] 
2017-11-10T19:39:43.019+0500: 626.478: [Full GC (Allocation Failure) 2017-11-10T19:39:43.019+0500: 626.478: [Tenured: 349568K->349568K(349568K), 0.0778878 secs] 506815K->506798K(506816K), [Metaspace: 12963K->12963K(1060864K)], 0.0779866 secs] [Times: user=0.08 sys=0.00, real=0.08 secs] 
2017-11-10T19:39:43.097+0500: 626.556: [Full GC (Allocation Failure) 2017-11-10T19:39:43.097+0500: 626.556: [Tenured: 349568K->349568K(349568K), 0.0769013 secs] 506815K->506798K(506816K), [Metaspace: 12963K->12963K(1060864K)], 0.0769746 secs] [Times: user=0.06 sys=0.00, real=0.08 secs] 
2017-11-10T19:39:43.174+0500: 626.634: [Full GC (Allocation Failure) 2017-11-10T19:39:43.174+0500: 626.634: [Tenured: 349568K->349568K(349568K), 0.0779250 secs] 506815K->506808K(506816K), [Metaspace: 12963K->12963K(1060864K)], 0.0780081 secs] [Times: user=0.08 sys=0.00, real=0.08 secs] 
2017-11-10T19:39:43.253+0500: 626.712: [Full GC (Allocation Failure) 2017-11-10T19:39:43.253+0500: 626.712: [Tenured: 349568K->349567K(349568K), 0.0768514 secs] 506815K->506801K(506816K), [Metaspace: 12963K->12963K(1060864K)], 0.0769394 secs] [Times: user=0.06 sys=0.00, real=0.08 secs] 
2017-11-10T19:39:43.331+0500: 626.790: [Full GC (Allocation Failure) 2017-11-10T19:39:43.331+0500: 626.790: [Tenured: 349568K->349568K(349568K), 0.0777563 secs] 506815K->506798K(506816K), [Metaspace: 12963K->12963K(1060864K)], 0.0778697 secs] [Times: user=0.08 sys=0.00, real=0.08 secs] 
2017-11-10T19:39:43.409+0500: 626.868: [Full GC (Allocation Failure) 2017-11-10T19:39:43.409+0500: 626.868: [Tenured: 349568K->349568K(349568K), 0.0767756 secs] 506815K->506798K(506816K), [Metaspace: 12963K->12963K(1060864K)], 0.0768846 secs] [Times: user=0.06 sys=0.00, real=0.08 secs] 
2017-11-10T19:39:43.486+0500: 626.946: [Full GC (Allocation Failure) 2017-11-10T19:39:43.487+0500: 626.946: [Tenured: 349568K->349568K(349568K), 0.0776248 secs] 506815K->506808K(506816K), [Metaspace: 12963K->12963K(1060864K)], 0.0777001 secs] [Times: user=0.06 sys=0.01, real=0.08 secs] 
2017-11-10T19:39:43.565+0500: 627.024: [Full GC (Allocation Failure) 2017-11-10T19:39:43.565+0500: 627.024: [Tenured: 349568K->349567K(349568K), 0.0763346 secs] 506815K->506801K(506816K), [Metaspace: 12963K->12963K(1060864K)], 0.0764050 secs] [Times: user=0.06 sys=0.00, real=0.08 secs] 
2017-11-10T19:39:43.641+0500: 627.101: [Full GC (Allocation Failure) 2017-11-10T19:39:43.641+0500: 627.101: [Tenured: 349568K->349568K(349568K), 0.0777011 secs] 506815K->506798K(506816K), [Metaspace: 12963K->12963K(1060864K)], 0.0777935 secs] [Times: user=0.08 sys=0.00, real=0.08 secs] 
2017-11-10T19:39:43.720+0500: 627.179: [Full GC (Allocation Failure) 2017-11-10T19:39:43.720+0500: 627.179: [Tenured: 349568K->349568K(349568K), 0.0808011 secs] 506815K->506798K(506816K), [Metaspace: 12963K->12963K(1060864K)], 0.0808837 secs] [Times: user=0.09 sys=0.00, real=0.08 secs] 
2017-11-10T19:39:43.801+0500: 627.260: [Full GC (Allocation Failure) 2017-11-10T19:39:43.801+0500: 627.260: [Tenured: 349568K->349568K(349568K), 0.0766490 secs] 506815K->506808K(506816K), [Metaspace: 12963K->12963K(1060864K)], 0.0767429 secs] [Times: user=0.08 sys=0.00, real=0.08 secs] 
2017-11-10T19:39:43.878+0500: 627.338: [Full GC (Allocation Failure) 2017-11-10T19:39:43.878+0500: 627.338: [Tenured: 349568K->349567K(349568K), 0.0777118 secs] 506815K->506801K(506816K), [Metaspace: 12963K->12963K(1060864K)], 0.0778169 secs] [Times: user=0.08 sys=0.00, real=0.08 secs] 
2017-11-10T19:39:43.957+0500: 627.416: [Full GC (Allocation Failure) 2017-11-10T19:39:43.957+0500: 627.416: [Tenured: 349568K->349568K(349568K), 0.0781323 secs] 506815K->506798K(506816K), [Metaspace: 12963K->12963K(1060864K)], 0.0782081 secs] [Times: user=0.08 sys=0.00, real=0.08 secs] 
2017-11-10T19:39:44.035+0500: 627.495: [Full GC (Allocation Failure) 2017-11-10T19:39:44.035+0500: 627.495: [Tenured: 349568K->349568K(349568K), 0.0760687 secs] 506815K->506798K(506816K), [Metaspace: 12963K->12963K(1060864K)], 0.0761782 secs] [Times: user=0.06 sys=0.00, real=0.08 secs] 
2017-11-10T19:39:44.112+0500: 627.572: [Full GC (Allocation Failure) 2017-11-10T19:39:44.112+0500: 627.572: [Tenured: 349568K->349568K(349568K), 0.0768983 secs] 506815K->506808K(506816K), [Metaspace: 12963K->12963K(1060864K)], 0.0769971 secs] [Times: user=0.06 sys=0.00, real=0.08 secs] 
2017-11-10T19:39:44.190+0500: 627.649: [Full GC (Allocation Failure) 2017-11-10T19:39:44.190+0500: 627.649: [Tenured: 349568K->349567K(349568K), 0.0787874 secs] 506815K->506801K(506816K), [Metaspace: 12963K->12963K(1060864K)], 0.0788622 secs] [Times: user=0.08 sys=0.00, real=0.08 secs] 
2017-11-10T19:39:44.269+0500: 627.728: [Full GC (Allocation Failure) 2017-11-10T19:39:44.270+0500: 627.729: [Tenured: 349568K->349568K(349568K), 0.0786295 secs] 506815K->506798K(506816K), [Metaspace: 12963K->12963K(1060864K)], 0.0789013 secs] [Times: user=0.08 sys=0.00, real=0.08 secs] 
2017-11-10T19:39:44.349+0500: 627.808: [Full GC (Allocation Failure) 2017-11-10T19:39:44.349+0500: 627.808: [Tenured: 349568K->349568K(349568K), 0.0754771 secs] 506815K->506798K(506816K), [Metaspace: 12963K->12963K(1060864K)], 0.0755500 secs] [Times: user=0.06 sys=0.00, real=0.08 secs] 
2017-11-10T19:39:44.425+0500: 627.884: [Full GC (Allocation Failure) 2017-11-10T19:39:44.425+0500: 627.884: [Tenured: 349568K->349568K(349568K), 0.0764881 secs] 506815K->506808K(506816K), [Metaspace: 12963K->12963K(1060864K)], 0.0765634 secs] [Times: user=0.06 sys=0.00, real=0.08 secs] 
2017-11-10T19:39:44.502+0500: 627.961: [Full GC (Allocation Failure) 2017-11-10T19:39:44.502+0500: 627.961: [Tenured: 349568K->349567K(349568K), 0.0782310 secs] 506815K->506801K(506816K), [Metaspace: 12963K->12963K(1060864K)], 0.0783122 secs] [Times: user=0.08 sys=0.00, real=0.08 secs] 
2017-11-10T19:39:44.582+0500: 628.041: [Full GC (Allocation Failure) 2017-11-10T19:39:44.582+0500: 628.041: [Tenured: 349568K->349568K(349568K), 0.0800184 secs] 506815K->506798K(506816K), [Metaspace: 12963K->12963K(1060864K)], 0.0801357 secs] [Times: user=0.06 sys=0.00, real=0.08 secs] 
2017-11-10T19:39:44.663+0500: 628.122: [Full GC (Allocation Failure) 2017-11-10T19:39:44.664+0500: 628.122: [Tenured: 349568K->349568K(349568K), 0.0777099 secs] 506815K->506798K(506816K), [Metaspace: 12963K->12963K(1060864K)], 0.0778116 secs] [Times: user=0.08 sys=0.00, real=0.08 secs] 
2017-11-10T19:39:44.742+0500: 628.201: [Full GC (Allocation Failure) 2017-11-10T19:39:44.742+0500: 628.201: [Tenured: 349568K->349568K(349568K), 0.0779817 secs] 506815K->506808K(506816K), [Metaspace: 12963K->12963K(1060864K)], 0.0780570 secs] [Times: user=0.08 sys=0.00, real=0.08 secs] 
2017-11-10T19:39:44.820+0500: 628.279: [Full GC (Allocation Failure) 2017-11-10T19:39:44.820+0500: 628.279: [Tenured: 349568K->349567K(349568K), 0.0772792 secs] 506815K->506801K(506816K), [Metaspace: 12963K->12963K(1060864K)], 0.0773530 secs] [Times: user=0.08 sys=0.00, real=0.08 secs] 
2017-11-10T19:39:44.898+0500: 628.357: [Full GC (Allocation Failure) 2017-11-10T19:39:44.898+0500: 628.357: [Tenured: 349568K->349568K(349568K), 0.0765395 secs] 506815K->506798K(506816K), [Metaspace: 12963K->12963K(1060864K)], 0.0766182 secs] [Times: user=0.08 sys=0.00, real=0.08 secs] 
2017-11-10T19:39:44.975+0500: 628.434: [Full GC (Allocation Failure) 2017-11-10T19:39:44.975+0500: 628.434: [Tenured: 349568K->349568K(349568K), 0.0763302 secs] 506815K->506798K(506816K), [Metaspace: 12963K->12963K(1060864K)], 0.0764085 secs] [Times: user=0.08 sys=0.00, real=0.08 secs] 
2017-11-10T19:39:45.052+0500: 628.511: [Full GC (Allocation Failure) 2017-11-10T19:39:45.052+0500: 628.511: [Tenured: 349568K->349568K(349568K), 0.0770406 secs] 506815K->506808K(506816K), [Metaspace: 12963K->12963K(1060864K)], 0.0771286 secs] [Times: user=0.08 sys=0.00, real=0.08 secs] 
2017-11-10T19:39:45.129+0500: 628.588: [Full GC (Allocation Failure) 2017-11-10T19:39:45.129+0500: 628.588: [Tenured: 349568K->349567K(349568K), 0.0763190 secs] 506815K->506801K(506816K), [Metaspace: 12963K->12963K(1060864K)], 0.0763953 secs] [Times: user=0.08 sys=0.00, real=0.08 secs] 
2017-11-10T19:39:45.206+0500: 628.665: [Full GC (Allocation Failure) 2017-11-10T19:39:45.206+0500: 628.665: [Tenured: 349568K->349568K(349568K), 0.0772210 secs] 506815K->506798K(506816K), [Metaspace: 12963K->12963K(1060864K)], 0.0772919 secs] [Times: user=0.08 sys=0.00, real=0.08 secs] 
2017-11-10T19:39:45.284+0500: 628.743: [Full GC (Allocation Failure) 2017-11-10T19:39:45.284+0500: 628.743: [Tenured: 349568K->349568K(349568K), 0.0772283 secs] 506815K->506798K(506816K), [Metaspace: 12963K->12963K(1060864K)], 0.0773251 secs] [Times: user=0.06 sys=0.00, real=0.08 secs] 
2017-11-10T19:39:45.362+0500: 628.821: [Full GC (Allocation Failure) 2017-11-10T19:39:45.362+0500: 628.821: [Tenured: 349568K->349568K(349568K), 0.0766426 secs] 506815K->506808K(506816K), [Metaspace: 12963K->12963K(1060864K)], 0.0767233 secs] [Times: user=0.06 sys=0.00, real=0.08 secs] 
2017-11-10T19:39:45.439+0500: 628.898: [Full GC (Allocation Failure) 2017-11-10T19:39:45.439+0500: 628.898: [Tenured: 349568K->349567K(349568K), 0.0764143 secs] 506815K->506801K(506816K), [Metaspace: 12963K->12963K(1060864K)], 0.0764886 secs] [Times: user=0.08 sys=0.00, real=0.08 secs] 
2017-11-10T19:39:45.516+0500: 628.975: [Full GC (Allocation Failure) 2017-11-10T19:39:45.516+0500: 628.975: [Tenured: 349568K->349568K(349568K), 0.0753862 secs] 506815K->506798K(506816K), [Metaspace: 12963K->12963K(1060864K)], 0.0754581 secs] [Times: user=0.08 sys=0.00, real=0.08 secs] 
2017-11-10T19:39:45.592+0500: 629.051: [Full GC (Allocation Failure) 2017-11-10T19:39:45.592+0500: 629.051: [Tenured: 349568K->349568K(349568K), 0.0801411 secs] 506815K->506798K(506816K), [Metaspace: 12963K->12963K(1060864K)], 0.0802277 secs] [Times: user=0.08 sys=0.00, real=0.08 secs] 
2017-11-10T19:39:45.673+0500: 629.132: [Full GC (Allocation Failure) 2017-11-10T19:39:45.673+0500: 629.132: [Tenured: 349568K->349568K(349568K), 0.0791110 secs] 506815K->506808K(506816K), [Metaspace: 12963K->12963K(1060864K)], 0.0791868 secs] [Times: user=0.08 sys=0.00, real=0.08 secs] 
2017-11-10T19:39:45.752+0500: 629.211: [Full GC (Allocation Failure) 2017-11-10T19:39:45.752+0500: 629.211: [Tenured: 349568K->349567K(349568K), 0.0761865 secs] 506815K->506801K(506816K), [Metaspace: 12963K->12963K(1060864K)], 0.0762730 secs] [Times: user=0.08 sys=0.00, real=0.08 secs] 
2017-11-10T19:39:45.830+0500: 629.289: [Full GC (Allocation Failure) 2017-11-10T19:39:45.830+0500: 629.289: [Tenured: 349568K->349568K(349568K), 0.0792469 secs] 506815K->506798K(506816K), [Metaspace: 12963K->12963K(1060864K)], 0.0793579 secs] [Times: user=0.09 sys=0.00, real=0.08 secs] 
2017-11-10T19:39:45.909+0500: 629.368: [Full GC (Allocation Failure) 2017-11-10T19:39:45.909+0500: 629.369: [Tenured: 349568K->349568K(349568K), 0.0779837 secs] 506815K->506798K(506816K), [Metaspace: 12963K->12963K(1060864K)], 0.0780663 secs] [Times: user=0.08 sys=0.00, real=0.08 secs] 
2017-11-10T19:39:45.988+0500: 629.447: [Full GC (Allocation Failure) 2017-11-10T19:39:45.988+0500: 629.447: [Tenured: 349568K->349568K(349568K), 0.0783709 secs] 506815K->506808K(506816K), [Metaspace: 12963K->12963K(1060864K)], 0.0785605 secs] [Times: user=0.08 sys=0.00, real=0.08 secs] 
2017-11-10T19:39:46.067+0500: 629.526: [Full GC (Allocation Failure) 2017-11-10T19:39:46.067+0500: 629.526: [Tenured: 349568K->349567K(349568K), 0.0761728 secs] 506815K->506801K(506816K), [Metaspace: 12963K->12963K(1060864K)], 0.0762603 secs] [Times: user=0.08 sys=0.00, real=0.08 secs] 
2017-11-10T19:39:46.144+0500: 629.603: [Full GC (Allocation Failure) 2017-11-10T19:39:46.144+0500: 629.603: [Tenured: 349568K->349568K(349568K), 0.0782447 secs] 506815K->506798K(506816K), [Metaspace: 12963K->12963K(1060864K)], 0.0783767 secs] [Times: user=0.08 sys=0.00, real=0.08 secs] 
2017-11-10T19:39:46.223+0500: 629.682: [Full GC (Allocation Failure) 2017-11-10T19:39:46.223+0500: 629.682: [Tenured: 349568K->349568K(349568K), 0.0776302 secs] 506815K->506798K(506816K), [Metaspace: 12963K->12963K(1060864K)], 0.0777025 secs] [Times: user=0.08 sys=0.00, real=0.08 secs] 
2017-11-10T19:39:46.301+0500: 629.760: [Full GC (Allocation Failure) 2017-11-10T19:39:46.301+0500: 629.760: [Tenured: 349568K->349568K(349568K), 0.0775691 secs] 506815K->506808K(506816K), [Metaspace: 12963K->12963K(1060864K)], 0.0776610 secs] [Times: user=0.08 sys=0.00, real=0.08 secs] 
2017-11-10T19:39:46.379+0500: 629.838: [Full GC (Allocation Failure) 2017-11-10T19:39:46.379+0500: 629.838: [Tenured: 349568K->349567K(349568K), 0.0775148 secs] 506815K->506801K(506816K), [Metaspace: 12963K->12963K(1060864K)], 0.0776282 secs] [Times: user=0.08 sys=0.00, real=0.08 secs] 
2017-11-10T19:39:46.457+0500: 629.916: [Full GC (Allocation Failure) 2017-11-10T19:39:46.457+0500: 629.916: [Tenured: 349568K->349568K(349568K), 0.0782188 secs] 506815K->506798K(506816K), [Metaspace: 12963K->12963K(1060864K)], 0.0783137 secs] [Times: user=0.08 sys=0.00, real=0.08 secs] 
2017-11-10T19:39:46.536+0500: 629.995: [Full GC (Allocation Failure) 2017-11-10T19:39:46.536+0500: 629.995: [Tenured: 349568K->349568K(349568K), 0.0768455 secs] 506815K->506798K(506816K), [Metaspace: 12963K->12963K(1060864K)], 0.0769193 secs] [Times: user=0.08 sys=0.00, real=0.08 secs] 
2017-11-10T19:39:46.613+0500: 630.073: [Full GC (Allocation Failure) 2017-11-10T19:39:46.614+0500: 630.073: [Tenured: 349568K->349568K(349568K), 0.0763234 secs] 506815K->506808K(506816K), [Metaspace: 12963K->12963K(1060864K)], 0.0764285 secs] [Times: user=0.08 sys=0.00, real=0.08 secs] 
2017-11-10T19:39:46.690+0500: 630.149: [Full GC (Allocation Failure) 2017-11-10T19:39:46.690+0500: 630.149: [Tenured: 349568K->349567K(349568K), 0.0782276 secs] 506815K->506801K(506816K), [Metaspace: 12963K->12963K(1060864K)], 0.0783254 secs] [Times: user=0.08 sys=0.00, real=0.08 secs] 
2017-11-10T19:39:46.769+0500: 630.228: [Full GC (Allocation Failure) 2017-11-10T19:39:46.769+0500: 630.228: [Tenured: 349568K->349568K(349568K), 0.0773574 secs] 506815K->506798K(506816K), [Metaspace: 12963K->12963K(1060864K)], 0.0774288 secs] [Times: user=0.08 sys=0.00, real=0.08 secs] 
2017-11-10T19:39:46.847+0500: 630.306: [Full GC (Allocation Failure) 2017-11-10T19:39:46.847+0500: 630.306: [Tenured: 349568K->349568K(349568K), 0.0773647 secs] 506815K->506798K(506816K), [Metaspace: 12963K->12963K(1060864K)], 0.0774381 secs] [Times: user=0.08 sys=0.00, real=0.08 secs] 
2017-11-10T19:39:46.925+0500: 630.384: [Full GC (Allocation Failure) 2017-11-10T19:39:46.925+0500: 630.384: [Tenured: 349568K->349568K(349568K), 0.0768225 secs] 506815K->506808K(506816K), [Metaspace: 12963K->12963K(1060864K)], 0.0768998 secs] [Times: user=0.06 sys=0.00, real=0.08 secs] 
2017-11-10T19:39:47.002+0500: 630.461: [Full GC (Allocation Failure) 2017-11-10T19:39:47.002+0500: 630.461: [Tenured: 349568K->349567K(349568K), 0.0826408 secs] 506815K->506801K(506816K), [Metaspace: 12963K->12963K(1060864K)], 0.0827405 secs] [Times: user=0.08 sys=0.00, real=0.08 secs] 
2017-11-10T19:39:47.085+0500: 630.545: [Full GC (Allocation Failure) 2017-11-10T19:39:47.085+0500: 630.545: [Tenured: 349568K->349568K(349568K), 0.0775104 secs] 506815K->506798K(506816K), [Metaspace: 12963K->12963K(1060864K)], 0.0775857 secs] [Times: user=0.08 sys=0.00, real=0.08 secs] 
2017-11-10T19:39:47.163+0500: 630.623: [Full GC (Allocation Failure) 2017-11-10T19:39:47.163+0500: 630.623: [Tenured: 349568K->349568K(349568K), 0.0806818 secs] 506815K->506798K(506816K), [Metaspace: 12963K->12963K(1060864K)], 0.0807708 secs] [Times: user=0.08 sys=0.00, real=0.08 secs] 
2017-11-10T19:39:47.245+0500: 630.704: [Full GC (Allocation Failure) 2017-11-10T19:39:47.245+0500: 630.704: [Tenured: 349568K->349568K(349568K), 0.0785821 secs] 506815K->506808K(506816K), [Metaspace: 12963K->12963K(1060864K)], 0.0787150 secs] [Times: user=0.08 sys=0.00, real=0.08 secs] 
2017-11-10T19:39:47.324+0500: 630.783: [Full GC (Allocation Failure) 2017-11-10T19:39:47.324+0500: 630.783: [Tenured: 349568K->349567K(349568K), 0.0777602 secs] 506815K->506801K(506816K), [Metaspace: 12963K->12963K(1060864K)], 0.0778375 secs] [Times: user=0.08 sys=0.00, real=0.08 secs] 
2017-11-10T19:39:47.402+0500: 630.862: [Full GC (Allocation Failure) 2017-11-10T19:39:47.402+0500: 630.862: [Tenured: 349568K->349568K(349568K), 0.0771858 secs] 506815K->506798K(506816K), [Metaspace: 12963K->12963K(1060864K)], 0.0772938 secs] [Times: user=0.08 sys=0.00, real=0.08 secs] 
2017-11-10T19:39:47.480+0500: 630.939: [Full GC (Allocation Failure) 2017-11-10T19:39:47.480+0500: 630.939: [Tenured: 349568K->349568K(349568K), 0.0769677 secs] 506815K->506798K(506816K), [Metaspace: 12963K->12963K(1060864K)], 0.0770660 secs] [Times: user=0.08 sys=0.00, real=0.08 secs] 
2017-11-10T19:39:47.558+0500: 631.017: [Full GC (Allocation Failure) 2017-11-10T19:39:47.558+0500: 631.017: [Tenured: 349568K->349568K(349568K), 0.0771697 secs] 506815K->506808K(506816K), [Metaspace: 12963K->12963K(1060864K)], 0.0772459 secs] [Times: user=0.08 sys=0.00, real=0.08 secs] 
2017-11-10T19:39:47.635+0500: 631.094: [Full GC (Allocation Failure) 2017-11-10T19:39:47.635+0500: 631.095: [Tenured: 349568K->349567K(349568K), 0.0770719 secs] 506815K->506801K(506816K), [Metaspace: 12963K->12963K(1060864K)], 0.0771525 secs] [Times: user=0.08 sys=0.00, real=0.08 secs] 
2017-11-10T19:39:47.713+0500: 631.172: [Full GC (Allocation Failure) 2017-11-10T19:39:47.713+0500: 631.172: [Tenured: 349568K->349568K(349568K), 0.0764309 secs] 506815K->506798K(506816K), [Metaspace: 12963K->12963K(1060864K)], 0.0765365 secs] [Times: user=0.08 sys=0.00, real=0.08 secs] 
2017-11-10T19:39:47.790+0500: 631.249: [Full GC (Allocation Failure) 2017-11-10T19:39:47.790+0500: 631.249: [Tenured: 349568K->349568K(349568K), 0.0784281 secs] 506815K->506798K(506816K), [Metaspace: 12963K->12963K(1060864K)], 0.0785341 secs] [Times: user=0.08 sys=0.00, real=0.08 secs] 
2017-11-10T19:39:47.869+0500: 631.328: [Full GC (Allocation Failure) 2017-11-10T19:39:47.869+0500: 631.328: [Tenured: 349568K->349568K(349568K), 0.0789834 secs] 506815K->506808K(506816K), [Metaspace: 12963K->12963K(1060864K)], 0.0791037 secs] [Times: user=0.08 sys=0.00, real=0.08 secs] 
2017-11-10T19:39:47.948+0500: 631.408: [Full GC (Allocation Failure) 2017-11-10T19:39:47.948+0500: 631.408: [Tenured: 349568K->349567K(349568K), 0.0755431 secs] 506815K->506801K(506816K), [Metaspace: 12963K->12963K(1060864K)], 0.0756253 secs] [Times: user=0.08 sys=0.00, real=0.08 secs] 
2017-11-10T19:39:48.025+0500: 631.484: [Full GC (Allocation Failure) 2017-11-10T19:39:48.025+0500: 631.484: [Tenured: 349568K->349568K(349568K), 0.0770181 secs] 506815K->506798K(506816K), [Metaspace: 12963K->12963K(1060864K)], 0.0770895 secs] [Times: user=0.08 sys=0.00, real=0.08 secs] 
2017-11-10T19:39:48.102+0500: 631.561: [Full GC (Allocation Failure) 2017-11-10T19:39:48.102+0500: 631.561: [Tenured: 349568K->349568K(349568K), 0.0776160 secs] 506815K->506798K(506816K), [Metaspace: 12963K->12963K(1060864K)], 0.0776952 secs] [Times: user=0.08 sys=0.00, real=0.08 secs] 
2017-11-10T19:39:48.181+0500: 631.640: [Full GC (Allocation Failure) 2017-11-10T19:39:48.181+0500: 631.640: [Tenured: 349568K->349568K(349568K), 0.0772190 secs] 506815K->506808K(506816K), [Metaspace: 12963K->12963K(1060864K)], 0.0773012 secs] [Times: user=0.08 sys=0.00, real=0.08 secs] 
2017-11-10T19:39:48.258+0500: 631.717: [Full GC (Allocation Failure) 2017-11-10T19:39:48.258+0500: 631.717: [Tenured: 349568K->349567K(349568K), 0.0771985 secs] 506815K->506801K(506816K), [Metaspace: 12963K->12963K(1060864K)], 0.0772723 secs] [Times: user=0.08 sys=0.00, real=0.08 secs] 
2017-11-10T19:39:48.336+0500: 631.795: [Full GC (Allocation Failure) 2017-11-10T19:39:48.336+0500: 631.795: [Tenured: 349568K->349568K(349568K), 0.0769164 secs] 506815K->506798K(506816K), [Metaspace: 12963K->12963K(1060864K)], 0.0770005 secs] [Times: user=0.08 sys=0.00, real=0.08 secs] 
2017-11-10T19:39:48.414+0500: 631.873: [Full GC (Allocation Failure) 2017-11-10T19:39:48.414+0500: 631.873: [Tenured: 349568K->349568K(349568K), 0.0767150 secs] 506815K->506798K(506816K), [Metaspace: 12963K->12963K(1060864K)], 0.0767922 secs] [Times: user=0.08 sys=0.00, real=0.08 secs] 
2017-11-10T19:39:48.491+0500: 631.950: [Full GC (Allocation Failure) 2017-11-10T19:39:48.491+0500: 631.950: [Tenured: 349568K->349568K(349568K), 0.0768841 secs] 506815K->506808K(506816K), [Metaspace: 12963K->12963K(1060864K)], 0.0769682 secs] [Times: user=0.08 sys=0.00, real=0.08 secs] 
2017-11-10T19:39:48.568+0500: 632.027: [Full GC (Allocation Failure) 2017-11-10T19:39:48.568+0500: 632.027: [Tenured: 349568K->349567K(349568K), 0.0760041 secs] 506815K->506801K(506816K), [Metaspace: 12963K->12963K(1060864K)], 0.0760838 secs] [Times: user=0.08 sys=0.00, real=0.08 secs] 
2017-11-10T19:39:48.645+0500: 632.104: [Full GC (Allocation Failure) 2017-11-10T19:39:48.645+0500: 632.104: [Tenured: 349568K->349568K(349568K), 0.0785835 secs] 506815K->506798K(506816K), [Metaspace: 12963K->12963K(1060864K)], 0.0787033 secs] [Times: user=0.08 sys=0.00, real=0.08 secs] 
2017-11-10T19:39:48.724+0500: 632.183: [Full GC (Allocation Failure) 2017-11-10T19:39:48.724+0500: 632.183: [Tenured: 349568K->349568K(349568K), 0.0765273 secs] 506815K->506798K(506816K), [Metaspace: 12963K->12963K(1060864K)], 0.0766021 secs] [Times: user=0.08 sys=0.00, real=0.08 secs] 
2017-11-10T19:39:48.801+0500: 632.260: [Full GC (Allocation Failure) 2017-11-10T19:39:48.801+0500: 632.260: [Tenured: 349568K->349568K(349568K), 0.0774156 secs] 506815K->506808K(506816K), [Metaspace: 12963K->12963K(1060864K)], 0.0775006 secs] [Times: user=0.08 sys=0.00, real=0.08 secs] 
2017-11-10T19:39:48.879+0500: 632.338: [Full GC (Allocation Failure) 2017-11-10T19:39:48.879+0500: 632.338: [Tenured: 349568K->349567K(349568K), 0.0763928 secs] 506815K->506801K(506816K), [Metaspace: 12963K->12963K(1060864K)], 0.0764671 secs] [Times: user=0.08 sys=0.00, real=0.08 secs] 
2017-11-10T19:39:48.956+0500: 632.415: [Full GC (Allocation Failure) 2017-11-10T19:39:48.956+0500: 632.415: [Tenured: 349568K->349568K(349568K), 0.0774297 secs] 506815K->506798K(506816K), [Metaspace: 12963K->12963K(1060864K)], 0.0775070 secs] [Times: user=0.08 sys=0.00, real=0.08 secs] 
2017-11-10T19:39:49.034+0500: 632.493: [Full GC (Allocation Failure) 2017-11-10T19:39:49.034+0500: 632.493: [Tenured: 349568K->349568K(349568K), 0.0756331 secs] 506815K->506798K(506816K), [Metaspace: 12963K->12963K(1060864K)], 0.0757392 secs] [Times: user=0.06 sys=0.00, real=0.08 secs] 
2017-11-10T19:39:49.111+0500: 632.570: [Full GC (Allocation Failure) 2017-11-10T19:39:49.111+0500: 632.570: [Tenured: 349568K->349568K(349568K), 0.0781929 secs] 506815K->506808K(506816K), [Metaspace: 12963K->12963K(1060864K)], 0.0782980 secs] [Times: user=0.08 sys=0.00, real=0.08 secs] 
2017-11-10T19:39:49.189+0500: 632.648: [Full GC (Allocation Failure) 2017-11-10T19:39:49.189+0500: 632.648: [Tenured: 349568K->349567K(349568K), 0.0780902 secs] 506815K->506801K(506816K), [Metaspace: 12963K->12963K(1060864K)], 0.0781738 secs] [Times: user=0.08 sys=0.00, real=0.08 secs] 
2017-11-10T19:39:49.268+0500: 632.727: [Full GC (Allocation Failure) 2017-11-10T19:39:49.268+0500: 632.727: [Tenured: 349568K->349568K(349568K), 0.0756869 secs] 506815K->506798K(506816K), [Metaspace: 12963K->12963K(1060864K)], 0.0757729 secs] [Times: user=0.08 sys=0.00, real=0.08 secs] 
2017-11-10T19:39:49.344+0500: 632.803: [Full GC (Allocation Failure) 2017-11-10T19:39:49.345+0500: 632.804: [Tenured: 349568K->349568K(349568K), 0.0776302 secs] 506815K->506798K(506816K), [Metaspace: 12963K->12963K(1060864K)], 0.0777289 secs] [Times: user=0.08 sys=0.00, real=0.08 secs] 
2017-11-10T19:39:49.423+0500: 632.882: [Full GC (Allocation Failure) 2017-11-10T19:39:49.423+0500: 632.882: [Tenured: 349568K->349568K(349568K), 0.0761484 secs] 506815K->506808K(506816K), [Metaspace: 12963K->12963K(1060864K)], 0.0762232 secs] [Times: user=0.08 sys=0.00, real=0.08 secs] 
2017-11-10T19:39:49.499+0500: 632.958: [Full GC (Allocation Failure) 2017-11-10T19:39:49.499+0500: 632.958: [Tenured: 349568K->349567K(349568K), 0.0770416 secs] 506815K->506801K(506816K), [Metaspace: 12963K->12963K(1060864K)], 0.0771110 secs] [Times: user=0.08 sys=0.00, real=0.08 secs] 
2017-11-10T19:39:49.577+0500: 633.036: [Full GC (Allocation Failure) 2017-11-10T19:39:49.577+0500: 633.036: [Tenured: 349568K->349568K(349568K), 0.0777827 secs] 506815K->506798K(506816K), [Metaspace: 12963K->12963K(1060864K)], 0.0778551 secs] [Times: user=0.08 sys=0.00, real=0.08 secs] 
2017-11-10T19:39:49.655+0500: 633.114: [Full GC (Allocation Failure) 2017-11-10T19:39:49.655+0500: 633.114: [Tenured: 349568K->349568K(349568K), 0.0787365 secs] 506815K->506798K(506816K), [Metaspace: 12963K->12963K(1060864K)], 0.0788157 secs] [Times: user=0.08 sys=0.00, real=0.08 secs] 
2017-11-10T19:39:49.734+0500: 633.193: [Full GC (Allocation Failure) 2017-11-10T19:39:49.734+0500: 633.193: [Tenured: 349568K->349568K(349568K), 0.0788485 secs] 506815K->506808K(506816K), [Metaspace: 12963K->12963K(1060864K)], 0.0789311 secs] [Times: user=0.08 sys=0.00, real=0.08 secs] 
2017-11-10T19:39:49.814+0500: 633.273: [Full GC (Allocation Failure) 2017-11-10T19:39:49.814+0500: 633.273: [Tenured: 349568K->349567K(349568K), 0.0768353 secs] 506815K->506801K(506816K), [Metaspace: 12963K->12963K(1060864K)], 0.0769179 secs] [Times: user=0.08 sys=0.00, real=0.08 secs] 
2017-11-10T19:39:49.891+0500: 633.350: [Full GC (Allocation Failure) 2017-11-10T19:39:49.891+0500: 633.350: [Tenured: 349568K->349568K(349568K), 0.0778756 secs] 506815K->506798K(506816K), [Metaspace: 12963K->12963K(1060864K)], 0.0779553 secs] [Times: user=0.08 sys=0.00, real=0.08 secs] 
2017-11-10T19:39:49.970+0500: 633.429: [Full GC (Allocation Failure) 2017-11-10T19:39:49.970+0500: 633.429: [Tenured: 349568K->349568K(349568K), 0.0773745 secs] 506815K->506798K(506816K), [Metaspace: 12963K->12963K(1060864K)], 0.0774757 secs] [Times: user=0.08 sys=0.00, real=0.08 secs] 
2017-11-10T19:39:50.048+0500: 633.507: [Full GC (Allocation Failure) 2017-11-10T19:39:50.048+0500: 633.507: [Tenured: 349568K->349568K(349568K), 0.0772308 secs] 506815K->506808K(506816K), [Metaspace: 12963K->12963K(1060864K)], 0.0773339 secs] [Times: user=0.08 sys=0.00, real=0.08 secs] 
2017-11-10T19:39:50.125+0500: 633.584: [Full GC (Allocation Failure) 2017-11-10T19:39:50.125+0500: 633.584: [Tenured: 349568K->349567K(349568K), 0.0783376 secs] 506815K->506801K(506816K), [Metaspace: 12963K->12963K(1060864K)], 0.0784241 secs] [Times: user=0.08 sys=0.00, real=0.08 secs] 
2017-11-10T19:39:50.204+0500: 633.663: [Full GC (Allocation Failure) 2017-11-10T19:39:50.204+0500: 633.663: [Tenured: 349568K->349568K(349568K), 0.0768211 secs] 506815K->506798K(506816K), [Metaspace: 12963K->12963K(1060864K)], 0.0769091 secs] [Times: user=0.08 sys=0.00, real=0.08 secs] 
2017-11-10T19:39:50.282+0500: 633.741: [Full GC (Allocation Failure) 2017-11-10T19:39:50.282+0500: 633.741: [Tenured: 349568K->349568K(349568K), 0.0766094 secs] 506815K->506798K(506816K), [Metaspace: 12963K->12963K(1060864K)], 0.0766817 secs] [Times: user=0.08 sys=0.00, real=0.08 secs] 
2017-11-10T19:39:50.359+0500: 633.818: [Full GC (Allocation Failure) 2017-11-10T19:39:50.359+0500: 633.818: [Tenured: 349568K->349568K(349568K), 0.0772977 secs] 506815K->506808K(506816K), [Metaspace: 12963K->12963K(1060864K)], 0.0773809 secs] [Times: user=0.08 sys=0.00, real=0.08 secs] 
2017-11-10T19:39:50.436+0500: 633.896: [Full GC (Allocation Failure) 2017-11-10T19:39:50.437+0500: 633.896: [Tenured: 349568K->349567K(349568K), 0.0787659 secs] 506815K->506801K(506816K), [Metaspace: 12963K->12963K(1060864K)], 0.0788773 secs] [Times: user=0.08 sys=0.00, real=0.08 secs] 
2017-11-10T19:39:50.516+0500: 633.975: [Full GC (Allocation Failure) 2017-11-10T19:39:50.516+0500: 633.975: [Tenured: 349568K->349568K(349568K), 0.0752229 secs] 506815K->506798K(506816K), [Metaspace: 12963K->12963K(1060864K)], 0.0753060 secs] [Times: user=0.08 sys=0.00, real=0.08 secs] 
2017-11-10T19:39:50.592+0500: 634.051: [Full GC (Allocation Failure) 2017-11-10T19:39:50.592+0500: 634.051: [Tenured: 349568K->349568K(349568K), 0.0779656 secs] 506815K->506798K(506816K), [Metaspace: 12963K->12963K(1060864K)], 0.0780819 secs] [Times: user=0.08 sys=0.00, real=0.08 secs] 
2017-11-10T19:39:50.670+0500: 634.130: [Full GC (Allocation Failure) 2017-11-10T19:39:50.670+0500: 634.130: [Tenured: 349568K->349568K(349568K), 0.0783572 secs] 506815K->506808K(506816K), [Metaspace: 12963K->12963K(1060864K)], 0.0784373 secs] [Times: user=0.08 sys=0.00, real=0.08 secs] 
2017-11-10T19:39:50.749+0500: 634.208: [Full GC (Allocation Failure) 2017-11-10T19:39:50.749+0500: 634.208: [Tenured: 349568K->349567K(349568K), 0.0757216 secs] 506815K->506801K(506816K), [Metaspace: 12963K->12963K(1060864K)], 0.0757959 secs] [Times: user=0.08 sys=0.00, real=0.08 secs] 
2017-11-10T19:39:50.826+0500: 634.285: [Full GC (Allocation Failure) 2017-11-10T19:39:50.826+0500: 634.285: [Tenured: 349568K->349568K(349568K), 0.0786730 secs] 506815K->506798K(506816K), [Metaspace: 12963K->12963K(1060864K)], 0.0787497 secs] [Times: user=0.08 sys=0.00, real=0.08 secs] 
2017-11-10T19:39:50.905+0500: 634.364: [Full GC (Allocation Failure) 2017-11-10T19:39:50.905+0500: 634.364: [Tenured: 349568K->349568K(349568K), 0.0783200 secs] 506815K->506798K(506816K), [Metaspace: 12963K->12963K(1060864K)], 0.0783943 secs] [Times: user=0.08 sys=0.00, real=0.08 secs] 
2017-11-10T19:39:50.984+0500: 634.443: [Full GC (Allocation Failure) 2017-11-10T19:39:50.984+0500: 634.443: [Tenured: 349568K->349568K(349568K), 0.0770240 secs] 506815K->506808K(506816K), [Metaspace: 12963K->12963K(1060864K)], 0.0771286 secs] [Times: user=0.08 sys=0.00, real=0.08 secs] 
2017-11-10T19:39:51.061+0500: 634.521: [Full GC (Allocation Failure) 2017-11-10T19:39:51.061+0500: 634.521: [Tenured: 349568K->349567K(349568K), 0.0779323 secs] 506815K->506801K(506816K), [Metaspace: 12963K->12963K(1060864K)], 0.0780565 secs] [Times: user=0.08 sys=0.00, real=0.08 secs] 
2017-11-10T19:39:51.140+0500: 634.599: [Full GC (Allocation Failure) 2017-11-10T19:39:51.140+0500: 634.599: [Tenured: 349568K->349568K(349568K), 0.0768475 secs] 506815K->506798K(506816K), [Metaspace: 12963K->12963K(1060864K)], 0.0769492 secs] [Times: user=0.08 sys=0.00, real=0.08 secs] 
2017-11-10T19:39:51.217+0500: 634.676: [Full GC (Allocation Failure) 2017-11-10T19:39:51.217+0500: 634.676: [Tenured: 349568K->349568K(349568K), 0.0765385 secs] 506815K->506798K(506816K), [Metaspace: 12963K->12963K(1060864K)], 0.0766236 secs] [Times: user=0.08 sys=0.00, real=0.08 secs] 
2017-11-10T19:39:51.295+0500: 634.754: [Full GC (Allocation Failure) 2017-11-10T19:39:51.295+0500: 634.754: [Tenured: 349568K->349568K(349568K), 0.0782159 secs] 506815K->506808K(506816K), [Metaspace: 12963K->12963K(1060864K)], 0.0783190 secs] [Times: user=0.08 sys=0.00, real=0.08 secs] 
2017-11-10T19:39:51.373+0500: 634.833: [Full GC (Allocation Failure) 2017-11-10T19:39:51.373+0500: 634.833: [Tenured: 349568K->349567K(349568K), 0.0779920 secs] 506815K->506801K(506816K), [Metaspace: 12963K->12963K(1060864K)], 0.0780677 secs] [Times: user=0.08 sys=0.00, real=0.08 secs] 
2017-11-10T19:39:51.452+0500: 634.911: [Full GC (Allocation Failure) 2017-11-10T19:39:51.452+0500: 634.911: [Tenured: 349568K->349568K(349568K), 0.0764789 secs] 506815K->506798K(506816K), [Metaspace: 12963K->12963K(1060864K)], 0.0765688 secs] [Times: user=0.08 sys=0.00, real=0.08 secs] 
2017-11-10T19:39:51.529+0500: 634.988: [Full GC (Allocation Failure) 2017-11-10T19:39:51.529+0500: 634.988: [Tenured: 349568K->349568K(349568K), 0.0764094 secs] 506815K->506798K(506816K), [Metaspace: 12963K->12963K(1060864K)], 0.0765258 secs] [Times: user=0.08 sys=0.00, real=0.08 secs] 
2017-11-10T19:39:51.606+0500: 635.065: [Full GC (Allocation Failure) 2017-11-10T19:39:51.606+0500: 635.065: [Tenured: 349568K->349568K(349568K), 0.0765683 secs] 506815K->506808K(506816K), [Metaspace: 12963K->12963K(1060864K)], 0.0766485 secs] [Times: user=0.08 sys=0.00, real=0.08 secs] 
2017-11-10T19:39:51.683+0500: 635.142: [Full GC (Allocation Failure) 2017-11-10T19:39:51.683+0500: 635.142: [Tenured: 349568K->349567K(349568K), 0.0770406 secs] 506815K->506801K(506816K), [Metaspace: 12963K->12963K(1060864K)], 0.0771271 secs] [Times: user=0.08 sys=0.00, real=0.08 secs] 
2017-11-10T19:39:51.761+0500: 635.220: [Full GC (Allocation Failure) 2017-11-10T19:39:51.761+0500: 635.220: [Tenured: 349568K->349568K(349568K), 0.0786754 secs] 506815K->506798K(506816K), [Metaspace: 12963K->12963K(1060864K)], 0.0787820 secs] [Times: user=0.08 sys=0.00, real=0.08 secs] 
2017-11-10T19:39:51.840+0500: 635.299: [Full GC (Allocation Failure) 2017-11-10T19:39:51.840+0500: 635.299: [Tenured: 349568K->349568K(349568K), 0.0895332 secs] 506815K->506798K(506816K), [Metaspace: 12963K->12963K(1060864K)], 0.0896168 secs] [Times: user=0.09 sys=0.00, real=0.09 secs] 
2017-11-10T19:39:51.931+0500: 635.390: [Full GC (Allocation Failure) 2017-11-10T19:39:51.931+0500: 635.390: [Tenured: 349568K->349568K(349568K), 0.0996488 secs] 506815K->506808K(506816K), [Metaspace: 12963K->12963K(1060864K)], 0.0997725 secs] [Times: user=0.09 sys=0.00, real=0.10 secs] 
2017-11-10T19:39:52.031+0500: 635.491: [Full GC (Allocation Failure) 2017-11-10T19:39:52.031+0500: 635.491: [Tenured: 349568K->349567K(349568K), 0.0852686 secs] 506815K->506801K(506816K), [Metaspace: 12963K->12963K(1060864K)], 0.0853972 secs] [Times: user=0.08 sys=0.00, real=0.09 secs] 
2017-11-10T19:39:52.117+0500: 635.576: [Full GC (Allocation Failure) 2017-11-10T19:39:52.117+0500: 635.576: [Tenured: 349568K->349568K(349568K), 0.0788157 secs] 506815K->506798K(506816K), [Metaspace: 12963K->12963K(1060864K)], 0.0788984 secs] [Times: user=0.08 sys=0.00, real=0.08 secs] 
2017-11-10T19:39:52.197+0500: 635.656: [Full GC (Allocation Failure) 2017-11-10T19:39:52.197+0500: 635.656: [Tenured: 349568K->349568K(349568K), 0.0764896 secs] 506815K->506798K(506816K), [Metaspace: 12963K->12963K(1060864K)], 0.0765913 secs] [Times: user=0.08 sys=0.00, real=0.08 secs] 
2017-11-10T19:39:52.274+0500: 635.733: [Full GC (Allocation Failure) 2017-11-10T19:39:52.274+0500: 635.733: [Tenured: 349568K->349568K(349568K), 0.0778414 secs] 506815K->506808K(506816K), [Metaspace: 12963K->12963K(1060864K)], 0.0779128 secs] [Times: user=0.08 sys=0.00, real=0.08 secs] 
2017-11-10T19:39:52.352+0500: 635.811: [Full GC (Allocation Failure) 2017-11-10T19:39:52.352+0500: 635.811: [Tenured: 349568K->349567K(349568K), 0.0762716 secs] 506815K->506801K(506816K), [Metaspace: 12963K->12963K(1060864K)], 0.0763654 secs] [Times: user=0.08 sys=0.00, real=0.08 secs] 
2017-11-10T19:39:52.430+0500: 635.888: [Full GC (Allocation Failure) 2017-11-10T19:39:52.430+0500: 635.889: [Tenured: 349568K->349568K(349568K), 0.0773857 secs] 506815K->506798K(506816K), [Metaspace: 12963K->12963K(1060864K)], 0.0774938 secs] [Times: user=0.08 sys=0.00, real=0.08 secs] 
2017-11-10T19:39:52.508+0500: 635.966: [Full GC (Allocation Failure) 2017-11-10T19:39:52.508+0500: 635.966: [Tenured: 349568K->349568K(349568K), 0.0781411 secs] 506815K->506798K(506816K), [Metaspace: 12963K->12963K(1060864K)], 0.0782120 secs] [Times: user=0.08 sys=0.00, real=0.08 secs] 
2017-11-10T19:39:52.586+0500: 636.045: [Full GC (Allocation Failure) 2017-11-10T19:39:52.586+0500: 636.045: [Tenured: 349568K->349568K(349568K), 0.0780169 secs] 506815K->506808K(506816K), [Metaspace: 12963K->12963K(1060864K)], 0.0780976 secs] [Times: user=0.08 sys=0.00, real=0.08 secs] 
2017-11-10T19:39:52.665+0500: 636.124: [Full GC (Allocation Failure) 2017-11-10T19:39:52.665+0500: 636.124: [Tenured: 349568K->349567K(349568K), 0.0792641 secs] 506815K->506801K(506816K), [Metaspace: 12963K->12963K(1060864K)], 0.0794210 secs] [Times: user=0.08 sys=0.00, real=0.08 secs] 
2017-11-10T19:39:52.745+0500: 636.204: [Full GC (Allocation Failure) 2017-11-10T19:39:52.745+0500: 636.204: [Tenured: 349568K->349568K(349568K), 0.0767776 secs] 506815K->506798K(506816K), [Metaspace: 12963K->12963K(1060864K)], 0.0768768 secs] [Times: user=0.08 sys=0.00, real=0.08 secs] 
2017-11-10T19:39:52.822+0500: 636.281: [Full GC (Allocation Failure) 2017-11-10T19:39:52.822+0500: 636.281: [Tenured: 349568K->349568K(349568K), 0.0784950 secs] 506815K->506798K(506816K), [Metaspace: 12963K->12963K(1060864K)], 0.0785772 secs] [Times: user=0.08 sys=0.00, real=0.08 secs] 
2017-11-10T19:39:52.901+0500: 636.360: [Full GC (Allocation Failure) 2017-11-10T19:39:52.901+0500: 636.360: [Tenured: 349568K->349568K(349568K), 0.0783713 secs] 506815K->506808K(506816K), [Metaspace: 12963K->12963K(1060864K)], 0.0784540 secs] [Times: user=0.08 sys=0.00, real=0.08 secs] 
2017-11-10T19:39:52.980+0500: 636.439: [Full GC (Allocation Failure) 2017-11-10T19:39:52.980+0500: 636.439: [Tenured: 349568K->349567K(349568K), 0.0766637 secs] 506815K->506801K(506816K), [Metaspace: 12963K->12963K(1060864K)], 0.0767746 secs] [Times: user=0.08 sys=0.00, real=0.08 secs] 
2017-11-10T19:39:53.058+0500: 636.517: [Full GC (Allocation Failure) 2017-11-10T19:39:53.058+0500: 636.517: [Tenured: 349568K->349568K(349568K), 0.0769663 secs] 506815K->506798K(506816K), [Metaspace: 12963K->12963K(1060864K)], 0.0770416 secs] [Times: user=0.08 sys=0.00, real=0.08 secs] 
2017-11-10T19:39:53.135+0500: 636.594: [Full GC (Allocation Failure) 2017-11-10T19:39:53.135+0500: 636.594: [Tenured: 349568K->349568K(349568K), 0.0758149 secs] 506815K->506798K(506816K), [Metaspace: 12963K->12963K(1060864K)], 0.0758971 secs] [Times: user=0.08 sys=0.00, real=0.08 secs] 
2017-11-10T19:39:53.212+0500: 636.671: [Full GC (Allocation Failure) 2017-11-10T19:39:53.212+0500: 636.671: [Tenured: 349568K->349568K(349568K), 0.0775001 secs] 506815K->506808K(506816K), [Metaspace: 12963K->12963K(1060864K)], 0.0776023 secs] [Times: user=0.08 sys=0.00, real=0.08 secs] 
2017-11-10T19:39:53.290+0500: 636.749: [Full GC (Allocation Failure) 2017-11-10T19:39:53.290+0500: 636.749: [Tenured: 349568K->349567K(349568K), 0.0796860 secs] 506815K->506801K(506816K), [Metaspace: 12963K->12963K(1060864K)], 0.0797872 secs] [Times: user=0.08 sys=0.00, real=0.08 secs] 
2017-11-10T19:39:53.370+0500: 636.829: [Full GC (Allocation Failure) 2017-11-10T19:39:53.370+0500: 636.829: [Tenured: 349568K->349568K(349568K), 0.0778668 secs] 506815K->506798K(506816K), [Metaspace: 12963K->12963K(1060864K)], 0.0779480 secs] [Times: user=0.08 sys=0.00, real=0.08 secs] 
2017-11-10T19:39:53.449+0500: 636.908: [Full GC (Allocation Failure) 2017-11-10T19:39:53.449+0500: 636.908: [Tenured: 349568K->349568K(349568K), 0.0758101 secs] 506815K->506798K(506816K), [Metaspace: 12963K->12963K(1060864K)], 0.0758966 secs] [Times: user=0.08 sys=0.00, real=0.08 secs] 
2017-11-10T19:39:53.525+0500: 636.984: [Full GC (Allocation Failure) 2017-11-10T19:39:53.525+0500: 636.984: [Tenured: 349568K->349568K(349568K), 0.0769937 secs] 506815K->506808K(506816K), [Metaspace: 12963K->12963K(1060864K)], 0.0770953 secs] [Times: user=0.08 sys=0.00, real=0.08 secs] 
2017-11-10T19:39:53.603+0500: 637.062: [Full GC (Allocation Failure) 2017-11-10T19:39:53.603+0500: 637.062: [Tenured: 349568K->349567K(349568K), 0.0774429 secs] 506815K->506801K(506816K), [Metaspace: 12963K->12963K(1060864K)], 0.0775461 secs] [Times: user=0.08 sys=0.00, real=0.08 secs] 
2017-11-10T19:39:53.681+0500: 637.140: [Full GC (Allocation Failure) 2017-11-10T19:39:53.681+0500: 637.140: [Tenured: 349568K->349568K(349568K), 0.0768890 secs] 506815K->506798K(506816K), [Metaspace: 12963K->12963K(1060864K)], 0.0769629 secs] [Times: user=0.08 sys=0.00, real=0.08 secs] 
2017-11-10T19:39:53.758+0500: 637.217: [Full GC (Allocation Failure) 2017-11-10T19:39:53.758+0500: 637.217: [Tenured: 349568K->349568K(349568K), 0.0776541 secs] 506815K->506798K(506816K), [Metaspace: 12963K->12963K(1060864K)], 0.0777539 secs] [Times: user=0.08 sys=0.00, real=0.08 secs] 
2017-11-10T19:39:53.837+0500: 637.296: [Full GC (Allocation Failure) 2017-11-10T19:39:53.837+0500: 637.296: [Tenured: 349568K->349568K(349568K), 0.0777118 secs] 506815K->506808K(506816K), [Metaspace: 12963K->12963K(1060864K)], 0.0778081 secs] [Times: user=0.08 sys=0.00, real=0.08 secs] 
2017-11-10T19:39:53.915+0500: 637.374: [Full GC (Allocation Failure) 2017-11-10T19:39:53.915+0500: 637.374: [Tenured: 349568K->349567K(349568K), 0.0767223 secs] 506815K->506801K(506816K), [Metaspace: 12963K->12963K(1060864K)], 0.0768196 secs] [Times: user=0.08 sys=0.00, real=0.08 secs] 
2017-11-10T19:39:53.992+0500: 637.451: [Full GC (Allocation Failure) 2017-11-10T19:39:53.992+0500: 637.451: [Tenured: 349568K->349568K(349568K), 0.0788651 secs] 506815K->506798K(506816K), [Metaspace: 12963K->12963K(1060864K)], 0.0789678 secs] [Times: user=0.08 sys=0.00, real=0.08 secs] 
2017-11-10T19:39:54.072+0500: 637.531: [Full GC (Allocation Failure) 2017-11-10T19:39:54.072+0500: 637.531: [Tenured: 349568K->349568K(349568K), 0.0768568 secs] 506815K->506798K(506816K), [Metaspace: 12963K->12963K(1060864K)], 0.0769330 secs] [Times: user=0.08 sys=0.00, real=0.08 secs] 
2017-11-10T19:39:54.149+0500: 637.608: [Full GC (Allocation Failure) 2017-11-10T19:39:54.149+0500: 637.608: [Tenured: 349568K->349568K(349568K), 0.0755055 secs] 506815K->506808K(506816K), [Metaspace: 12963K->12963K(1060864K)], 0.0755842 secs] [Times: user=0.08 sys=0.00, real=0.08 secs] 
2017-11-10T19:39:54.225+0500: 637.684: [Full GC (Allocation Failure) 2017-11-10T19:39:54.225+0500: 637.684: [Tenured: 349568K->349567K(349568K), 0.0782995 secs] 506815K->506801K(506816K), [Metaspace: 12963K->12963K(1060864K)], 0.0784017 secs] [Times: user=0.08 sys=0.00, real=0.08 secs] 
2017-11-10T19:39:54.304+0500: 637.763: [Full GC (Allocation Failure) 2017-11-10T19:39:54.304+0500: 637.763: [Tenured: 349568K->349568K(349568K), 0.0778771 secs] 506815K->506798K(506816K), [Metaspace: 12963K->12963K(1060864K)], 0.0779543 secs] [Times: user=0.08 sys=0.00, real=0.08 secs] 
2017-11-10T19:39:54.382+0500: 637.842: [Full GC (Allocation Failure) 2017-11-10T19:39:54.382+0500: 637.842: [Tenured: 349568K->349568K(349568K), 0.0762075 secs] 506815K->506798K(506816K), [Metaspace: 12963K->12963K(1060864K)], 0.0762804 secs] [Times: user=0.08 sys=0.00, real=0.08 secs] 
2017-11-10T19:39:54.459+0500: 637.918: [Full GC (Allocation Failure) 2017-11-10T19:39:54.459+0500: 637.918: [Tenured: 349568K->349568K(349568K), 0.0772283 secs] 506815K->506808K(506816K), [Metaspace: 12963K->12963K(1060864K)], 0.0773105 secs] [Times: user=0.08 sys=0.00, real=0.08 secs] 
2017-11-10T19:39:54.537+0500: 637.996: [Full GC (Allocation Failure) 2017-11-10T19:39:54.537+0500: 637.996: [Tenured: 349568K->349567K(349568K), 0.0788113 secs] 506815K->506801K(506816K), [Metaspace: 12963K->12963K(1060864K)], 0.0789130 secs] [Times: user=0.08 sys=0.00, real=0.08 secs] 
2017-11-10T19:39:54.616+0500: 638.075: [Full GC (Allocation Failure) 2017-11-10T19:39:54.616+0500: 638.076: [Tenured: 349568K->349568K(349568K), 0.0767370 secs] 506815K->506798K(506816K), [Metaspace: 12963K->12963K(1060864K)], 0.0768592 secs] [Times: user=0.08 sys=0.00, real=0.08 secs] 
2017-11-10T19:39:54.694+0500: 638.154: [Full GC (Allocation Failure) 2017-11-10T19:39:54.694+0500: 638.154: [Tenured: 349568K->349568K(349568K), 0.0791487 secs] 506815K->506798K(506816K), [Metaspace: 12963K->12963K(1060864K)], 0.0792533 secs] [Times: user=0.06 sys=0.00, real=0.08 secs] 
2017-11-10T19:39:54.774+0500: 638.233: [Full GC (Allocation Failure) 2017-11-10T19:39:54.774+0500: 638.233: [Tenured: 349568K->349568K(349568K), 0.0790881 secs] 506815K->506808K(506816K), [Metaspace: 12963K->12963K(1060864K)], 0.0791721 secs] [Times: user=0.08 sys=0.00, real=0.08 secs] 
2017-11-10T19:39:54.854+0500: 638.313: [Full GC (Allocation Failure) 2017-11-10T19:39:54.854+0500: 638.313: [Tenured: 349568K->349567K(349568K), 0.0779846 secs] 506815K->506801K(506816K), [Metaspace: 12963K->12963K(1060864K)], 0.0780614 secs] [Times: user=0.08 sys=0.00, real=0.08 secs] 
2017-11-10T19:39:54.932+0500: 638.391: [Full GC (Allocation Failure) 2017-11-10T19:39:54.932+0500: 638.391: [Tenured: 349568K->349568K(349568K), 0.0767737 secs] 506815K->506798K(506816K), [Metaspace: 12963K->12963K(1060864K)], 0.0768504 secs] [Times: user=0.08 sys=0.00, real=0.08 secs] 
2017-11-10T19:39:55.009+0500: 638.469: [Full GC (Allocation Failure) 2017-11-10T19:39:55.009+0500: 638.469: [Tenured: 349568K->349568K(349568K), 0.0772801 secs] 506815K->506798K(506816K), [Metaspace: 12963K->12963K(1060864K)], 0.0773510 secs] [Times: user=0.08 sys=0.00, real=0.08 secs] 
2017-11-10T19:39:55.087+0500: 638.546: [Full GC (Allocation Failure) 2017-11-10T19:39:55.087+0500: 638.546: [Tenured: 349568K->349568K(349568K), 0.0780599 secs] 506815K->506808K(506816K), [Metaspace: 12963K->12963K(1060864K)], 0.0781313 secs] [Times: user=0.08 sys=0.00, real=0.08 secs] 
2017-11-10T19:39:55.166+0500: 638.625: [Full GC (Allocation Failure) 2017-11-10T19:39:55.166+0500: 638.625: [Tenured: 349568K->349567K(349568K), 0.0765155 secs] 506815K->506801K(506816K), [Metaspace: 12963K->12963K(1060864K)], 0.0765893 secs] [Times: user=0.08 sys=0.00, real=0.08 secs] 
2017-11-10T19:39:55.243+0500: 638.702: [Full GC (Allocation Failure) 2017-11-10T19:39:55.243+0500: 638.702: [Tenured: 349568K->349568K(349568K), 0.0772880 secs] 506815K->506798K(506816K), [Metaspace: 12963K->12963K(1060864K)], 0.0774004 secs] [Times: user=0.08 sys=0.00, real=0.08 secs] 
2017-11-10T19:39:55.321+0500: 638.780: [Full GC (Allocation Failure) 2017-11-10T19:39:55.321+0500: 638.780: [Tenured: 349568K->349568K(349568K), 0.0774068 secs] 506815K->506798K(506816K), [Metaspace: 12963K->12963K(1060864K)], 0.0774806 secs] [Times: user=0.08 sys=0.00, real=0.08 secs] 
2017-11-10T19:39:55.399+0500: 638.858: [Full GC (Allocation Failure) 2017-11-10T19:39:55.399+0500: 638.858: [Tenured: 349568K->349568K(349568K), 0.0767800 secs] 506815K->506808K(506816K), [Metaspace: 12963K->12963K(1060864K)], 0.0768621 secs] [Times: user=0.08 sys=0.00, real=0.08 secs] 
2017-11-10T19:39:55.476+0500: 638.935: [Full GC (Allocation Failure) 2017-11-10T19:39:55.476+0500: 638.935: [Tenured: 349568K->349567K(349568K), 0.0773882 secs] 506815K->506801K(506816K), [Metaspace: 12963K->12963K(1060864K)], 0.0774772 secs] [Times: user=0.08 sys=0.00, real=0.08 secs] 
2017-11-10T19:39:55.554+0500: 639.013: [Full GC (Allocation Failure) 2017-11-10T19:39:55.554+0500: 639.014: [Tenured: 349568K->349568K(349568K), 0.0791037 secs] 506815K->506798K(506816K), [Metaspace: 12963K->12963K(1060864K)], 0.0792083 secs] [Times: user=0.08 sys=0.00, real=0.08 secs] 
2017-11-10T19:39:55.634+0500: 639.093: [Full GC (Allocation Failure) 2017-11-10T19:39:55.634+0500: 639.093: [Tenured: 349568K->349568K(349568K), 0.0787835 secs] 506815K->506798K(506816K), [Metaspace: 12963K->12963K(1060864K)], 0.0789233 secs] [Times: user=0.08 sys=0.00, real=0.08 secs] 
2017-11-10T19:39:55.713+0500: 639.173: [Full GC (Allocation Failure) 2017-11-10T19:39:55.714+0500: 639.173: [Tenured: 349568K->349568K(349568K), 0.0766338 secs] 506815K->506808K(506816K), [Metaspace: 12963K->12963K(1060864K)], 0.0767433 secs] [Times: user=0.08 sys=0.00, real=0.08 secs] 
2017-11-10T19:39:55.791+0500: 639.250: [Full GC (Allocation Failure) 2017-11-10T19:39:55.791+0500: 639.250: [Tenured: 349568K->349567K(349568K), 0.0786764 secs] 506815K->506801K(506816K), [Metaspace: 12963K->12963K(1060864K)], 0.0787502 secs] [Times: user=0.08 sys=0.00, real=0.08 secs] 
2017-11-10T19:39:55.870+0500: 639.329: [Full GC (Allocation Failure) 2017-11-10T19:39:55.870+0500: 639.329: [Tenured: 349568K->349568K(349568K), 0.0781729 secs] 506815K->506798K(506816K), [Metaspace: 12963K->12963K(1060864K)], 0.0782550 secs] [Times: user=0.08 sys=0.00, real=0.08 secs] 
2017-11-10T19:39:55.949+0500: 639.408: [Full GC (Allocation Failure) 2017-11-10T19:39:55.949+0500: 639.408: [Tenured: 349568K->349568K(349568K), 0.0758800 secs] 506815K->506798K(506816K), [Metaspace: 12963K->12963K(1060864K)], 0.0759670 secs] [Times: user=0.08 sys=0.00, real=0.08 secs] 
2017-11-10T19:39:56.026+0500: 639.485: [Full GC (Allocation Failure) 2017-11-10T19:39:56.026+0500: 639.485: [Tenured: 349568K->349568K(349568K), 0.0775344 secs] 506815K->506808K(506816K), [Metaspace: 12963K->12963K(1060864K)], 0.0776483 secs] [Times: user=0.08 sys=0.00, real=0.08 secs] 
2017-11-10T19:39:56.104+0500: 639.563: [Full GC (Allocation Failure) 2017-11-10T19:39:56.104+0500: 639.563: [Tenured: 349568K->349567K(349568K), 0.0847108 secs] 506815K->506801K(506816K), [Metaspace: 12963K->12963K(1060864K)], 0.0847993 secs] [Times: user=0.08 sys=0.00, real=0.08 secs] 
2017-11-10T19:39:56.189+0500: 639.648: [Full GC (Allocation Failure) 2017-11-10T19:39:56.189+0500: 639.648: [Tenured: 349568K->349568K(349568K), 0.0792562 secs] 506815K->506798K(506816K), [Metaspace: 12963K->12963K(1060864K)], 0.0793379 secs] [Times: user=0.09 sys=0.00, real=0.08 secs] 
2017-11-10T19:39:56.269+0500: 639.728: [Full GC (Allocation Failure) 2017-11-10T19:39:56.269+0500: 639.728: [Tenured: 349568K->349568K(349568K), 0.0778473 secs] 506815K->506798K(506816K), [Metaspace: 12963K->12963K(1060864K)], 0.0779353 secs] [Times: user=0.08 sys=0.00, real=0.08 secs] 
2017-11-10T19:39:56.348+0500: 639.807: [Full GC (Allocation Failure) 2017-11-10T19:39:56.348+0500: 639.807: [Tenured: 349568K->349568K(349568K), 0.0773549 secs] 506815K->506808K(506816K), [Metaspace: 12963K->12963K(1060864K)], 0.0774796 secs] [Times: user=0.08 sys=0.00, real=0.08 secs] 
2017-11-10T19:39:56.426+0500: 639.885: [Full GC (Allocation Failure) 2017-11-10T19:39:56.426+0500: 639.885: [Tenured: 349568K->349567K(349568K), 0.0780565 secs] 506815K->506801K(506816K), [Metaspace: 12963K->12963K(1060864K)], 0.0781714 secs] [Times: user=0.08 sys=0.00, real=0.08 secs] 
2017-11-10T19:39:56.504+0500: 639.963: [Full GC (Allocation Failure) 2017-11-10T19:39:56.504+0500: 639.963: [Tenured: 349568K->349568K(349568K), 0.0773667 secs] 506815K->506798K(506816K), [Metaspace: 12963K->12963K(1060864K)], 0.0774444 secs] [Times: user=0.08 sys=0.00, real=0.08 secs] 
2017-11-10T19:39:56.582+0500: 640.041: [Full GC (Allocation Failure) 2017-11-10T19:39:56.582+0500: 640.041: [Tenured: 349568K->349568K(349568K), 0.0760789 secs] 506815K->506798K(506816K), [Metaspace: 12963K->12963K(1060864K)], 0.0761493 secs] [Times: user=0.06 sys=0.00, real=0.08 secs] 
2017-11-10T19:39:56.659+0500: 640.118: [Full GC (Allocation Failure) 2017-11-10T19:39:56.659+0500: 640.118: [Tenured: 349568K->349568K(349568K), 0.0785767 secs] 506815K->506808K(506816K), [Metaspace: 12963K->12963K(1060864K)], 0.0786466 secs] [Times: user=0.06 sys=0.00, real=0.08 secs] 
2017-11-10T19:39:56.738+0500: 640.197: [Full GC (Allocation Failure) 2017-11-10T19:39:56.738+0500: 640.197: [Tenured: 349568K->349567K(349568K), 0.0780516 secs] 506815K->506801K(506816K), [Metaspace: 12963K->12963K(1060864K)], 0.0781298 secs] [Times: user=0.08 sys=0.00, real=0.08 secs] 
2017-11-10T19:39:56.816+0500: 640.275: [Full GC (Allocation Failure) 2017-11-10T19:39:56.816+0500: 640.275: [Tenured: 349568K->349568K(349568K), 0.0759352 secs] 506815K->506798K(506816K), [Metaspace: 12963K->12963K(1060864K)], 0.0760125 secs] [Times: user=0.06 sys=0.00, real=0.08 secs] 
2017-11-10T19:39:56.893+0500: 640.352: [Full GC (Allocation Failure) 2017-11-10T19:39:56.893+0500: 640.352: [Tenured: 349568K->349568K(349568K), 0.0782134 secs] 506815K->506798K(506816K), [Metaspace: 12963K->12963K(1060864K)], 0.0782931 secs] [Times: user=0.09 sys=0.00, real=0.08 secs] 
2017-11-10T19:39:56.972+0500: 640.431: [Full GC (Allocation Failure) 2017-11-10T19:39:56.972+0500: 640.431: [Tenured: 349568K->349568K(349568K), 0.0841837 secs] 506815K->506808K(506816K), [Metaspace: 12963K->12963K(1060864K)], 0.0842581 secs] [Times: user=0.08 sys=0.00, real=0.08 secs] 
2017-11-10T19:39:57.056+0500: 640.515: [Full GC (Allocation Failure) 2017-11-10T19:39:57.056+0500: 640.515: [Tenured: 349568K->349567K(349568K), 0.0774850 secs] 506815K->506801K(506816K), [Metaspace: 12963K->12963K(1060864K)], 0.0775720 secs] [Times: user=0.08 sys=0.00, real=0.08 secs] 
2017-11-10T19:39:57.134+0500: 640.593: [Full GC (Allocation Failure) 2017-11-10T19:39:57.134+0500: 640.593: [Tenured: 349568K->349568K(349568K), 0.0771423 secs] 506815K->506798K(506816K), [Metaspace: 12963K->12963K(1060864K)], 0.0772381 secs] [Times: user=0.08 sys=0.00, real=0.08 secs] 
2017-11-10T19:39:57.212+0500: 640.671: [Full GC (Allocation Failure) 2017-11-10T19:39:57.212+0500: 640.671: [Tenured: 349568K->349568K(349568K), 0.0764896 secs] 506815K->506798K(506816K), [Metaspace: 12963K->12963K(1060864K)], 0.0765903 secs] [Times: user=0.08 sys=0.00, real=0.08 secs] 
2017-11-10T19:39:57.289+0500: 640.748: [Full GC (Allocation Failure) 2017-11-10T19:39:57.289+0500: 640.748: [Tenured: 349568K->349568K(349568K), 0.0776087 secs] 506815K->506808K(506816K), [Metaspace: 12963K->12963K(1060864K)], 0.0776918 secs] [Times: user=0.08 sys=0.00, real=0.08 secs] 
2017-11-10T19:39:57.367+0500: 640.826: [Full GC (Allocation Failure) 2017-11-10T19:39:57.367+0500: 640.827: [Tenured: 349568K->349567K(349568K), 0.0778668 secs] 506815K->506801K(506816K), [Metaspace: 12963K->12963K(1060864K)], 0.0779773 secs] [Times: user=0.08 sys=0.00, real=0.08 secs] 
2017-11-10T19:39:57.446+0500: 640.905: [Full GC (Allocation Failure) 2017-11-10T19:39:57.446+0500: 640.905: [Tenured: 349568K->349568K(349568K), 0.0769580 secs] 506815K->506798K(506816K), [Metaspace: 12963K->12963K(1060864K)], 0.0770323 secs] [Times: user=0.08 sys=0.00, real=0.08 secs] 
2017-11-10T19:39:57.523+0500: 640.982: [Full GC (Allocation Failure) 2017-11-10T19:39:57.523+0500: 640.982: [Tenured: 349568K->349568K(349568K), 0.0769800 secs] 506815K->506798K(506816K), [Metaspace: 12963K->12963K(1060864K)], 0.0770518 secs] [Times: user=0.08 sys=0.00, real=0.08 secs] 
2017-11-10T19:39:57.601+0500: 641.060: [Full GC (Allocation Failure) 2017-11-10T19:39:57.601+0500: 641.060: [Tenured: 349568K->349568K(349568K), 0.0764960 secs] 506815K->506808K(506816K), [Metaspace: 12963K->12963K(1060864K)], 0.0765713 secs] [Times: user=0.08 sys=0.00, real=0.08 secs] 
2017-11-10T19:39:57.678+0500: 641.137: [Full GC (Allocation Failure) 2017-11-10T19:39:57.678+0500: 641.137: [Tenured: 349568K->349567K(349568K), 0.0784735 secs] 506815K->506801K(506816K), [Metaspace: 12963K->12963K(1060864K)], 0.0786143 secs] [Times: user=0.08 sys=0.00, real=0.08 secs] 
2017-11-10T19:39:57.757+0500: 641.216: [Full GC (Allocation Failure) 2017-11-10T19:39:57.757+0500: 641.216: [Tenured: 349568K->349568K(349568K), 0.0781782 secs] 506815K->506798K(506816K), [Metaspace: 12963K->12963K(1060864K)], 0.0782511 secs] [Times: user=0.08 sys=0.00, real=0.08 secs] 
2017-11-10T19:39:57.836+0500: 641.295: [Full GC (Allocation Failure) 2017-11-10T19:39:57.836+0500: 641.295: [Tenured: 349568K->349568K(349568K), 0.0772523 secs] 506815K->506798K(506816K), [Metaspace: 12963K->12963K(1060864K)], 0.0773354 secs] [Times: user=0.08 sys=0.00, real=0.08 secs] 
2017-11-10T19:39:57.914+0500: 641.373: [Full GC (Allocation Failure) 2017-11-10T19:39:57.914+0500: 641.373: [Tenured: 349568K->349568K(349568K), 0.0759587 secs] 506815K->506808K(506816K), [Metaspace: 12963K->12963K(1060864K)], 0.0760433 secs] [Times: user=0.08 sys=0.00, real=0.08 secs] 
2017-11-10T19:39:57.990+0500: 641.450: [Full GC (Allocation Failure) 2017-11-10T19:39:57.990+0500: 641.450: [Tenured: 349568K->349567K(349568K), 0.0778976 secs] 506815K->506801K(506816K), [Metaspace: 12963K->12963K(1060864K)], 0.0779714 secs] [Times: user=0.08 sys=0.00, real=0.08 secs] 
2017-11-10T19:39:58.069+0500: 641.528: [Full GC (Allocation Failure) 2017-11-10T19:39:58.069+0500: 641.528: [Tenured: 349568K->349568K(349568K), 0.0792342 secs] 506815K->506798K(506816K), [Metaspace: 12963K->12963K(1060864K)], 0.0793061 secs] [Times: user=0.08 sys=0.00, real=0.08 secs] 
2017-11-10T19:39:58.149+0500: 641.608: [Full GC (Allocation Failure) 2017-11-10T19:39:58.149+0500: 641.608: [Tenured: 349568K->349568K(349568K), 0.0757529 secs] 506815K->506798K(506816K), [Metaspace: 12963K->12963K(1060864K)], 0.0758531 secs] [Times: user=0.08 sys=0.00, real=0.08 secs] 
2017-11-10T19:39:58.225+0500: 641.684: [Full GC (Allocation Failure) 2017-11-10T19:39:58.225+0500: 641.684: [Tenured: 349568K->349568K(349568K), 0.0767913 secs] 506815K->506808K(506816K), [Metaspace: 12963K->12963K(1060864K)], 0.0768793 secs] [Times: user=0.08 sys=0.00, real=0.08 secs] 
2017-11-10T19:39:58.302+0500: 641.761: [Full GC (Allocation Failure) 2017-11-10T19:39:58.302+0500: 641.762: [Tenured: 349568K->349567K(349568K), 0.0775065 secs] 506815K->506801K(506816K), [Metaspace: 12963K->12963K(1060864K)], 0.0775808 secs] [Times: user=0.08 sys=0.00, real=0.08 secs] 
2017-11-10T19:39:58.380+0500: 641.840: [Full GC (Allocation Failure) 2017-11-10T19:39:58.380+0500: 641.840: [Tenured: 349568K->349568K(349568K), 0.0770108 secs] 506815K->506798K(506816K), [Metaspace: 12963K->12963K(1060864K)], 0.0770826 secs] [Times: user=0.08 sys=0.00, real=0.08 secs] 
2017-11-10T19:39:58.458+0500: 641.917: [Full GC (Allocation Failure) 2017-11-10T19:39:58.458+0500: 641.917: [Tenured: 349568K->349568K(349568K), 0.0778556 secs] 506815K->506798K(506816K), [Metaspace: 12963K->12963K(1060864K)], 0.0779636 secs] [Times: user=0.08 sys=0.00, real=0.08 secs] 
2017-11-10T19:39:58.536+0500: 641.996: [Full GC (Allocation Failure) 2017-11-10T19:39:58.536+0500: 641.996: [Tenured: 349568K->349568K(349568K), 0.0782936 secs] 506815K->506808K(506816K), [Metaspace: 12963K->12963K(1060864K)], 0.0783689 secs] [Times: user=0.08 sys=0.00, real=0.08 secs] 
2017-11-10T19:39:58.615+0500: 642.074: [Full GC (Allocation Failure) 2017-11-10T19:39:58.615+0500: 642.074: [Tenured: 349568K->349567K(349568K), 0.0769008 secs] 506815K->506801K(506816K), [Metaspace: 12963K->12963K(1060864K)], 0.0770015 secs] [Times: user=0.08 sys=0.00, real=0.08 secs] 
2017-11-10T19:39:58.693+0500: 642.152: [Full GC (Allocation Failure) 2017-11-10T19:39:58.693+0500: 642.152: [Tenured: 349568K->349568K(349568K), 0.0780937 secs] 506815K->506798K(506816K), [Metaspace: 12963K->12963K(1060864K)], 0.0782027 secs] [Times: user=0.08 sys=0.00, real=0.08 secs] 
2017-11-10T19:39:58.771+0500: 642.231: [Full GC (Allocation Failure) 2017-11-10T19:39:58.771+0500: 642.231: [Tenured: 349568K->349568K(349568K), 0.0771868 secs] 506815K->506798K(506816K), [Metaspace: 12963K->12963K(1060864K)], 0.0772723 secs] [Times: user=0.08 sys=0.00, real=0.08 secs] 
2017-11-10T19:39:58.849+0500: 642.309: [Full GC (Allocation Failure) 2017-11-10T19:39:58.849+0500: 642.309: [Tenured: 349568K->349568K(349568K), 0.0797437 secs] 506815K->506808K(506816K), [Metaspace: 12963K->12963K(1060864K)], 0.0798615 secs] [Times: user=0.08 sys=0.00, real=0.08 secs] 
2017-11-10T19:39:58.930+0500: 642.389: [Full GC (Allocation Failure) 2017-11-10T19:39:58.930+0500: 642.389: [Tenured: 349568K->349567K(349568K), 0.0770235 secs] 506815K->506801K(506816K), [Metaspace: 12963K->12963K(1060864K)], 0.0771349 secs] [Times: user=0.08 sys=0.00, real=0.08 secs] 
2017-11-10T19:39:59.008+0500: 642.467: [Full GC (Allocation Failure) 2017-11-10T19:39:59.008+0500: 642.467: [Tenured: 349568K->349568K(349568K), 0.0768817 secs] 506815K->506798K(506816K), [Metaspace: 12963K->12963K(1060864K)], 0.0769609 secs] [Times: user=0.08 sys=0.00, real=0.08 secs] 
2017-11-10T19:39:59.085+0500: 642.544: [Full GC (Allocation Failure) 2017-11-10T19:39:59.085+0500: 642.544: [Tenured: 349568K->349568K(349568K), 0.0773408 secs] 506815K->506798K(506816K), [Metaspace: 12963K->12963K(1060864K)], 0.0774117 secs] [Times: user=0.08 sys=0.00, real=0.08 secs] 
2017-11-10T19:39:59.163+0500: 642.622: [Full GC (Allocation Failure) 2017-11-10T19:39:59.163+0500: 642.622: [Tenured: 349568K->349568K(349568K), 0.0766172 secs] 506815K->506808K(506816K), [Metaspace: 12963K->12963K(1060864K)], 0.0766881 secs] [Times: user=0.08 sys=0.00, real=0.08 secs] 
2017-11-10T19:39:59.240+0500: 642.699: [Full GC (Allocation Failure) 2017-11-10T19:39:59.240+0500: 642.699: [Tenured: 349568K->349567K(349568K), 0.0764349 secs] 506815K->506801K(506816K), [Metaspace: 12963K->12963K(1060864K)], 0.0765101 secs] [Times: user=0.08 sys=0.00, real=0.08 secs] 
2017-11-10T19:39:59.317+0500: 642.776: [Full GC (Allocation Failure) 2017-11-10T19:39:59.317+0500: 642.776: [Tenured: 349568K->349568K(349568K), 0.0768734 secs] 506815K->506798K(506816K), [Metaspace: 12963K->12963K(1060864K)], 0.0769619 secs] [Times: user=0.08 sys=0.00, real=0.08 secs] 
2017-11-10T19:39:59.395+0500: 642.854: [Full GC (Allocation Failure) 2017-11-10T19:39:59.395+0500: 642.854: [Tenured: 349568K->349568K(349568K), 0.0790685 secs] 506815K->506798K(506816K), [Metaspace: 12963K->12963K(1060864K)], 0.0791741 secs] [Times: user=0.08 sys=0.00, real=0.08 secs] 
2017-11-10T19:39:59.474+0500: 642.934: [Full GC (Allocation Failure) 2017-11-10T19:39:59.474+0500: 642.934: [Tenured: 349568K->349568K(349568K), 0.0774928 secs] 506815K->506808K(506816K), [Metaspace: 12963K->12963K(1060864K)], 0.0775686 secs] [Times: user=0.08 sys=0.00, real=0.08 secs] 
2017-11-10T19:39:59.552+0500: 643.011: [Full GC (Allocation Failure) 2017-11-10T19:39:59.552+0500: 643.012: [Tenured: 349568K->349567K(349568K), 0.0767937 secs] 506815K->506801K(506816K), [Metaspace: 12963K->12963K(1060864K)], 0.0768841 secs] [Times: user=0.08 sys=0.00, real=0.08 secs] 
2017-11-10T19:39:59.630+0500: 643.089: [Full GC (Allocation Failure) 2017-11-10T19:39:59.630+0500: 643.089: [Tenured: 349568K->349568K(349568K), 0.0771560 secs] 506815K->506798K(506816K), [Metaspace: 12963K->12963K(1060864K)], 0.0773486 secs] [Times: user=0.08 sys=0.00, real=0.08 secs] 
2017-11-10T19:39:59.708+0500: 643.167: [Full GC (Allocation Failure) 2017-11-10T19:39:59.708+0500: 643.167: [Tenured: 349568K->349568K(349568K), 0.0778825 secs] 506815K->506798K(506816K), [Metaspace: 12963K->12963K(1060864K)], 0.0780531 secs] [Times: user=0.08 sys=0.00, real=0.08 secs] 
2017-11-10T19:39:59.787+0500: 643.245: [Full GC (Allocation Failure) 2017-11-10T19:39:59.787+0500: 643.245: [Tenured: 349568K->349568K(349568K), 0.0783591 secs] 506815K->506808K(506816K), [Metaspace: 12963K->12963K(1060864K)], 0.0784393 secs] [Times: user=0.08 sys=0.00, real=0.08 secs] 
2017-11-10T19:39:59.865+0500: 643.324: [Full GC (Allocation Failure) 2017-11-10T19:39:59.865+0500: 643.324: [Tenured: 349568K->349567K(349568K), 0.0778629 secs] 506815K->506801K(506816K), [Metaspace: 12963K->12963K(1060864K)], 0.0779543 secs] [Times: user=0.08 sys=0.00, real=0.08 secs] 
2017-11-10T19:39:59.944+0500: 643.403: [Full GC (Allocation Failure) 2017-11-10T19:39:59.944+0500: 643.403: [Tenured: 349568K->349568K(349568K), 0.0783146 secs] 506815K->506798K(506816K), [Metaspace: 12963K->12963K(1060864K)], 0.0784119 secs] [Times: user=0.08 sys=0.00, real=0.08 secs] 
2017-11-10T19:40:00.023+0500: 643.482: [Full GC (Allocation Failure) 2017-11-10T19:40:00.023+0500: 643.482: [Tenured: 349568K->349568K(349568K), 0.0788011 secs] 506815K->506798K(506816K), [Metaspace: 12963K->12963K(1060864K)], 0.0788993 secs] [Times: user=0.08 sys=0.00, real=0.08 secs] 
2017-11-10T19:40:00.102+0500: 643.561: [Full GC (Allocation Failure) 2017-11-10T19:40:00.102+0500: 643.561: [Tenured: 349568K->349568K(349568K), 0.0770357 secs] 506815K->506808K(506816K), [Metaspace: 12963K->12963K(1060864K)], 0.0771159 secs] [Times: user=0.08 sys=0.00, real=0.08 secs] 
2017-11-10T19:40:00.180+0500: 643.639: [Full GC (Allocation Failure) 2017-11-10T19:40:00.180+0500: 643.639: [Tenured: 349568K->349567K(349568K), 0.0779602 secs] 506815K->506801K(506816K), [Metaspace: 12963K->12963K(1060864K)], 0.0780653 secs] [Times: user=0.08 sys=0.00, real=0.08 secs] 
2017-11-10T19:40:00.259+0500: 643.718: [Full GC (Allocation Failure) 2017-11-10T19:40:00.259+0500: 643.718: [Tenured: 349568K->349568K(349568K), 0.0788348 secs] 506815K->506798K(506816K), [Metaspace: 12963K->12963K(1060864K)], 0.0789267 secs] [Times: user=0.08 sys=0.00, real=0.08 secs] 
2017-11-10T19:40:00.338+0500: 643.797: [Full GC (Allocation Failure) 2017-11-10T19:40:00.338+0500: 643.797: [Tenured: 349568K->349568K(349568K), 0.0771354 secs] 506815K->506798K(506816K), [Metaspace: 12963K->12963K(1060864K)], 0.0772083 secs] [Times: user=0.08 sys=0.00, real=0.08 secs] 
2017-11-10T19:40:00.416+0500: 643.875: [Full GC (Allocation Failure) 2017-11-10T19:40:00.416+0500: 643.875: [Tenured: 349568K->349568K(349568K), 0.0765937 secs] 506815K->506808K(506816K), [Metaspace: 12963K->12963K(1060864K)], 0.0766725 secs] [Times: user=0.08 sys=0.00, real=0.08 secs] 
2017-11-10T19:40:00.493+0500: 643.952: [Full GC (Allocation Failure) 2017-11-10T19:40:00.493+0500: 643.952: [Tenured: 349568K->349567K(349568K), 0.0769902 secs] 506815K->506801K(506816K), [Metaspace: 12963K->12963K(1060864K)], 0.0770621 secs] [Times: user=0.08 sys=0.00, real=0.08 secs] 
2017-11-10T19:40:00.570+0500: 644.029: [Full GC (Allocation Failure) 2017-11-10T19:40:00.570+0500: 644.029: [Tenured: 349568K->349568K(349568K), 0.0774816 secs] 506815K->506798K(506816K), [Metaspace: 12963K->12963K(1060864K)], 0.0775823 secs] [Times: user=0.08 sys=0.00, real=0.08 secs] 
2017-11-10T19:40:00.648+0500: 644.107: [Full GC (Allocation Failure) 2017-11-10T19:40:00.648+0500: 644.107: [Tenured: 349568K->349568K(349568K), 0.0766099 secs] 506815K->506798K(506816K), [Metaspace: 12963K->12963K(1060864K)], 0.0766813 secs] [Times: user=0.08 sys=0.00, real=0.08 secs] 
2017-11-10T19:40:00.726+0500: 644.185: [Full GC (Allocation Failure) 2017-11-10T19:40:00.726+0500: 644.185: [Tenured: 349568K->349568K(349568K), 0.0783440 secs] 506815K->506808K(506816K), [Metaspace: 12963K->12963K(1060864K)], 0.0784212 secs] [Times: user=0.08 sys=0.00, real=0.08 secs] 
2017-11-10T19:40:00.804+0500: 644.263: [Full GC (Allocation Failure) 2017-11-10T19:40:00.804+0500: 644.263: [Tenured: 349568K->349567K(349568K), 0.0770088 secs] 506815K->506801K(506816K), [Metaspace: 12963K->12963K(1060864K)], 0.0770821 secs] [Times: user=0.08 sys=0.00, real=0.08 secs] 
2017-11-10T19:40:00.882+0500: 644.341: [Full GC (Allocation Failure) 2017-11-10T19:40:00.882+0500: 644.341: [Tenured: 349568K->349568K(349568K), 0.0778697 secs] 506815K->506798K(506816K), [Metaspace: 12963K->12963K(1060864K)], 0.0779387 secs] [Times: user=0.08 sys=0.00, real=0.08 secs] 
2017-11-10T19:40:00.960+0500: 644.420: [Full GC (Allocation Failure) 2017-11-10T19:40:00.961+0500: 644.420: [Tenured: 349568K->349568K(349568K), 0.0783528 secs] 506815K->506798K(506816K), [Metaspace: 12963K->12963K(1060864K)], 0.0784804 secs] [Times: user=0.08 sys=0.00, real=0.08 secs] 
2017-11-10T19:40:01.039+0500: 644.498: [Full GC (Allocation Failure) 2017-11-10T19:40:01.039+0500: 644.498: [Tenured: 349568K->349568K(349568K), 0.0768284 secs] 506815K->506808K(506816K), [Metaspace: 12963K->12963K(1060864K)], 0.0769008 secs] [Times: user=0.08 sys=0.00, real=0.08 secs] 
2017-11-10T19:40:01.117+0500: 644.576: [Full GC (Allocation Failure) 2017-11-10T19:40:01.117+0500: 644.576: [Tenured: 349568K->349567K(349568K), 0.0752953 secs] 506815K->506801K(506816K), [Metaspace: 12963K->12963K(1060864K)], 0.0753769 secs] [Times: user=0.08 sys=0.00, real=0.07 secs] 
2017-11-10T19:40:01.193+0500: 644.652: [Full GC (Allocation Failure) 2017-11-10T19:40:01.193+0500: 644.652: [Tenured: 349568K->349568K(349568K), 0.0781719 secs] 506815K->506798K(506816K), [Metaspace: 12963K->12963K(1060864K)], 0.0782525 secs] [Times: user=0.08 sys=0.00, real=0.08 secs] 
2017-11-10T19:40:01.271+0500: 644.731: [Full GC (Allocation Failure) 2017-11-10T19:40:01.271+0500: 644.731: [Tenured: 349568K->349568K(349568K), 0.0774244 secs] 506815K->506798K(506816K), [Metaspace: 12963K->12963K(1060864K)], 0.0775041 secs] [Times: user=0.08 sys=0.00, real=0.08 secs] 
2017-11-10T19:40:01.350+0500: 644.809: [Full GC (Allocation Failure) 2017-11-10T19:40:01.350+0500: 644.809: [Tenured: 349568K->349568K(349568K), 0.0851283 secs] 506815K->506808K(506816K), [Metaspace: 12963K->12963K(1060864K)], 0.0852847 secs] [Times: user=0.08 sys=0.00, real=0.09 secs] 
2017-11-10T19:40:01.435+0500: 644.894: [Full GC (Allocation Failure) 2017-11-10T19:40:01.435+0500: 644.894: [Tenured: 349568K->349567K(349568K), 0.0838146 secs] 506815K->506801K(506816K), [Metaspace: 12963K->12963K(1060864K)], 0.0838958 secs] [Times: user=0.09 sys=0.00, real=0.08 secs] 
2017-11-10T19:40:01.520+0500: 644.979: [Full GC (Allocation Failure) 2017-11-10T19:40:01.520+0500: 644.979: [Tenured: 349568K->349568K(349568K), 0.0837726 secs] 506815K->506798K(506816K), [Metaspace: 12963K->12963K(1060864K)], 0.0838767 secs] [Times: user=0.08 sys=0.00, real=0.08 secs] 
2017-11-10T19:40:01.604+0500: 645.063: [Full GC (Allocation Failure) 2017-11-10T19:40:01.604+0500: 645.063: [Tenured: 349568K->349568K(349568K), 0.0778790 secs] 506815K->506798K(506816K), [Metaspace: 12963K->12963K(1060864K)], 0.0779778 secs] [Times: user=0.08 sys=0.00, real=0.08 secs] 
2017-11-10T19:40:01.682+0500: 645.141: [Full GC (Allocation Failure) 2017-11-10T19:40:01.682+0500: 645.142: [Tenured: 349568K->349568K(349568K), 0.0775407 secs] 506815K->506808K(506816K), [Metaspace: 12963K->12963K(1060864K)], 0.0776214 secs] [Times: user=0.08 sys=0.00, real=0.08 secs] 
2017-11-10T19:40:01.760+0500: 645.220: [Full GC (Allocation Failure) 2017-11-10T19:40:01.760+0500: 645.220: [Tenured: 349568K->349567K(349568K), 0.0765625 secs] 506815K->506801K(506816K), [Metaspace: 12963K->12963K(1060864K)], 0.0766431 secs] [Times: user=0.08 sys=0.00, real=0.08 secs] 
2017-11-10T19:40:01.838+0500: 645.297: [Full GC (Allocation Failure) 2017-11-10T19:40:01.838+0500: 645.297: [Tenured: 349568K->349568K(349568K), 0.0778316 secs] 506815K->506798K(506816K), [Metaspace: 12963K->12963K(1060864K)], 0.0779216 secs] [Times: user=0.08 sys=0.00, real=0.08 secs] 
2017-11-10T19:40:01.916+0500: 645.375: [Full GC (Allocation Failure) 2017-11-10T19:40:01.916+0500: 645.375: [Tenured: 349568K->349568K(349568K), 0.0782428 secs] 506815K->506798K(506816K), [Metaspace: 12963K->12963K(1060864K)], 0.0783591 secs] [Times: user=0.08 sys=0.00, real=0.08 secs] 
2017-11-10T19:40:01.995+0500: 645.454: [Full GC (Allocation Failure) 2017-11-10T19:40:01.995+0500: 645.454: [Tenured: 349568K->349568K(349568K), 0.0837076 secs] 506815K->506808K(506816K), [Metaspace: 12963K->12963K(1060864K)], 0.0838122 secs] [Times: user=0.08 sys=0.00, real=0.08 secs] 
2017-11-10T19:40:02.079+0500: 645.539: [Full GC (Allocation Failure) 2017-11-10T19:40:02.079+0500: 645.539: [Tenured: 349568K->349567K(349568K), 0.0778077 secs] 506815K->506801K(506816K), [Metaspace: 12963K->12963K(1060864K)], 0.0779059 secs] [Times: user=0.08 sys=0.00, real=0.08 secs] 
2017-11-10T19:40:02.158+0500: 645.617: [Full GC (Allocation Failure) 2017-11-10T19:40:02.158+0500: 645.617: [Tenured: 349568K->349568K(349568K), 0.0770553 secs] 506815K->506798K(506816K), [Metaspace: 12963K->12963K(1060864K)], 0.0771340 secs] [Times: user=0.08 sys=0.00, real=0.08 secs] 
2017-11-10T19:40:02.236+0500: 645.695: [Full GC (Allocation Failure) 2017-11-10T19:40:02.236+0500: 645.695: [Tenured: 349568K->349568K(349568K), 0.0775661 secs] 506815K->506798K(506816K), [Metaspace: 12963K->12963K(1060864K)], 0.0776561 secs] [Times: user=0.08 sys=0.00, real=0.08 secs] 
2017-11-10T19:40:02.314+0500: 645.773: [Full GC (Allocation Failure) 2017-11-10T19:40:02.314+0500: 645.773: [Tenured: 349568K->349568K(349568K), 0.0764485 secs] 506815K->506808K(506816K), [Metaspace: 12963K->12963K(1060864K)], 0.0765253 secs] [Times: user=0.08 sys=0.00, real=0.08 secs] 
2017-11-10T19:40:02.391+0500: 645.850: [Full GC (Allocation Failure) 2017-11-10T19:40:02.391+0500: 645.850: [Tenured: 349568K->349567K(349568K), 0.0804481 secs] 506815K->506801K(506816K), [Metaspace: 12963K->12963K(1060864K)], 0.0805244 secs] [Times: user=0.09 sys=0.00, real=0.08 secs] 
2017-11-10T19:40:02.472+0500: 645.931: [Full GC (Allocation Failure) 2017-11-10T19:40:02.472+0500: 645.931: [Tenured: 349568K->349568K(349568K), 0.0794342 secs] 506815K->506798K(506816K), [Metaspace: 12963K->12963K(1060864K)], 0.0795109 secs] [Times: user=0.08 sys=0.00, real=0.08 secs] 
2017-11-10T19:40:02.552+0500: 646.011: [Full GC (Allocation Failure) 2017-11-10T19:40:02.552+0500: 646.011: [Tenured: 349568K->349568K(349568K), 0.0758501 secs] 506815K->506798K(506816K), [Metaspace: 12963K->12963K(1060864K)], 0.0759758 secs] [Times: user=0.08 sys=0.00, real=0.08 secs] 
2017-11-10T19:40:02.628+0500: 646.088: [Full GC (Allocation Failure) 2017-11-10T19:40:02.628+0500: 646.088: [Tenured: 349568K->349568K(349568K), 0.0806398 secs] 506815K->506808K(506816K), [Metaspace: 12963K->12963K(1060864K)], 0.0807395 secs] [Times: user=0.08 sys=0.00, real=0.08 secs] 
2017-11-10T19:40:02.710+0500: 646.169: [Full GC (Allocation Failure) 2017-11-10T19:40:02.710+0500: 646.169: [Tenured: 349568K->349567K(349568K), 0.0786573 secs] 506815K->506801K(506816K), [Metaspace: 12963K->12963K(1060864K)], 0.0787717 secs] [Times: user=0.08 sys=0.00, real=0.08 secs] 
2017-11-10T19:40:02.789+0500: 646.248: [Full GC (Allocation Failure) 2017-11-10T19:40:02.789+0500: 646.248: [Tenured: 349568K->349568K(349568K), 0.0782384 secs] 506815K->506798K(506816K), [Metaspace: 12963K->12963K(1060864K)], 0.0783151 secs] [Times: user=0.08 sys=0.00, real=0.08 secs] 
2017-11-10T19:40:02.868+0500: 646.327: [Full GC (Allocation Failure) 2017-11-10T19:40:02.868+0500: 646.327: [Tenured: 349568K->349568K(349568K), 0.0762100 secs] 506815K->506798K(506816K), [Metaspace: 12963K->12963K(1060864K)], 0.0763185 secs] [Times: user=0.08 sys=0.00, real=0.08 secs] 
2017-11-10T19:40:02.945+0500: 646.404: [Full GC (Allocation Failure) 2017-11-10T19:40:02.945+0500: 646.404: [Tenured: 349568K->349568K(349568K), 0.0784408 secs] 506815K->506808K(506816K), [Metaspace: 12963K->12963K(1060864K)], 0.0785390 secs] [Times: user=0.08 sys=0.00, real=0.08 secs] 
2017-11-10T19:40:03.024+0500: 646.483: [Full GC (Allocation Failure) 2017-11-10T19:40:03.024+0500: 646.483: [Tenured: 349568K->349567K(349568K), 0.0801206 secs] 506815K->506801K(506816K), [Metaspace: 12963K->12963K(1060864K)], 0.0801934 secs] [Times: user=0.08 sys=0.00, real=0.08 secs] 
2017-11-10T19:40:03.105+0500: 646.564: [Full GC (Allocation Failure) 2017-11-10T19:40:03.105+0500: 646.564: [Tenured: 349568K->349568K(349568K), 0.0830192 secs] 506815K->506798K(506816K), [Metaspace: 12963K->12963K(1060864K)], 0.0831273 secs] [Times: user=0.08 sys=0.00, real=0.08 secs] 
2017-11-10T19:40:03.188+0500: 646.648: [Full GC (Allocation Failure) 2017-11-10T19:40:03.188+0500: 646.648: [Tenured: 349568K->349568K(349568K), 0.0813844 secs] 506815K->506798K(506816K), [Metaspace: 12963K->12963K(1060864K)], 0.0815037 secs] [Times: user=0.09 sys=0.00, real=0.08 secs] 
2017-11-10T19:40:03.270+0500: 646.730: [Full GC (Allocation Failure) 2017-11-10T19:40:03.270+0500: 646.730: [Tenured: 349568K->349568K(349568K), 0.0821861 secs] 506815K->506808K(506816K), [Metaspace: 12963K->12963K(1060864K)], 0.0822673 secs] [Times: user=0.08 sys=0.00, real=0.08 secs] 
2017-11-10T19:40:03.353+0500: 646.812: [Full GC (Allocation Failure) 2017-11-10T19:40:03.353+0500: 646.812: [Tenured: 349568K->349567K(349568K), 0.0771418 secs] 506815K->506801K(506816K), [Metaspace: 12963K->12963K(1060864K)], 0.0772210 secs] [Times: user=0.08 sys=0.00, real=0.08 secs] 
2017-11-10T19:40:03.431+0500: 646.890: [Full GC (Allocation Failure) 2017-11-10T19:40:03.431+0500: 646.890: [Tenured: 349568K->349568K(349568K), 0.0766387 secs] 506815K->506798K(506816K), [Metaspace: 12963K->12963K(1060864K)], 0.0767135 secs] [Times: user=0.08 sys=0.00, real=0.08 secs] 
2017-11-10T19:40:03.509+0500: 646.967: [Full GC (Allocation Failure) 2017-11-10T19:40:03.509+0500: 646.967: [Tenured: 349568K->349568K(349568K), 0.0784789 secs] 506815K->506798K(506816K), [Metaspace: 12963K->12963K(1060864K)], 0.0785918 secs] [Times: user=0.08 sys=0.00, real=0.08 secs] 
2017-11-10T19:40:03.588+0500: 647.047: [Full GC (Allocation Failure) 2017-11-10T19:40:03.588+0500: 647.047: [Tenured: 349568K->349568K(349568K), 0.0799324 secs] 506815K->506808K(506816K), [Metaspace: 12963K->12963K(1060864K)], 0.0800419 secs] [Times: user=0.08 sys=0.00, real=0.08 secs] 
2017-11-10T19:40:03.668+0500: 647.127: [Full GC (Allocation Failure) 2017-11-10T19:40:03.668+0500: 647.127: [Tenured: 349568K->349567K(349568K), 0.0806769 secs] 506815K->506801K(506816K), [Metaspace: 12963K->12963K(1060864K)], 0.0807513 secs] [Times: user=0.08 sys=0.00, real=0.08 secs] 
2017-11-10T19:40:03.749+0500: 647.208: [Full GC (Allocation Failure) 2017-11-10T19:40:03.749+0500: 647.208: [Tenured: 349568K->349568K(349568K), 0.0842033 secs] 506815K->506798K(506816K), [Metaspace: 12963K->12963K(1060864K)], 0.0842933 secs] [Times: user=0.09 sys=0.00, real=0.09 secs] 
2017-11-10T19:40:03.834+0500: 647.293: [Full GC (Allocation Failure) 2017-11-10T19:40:03.834+0500: 647.293: [Tenured: 349568K->349568K(349568K), 0.0871821 secs] 506815K->506798K(506816K), [Metaspace: 12963K->12963K(1060864K)], 0.0872701 secs] [Times: user=0.08 sys=0.00, real=0.09 secs] 
2017-11-10T19:40:03.922+0500: 647.381: [Full GC (Allocation Failure) 2017-11-10T19:40:03.922+0500: 647.381: [Tenured: 349568K->349568K(349568K), 0.0840791 secs] 506815K->506808K(506816K), [Metaspace: 12963K->12963K(1060864K)], 0.0842101 secs] [Times: user=0.09 sys=0.00, real=0.08 secs] 
2017-11-10T19:40:04.007+0500: 647.466: [Full GC (Allocation Failure) 2017-11-10T19:40:04.007+0500: 647.466: [Tenured: 349568K->349567K(349568K), 0.0838616 secs] 506815K->506801K(506816K), [Metaspace: 12963K->12963K(1060864K)], 0.0839809 secs] [Times: user=0.08 sys=0.00, real=0.08 secs] 
2017-11-10T19:40:04.091+0500: 647.550: [Full GC (Allocation Failure) 2017-11-10T19:40:04.092+0500: 647.550: [Tenured: 349568K->349568K(349568K), 0.0817804 secs] 506815K->506798K(506816K), [Metaspace: 12963K->12963K(1060864K)], 0.0818821 secs] [Times: user=0.08 sys=0.00, real=0.08 secs] 
2017-11-10T19:40:04.174+0500: 647.633: [Full GC (Allocation Failure) 2017-11-10T19:40:04.174+0500: 647.633: [Tenured: 349568K->349568K(349568K), 0.0833702 secs] 506815K->506798K(506816K), [Metaspace: 12963K->12963K(1060864K)], 0.0834480 secs] [Times: user=0.09 sys=0.00, real=0.08 secs] 
2017-11-10T19:40:04.258+0500: 647.717: [Full GC (Allocation Failure) 2017-11-10T19:40:04.258+0500: 647.717: [Tenured: 349568K->349568K(349568K), 0.0833272 secs] 506815K->506808K(506816K), [Metaspace: 12963K->12963K(1060864K)], 0.0834333 secs] [Times: user=0.08 sys=0.00, real=0.08 secs] 
2017-11-10T19:40:04.342+0500: 647.801: [Full GC (Allocation Failure) 2017-11-10T19:40:04.342+0500: 647.801: [Tenured: 349568K->349567K(349568K), 0.0869890 secs] 506815K->506801K(506816K), [Metaspace: 12963K->12963K(1060864K)], 0.0870775 secs] [Times: user=0.09 sys=0.00, real=0.09 secs] 
2017-11-10T19:40:04.430+0500: 647.889: [Full GC (Allocation Failure) 2017-11-10T19:40:04.430+0500: 647.889: [Tenured: 349568K->349568K(349568K), 0.0784657 secs] 506815K->506798K(506816K), [Metaspace: 12963K->12963K(1060864K)], 0.0785728 secs] [Times: user=0.08 sys=0.00, real=0.08 secs] 
2017-11-10T19:40:04.509+0500: 647.968: [Full GC (Allocation Failure) 2017-11-10T19:40:04.509+0500: 647.968: [Tenured: 349568K->349568K(349568K), 0.0782349 secs] 506815K->506798K(506816K), [Metaspace: 12963K->12963K(1060864K)], 0.0783181 secs] [Times: user=0.08 sys=0.00, real=0.08 secs] 
2017-11-10T19:40:04.588+0500: 648.047: [Full GC (Allocation Failure) 2017-11-10T19:40:04.588+0500: 648.047: [Tenured: 349568K->349568K(349568K), 0.0792220 secs] 506815K->506808K(506816K), [Metaspace: 12963K->12963K(1060864K)], 0.0792953 secs] [Times: user=0.08 sys=0.00, real=0.08 secs] 
2017-11-10T19:40:04.667+0500: 648.126: [Full GC (Allocation Failure) 2017-11-10T19:40:04.667+0500: 648.126: [Tenured: 349568K->349567K(349568K), 0.0766817 secs] 506815K->506801K(506816K), [Metaspace: 12963K->12963K(1060864K)], 0.0767673 secs] [Times: user=0.08 sys=0.00, real=0.08 secs] 
2017-11-10T19:40:04.745+0500: 648.204: [Full GC (Allocation Failure) 2017-11-10T19:40:04.745+0500: 648.204: [Tenured: 349568K->349568K(349568K), 0.0776356 secs] 506815K->506798K(506816K), [Metaspace: 12963K->12963K(1060864K)], 0.0777793 secs] [Times: user=0.06 sys=0.00, real=0.08 secs] 
2017-11-10T19:40:04.823+0500: 648.282: [Full GC (Allocation Failure) 2017-11-10T19:40:04.823+0500: 648.282: [Tenured: 349568K->349568K(349568K), 0.0764593 secs] 506815K->506798K(506816K), [Metaspace: 12963K->12963K(1060864K)], 0.0765409 secs] [Times: user=0.08 sys=0.00, real=0.08 secs] 
2017-11-10T19:40:04.900+0500: 648.359: [Full GC (Allocation Failure) 2017-11-10T19:40:04.900+0500: 648.359: [Tenured: 349568K->349568K(349568K), 0.0807009 secs] 506815K->506808K(506816K), [Metaspace: 12963K->12963K(1060864K)], 0.0807781 secs] [Times: user=0.06 sys=0.00, real=0.08 secs] 
2017-11-10T19:40:04.981+0500: 648.440: [Full GC (Allocation Failure) 2017-11-10T19:40:04.981+0500: 648.440: [Tenured: 349568K->349567K(349568K), 0.0880284 secs] 506815K->506801K(506816K), [Metaspace: 12963K->12963K(1060864K)], 0.0881203 secs] [Times: user=0.09 sys=0.00, real=0.09 secs] 
2017-11-10T19:40:05.070+0500: 648.529: [Full GC (Allocation Failure) 2017-11-10T19:40:05.070+0500: 648.529: [Tenured: 349568K->349568K(349568K), 0.0825132 secs] 506815K->506798K(506816K), [Metaspace: 12963K->12963K(1060864K)], 0.0826178 secs] [Times: user=0.08 sys=0.00, real=0.08 secs] 
2017-11-10T19:40:05.153+0500: 648.612: [Full GC (Allocation Failure) 2017-11-10T19:40:05.153+0500: 648.612: [Tenured: 349568K->349568K(349568K), 0.0780893 secs] 506815K->506798K(506816K), [Metaspace: 12963K->12963K(1060864K)], 0.0781743 secs] [Times: user=0.08 sys=0.00, real=0.08 secs] 
2017-11-10T19:40:05.232+0500: 648.691: [Full GC (Allocation Failure) 2017-11-10T19:40:05.232+0500: 648.691: [Tenured: 349568K->349568K(349568K), 0.0766940 secs] 506815K->506808K(506816K), [Metaspace: 12963K->12963K(1060864K)], 0.0768064 secs] [Times: user=0.08 sys=0.00, real=0.08 secs] 
2017-11-10T19:40:05.310+0500: 648.769: [Full GC (Allocation Failure) 2017-11-10T19:40:05.310+0500: 648.769: [Tenured: 349568K->349567K(349568K), 0.0787776 secs] 506815K->506801K(506816K), [Metaspace: 12963K->12963K(1060864K)], 0.0788866 secs] [Times: user=0.08 sys=0.00, real=0.08 secs] 
2017-11-10T19:40:05.389+0500: 648.848: [Full GC (Allocation Failure) 2017-11-10T19:40:05.389+0500: 648.848: [Tenured: 349568K->349568K(349568K), 0.0792914 secs] 506815K->506798K(506816K), [Metaspace: 12963K->12963K(1060864K)], 0.0793873 secs] [Times: user=0.08 sys=0.00, real=0.08 secs] 
2017-11-10T19:40:05.469+0500: 648.928: [Full GC (Allocation Failure) 2017-11-10T19:40:05.469+0500: 648.928: [Tenured: 349568K->349568K(349568K), 0.0770949 secs] 506815K->506798K(506816K), [Metaspace: 12963K->12963K(1060864K)], 0.0771682 secs] [Times: user=0.08 sys=0.00, real=0.08 secs] 
2017-11-10T19:40:05.547+0500: 649.006: [Full GC (Allocation Failure) 2017-11-10T19:40:05.547+0500: 649.006: [Tenured: 349568K->349568K(349568K), 0.0769330 secs] 506815K->506808K(506816K), [Metaspace: 12963K->12963K(1060864K)], 0.0770587 secs] [Times: user=0.08 sys=0.00, real=0.08 secs] 
2017-11-10T19:40:05.624+0500: 649.083: [Full GC (Allocation Failure) 2017-11-10T19:40:05.624+0500: 649.083: [Tenured: 349568K->349567K(349568K), 0.0764192 secs] 506815K->506801K(506816K), [Metaspace: 12963K->12963K(1060864K)], 0.0765062 secs] [Times: user=0.08 sys=0.00, real=0.08 secs] 
2017-11-10T19:40:05.701+0500: 649.160: [Full GC (Allocation Failure) 2017-11-10T19:40:05.701+0500: 649.160: [Tenured: 349568K->349568K(349568K), 0.0776434 secs] 506815K->506798K(506816K), [Metaspace: 12963K->12963K(1060864K)], 0.0777338 secs] [Times: user=0.08 sys=0.00, real=0.08 secs] 
2017-11-10T19:40:05.779+0500: 649.238: [Full GC (Allocation Failure) 2017-11-10T19:40:05.779+0500: 649.238: [Tenured: 349568K->349568K(349568K), 0.0771442 secs] 506815K->506798K(506816K), [Metaspace: 12963K->12963K(1060864K)], 0.0772430 secs] [Times: user=0.08 sys=0.00, real=0.08 secs] 
2017-11-10T19:40:05.857+0500: 649.316: [Full GC (Allocation Failure) 2017-11-10T19:40:05.857+0500: 649.316: [Tenured: 349568K->349568K(349568K), 0.0776585 secs] 506815K->506808K(506816K), [Metaspace: 12963K->12963K(1060864K)], 0.0777461 secs] [Times: user=0.08 sys=0.00, real=0.08 secs] 
2017-11-10T19:40:05.935+0500: 649.394: [Full GC (Allocation Failure) 2017-11-10T19:40:05.935+0500: 649.394: [Tenured: 349568K->349567K(349568K), 0.0842077 secs] 506815K->506801K(506816K), [Metaspace: 12963K->12963K(1060864K)], 0.0843314 secs] [Times: user=0.09 sys=0.00, real=0.08 secs] 
2017-11-10T19:40:06.020+0500: 649.479: [Full GC (Allocation Failure) 2017-11-10T19:40:06.020+0500: 649.479: [Tenured: 349568K->349568K(349568K), 0.0816200 secs] 506815K->506798K(506816K), [Metaspace: 12963K->12963K(1060864K)], 0.0817193 secs] [Times: user=0.08 sys=0.00, real=0.08 secs] 
2017-11-10T19:40:06.103+0500: 649.562: [Full GC (Allocation Failure) 2017-11-10T19:40:06.103+0500: 649.562: [Tenured: 349568K->349568K(349568K), 0.0852490 secs] 506815K->506798K(506816K), [Metaspace: 12963K->12963K(1060864K)], 0.0853444 secs] [Times: user=0.08 sys=0.00, real=0.09 secs] 
2017-11-10T19:40:06.188+0500: 649.648: [Full GC (Allocation Failure) 2017-11-10T19:40:06.188+0500: 649.648: [Tenured: 349568K->349568K(349568K), 0.0779881 secs] 506815K->506808K(506816K), [Metaspace: 12963K->12963K(1060864K)], 0.0780629 secs] [Times: user=0.08 sys=0.00, real=0.08 secs] 
2017-11-10T19:40:06.267+0500: 649.726: [Full GC (Allocation Failure) 2017-11-10T19:40:06.267+0500: 649.726: [Tenured: 349568K->349567K(349568K), 0.0796557 secs] 506815K->506801K(506816K), [Metaspace: 12963K->12963K(1060864K)], 0.0797661 secs] [Times: user=0.09 sys=0.00, real=0.08 secs] 
2017-11-10T19:40:06.347+0500: 649.807: [Full GC (Allocation Failure) 2017-11-10T19:40:06.347+0500: 649.807: [Tenured: 349568K->349568K(349568K), 0.0779529 secs] 506815K->506798K(506816K), [Metaspace: 12963K->12963K(1060864K)], 0.0780692 secs] [Times: user=0.08 sys=0.00, real=0.08 secs] 
2017-11-10T19:40:06.426+0500: 649.885: [Full GC (Allocation Failure) 2017-11-10T19:40:06.426+0500: 649.885: [Tenured: 349568K->349568K(349568K), 0.0791438 secs] 506815K->506798K(506816K), [Metaspace: 12963K->12963K(1060864K)], 0.0792254 secs] [Times: user=0.08 sys=0.00, real=0.08 secs] 
2017-11-10T19:40:06.506+0500: 649.965: [Full GC (Allocation Failure) 2017-11-10T19:40:06.506+0500: 649.965: [Tenured: 349568K->349568K(349568K), 0.0800913 secs] 506815K->506808K(506816K), [Metaspace: 12963K->12963K(1060864K)], 0.0801690 secs] [Times: user=0.08 sys=0.00, real=0.08 secs] 
2017-11-10T19:40:06.586+0500: 650.045: [Full GC (Allocation Failure) 2017-11-10T19:40:06.586+0500: 650.045: [Tenured: 349568K->349567K(349568K), 0.0783039 secs] 506815K->506801K(506816K), [Metaspace: 12963K->12963K(1060864K)], 0.0784051 secs] [Times: user=0.08 sys=0.00, real=0.08 secs] 
2017-11-10T19:40:06.665+0500: 650.124: [Full GC (Allocation Failure) 2017-11-10T19:40:06.665+0500: 650.125: [Tenured: 349568K->349568K(349568K), 0.0790758 secs] 506815K->506798K(506816K), [Metaspace: 12963K->12963K(1060864K)], 0.0792054 secs] [Times: user=0.08 sys=0.00, real=0.08 secs] 
2017-11-10T19:40:06.746+0500: 650.205: [Full GC (Allocation Failure) 2017-11-10T19:40:06.746+0500: 650.205: [Tenured: 349568K->349568K(349568K), 0.0785405 secs] 506815K->506798K(506816K), [Metaspace: 12963K->12963K(1060864K)], 0.0786373 secs] [Times: user=0.08 sys=0.00, real=0.08 secs] 
2017-11-10T19:40:06.825+0500: 650.284: [Full GC (Allocation Failure) 2017-11-10T19:40:06.825+0500: 650.284: [Tenured: 349568K->349568K(349568K), 0.0785410 secs] 506815K->506808K(506816K), [Metaspace: 12963K->12963K(1060864K)], 0.0786710 secs] [Times: user=0.08 sys=0.00, real=0.08 secs] 
2017-11-10T19:40:06.904+0500: 650.363: [Full GC (Allocation Failure) 2017-11-10T19:40:06.904+0500: 650.363: [Tenured: 349568K->349567K(349568K), 0.0795765 secs] 506815K->506801K(506816K), [Metaspace: 12963K->12963K(1060864K)], 0.0796649 secs] [Times: user=0.08 sys=0.00, real=0.08 secs] 
2017-11-10T19:40:06.984+0500: 650.443: [Full GC (Allocation Failure) 2017-11-10T19:40:06.984+0500: 650.443: [Tenured: 349568K->349568K(349568K), 0.0835311 secs] 506815K->506798K(506816K), [Metaspace: 12963K->12963K(1060864K)], 0.0836186 secs] [Times: user=0.09 sys=0.00, real=0.08 secs] 
2017-11-10T19:40:07.068+0500: 650.527: [Full GC (Allocation Failure) 2017-11-10T19:40:07.068+0500: 650.527: [Tenured: 349568K->349568K(349568K), 0.0863197 secs] 506815K->506798K(506816K), [Metaspace: 12963K->12963K(1060864K)], 0.0865011 secs] [Times: user=0.08 sys=0.00, real=0.09 secs] 
2017-11-10T19:40:07.155+0500: 650.614: [Full GC (Allocation Failure) 2017-11-10T19:40:07.155+0500: 650.615: [Tenured: 349568K->349568K(349568K), 0.0842683 secs] 506815K->506808K(506816K), [Metaspace: 12963K->12963K(1060864K)], 0.0844033 secs] [Times: user=0.09 sys=0.00, real=0.09 secs] 
2017-11-10T19:40:07.240+0500: 650.699: [Full GC (Allocation Failure) 2017-11-10T19:40:07.240+0500: 650.699: [Tenured: 349568K->349567K(349568K), 0.0792699 secs] 506815K->506801K(506816K), [Metaspace: 12963K->12963K(1060864K)], 0.0793877 secs] [Times: user=0.08 sys=0.00, real=0.08 secs] 
2017-11-10T19:40:07.320+0500: 650.779: [Full GC (Allocation Failure) 2017-11-10T19:40:07.321+0500: 650.779: [Tenured: 349568K->349568K(349568K), 0.0853414 secs] 506815K->506798K(506816K), [Metaspace: 12963K->12963K(1060864K)], 0.0854583 secs] [Times: user=0.08 sys=0.00, real=0.09 secs] 
2017-11-10T19:40:07.407+0500: 650.865: [Full GC (Allocation Failure) 2017-11-10T19:40:07.407+0500: 650.866: [Tenured: 349568K->349568K(349568K), 0.0918686 secs] 506815K->506798K(506816K), [Metaspace: 12963K->12963K(1060864K)], 0.0919937 secs] [Times: user=0.09 sys=0.00, real=0.09 secs] 
2017-11-10T19:40:07.500+0500: 650.959: [Full GC (Allocation Failure) 2017-11-10T19:40:07.500+0500: 650.959: [Tenured: 349568K->349568K(349568K), 0.0942128 secs] 506815K->506808K(506816K), [Metaspace: 12963K->12963K(1060864K)], 0.0943130 secs] [Times: user=0.09 sys=0.00, real=0.09 secs] 
2017-11-10T19:40:07.595+0500: 651.054: [Full GC (Allocation Failure) 2017-11-10T19:40:07.595+0500: 651.054: [Tenured: 349568K->349567K(349568K), 0.0850559 secs] 506815K->506801K(506816K), [Metaspace: 12963K->12963K(1060864K)], 0.0851576 secs] [Times: user=0.09 sys=0.00, real=0.09 secs] 
2017-11-10T19:40:07.680+0500: 651.139: [Full GC (Allocation Failure) 2017-11-10T19:40:07.680+0500: 651.139: [Tenured: 349568K->349568K(349568K), 0.0863710 secs] 506815K->506798K(506816K), [Metaspace: 12963K->12963K(1060864K)], 0.0864620 secs] [Times: user=0.08 sys=0.00, real=0.09 secs] 
2017-11-10T19:40:07.769+0500: 651.228: [Full GC (Allocation Failure) 2017-11-10T19:40:07.769+0500: 651.228: [Tenured: 349568K->349568K(349568K), 0.0966631 secs] 506815K->506798K(506816K), [Metaspace: 12963K->12963K(1060864K)], 0.0967814 secs] [Times: user=0.09 sys=0.00, real=0.10 secs] 
2017-11-10T19:40:07.866+0500: 651.325: [Full GC (Allocation Failure) 2017-11-10T19:40:07.866+0500: 651.325: [Tenured: 349568K->349568K(349568K), 0.0884219 secs] 506815K->506808K(506816K), [Metaspace: 12963K->12963K(1060864K)], 0.0885261 secs] [Times: user=0.08 sys=0.00, real=0.09 secs] 
2017-11-10T19:40:07.955+0500: 651.414: [Full GC (Allocation Failure) 2017-11-10T19:40:07.955+0500: 651.414: [Tenured: 349568K->349567K(349568K), 0.0893938 secs] 506815K->506801K(506816K), [Metaspace: 12963K->12963K(1060864K)], 0.0895185 secs] [Times: user=0.09 sys=0.00, real=0.09 secs] 
2017-11-10T19:40:08.045+0500: 651.504: [Full GC (Allocation Failure) 2017-11-10T19:40:08.045+0500: 651.504: [Tenured: 349568K->349568K(349568K), 0.0855316 secs] 506815K->506798K(506816K), [Metaspace: 12963K->12963K(1060864K)], 0.0856221 secs] [Times: user=0.09 sys=0.00, real=0.09 secs] 
2017-11-10T19:40:08.131+0500: 651.590: [Full GC (Allocation Failure) 2017-11-10T19:40:08.131+0500: 651.590: [Tenured: 349568K->349568K(349568K), 0.0870462 secs] 506815K->506798K(506816K), [Metaspace: 12963K->12963K(1060864K)], 0.0871415 secs] [Times: user=0.08 sys=0.00, real=0.09 secs] 
2017-11-10T19:40:08.219+0500: 651.678: [Full GC (Allocation Failure) 2017-11-10T19:40:08.219+0500: 651.678: [Tenured: 349568K->349568K(349568K), 0.0853400 secs] 506815K->506808K(506816K), [Metaspace: 12963K->12963K(1060864K)], 0.0854182 secs] [Times: user=0.09 sys=0.00, real=0.08 secs] 
2017-11-10T19:40:08.305+0500: 651.764: [Full GC (Allocation Failure) 2017-11-10T19:40:08.305+0500: 651.764: [Tenured: 349568K->349567K(349568K), 0.0846839 secs] 506815K->506801K(506816K), [Metaspace: 12963K->12963K(1060864K)], 0.0847645 secs] [Times: user=0.08 sys=0.00, real=0.08 secs] 
2017-11-10T19:40:08.391+0500: 651.850: [Full GC (Allocation Failure) 2017-11-10T19:40:08.391+0500: 651.850: [Tenured: 349568K->349568K(349568K), 0.0935963 secs] 506815K->506798K(506816K), [Metaspace: 12963K->12963K(1060864K)], 0.0937093 secs] [Times: user=0.08 sys=0.00, real=0.09 secs] 
2017-11-10T19:40:08.485+0500: 651.944: [Full GC (Allocation Failure) 2017-11-10T19:40:08.485+0500: 651.944: [Tenured: 349568K->349568K(349568K), 0.0797847 secs] 506815K->506798K(506816K), [Metaspace: 12963K->12963K(1060864K)], 0.0798610 secs] [Times: user=0.08 sys=0.00, real=0.08 secs] 
2017-11-10T19:40:08.565+0500: 652.024: [Full GC (Allocation Failure) 2017-11-10T19:40:08.565+0500: 652.024: [Tenured: 349568K->349568K(349568K), 0.0810094 secs] 506815K->506808K(506816K), [Metaspace: 12963K->12963K(1060864K)], 0.0811130 secs] [Times: user=0.08 sys=0.00, real=0.08 secs] 
2017-11-10T19:40:08.647+0500: 652.106: [Full GC (Allocation Failure) 2017-11-10T19:40:08.647+0500: 652.106: [Tenured: 349568K->349567K(349568K), 0.0807586 secs] 506815K->506801K(506816K), [Metaspace: 12963K->12963K(1060864K)], 0.0808393 secs] [Times: user=0.08 sys=0.00, real=0.08 secs] 
2017-11-10T19:40:08.728+0500: 652.187: [Full GC (Allocation Failure) 2017-11-10T19:40:08.728+0500: 652.187: [Tenured: 349568K->349568K(349568K), 0.0831409 secs] 506815K->506798K(506816K), [Metaspace: 12963K->12963K(1060864K)], 0.0832529 secs] [Times: user=0.08 sys=0.00, real=0.08 secs] 
2017-11-10T19:40:08.812+0500: 652.271: [Full GC (Allocation Failure) 2017-11-10T19:40:08.812+0500: 652.271: [Tenured: 349568K->349568K(349568K), 0.0802448 secs] 506815K->506798K(506816K), [Metaspace: 12963K->12963K(1060864K)], 0.0803425 secs] [Times: user=0.08 sys=0.00, real=0.08 secs] 
2017-11-10T19:40:08.893+0500: 652.352: [Full GC (Allocation Failure) 2017-11-10T19:40:08.893+0500: 652.352: [Tenured: 349568K->349568K(349568K), 0.0860640 secs] 506815K->506808K(506816K), [Metaspace: 12963K->12963K(1060864K)], 0.0861730 secs] [Times: user=0.08 sys=0.00, real=0.09 secs] 
2017-11-10T19:40:08.980+0500: 652.439: [Full GC (Allocation Failure) 2017-11-10T19:40:08.980+0500: 652.439: [Tenured: 349568K->349567K(349568K), 0.0872501 secs] 506815K->506801K(506816K), [Metaspace: 12963K->12963K(1060864K)], 0.0873620 secs] [Times: user=0.09 sys=0.00, real=0.09 secs] 
2017-11-10T19:40:09.068+0500: 652.527: [Full GC (Allocation Failure) 2017-11-10T19:40:09.068+0500: 652.527: [Tenured: 349568K->349568K(349568K), 0.0845890 secs] 506815K->506798K(506816K), [Metaspace: 12963K->12963K(1060864K)], 0.0846995 secs] [Times: user=0.08 sys=0.00, real=0.09 secs] 
2017-11-10T19:40:09.153+0500: 652.612: [Full GC (Allocation Failure) 2017-11-10T19:40:09.153+0500: 652.612: [Tenured: 349568K->349568K(349568K), 0.0868228 secs] 506815K->506798K(506816K), [Metaspace: 12963K->12963K(1060864K)], 0.0869347 secs] [Times: user=0.09 sys=0.00, real=0.09 secs] 
2017-11-10T19:40:09.241+0500: 652.700: [Full GC (Allocation Failure) 2017-11-10T19:40:09.241+0500: 652.700: [Tenured: 349568K->349568K(349568K), 0.0859609 secs] 506815K->506808K(506816K), [Metaspace: 12963K->12963K(1060864K)], 0.0860718 secs] [Times: user=0.08 sys=0.00, real=0.09 secs] 
2017-11-10T19:40:09.328+0500: 652.787: [Full GC (Allocation Failure) 2017-11-10T19:40:09.328+0500: 652.787: [Tenured: 349568K->349567K(349568K), 0.0882772 secs] 506815K->506801K(506816K), [Metaspace: 12963K->12963K(1060864K)], 0.0884161 secs] [Times: user=0.09 sys=0.00, real=0.09 secs] 
2017-11-10T19:40:09.417+0500: 652.876: [Full GC (Allocation Failure) 2017-11-10T19:40:09.417+0500: 652.876: [Tenured: 349568K->349568K(349568K), 0.0854461 secs] 506815K->506798K(506816K), [Metaspace: 12963K->12963K(1060864K)], 0.0855492 secs] [Times: user=0.09 sys=0.00, real=0.09 secs] 
2017-11-10T19:40:09.503+0500: 652.962: [Full GC (Allocation Failure) 2017-11-10T19:40:09.503+0500: 652.962: [Tenured: 349568K->349568K(349568K), 0.0849009 secs] 506815K->506798K(506816K), [Metaspace: 12963K->12963K(1060864K)], 0.0849772 secs] [Times: user=0.08 sys=0.00, real=0.09 secs] 
2017-11-10T19:40:09.588+0500: 653.047: [Full GC (Allocation Failure) 2017-11-10T19:40:09.588+0500: 653.047: [Tenured: 349568K->349568K(349568K), 0.0844502 secs] 506815K->506808K(506816K), [Metaspace: 12963K->12963K(1060864K)], 0.0845294 secs] [Times: user=0.08 sys=0.00, real=0.09 secs] 
2017-11-10T19:40:09.673+0500: 653.132: [Full GC (Allocation Failure) 2017-11-10T19:40:09.673+0500: 653.132: [Tenured: 349568K->349567K(349568K), 0.0850114 secs] 506815K->506801K(506816K), [Metaspace: 12963K->12963K(1060864K)], 0.0850916 secs] [Times: user=0.09 sys=0.00, real=0.08 secs] 
2017-11-10T19:40:09.759+0500: 653.218: [Full GC (Allocation Failure) 2017-11-10T19:40:09.759+0500: 653.218: [Tenured: 349568K->349568K(349568K), 0.0850114 secs] 506815K->506798K(506816K), [Metaspace: 12963K->12963K(1060864K)], 0.0850941 secs] [Times: user=0.08 sys=0.00, real=0.09 secs] 
2017-11-10T19:40:09.845+0500: 653.304: [Full GC (Allocation Failure) 2017-11-10T19:40:09.845+0500: 653.304: [Tenured: 349568K->349568K(349568K), 0.0846325 secs] 506815K->506798K(506816K), [Metaspace: 12963K->12963K(1060864K)], 0.0847465 secs] [Times: user=0.09 sys=0.00, real=0.09 secs] 
2017-11-10T19:40:09.930+0500: 653.389: [Full GC (Allocation Failure) 2017-11-10T19:40:09.930+0500: 653.389: [Tenured: 349568K->349568K(349568K), 0.0858689 secs] 506815K->506808K(506816K), [Metaspace: 12963K->12963K(1060864K)], 0.0859951 secs] [Times: user=0.06 sys=0.00, real=0.09 secs] 
2017-11-10T19:40:10.017+0500: 653.476: [Full GC (Allocation Failure) 2017-11-10T19:40:10.017+0500: 653.476: [Tenured: 349568K->349567K(349568K), 0.0848242 secs] 506815K->506801K(506816K), [Metaspace: 12963K->12963K(1060864K)], 0.0849161 secs] [Times: user=0.09 sys=0.00, real=0.08 secs] 
2017-11-10T19:40:10.102+0500: 653.561: [Full GC (Allocation Failure) 2017-11-10T19:40:10.102+0500: 653.561: [Tenured: 349568K->349568K(349568K), 0.0868384 secs] 506815K->506798K(506816K), [Metaspace: 12963K->12963K(1060864K)], 0.0869230 secs] [Times: user=0.08 sys=0.00, real=0.09 secs] 
2017-11-10T19:40:10.189+0500: 653.649: [Full GC (Allocation Failure) 2017-11-10T19:40:10.190+0500: 653.649: [Tenured: 349568K->349568K(349568K), 0.0930253 secs] 506815K->506798K(506816K), [Metaspace: 12963K->12963K(1060864K)], 0.0931153 secs] [Times: user=0.09 sys=0.00, real=0.09 secs] 
2017-11-10T19:40:10.283+0500: 653.742: [Full GC (Allocation Failure) 2017-11-10T19:40:10.283+0500: 653.743: [Tenured: 349568K->349568K(349568K), 0.0896476 secs] 506815K->506808K(506816K), [Metaspace: 12963K->12963K(1060864K)], 0.0897556 secs] [Times: user=0.09 sys=0.00, real=0.09 secs] 
2017-11-10T19:40:10.373+0500: 653.833: [Full GC (Allocation Failure) 2017-11-10T19:40:10.373+0500: 653.833: [Tenured: 349568K->349567K(349568K), 0.0839212 secs] 506815K->506801K(506816K), [Metaspace: 12963K->12963K(1060864K)], 0.0840097 secs] [Times: user=0.09 sys=0.00, real=0.08 secs] 
2017-11-10T19:40:10.458+0500: 653.917: [Full GC (Allocation Failure) 2017-11-10T19:40:10.458+0500: 653.917: [Tenured: 349568K->349568K(349568K), 0.0824066 secs] 506815K->506798K(506816K), [Metaspace: 12963K->12963K(1060864K)], 0.0824853 secs] [Times: user=0.08 sys=0.00, real=0.08 secs] 
2017-11-10T19:40:10.541+0500: 654.000: [Full GC (Allocation Failure) 2017-11-10T19:40:10.541+0500: 654.000: [Tenured: 349568K->349568K(349568K), 0.0891968 secs] 506815K->506798K(506816K), [Metaspace: 12963K->12963K(1060864K)], 0.0892970 secs] [Times: user=0.09 sys=0.00, real=0.09 secs] 
2017-11-10T19:40:10.631+0500: 654.090: [Full GC (Allocation Failure) 2017-11-10T19:40:10.631+0500: 654.090: [Tenured: 349568K->349568K(349568K), 0.0886097 secs] 506815K->506808K(506816K), [Metaspace: 12963K->12963K(1060864K)], 0.0887417 secs] [Times: user=0.08 sys=0.00, real=0.09 secs] 
2017-11-10T19:40:10.720+0500: 654.180: [Full GC (Allocation Failure) 2017-11-10T19:40:10.720+0500: 654.180: [Tenured: 349568K->349567K(349568K), 0.0844829 secs] 506815K->506801K(506816K), [Metaspace: 12963K->12963K(1060864K)], 0.0845827 secs] [Times: user=0.09 sys=0.00, real=0.09 secs] 
2017-11-10T19:40:10.805+0500: 654.265: [Full GC (Allocation Failure) 2017-11-10T19:40:10.805+0500: 654.265: [Tenured: 349568K->349568K(349568K), 0.0861452 secs] 506815K->506798K(506816K), [Metaspace: 12963K->12963K(1060864K)], 0.0862547 secs] [Times: user=0.08 sys=0.00, real=0.09 secs] 
2017-11-10T19:40:10.894+0500: 654.353: [Full GC (Allocation Failure) 2017-11-10T19:40:10.894+0500: 654.353: [Tenured: 349568K->349568K(349568K), 0.0837628 secs] 506815K->506798K(506816K), [Metaspace: 12963K->12963K(1060864K)], 0.0838723 secs] [Times: user=0.08 sys=0.00, real=0.08 secs] 
2017-11-10T19:40:10.979+0500: 654.438: [Full GC (Allocation Failure) 2017-11-10T19:40:10.979+0500: 654.438: [Tenured: 349568K->349568K(349568K), 0.0893039 secs] 506815K->506808K(506816K), [Metaspace: 12963K->12963K(1060864K)], 0.0894256 secs] [Times: user=0.08 sys=0.00, real=0.09 secs] 
2017-11-10T19:40:11.069+0500: 654.528: [Full GC (Allocation Failure) 2017-11-10T19:40:11.069+0500: 654.528: [Tenured: 349568K->349567K(349568K), 0.0849889 secs] 506815K->506801K(506816K), [Metaspace: 12963K->12963K(1060864K)], 0.0850657 secs] [Times: user=0.08 sys=0.00, real=0.09 secs] 
2017-11-10T19:40:11.155+0500: 654.614: [Full GC (Allocation Failure) 2017-11-10T19:40:11.155+0500: 654.614: [Tenured: 349568K->349568K(349568K), 0.0875312 secs] 506815K->506798K(506816K), [Metaspace: 12963K->12963K(1060864K)], 0.0876231 secs] [Times: user=0.09 sys=0.00, real=0.09 secs] 
2017-11-10T19:40:11.244+0500: 654.703: [Full GC (Allocation Failure) 2017-11-10T19:40:11.244+0500: 654.703: [Tenured: 349568K->349568K(349568K), 0.0842473 secs] 506815K->506798K(506816K), [Metaspace: 12963K->12963K(1060864K)], 0.0843593 secs] [Times: user=0.08 sys=0.00, real=0.08 secs] 
2017-11-10T19:40:11.329+0500: 654.788: [Full GC (Allocation Failure) 2017-11-10T19:40:11.329+0500: 654.788: [Tenured: 349568K->349568K(349568K), 0.0851024 secs] 506815K->506808K(506816K), [Metaspace: 12963K->12963K(1060864K)], 0.0852251 secs] [Times: user=0.09 sys=0.00, real=0.09 secs] 
2017-11-10T19:40:11.415+0500: 654.873: [Full GC (Allocation Failure) 2017-11-10T19:40:11.415+0500: 654.873: [Tenured: 349568K->349567K(349568K), 0.0866629 secs] 506815K->506801K(506816K), [Metaspace: 12963K->12963K(1060864K)], 0.0867558 secs] [Times: user=0.08 sys=0.00, real=0.09 secs] 
2017-11-10T19:40:11.502+0500: 654.961: [Full GC (Allocation Failure) 2017-11-10T19:40:11.502+0500: 654.961: [Tenured: 349568K->349568K(349568K), 0.0844536 secs] 506815K->506798K(506816K), [Metaspace: 12963K->12963K(1060864K)], 0.0845553 secs] [Times: user=0.09 sys=0.00, real=0.08 secs] 
2017-11-10T19:40:11.587+0500: 655.046: [Full GC (Allocation Failure) 2017-11-10T19:40:11.587+0500: 655.046: [Tenured: 349568K->349568K(349568K), 0.0830031 secs] 506815K->506798K(506816K), [Metaspace: 12963K->12963K(1060864K)], 0.0830769 secs] [Times: user=0.08 sys=0.00, real=0.08 secs] 
2017-11-10T19:40:11.671+0500: 655.129: [Full GC (Allocation Failure) 2017-11-10T19:40:11.671+0500: 655.129: [Tenured: 349568K->349568K(349568K), 0.0885935 secs] 506815K->506808K(506816K), [Metaspace: 12963K->12963K(1060864K)], 0.0886923 secs] [Times: user=0.08 sys=0.00, real=0.09 secs] 
2017-11-10T19:40:11.760+0500: 655.219: [Full GC (Allocation Failure) 2017-11-10T19:40:11.760+0500: 655.219: [Tenured: 349568K->349567K(349568K), 0.0890922 secs] 506815K->506801K(506816K), [Metaspace: 12963K->12963K(1060864K)], 0.0891773 secs] [Times: user=0.09 sys=0.00, real=0.09 secs] 
2017-11-10T19:40:11.849+0500: 655.308: [Full GC (Allocation Failure) 2017-11-10T19:40:11.849+0500: 655.308: [Tenured: 349568K->349568K(349568K), 0.0841495 secs] 506815K->506798K(506816K), [Metaspace: 12963K->12963K(1060864K)], 0.0842605 secs] [Times: user=0.08 sys=0.00, real=0.09 secs] 
2017-11-10T19:40:11.934+0500: 655.393: [Full GC (Allocation Failure) 2017-11-10T19:40:11.934+0500: 655.393: [Tenured: 349568K->349568K(349568K), 0.0829493 secs] 506815K->506798K(506816K), [Metaspace: 12963K->12963K(1060864K)], 0.0830226 secs] [Times: user=0.06 sys=0.00, real=0.08 secs] 
2017-11-10T19:40:12.018+0500: 655.477: [Full GC (Allocation Failure) 2017-11-10T19:40:12.018+0500: 655.477: [Tenured: 349568K->349568K(349568K), 0.0854011 secs] 506815K->506808K(506816K), [Metaspace: 12963K->12963K(1060864K)], 0.0854886 secs] [Times: user=0.09 sys=0.00, real=0.09 secs] 
2017-11-10T19:40:12.104+0500: 655.563: [Full GC (Allocation Failure) 2017-11-10T19:40:12.104+0500: 655.563: [Tenured: 349568K->349567K(349568K), 0.0864928 secs] 506815K->506801K(506816K), [Metaspace: 12963K->12963K(1060864K)], 0.0865705 secs] [Times: user=0.08 sys=0.00, real=0.09 secs] 
2017-11-10T19:40:12.191+0500: 655.650: [Full GC (Allocation Failure) 2017-11-10T19:40:12.191+0500: 655.650: [Tenured: 349568K->349568K(349568K), 0.0848266 secs] 506815K->506798K(506816K), [Metaspace: 12963K->12963K(1060864K)], 0.0849132 secs] [Times: user=0.08 sys=0.00, real=0.09 secs] 
2017-11-10T19:40:12.276+0500: 655.735: [Full GC (Allocation Failure) 2017-11-10T19:40:12.276+0500: 655.735: [Tenured: 349568K->349568K(349568K), 0.0828642 secs] 506815K->506798K(506816K), [Metaspace: 12963K->12963K(1060864K)], 0.0829850 secs] [Times: user=0.08 sys=0.00, real=0.08 secs] 
2017-11-10T19:40:12.360+0500: 655.819: [Full GC (Allocation Failure) 2017-11-10T19:40:12.360+0500: 655.819: [Tenured: 349568K->349568K(349568K), 0.0820722 secs] 506815K->506808K(506816K), [Metaspace: 12963K->12963K(1060864K)], 0.0821910 secs] [Times: user=0.09 sys=0.00, real=0.08 secs] 
2017-11-10T19:40:12.443+0500: 655.902: [Full GC (Allocation Failure) 2017-11-10T19:40:12.443+0500: 655.902: [Tenured: 349568K->349567K(349568K), 0.0845441 secs] 506815K->506801K(506816K), [Metaspace: 12963K->12963K(1060864K)], 0.0846702 secs] [Times: user=0.08 sys=0.00, real=0.08 secs] 
2017-11-10T19:40:12.528+0500: 655.987: [Full GC (Allocation Failure) 2017-11-10T19:40:12.528+0500: 655.987: [Tenured: 349568K->349568K(349568K), 0.0895733 secs] 506815K->506798K(506816K), [Metaspace: 12963K->12963K(1060864K)], 0.0896715 secs] [Times: user=0.09 sys=0.00, real=0.09 secs] 
2017-11-10T19:40:12.618+0500: 656.077: [Full GC (Allocation Failure) 2017-11-10T19:40:12.618+0500: 656.077: [Tenured: 349568K->349568K(349568K), 0.0862821 secs] 506815K->506798K(506816K), [Metaspace: 12963K->12963K(1060864K)], 0.0863544 secs] [Times: user=0.08 sys=0.00, real=0.09 secs] 
2017-11-10T19:40:12.705+0500: 656.164: [Full GC (Allocation Failure) 2017-11-10T19:40:12.705+0500: 656.164: [Tenured: 349568K->349568K(349568K), 0.0832715 secs] 506815K->506808K(506816K), [Metaspace: 12963K->12963K(1060864K)], 0.0833521 secs] [Times: user=0.09 sys=0.00, real=0.08 secs] 
2017-11-10T19:40:12.789+0500: 656.248: [Full GC (Allocation Failure) 2017-11-10T19:40:12.789+0500: 656.248: [Tenured: 349568K->349567K(349568K), 0.0861202 secs] 506815K->506801K(506816K), [Metaspace: 12963K->12963K(1060864K)], 0.0862082 secs] [Times: user=0.06 sys=0.02, real=0.09 secs] 
2017-11-10T19:40:12.876+0500: 656.335: [Full GC (Allocation Failure) 2017-11-10T19:40:12.876+0500: 656.335: [Tenured: 349568K->349568K(349568K), 0.0814440 secs] 506815K->506798K(506816K), [Metaspace: 12963K->12963K(1060864K)], 0.0815530 secs] [Times: user=0.08 sys=0.00, real=0.08 secs] 
2017-11-10T19:40:12.958+0500: 656.417: [Full GC (Allocation Failure) 2017-11-10T19:40:12.958+0500: 656.417: [Tenured: 349568K->349568K(349568K), 0.0816024 secs] 506815K->506798K(506816K), [Metaspace: 12963K->12963K(1060864K)], 0.0816738 secs] [Times: user=0.08 sys=0.00, real=0.08 secs] 
2017-11-10T19:40:13.040+0500: 656.499: [Full GC (Allocation Failure) 2017-11-10T19:40:13.040+0500: 656.499: [Tenured: 349568K->349568K(349568K), 0.0872897 secs] 506815K->506808K(506816K), [Metaspace: 12963K->12963K(1060864K)], 0.0874075 secs] [Times: user=0.09 sys=0.00, real=0.09 secs] 
2017-11-10T19:40:13.128+0500: 656.587: [Full GC (Allocation Failure) 2017-11-10T19:40:13.128+0500: 656.587: [Tenured: 349568K->349567K(349568K), 0.0858895 secs] 506815K->506801K(506816K), [Metaspace: 12963K->12963K(1060864K)], 0.0860073 secs] [Times: user=0.08 sys=0.00, real=0.09 secs] 
2017-11-10T19:40:13.214+0500: 656.674: [Full GC (Allocation Failure) 2017-11-10T19:40:13.215+0500: 656.674: [Tenured: 349568K->349568K(349568K), 0.0886277 secs] 506815K->506798K(506816K), [Metaspace: 12963K->12963K(1060864K)], 0.0887524 secs] [Times: user=0.09 sys=0.00, real=0.09 secs] 
2017-11-10T19:40:13.305+0500: 656.764: [Full GC (Allocation Failure) 2017-11-10T19:40:13.305+0500: 656.764: [Tenured: 349568K->349568K(349568K), 0.0867969 secs] 506815K->506798K(506816K), [Metaspace: 12963K->12963K(1060864K)], 0.0868971 secs] [Times: user=0.08 sys=0.00, real=0.09 secs] 
2017-11-10T19:40:13.392+0500: 656.851: [Full GC (Allocation Failure) 2017-11-10T19:40:13.392+0500: 656.851: [Tenured: 349568K->349568K(349568K), 0.0871410 secs] 506815K->506808K(506816K), [Metaspace: 12963K->12963K(1060864K)], 0.0872369 secs] [Times: user=0.09 sys=0.00, real=0.09 secs] 
2017-11-10T19:40:13.480+0500: 656.939: [Full GC (Allocation Failure) 2017-11-10T19:40:13.480+0500: 656.939: [Tenured: 349568K->349567K(349568K), 0.0837002 secs] 506815K->506801K(506816K), [Metaspace: 12963K->12963K(1060864K)], 0.0837731 secs] [Times: user=0.08 sys=0.00, real=0.08 secs] 
2017-11-10T19:40:13.564+0500: 657.023: [Full GC (Allocation Failure) 2017-11-10T19:40:13.564+0500: 657.023: [Tenured: 349568K->349568K(349568K), 0.0842673 secs] 506815K->506798K(506816K), [Metaspace: 12963K->12963K(1060864K)], 0.0843431 secs] [Times: user=0.09 sys=0.00, real=0.08 secs] 
2017-11-10T19:40:13.649+0500: 657.108: [Full GC (Allocation Failure) 2017-11-10T19:40:13.649+0500: 657.108: [Tenured: 349568K->349568K(349568K), 0.0838596 secs] 506815K->506798K(506816K), [Metaspace: 12963K->12963K(1060864K)], 0.0839320 secs] [Times: user=0.08 sys=0.00, real=0.08 secs] 
2017-11-10T19:40:13.733+0500: 657.192: [Full GC (Allocation Failure) 2017-11-10T19:40:13.733+0500: 657.192: [Tenured: 349568K->349568K(349568K), 0.0836108 secs] 506815K->506808K(506816K), [Metaspace: 12963K->12963K(1060864K)], 0.0836978 secs] [Times: user=0.09 sys=0.00, real=0.08 secs] 
2017-11-10T19:40:13.817+0500: 657.276: [Full GC (Allocation Failure) 2017-11-10T19:40:13.817+0500: 657.276: [Tenured: 349568K->349567K(349568K), 0.0894872 secs] 506815K->506801K(506816K), [Metaspace: 12963K->12963K(1060864K)], 0.0896011 secs] [Times: user=0.08 sys=0.00, real=0.09 secs] 
2017-11-10T19:40:13.907+0500: 657.366: [Full GC (Allocation Failure) 2017-11-10T19:40:13.907+0500: 657.366: [Tenured: 349568K->349568K(349568K), 0.0918661 secs] 506815K->506798K(506816K), [Metaspace: 12963K->12963K(1060864K)], 0.0919673 secs] [Times: user=0.09 sys=0.00, real=0.09 secs] 
2017-11-10T19:40:14.000+0500: 657.459: [Full GC (Allocation Failure) 2017-11-10T19:40:14.000+0500: 657.459: [Tenured: 349568K->349568K(349568K), 0.0938999 secs] 506815K->506798K(506816K), [Metaspace: 12963K->12963K(1060864K)], 0.0940094 secs] [Times: user=0.09 sys=0.00, real=0.09 secs] 
2017-11-10T19:40:14.095+0500: 657.554: [Full GC (Allocation Failure) 2017-11-10T19:40:14.095+0500: 657.554: [Tenured: 349568K->349568K(349568K), 0.0879707 secs] 506815K->506808K(506816K), [Metaspace: 12963K->12963K(1060864K)], 0.0880870 secs] [Times: user=0.09 sys=0.00, real=0.09 secs] 
2017-11-10T19:40:14.183+0500: 657.643: [Full GC (Allocation Failure) 2017-11-10T19:40:14.184+0500: 657.643: [Tenured: 349568K->349567K(349568K), 0.0866800 secs] 506815K->506801K(506816K), [Metaspace: 12963K->12963K(1060864K)], 0.0867841 secs] [Times: user=0.09 sys=0.00, real=0.09 secs] 
2017-11-10T19:40:14.271+0500: 657.730: [Full GC (Allocation Failure) 2017-11-10T19:40:14.271+0500: 657.730: [Tenured: 349568K->349568K(349568K), 0.0823788 secs] 506815K->506798K(506816K), [Metaspace: 12963K->12963K(1060864K)], 0.0824956 secs] [Times: user=0.08 sys=0.00, real=0.08 secs] 
2017-11-10T19:40:14.354+0500: 657.813: [Full GC (Allocation Failure) 2017-11-10T19:40:14.354+0500: 657.813: [Tenured: 349568K->349568K(349568K), 0.0876006 secs] 506815K->506798K(506816K), [Metaspace: 12963K->12963K(1060864K)], 0.0877179 secs] [Times: user=0.08 sys=0.00, real=0.09 secs] 
2017-11-10T19:40:14.442+0500: 657.902: [Full GC (Allocation Failure) 2017-11-10T19:40:14.442+0500: 657.902: [Tenured: 349568K->349568K(349568K), 0.0846761 secs] 506815K->506808K(506816K), [Metaspace: 12963K->12963K(1060864K)], 0.0847743 secs] [Times: user=0.08 sys=0.00, real=0.09 secs] 
2017-11-10T19:40:14.528+0500: 657.988: [Full GC (Allocation Failure) 2017-11-10T19:40:14.528+0500: 657.988: [Tenured: 349568K->349567K(349568K), 0.0910883 secs] 506815K->506801K(506816K), [Metaspace: 12963K->12963K(1060864K)], 0.0912013 secs] [Times: user=0.09 sys=0.00, real=0.09 secs] 
2017-11-10T19:40:14.620+0500: 658.080: [Full GC (Allocation Failure) 2017-11-10T19:40:14.620+0500: 658.080: [Tenured: 349568K->349568K(349568K), 0.0874847 secs] 506815K->506798K(506816K), [Metaspace: 12963K->12963K(1060864K)], 0.0875830 secs] [Times: user=0.09 sys=0.00, real=0.09 secs] 
2017-11-10T19:40:14.708+0500: 658.168: [Full GC (Allocation Failure) 2017-11-10T19:40:14.709+0500: 658.168: [Tenured: 349568K->349568K(349568K), 0.0918456 secs] 506815K->506798K(506816K), [Metaspace: 12963K->12963K(1060864K)], 0.0920001 secs] [Times: user=0.09 sys=0.00, real=0.09 secs] 
2017-11-10T19:40:14.801+0500: 658.261: [Full GC (Allocation Failure) 2017-11-10T19:40:14.801+0500: 658.261: [Tenured: 349568K->349568K(349568K), 0.0932228 secs] 506815K->506808K(506816K), [Metaspace: 12963K->12963K(1060864K)], 0.0933509 secs] [Times: user=0.09 sys=0.00, real=0.09 secs] 
2017-11-10T19:40:14.896+0500: 658.355: [Full GC (Allocation Failure) 2017-11-10T19:40:14.896+0500: 658.355: [Tenured: 349568K->349567K(349568K), 0.0909857 secs] 506815K->506801K(506816K), [Metaspace: 12963K->12963K(1060864K)], 0.0910737 secs] [Times: user=0.08 sys=0.00, real=0.09 secs] 
2017-11-10T19:40:14.987+0500: 658.447: [Full GC (Allocation Failure) 2017-11-10T19:40:14.987+0500: 658.447: [Tenured: 349568K->349568K(349568K), 0.0847171 secs] 506815K->506798K(506816K), [Metaspace: 12963K->12963K(1060864K)], 0.0848144 secs] [Times: user=0.08 sys=0.00, real=0.09 secs] 
2017-11-10T19:40:15.073+0500: 658.532: [Full GC (Allocation Failure) 2017-11-10T19:40:15.073+0500: 658.532: [Tenured: 349568K->349568K(349568K), 0.0922788 secs] 506815K->506798K(506816K), [Metaspace: 12963K->12963K(1060864K)], 0.0923800 secs] [Times: user=0.09 sys=0.00, real=0.09 secs] 
2017-11-10T19:40:15.166+0500: 658.625: [Full GC (Allocation Failure) 2017-11-10T19:40:15.166+0500: 658.625: [Tenured: 349568K->349568K(349568K), 0.0911250 secs] 506815K->506808K(506816K), [Metaspace: 12963K->12963K(1060864K)], 0.0912022 secs] [Times: user=0.08 sys=0.02, real=0.09 secs] 
2017-11-10T19:40:15.258+0500: 658.717: [Full GC (Allocation Failure) 2017-11-10T19:40:15.258+0500: 658.717: [Tenured: 349568K->349567K(349568K), 0.0901418 secs] 506815K->506801K(506816K), [Metaspace: 12963K->12963K(1060864K)], 0.0902430 secs] [Times: user=0.09 sys=0.00, real=0.09 secs] 
2017-11-10T19:40:15.348+0500: 658.807: [Full GC (Allocation Failure) 2017-11-10T19:40:15.348+0500: 658.807: [Tenured: 349568K->349568K(349568K), 0.0890237 secs] 506815K->506798K(506816K), [Metaspace: 12963K->12963K(1060864K)], 0.0891103 secs] [Times: user=0.08 sys=0.00, real=0.09 secs] 
2017-11-10T19:40:15.438+0500: 658.897: [Full GC (Allocation Failure) 2017-11-10T19:40:15.438+0500: 658.897: [Tenured: 349568K->349568K(349568K), 0.0985541 secs] 506815K->506798K(506816K), [Metaspace: 12963K->12963K(1060864K)], 0.0986617 secs] [Times: user=0.09 sys=0.00, real=0.10 secs] 
2017-11-10T19:40:15.538+0500: 658.997: [Full GC (Allocation Failure) 2017-11-10T19:40:15.538+0500: 658.997: [Tenured: 349568K->349568K(349568K), 0.0955651 secs] 506815K->506808K(506816K), [Metaspace: 12963K->12963K(1060864K)], 0.0956849 secs] [Times: user=0.09 sys=0.00, real=0.10 secs] 
2017-11-10T19:40:15.634+0500: 659.093: [Full GC (Allocation Failure) 2017-11-10T19:40:15.634+0500: 659.093: [Tenured: 349568K->349567K(349568K), 0.0876333 secs] 506815K->506801K(506816K), [Metaspace: 12963K->12963K(1060864K)], 0.0877184 secs] [Times: user=0.09 sys=0.00, real=0.09 secs] 
2017-11-10T19:40:15.723+0500: 659.182: [Full GC (Allocation Failure) 2017-11-10T19:40:15.723+0500: 659.182: [Tenured: 349568K->349568K(349568K), 0.0834416 secs] 506815K->506798K(506816K), [Metaspace: 12963K->12963K(1060864K)], 0.0835091 secs] [Times: user=0.08 sys=0.00, real=0.08 secs] 
2017-11-10T19:40:15.807+0500: 659.266: [Full GC (Allocation Failure) 2017-11-10T19:40:15.807+0500: 659.266: [Tenured: 349568K->349568K(349568K), 0.0856460 secs] 506815K->506798K(506816K), [Metaspace: 12963K->12963K(1060864K)], 0.0857335 secs] [Times: user=0.08 sys=0.00, real=0.09 secs] 
2017-11-10T19:40:15.900+0500: 659.359: [Full GC (Allocation Failure) 2017-11-10T19:40:15.900+0500: 659.359: [Tenured: 349568K->349568K(349568K), 0.0940481 secs] 506815K->506808K(506816K), [Metaspace: 12963K->12963K(1060864K)], 0.0941708 secs] [Times: user=0.09 sys=0.00, real=0.09 secs] 
2017-11-10T19:40:15.995+0500: 659.454: [Full GC (Allocation Failure) 2017-11-10T19:40:15.995+0500: 659.454: [Tenured: 349568K->349567K(349568K), 0.0976644 secs] 506815K->506801K(506816K), [Metaspace: 12963K->12963K(1060864K)], 0.0977871 secs] [Times: user=0.09 sys=0.00, real=0.10 secs] 
2017-11-10T19:40:16.094+0500: 659.553: [Full GC (Allocation Failure) 2017-11-10T19:40:16.094+0500: 659.553: [Tenured: 349568K->349568K(349568K), 0.0907798 secs] 506815K->506798K(506816K), [Metaspace: 12963K->12963K(1060864K)], 0.0908996 secs] [Times: user=0.09 sys=0.00, real=0.09 secs] 
2017-11-10T19:40:16.185+0500: 659.644: [Full GC (Allocation Failure) 2017-11-10T19:40:16.185+0500: 659.644: [Tenured: 349568K->349568K(349568K), 0.0881320 secs] 506815K->506798K(506816K), [Metaspace: 12963K->12963K(1060864K)], 0.0882288 secs] [Times: user=0.09 sys=0.00, real=0.09 secs] 
2017-11-10T19:40:16.274+0500: 659.733: [Full GC (Allocation Failure) 2017-11-10T19:40:16.274+0500: 659.733: [Tenured: 349568K->349568K(349568K), 0.0835893 secs] 506815K->506808K(506816K), [Metaspace: 12963K->12963K(1060864K)], 0.0836885 secs] [Times: user=0.08 sys=0.00, real=0.08 secs] 
2017-11-10T19:40:16.358+0500: 659.817: [Full GC (Allocation Failure) 2017-11-10T19:40:16.358+0500: 659.817: [Tenured: 349568K->349567K(349568K), 0.0871269 secs] 506815K->506801K(506816K), [Metaspace: 12963K->12963K(1060864K)], 0.0872144 secs] [Times: user=0.09 sys=0.00, real=0.09 secs] 
2017-11-10T19:40:16.446+0500: 659.905: [Full GC (Allocation Failure) 2017-11-10T19:40:16.446+0500: 659.905: [Tenured: 349568K->349568K(349568K), 0.0835262 secs] 506815K->506798K(506816K), [Metaspace: 12963K->12963K(1060864K)], 0.0836357 secs] [Times: user=0.06 sys=0.00, real=0.08 secs] 
2017-11-10T19:40:16.530+0500: 659.989: [Full GC (Allocation Failure) 2017-11-10T19:40:16.530+0500: 659.989: [Tenured: 349568K->349568K(349568K), 0.0853664 secs] 506815K->506798K(506816K), [Metaspace: 12963K->12963K(1060864K)], 0.0854407 secs] [Times: user=0.09 sys=0.00, real=0.09 secs] 
2017-11-10T19:40:16.617+0500: 660.076: [Full GC (Allocation Failure) 2017-11-10T19:40:16.617+0500: 660.076: [Tenured: 349568K->349568K(349568K), 0.0870134 secs] 506815K->506808K(506816K), [Metaspace: 12963K->12963K(1060864K)], 0.0871078 secs] [Times: user=0.08 sys=0.00, real=0.09 secs] 
2017-11-10T19:40:16.704+0500: 660.164: [Full GC (Allocation Failure) 2017-11-10T19:40:16.705+0500: 660.164: [Tenured: 349568K->349567K(349568K), 0.0853864 secs] 506815K->506801K(506816K), [Metaspace: 12963K->12963K(1060864K)], 0.0855697 secs] [Times: user=0.09 sys=0.00, real=0.09 secs] 
2017-11-10T19:40:16.791+0500: 660.250: [Full GC (Allocation Failure) 2017-11-10T19:40:16.791+0500: 660.250: [Tenured: 349568K->349568K(349568K), 0.0838982 secs] 506815K->506798K(506816K), [Metaspace: 12963K->12963K(1060864K)], 0.0839691 secs] [Times: user=0.08 sys=0.00, real=0.08 secs] 
2017-11-10T19:40:16.875+0500: 660.334: [Full GC (Allocation Failure) 2017-11-10T19:40:16.875+0500: 660.334: [Tenured: 349568K->349568K(349568K), 0.0855169 secs] 506815K->506798K(506816K), [Metaspace: 12963K->12963K(1060864K)], 0.0856416 secs] [Times: user=0.09 sys=0.00, real=0.09 secs] 
2017-11-10T19:40:16.962+0500: 660.421: [Full GC (Allocation Failure) 2017-11-10T19:40:16.962+0500: 660.421: [Tenured: 349568K->349568K(349568K), 0.0874300 secs] 506815K->506808K(506816K), [Metaspace: 12963K->12963K(1060864K)], 0.0875180 secs] [Times: user=0.09 sys=0.00, real=0.09 secs] 
2017-11-10T19:40:17.050+0500: 660.509: [Full GC (Allocation Failure) 2017-11-10T19:40:17.050+0500: 660.509: [Tenured: 349568K->349567K(349568K), 0.0849088 secs] 506815K->506801K(506816K), [Metaspace: 12963K->12963K(1060864K)], 0.0849899 secs] [Times: user=0.08 sys=0.00, real=0.09 secs] 
2017-11-10T19:40:17.135+0500: 660.594: [Full GC (Allocation Failure) 2017-11-10T19:40:17.135+0500: 660.594: [Tenured: 349568K->349568K(349568K), 0.0927256 secs] 506815K->506798K(506816K), [Metaspace: 12963K->12963K(1060864K)], 0.0928180 secs] [Times: user=0.09 sys=0.00, real=0.09 secs] 
2017-11-10T19:40:17.229+0500: 660.688: [Full GC (Allocation Failure) 2017-11-10T19:40:17.229+0500: 660.688: [Tenured: 349568K->349568K(349568K), 0.0923399 secs] 506815K->506798K(506816K), [Metaspace: 12963K->12963K(1060864K)], 0.0924391 secs] [Times: user=0.09 sys=0.00, real=0.09 secs] 
2017-11-10T19:40:17.322+0500: 660.781: [Full GC (Allocation Failure) 2017-11-10T19:40:17.322+0500: 660.781: [Tenured: 349568K->349568K(349568K), 0.0902768 secs] 506815K->506808K(506816K), [Metaspace: 12963K->12963K(1060864K)], 0.0903843 secs] [Times: user=0.09 sys=0.00, real=0.09 secs] 
2017-11-10T19:40:17.413+0500: 660.872: [Full GC (Allocation Failure) 2017-11-10T19:40:17.413+0500: 660.872: [Tenured: 349568K->349567K(349568K), 0.0898509 secs] 506815K->506801K(506816K), [Metaspace: 12963K->12963K(1060864K)], 0.0900978 secs] [Times: user=0.09 sys=0.00, real=0.09 secs] 
2017-11-10T19:40:17.503+0500: 660.963: [Full GC (Allocation Failure) 2017-11-10T19:40:17.504+0500: 660.963: [Tenured: 349568K->349568K(349568K), 0.0832245 secs] 506815K->506798K(506816K), [Metaspace: 12963K->12963K(1060864K)], 0.0833169 secs] [Times: user=0.08 sys=0.00, real=0.08 secs] 
2017-11-10T19:40:17.587+0500: 661.047: [Full GC (Allocation Failure) 2017-11-10T19:40:17.587+0500: 661.047: [Tenured: 349568K->349568K(349568K), 0.0880523 secs] 506815K->506798K(506816K), [Metaspace: 12963K->12963K(1060864K)], 0.0881692 secs] [Times: user=0.09 sys=0.00, real=0.09 secs] 
2017-11-10T19:40:17.676+0500: 661.135: [Full GC (Allocation Failure) 2017-11-10T19:40:17.676+0500: 661.135: [Tenured: 349568K->349568K(349568K), 0.0887285 secs] 506815K->506808K(506816K), [Metaspace: 12963K->12963K(1060864K)], 0.0888248 secs] [Times: user=0.08 sys=0.00, real=0.09 secs] 
2017-11-10T19:40:17.765+0500: 661.225: [Full GC (Allocation Failure) 2017-11-10T19:40:17.765+0500: 661.225: [Tenured: 349568K->349567K(349568K), 0.0911196 secs] 506815K->506801K(506816K), [Metaspace: 12963K->12963K(1060864K)], 0.0912511 secs] [Times: user=0.09 sys=0.00, real=0.09 secs] 
2017-11-10T19:40:17.857+0500: 661.316: [Full GC (Allocation Failure) 2017-11-10T19:40:17.857+0500: 661.316: [Tenured: 349568K->349568K(349568K), 0.0881794 secs] 506815K->506798K(506816K), [Metaspace: 12963K->12963K(1060864K)], 0.0883041 secs] [Times: user=0.09 sys=0.00, real=0.09 secs] 
2017-11-10T19:40:17.946+0500: 661.405: [Full GC (Allocation Failure) 2017-11-10T19:40:17.946+0500: 661.405: [Tenured: 349568K->349568K(349568K), 0.0919610 secs] 506815K->506798K(506816K), [Metaspace: 12963K->12963K(1060864K)], 0.0920749 secs] [Times: user=0.09 sys=0.00, real=0.09 secs] 
2017-11-10T19:40:18.039+0500: 661.498: [Full GC (Allocation Failure) 2017-11-10T19:40:18.039+0500: 661.498: [Tenured: 349568K->349568K(349568K), 0.0943766 secs] 506815K->506808K(506816K), [Metaspace: 12963K->12963K(1060864K)], 0.0944866 secs] [Times: user=0.09 sys=0.00, real=0.09 secs] 
2017-11-10T19:40:18.134+0500: 661.593: [Full GC (Allocation Failure) 2017-11-10T19:40:18.134+0500: 661.593: [Tenured: 349568K->349567K(349568K), 0.0904992 secs] 506815K->506801K(506816K), [Metaspace: 12963K->12963K(1060864K)], 0.0905872 secs] [Times: user=0.09 sys=0.00, real=0.09 secs] 
2017-11-10T19:40:18.225+0500: 661.684: [Full GC (Allocation Failure) 2017-11-10T19:40:18.225+0500: 661.684: [Tenured: 349568K->349568K(349568K), 0.0900167 secs] 506815K->506798K(506816K), [Metaspace: 12963K->12963K(1060864K)], 0.0901052 secs] [Times: user=0.09 sys=0.00, real=0.09 secs] 
2017-11-10T19:40:18.316+0500: 661.775: [Full GC (Allocation Failure) 2017-11-10T19:40:18.316+0500: 661.775: [Tenured: 349568K->349568K(349568K), 0.0846883 secs] 506815K->506798K(506816K), [Metaspace: 12963K->12963K(1060864K)], 0.0847685 secs] [Times: user=0.08 sys=0.00, real=0.08 secs] 
2017-11-10T19:40:18.401+0500: 661.860: [Full GC (Allocation Failure) 2017-11-10T19:40:18.401+0500: 661.860: [Tenured: 349568K->349568K(349568K), 0.0860107 secs] 506815K->506808K(506816K), [Metaspace: 12963K->12963K(1060864K)], 0.0861413 secs] [Times: user=0.08 sys=0.00, real=0.09 secs] 
2017-11-10T19:40:18.488+0500: 661.947: [Full GC (Allocation Failure) 2017-11-10T19:40:18.488+0500: 661.947: [Tenured: 349568K->349567K(349568K), 0.0870961 secs] 506815K->506801K(506816K), [Metaspace: 12963K->12963K(1060864K)], 0.0871943 secs] [Times: user=0.08 sys=0.00, real=0.09 secs] 
2017-11-10T19:40:18.575+0500: 662.035: [Full GC (Allocation Failure) 2017-11-10T19:40:18.575+0500: 662.035: [Tenured: 349568K->349568K(349568K), 0.0872931 secs] 506815K->506798K(506816K), [Metaspace: 12963K->12963K(1060864K)], 0.0873821 secs] [Times: user=0.09 sys=0.00, real=0.09 secs] 
2017-11-10T19:40:18.664+0500: 662.123: [Full GC (Allocation Failure) 2017-11-10T19:40:18.664+0500: 662.123: [Tenured: 349568K->349568K(349568K), 0.0830798 secs] 506815K->506798K(506816K), [Metaspace: 12963K->12963K(1060864K)], 0.0831854 secs] [Times: user=0.08 sys=0.00, real=0.08 secs] 
2017-11-10T19:40:18.748+0500: 662.207: [Full GC (Allocation Failure) 2017-11-10T19:40:18.748+0500: 662.207: [Tenured: 349568K->349568K(349568K), 0.0773217 secs] 506815K->506808K(506816K), [Metaspace: 12963K->12963K(1060864K)], 0.0774278 secs] [Times: user=0.08 sys=0.00, real=0.08 secs] 
2017-11-10T19:40:18.826+0500: 662.285: [Full GC (Allocation Failure) 2017-11-10T19:40:18.826+0500: 662.285: [Tenured: 349568K->349567K(349568K), 0.0836905 secs] 506815K->506801K(506816K), [Metaspace: 12963K->12963K(1060864K)], 0.0838572 secs] [Times: user=0.09 sys=0.00, real=0.08 secs] 
2017-11-10T19:40:18.911+0500: 662.370: [Full GC (Allocation Failure) 2017-11-10T19:40:18.911+0500: 662.370: [Tenured: 349568K->349568K(349568K), 0.0980741 secs] 506815K->506798K(506816K), [Metaspace: 12963K->12963K(1060864K)], 0.0981845 secs] [Times: user=0.09 sys=0.00, real=0.10 secs] 
2017-11-10T19:40:19.009+0500: 662.468: [Full GC (Allocation Failure) 2017-11-10T19:40:19.010+0500: 662.468: [Tenured: 349568K->349568K(349568K), 0.0914623 secs] 506815K->506798K(506816K), [Metaspace: 12963K->12963K(1060864K)], 0.0916012 secs] [Times: user=0.09 sys=0.00, real=0.09 secs] 
2017-11-10T19:40:19.105+0500: 662.564: [Full GC (Allocation Failure) 2017-11-10T19:40:19.105+0500: 662.564: [Tenured: 349568K->349568K(349568K), 0.0949153 secs] 506815K->506808K(506816K), [Metaspace: 12963K->12963K(1060864K)], 0.0950405 secs] [Times: user=0.09 sys=0.00, real=0.10 secs] 
2017-11-10T19:40:19.201+0500: 662.660: [Full GC (Allocation Failure) 2017-11-10T19:40:19.201+0500: 662.660: [Tenured: 349568K->349567K(349568K), 0.0894872 secs] 506815K->506801K(506816K), [Metaspace: 12963K->12963K(1060864K)], 0.0895967 secs] [Times: user=0.09 sys=0.00, real=0.09 secs] 
2017-11-10T19:40:19.291+0500: 662.750: [Full GC (Allocation Failure) 2017-11-10T19:40:19.291+0500: 662.750: [Tenured: 349568K->349568K(349568K), 0.0897781 secs] 506815K->506798K(506816K), [Metaspace: 12963K->12963K(1060864K)], 0.0898749 secs] [Times: user=0.09 sys=0.00, real=0.09 secs] 
2017-11-10T19:40:19.382+0500: 662.841: [Full GC (Allocation Failure) 2017-11-10T19:40:19.382+0500: 662.841: [Tenured: 349568K->349568K(349568K), 0.0945966 secs] 506815K->506798K(506816K), [Metaspace: 12963K->12963K(1060864K)], 0.0947149 secs] [Times: user=0.06 sys=0.00, real=0.09 secs] 
2017-11-10T19:40:19.478+0500: 662.937: [Full GC (Allocation Failure) 2017-11-10T19:40:19.479+0500: 662.938: [Tenured: 349568K->349568K(349568K), 0.0910609 secs] 506815K->506808K(506816K), [Metaspace: 12963K->12963K(1060864K)], 0.0912360 secs] [Times: user=0.09 sys=0.00, real=0.09 secs] 
2017-11-10T19:40:19.570+0500: 663.029: [Full GC (Allocation Failure) 2017-11-10T19:40:19.570+0500: 663.029: [Tenured: 349568K->349567K(349568K), 0.0872315 secs] 506815K->506801K(506816K), [Metaspace: 12963K->12963K(1060864K)], 0.0874153 secs] [Times: user=0.08 sys=0.00, real=0.09 secs] 
2017-11-10T19:40:19.658+0500: 663.117: [Full GC (Allocation Failure) 2017-11-10T19:40:19.658+0500: 663.117: [Tenured: 349568K->349568K(349568K), 0.1021983 secs] 506815K->506798K(506816K), [Metaspace: 12963K->12963K(1060864K)], 0.1022937 secs] [Times: user=0.11 sys=0.00, real=0.10 secs] 
2017-11-10T19:40:19.762+0500: 663.221: [Full GC (Allocation Failure) 2017-11-10T19:40:19.762+0500: 663.221: [Tenured: 349568K->349568K(349568K), 0.0920319 secs] 506815K->506798K(506816K), [Metaspace: 12963K->12963K(1060864K)], 0.0921443 secs] [Times: user=0.09 sys=0.00, real=0.09 secs] 
2017-11-10T19:40:19.855+0500: 663.314: [Full GC (Allocation Failure) 2017-11-10T19:40:19.855+0500: 663.314: [Tenured: 349568K->349568K(349568K), 0.0914755 secs] 506815K->506808K(506816K), [Metaspace: 12963K->12963K(1060864K)], 0.0915831 secs] [Times: user=0.09 sys=0.00, real=0.09 secs] 
2017-11-10T19:40:19.947+0500: 663.406: [Full GC (Allocation Failure) 2017-11-10T19:40:19.947+0500: 663.406: [Tenured: 349568K->349567K(349568K), 0.0908341 secs] 506815K->506801K(506816K), [Metaspace: 12963K->12963K(1060864K)], 0.0909461 secs] [Times: user=0.08 sys=0.00, real=0.09 secs] 
2017-11-10T19:40:20.038+0500: 663.498: [Full GC (Allocation Failure) 2017-11-10T19:40:20.039+0500: 663.498: [Tenured: 349568K->349568K(349568K), 0.0865563 secs] 506815K->506798K(506816K), [Metaspace: 12963K->12963K(1060864K)], 0.0867142 secs] [Times: user=0.08 sys=0.00, real=0.09 secs] 
2017-11-10T19:40:20.129+0500: 663.588: [Full GC (Allocation Failure) 2017-11-10T19:40:20.129+0500: 663.588: [Tenured: 349568K->349568K(349568K), 0.0883241 secs] 506815K->506798K(506816K), [Metaspace: 12963K->12963K(1060864K)], 0.0884830 secs] [Times: user=0.08 sys=0.00, real=0.09 secs] 
2017-11-10T19:40:20.218+0500: 663.677: [Full GC (Allocation Failure) 2017-11-10T19:40:20.218+0500: 663.677: [Tenured: 349568K->349568K(349568K), 0.0882425 secs] 506815K->506808K(506816K), [Metaspace: 12963K->12963K(1060864K)], 0.0883378 secs] [Times: user=0.09 sys=0.00, real=0.09 secs] 
2017-11-10T19:40:20.307+0500: 663.766: [Full GC (Allocation Failure) 2017-11-10T19:40:20.307+0500: 663.766: [Tenured: 349568K->349567K(349568K), 0.0899385 secs] 506815K->506801K(506816K), [Metaspace: 12963K->12963K(1060864K)], 0.0900240 secs] [Times: user=0.09 sys=0.00, real=0.09 secs] 
2017-11-10T19:40:20.397+0500: 663.856: [Full GC (Allocation Failure) 2017-11-10T19:40:20.397+0500: 663.856: [Tenured: 349568K->349568K(349568K), 0.0876138 secs] 506815K->506798K(506816K), [Metaspace: 12963K->12963K(1060864K)], 0.0877155 secs] [Times: user=0.08 sys=0.00, real=0.09 secs] 
2017-11-10T19:40:20.485+0500: 663.945: [Full GC (Allocation Failure) 2017-11-10T19:40:20.485+0500: 663.945: [Tenured: 349568K->349568K(349568K), 0.0881912 secs] 506815K->506798K(506816K), [Metaspace: 12963K->12963K(1060864K)], 0.0882841 secs] [Times: user=0.09 sys=0.00, real=0.09 secs] 
2017-11-10T19:40:20.574+0500: 664.033: [Full GC (Allocation Failure) 2017-11-10T19:40:20.574+0500: 664.033: [Tenured: 349568K->349568K(349568K), 0.0980188 secs] 506815K->506808K(506816K), [Metaspace: 12963K->12963K(1060864K)], 0.0981342 secs] [Times: user=0.09 sys=0.00, real=0.10 secs] 
2017-11-10T19:40:20.674+0500: 664.133: [Full GC (Allocation Failure) 2017-11-10T19:40:20.674+0500: 664.133: [Tenured: 349568K->349567K(349568K), 0.1043211 secs] 506815K->506801K(506816K), [Metaspace: 12963K->12963K(1060864K)], 0.1044325 secs] [Times: user=0.09 sys=0.00, real=0.10 secs] 
2017-11-10T19:40:20.788+0500: 664.247: [Full GC (Allocation Failure) 2017-11-10T19:40:20.788+0500: 664.247: [Tenured: 349568K->349568K(349568K), 0.0948909 secs] 506815K->506798K(506816K), [Metaspace: 12963K->12963K(1060864K)], 0.0950087 secs] [Times: user=0.09 sys=0.00, real=0.09 secs] 
2017-11-10T19:40:20.884+0500: 664.343: [Full GC (Allocation Failure) 2017-11-10T19:40:20.884+0500: 664.343: [Tenured: 349568K->349568K(349568K), 0.0951681 secs] 506815K->506798K(506816K), [Metaspace: 12963K->12963K(1060864K)], 0.0952869 secs] [Times: user=0.09 sys=0.00, real=0.10 secs] 
2017-11-10T19:40:20.984+0500: 664.443: [Full GC (Allocation Failure) 2017-11-10T19:40:20.984+0500: 664.443: [Tenured: 349568K->349568K(349568K), 0.1012538 secs] 506815K->506808K(506816K), [Metaspace: 12963K->12963K(1060864K)], 0.1013936 secs] [Times: user=0.09 sys=0.00, real=0.10 secs] 
2017-11-10T19:40:21.086+0500: 664.545: [Full GC (Allocation Failure) 2017-11-10T19:40:21.086+0500: 664.545: [Tenured: 349568K->349567K(349568K), 0.0941282 secs] 506815K->506801K(506816K), [Metaspace: 12963K->12963K(1060864K)], 0.0942666 secs] [Times: user=0.09 sys=0.00, real=0.09 secs] 
2017-11-10T19:40:21.181+0500: 664.640: [Full GC (Allocation Failure) 2017-11-10T19:40:21.181+0500: 664.640: [Tenured: 349568K->349568K(349568K), 0.0900558 secs] 506815K->506798K(506816K), [Metaspace: 12963K->12963K(1060864K)], 0.0901985 secs] [Times: user=0.08 sys=0.00, real=0.09 secs] 
2017-11-10T19:40:21.272+0500: 664.731: [Full GC (Allocation Failure) 2017-11-10T19:40:21.272+0500: 664.731: [Tenured: 349568K->349568K(349568K), 0.0865514 secs] 506815K->506798K(506816K), [Metaspace: 12963K->12963K(1060864K)], 0.0866737 secs] [Times: user=0.08 sys=0.00, real=0.09 secs] 
2017-11-10T19:40:21.359+0500: 664.818: [Full GC (Allocation Failure) 2017-11-10T19:40:21.359+0500: 664.818: [Tenured: 349568K->349568K(349568K), 0.0826061 secs] 506815K->506808K(506816K), [Metaspace: 12963K->12963K(1060864K)], 0.0827327 secs] [Times: user=0.09 sys=0.00, real=0.08 secs] 
2017-11-10T19:40:21.443+0500: 664.902: [Full GC (Allocation Failure) 2017-11-10T19:40:21.443+0500: 664.903: [Tenured: 349568K->349567K(349568K), 0.0846707 secs] 506815K->506801K(506816K), [Metaspace: 12963K->12963K(1060864K)], 0.0847841 secs] [Times: user=0.08 sys=0.00, real=0.09 secs] 
2017-11-10T19:40:21.529+0500: 664.988: [Full GC (Allocation Failure) 2017-11-10T19:40:21.529+0500: 664.988: [Tenured: 349568K->349568K(349568K), 0.0912149 secs] 506815K->506798K(506816K), [Metaspace: 12963K->12963K(1060864K)], 0.0913166 secs] [Times: user=0.09 sys=0.00, real=0.09 secs] 
2017-11-10T19:40:21.621+0500: 665.080: [Full GC (Allocation Failure) 2017-11-10T19:40:21.621+0500: 665.080: [Tenured: 349568K->349568K(349568K), 0.0861251 secs] 506815K->506798K(506816K), [Metaspace: 12963K->12963K(1060864K)], 0.0862332 secs] [Times: user=0.09 sys=0.00, real=0.09 secs] 
2017-11-10T19:40:21.708+0500: 665.167: [Full GC (Allocation Failure) 2017-11-10T19:40:21.708+0500: 665.167: [Tenured: 349568K->349568K(349568K), 0.0922529 secs] 506815K->506808K(506816K), [Metaspace: 12963K->12963K(1060864K)], 0.0923399 secs] [Times: user=0.09 sys=0.00, real=0.09 secs] 
2017-11-10T19:40:21.801+0500: 665.260: [Full GC (Allocation Failure) 2017-11-10T19:40:21.801+0500: 665.260: [Tenured: 349568K->349567K(349568K), 0.0948586 secs] 506815K->506801K(506816K), [Metaspace: 12963K->12963K(1060864K)], 0.0949750 secs] [Times: user=0.09 sys=0.00, real=0.09 secs] 
2017-11-10T19:40:21.897+0500: 665.356: [Full GC (Allocation Failure) 2017-11-10T19:40:21.897+0500: 665.356: [Tenured: 349568K->349568K(349568K), 0.0883818 secs] 506815K->506798K(506816K), [Metaspace: 12963K->12963K(1060864K)], 0.0884923 secs] [Times: user=0.08 sys=0.00, real=0.09 secs] 
2017-11-10T19:40:21.986+0500: 665.445: [Full GC (Allocation Failure) 2017-11-10T19:40:21.986+0500: 665.445: [Tenured: 349568K->349568K(349568K), 0.0882518 secs] 506815K->506798K(506816K), [Metaspace: 12963K->12963K(1060864K)], 0.0883364 secs] [Times: user=0.09 sys=0.00, real=0.09 secs] 
2017-11-10T19:40:22.075+0500: 665.534: [Full GC (Allocation Failure) 2017-11-10T19:40:22.075+0500: 665.534: [Tenured: 349568K->349568K(349568K), 0.0865123 secs] 506815K->506808K(506816K), [Metaspace: 12963K->12963K(1060864K)], 0.0866130 secs] [Times: user=0.09 sys=0.00, real=0.09 secs] 
2017-11-10T19:40:22.162+0500: 665.621: [Full GC (Allocation Failure) 2017-11-10T19:40:22.162+0500: 665.621: [Tenured: 349568K->349567K(349568K), 0.0861168 secs] 506815K->506801K(506816K), [Metaspace: 12963K->12963K(1060864K)], 0.0862073 secs] [Times: user=0.08 sys=0.00, real=0.09 secs] 
2017-11-10T19:40:22.249+0500: 665.708: [Full GC (Allocation Failure) 2017-11-10T19:40:22.249+0500: 665.709: [Tenured: 349568K->349568K(349568K), 0.0845294 secs] 506815K->506798K(506816K), [Metaspace: 12963K->12963K(1060864K)], 0.0846516 secs] [Times: user=0.09 sys=0.00, real=0.09 secs] 
2017-11-10T19:40:22.334+0500: 665.794: [Full GC (Allocation Failure) 2017-11-10T19:40:22.334+0500: 665.794: [Tenured: 349568K->349568K(349568K), 0.0824086 secs] 506815K->506798K(506816K), [Metaspace: 12963K->12963K(1060864K)], 0.0825254 secs] [Times: user=0.08 sys=0.00, real=0.08 secs] 
2017-11-10T19:40:22.417+0500: 665.877: [Full GC (Allocation Failure) 2017-11-10T19:40:22.417+0500: 665.877: [Tenured: 349568K->349568K(349568K), 0.0815677 secs] 506815K->506808K(506816K), [Metaspace: 12963K->12963K(1060864K)], 0.0816723 secs] [Times: user=0.08 sys=0.00, real=0.08 secs] 
2017-11-10T19:40:22.500+0500: 665.959: [Full GC (Allocation Failure) 2017-11-10T19:40:22.500+0500: 665.959: [Tenured: 349568K->349567K(349568K), 0.0857858 secs] 506815K->506801K(506816K), [Metaspace: 12963K->12963K(1060864K)], 0.0858997 secs] [Times: user=0.09 sys=0.00, real=0.09 secs] 
2017-11-10T19:40:22.586+0500: 666.045: [Full GC (Allocation Failure) 2017-11-10T19:40:22.586+0500: 666.045: [Tenured: 349568K->349568K(349568K), 0.0868218 secs] 506815K->506798K(506816K), [Metaspace: 12963K->12963K(1060864K)], 0.0869108 secs] [Times: user=0.08 sys=0.00, real=0.09 secs] 
2017-11-10T19:40:22.673+0500: 666.133: [Full GC (Allocation Failure) 2017-11-10T19:40:22.673+0500: 666.133: [Tenured: 349568K->349568K(349568K), 0.0871606 secs] 506815K->506798K(506816K), [Metaspace: 12963K->12963K(1060864K)], 0.0872735 secs] [Times: user=0.09 sys=0.00, real=0.09 secs] 
2017-11-10T19:40:22.762+0500: 666.221: [Full GC (Allocation Failure) 2017-11-10T19:40:22.762+0500: 666.221: [Tenured: 349568K->349568K(349568K), 0.0898030 secs] 506815K->506808K(506816K), [Metaspace: 12963K->12963K(1060864K)], 0.0898920 secs] [Times: user=0.09 sys=0.00, real=0.09 secs] 
2017-11-10T19:40:22.852+0500: 666.311: [Full GC (Allocation Failure) 2017-11-10T19:40:22.852+0500: 666.311: [Tenured: 349568K->349567K(349568K), 0.0983224 secs] 506815K->506801K(506816K), [Metaspace: 12963K->12963K(1060864K)], 0.0984089 secs] [Times: user=0.06 sys=0.00, real=0.10 secs] 
2017-11-10T19:40:22.964+0500: 666.423: [Full GC (Allocation Failure) 2017-11-10T19:40:22.964+0500: 666.423: [Tenured: 349568K->349568K(349568K), 0.0877971 secs] 506815K->506798K(506816K), [Metaspace: 12963K->12963K(1060864K)], 0.0879096 secs] [Times: user=0.09 sys=0.00, real=0.09 secs] 
2017-11-10T19:40:23.053+0500: 666.512: [Full GC (Allocation Failure) 2017-11-10T19:40:23.053+0500: 666.512: [Tenured: 349568K->349568K(349568K), 0.0889621 secs] 506815K->506798K(506816K), [Metaspace: 12963K->12963K(1060864K)], 0.0890756 secs] [Times: user=0.08 sys=0.00, real=0.09 secs] 
2017-11-10T19:40:23.143+0500: 666.602: [Full GC (Allocation Failure) 2017-11-10T19:40:23.143+0500: 666.602: [Tenured: 349568K->349568K(349568K), 0.0922025 secs] 506815K->506808K(506816K), [Metaspace: 12963K->12963K(1060864K)], 0.0923800 secs] [Times: user=0.09 sys=0.00, real=0.09 secs] 
2017-11-10T19:40:23.236+0500: 666.695: [Full GC (Allocation Failure) 2017-11-10T19:40:23.236+0500: 666.695: [Tenured: 349568K->349567K(349568K), 0.0882049 secs] 506815K->506801K(506816K), [Metaspace: 12963K->12963K(1060864K)], 0.0882997 secs] [Times: user=0.09 sys=0.00, real=0.09 secs] 
2017-11-10T19:40:23.325+0500: 666.784: [Full GC (Allocation Failure) 2017-11-10T19:40:23.325+0500: 666.784: [Tenured: 349568K->349568K(349568K), 0.0861452 secs] 506815K->506798K(506816K), [Metaspace: 12963K->12963K(1060864K)], 0.0862581 secs] [Times: user=0.09 sys=0.00, real=0.09 secs] 
2017-11-10T19:40:23.412+0500: 666.871: [Full GC (Allocation Failure) 2017-11-10T19:40:23.412+0500: 666.871: [Tenured: 349568K->349568K(349568K), 0.0831067 secs] 506815K->506798K(506816K), [Metaspace: 12963K->12963K(1060864K)], 0.0832294 secs] [Times: user=0.08 sys=0.00, real=0.08 secs] 
2017-11-10T19:40:23.496+0500: 666.954: [Full GC (Allocation Failure) 2017-11-10T19:40:23.496+0500: 666.955: [Tenured: 349568K->349568K(349568K), 0.0781274 secs] 506815K->506808K(506816K), [Metaspace: 12963K->12963K(1060864K)], 0.0782413 secs] [Times: user=0.08 sys=0.00, real=0.08 secs] 
2017-11-10T19:40:23.574+0500: 667.033: [Full GC (Allocation Failure) 2017-11-10T19:40:23.574+0500: 667.033: [Tenured: 349568K->349567K(349568K), 0.0796469 secs] 506815K->506801K(506816K), [Metaspace: 12963K->12963K(1060864K)], 0.0797265 secs] [Times: user=0.06 sys=0.02, real=0.08 secs] 
2017-11-10T19:40:23.654+0500: 667.113: [Full GC (Allocation Failure) 2017-11-10T19:40:23.654+0500: 667.113: [Tenured: 349568K->349568K(349568K), 0.0833370 secs] 506815K->506798K(506816K), [Metaspace: 12963K->12963K(1060864K)], 0.0834265 secs] [Times: user=0.09 sys=0.00, real=0.08 secs] 
2017-11-10T19:40:23.738+0500: 667.197: [Full GC (Allocation Failure) 2017-11-10T19:40:23.738+0500: 667.197: [Tenured: 349568K->349568K(349568K), 0.0800213 secs] 506815K->506798K(506816K), [Metaspace: 12963K->12963K(1060864K)], 0.0801362 secs] [Times: user=0.08 sys=0.00, real=0.08 secs] 
2017-11-10T19:40:23.819+0500: 667.278: [Full GC (Allocation Failure) 2017-11-10T19:40:23.819+0500: 667.278: [Tenured: 349568K->349568K(349568K), 0.0805156 secs] 506815K->506808K(506816K), [Metaspace: 12963K->12963K(1060864K)], 0.0806325 secs] [Times: user=0.08 sys=0.00, real=0.08 secs] 
2017-11-10T19:40:23.900+0500: 667.359: [Full GC (Allocation Failure) 2017-11-10T19:40:23.900+0500: 667.359: [Tenured: 349568K->349567K(349568K), 0.0855487 secs] 506815K->506801K(506816K), [Metaspace: 12963K->12963K(1060864K)], 0.0856323 secs] [Times: user=0.08 sys=0.00, real=0.09 secs] 
2017-11-10T19:40:23.987+0500: 667.446: [Full GC (Allocation Failure) 2017-11-10T19:40:23.987+0500: 667.446: [Tenured: 349568K->349568K(349568K), 0.0915112 secs] 506815K->506798K(506816K), [Metaspace: 12963K->12963K(1060864K)], 0.0915973 secs] [Times: user=0.08 sys=0.00, real=0.09 secs] 
2017-11-10T19:40:24.079+0500: 667.538: [Full GC (Allocation Failure) 2017-11-10T19:40:24.079+0500: 667.538: [Tenured: 349568K->349568K(349568K), 0.0865397 secs] 506815K->506798K(506816K), [Metaspace: 12963K->12963K(1060864K)], 0.0866331 secs] [Times: user=0.09 sys=0.00, real=0.09 secs] 
2017-11-10T19:40:24.166+0500: 667.626: [Full GC (Allocation Failure) 2017-11-10T19:40:24.166+0500: 667.626: [Tenured: 349568K->349568K(349568K), 0.0897898 secs] 506815K->506808K(506816K), [Metaspace: 12963K->12963K(1060864K)], 0.0899018 secs] [Times: user=0.08 sys=0.00, real=0.09 secs] 
2017-11-10T19:40:24.257+0500: 667.716: [Full GC (Allocation Failure) 2017-11-10T19:40:24.257+0500: 667.716: [Tenured: 349568K->349567K(349568K), 0.0898705 secs] 506815K->506801K(506816K), [Metaspace: 12963K->12963K(1060864K)], 0.0900260 secs] [Times: user=0.09 sys=0.00, real=0.09 secs] 
2017-11-10T19:40:24.347+0500: 667.807: [Full GC (Allocation Failure) 2017-11-10T19:40:24.347+0500: 667.807: [Tenured: 349568K->349568K(349568K), 0.0869665 secs] 506815K->506798K(506816K), [Metaspace: 12963K->12963K(1060864K)], 0.0870799 secs] [Times: user=0.08 sys=0.00, real=0.09 secs] 
2017-11-10T19:40:24.442+0500: 667.901: [Full GC (Allocation Failure) 2017-11-10T19:40:24.442+0500: 667.901: [Tenured: 349568K->349568K(349568K), 0.0906410 secs] 506815K->506798K(506816K), [Metaspace: 12963K->12963K(1060864K)], 0.0908077 secs] [Times: user=0.08 sys=0.00, real=0.09 secs] 
2017-11-10T19:40:24.533+0500: 667.992: [Full GC (Allocation Failure) 2017-11-10T19:40:24.533+0500: 667.992: [Tenured: 349568K->349568K(349568K), 0.0893068 secs] 506815K->506808K(506816K), [Metaspace: 12963K->12963K(1060864K)], 0.0894285 secs] [Times: user=0.09 sys=0.00, real=0.09 secs] 
2017-11-10T19:40:24.623+0500: 668.082: [Full GC (Allocation Failure) 2017-11-10T19:40:24.623+0500: 668.082: [Tenured: 349568K->349567K(349568K), 0.0911646 secs] 506815K->506801K(506816K), [Metaspace: 12963K->12963K(1060864K)], 0.0912985 secs] [Times: user=0.09 sys=0.00, real=0.09 secs] 
2017-11-10T19:40:24.715+0500: 668.174: [Full GC (Allocation Failure) 2017-11-10T19:40:24.715+0500: 668.174: [Tenured: 349568K->349568K(349568K), 0.0883051 secs] 506815K->506798K(506816K), [Metaspace: 12963K->12963K(1060864K)], 0.0884097 secs] [Times: user=0.09 sys=0.00, real=0.09 secs] 
2017-11-10T19:40:24.806+0500: 668.265: [Full GC (Allocation Failure) 2017-11-10T19:40:24.806+0500: 668.265: [Tenured: 349568K->349568K(349568K), 0.0914770 secs] 506815K->506798K(506816K), [Metaspace: 12963K->12963K(1060864K)], 0.0915831 secs] [Times: user=0.09 sys=0.00, real=0.09 secs] 
2017-11-10T19:40:24.898+0500: 668.357: [Full GC (Allocation Failure) 2017-11-10T19:40:24.898+0500: 668.357: [Tenured: 349568K->349568K(349568K), 0.0909578 secs] 506815K->506808K(506816K), [Metaspace: 12963K->12963K(1060864K)], 0.0910482 secs] [Times: user=0.09 sys=0.00, real=0.09 secs] 
2017-11-10T19:40:24.990+0500: 668.449: [Full GC (Allocation Failure) 2017-11-10T19:40:24.990+0500: 668.449: [Tenured: 349568K->349567K(349568K), 0.0888531 secs] 506815K->506801K(506816K), [Metaspace: 12963K->12963K(1060864K)], 0.0889309 secs] [Times: user=0.08 sys=0.00, real=0.09 secs] 
2017-11-10T19:40:25.079+0500: 668.538: [Full GC (Allocation Failure) 2017-11-10T19:40:25.079+0500: 668.538: [Tenured: 349568K->349568K(349568K), 0.0869978 secs] 506815K->506798K(506816K), [Metaspace: 12963K->12963K(1060864K)], 0.0870863 secs] [Times: user=0.09 sys=0.00, real=0.09 secs] 
2017-11-10T19:40:25.167+0500: 668.626: [Full GC (Allocation Failure) 2017-11-10T19:40:25.167+0500: 668.626: [Tenured: 349568K->349568K(349568K), 0.0900910 secs] 506815K->506798K(506816K), [Metaspace: 12963K->12963K(1060864K)], 0.0902279 secs] [Times: user=0.09 sys=0.00, real=0.09 secs] 
2017-11-10T19:40:25.258+0500: 668.717: [Full GC (Allocation Failure) 2017-11-10T19:40:25.258+0500: 668.717: [Tenured: 349568K->349568K(349568K), 0.0842957 secs] 506815K->506808K(506816K), [Metaspace: 12963K->12963K(1060864K)], 0.0844003 secs] [Times: user=0.08 sys=0.00, real=0.09 secs] 
2017-11-10T19:40:25.343+0500: 668.802: [Full GC (Allocation Failure) 2017-11-10T19:40:25.343+0500: 668.802: [Tenured: 349568K->349567K(349568K), 0.0894691 secs] 506815K->506801K(506816K), [Metaspace: 12963K->12963K(1060864K)], 0.0896187 secs] [Times: user=0.09 sys=0.00, real=0.09 secs] 
2017-11-10T19:40:25.433+0500: 668.892: [Full GC (Allocation Failure) 2017-11-10T19:40:25.433+0500: 668.892: [Tenured: 349568K->349568K(349568K), 0.0898568 secs] 506815K->506798K(506816K), [Metaspace: 12963K->12963K(1060864K)], 0.0899639 secs] [Times: user=0.09 sys=0.00, real=0.09 secs] 
2017-11-10T19:40:25.525+0500: 668.984: [Full GC (Allocation Failure) 2017-11-10T19:40:25.525+0500: 668.984: [Tenured: 349568K->349568K(349568K), 0.1081862 secs] 506815K->506798K(506816K), [Metaspace: 12963K->12963K(1060864K)], 0.1082967 secs] [Times: user=0.09 sys=0.00, real=0.11 secs] 
2017-11-10T19:40:25.634+0500: 669.093: [Full GC (Allocation Failure) 2017-11-10T19:40:25.634+0500: 669.093: [Tenured: 349568K->349568K(349568K), 0.0887798 secs] 506815K->506808K(506816K), [Metaspace: 12963K->12963K(1060864K)], 0.0889093 secs] [Times: user=0.09 sys=0.00, real=0.09 secs] 
2017-11-10T19:40:25.725+0500: 669.184: [Full GC (Allocation Failure) 2017-11-10T19:40:25.725+0500: 669.184: [Tenured: 349568K->349567K(349568K), 0.0878357 secs] 506815K->506801K(506816K), [Metaspace: 12963K->12963K(1060864K)], 0.0879413 secs] [Times: user=0.08 sys=0.00, real=0.09 secs] 
2017-11-10T19:40:25.814+0500: 669.273: [Full GC (Allocation Failure) 2017-11-10T19:40:25.814+0500: 669.273: [Tenured: 349568K->349568K(349568K), 0.0851977 secs] 506815K->506798K(506816K), [Metaspace: 12963K->12963K(1060864K)], 0.0853028 secs] [Times: user=0.09 sys=0.00, real=0.09 secs] 
2017-11-10T19:40:25.918+0500: 669.377: [Full GC (Allocation Failure) 2017-11-10T19:40:25.918+0500: 669.377: [Tenured: 349568K->349568K(349568K), 0.0885911 secs] 506815K->506798K(506816K), [Metaspace: 12963K->12963K(1060864K)], 0.0887035 secs] [Times: user=0.09 sys=0.00, real=0.09 secs] 
2017-11-10T19:40:26.007+0500: 669.466: [Full GC (Allocation Failure) 2017-11-10T19:40:26.008+0500: 669.467: [Tenured: 349568K->349568K(349568K), 0.0898529 secs] 506815K->506808K(506816K), [Metaspace: 12963K->12963K(1060864K)], 0.0899717 secs] [Times: user=0.09 sys=0.00, real=0.09 secs] 
2017-11-10T19:40:26.098+0500: 669.557: [Full GC (Allocation Failure) 2017-11-10T19:40:26.098+0500: 669.557: [Tenured: 349568K->349567K(349568K), 0.0920847 secs] 506815K->506801K(506816K), [Metaspace: 12963K->12963K(1060864K)], 0.0922167 secs] [Times: user=0.09 sys=0.00, real=0.09 secs] 
2017-11-10T19:40:26.191+0500: 669.650: [Full GC (Allocation Failure) 2017-11-10T19:40:26.191+0500: 669.650: [Tenured: 349568K->349568K(349568K), 0.0960457 secs] 506815K->506798K(506816K), [Metaspace: 12963K->12963K(1060864K)], 0.0961488 secs] [Times: user=0.09 sys=0.00, real=0.10 secs] 
2017-11-10T19:40:26.287+0500: 669.746: [Full GC (Allocation Failure) 2017-11-10T19:40:26.287+0500: 669.746: [Tenured: 349568K->349568K(349568K), 0.0906048 secs] 506815K->506798K(506816K), [Metaspace: 12963K->12963K(1060864K)], 0.0907485 secs] [Times: user=0.09 sys=0.00, real=0.09 secs] 
2017-11-10T19:40:26.379+0500: 669.838: [Full GC (Allocation Failure) 2017-11-10T19:40:26.379+0500: 669.838: [Tenured: 349568K->349568K(349568K), 0.0968098 secs] 506815K->506808K(506816K), [Metaspace: 12963K->12963K(1060864K)], 0.0969359 secs] [Times: user=0.09 sys=0.00, real=0.10 secs] 
2017-11-10T19:40:26.476+0500: 669.936: [Full GC (Allocation Failure) 2017-11-10T19:40:26.476+0500: 669.936: [Tenured: 349568K->349567K(349568K), 0.0893689 secs] 506815K->506801K(506816K), [Metaspace: 12963K->12963K(1060864K)], 0.0894579 secs] [Times: user=0.09 sys=0.00, real=0.09 secs] 
2017-11-10T19:40:26.566+0500: 670.026: [Full GC (Allocation Failure) 2017-11-10T19:40:26.567+0500: 670.026: [Tenured: 349568K->349568K(349568K), 0.0923731 secs] 506815K->506798K(506816K), [Metaspace: 12963K->12963K(1060864K)], 0.0924758 secs] [Times: user=0.09 sys=0.00, real=0.09 secs] 
2017-11-10T19:40:26.660+0500: 670.119: [Full GC (Allocation Failure) 2017-11-10T19:40:26.660+0500: 670.119: [Tenured: 349568K->349568K(349568K), 0.0885735 secs] 506815K->506798K(506816K), [Metaspace: 12963K->12963K(1060864K)], 0.0886703 secs] [Times: user=0.08 sys=0.00, real=0.09 secs] 
2017-11-10T19:40:26.749+0500: 670.208: [Full GC (Allocation Failure) 2017-11-10T19:40:26.749+0500: 670.208: [Tenured: 349568K->349568K(349568K), 0.0927290 secs] 506815K->506808K(506816K), [Metaspace: 12963K->12963K(1060864K)], 0.0928126 secs] [Times: user=0.09 sys=0.00, real=0.09 secs] 
2017-11-10T19:40:26.843+0500: 670.302: [Full GC (Allocation Failure) 2017-11-10T19:40:26.843+0500: 670.302: [Tenured: 349568K->349567K(349568K), 0.0895566 secs] 506815K->506801K(506816K), [Metaspace: 12963K->12963K(1060864K)], 0.0896764 secs] [Times: user=0.09 sys=0.00, real=0.09 secs] 
2017-11-10T19:40:26.940+0500: 670.400: [Full GC (Allocation Failure) 2017-11-10T19:40:26.940+0500: 670.400: [Tenured: 349568K->349568K(349568K), 0.0891210 secs] 506815K->506798K(506816K), [Metaspace: 12963K->12963K(1060864K)], 0.0892364 secs] [Times: user=0.08 sys=0.00, real=0.09 secs] 
2017-11-10T19:40:27.030+0500: 670.489: [Full GC (Allocation Failure) 2017-11-10T19:40:27.030+0500: 670.489: [Tenured: 349568K->349568K(349568K), 0.0939420 secs] 506815K->506798K(506816K), [Metaspace: 12963K->12963K(1060864K)], 0.0940314 secs] [Times: user=0.09 sys=0.00, real=0.09 secs] 
2017-11-10T19:40:27.125+0500: 670.584: [Full GC (Allocation Failure) 2017-11-10T19:40:27.125+0500: 670.584: [Tenured: 349568K->349568K(349568K), 0.0929280 secs] 506815K->506808K(506816K), [Metaspace: 12963K->12963K(1060864K)], 0.0930297 secs] [Times: user=0.09 sys=0.00, real=0.09 secs] 
2017-11-10T19:40:27.218+0500: 670.678: [Full GC (Allocation Failure) 2017-11-10T19:40:27.218+0500: 670.678: [Tenured: 349568K->349567K(349568K), 0.0871420 secs] 506815K->506801K(506816K), [Metaspace: 12963K->12963K(1060864K)], 0.0872295 secs] [Times: user=0.09 sys=0.00, real=0.09 secs] 
2017-11-10T19:40:27.306+0500: 670.765: [Full GC (Allocation Failure) 2017-11-10T19:40:27.306+0500: 670.765: [Tenured: 349568K->349568K(349568K), 0.0848027 secs] 506815K->506798K(506816K), [Metaspace: 12963K->12963K(1060864K)], 0.0848819 secs] [Times: user=0.08 sys=0.00, real=0.09 secs] 
2017-11-10T19:40:27.391+0500: 670.851: [Full GC (Allocation Failure) 2017-11-10T19:40:27.392+0500: 670.851: [Tenured: 349568K->349568K(349568K), 0.0879311 secs] 506815K->506798K(506816K), [Metaspace: 12963K->12963K(1060864K)], 0.0880548 secs] [Times: user=0.09 sys=0.00, real=0.09 secs] 
2017-11-10T19:40:27.480+0500: 670.939: [Full GC (Allocation Failure) 2017-11-10T19:40:27.480+0500: 670.939: [Tenured: 349568K->349568K(349568K), 0.0892550 secs] 506815K->506808K(506816K), [Metaspace: 12963K->12963K(1060864K)], 0.0893709 secs] [Times: user=0.09 sys=0.00, real=0.09 secs] 
2017-11-10T19:40:27.570+0500: 671.029: [Full GC (Allocation Failure) 2017-11-10T19:40:27.570+0500: 671.029: [Tenured: 349568K->349567K(349568K), 0.0891763 secs] 506815K->506801K(506816K), [Metaspace: 12963K->12963K(1060864K)], 0.0892917 secs] [Times: user=0.09 sys=0.00, real=0.09 secs] 
2017-11-10T19:40:27.660+0500: 671.119: [Full GC (Allocation Failure) 2017-11-10T19:40:27.660+0500: 671.119: [Tenured: 349568K->349568K(349568K), 0.0874089 secs] 506815K->506798K(506816K), [Metaspace: 12963K->12963K(1060864K)], 0.0875419 secs] [Times: user=0.08 sys=0.00, real=0.09 secs] 
2017-11-10T19:40:27.748+0500: 671.207: [Full GC (Allocation Failure) 2017-11-10T19:40:27.748+0500: 671.207: [Tenured: 349568K->349568K(349568K), 0.0833473 secs] 506815K->506798K(506816K), [Metaspace: 12963K->12963K(1060864K)], 0.0834348 secs] [Times: user=0.09 sys=0.00, real=0.08 secs] 
2017-11-10T19:40:27.832+0500: 671.292: [Full GC (Allocation Failure) 2017-11-10T19:40:27.832+0500: 671.292: [Tenured: 349568K->349568K(349568K), 0.0873371 secs] 506815K->506808K(506816K), [Metaspace: 12963K->12963K(1060864K)], 0.0874764 secs] [Times: user=0.08 sys=0.00, real=0.09 secs] 
2017-11-10T19:40:27.921+0500: 671.380: [Full GC (Allocation Failure) 2017-11-10T19:40:27.921+0500: 671.380: [Tenured: 349568K->349567K(349568K), 0.0893469 secs] 506815K->506801K(506816K), [Metaspace: 12963K->12963K(1060864K)], 0.0894315 secs] [Times: user=0.09 sys=0.00, real=0.09 secs] 
2017-11-10T19:40:28.013+0500: 671.472: [Full GC (Allocation Failure) 2017-11-10T19:40:28.013+0500: 671.472: [Tenured: 349568K->349568K(349568K), 0.0927637 secs] 506815K->506798K(506816K), [Metaspace: 12963K->12963K(1060864K)], 0.0928962 secs] [Times: user=0.09 sys=0.00, real=0.09 secs] 
2017-11-10T19:40:28.106+0500: 671.566: [Full GC (Allocation Failure) 2017-11-10T19:40:28.106+0500: 671.566: [Tenured: 349568K->349568K(349568K), 0.0843813 secs] 506815K->506798K(506816K), [Metaspace: 12963K->12963K(1060864K)], 0.0844722 secs] [Times: user=0.09 sys=0.00, real=0.09 secs] 
2017-11-10T19:40:28.191+0500: 671.651: [Full GC (Allocation Failure) 2017-11-10T19:40:28.191+0500: 671.651: [Tenured: 349568K->349568K(349568K), 0.0926723 secs] 506815K->506808K(506816K), [Metaspace: 12963K->12963K(1060864K)], 0.0927857 secs] [Times: user=0.09 sys=0.00, real=0.09 secs] 
2017-11-10T19:40:28.285+0500: 671.744: [Full GC (Allocation Failure) 2017-11-10T19:40:28.285+0500: 671.744: [Tenured: 349568K->349567K(349568K), 0.0883320 secs] 506815K->506801K(506816K), [Metaspace: 12963K->12963K(1060864K)], 0.0884654 secs] [Times: user=0.08 sys=0.00, real=0.09 secs] 
2017-11-10T19:40:28.374+0500: 671.833: [Full GC (Allocation Failure) 2017-11-10T19:40:28.374+0500: 671.833: [Tenured: 349568K->349568K(349568K), 0.0855839 secs] 506815K->506798K(506816K), [Metaspace: 12963K->12963K(1060864K)], 0.0857096 secs] [Times: user=0.09 sys=0.00, real=0.09 secs] 
2017-11-10T19:40:28.462+0500: 671.921: [Full GC (Allocation Failure) 2017-11-10T19:40:28.462+0500: 671.921: [Tenured: 349568K->349568K(349568K), 0.0894833 secs] 506815K->506798K(506816K), [Metaspace: 12963K->12963K(1060864K)], 0.0895962 secs] [Times: user=0.08 sys=0.00, real=0.09 secs] 
2017-11-10T19:40:28.552+0500: 672.011: [Full GC (Allocation Failure) 2017-11-10T19:40:28.552+0500: 672.011: [Tenured: 349568K->349568K(349568K), 0.0899145 secs] 506815K->506808K(506816K), [Metaspace: 12963K->12963K(1060864K)], 0.0900568 secs] [Times: user=0.08 sys=0.00, real=0.09 secs] 
2017-11-10T19:40:28.644+0500: 672.103: [Full GC (Allocation Failure) 2017-11-10T19:40:28.644+0500: 672.103: [Tenured: 349568K->349567K(349568K), 0.0920050 secs] 506815K->506801K(506816K), [Metaspace: 12963K->12963K(1060864K)], 0.0921287 secs] [Times: user=0.08 sys=0.00, real=0.09 secs] 
2017-11-10T19:40:28.737+0500: 672.196: [Full GC (Allocation Failure) 2017-11-10T19:40:28.737+0500: 672.196: [Tenured: 349568K->349568K(349568K), 0.0899785 secs] 506815K->506798K(506816K), [Metaspace: 12963K->12963K(1060864K)], 0.0900709 secs] [Times: user=0.09 sys=0.00, real=0.09 secs] 
2017-11-10T19:40:28.830+0500: 672.289: [Full GC (Allocation Failure) 2017-11-10T19:40:28.830+0500: 672.289: [Tenured: 349568K->349568K(349568K), 0.0934814 secs] 506815K->506798K(506816K), [Metaspace: 12963K->12963K(1060864K)], 0.0935939 secs] [Times: user=0.09 sys=0.00, real=0.09 secs] 
2017-11-10T19:40:28.924+0500: 672.383: [Full GC (Allocation Failure) 2017-11-10T19:40:28.924+0500: 672.383: [Tenured: 349568K->349568K(349568K), 0.0922587 secs] 506815K->506808K(506816K), [Metaspace: 12963K->12963K(1060864K)], 0.0923619 secs] [Times: user=0.09 sys=0.00, real=0.09 secs] 
2017-11-10T19:40:29.017+0500: 672.476: [Full GC (Allocation Failure) 2017-11-10T19:40:29.017+0500: 672.476: [Tenured: 349568K->349567K(349568K), 0.0915425 secs] 506815K->506801K(506816K), [Metaspace: 12963K->12963K(1060864K)], 0.0916354 secs] [Times: user=0.09 sys=0.00, real=0.09 secs] 
2017-11-10T19:40:29.110+0500: 672.569: [Full GC (Allocation Failure) 2017-11-10T19:40:29.111+0500: 672.569: [Tenured: 349568K->349568K(349568K), 0.0906640 secs] 506815K->506798K(506816K), [Metaspace: 12963K->12963K(1060864K)], 0.0907730 secs] [Times: user=0.09 sys=0.00, real=0.09 secs] 
2017-11-10T19:40:29.202+0500: 672.661: [Full GC (Allocation Failure) 2017-11-10T19:40:29.202+0500: 672.661: [Tenured: 349568K->349568K(349568K), 0.0859286 secs] 506815K->506798K(506816K), [Metaspace: 12963K->12963K(1060864K)], 0.0860361 secs] [Times: user=0.09 sys=0.00, real=0.09 secs] 
2017-11-10T19:40:29.288+0500: 672.747: [Full GC (Allocation Failure) 2017-11-10T19:40:29.288+0500: 672.747: [Tenured: 349568K->349568K(349568K), 0.0894359 secs] 506815K->506808K(506816K), [Metaspace: 12963K->12963K(1060864K)], 0.0895175 secs] [Times: user=0.09 sys=0.00, real=0.09 secs] 
2017-11-10T19:40:29.378+0500: 672.837: [Full GC (Allocation Failure) 2017-11-10T19:40:29.378+0500: 672.837: [Tenured: 349568K->349567K(349568K), 0.0911783 secs] 506815K->506801K(506816K), [Metaspace: 12963K->12963K(1060864K)], 0.0912790 secs] [Times: user=0.08 sys=0.00, real=0.09 secs] 
2017-11-10T19:40:29.471+0500: 672.930: [Full GC (Allocation Failure) 2017-11-10T19:40:29.471+0500: 672.930: [Tenured: 349568K->349568K(349568K), 0.0896256 secs] 506815K->506798K(506816K), [Metaspace: 12963K->12963K(1060864K)], 0.0897189 secs] [Times: user=0.09 sys=0.00, real=0.09 secs] 
2017-11-10T19:40:29.561+0500: 673.020: [Full GC (Allocation Failure) 2017-11-10T19:40:29.561+0500: 673.020: [Tenured: 349568K->349568K(349568K), 0.0901707 secs] 506815K->506798K(506816K), [Metaspace: 12963K->12963K(1060864K)], 0.0902699 secs] [Times: user=0.09 sys=0.00, real=0.09 secs] 
2017-11-10T19:40:29.652+0500: 673.111: [Full GC (Allocation Failure) 2017-11-10T19:40:29.652+0500: 673.111: [Tenured: 349568K->349568K(349568K), 0.0947657 secs] 506815K->506808K(506816K), [Metaspace: 12963K->12963K(1060864K)], 0.0948498 secs] [Times: user=0.09 sys=0.00, real=0.10 secs] 
2017-11-10T19:40:29.751+0500: 673.210: [Full GC (Allocation Failure) 2017-11-10T19:40:29.751+0500: 673.210: [Tenured: 349568K->349567K(349568K), 0.0902773 secs] 506815K->506801K(506816K), [Metaspace: 12963K->12963K(1060864K)], 0.0904024 secs] [Times: user=0.09 sys=0.00, real=0.09 secs] 
2017-11-10T19:40:29.842+0500: 673.301: [Full GC (Allocation Failure) 2017-11-10T19:40:29.842+0500: 673.301: [Tenured: 349568K->349568K(349568K), 0.0941331 secs] 506815K->506798K(506816K), [Metaspace: 12963K->12963K(1060864K)], 0.0942558 secs] [Times: user=0.06 sys=0.00, real=0.09 secs] 
2017-11-10T19:40:29.937+0500: 673.396: [Full GC (Allocation Failure) 2017-11-10T19:40:29.937+0500: 673.396: [Tenured: 349568K->349568K(349568K), 0.0946083 secs] 506815K->506807K(506816K), [Metaspace: 12963K->12963K(1060864K)], 0.0947178 secs] [Times: user=0.08 sys=0.00, real=0.10 secs] 
2017-11-10T19:40:30.032+0500: 673.491: [Full GC (Allocation Failure) 2017-11-10T19:40:30.032+0500: 673.491: [Tenured: 349568K->349568K(349568K), 0.0919116 secs] 506815K->506801K(506816K), [Metaspace: 12963K->12963K(1060864K)], 0.0920260 secs] [Times: user=0.09 sys=0.00, real=0.09 secs] 
2017-11-10T19:40:30.125+0500: 673.584: [Full GC (Allocation Failure) 2017-11-10T19:40:30.125+0500: 673.584: [Tenured: 349568K->349567K(349568K), 0.0894921 secs] 506815K->506812K(506816K), [Metaspace: 12963K->12963K(1060864K)], 0.0895737 secs] [Times: user=0.09 sys=0.00, real=0.09 secs] 
2017-11-10T19:40:30.214+0500: 673.674: [Full GC (Allocation Failure) 2017-11-10T19:40:30.214+0500: 673.674: [Tenured: 349567K->349567K(349568K), 0.0967389 secs] 506815K->506814K(506816K), [Metaspace: 12963K->12963K(1060864K)], 0.0968367 secs] [Times: user=0.09 sys=0.00, real=0.10 secs] 
2017-11-10T19:40:30.312+0500: 673.771: [Full GC (Allocation Failure) 2017-11-10T19:40:30.312+0500: 673.771: [Tenured: 349567K->349567K(349568K), 0.0934756 secs] 506815K->506815K(506816K), [Metaspace: 12963K->12963K(1060864K)], 0.0936090 secs] [Times: user=0.09 sys=0.00, real=0.09 secs] 
2017-11-10T19:40:30.405+0500: 673.865: [Full GC (Allocation Failure) 2017-11-10T19:40:30.405+0500: 673.865: [Tenured: 349567K->349567K(349568K), 0.0902064 secs] 506815K->506815K(506816K), [Metaspace: 12963K->12963K(1060864K)], 0.0903051 secs] [Times: user=0.09 sys=0.00, real=0.09 secs] 
2017-11-10T19:40:30.496+0500: 673.955: [Full GC (Allocation Failure) 2017-11-10T19:40:30.496+0500: 673.955: [Tenured: 349567K->349567K(349568K), 0.0929344 secs] 506815K->506815K(506816K), [Metaspace: 12963K->12963K(1060864K)], 0.0930233 secs] [Times: user=0.09 sys=0.00, real=0.09 secs] 
2017-11-10T19:40:30.589+0500: 674.048: [Full GC (Allocation Failure) 2017-11-10T19:40:30.589+0500: 674.048: [Tenured: 349568K->349568K(349568K), 0.0866125 secs] 506815K->506815K(506816K), [Metaspace: 12963K->12963K(1060864K)], 0.0866991 secs] [Times: user=0.09 sys=0.00, real=0.09 secs] 
2017-11-10T19:40:30.676+0500: 674.135: [Full GC (Allocation Failure) 2017-11-10T19:40:30.676+0500: 674.135: [Tenured: 349568K->349568K(349568K), 0.0880606 secs] 506815K->506814K(506816K), [Metaspace: 12963K->12963K(1060864K)], 0.0881467 secs] [Times: user=0.08 sys=0.00, real=0.09 secs] 
2017-11-10T19:40:30.764+0500: 674.223: [Full GC (Allocation Failure) 2017-11-10T19:40:30.764+0500: 674.224: [Tenured: 349568K->349568K(349568K), 0.0909940 secs] 506815K->506815K(506816K), [Metaspace: 12963K->12963K(1060864K)], 0.0910771 secs] [Times: user=0.09 sys=0.00, real=0.09 secs] 
2017-11-10T19:40:30.856+0500: 674.315: [Full GC (Allocation Failure) 2017-11-10T19:40:30.856+0500: 674.315: [Tenured: 349568K->349567K(349568K), 0.0895835 secs] 506815K->506815K(506816K), [Metaspace: 12963K->12963K(1060864K)], 0.0896613 secs] [Times: user=0.09 sys=0.00, real=0.09 secs] 
2017-11-10T19:40:30.946+0500: 674.405: [Full GC (Allocation Failure) 2017-11-10T19:40:30.946+0500: 674.405: [Tenured: 349568K->349568K(349568K), 0.0911480 secs] 506815K->506815K(506816K), [Metaspace: 12963K->12963K(1060864K)], 0.0912487 secs] [Times: user=0.09 sys=0.00, real=0.09 secs] 
2017-11-10T19:40:31.037+0500: 674.496: [Full GC (Allocation Failure) 2017-11-10T19:40:31.037+0500: 674.496: [Tenured: 349568K->349568K(349568K), 0.0839721 secs] 506815K->506815K(506816K), [Metaspace: 12963K->12963K(1060864K)], 0.0840679 secs] [Times: user=0.08 sys=0.00, real=0.08 secs] 
2017-11-10T19:40:31.121+0500: 674.581: [Full GC (Allocation Failure) 2017-11-10T19:40:31.121+0500: 674.581: [Tenured: 349568K->349568K(349568K), 0.0861520 secs] 506815K->506815K(506816K), [Metaspace: 12963K->12963K(1060864K)], 0.0862684 secs] [Times: user=0.09 sys=0.00, real=0.09 secs] 
2017-11-10T19:40:31.208+0500: 674.667: [Full GC (Allocation Failure) 2017-11-10T19:40:31.208+0500: 674.667: [Tenured: 349568K->349568K(349568K), 0.0888316 secs] 506815K->506815K(506816K), [Metaspace: 12963K->12963K(1060864K)], 0.0889054 secs] [Times: user=0.08 sys=0.00, real=0.09 secs] 
2017-11-10T19:40:31.297+0500: 674.756: [Full GC (Allocation Failure) 2017-11-10T19:40:31.297+0500: 674.756: [Tenured: 349568K->349568K(349568K), 0.0880333 secs] 506815K->506815K(506816K), [Metaspace: 12963K->12963K(1060864K)], 0.0881374 secs] [Times: user=0.09 sys=0.00, real=0.09 secs] 
2017-11-10T19:40:31.385+0500: 674.844: [Full GC (Allocation Failure) 2017-11-10T19:40:31.385+0500: 674.844: [Tenured: 349568K->349568K(349568K), 0.0894061 secs] 506815K->506815K(506816K), [Metaspace: 12963K->12963K(1060864K)], 0.0895161 secs] [Times: user=0.09 sys=0.00, real=0.09 secs] 
2017-11-10T19:40:31.475+0500: 674.934: [Full GC (Allocation Failure) 2017-11-10T19:40:31.475+0500: 674.934: [Tenured: 349568K->349568K(349568K), 0.0845866 secs] 506815K->506808K(506816K), [Metaspace: 12963K->12963K(1060864K)], 0.0847298 secs] [Times: user=0.06 sys=0.00, real=0.09 secs] 
2017-11-10T19:40:31.563+0500: 675.022: [Full GC (Allocation Failure) 2017-11-10T19:40:31.563+0500: 675.022: [Tenured: 349568K->349566K(349568K), 0.2002905 secs] 506815K->506802K(506816K), [Metaspace: 12964K->12964K(1060864K)], 0.2004337 secs] [Times: user=0.20 sys=0.00, real=0.20 secs] 
2017-11-10T19:40:31.764+0500: 675.223: [Full GC (Allocation Failure) 2017-11-10T19:40:31.764+0500: 675.223: [Tenured: 349567K->349567K(349568K), 0.0822213 secs] 506815K->506799K(506816K), [Metaspace: 12965K->12965K(1060864K)], 0.0823035 secs] [Times: user=0.09 sys=0.00, real=0.08 secs] 
2017-11-10T19:40:31.847+0500: 675.306: [Full GC (Allocation Failure) 2017-11-10T19:40:31.847+0500: 675.306: [Tenured: 349567K->349567K(349568K), 0.0824897 secs] 506815K->506809K(506816K), [Metaspace: 12967K->12967K(1060864K)], 0.0825709 secs] [Times: user=0.08 sys=0.00, real=0.08 secs] 
2017-11-10T19:40:31.930+0500: 675.389: [Full GC (Allocation Failure) 2017-11-10T19:40:31.930+0500: 675.389: [Tenured: 349567K->349567K(349568K), 0.0847083 secs] 506815K->506802K(506816K), [Metaspace: 12973K->12973K(1060864K)], 0.0848159 secs] [Times: user=0.06 sys=0.00, real=0.09 secs] 
2017-11-10T19:40:32.015+0500: 675.475: [Full GC (Allocation Failure) 2017-11-10T19:40:32.015+0500: 675.475: [Tenured: 349567K->349566K(349568K), 0.0838621 secs] 506815K->506809K(506816K), [Metaspace: 12973K->12973K(1060864K)], 0.0839667 secs] [Times: user=0.09 sys=0.00, real=0.08 secs] 
2017-11-10T19:40:32.100+0500: 675.559: [Full GC (Allocation Failure) 2017-11-10T19:40:32.100+0500: 675.559: [Tenured: 349568K->349568K(349568K), 0.0871278 secs] 506815K->506802K(506816K), [Metaspace: 12973K->12973K(1060864K)], 0.0872413 secs] [Times: user=0.08 sys=0.00, real=0.09 secs] 
2017-11-10T19:40:32.189+0500: 675.649: [Full GC (Allocation Failure) 2017-11-10T19:40:32.189+0500: 675.649: [Tenured: 349568K->349568K(349568K), 0.0865045 secs] 506815K->506810K(506816K), [Metaspace: 12973K->12973K(1060864K)], 0.0866121 secs] [Times: user=0.09 sys=0.00, real=0.09 secs] 
2017-11-10T19:40:32.277+0500: 675.735: [Full GC (Allocation Failure) 2017-11-10T19:40:32.277+0500: 675.736: [Tenured: 349568K->349568K(349568K), 0.0856558 secs] 506815K->506804K(506816K), [Metaspace: 12973K->12973K(1060864K)], 0.0857443 secs] [Times: user=0.09 sys=0.00, real=0.09 secs] 
2017-11-10T19:40:32.363+0500: 675.822: [Full GC (Allocation Failure) 2017-11-10T19:40:32.363+0500: 675.822: [Tenured: 349568K->349566K(349568K), 0.2085375 secs] 506815K->506810K(506816K), [Metaspace: 12973K->12973K(1060864K)], 0.2086808 secs] [Times: user=0.20 sys=0.00, real=0.21 secs] 
2017-11-10T19:40:32.572+0500: 676.031: [Full GC (Allocation Failure) 2017-11-10T19:40:32.572+0500: 676.031: [Tenured: 349567K->349567K(349568K), 0.0870863 secs] 506815K->506814K(506816K), [Metaspace: 12973K->12973K(1060864K)], 0.0871963 secs] [Times: user=0.09 sys=0.00, real=0.09 secs] 
2017-11-10T19:40:32.660+0500: 676.119: [Full GC (Allocation Failure) 2017-11-10T19:40:32.660+0500: 676.119: [Tenured: 349567K->349567K(349568K), 0.0893327 secs] 506815K->506815K(506816K), [Metaspace: 12973K->12973K(1060864K)], 0.0894809 secs] [Times: user=0.06 sys=0.00, real=0.09 secs] 
2017-11-10T19:40:32.750+0500: 676.209: [Full GC (Allocation Failure) 2017-11-10T19:40:32.750+0500: 676.209: [Tenured: 349567K->349567K(349568K), 0.0924445 secs] 506815K->506815K(506816K), [Metaspace: 12973K->12973K(1060864K)], 0.0925618 secs] [Times: user=0.09 sys=0.00, real=0.09 secs] 
2017-11-10T19:40:32.843+0500: 676.302: [Full GC (Allocation Failure) 2017-11-10T19:40:32.843+0500: 676.302: [Tenured: 349567K->349567K(349568K), 0.0841129 secs] 506815K->506815K(506816K), [Metaspace: 12973K->12973K(1060864K)], 0.0842771 secs] [Times: user=0.09 sys=0.00, real=0.08 secs] 
2017-11-10T19:40:32.928+0500: 676.387: [Full GC (Allocation Failure) 2017-11-10T19:40:32.928+0500: 676.387: [Tenured: 349567K->349567K(349568K), 0.0840825 secs] 506815K->506805K(506816K), [Metaspace: 12973K->12973K(1060864K)], 0.0841740 secs] [Times: user=0.08 sys=0.00, real=0.08 secs] 
2017-11-10T19:40:33.012+0500: 676.471: [Full GC (Allocation Failure) 2017-11-10T19:40:33.012+0500: 676.471: [Tenured: 349567K->349567K(349568K), 0.0855492 secs] 506815K->506811K(506816K), [Metaspace: 12973K->12973K(1060864K)], 0.0856577 secs] [Times: user=0.09 sys=0.00, real=0.09 secs] 
2017-11-10T19:40:33.098+0500: 676.557: [Full GC (Allocation Failure) 2017-11-10T19:40:33.098+0500: 676.557: [Tenured: 349567K->349567K(349568K), 0.0839662 secs] 506815K->506814K(506816K), [Metaspace: 12973K->12973K(1060864K)], 0.0840659 secs] [Times: user=0.08 sys=0.00, real=0.08 secs] 
2017-11-10T19:40:33.183+0500: 676.642: [Full GC (Allocation Failure) 2017-11-10T19:40:33.183+0500: 676.642: [Tenured: 349567K->349566K(349568K), 0.0854509 secs] 506815K->506814K(506816K), [Metaspace: 12973K->12973K(1060864K)], 0.0855336 secs] [Times: user=0.09 sys=0.00, real=0.08 secs] 
2017-11-10T19:40:33.268+0500: 676.727: [Full GC (Allocation Failure) 2017-11-10T19:40:33.268+0500: 676.727: [Tenured: 349568K->349568K(349568K), 0.0882870 secs] 506815K->506815K(506816K), [Metaspace: 12973K->12973K(1060864K)], 0.0883745 secs] [Times: user=0.08 sys=0.00, real=0.09 secs] 
2017-11-10T19:40:33.357+0500: 676.816: [Full GC (Allocation Failure) 2017-11-10T19:40:33.357+0500: 676.816: [Tenured: 349568K->349568K(349568K), 0.0872867 secs] 506815K->506815K(506816K), [Metaspace: 12973K->12973K(1060864K)], 0.0873987 secs] [Times: user=0.09 sys=0.00, real=0.09 secs] 
2017-11-10T19:40:33.445+0500: 676.904: [Full GC (Allocation Failure) 2017-11-10T19:40:33.445+0500: 676.904: [Tenured: 349568K->349568K(349568K), 0.0860171 secs] 506815K->506815K(506816K), [Metaspace: 12973K->12973K(1060864K)], 0.0861207 secs] [Times: user=0.08 sys=0.00, real=0.09 secs] 
2017-11-10T19:40:33.531+0500: 676.990: [Full GC (Allocation Failure) 2017-11-10T19:40:33.531+0500: 676.990: [Tenured: 349568K->349567K(349568K), 0.0786842 secs] 506815K->506814K(506816K), [Metaspace: 12973K->12973K(1060864K)], 0.0787615 secs] [Times: user=0.08 sys=0.00, real=0.08 secs] 
2017-11-10T19:40:33.610+0500: 677.069: [Full GC (Allocation Failure) 2017-11-10T19:40:33.611+0500: 677.070: [Tenured: 349568K->349568K(349568K), 0.0824159 secs] 506815K->506815K(506816K), [Metaspace: 12973K->12973K(1060864K)], 0.0825323 secs] [Times: user=0.09 sys=0.00, real=0.08 secs] 
2017-11-10T19:40:33.693+0500: 677.152: [Full GC (Allocation Failure) 2017-11-10T19:40:33.693+0500: 677.152: [Tenured: 349568K->349568K(349568K), 0.0851068 secs] 506815K->506805K(506816K), [Metaspace: 12973K->12973K(1060864K)], 0.0852256 secs] [Times: user=0.08 sys=0.00, real=0.09 secs] 
2017-11-10T19:40:33.779+0500: 677.238: [Full GC (Allocation Failure) 2017-11-10T19:40:33.779+0500: 677.238: [Tenured: 349568K->349568K(349568K), 0.0852823 secs] 506815K->506811K(506816K), [Metaspace: 12973K->12973K(1060864K)], 0.0853981 secs] [Times: user=0.09 sys=0.00, real=0.09 secs] 
2017-11-10T19:40:33.865+0500: 677.324: [Full GC (Allocation Failure) 2017-11-10T19:40:33.865+0500: 677.324: [Tenured: 349568K->349567K(349568K), 0.0847787 secs] 506815K->506813K(506816K), [Metaspace: 12973K->12973K(1060864K)], 0.0849068 secs] [Times: user=0.08 sys=0.00, real=0.09 secs] 
2017-11-10T19:40:33.950+0500: 677.409: [Full GC (Allocation Failure) 2017-11-10T19:40:33.950+0500: 677.409: [Tenured: 349567K->349567K(349568K), 0.0826325 secs] 506815K->506814K(506816K), [Metaspace: 12973K->12973K(1060864K)], 0.0827503 secs] [Times: user=0.08 sys=0.00, real=0.08 secs] 
2017-11-10T19:40:34.033+0500: 677.492: [Full GC (Allocation Failure) 2017-11-10T19:40:34.033+0500: 677.492: [Tenured: 349567K->349567K(349568K), 0.0866590 secs] 506815K->506814K(506816K), [Metaspace: 12973K->12973K(1060864K)], 0.0867812 secs] [Times: user=0.09 sys=0.00, real=0.09 secs] 
2017-11-10T19:40:34.120+0500: 677.579: [Full GC (Allocation Failure) 2017-11-10T19:40:34.120+0500: 677.579: [Tenured: 349568K->349568K(349568K), 0.0923379 secs] 506815K->506815K(506816K), [Metaspace: 12973K->12973K(1060864K)], 0.0924543 secs] [Times: user=0.09 sys=0.00, real=0.09 secs] 
2017-11-10T19:40:34.226+0500: 677.685: [Full GC (Allocation Failure) 2017-11-10T19:40:34.226+0500: 677.685: [Tenured: 349568K->349567K(349568K), 0.0939874 secs] 506815K->506815K(506816K), [Metaspace: 12973K->12973K(1060864K)], 0.0941537 secs] [Times: user=0.09 sys=0.00, real=0.09 secs] 
2017-11-10T19:40:34.320+0500: 677.779: [Full GC (Allocation Failure) 2017-11-10T19:40:34.320+0500: 677.779: [Tenured: 349567K->349567K(349568K), 0.0855365 secs] 506815K->506805K(506816K), [Metaspace: 12973K->12973K(1060864K)], 0.0856436 secs] [Times: user=0.08 sys=0.00, real=0.09 secs] 
2017-11-10T19:40:34.406+0500: 677.865: [Full GC (Allocation Failure) 2017-11-10T19:40:34.406+0500: 677.865: [Tenured: 349567K->349567K(349568K), 0.0875072 secs] 506815K->506811K(506816K), [Metaspace: 12973K->12973K(1060864K)], 0.0875913 secs] [Times: user=0.09 sys=0.00, real=0.09 secs] 
2017-11-10T19:40:34.494+0500: 677.953: [Full GC (Allocation Failure) 2017-11-10T19:40:34.494+0500: 677.953: [Tenured: 349567K->349567K(349568K), 0.0885735 secs] 506815K->506814K(506816K), [Metaspace: 12973K->12973K(1060864K)], 0.0886879 secs] [Times: user=0.09 sys=0.00, real=0.09 secs] 
2017-11-10T19:40:34.583+0500: 678.042: [Full GC (Allocation Failure) 2017-11-10T19:40:34.583+0500: 678.042: [Tenured: 349567K->349566K(349568K), 0.0949828 secs] 506815K->506814K(506816K), [Metaspace: 12973K->12973K(1060864K)], 0.0951036 secs] [Times: user=0.09 sys=0.00, real=0.10 secs] 
2017-11-10T19:40:34.679+0500: 678.138: [Full GC (Allocation Failure) 2017-11-10T19:40:34.679+0500: 678.138: [Tenured: 349568K->349568K(349568K), 0.0872828 secs] 506815K->506815K(506816K), [Metaspace: 12973K->12973K(1060864K)], 0.0874011 secs] [Times: user=0.08 sys=0.00, real=0.09 secs] 
2017-11-10T19:40:34.766+0500: 678.226: [Full GC (Allocation Failure) 2017-11-10T19:40:34.766+0500: 678.226: [Tenured: 349568K->349568K(349568K), 0.0914491 secs] 506815K->506815K(506816K), [Metaspace: 12973K->12973K(1060864K)], 0.0915357 secs] [Times: user=0.09 sys=0.00, real=0.09 secs] 
2017-11-10T19:40:34.859+0500: 678.318: [Full GC (Allocation Failure) 2017-11-10T19:40:34.859+0500: 678.318: [Tenured: 349568K->349568K(349568K), 0.0871117 secs] 506815K->506815K(506816K), [Metaspace: 12973K->12973K(1060864K)], 0.0872105 secs] [Times: user=0.09 sys=0.00, real=0.09 secs] 
2017-11-10T19:40:34.946+0500: 678.406: [Full GC (Allocation Failure) 2017-11-10T19:40:34.946+0500: 678.406: [Tenured: 349568K->349567K(349568K), 0.0902523 secs] 506815K->506815K(506816K), [Metaspace: 12973K->12973K(1060864K)], 0.0903745 secs] [Times: user=0.09 sys=0.00, real=0.09 secs] 
2017-11-10T19:40:35.038+0500: 678.497: [Full GC (Allocation Failure) 2017-11-10T19:40:35.038+0500: 678.497: [Tenured: 349567K->349567K(349568K), 0.0863265 secs] 506815K->506805K(506816K), [Metaspace: 12973K->12973K(1060864K)], 0.0864326 secs] [Times: user=0.08 sys=0.00, real=0.09 secs] 
2017-11-10T19:40:35.125+0500: 678.584: [Full GC (Allocation Failure) 2017-11-10T19:40:35.125+0500: 678.584: [Tenured: 349567K->349567K(349568K), 0.0847533 secs] 506815K->506811K(506816K), [Metaspace: 12973K->12973K(1060864K)], 0.0848858 secs] [Times: user=0.09 sys=0.00, real=0.09 secs] 
2017-11-10T19:40:35.211+0500: 678.670: [Full GC (Allocation Failure) 2017-11-10T19:40:35.211+0500: 678.670: [Tenured: 349567K->349567K(349568K), 0.0854226 secs] 506815K->506814K(506816K), [Metaspace: 12973K->12973K(1060864K)], 0.0855282 secs] [Times: user=0.08 sys=0.00, real=0.09 secs] 
2017-11-10T19:40:35.297+0500: 678.756: [Full GC (Allocation Failure) 2017-11-10T19:40:35.297+0500: 678.756: [Tenured: 349567K->349567K(349568K), 0.0875669 secs] 506815K->506814K(506816K), [Metaspace: 12973K->12973K(1060864K)], 0.0876451 secs] [Times: user=0.09 sys=0.00, real=0.09 secs] 
2017-11-10T19:40:35.385+0500: 678.844: [Full GC (Allocation Failure) 2017-11-10T19:40:35.385+0500: 678.844: [Tenured: 349567K->349567K(349568K), 0.0866023 secs] 506815K->506815K(506816K), [Metaspace: 12973K->12973K(1060864K)], 0.0867230 secs] [Times: user=0.09 sys=0.00, real=0.09 secs] 
2017-11-10T19:40:35.472+0500: 678.931: [Full GC (Allocation Failure) 2017-11-10T19:40:35.472+0500: 678.931: [Tenured: 349567K->349567K(349568K), 0.0855634 secs] 506815K->506815K(506816K), [Metaspace: 12973K->12973K(1060864K)], 0.0856617 secs] [Times: user=0.08 sys=0.00, real=0.09 secs] 
2017-11-10T19:40:35.558+0500: 679.017: [Full GC (Allocation Failure) 2017-11-10T19:40:35.558+0500: 679.017: [Tenured: 349567K->349567K(349568K), 0.0954199 secs] 506815K->506815K(506816K), [Metaspace: 12973K->12973K(1060864K)], 0.0955685 secs] [Times: user=0.08 sys=0.00, real=0.10 secs] 
2017-11-10T19:40:35.655+0500: 679.114: [Full GC (Allocation Failure) 2017-11-10T19:40:35.655+0500: 679.114: [Tenured: 349567K->349567K(349568K), 0.0836655 secs] 506815K->506815K(506816K), [Metaspace: 12973K->12973K(1060864K)], 0.0837804 secs] [Times: user=0.09 sys=0.00, real=0.08 secs] 
2017-11-10T19:40:35.739+0500: 679.198: [Full GC (Allocation Failure) 2017-11-10T19:40:35.739+0500: 679.198: [Tenured: 349567K->349567K(349568K), 0.0864845 secs] 506815K->506805K(506816K), [Metaspace: 12973K->12973K(1060864K)], 0.0866096 secs] [Times: user=0.08 sys=0.00, real=0.09 secs] 
2017-11-10T19:40:35.826+0500: 679.285: [Full GC (Allocation Failure) 2017-11-10T19:40:35.826+0500: 679.285: [Tenured: 349567K->349567K(349568K), 0.0871498 secs] 506815K->506812K(506816K), [Metaspace: 12973K->12973K(1060864K)], 0.0872603 secs] [Times: user=0.09 sys=0.00, real=0.09 secs] 
2017-11-10T19:40:35.914+0500: 679.373: [Full GC (Allocation Failure) 2017-11-10T19:40:35.914+0500: 679.373: [Tenured: 349567K->349567K(349568K), 0.0878983 secs] 506815K->506814K(506816K), [Metaspace: 12973K->12973K(1060864K)], 0.0880020 secs] [Times: user=0.08 sys=0.02, real=0.09 secs] 
2017-11-10T19:40:36.003+0500: 679.462: [Full GC (Allocation Failure) 2017-11-10T19:40:36.003+0500: 679.462: [Tenured: 349567K->349567K(349568K), 0.0874397 secs] 506815K->506814K(506816K), [Metaspace: 12973K->12973K(1060864K)], 0.0875532 secs] [Times: user=0.08 sys=0.00, real=0.09 secs] 
2017-11-10T19:40:36.091+0500: 679.550: [Full GC (Allocation Failure) 2017-11-10T19:40:36.091+0500: 679.550: [Tenured: 349567K->349567K(349568K), 0.0843695 secs] 506815K->506815K(506816K), [Metaspace: 12973K->12973K(1060864K)], 0.0845191 secs] [Times: user=0.09 sys=0.00, real=0.08 secs] 
2017-11-10T19:40:36.176+0500: 679.635: [Full GC (Allocation Failure) 2017-11-10T19:40:36.176+0500: 679.635: [Tenured: 349567K->349567K(349568K), 0.0876069 secs] 506815K->506815K(506816K), [Metaspace: 12973K->12973K(1060864K)], 0.0877072 secs] [Times: user=0.06 sys=0.00, real=0.09 secs] 
2017-11-10T19:40:36.264+0500: 679.723: [Full GC (Allocation Failure) 2017-11-10T19:40:36.264+0500: 679.723: [Tenured: 349567K->349567K(349568K), 0.0858704 secs] 506815K->506815K(506816K), [Metaspace: 12973K->12973K(1060864K)], 0.0859912 secs] [Times: user=0.09 sys=0.00, real=0.09 secs] 
2017-11-10T19:40:36.350+0500: 679.809: [Full GC (Allocation Failure) 2017-11-10T19:40:36.350+0500: 679.809: [Tenured: 349567K->349567K(349568K), 0.0808265 secs] 506815K->506814K(506816K), [Metaspace: 12973K->12973K(1060864K)], 0.0809370 secs] [Times: user=0.08 sys=0.00, real=0.08 secs] 
2017-11-10T19:40:36.432+0500: 679.890: [Full GC (Allocation Failure) 2017-11-10T19:40:36.432+0500: 679.891: [Tenured: 349567K->349567K(349568K), 0.0867661 secs] 506815K->506805K(506816K), [Metaspace: 12973K->12973K(1060864K)], 0.0868511 secs] [Times: user=0.09 sys=0.00, real=0.09 secs] 
2017-11-10T19:40:36.519+0500: 679.978: [Full GC (Allocation Failure) 2017-11-10T19:40:36.519+0500: 679.978: [Tenured: 349567K->349567K(349568K), 0.0831977 secs] 506815K->506811K(506816K), [Metaspace: 12973K->12973K(1060864K)], 0.0832813 secs] [Times: user=0.08 sys=0.00, real=0.08 secs] 
2017-11-10T19:40:36.602+0500: 680.061: [Full GC (Allocation Failure) 2017-11-10T19:40:36.602+0500: 680.061: [Tenured: 349568K->349568K(349568K), 0.0829747 secs] 506815K->506813K(506816K), [Metaspace: 12973K->12973K(1060864K)], 0.0830676 secs] [Times: user=0.08 sys=0.00, real=0.08 secs] 
2017-11-10T19:40:36.686+0500: 680.145: [Full GC (Allocation Failure) 2017-11-10T19:40:36.686+0500: 680.145: [Tenured: 349568K->349566K(349568K), 0.0828789 secs] 506815K->506814K(506816K), [Metaspace: 12973K->12973K(1060864K)], 0.0829659 secs] [Times: user=0.09 sys=0.00, real=0.08 secs] 
2017-11-10T19:40:36.770+0500: 680.229: [Full GC (Allocation Failure) 2017-11-10T19:40:36.770+0500: 680.229: [Tenured: 349567K->349567K(349568K), 0.0846506 secs] 506815K->506815K(506816K), [Metaspace: 12973K->12973K(1060864K)], 0.0847518 secs] [Times: user=0.08 sys=0.00, real=0.09 secs] 
2017-11-10T19:40:36.855+0500: 680.314: [Full GC (Allocation Failure) 2017-11-10T19:40:36.855+0500: 680.314: [Tenured: 349567K->349567K(349568K), 0.0780237 secs] 506815K->506815K(506816K), [Metaspace: 12973K->12973K(1060864K)], 0.0781509 secs] [Times: user=0.08 sys=0.00, real=0.08 secs] 
2017-11-10T19:40:36.933+0500: 680.392: [Full GC (Allocation Failure) 2017-11-10T19:40:36.933+0500: 680.392: [Tenured: 349567K->349567K(349568K), 0.0797925 secs] 506815K->506815K(506816K), [Metaspace: 12973K->12973K(1060864K)], 0.0799006 secs] [Times: user=0.08 sys=0.00, real=0.08 secs] 
2017-11-10T19:40:37.013+0500: 680.472: [Full GC (Allocation Failure) 2017-11-10T19:40:37.013+0500: 680.472: [Tenured: 349567K->349567K(349568K), 0.0757807 secs] 506815K->506811K(506816K), [Metaspace: 12973K->12973K(1060864K)], 0.0758570 secs] [Times: user=0.08 sys=0.00, real=0.08 secs] 
2017-11-10T19:40:37.089+0500: 680.548: [Full GC (Allocation Failure) 2017-11-10T19:40:37.089+0500: 680.548: [Tenured: 349567K->349567K(349568K), 0.0773373 secs] 506815K->506803K(506816K), [Metaspace: 12973K->12973K(1060864K)], 0.0774141 secs] [Times: user=0.08 sys=0.00, real=0.08 secs] 
2017-11-10T19:40:37.167+0500: 680.626: [Full GC (Allocation Failure) 2017-11-10T19:40:37.167+0500: 680.626: [Tenured: 349567K->349567K(349568K), 0.0781689 secs] 506815K->506811K(506816K), [Metaspace: 12973K->12973K(1060864K)], 0.0782804 secs] [Times: user=0.08 sys=0.00, real=0.08 secs] 
2017-11-10T19:40:37.246+0500: 680.705: [Full GC (Allocation Failure) 2017-11-10T19:40:37.246+0500: 680.705: [Tenured: 349567K->349567K(349568K), 0.0785077 secs] 506815K->506813K(506816K), [Metaspace: 12973K->12973K(1060864K)], 0.0786378 secs] [Times: user=0.08 sys=0.00, real=0.08 secs] 
2017-11-10T19:40:37.325+0500: 680.784: [Full GC (Allocation Failure) 2017-11-10T19:40:37.325+0500: 680.784: [Tenured: 349567K->349566K(349568K), 0.0758746 secs] 506815K->506802K(506816K), [Metaspace: 12973K->12973K(1060864K)], 0.0759817 secs] [Times: user=0.08 sys=0.00, real=0.08 secs] 
2017-11-10T19:40:37.401+0500: 680.860: [Full GC (Allocation Failure) 2017-11-10T19:40:37.401+0500: 680.861: [Tenured: 349567K->349567K(349568K), 0.0798033 secs] 506815K->506811K(506816K), [Metaspace: 12973K->12973K(1060864K)], 0.0799065 secs] [Times: user=0.08 sys=0.00, real=0.08 secs] 
2017-11-10T19:40:37.482+0500: 680.941: [Full GC (Allocation Failure) 2017-11-10T19:40:37.482+0500: 680.941: [Tenured: 349567K->349567K(349568K), 0.0764412 secs] 506815K->506812K(506816K), [Metaspace: 12973K->12973K(1060864K)], 0.0765424 secs] [Times: user=0.08 sys=0.00, real=0.08 secs] 
2017-11-10T19:40:37.559+0500: 681.018: [Full GC (Allocation Failure) 2017-11-10T19:40:37.559+0500: 681.018: [Tenured: 349567K->349567K(349568K), 0.0786261 secs] 506815K->506804K(506816K), [Metaspace: 12973K->12973K(1060864K)], 0.0788500 secs] [Times: user=0.08 sys=0.00, real=0.08 secs] 
2017-11-10T19:40:37.638+0500: 681.097: [Full GC (Allocation Failure) 2017-11-10T19:40:37.638+0500: 681.097: [Tenured: 349567K->349566K(349568K), 0.0789961 secs] 506815K->506809K(506816K), [Metaspace: 12973K->12973K(1060864K)], 0.0790739 secs] [Times: user=0.06 sys=0.00, real=0.08 secs] 
2017-11-10T19:40:37.717+0500: 681.176: [Full GC (Allocation Failure) 2017-11-10T19:40:37.717+0500: 681.176: [Tenured: 349567K->349567K(349568K), 0.0777172 secs] 506815K->506813K(506816K), [Metaspace: 12973K->12973K(1060864K)], 0.0778272 secs] [Times: user=0.08 sys=0.00, real=0.08 secs] 
2017-11-10T19:40:37.795+0500: 681.255: [Full GC (Allocation Failure) 2017-11-10T19:40:37.795+0500: 681.255: [Tenured: 349567K->349567K(349568K), 0.0763835 secs] 506815K->506804K(506816K), [Metaspace: 12973K->12973K(1060864K)], 0.0764583 secs] [Times: user=0.08 sys=0.00, real=0.08 secs] 
2017-11-10T19:40:37.872+0500: 681.331: [Full GC (Allocation Failure) 2017-11-10T19:40:37.872+0500: 681.332: [Tenured: 349567K->349567K(349568K), 0.0798072 secs] 506815K->506810K(506816K), [Metaspace: 12973K->12973K(1060864K)], 0.0799187 secs] [Times: user=0.08 sys=0.00, real=0.08 secs] 
2017-11-10T19:40:37.953+0500: 681.412: [Full GC (Allocation Failure) 2017-11-10T19:40:37.953+0500: 681.412: [Tenured: 349568K->349566K(349568K), 0.0801876 secs] 506815K->506812K(506816K), [Metaspace: 12974K->12974K(1060864K)], 0.0803078 secs] [Times: user=0.08 sys=0.00, real=0.08 secs] 
2017-11-10T19:40:38.033+0500: 681.492: [Full GC (Allocation Failure) 2017-11-10T19:40:38.033+0500: 681.492: [Tenured: 349567K->349567K(349568K), 0.0785297 secs] 506815K->506803K(506816K), [Metaspace: 12974K->12974K(1060864K)], 0.0786070 secs] [Times: user=0.09 sys=0.00, real=0.08 secs] 
2017-11-10T19:40:38.112+0500: 681.572: [Full GC (Allocation Failure) 2017-11-10T19:40:38.112+0500: 681.572: [Tenured: 349567K->349567K(349568K), 0.0783210 secs] 506815K->506810K(506816K), [Metaspace: 12974K->12974K(1060864K)], 0.0783987 secs] [Times: user=0.08 sys=0.00, real=0.08 secs] 
2017-11-10T19:40:38.191+0500: 681.650: [Full GC (Allocation Failure) 2017-11-10T19:40:38.191+0500: 681.650: [Tenured: 349567K->349567K(349568K), 0.0897185 secs] 506815K->506812K(506816K), [Metaspace: 12974K->12974K(1060864K)], 0.0897996 secs] [Times: user=0.08 sys=0.00, real=0.09 secs] 
2017-11-10T19:40:38.282+0500: 681.741: [Full GC (Allocation Failure) 2017-11-10T19:40:38.282+0500: 681.741: [Tenured: 349567K->349566K(349568K), 0.0816029 secs] 506815K->506803K(506816K), [Metaspace: 12974K->12974K(1060864K)], 0.0817061 secs] [Times: user=0.09 sys=0.00, real=0.08 secs] 
2017-11-10T19:40:38.364+0500: 681.823: [Full GC (Allocation Failure) 2017-11-10T19:40:38.364+0500: 681.823: [Tenured: 349568K->349568K(349568K), 0.0784623 secs] 506815K->506810K(506816K), [Metaspace: 12974K->12974K(1060864K)], 0.0785493 secs] [Times: user=0.08 sys=0.00, real=0.08 secs] 
2017-11-10T19:40:38.443+0500: 681.902: [Full GC (Allocation Failure) 2017-11-10T19:40:38.443+0500: 681.902: [Tenured: 349568K->349568K(349568K), 0.0763288 secs] 506815K->506813K(506816K), [Metaspace: 12974K->12974K(1060864K)], 0.0764510 secs] [Times: user=0.08 sys=0.00, real=0.08 secs] 
2017-11-10T19:40:38.520+0500: 681.979: [Full GC (Allocation Failure) 2017-11-10T19:40:38.520+0500: 681.979: [Tenured: 349568K->349568K(349568K), 0.0806549 secs] 506815K->506804K(506816K), [Metaspace: 12974K->12974K(1060864K)], 0.0807615 secs] [Times: user=0.08 sys=0.00, real=0.08 secs] 
2017-11-10T19:40:38.601+0500: 682.060: [Full GC (Allocation Failure) 2017-11-10T19:40:38.601+0500: 682.060: [Tenured: 349568K->349566K(349568K), 0.0793569 secs] 506815K->506810K(506816K), [Metaspace: 12974K->12974K(1060864K)], 0.0794513 secs] [Times: user=0.08 sys=0.00, real=0.08 secs] 
2017-11-10T19:40:38.681+0500: 682.140: [Full GC (Allocation Failure) 2017-11-10T19:40:38.681+0500: 682.140: [Tenured: 349567K->349567K(349568K), 0.0791682 secs] 506815K->506813K(506816K), [Metaspace: 12974K->12974K(1060864K)], 0.0792758 secs] [Times: user=0.08 sys=0.00, real=0.08 secs] 
2017-11-10T19:40:38.761+0500: 682.220: [Full GC (Allocation Failure) 2017-11-10T19:40:38.761+0500: 682.220: [Tenured: 349567K->349567K(349568K), 0.0774532 secs] 506815K->506804K(506816K), [Metaspace: 12974K->12974K(1060864K)], 0.0775290 secs] [Times: user=0.08 sys=0.00, real=0.08 secs] 
2017-11-10T19:40:38.839+0500: 682.298: [Full GC (Allocation Failure) 2017-11-10T19:40:38.839+0500: 682.298: [Tenured: 349567K->349567K(349568K), 0.0808256 secs] 506815K->506810K(506816K), [Metaspace: 12974K->12974K(1060864K)], 0.0809581 secs] [Times: user=0.08 sys=0.00, real=0.08 secs] 
2017-11-10T19:40:38.920+0500: 682.379: [Full GC (Allocation Failure) 2017-11-10T19:40:38.920+0500: 682.379: [Tenured: 349567K->349566K(349568K), 0.0774586 secs] 506815K->506811K(506816K), [Metaspace: 12974K->12974K(1060864K)], 0.0775676 secs] [Times: user=0.08 sys=0.00, real=0.08 secs] 
2017-11-10T19:40:38.998+0500: 682.457: [Full GC (Allocation Failure) 2017-11-10T19:40:38.998+0500: 682.457: [Tenured: 349568K->349568K(349568K), 0.0795325 secs] 506815K->506802K(506816K), [Metaspace: 12974K->12974K(1060864K)], 0.0796219 secs] [Times: user=0.06 sys=0.00, real=0.08 secs] 
2017-11-10T19:40:39.078+0500: 682.537: [Full GC (Allocation Failure) 2017-11-10T19:40:39.078+0500: 682.537: [Tenured: 349568K->349568K(349568K), 0.0807165 secs] 506815K->506810K(506816K), [Metaspace: 12974K->12974K(1060864K)], 0.0808177 secs] [Times: user=0.09 sys=0.00, real=0.08 secs] 
2017-11-10T19:40:39.159+0500: 682.618: [Full GC (Allocation Failure) 2017-11-10T19:40:39.159+0500: 682.618: [Tenured: 349568K->349568K(349568K), 0.0761787 secs] 506815K->506812K(506816K), [Metaspace: 12974K->12974K(1060864K)], 0.0762857 secs] [Times: user=0.06 sys=0.00, real=0.08 secs] 
2017-11-10T19:40:39.236+0500: 682.695: [Full GC (Allocation Failure) 2017-11-10T19:40:39.236+0500: 682.695: [Tenured: 349568K->349566K(349568K), 0.0770069 secs] 506815K->506802K(506816K), [Metaspace: 12974K->12974K(1060864K)], 0.0770807 secs] [Times: user=0.08 sys=0.00, real=0.08 secs] 
2017-11-10T19:40:39.313+0500: 682.773: [Full GC (Allocation Failure) 2017-11-10T19:40:39.313+0500: 682.773: [Tenured: 349567K->349567K(349568K), 0.0757793 secs] 506815K->506810K(506816K), [Metaspace: 12975K->12975K(1060864K)], 0.0758721 secs] [Times: user=0.08 sys=0.00, real=0.08 secs] 
2017-11-10T19:40:39.390+0500: 682.849: [Full GC (Allocation Failure) 2017-11-10T19:40:39.390+0500: 682.849: [Tenured: 349567K->349567K(349568K), 0.0794850 secs] 506815K->506813K(506816K), [Metaspace: 12975K->12975K(1060864K)], 0.0796053 secs] [Times: user=0.06 sys=0.00, real=0.08 secs] 
2017-11-10T19:40:39.470+0500: 682.929: [Full GC (Allocation Failure) 2017-11-10T19:40:39.470+0500: 682.929: [Tenured: 349567K->349567K(349568K), 0.0837472 secs] 506815K->506803K(506816K), [Metaspace: 12975K->12975K(1060864K)], 0.0838303 secs] [Times: user=0.09 sys=0.00, real=0.08 secs] 
2017-11-10T19:40:39.554+0500: 683.013: [Full GC (Allocation Failure) 2017-11-10T19:40:39.554+0500: 683.013: [Tenured: 349567K->349566K(349568K), 0.0791526 secs] 506815K->506809K(506816K), [Metaspace: 12977K->12977K(1060864K)], 0.0793946 secs] [Times: user=0.08 sys=0.00, real=0.08 secs] 
2017-11-10T19:40:39.634+0500: 683.093: [Full GC (Allocation Failure) 2017-11-10T19:40:39.634+0500: 683.093: [Tenured: 349567K->349567K(349568K), 0.0783537 secs] 506815K->506813K(506816K), [Metaspace: 12978K->12978K(1060864K)], 0.0784725 secs] [Times: user=0.08 sys=0.00, real=0.08 secs] 
2017-11-10T19:40:39.713+0500: 683.172: [Full GC (Allocation Failure) 2017-11-10T19:40:39.713+0500: 683.172: [Tenured: 349567K->349567K(349568K), 0.0766441 secs] 506815K->506803K(506816K), [Metaspace: 12978K->12978K(1060864K)], 0.0767785 secs] [Times: user=0.06 sys=0.00, real=0.08 secs] 
2017-11-10T19:40:39.790+0500: 683.249: [Full GC (Allocation Failure) 2017-11-10T19:40:39.790+0500: 683.249: [Tenured: 349567K->349567K(349568K), 0.0783943 secs] 506815K->506811K(506816K), [Metaspace: 12978K->12978K(1060864K)], 0.0784838 secs] [Times: user=0.08 sys=0.00, real=0.08 secs] 
2017-11-10T19:40:39.869+0500: 683.328: [Full GC (Allocation Failure) 2017-11-10T19:40:39.869+0500: 683.328: [Tenured: 349567K->349567K(349568K), 0.2320096 secs] 506815K->506777K(506816K), [Metaspace: 12978K->12978K(1060864K)], 0.2321274 secs] [Times: user=0.24 sys=0.00, real=0.23 secs] 
2017-11-10T19:40:40.103+0500: 683.562: [Full GC (Allocation Failure) 2017-11-10T19:40:40.103+0500: 683.562: [Tenured: 349568K->349568K(349568K), 0.0823103 secs] 506815K->506778K(506816K), [Metaspace: 12985K->12985K(1060864K)], 0.0824164 secs] [Times: user=0.08 sys=0.00, real=0.08 secs] 
Heap
 def new generation   total 157248K, used 157239K [0x00000000e0000000, 0x00000000eaaa0000, 0x00000000eaaa0000)
  eden space 139776K,  99% used [0x00000000e0000000, 0x00000000e887fff8, 0x00000000e8880000)
  from space 17472K,  99% used [0x00000000e9990000, 0x00000000eaa9e180, 0x00000000eaaa0000)
  to   space 17472K,   0% used [0x00000000e8880000, 0x00000000e8880000, 0x00000000e9990000)
 tenured generation   total 349568K, used 349568K [0x00000000eaaa0000, 0x0000000100000000, 0x0000000100000000)
   the space 349568K, 100% used [0x00000000eaaa0000, 0x0000000100000000, 0x0000000100000000, 0x0000000100000000)
 Metaspace       used 12986K, capacity 13224K, committed 13568K, reserved 1060864K
  class space    used 1611K, capacity 1668K, committed 1792K, reserved 1048576K
